Version identifier: 22.2.0.0 | 2026-05-04 | 5dff98e58
CPXPARAM_Read_DataCheck                          1
CPXPARAM_Threads                                 4
CPXPARAM_Parallel                                1
CPXPARAM_RandomSeed                              20260925
CPXPARAM_Simplex_Tolerances_Optimality           1.0000000000000001e-09
CPXPARAM_Simplex_Tolerances_Feasibility          1.0000000000000001e-09
CPXPARAM_TimeLimit                               600
CPXPARAM_MIP_Tolerances_AbsMIPGap                1.0000000000000001e-09
CPXPARAM_MIP_Tolerances_Integrality              1.0000000000000001e-09
Legacy callback                                  i
1 of 1 MIP starts provided solutions.
MIP start 'm1' defined initial solution with objective 0.1507.
Tried aggregator 1 time.
MIP Presolve eliminated 38 rows and 2 columns.
MIP Presolve modified 504 coefficients.
Reduced MIP has 660 rows, 708 columns, and 5682 nonzeros.
Reduced MIP has 174 binaries, 0 generals, 0 SOSs, and 0 indicators.
Presolve time = 0.00 sec. (2.27 ticks)
Probing time = 0.00 sec. (0.17 ticks)
Tried aggregator 1 time.
Detecting symmetries...
Reduced MIP has 660 rows, 708 columns, and 5682 nonzeros.
Reduced MIP has 174 binaries, 0 generals, 0 SOSs, and 0 indicators.
Presolve time = 0.00 sec. (2.24 ticks)
Probing time = 0.00 sec. (0.17 ticks)
MIP emphasis: balance optimality and feasibility.
MIP search method: dynamic search.
Parallel mode: deterministic, using up to 4 threads.
Root relaxation solution time = 0.02 sec. (9.79 ticks)

        Nodes                                         Cuts/
   Node  Left     Objective  IInf  Best Integer    Best Bound    ItCnt     Gap

*     0+    0                            0.1507        0.0000           100.00%
      0     0        0.1303    29        0.1507        0.1303      443   13.57%
      0     0        0.1304    34        0.1507      Cuts: 35      636   13.51%
      0     0        0.1305    41        0.1507      Cuts: 33      734   13.44%
      0     0        0.1305    45        0.1507   MIRcuts: 31      874   13.40%
      0     0        0.1306    48        0.1507   MIRcuts: 31     1049   13.37%
      0     0        0.1306    52        0.1507      Cuts: 23     1191   13.36%
Detecting symmetries...
      0     0        0.1306    59        0.1507   MIRcuts: 21     1348   13.34%
*     0+    0                            0.1498        0.1306            12.79%
Detecting symmetries...
      0     2        0.1306    59        0.1498        0.1315     1348   12.21%
Elapsed time = 0.25 sec. (231.40 ticks, tree = 0.02 MB, solutions = 2)
    114    72        0.1381    27        0.1498        0.1315    12315   12.21%
    449   329        0.1327    36        0.1498        0.1315    32343   12.21%
    838   656        0.1399    26        0.1498        0.1323    54404   11.65%
   1185   884        0.1350    32        0.1498        0.1324    78206   11.56%
   1527  1197        0.1360    21        0.1498        0.1326   101531   11.48%
   1993  1583        0.1471    24        0.1498        0.1327   135106   11.37%
   2369  1835        0.1362    29        0.1498        0.1329   156538   11.24%

Performing restart 1

Repeating presolve.
Tried aggregator 1 time.
MIP Presolve modified 168 coefficients.
Reduced MIP has 660 rows, 708 columns, and 5634 nonzeros.
Reduced MIP has 174 binaries, 0 generals, 0 SOSs, and 0 indicators.
Presolve time = 0.02 sec. (2.54 ticks)
Tried aggregator 1 time.
Reduced MIP has 660 rows, 708 columns, and 5634 nonzeros.
Reduced MIP has 174 binaries, 0 generals, 0 SOSs, and 0 indicators.
Presolve time = 0.00 sec. (2.25 ticks)
Represolve time = 0.02 sec. (7.95 ticks)
   2480     0        0.1307    57        0.1498      Cuts: 20   171066   11.19%
   2480     0        0.1310    57        0.1498      Cuts: 21   171158   11.19%
   2480     0        0.1313    61        0.1498      Cuts: 24   171261   11.19%
   2480     0        0.1316    59        0.1498      Cuts: 20   171370   11.19%
   2480     0        0.1318    61        0.1498      Cuts: 19   171447   11.19%
   2480     0        0.1320    58        0.1498      Cuts: 18   171554   11.19%
   2480     0        0.1321    64        0.1498      Cuts: 18   171658   11.19%
   2480     0        0.1324    63        0.1498      Cuts: 19   171758   11.19%
   2480     0        0.1326    59        0.1498       Cuts: 9   171841   11.19%
   2480     0        0.1329    65        0.1498      Cuts: 18   171959   11.19%
   2480     0        0.1332    62        0.1498   MIRcuts: 16   172062   11.04%
   2480     0        0.1334    65        0.1498   MIRcuts: 13   172175   10.94%
   2480     0        0.1335    65        0.1498      Cuts: 13   172260   10.84%
   2480     0        0.1338    66        0.1498      Cuts: 11   172297   10.68%
   2480     0        0.1338    71        0.1498      Cuts: 10   172352   10.63%
   2480     0        0.1339    68        0.1498    MIRcuts: 4   172404   10.58%
   2480     0        0.1340    69        0.1498      Cuts: 11   172457   10.54%
   2480     0        0.1341    70        0.1498    MIRcuts: 7   172549   10.48%
   2480     0        0.1342    71        0.1498       Cuts: 8   172621   10.39%
   2480     0        0.1344    63        0.1498      Cuts: 14   172738   10.23%
   2480     0        0.1344    63        0.1498    MIRcuts: 1   172742   10.23%
   2480     2        0.1344    63        0.1498        0.1344   172742   10.23%
   2496    12        0.1350    57        0.1498        0.1349   173926    9.91%
   3328   637        0.1373    44        0.1498        0.1358   220212    9.31%
Elapsed time = 7.78 sec. (9060.22 ticks, tree = 2.07 MB, solutions = 2)
   4146  1268        0.1390    44        0.1498        0.1363   267477    8.97%
   4907  1859        0.1482    35        0.1498        0.1367   315470    8.70%
   5632  2378        0.1429    38        0.1498        0.1371   364032    8.44%
   6396  2888        0.1439    49        0.1498        0.1376   420347    8.11%
   7234  3467        0.1436    57        0.1498        0.1380   474753    7.82%
   8024  4082        0.1473    37        0.1498        0.1383   529370    7.62%
   8946  4684        0.1434    58        0.1498        0.1386   584492    7.46%
   9652  5226        0.1476    44        0.1498        0.1389   644698    7.23%
  10473  5766        0.1424    49        0.1498        0.1391   704959    7.11%
  11265  6220        cutoff              0.1498        0.1394   757087    6.93%
Elapsed time = 15.73 sec. (18607.50 ticks, tree = 26.59 MB, solutions = 2)
  12051  6655        0.1444    20        0.1498        0.1397   817682    6.72%
  12969  7350        cutoff              0.1498        0.1400   885057    6.54%
  13675  7699        0.1426    35        0.1498        0.1401   937109    6.42%
  14477  8157        0.1450    49        0.1498        0.1403   993029    6.32%
  15250  8728        0.1466    48        0.1498        0.1405  1055499    6.21%
  16086  9183        0.1468    35        0.1498        0.1406  1103706    6.11%
  16921  9826        0.1459    64        0.1498        0.1407  1168580    6.05%
  17578 10178        0.1443    47        0.1498        0.1408  1218378    5.97%
  18100 10476        0.1491    45        0.1498        0.1409  1265601    5.91%
  18556 10661        0.1485    53        0.1498        0.1410  1323265    5.84%
Elapsed time = 23.52 sec. (28163.51 ticks, tree = 44.72 MB, solutions = 2)
  19088 10953        0.1461    50        0.1498        0.1412  1382747    5.75%
  19568 11168        0.1446    57        0.1498        0.1413  1440865    5.68%
  20106 11362        0.1458    55        0.1498        0.1413  1474771    5.62%
  20638 11549        0.1450    68        0.1498        0.1414  1527222    5.56%
  21176 11760        0.1446    62        0.1498        0.1416  1583245    5.48%
  21674 11918        0.1490    58        0.1498        0.1417  1630713    5.41%
  22245 12160        0.1487    30        0.1498        0.1418  1698503    5.34%
  22747 12382        0.1469    51        0.1498        0.1419  1752202    5.27%
  23308 12551        0.1467    53        0.1498        0.1419  1798310    5.22%
  23821 12778        cutoff              0.1498        0.1421  1860466    5.14%
Elapsed time = 31.17 sec. (37731.06 ticks, tree = 52.72 MB, solutions = 2)
  24297 12997        0.1462    69        0.1498        0.1422  1935956    5.08%
  24842 13041        cutoff              0.1498        0.1423  1965189    5.01%
  25352 13115        0.1477    58        0.1498        0.1423  2030454    4.97%
  25845 13257        cutoff              0.1498        0.1424  2103864    4.92%
  26275 13285        0.1463    56        0.1498        0.1424  2132645    4.91%
  26522 13405        0.1454    55        0.1498        0.1425  2185879    4.84%
  26831 13566        0.1481    34        0.1498        0.1425  2212607    4.84%
  27092 13658        0.1473    30        0.1498        0.1425  2238685    4.84%
  27394 13763        cutoff              0.1498        0.1425  2274792    4.84%
  27683 13879        cutoff              0.1498        0.1425  2302733    4.84%
Elapsed time = 39.55 sec. (47310.16 ticks, tree = 56.42 MB, solutions = 2)
  28011 13937        0.1472    63        0.1498        0.1425  2329286    4.84%
  28338 14074        0.1497    39        0.1498        0.1425  2374379    4.84%
  28760 14163        0.1468    56        0.1498        0.1425  2412877    4.84%
  29139 14268        cutoff              0.1498        0.1425  2471020    4.84%
  29592 14307        0.1488    53        0.1498        0.1429  2507486    4.56%
  30062 14417        cutoff              0.1498        0.1430  2546633    4.53%
  30508 14404        0.1448    38        0.1498        0.1431  2585237    4.47%
  31060 14545        0.1474    43        0.1498        0.1432  2655993    4.41%
  31566 14658        cutoff              0.1498        0.1432  2714132    4.35%
  32078 14778        0.1478    40        0.1498        0.1433  2765661    4.32%
Elapsed time = 47.53 sec. (56874.84 ticks, tree = 58.67 MB, solutions = 2)
  32641 14822        0.1471    45        0.1498        0.1434  2815718    4.27%
  33143 14924        0.1497    33        0.1498        0.1434  2886617    4.23%
  33661 14969        0.1481    49        0.1498        0.1435  2942539    4.17%
  34239 15083        0.1478    42        0.1498        0.1436  2997746    4.13%
  34783 15181        0.1494    35        0.1498        0.1436  3049584    4.09%
  35370 15234        0.1483    50        0.1498        0.1437  3112406    4.04%
  35897 15362        0.1489    72        0.1498        0.1438  3179656    3.99%
  36408 15435        cutoff              0.1498        0.1439  3237896    3.91%
  36998 15523        0.1476    36        0.1498        0.1440  3309366    3.84%
  37609 15542        0.1456    52        0.1498        0.1441  3339775    3.79%
Elapsed time = 55.33 sec. (66427.77 ticks, tree = 61.03 MB, solutions = 2)
  38230 15653        0.1482    58        0.1498        0.1442  3412965    3.74%
  38873 15785        0.1495    47        0.1498        0.1442  3452649    3.69%
  39503 15772        0.1457    46        0.1498        0.1443  3506181    3.64%
  40109 15892        0.1483    63        0.1498        0.1444  3574351    3.58%
  40675 15999        cutoff              0.1498        0.1445  3634080    3.54%
  41280 16043        0.1478    58        0.1498        0.1446  3685861    3.48%
  41847 16093        0.1462    39        0.1498        0.1446  3759944    3.42%
  42427 16181        0.1469    35        0.1498        0.1447  3812582    3.38%
  43024 16240        cutoff              0.1498        0.1448  3865796    3.34%
  43613 16316        0.1487    29        0.1498        0.1449  3918253    3.27%
Elapsed time = 62.97 sec. (75982.76 ticks, tree = 64.17 MB, solutions = 2)
  44240 16347        0.1484    48        0.1498        0.1449  3942873    3.23%
  44911 16318        0.1496    53        0.1498        0.1450  4019619    3.19%
  45502 16281        cutoff              0.1498        0.1451  4097534    3.14%
  46194 16349        0.1495    46        0.1498        0.1452  4141716    3.08%
  46775 16395        cutoff              0.1498        0.1452  4204587    3.03%
  47484 16331        cutoff              0.1498        0.1453  4243520    2.97%
  48133 16239        0.1475    49        0.1498        0.1454  4317393    2.93%
  48752 16243        cutoff              0.1498        0.1454  4348381    2.89%
  49452 16086        0.1473    39        0.1498        0.1455  4423461    2.83%
  50116 16047        0.1497    66        0.1498        0.1456  4476478    2.77%
Elapsed time = 70.72 sec. (85533.26 ticks, tree = 61.38 MB, solutions = 2)
  50721 15807        cutoff              0.1498        0.1457  4547928    2.72%
  51392 15719        0.1476    48        0.1498        0.1458  4570265    2.66%
  52071 15563        0.1487    30        0.1498        0.1459  4636470    2.60%
  52729 15297        cutoff              0.1498        0.1460  4724905    2.53%
  53410 15153        0.1491    51        0.1498        0.1461  4753638    2.47%
  54066 15006        cutoff              0.1498        0.1461  4795400    2.42%
  54757 14718        0.1485    46        0.1498        0.1462  4857666    2.36%
  55500 14391        cutoff              0.1498        0.1463  4934572    2.31%
  56257 14138        cutoff              0.1498        0.1464  4969764    2.25%
  59449 12739        0.1489    40        0.1498        0.1469  5192799    1.93%
Elapsed time = 81.09 sec. (97941.63 ticks, tree = 48.33 MB, solutions = 2)
  63136 10492        cutoff              0.1498        0.1475  5425833    1.53%
  68024  6548        cutoff              0.1498        0.1483  5647520    0.97%

Cover cuts applied:  8
Flow cuts applied:  5
Mixed integer rounding cuts applied:  194
Lift and project cuts applied:  3

Root node processing (before b&c):
  Real time             =    0.25 sec. (231.01 ticks)
Parallel b&c, 4 threads:
  Real time             =   89.41 sec. (107927.11 ticks)
  Sync time (average)   =    3.21 sec.
  Wait time (average)   =    0.00 sec.
                          ------------
Total (root+branch&cut) =   89.66 sec. (108158.12 ticks)
