Version identifier: 22.2.0.0 | 2026-05-04 | 5dff98e58
CPXPARAM_Read_DataCheck                          1
CPXPARAM_Threads                                 4
CPXPARAM_Parallel                                1
CPXPARAM_RandomSeed                              20260925
CPXPARAM_MIP_Strategy_Search                     1
CPXPARAM_Simplex_Tolerances_Optimality           1.0000000000000001e-09
CPXPARAM_Simplex_Tolerances_Feasibility          1.0000000000000001e-09
CPXPARAM_TimeLimit                               600
CPXPARAM_MIP_Tolerances_AbsMIPGap                1.0000000000000001e-09
CPXPARAM_MIP_Tolerances_Integrality              1.0000000000000001e-09
Legacy callback                                  iLUD
Lazy constraint(s) or lazy constraint/branch callback is present.
    Disabling dual reductions (CPX_PARAM_REDUCE) in presolve.
    Disabling presolve reductions that prevent crushing forms (CPX_PARAM_PREREFORM).
         Disabling repeat represolve because of lazy constraint/incumbent callback.
Warning: Effort level 'CheckFeas' is incompatible with lazy constraint/incumbent callback.
         Effort level increased to 'SolveFixed'.
1 of 1 MIP starts provided solutions.
MIP start 'm1' defined initial solution with objective 0.0558.
Tried aggregator 1 time.
MIP Presolve eliminated 3094 rows and 0 columns.
Reduced MIP has 1453 rows, 2408 columns, and 13912 nonzeros.
Reduced MIP has 1188 binaries, 0 generals, 0 SOSs, and 0 indicators.
Presolve time = 0.02 sec. (11.33 ticks)
Probing time = 0.00 sec. (0.25 ticks)
MIP emphasis: balance optimality and feasibility.
MIP search method: traditional branch-and-cut.
Parallel mode: deterministic, using up to 4 threads.
Root relaxation solution time = 0.02 sec. (29.29 ticks)

        Nodes                                         Cuts/
   Node  Left     Objective  IInf  Best Integer    Best Bound    ItCnt     Gap         Variable B NodeID Parent  Depth

*     0+    0                            0.0558        0.0000           100.00%
      0     0        0.0522    10        0.0558        0.0522      864    6.47%
      0     0        0.0522    10        0.0558 UserPurge1: 1      868    6.47%
      0     0        0.0522    10        0.0558 UserPurge1: 1      874    6.47%
      0     0        0.0522    10        0.0558 UserPurge1: 1      875    6.47%
      0     0        0.0522    10        0.0558 UserPurge1: 1      876    6.47%
      0     0        0.0522    10        0.0558 UserPurge1: 1      878    6.47%
      0     0        0.0522    10        0.0558 UserPurge1: 1      882    6.47%
      0     0        0.0522    10        0.0558 UserPurge1: 1      883    6.47%
      0     0        0.0522    10        0.0558 UserPurge1: 1      885    6.47%
      0     0        0.0522    10        0.0558 UserPurge1: 1      887    6.47%
*     0+    0                            0.0553        0.0522             5.60%
      0     0  -1.00000e+75     0        0.0553        0.0522      887    5.60%
      0     2        0.0522    10        0.0553        0.0522      887    5.60%                        0             0
Elapsed time = 0.58 sec. (201.74 ticks, tree = 0.02 MB, solutions = 2)
*     7+    1                            0.0553        0.0522             5.59%
*    17+    3                            0.0553        0.0522             5.59%
*   131+   74                            0.0553        0.0522             5.59%
    198   117        0.0549    22        0.0553        0.0522     5213    5.58%            x810 D    222    218     24
*   548+  327                            0.0553        0.0522             5.51%
*   569+  306                            0.0553        0.0522             5.51%
    638   399        0.0548    20        0.0553        0.0522    10761    5.50%            x738 D    615    611     22
*  1075+  682                            0.0553        0.0523             5.34%
   1080   684        0.0553     9        0.0553        0.0523    17434    5.34%            x756 D   1040   1036     29
*  1253+  752                            0.0553        0.0523             5.27%
   1521   883        0.0547    20        0.0553        0.0528    26222    4.49%            x144 U   1543   1535      7
*  1677+  989                            0.0553        0.0532             3.70%
*  1719+  994                            0.0553        0.0532             3.70%
   2061  1194        0.0550    20        0.0553        0.0532    31725    3.64%            x995 D   2078   2074     40
   2778  1609        0.0548    21        0.0553        0.0533    37452    3.53%            x744 D   2682   2678     16
   3402  2136        cutoff              0.0553        0.0539    47321    2.55%            x989 U   3481   3477     20
   4153  2565        0.0552    20        0.0553        0.0541    55947    2.08%           x1128 U   4305   1556     12
   5066  2932        0.0549    14        0.0553        0.0542    61718    1.84%            x994 D   5161   5157     29
   7153  3566        cutoff              0.0553        0.0548   107648    0.85%            x732 U   7229   2817     18
Elapsed time = 19.00 sec. (3307.65 ticks, tree = 13.72 MB, solutions = 11)
   9691  3171        0.0549    13        0.0553        0.0549   147249    0.74%            x869 D   9650   9646     28
  12448  3599        cutoff              0.0553        0.0549   193236    0.71%            x887 U  12394   9900     29
  15719  4299        cutoff              0.0553        0.0549   234782    0.64%            x863 U  15734  10244     26
  18681  2024        cutoff              0.0553        0.0550   274882    0.41%           x1007 U  18568  13138     26

Cover cuts applied:  12
User cuts applied:  11

Root node processing (before b&c):
  Real time             =    0.58 sec. (201.03 ticks)
Parallel b&c, 4 threads:
  Real time             =   30.44 sec. (7471.05 ticks)
  Sync time (average)   =    2.03 sec.
  Wait time (average)   =    0.00 sec.
                          ------------
Total (root+branch&cut) =   31.02 sec. (7672.08 ticks)
