Version identifier: 22.2.0.0 | 2026-05-04 | 5dff98e58
CPXPARAM_Read_DataCheck                          1
CPXPARAM_Threads                                 4
CPXPARAM_Parallel                                1
CPXPARAM_RandomSeed                              20260925
CPXPARAM_MIP_Strategy_Search                     1
CPXPARAM_Simplex_Tolerances_Optimality           1.0000000000000001e-09
CPXPARAM_Simplex_Tolerances_Feasibility          1.0000000000000001e-09
CPXPARAM_TimeLimit                               3600
CPXPARAM_MIP_Tolerances_AbsMIPGap                1.0000000000000001e-09
CPXPARAM_MIP_Tolerances_Integrality              1.0000000000000001e-09
Legacy callback                                  iLUD
Lazy constraint(s) or lazy constraint/branch callback is present.
    Disabling dual reductions (CPX_PARAM_REDUCE) in presolve.
    Disabling presolve reductions that prevent crushing forms (CPX_PARAM_PREREFORM).
         Disabling repeat represolve because of lazy constraint/incumbent callback.
Warning: Effort level 'CheckFeas' is incompatible with lazy constraint/incumbent callback.
         Effort level increased to 'SolveFixed'.
1 of 1 MIP starts provided solutions.
MIP start 'm1' defined initial solution with objective -0.1331.
Tried aggregator 1 time.
MIP Presolve eliminated 1353 rows and 0 columns.
Reduced MIP has 1616 rows, 2360 columns, and 18098 nonzeros.
Reduced MIP has 1164 binaries, 0 generals, 0 SOSs, and 0 indicators.
Presolve time = 0.00 sec. (12.26 ticks)
Probing time = 0.02 sec. (0.29 ticks)
MIP emphasis: balance optimality and feasibility.
MIP search method: traditional branch-and-cut.
Parallel mode: deterministic, using up to 4 threads.
Root relaxation solution time = 0.02 sec. (32.87 ticks)

        Nodes                                         Cuts/
   Node  Left     Objective  IInf  Best Integer    Best Bound    ItCnt     Gap         Variable B NodeID Parent  Depth

*     0+    0                           -0.1331       -0.8538           541.68%
      0     0       -0.2002    30       -0.1331       -0.2002     1152   50.50%
*     0+    0                           -0.1876       -0.2002             6.74%
*     0+    0                           -0.1920       -0.2002             4.29%
*     0+    0                           -0.1945       -0.2002             2.96%
*     0+    0                           -0.1959       -0.2002             2.21%
*     0+    0                           -0.1967       -0.2002             1.79%
      0     0  -1.00000e+75     0       -0.1967       -0.2002     1152    1.79%
      0     2       -0.2002    22       -0.1967       -0.2002     1152    1.79%                        0             0
Elapsed time = 0.78 sec. (529.59 ticks, tree = 0.02 MB, solutions = 6)
      5     7       -0.2002    13       -0.1967       -0.2002     2659    1.79%            x396 D      5      1      4
     28    16       -0.2002    20       -0.1967       -0.2002     8002    1.79%            x818 D     23     19      6
     83    72       -0.1968     7       -0.1967       -0.2002    23401    1.79%            x927 D    176    172     33
*   156+   95                           -0.1980       -0.2002             1.11%
    197   152       -0.1981     3       -0.1980       -0.2002    31038    1.11%            x477 U    396    388     45
    276   192       -0.2002    12       -0.1980       -0.2002    37140    1.11%           x1034 U    169      5      5
    392   259       -0.1985     7       -0.1980       -0.2002    43880    1.11%            x844 D    636    632     25
    496   339       -0.2001    19       -0.1980       -0.2002    53271    1.11%           x1036 D    478    422     11
    616   429       -0.2002    19       -0.1980       -0.2002    65728    1.11%             x34 D    559    551     14
    748   532       -0.1998    16       -0.1980       -0.2002    75234    1.11%           x1028 U    714    710     13
   1502  1054       -0.1996    18       -0.1980       -0.2002   115700    1.11%            x394 U   1199   1195     18
Elapsed time = 27.80 sec. (3681.64 ticks, tree = 1.03 MB, solutions = 7)
   2143  1592       -0.1997    11       -0.1980       -0.2002   159740    1.11%            x824 U   1783   1918     13
   2767  1996       -0.1991    25       -0.1980       -0.2002   204747    1.11%            x846 D   2403   2399     18
   3524  2528       -0.1991    21       -0.1980       -0.2002   257529    1.11%            x394 U   3187   3012     17
   4329  3053       -0.1986    20       -0.1980       -0.2002   294412    1.11%           x1031 D   4545   4368     11
   5096  3560       -0.1990    10       -0.1980       -0.2002   328282    1.11%            x843 U   5173   5169     26
   5912  4168       -0.1990    15       -0.1980       -0.2002   363915    1.11%           x1038 U   6076   6072     18
   6827  4804       -0.1995    13       -0.1980       -0.2002   397792    1.11%            x846 U   6607   6555     17
   7831  5450       -0.1993    23       -0.1980       -0.2002   431211    1.11%            x610 D   7623   7619     20
   8851  6336       -0.1999    16       -0.1980       -0.2002   470808    1.11%            x846 U   9368   9364     19
   9824  6910       -0.1996    21       -0.1980       -0.2002   498648    1.11%           x1027 U  10412  10408     20
Elapsed time = 234.33 sec. (13245.17 ticks, tree = 46.61 MB, solutions = 7)
  10683  7631       -0.1987    16       -0.1980       -0.2002   538423    1.11%            x844 D  10475  10471     26
  11651  8348       -0.1984    18       -0.1980       -0.2002   573103    1.11%           x1035 U  11701  11693     23
  12643  8901       -0.1993    17       -0.1980       -0.2002   599476    1.11%            x826 D  12194  12190     19
  13598  9565       -0.1987    24       -0.1980       -0.2002   633101    1.11%            x907 U  13330  13326     28
  14504 10293       -0.1995    16       -0.1980       -0.2002   670044    1.11%           x1033 U  14577  14573     24
  15473 10943       -0.1987    18       -0.1980       -0.2002   704936    1.11%            x844 D  15729  15725     22
  16504 11738       -0.1994    19       -0.1980       -0.2002   741512    1.11%            x826 D  16845  16841     16
  17671 12727       -0.1991    12       -0.1980       -0.2002   785815    1.11%            x824 D  17735  17731     33
  18905 13526       -0.2002    26       -0.1980       -0.2002   816722    1.11%            x846 U  19117  18110     13
  19978 14386       -0.1997    19       -0.1980       -0.2002   851399    1.11%            x825 U  19758  18405     20
Elapsed time = 495.72 sec. (22795.99 ticks, tree = 140.22 MB, solutions = 7)
  21087 15146       -0.1982     8       -0.1980       -0.2002   884301    1.11%            x836 U  21092  21088     32
  22208 16272        cutoff             -0.1980       -0.2002   929069    1.11%            x844 D  21967  21963     33
  23255 16910       -0.2000    21       -0.1980       -0.2002   955729    1.11%            x819 D  23210  23206     17
  24313 17574       -0.1987    21       -0.1980       -0.2002   983498    1.11%            x826 U  24505  24497     19
  25449 18274       -0.1983    17       -0.1980       -0.2002  1010711    1.11%            x394 D  25408  25404     19
  26858 19070       -0.1992    17       -0.1980       -0.2002  1040732    1.11%            x930 D  27002  26998     23
  28160 20597       -0.1990    15       -0.1980       -0.2002  1090666    1.11%            x843 D  27971  27967     36
  29327 21215       -0.1990    11       -0.1980       -0.2002  1115008    1.08%            x820 D  29478  29474     30
  30654 21995       -0.1981     8       -0.1980       -0.2002  1147425    1.08%            x838 D  30135  30131     39
  32077 23080        cutoff             -0.1980       -0.2001  1178842    1.06%            x842 U  32301  32293     17
Elapsed time = 795.70 sec. (32336.22 ticks, tree = 252.04 MB, solutions = 7)
  33379 23992       -0.1992    15       -0.1980       -0.2001  1207623    1.05%           x1036 U  33612  33608     17
  34863 24866       -0.1996    25       -0.1980       -0.2001  1237163    1.05%           x1036 U  34901  34893     21
  36346 25975       -0.1995    22       -0.1980       -0.2001  1269155    1.04%           x1033 U  36790  36786     19
  37744 27138       -0.1993    14       -0.1980       -0.2001  1302918    1.04%           x1031 U  38198  38194     15
  39212 28136       -0.1985    11       -0.1980       -0.2001  1332222    1.04%            x842 D  39256  39252     33
  40627 29114       -0.1998    14       -0.1980       -0.2001  1360280    1.03%            x828 D  41250  41246     17
  42059 30281       -0.1981    19       -0.1980       -0.2001  1397642    1.03%            x820 D  42101  42093     23
  43571 31590       -0.1981     8       -0.1980       -0.2001  1433011    1.03%            x818 D  43725  43717     31
  45118 32586       -0.1993    14       -0.1980       -0.2001  1461959    1.03%            x610 D  44315  44311     20
  46452 33725       -0.1986    13       -0.1980       -0.2001  1498497    1.03%           x1042 U  45759  45755     23
Elapsed time = 1148.31 sec. (41878.05 ticks, tree = 379.05 MB, solutions = 7)
  47904 34481       -0.1995    11       -0.1980       -0.2001  1521973    1.03%           x1033 U  48562  48558     19
  49364 35549       -0.1990    11       -0.1980       -0.2001  1554488    1.02%            x936 U  48683  48679     31
  50825 36300       -0.1997    20       -0.1980       -0.2001  1577570    1.02%           x1027 D  51494  23073     20
  52237 37546        cutoff             -0.1980       -0.2001  1615088    1.02%            x933 D  52137  52125     30
  53636 38501       -0.1988    14       -0.1980       -0.2001  1647622    1.02%            x918 U  54310  54306     30
  55062 39582       -0.1993    19       -0.1980       -0.2001  1682847    1.02%           x1027 U  55690  55682     22
  56400 40493       -0.1987     6       -0.1980       -0.2000  1709441    1.01%           x1042 U  56059  56055     38
  57841 41455       -0.2000    23       -0.1980       -0.2000  1741573    1.01%           x1027 D  57565  15483     14
  59285 42268       -0.1990    12       -0.1980       -0.2000  1766624    1.01%            x837 D  59179  59175     30
  60593 43314       -0.1983    12       -0.1980       -0.2000  1802380    1.01%           x1040 D  60591  60587     34
Elapsed time = 1496.25 sec. (51420.51 ticks, tree = 496.14 MB, solutions = 7)
  62019 44354       -0.1982     9       -0.1980       -0.2000  1837096    1.00%            x838 D  61887  61883     36
  63459 45278       -0.1997    13       -0.1980       -0.2000  1864858    1.00%            x822 D  64194  64190     27
  64925 46203        cutoff             -0.1980       -0.2000  1892804    1.00%            x842 D  64759  64755     40
  66331 47373       -0.1997    24       -0.1980       -0.2000  1931965    1.00%           x1033 U  66128  66124     16
  67726 48118        cutoff             -0.1980       -0.2000  1956123    1.00%           x1040 D  68250  68242     22
  69187 48952       -0.1991    12       -0.1980       -0.2000  1983681    1.00%            x836 D  69263  69259     33
  70662 50147       -0.1999    17       -0.1980       -0.2000  2018700    0.99%           x1027 D  70527  13703     16
  72114 51031       -0.1995    14       -0.1980       -0.2000  2046667    0.99%            x828 D  72654  72650     30
  73507 52052       -0.1987    14       -0.1980       -0.2000  2082572    0.99%            x936 U  74178  74174     22
  74995 53106       -0.1987    14       -0.1980       -0.2000  2115286    0.99%            x844 D  74696  74692     29
Elapsed time = 1846.44 sec. (60962.83 ticks, tree = 619.44 MB, solutions = 7)
  76479 53953       -0.1981    14       -0.1980       -0.2000  2139808    0.99%            x843 D  77302  77298     40
  77902 55008       -0.1982    10       -0.1980       -0.2000  2172987    0.99%            x933 U  77588  77584     35
  79083 55736       -0.1985    12       -0.1980       -0.2000  2202788    0.99%            x862 D  78949  78945     36
  80306 56508        cutoff             -0.1980       -0.2000  2242055    0.99%            x846 U  80169  80165     26
  81677 57064       -0.1985    14       -0.1980       -0.2000  2264539    0.99%            x931 U  81441  81437     30
  83147 58148       -0.1991    17       -0.1980       -0.2000  2301215    0.98%            x933 U  82893  82889     22
  84530 59033        cutoff             -0.1980       -0.2000  2329713    0.98%           x1038 U  84212  84208     29
  85915 59835       -0.1998    22       -0.1980       -0.2000  2363167    0.98%           x1033 U  85523  85519     20
  87360 60610       -0.1993    13       -0.1980       -0.2000  2389868    0.98%           x1041 D  87068  87064     22
  88982 61852       -0.1990    13       -0.1980       -0.2000  2425965    0.97%           x1037 U  88800  88796     18
Elapsed time = 2195.09 sec. (70507.25 ticks, tree = 722.65 MB, solutions = 7)
  90516 62829       -0.1990    12       -0.1980       -0.2000  2455153    0.97%            x820 D  90641  90637     27
  92017 64187       -0.1994    21       -0.1980       -0.2000  2489916    0.97%           x1036 U  92269  92265     18
  93390 65008        cutoff             -0.1980       -0.2000  2517549    0.97%             x34 U  92951  92947     42
  94824 65886       -0.1983    10       -0.1980       -0.1999  2549725    0.96%            x845 U  95306  95302     28
  96310 67123       -0.1995    21       -0.1980       -0.1999  2589298    0.96%           x1032 U  96289  96285     15
  97449 67886       -0.1984    15       -0.1980       -0.1999  2619879    0.96%           x1036 D  97248  97240     20
  98658 68636        cutoff             -0.1980       -0.1999  2650570    0.96%            x926 D  98633  98629     47
  99770 69174       -0.1985    19       -0.1980       -0.1999  2675007    0.96%           x1040 U  99909  74849     21
 101167 70115       -0.1994    23       -0.1980       -0.1999  2714507    0.96%           x1037 U 101361 101357     19
 102594 71057        cutoff             -0.1980       -0.1999  2744978    0.96%            x822 U 102204 102196     26
Elapsed time = 2518.28 sec. (80054.01 ticks, tree = 834.10 MB, solutions = 7)
 103934 72125       -0.1995    15       -0.1980       -0.1999  2784010    0.95%           x1033 U 103508 103504     26
 105197 72616        cutoff             -0.1980       -0.1999  2803583    0.95%           x1030 D 104695  30723     16
 106619 73480       -0.1993    15       -0.1980       -0.1999  2839759    0.95%           x1035 U 106757 106753     19
 107942 74204       -0.1990    13       -0.1980       -0.1999  2866936    0.95%            x931 U 107535 107531     25
 109219 75306       -0.1981     7       -0.1980       -0.1999  2910774    0.95%            x826 D 108792 108788     41
 110693 76185       -0.1988    15       -0.1980       -0.1999  2941995    0.95%           x1032 D 110677 110669     23
 112098 76763       -0.1991    13       -0.1980       -0.1999  2961399    0.95%           x1036 D 113086  40763     16
 113497 77852       -0.1992    14       -0.1980       -0.1999  2999761    0.94%           x1038 U 114554 114550     24
 114823 78463       -0.1985    12       -0.1980       -0.1999  3023272    0.94%            x817 U 115922 115918     35
 121086 82934        cutoff             -0.1980       -0.1999  3162665    0.94%            x155 D 120376  72976     22
Elapsed time = 2955.56 sec. (92454.94 ticks, tree = 965.02 MB, solutions = 7)
 126483 86427       -0.1993    16       -0.1980       -0.1999  3294338    0.93%           x1035 U 126000 125996     20
 132314 90459       -0.1989    19       -0.1980       -0.1999  3421997    0.92%            x394 D 132056 132052     26
 135754 92486       -0.1998    16       -0.1980       -0.1999  3497990    0.92%            x820 U 135564   1746     11
 137841 93827       -0.1981    18       -0.1980       -0.1999  3550278    0.92%            x610 U 139370 139366     28
 139868 95216       -0.1981    18       -0.1980       -0.1998  3601641    0.91%            x840 U 141206 141202     21
 142099 96185       -0.1991    14       -0.1980       -0.1998  3636021    0.91%            x822 D 139203 139199     24
 144254 97823       -0.1998    19       -0.1980       -0.1998  3701200    0.91%           x1037 D 144209  54170     20

User cuts applied:  2

Root node processing (before b&c):
  Real time             =    0.77 sec. (528.72 ticks)
Parallel b&c, 4 threads:
  Real time             = 3599.25 sec. (121596.13 ticks)
  Sync time (average)   =  237.07 sec.
  Wait time (average)   =    0.00 sec.
                          ------------
Total (root+branch&cut) = 3600.02 sec. (122124.85 ticks)
