Version identifier: 22.2.0.0 | 2026-05-04 | 5dff98e58
CPXPARAM_Read_DataCheck                          1
CPXPARAM_Threads                                 4
CPXPARAM_Parallel                                1
CPXPARAM_RandomSeed                              20260925
CPXPARAM_MIP_Strategy_Search                     1
CPXPARAM_Simplex_Tolerances_Optimality           1.0000000000000001e-09
CPXPARAM_Simplex_Tolerances_Feasibility          1.0000000000000001e-09
CPXPARAM_TimeLimit                               3600
CPXPARAM_MIP_Tolerances_AbsMIPGap                1.0000000000000001e-09
CPXPARAM_MIP_Tolerances_Integrality              1.0000000000000001e-09
Legacy callback                                  iLUD
Lazy constraint(s) or lazy constraint/branch callback is present.
    Disabling dual reductions (CPX_PARAM_REDUCE) in presolve.
    Disabling presolve reductions that prevent crushing forms (CPX_PARAM_PREREFORM).
         Disabling repeat represolve because of lazy constraint/incumbent callback.
Warning: Effort level 'CheckFeas' is incompatible with lazy constraint/incumbent callback.
         Effort level increased to 'SolveFixed'.
1 of 1 MIP starts provided solutions.
MIP start 'm1' defined initial solution with objective 0.0276.
Tried aggregator 1 time.
MIP Presolve eliminated 1353 rows and 0 columns.
MIP Presolve modified 128 coefficients.
Reduced MIP has 1618 rows, 2360 columns, and 18298 nonzeros.
Reduced MIP has 1164 binaries, 0 generals, 0 SOSs, and 0 indicators.
Presolve time = 0.02 sec. (12.32 ticks)
Probing time = 0.00 sec. (0.29 ticks)
MIP emphasis: balance optimality and feasibility.
MIP search method: traditional branch-and-cut.
Parallel mode: deterministic, using up to 4 threads.
Root relaxation solution time = 0.02 sec. (21.47 ticks)

        Nodes                                         Cuts/
   Node  Left     Objective  IInf  Best Integer    Best Bound    ItCnt     Gap         Variable B NodeID Parent  Depth

*     0+    0                            0.0276        0.0000           100.00%
      0     0        0.0253    48        0.0276        0.0253      680    8.25%
*     0+    0                            0.0272        0.0253             6.68%
*     0+    0                            0.0270        0.0253             6.32%
*     0+    0                            0.0269        0.0253             5.78%
      0     0  -1.00000e+75     0        0.0269        0.0253      680    5.78%
      0     2        0.0253    36        0.0269        0.0253      680    5.78%                        0             0
Elapsed time = 0.28 sec. (266.05 ticks, tree = 0.02 MB, solutions = 4)
*    10+    1                            0.0268        0.0254             5.15%
*    20+    2                            0.0267        0.0254             4.86%
     52    31        0.0260    32        0.0267        0.0254     2066    4.86%            x911 D     43     39      9
    180   118        0.0258    30        0.0267        0.0255     8605    4.66%            x825 D    122    114     10
    381   224        0.0257    34        0.0267        0.0256    15642    4.33%            x911 D    322    318      8
    564   426        0.0266    26        0.0267        0.0256    26629    4.33%           x1029 U    603    599     20
    720   538        0.0260    35        0.0267        0.0256    35014    4.13%            x819 D    730    726     15
    938   651        0.0261    14        0.0267        0.0256    42348    4.10%            x827 U    920    916     15
   1110   799        cutoff              0.0267        0.0256    54211    4.07%           x1028 U   1135   1131     24
   1351   968        0.0262     7        0.0267        0.0256    60993    4.07%           x1030 U   1316   1312     21
   1604  1187        0.0264    17        0.0267        0.0256    73571    4.07%             x31 U   1576   1572     22
   2481  1843        0.0258    28        0.0267        0.0256   117245    4.02%           x1030 U   2586   2582     14
Elapsed time = 3.86 sec. (3383.25 ticks, tree = 8.11 MB, solutions = 7)
   3408  2445        0.0262    26        0.0267        0.0257   165286    3.86%             x32 U   3220   3216     21
   4257  2963        0.0260    20        0.0267        0.0257   208674    3.81%           x1035 U   4225   4221     18
   5124  3585        0.0266    19        0.0267        0.0257   258715    3.70%           x1037 U   5146   5142     27
   5983  4072        0.0258    29        0.0267        0.0257   303841    3.66%            x827 D   6002   5998     15
*  6666+ 4551                            0.0266        0.0257             3.40%
   6854  4472        0.0260    21        0.0266        0.0257   360567    3.40%            x933 U   7049   7045     17
   7694  4970        0.0259    27        0.0266        0.0257   404830    3.38%            x908 U   7136    424     14
   8517  5497        0.0263    23        0.0266        0.0257   449695    3.37%            x936 U   8769   8761     18
   9432  6102        0.0258    29        0.0266        0.0258   503726    3.33%            x826 D   9594   9590     19
  10300  6718        0.0259    24        0.0266        0.0258   560607    3.32%            x821 U  10563  10559     12
  11260  7326        0.0259    31        0.0266        0.0258   612289    3.29%            x935 U  11433  11429     17
Elapsed time = 14.95 sec. (12934.49 ticks, tree = 32.27 MB, solutions = 8)
  12156  7753        0.0261    25        0.0266        0.0258   645592    3.27%           x1027 U  12519  12515     26
  12976  8346        0.0260    25        0.0266        0.0258   697483    3.23%             x31 U  13057  13053     22
  14051  8959        0.0259    26        0.0266        0.0258   744589    3.21%            x936 U  14242  14238     21
  15038  9598        0.0258    35        0.0266        0.0258   791786    3.20%            x842 D  14288  14284     18
  16070 10119        0.0266    27        0.0266        0.0258   831013    3.18%           x1030 U  16334  16330     25
  17031 10718        0.0259    29        0.0266        0.0258   872091    3.15%            x836 U  17217   6936     22
  18049 11277        0.0265    22        0.0266        0.0258   912677    3.13%            x819 U  18383  18379     19
  18947 11945        0.0266    15        0.0266        0.0258   964673    3.11%            x936 U  19129  19125     24
  19839 12544        0.0266    23        0.0266        0.0258  1012096    3.09%           x1034 D  20009  20005     18
  20863 12968        0.0265    22        0.0266        0.0258  1039721    3.05%           x1031 U  21149  21145     20
Elapsed time = 26.94 sec. (22481.01 ticks, tree = 83.08 MB, solutions = 8)
  21819 13662        0.0264    20        0.0266        0.0258  1091110    3.02%           x1028 U  22161  22157     26
  22738 14231        cutoff              0.0266        0.0258  1135282    3.00%           x1031 U  22951  22947     28
  23716 14850        0.0261    24        0.0266        0.0258  1180698    2.98%            x846 U  22864  22856     28
  24578 15377        0.0263    22        0.0266        0.0259  1221539    2.97%           x1030 U  24913  24909     24
  25469 15836        0.0261    24        0.0266        0.0259  1257536    2.97%            x846 D  25698  25694     26
  26281 16359        0.0260    29        0.0266        0.0259  1305496    2.97%            x925 D  26525  26521     23
  26958 16831        0.0259    26        0.0266        0.0259  1359445    2.96%            x822 U  27193   4733     17
  27712 17227        0.0259    31        0.0266        0.0259  1401738    2.96%           x1033 U  26920  26916     27
  28499 17726        cutoff              0.0266        0.0259  1460633    2.96%           x1031 U  27744  27740     30
  29290 18106        0.0260    17        0.0266        0.0259  1499539    2.96%           x1028 U  29783  29779     26
Elapsed time = 37.20 sec. (32028.20 ticks, tree = 128.89 MB, solutions = 8)
  30196 18624        0.0262    27        0.0266        0.0259  1548679    2.95%           x1027 D  29340  29332     25
  31110 19153        0.0265    18        0.0266        0.0259  1597140    2.95%           x1037 D  31342  31334     25
  31833 19579        0.0266    18        0.0266        0.0259  1647016    2.94%           x1028 D  32223  32215     37
  32501 19939        0.0261    24        0.0266        0.0259  1696901    2.93%            x817 U  31728  31724     18
  33344 20245        cutoff              0.0266        0.0259  1736901    2.93%           x1027 D  32548  32540     28
  34180 20819        0.0264    16        0.0266        0.0259  1795455    2.91%            x844 U  33392  33384     22
  35019 21049        0.0261    17        0.0266        0.0259  1822380    2.90%           x1027 U  35174  35170     32
  35865 21577        0.0263    17        0.0266        0.0259  1874115    2.88%           x1030 U  36233  36229     22
  36717 22124        cutoff              0.0266        0.0259  1932245    2.87%           x1027 U  37009  37005     30
  37512 22437        cutoff              0.0266        0.0259  1966822    2.85%           x1034 D  37793  37785     25
Elapsed time = 47.55 sec. (41574.09 ticks, tree = 162.05 MB, solutions = 8)
  38304 22971        0.0266    13        0.0266        0.0259  2020232    2.85%           x1035 U  38671  38667     24
  39179 23370        0.0266    25        0.0266        0.0259  2059610    2.83%           x1039 U  39505  39501     19
  39977 23921        0.0262    18        0.0266        0.0259  2115391    2.82%           x1030 U  40387  40383     25
  40918 24464        0.0266    15        0.0266        0.0259  2164610    2.80%            x835 U  39848  39840     28
  41799 24909        0.0262    15        0.0266        0.0259  2205146    2.80%            x916 U  42255  42251     27
  42687 25407        0.0266    15        0.0266        0.0259  2248764    2.79%            x918 U  42998  42994     29
  43574 25750        0.0261    28        0.0266        0.0259  2283237    2.78%           x1033 U  43966  43962     22
  44501 26456        0.0265    18        0.0266        0.0259  2347990    2.77%           x1036 U  43480  43476     29
  45388 26705        cutoff              0.0266        0.0259  2374214    2.76%           x1033 U  45802  45798     27
  46292 27358        0.0259    21        0.0266        0.0259  2432075    2.74%            x827 U  46722  40262     22
Elapsed time = 58.56 sec. (51120.58 ticks, tree = 199.36 MB, solutions = 8)
  47165 27862        0.0264    20        0.0266        0.0259  2480776    2.73%            x935 D  47515  47503     25
  48128 28192        0.0264    17        0.0266        0.0259  2508956    2.72%           x1034 U  47160  47156     28
  49032 28723        0.0260    20        0.0266        0.0259  2560259    2.71%            x928 D  49534  49530     25
  49933 29264        0.0263    22        0.0266        0.0259  2608999    2.70%           x1035 D  50283  50279     28
  50815 29973        0.0266    20        0.0266        0.0259  2667928    2.69%           x1029 U  51223  51219     28
  51572 30269        0.0261    32        0.0266        0.0259  2696980    2.68%            x927 D  50464  50460     26
  52291 30686        0.0259    28        0.0266        0.0259  2744667    2.68%            x934 U  52257  52249     26
  53060 31062        cutoff              0.0266        0.0259  2788394    2.68%           x1034 U  53850  53846     28
  53873 31632        cutoff              0.0266        0.0259  2846519    2.68%           x1031 D  54634  54626     37
  54750 31947        cutoff              0.0266        0.0259  2877677    2.67%           x1029 U  54657  54653     37
Elapsed time = 68.55 sec. (60670.96 ticks, tree = 238.05 MB, solutions = 8)
  55510 32507        0.0260    37        0.0266        0.0259  2934904    2.67%            x835 D  55907  41731     17
  56364 33007        0.0263    26        0.0266        0.0259  2994195    2.67%           x1027 U  55304  55300     25
  57266 33438        0.0263    19        0.0266        0.0259  3029937    2.67%           x1029 U  56252  56248     32
  58173 33878        0.0260    28        0.0266        0.0259  3074473    2.67%            x837 D  58523  58519     22
  58850 34324        0.0261    26        0.0266        0.0259  3130285    2.66%            x917 D  57808  31121     30
  59461 34565        0.0261    28        0.0266        0.0259  3169812    2.66%            x841 D  58436  58432     31
  60060 34874        0.0263    22        0.0266        0.0259  3230282    2.66%           x1028 U  60762  60758     29
  60756 35159        0.0263    18        0.0266        0.0259  3275276    2.66%           x1031 U  59716  59712     36
  61587 35464        0.0261    20        0.0266        0.0259  3312406    2.66%           x1027 U  60476  60472     29
  62343 36094        0.0260    24        0.0266        0.0259  3376233    2.65%            x838 U  61268  35116     23
Elapsed time = 78.16 sec. (70227.61 ticks, tree = 271.62 MB, solutions = 8)
  63065 36423        0.0260    27        0.0266        0.0259  3422674    2.65%            x819 D  63215  60052     19
  63861 36613        0.0262    18        0.0266        0.0259  3446066    2.64%           x1030 U  64622  64618     19
  64701 37133        cutoff              0.0266        0.0259  3509958    2.64%           x1031 U  65374  65370     27
  65538 37484        0.0265    19        0.0266        0.0259  3542027    2.64%           x1030 U  65629  65621     31
  66382 37989        0.0266    16        0.0266        0.0259  3599191    2.63%           x1034 D  66663  66655     23
  67210 38463        0.0263    21        0.0266        0.0259  3648346    2.62%           x1029 U  67930  67926     31
  67965 38734        0.0264    18        0.0266        0.0259  3685612    2.61%           x1030 U  68686  68682     24
  68821 39226        0.0261    27        0.0266        0.0259  3747509    2.61%            x918 U  69009  69005     21
  69624 39550        0.0262    22        0.0266        0.0260  3786170    2.60%           x1027 U  69825  69821     32
  70446 39871        0.0261    23        0.0266        0.0260  3823731    2.59%            x842 U  70673  23138     23
Elapsed time = 88.77 sec. (79775.25 ticks, tree = 306.67 MB, solutions = 8)
  71525 40503        0.0263    15        0.0266        0.0260  3885406    2.59%           x1028 U  71883  71879     26
  72374 40766        0.0263    22        0.0266        0.0260  3908046    2.58%           x1030 U  72926  72922     24
  73222 41344        0.0260    26        0.0266        0.0260  3967697    2.58%           x1033 U  73609  73605     22
  74057 41832        0.0265    20        0.0266        0.0260  4025668    2.58%           x1031 U  74395  74391     31
  74928 42042        0.0263    18        0.0266        0.0260  4048812    2.57%           x1028 U  75514  75510     37
  75751 42760        cutoff              0.0266        0.0260  4121488    2.57%            x845 D  74464  74456     23
  76685 43147        cutoff              0.0266        0.0260  4157199    2.56%           x1038 D  75284  75272     30
  77540 43513        cutoff              0.0266        0.0260  4188273    2.56%            x913 D  78102  78094     33
  78426 44013        0.0264    16        0.0266        0.0260  4242240    2.55%            x840 D  78779  78775     23
  81529 45595        cutoff              0.0266        0.0260  4423714    2.53%           x1038 U  81743  81735     18
Elapsed time = 102.83 sec. (92181.01 ticks, tree = 349.84 MB, solutions = 8)
  84993 47285        0.0263    19        0.0266        0.0260  4619129    2.51%           x1030 U  85569  85565     34
  88407 49021        0.0261    30        0.0266        0.0260  4804958    2.49%           x1030 U  89037  89033     15
  91725 50664        cutoff              0.0266        0.0260  4995465    2.47%             x33 D  92357  31010     25
  94631 51747        0.0266    19        0.0266        0.0260  5163429    2.45%           x1031 U  95253  95249     31
  97930 53464        0.0264    21        0.0266        0.0260  5370206    2.43%            x909 D  98054  98050     21
 101065 54566        0.0260    41        0.0266        0.0260  5541673    2.42%            x932 D 101306   8869     15
 104229 55840        0.0266    13        0.0266        0.0260  5732318    2.41%           x1034 U 104749 104745     25
 107836 57503        cutoff              0.0266        0.0260  5914077    2.39%           x1030 D 108210 108206     34
 111246 59186        0.0262    27        0.0266        0.0260  6111219    2.37%            x926 D 111534 111530     23
 114404 60406        0.0266    18        0.0266        0.0260  6269514    2.36%            x936 D 113320 113316     31
Elapsed time = 144.86 sec. (130335.04 ticks, tree = 476.28 MB, solutions = 8)
 117664 61790        0.0262    24        0.0266        0.0260  6465518    2.34%           x1035 U 118441 118437     27
 121157 63305        0.0264    16        0.0266        0.0260  6650161    2.33%           x1027 U 121550 121546     27
 124472 64597        0.0263    19        0.0266        0.0260  6809787    2.32%            x909 D 123604 123600     23
 127792 66191        0.0262    18        0.0266        0.0260  7006944    2.30%           x1035 U 128637 128633     29
 131007 67540        0.0264    17        0.0266        0.0260  7182624    2.28%           x1041 U 131881 131873     26
 134247 68976        0.0266    18        0.0266        0.0260  7394781    2.27%           x1031 U 134929 134925     38
 137839 70423        0.0266    15        0.0266        0.0260  7564079    2.25%           x1030 U 137583 137579     31
 141149 71870        0.0261    27        0.0266        0.0260  7736192    2.24%            x826 U 140256 140252     19
 144259 73239        0.0266    16        0.0266        0.0260  7920670    2.23%           x1029 U 143448 143444     34
 147434 74513        0.0264    19        0.0266        0.0261  8118013    2.22%           x1029 U 147027 147023     31
Elapsed time = 188.11 sec. (168488.33 ticks, tree = 596.71 MB, solutions = 8)
 150652 75784        cutoff              0.0266        0.0261  8300631    2.21%             x33 D 150187  54171     32
 153824 77093        0.0265    24        0.0266        0.0261  8477432    2.20%           x1030 U 153044 153040     27
 156955 78371        0.0262    24        0.0266        0.0261  8663698    2.19%           x1027 U 156112 156108     26
 160241 79759        0.0264    20        0.0266        0.0261  8875274    2.18%           x1028 U 160549 160545     29
 163542 80814        0.0266    12        0.0266        0.0261  9032710    2.17%           x1031 U 164194 164190     27
 167059 82208        cutoff              0.0266        0.0261  9219708    2.16%            x908 U 167634 167626     24
 170425 83483        0.0263    18        0.0266        0.0261  9407768    2.14%            x934 U 170934 170930     29
 173738 84527        0.0263    18        0.0266        0.0261  9560965    2.13%           x1036 U 174142 174138     25
 176962 85846        0.0262    19        0.0266        0.0261  9759992    2.12%            x843 U 176536 173911     26
 180314 86861        0.0265    29        0.0266        0.0261  9915654    2.11%           x1037 U 179908 179904     20
Elapsed time = 243.17 sec. (206644.76 ticks, tree = 693.80 MB, solutions = 8)
 183593 88264        cutoff              0.0266        0.0261 10122129    2.10%            x707 U 183431 183427     34
 186683 89294        0.0262    35        0.0266        0.0261 10309695    2.09%            x934 D 186040  74124     18
 189919 90258        0.0263    20        0.0266        0.0261 10477776    2.08%           x1027 U 189751 189747     23
 192701 91063        0.0262    19        0.0266        0.0261 10670455    2.07%            x825 U 192826 192822     16
 195862 91975        0.0262    24        0.0266        0.0261 10860267    2.06%           x1041 U 195807 133705     16
 198645 92760        0.0263    31        0.0266        0.0261 11034807    2.05%            x916 D 199345  95755     33
 201620 93373        0.0265    18        0.0266        0.0261 11210829    2.05%           x1028 U 201726 201722     33
 204775 94455        cutoff              0.0266        0.0261 11416054    2.04%            x933 D 204810 204806     19
 207651 95261        0.0262    18        0.0266        0.0261 11591159    2.03%           x1027 U 207566 207562     25
 210510 96045        0.0264    20        0.0266        0.0261 11783147    2.02%           x1030 U 210631 210627     29
Elapsed time = 293.77 sec. (244801.37 ticks, tree = 759.71 MB, solutions = 8)
 213500 96764        0.0264    22        0.0266        0.0261 11965558    2.01%           x1035 U 214449 214445     30
 216688 97749        0.0266    23        0.0266        0.0261 12173837    2.00%            x912 D 216731 216727     25
 220139 98702        0.0263    19        0.0266        0.0261 12320003    1.98%           x1036 D 219898  78183     28
 223570 99905        cutoff              0.0266        0.0261 12512123    1.97%           x1035 U 223867 223863     31
 227011 101122        0.0265    19        0.0266        0.0261 12700563    1.96%            x930 D 226862 226858     29
 230518 102376        0.0263    20        0.0266        0.0261 12893062    1.95%           x1033 U 230743 230739     28
 233910 103679        0.0264    20        0.0266        0.0261 13071675    1.93%           x1029 U 234837 234833     29
 237456 104737        cutoff              0.0266        0.0261 13220988    1.92%           x1035 D 236212  59939     31
 240815 105803        0.0265    26        0.0266        0.0261 13381656    1.91%           x1038 D 240842  52908     32
 244105 107102        0.0264    27        0.0266        0.0261 13600487    1.90%           x1032 U 244182 244178     16
Elapsed time = 352.16 sec. (282954.86 ticks, tree = 832.71 MB, solutions = 8)
 247477 108114        cutoff              0.0266        0.0261 13756295    1.89%           x1035 D 247711 247703     36
 251036 109150        0.0266    15        0.0266        0.0261 13914372    1.88%           x1030 U 250004 250000     26
 254694 110158        0.0265    32        0.0266        0.0261 14090399    1.87%            x932 D 253620 253616     17
 258299 111272        cutoff              0.0266        0.0261 14266311    1.86%           x1033 D 257320 257316     23
 261817 112260        cutoff              0.0266        0.0262 14446868    1.85%           x1033 U 260816 260808     30
 265167 113421        0.0262    24        0.0266        0.0262 14639226    1.84%            x826 U 265299 265295     26
 268686 114331        0.0265    10        0.0266        0.0262 14820434    1.82%           x1030 U 268783 268779     32
 272277 115310        0.0262    23        0.0266        0.0262 14989037    1.81%            x822 U 271428 137208     26
 275793 116528        0.0263    29        0.0266        0.0262 15186547    1.80%           x1035 D 275895 275891     24
 279251 117774        0.0263    24        0.0266        0.0262 15380085    1.79%           x1033 U 279933 279925     27
Elapsed time = 410.72 sec. (321118.04 ticks, tree = 906.95 MB, solutions = 8)
 282784 118715        0.0265    24        0.0266        0.0262 15528058    1.78%           x1033 U 282718 282714     25
 286242 119607        0.0266    17        0.0266        0.0262 15713143    1.77%            x820 D 286238 286230     17
 289818 120386        0.0265    25        0.0266        0.0262 15897858    1.75%           x1028 D 289606  63906     34
 293425 121242        0.0265    17        0.0266        0.0262 16071453    1.74%           x1029 U 294277 294273     19
 297017 122201        cutoff              0.0266        0.0262 16260327    1.72%           x1027 D 297813   1466     22
 300363 122823        cutoff              0.0266        0.0262 16440641    1.71%           x1031 U 300559 300555     35
 303875 123504        cutoff              0.0266        0.0262 16596238    1.70%            x819 D 304401 304393     18
 306947 124157        0.0264    19        0.0266        0.0262 16794408    1.69%           x1038 U 307405 307401     21
 310186 124668        0.0266    14        0.0266        0.0262 16952275    1.69%           x1037 U 309842 309838     32
 313535 125291        0.0263    23        0.0266        0.0262 17174251    1.68%           x1029 U 313807 313803     18
Elapsed time = 468.62 sec. (359276.74 ticks, tree = 946.21 MB, solutions = 8)
 317046 125914        0.0266    17        0.0266        0.0262 17343497    1.66%             x33 U 316982 316978     38
 320470 126402        0.0264    23        0.0266        0.0262 17502061    1.66%            x910 D 320188 320184     20
 323796 127065        0.0264    20        0.0266        0.0262 17715888    1.65%           x1038 U 323619 323615     26
 326980 127646        0.0264    25        0.0266        0.0262 17898556    1.64%            x911 D 326964 326960     24
 330148 128022        0.0264    26        0.0266        0.0262 18063299    1.63%           x1032 U 330099 330095     18
 333428 128672        0.0266    20        0.0266        0.0262 18264669    1.62%           x1029 U 333511 333507     23
 336714 129344        0.0262    26        0.0266        0.0262 18435826    1.61%            x932 D 336658  36158     17
 339830 129891        cutoff              0.0266        0.0262 18630325    1.60%            x930 U 339845 339841     32
 343150 130229        0.0263    24        0.0266        0.0262 18749900    1.59%           x1028 D 343024  75730     22
 346342 130829        0.0266    18        0.0266        0.0262 18940172    1.57%           x1030 U 346306 346302     23
Elapsed time = 523.27 sec. (397434.05 ticks, tree = 979.57 MB, solutions = 8)
 349435 131303        0.0265    20        0.0266        0.0262 19135614    1.56%            x936 D 349553 349549     24
 352826 131917        0.0263    30        0.0266        0.0262 19341276    1.55%           x1027 D 352969  39712     21
 356300 132430        0.0264    22        0.0266        0.0262 19494964    1.54%           x1032 D 356341 214129     24
 359654 132942        0.0264    14        0.0266        0.0262 19658515    1.53%           x1035 U 360006 360002     22
 362970 133393        cutoff              0.0266        0.0262 19828957    1.52%           x1028 D 363096  56884     19
 366363 134219        cutoff              0.0266        0.0262 20073397    1.51%           x1030 U 366161 366157     28
 369696 134616        0.0266     8        0.0266        0.0262 20198758    1.50%           x1039 U 369884 369880     27
 373134 135311        0.0266    16        0.0266        0.0262 20428037    1.49%           x1030 U 372799 372795     25
 376683 135724        cutoff              0.0266        0.0262 20567718    1.48%           x1038 D 376872 376864     33
 380198 136547        0.0266    20        0.0266        0.0263 20798918    1.47%           x1035 D 379991 379983     31
Elapsed time = 581.06 sec. (435594.13 ticks, tree = 1013.41 MB, solutions = 8)
 383634 136932        0.0264    15        0.0266        0.0263 20925273    1.46%           x1037 U 384138 384134     24
 387132 137541        cutoff              0.0266        0.0263 21130743    1.45%           x1027 U 386917 386913     26
 390402 138001        cutoff              0.0266        0.0263 21304704    1.44%            x908 U 391218 391214     23
 393792 138441        0.0265    24        0.0266        0.0263 21510984    1.43%           x1035 U 393429 393425     24
 397241 138744        0.0266    16        0.0266        0.0263 21688465    1.42%           x1037 U 398162 398158     29
 400447 139181        0.0263    18        0.0266        0.0263 21884263    1.41%            x910 U 399959 114224     22
 404082 139608        0.0264    23        0.0266        0.0263 22060892    1.40%            x838 U 403477 228585     23
 407449 140088        cutoff              0.0266        0.0263 22239061    1.39%           x1028 D 408770 408762     30
 410912 140453        cutoff              0.0266        0.0263 22401555    1.39%            x821 U 412334 412330     26
 414288 140843        0.0264    14        0.0266        0.0263 22551384    1.38%           x1031 U 413569 413565     26
Elapsed time = 638.56 sec. (473750.66 ticks, tree = 1032.85 MB, solutions = 8)
 417700 141436        0.0266    15        0.0266        0.0263 22762887    1.37%           x1037 U 417059 417055     30
 420887 141785        0.0264    13        0.0266        0.0263 22929507    1.36%            x821 U 420319 420315     27
 424248 142177        0.0266    12        0.0266        0.0263 23096137    1.35%            x936 U 423675 423667     31
 427547 142563        0.0263    27        0.0266        0.0263 23291681    1.34%            x845 U 428994 119434     23
 430946 143081        0.0266    16        0.0266        0.0263 23511738    1.34%           x1033 U 430281 430273     29
 434312 143388        0.0266    14        0.0266        0.0263 23669557    1.33%           x1029 U 433867 433863     30
 437981 143757        0.0265    17        0.0266        0.0263 23856521    1.32%           x1037 D 436981 405987     25
 441253 144104        0.0265    18        0.0266        0.0263 24044740    1.31%           x1038 U 442530 442526     20
 444432 144382        0.0264    11        0.0266        0.0263 24220180    1.31%            x827 D 445650 445642     29
 447768 144816        0.0266    16        0.0266        0.0263 24431516    1.30%           x1031 U 447463 447459     29
Elapsed time = 693.22 sec. (511907.27 ticks, tree = 1054.78 MB, solutions = 8)
 450957 145007        0.0265    14        0.0266        0.0263 24607050    1.29%           x1037 D 450623 450587     29
 454280 145099        0.0265    13        0.0266        0.0263 24801332    1.29%            x823 U 453057 453053     29
 457743 145254        cutoff              0.0266        0.0263 24976747    1.28%            x933 D 456581 456573     25
 460828 145331        0.0264    22        0.0266        0.0263 25102681    1.27%           x1035 D 461918 461878     14
 464050 145559        0.0265    17        0.0266        0.0263 25348133    1.26%           x1035 U 465270 465266     23
 467187 145639        0.0265    22        0.0266        0.0263 25515680    1.26%           x1031 U 465637 465633     21
 470376 145769        0.0264    19        0.0266        0.0263 25710316    1.25%           x1033 U 471646 225083     33
 473698 146010        cutoff              0.0266        0.0263 25890161    1.24%            x845 D 475078 475074     30
 476844 146145        cutoff              0.0266        0.0263 26056860    1.23%           x1031 D 475369 475365     34
 480121 146199        0.0266    15        0.0266        0.0263 26236903    1.23%            x932 U 478813 478805     20
Elapsed time = 745.31 sec. (550065.71 ticks, tree = 1052.42 MB, solutions = 8)
 483459 146377        cutoff              0.0266        0.0263 26403108    1.22%           x1028 D 483051   9566     22
 486823 146464        0.0266    16        0.0266        0.0263 26601933    1.21%           x1037 U 485145 485141     27
 490292 146608        0.0265    18        0.0266        0.0263 26835510    1.20%           x1035 U 489891 489887     30
 493687 146580        0.0265    19        0.0266        0.0263 26994544    1.19%           x1031 U 494412 494408     27
 497051 146715        0.0266    21        0.0266        0.0263 27163281    1.19%           x1031 U 498374 498370     21
 500460 146665        cutoff              0.0266        0.0263 27361632    1.18%           x1034 U 501076 501072     32
 503822 146763        0.0265    24        0.0266        0.0263 27544963    1.17%            x907 U 504224 155823     22
 507382 146871        0.0265    14        0.0266        0.0263 27693444    1.16%           x1038 U 505941 505937     24
 510941 146960        0.0266    12        0.0266        0.0263 27890132    1.15%           x1036 D 512570 512566     29
 514369 147022        0.0266    17        0.0266        0.0263 28074936    1.14%           x1029 D 516034 516030     18
Elapsed time = 800.14 sec. (588228.34 ticks, tree = 1045.38 MB, solutions = 8)
 517965 147098        0.0264    24        0.0266        0.0263 28231929    1.14%           x1038 U 517039 517035     21
 521727 147334        0.0265    18        0.0266        0.0263 28394619    1.13%           x1030 U 522580 522576     23
 525166 147448        0.0264    29        0.0266        0.0263 28565826    1.12%            x927 D 526658  65193     27
 528563 147414        0.0266    16        0.0266        0.0263 28769747    1.11%           x1037 D 529164 529156     32
 531662 147481        cutoff              0.0266        0.0263 29003344    1.11%           x1030 U 530541 530537     34
 534821 147409        0.0265    23        0.0266        0.0264 29155931    1.10%            x933 U 535136 535132     25
 538145 147388        cutoff              0.0266        0.0264 29318628    1.10%           x1032 D 537229 377419     19
 541428 147539        cutoff              0.0266        0.0264 29543259    1.09%            x844 U 541968 541960     26
 544768 147583        cutoff              0.0266        0.0264 29664673    1.08%           x1033 D 545152 545148     26
 548180 147689        0.0264    13        0.0266        0.0264 29897066    1.08%           x1038 U 547281 290773     25
Elapsed time = 856.94 sec. (626390.03 ticks, tree = 1045.14 MB, solutions = 8)
 551692 147635        0.0264    26        0.0266        0.0264 30032860    1.07%            x825 U 552594 552590     21
 555002 147499        0.0266    16        0.0266        0.0264 30245785    1.06%            x931 U 555312 555308     22
 558727 147568        0.0264    18        0.0266        0.0264 30409502    1.06%           x1035 D 558129 369952     17
 562140 147752        0.0265    18        0.0266        0.0264 30637264    1.05%           x1030 U 562600 562596     25
 565615 147706        cutoff              0.0266        0.0264 30814016    1.05%             x35 D 565970 274538     27
 569090 147625        0.0265    18        0.0266        0.0264 31009740    1.04%           x1037 D 569282 139035     24
 572421 147485        0.0264    19        0.0266        0.0264 31151196    1.03%           x1029 D 572676 210678     21
 575770 147443        cutoff              0.0266        0.0264 31374606    1.02%           x1038 D 575819 575811     31
 579436 147506        0.0266    18        0.0266        0.0264 31532567    1.02%           x1030 D 579366 579362     23
 582988 147556        cutoff              0.0266        0.0264 31694211    1.01%           x1038 D 583115 319351     32
Elapsed time = 915.19 sec. (664545.11 ticks, tree = 1036.08 MB, solutions = 8)
 586541 147490        0.0266    20        0.0266        0.0264 31872639    1.00%           x1031 U 586628 586624     24
 589900 147405        cutoff              0.0266        0.0264 32118163    1.00%           x1035 D 589737  40981     22
 593427 147023        0.0264    21        0.0266        0.0264 32298657    0.99%           x1033 D 593471 254591     30
 596904 146859        0.0264    24        0.0266        0.0264 32443566    0.98%           x1037 U 596765 192103     29
 600323 146786        cutoff              0.0266        0.0264 32583748    0.98%           x1035 D 600366 515720     24
 603978 146659        0.0264    17        0.0266        0.0264 32806356    0.97%            x927 U 604000  87177     24
 607601 146676        cutoff              0.0266        0.0264 32990983    0.96%            x932 D 607646 536803     15
 611253 146583        cutoff              0.0266        0.0264 33173826    0.95%             x35 D 611237 611229     23
 614801 146422        0.0266    15        0.0266        0.0264 33384460    0.95%           x1029 U 614821 614817     31
 618223 146286        0.0265    17        0.0266        0.0264 33527751    0.94%           x1030 D 617802   9912     19
Elapsed time = 971.50 sec. (702700.86 ticks, tree = 1014.57 MB, solutions = 8)
 621806 146239        0.0265    21        0.0266        0.0264 33672844    0.93%             x35 U 622324 622320     30
 625131 146352        0.0266    15        0.0266        0.0264 33909358    0.93%           x1035 U 624835 624831     31
 628349 146325        0.0266    19        0.0266        0.0264 34144919    0.92%           x1029 U 628337 628333     25
 631718 146224        0.0265    22        0.0266        0.0264 34254913    0.92%           x1035 U 631119 631115     21
 634828 146100        0.0266    12        0.0266        0.0264 34419540    0.91%            x822 D 634466 634458     28
 638153 145599        cutoff              0.0266        0.0264 34659784    0.91%           x1029 D 638816 108430     35
 641573 145350        cutoff              0.0266        0.0264 34833319    0.90%           x1038 U 641649 641645     41
 644730 144841        0.0265    29        0.0266        0.0264 35046936    0.90%            x825 U 644845 644841     23
 648177 144489        0.0266    11        0.0266        0.0264 35194995    0.89%            x819 U 647562 647558     27
 651666 144252        0.0266    21        0.0266        0.0264 35345014    0.88%           x1037 U 652196 652192     26
Elapsed time = 1023.91 sec. (740863.01 ticks, tree = 996.12 MB, solutions = 8)
 655153 144046        cutoff              0.0266        0.0264 35587245    0.88%           x1029 U 654615 654611     31
 658675 143642        cutoff              0.0266        0.0264 35752194    0.87%            x828 U 658242 658238     23
 662190 143247        0.0266    25        0.0266        0.0264 35953586    0.87%           x1037 D 662541 449931     22
 665871 142971        0.0265    21        0.0266        0.0264 36122502    0.86%           x1033 U 666528 666520     29
 669169 142513        cutoff              0.0266        0.0264 36344099    0.85%           x1033 U 669836 669828     29
 672725 142207        0.0265    30        0.0266        0.0264 36455262    0.85%           x1027 D 672278  35382     24
 676089 141573        0.0264    20        0.0266        0.0264 36695313    0.84%            x826 U 676864 676860     21
 679665 141293        0.0266    17        0.0266        0.0264 36827849    0.83%           x1037 U 680240 680236     28
 683139 140713        0.0265    27        0.0266        0.0264 37072406    0.83%           x1029 U 682739 682735     26
 687009 140480        cutoff              0.0266        0.0264 37228005    0.82%           x1037 D 687241 687233     29
Elapsed time = 1077.81 sec. (779028.26 ticks, tree = 960.66 MB, solutions = 8)
 690533 140136        cutoff              0.0266        0.0264 37377340    0.81%           x1037 D 690330 444806     26
 694188 139568        cutoff              0.0266        0.0264 37596968    0.81%           x1037 D 694006 693998     34
 698039 139216        0.0265    21        0.0266        0.0264 37780745    0.80%           x1038 U 697423 697419     24
 702085 138789        0.0266    21        0.0266        0.0264 37936057    0.79%           x1028 D 702241 105844     27
 706007 138373        0.0265    30        0.0266        0.0264 38108344    0.78%           x1027 D 706332  18131     18
 709841 137860        cutoff              0.0266        0.0264 38308836    0.78%           x1037 D 710038 334492     27
 713594 137444        0.0266    12        0.0266        0.0264 38462599    0.77%            x936 U 713652 713644     30
 717339 136617        0.0265    15        0.0266        0.0264 38718733    0.76%           x1037 U 716963 716959     28
 721368 136305        0.0265    16        0.0266        0.0264 38852366    0.76%           x1038 U 721067 721063     24
 725338 135680        0.0266    11        0.0266        0.0264 39049816    0.75%            x116 D 725356 725352     31
Elapsed time = 1133.52 sec. (817191.11 ticks, tree = 908.16 MB, solutions = 8)
 729290 135185        cutoff              0.0266        0.0264 39214631    0.75%           x1037 D 729047 729039     32
 733181 134453        0.0265    17        0.0266        0.0264 39443531    0.74%            x823 D 733123 287832     26
 736616 133822        0.0266    17        0.0266        0.0264 39625699    0.73%           x1037 U 736802 736798     24
 740200 133012        0.0265    13        0.0266        0.0264 39836133    0.72%            x827 D 740197 543375     31
 743837 132350        0.0265    15        0.0266        0.0265 39977236    0.72%            x819 U 743829 743821     26
 747736 131376        0.0265    18        0.0266        0.0265 40210453    0.71%            x825 D 747845 721883     21
 751889 130903        0.0266    18        0.0266        0.0265 40292285    0.71%            x823 U 752060 752052     24
 755827 130076        cutoff              0.0266        0.0265 40519211    0.70%            x819 D 755964 755956     26
 759832 129554        0.0266    19        0.0266        0.0265 40657876    0.69%            x933 D 759872 379810     20
 763761 128417        0.0266    18        0.0266        0.0265 40921290    0.68%           x1037 U 763719 763715     31
Elapsed time = 1187.73 sec. (855355.30 ticks, tree = 833.89 MB, solutions = 8)
 767692 127941        cutoff              0.0266        0.0265 41065066    0.68%           x1030 D 767619 137344     29
 771677 127194        0.0265     8        0.0266        0.0265 41296451    0.67%           x1039 U 771655 771651     29
 775859 126639        cutoff              0.0266        0.0265 41435611    0.66%           x1032 D 775991 240091     22
 779905 125739        cutoff              0.0266        0.0265 41643459    0.66%           x1037 D 780288 476431     27
 784174 125239        cutoff              0.0266        0.0265 41784920    0.65%            x932 D 784420 784412     19
 788320 124946        0.0266    17        0.0266        0.0265 41925586    0.64%           x1033 U 788540 788532     33
 792450 123982        0.0266    11        0.0266        0.0265 42215629    0.63%            x828 U 792617 792613     29
 796550 123672        0.0266    17        0.0266        0.0265 42303610    0.63%            x822 U 796660 796656     25
 800763 122931        0.0265    17        0.0266        0.0265 42498207    0.62%            x935 D 801037 293892     18
 805111 121903        0.0266    15        0.0266        0.0265 42736109    0.61%           x1028 U 805449 805445     20
Elapsed time = 1245.62 sec. (893512.66 ticks, tree = 754.82 MB, solutions = 8)
 809324 121517        0.0265    24        0.0266        0.0265 42876358    0.61%           x1028 D 809649 120016     25
 813359 120984        0.0265    25        0.0266        0.0265 43035594    0.60%            x819 U 812438 812434     22
 817276 120106        0.0266    17        0.0266        0.0265 43257284    0.59%            x826 U 817741 345431     26
 821145 119536        0.0266    13        0.0266        0.0265 43417002    0.59%           x1033 U 820202 820194     26
 825207 118727        0.0266    19        0.0266        0.0265 43587460    0.58%           x1030 U 825248 825244     32
 829792 117453        cutoff              0.0266        0.0265 43805148    0.57%            x822 U 828606 828602     23
 834078 116266        cutoff              0.0266        0.0265 44010713    0.57%            x932 U 834675 834671     23
 838260 115811        cutoff              0.0266        0.0265 44104446    0.56%           x1032 U 837102 837098     26
 842269 114870        0.0265    19        0.0266        0.0265 44339414    0.55%            x934 D 842857 842853     26
 846150 113630        cutoff              0.0266        0.0265 44598184    0.55%           x1033 U 846777 846769     34
Elapsed time = 1297.66 sec. (931671.10 ticks, tree = 670.06 MB, solutions = 8)
 850043 113150        0.0266    18        0.0266        0.0265 44723993    0.54%           x1038 U 850651 850647     25
 854024 112201        cutoff              0.0266        0.0265 44903146    0.53%            x825 D 854437 844871     27
 857747 111130        0.0266    19        0.0266        0.0265 45102437    0.53%            x479 U 857500 271507     27
 861990 109839        cutoff              0.0266        0.0265 45316098    0.52%            x818 D 862261 538551     24
 866346 108445        0.0266    15        0.0266        0.0265 45546559    0.51%            x827 D 867047 593131     31
 870912 107919        0.0266    21        0.0266        0.0265 45639939    0.51%           x1029 D 869990 319990     23
 875143 106286        cutoff              0.0266        0.0265 45896659    0.50%           x1028 D 874426 109512     21
 879354 105265        cutoff              0.0266        0.0265 46075336    0.49%           x1028 D 878856 257592     24
 883523 104389        0.0265    15        0.0266        0.0265 46200704    0.49%            x936 U 882790 596393     30
 887697 102959        cutoff              0.0266        0.0265 46413199    0.48%           x1037 D 888475 799971     29
Elapsed time = 1349.64 sec. (969832.63 ticks, tree = 579.69 MB, solutions = 8)
 891954 101679        0.0266    23        0.0266        0.0265 46593777    0.47%           x1035 U 892637 892633     19
 896618 99855        0.0266    19        0.0266        0.0265 46824629    0.46%            x936 D 897635  12011     27
 900826 98914        0.0265    21        0.0266        0.0265 46945932    0.46%            x828 D 899736 220196     21
 905242 96873        0.0266    19        0.0266        0.0265 47205571    0.45%            x820 U 904128 904124     22
 909910 95416        0.0265    17        0.0266        0.0265 47391178    0.44%            x817 D 911235 700808     15
 914819 94002        cutoff              0.0266        0.0265 47569052    0.43%           x1030 D 915245 915237     30
 919603 92636        cutoff              0.0266        0.0265 47741481    0.42%           x1035 D 919146 465094     24
 924396 90754        cutoff              0.0266        0.0265 47950524    0.42%             x32 D 925623 866633     25
 929198 89052        cutoff              0.0266        0.0265 48130794    0.41%            x826 D 930029 930025     24
 934160 87637        0.0265    24        0.0266        0.0265 48283404    0.40%            x479 D 934977 192647     34
Elapsed time = 1402.70 sec. (1007984.56 ticks, tree = 469.43 MB, solutions = 8)
 939263 85468        0.0265    16        0.0266        0.0265 48486039    0.39%            x828 D 937888 937864     19
 944562 83799        cutoff              0.0266        0.0265 48670876    0.38%            x827 D 945747 945739     24
 949607 82713        cutoff              0.0266        0.0265 48826429    0.37%            x822 U 950647 950643     24
 954764 81176        cutoff              0.0266        0.0265 48980575    0.36%           x1027 D 955627 114748     23
 959895 78467        cutoff              0.0266        0.0265 49217569    0.35%            x818 D 960995 742604     22
 964687 76342        0.0266    17        0.0266        0.0266 49397101    0.34%           x1038 U 963140 963136     32
 969467 73927        0.0266    23        0.0266        0.0266 49604089    0.33%            x825 D 969486 840673     18
 975004 71810        0.0266    19        0.0266        0.0266 49761944    0.31%            x819 U 975611 975607     26
 980871 69796        cutoff              0.0266        0.0266 49961675    0.30%           x1038 D 981711 981703     27
 986270 68168        cutoff              0.0266        0.0266 50123123    0.29%           x1037 D 984876 182358     25
Elapsed time = 1456.03 sec. (1046136.09 ticks, tree = 337.61 MB, solutions = 8)
 992189 66169        cutoff              0.0266        0.0266 50286258    0.28%           x1035 U 990768 990764     28
 998215 64885        0.0266     9        0.0266        0.0266 50417117    0.27%            x116 U 998550 998542     28
 1004627 65176        cutoff              0.0266        0.0266 50656592    0.26%            x120 U 1003372 1003368     42
 1011141 66107        0.0266     8        0.0266        0.0266 50842105    0.25%            x461 U 1011590 1011586     34
 1016708 66816        0.0266     7        0.0266        0.0266 50984569    0.25%            x908 D 1016818 1016814     37
 1022006 69259        0.0266     8        0.0266        0.0266 51215410    0.24%            x457 U 1020368 1020364     32
 1027105 70505        0.0266     7        0.0266        0.0266 51306461    0.24%            x911 D 1028013 1028009     39
 1032494 72717        0.0266     4        0.0266        0.0266 51465290    0.23%            x717 D 1033453 1033449     43
 1037633 75740        cutoff              0.0266        0.0266 51690694    0.23%            x913 D 1035020 1035012     48
 1042685 77966        0.0266     5        0.0266        0.0266 51848797    0.23%            x558 D 1040316 1040312     41
Elapsed time = 1515.64 sec. (1084286.46 ticks, tree = 308.06 MB, solutions = 8)
 1047806 80989        cutoff              0.0266        0.0266 52090361    0.23%            x914 U 1049195 1049191     51
 1052847 83100        0.0266     3        0.0266        0.0266 52250945    0.23%            x467 D 1054155 1054147     42
 1058247 86141        0.0266     7        0.0266        0.0266 52475373    0.23%            x709 D 1059406 1059402     40
 1063414 87907        0.0266     2        0.0266        0.0266 52607064    0.23%            x912 D 1060400 1060396     39
 1068521 89896        0.0266    10        0.0266        0.0266 52729287    0.23%            x709 U 1069795 1069791     40
 1073742 93858        cutoff              0.0266        0.0266 53000107    0.23%            x697 U 1075271 1075263     36
 1078805 96062        0.0266     6        0.0266        0.0266 53162953    0.23%            x552 D 1080067 1080063     36
 1083848 98976        0.0266     4        0.0266        0.0266 53358287    0.23%            x702 U 1080908 1080904     33
 1088910 100694        0.0266     8        0.0266        0.0266 53483017    0.23%            x475 D 1090067 1090059     35
 1094411 103025        0.0266     5        0.0266        0.0266 53642471    0.23%            x115 D 1095451 1095443     43
Elapsed time = 1572.42 sec. (1122438.25 ticks, tree = 332.28 MB, solutions = 8)
 1099614 105932        0.0266     6        0.0266        0.0266 53837039    0.23%            x712 U 1096988 1096984     45
 1104786 108966        cutoff              0.0266        0.0266 54082712    0.23%            x725 D 1105299 1105291     46
 1110104 111299        0.0266     4        0.0266        0.0266 54298037    0.23%            x711 D 1107984 1107980     34
 1115435 112171        cutoff              0.0266        0.0266 54403183    0.23%            x819 U 1116053 1116049     20
 1120959 113420        cutoff              0.0266        0.0266 54607374    0.23%           x1035 D 1121251 783655     27
 1126783 113037        0.0266     7        0.0266        0.0266 54769525    0.23%            x705 D 1127211 1127203     40
 1132368 112704        0.0266     4        0.0266        0.0266 54920428    0.23%           x1034 U 1132667 1132663     34
 1138163 113854        0.0266     6        0.0266        0.0266 55179199    0.23%            x911 D 1138563 1138559     42
 1143457 114327        0.0266     7        0.0266        0.0266 55308672    0.22%            x476 D 1144161 945010     28
 1148790 116012        cutoff              0.0266        0.0266 55469687    0.22%           x1036 D 1149853 1149849     38
Elapsed time = 1630.73 sec. (1160592.10 ticks, tree = 323.90 MB, solutions = 8)
 1154472 117854        0.0266     5        0.0266        0.0266 55622239    0.21%            x822 D 1155813 1155809     35
 1159775 119526        0.0266     9        0.0266        0.0266 55777403    0.21%            x482 D 1161165 1161161     45
 1165431 121661        0.0266     2        0.0266        0.0266 55957439    0.21%            x522 U 1165963 1165959     42
 1170941 123597        cutoff              0.0266        0.0266 56169046    0.21%            x819 D 1171190 731180     27
 1176721 125246        0.0266     8        0.0266        0.0266 56332135    0.20%            x707 D 1179121 1179113     36
 1182671 127000        cutoff              0.0266        0.0266 56464447    0.20%            x119 U 1182766 1168836     32
 1188345 129554        cutoff              0.0266        0.0266 56639937    0.20%            x702 U 1191189 1191181     57
 1194222 132360        cutoff              0.0266        0.0266 56818336    0.20%            x724 D 1193739 1193731     42
 1199821 134293        0.0266     7        0.0266        0.0266 56949747    0.20%            x715 U 1203221 1203209     43
 1205426 137114        0.0266     5        0.0266        0.0266 57133362    0.20%            x932 U 1204655 1204651     39
Elapsed time = 1689.22 sec. (1198744.11 ticks, tree = 338.58 MB, solutions = 8)
 1211112 139888        0.0266     2        0.0266        0.0266 57327306    0.20%           x1037 U 1208828 1208824     42
 1216912 141276        0.0266     5        0.0266        0.0266 57416655    0.20%            x707 D 1220501 1220493     40
 1222657 143869        0.0266     6        0.0266        0.0266 57603700    0.20%            x485 D 1221435 1221427     40
 1228146 146515        0.0266     2        0.0266        0.0266 57803610    0.20%            x120 D 1225300 1225292     40
 1233750 148010        cutoff              0.0266        0.0266 57927126    0.20%            x914 U 1232167 1232163     62
 1239725 151529        0.0266     2        0.0266        0.0266 58216868    0.20%            x558 D 1238843 1238839     35
 1245713 154038        0.0266     2        0.0266        0.0266 58421233    0.20%           x1040 U 1242728 1242724     48
 1251994 155511        0.0266     3        0.0266        0.0266 58544167    0.20%           x1035 U 1251299 1251295     48
 1258648 157463        0.0266     6        0.0266        0.0266 58706147    0.20%            x931 U 1257467 1257459     43
 1264697 159477        0.0266     9        0.0266        0.0266 58868985    0.20%            x460 U 1263891 1263887     35
Elapsed time = 1745.12 sec. (1236895.85 ticks, tree = 358.56 MB, solutions = 8)
 1270404 161231        0.0266     3        0.0266        0.0266 59029049    0.20%            x913 U 1269623 1269619     36
 1276494 163393        cutoff              0.0266        0.0266 59225795    0.20%            x457 U 1273532 1273528     36
 1282371 164037        0.0266     7        0.0266        0.0266 59354157    0.20%            x472 D 1281979 1281971     43
 1288030 165255        0.0266     6        0.0266        0.0266 59512613    0.20%            x705 D 1288043 1288035     43
 1294262 166349        0.0266     9        0.0266        0.0266 59670899    0.20%            x116 D 1294475 1048030     44
 1299067 166874        0.0266     5        0.0266        0.0266 59902560    0.20%            x703 U 1298818 1042439     38
 1304665 166975        0.0266     4        0.0266        0.0266 59999665    0.19%            x558 D 1304187 1304183     52
 1310965 168385        0.0266     6        0.0266        0.0266 60246127    0.19%             x33 U 1310570 1310566     35
 1317200 169389        0.0266     2        0.0266        0.0266 60338037    0.19%            x931 U 1316835 1316827     55
 1323535 171554        cutoff              0.0266        0.0266 60538345    0.19%            x724 D 1321100 1321092     47
Elapsed time = 1803.27 sec. (1275051.27 ticks, tree = 358.86 MB, solutions = 8)
 1329711 173639        0.0266     6        0.0266        0.0266 60733637    0.19%            x466 U 1330298 1330294     40
 1336194 175506        0.0266     6        0.0266        0.0266 60953642    0.19%            x712 D 1335203 1335195     37
 1342457 175997        cutoff              0.0266        0.0266 61035572    0.19%            x913 U 1340532 1340528     51
 1348636 177966        cutoff              0.0266        0.0266 61320386    0.18%            x838 U 1346688 923866     29
 1354944 179021        cutoff              0.0266        0.0266 61394420    0.18%            x473 U 1355918 1355914     50
 1361515 181815        0.0266     6        0.0266        0.0266 61611413    0.18%            x465 D 1360243 1360179     38
 1367642 183756        0.0266     7        0.0266        0.0266 61742870    0.18%            x791 D 1369701 1369697     47
 1373917 186392        0.0266     6        0.0266        0.0266 61935586    0.18%            x704 D 1373043 1373035     39
 1380605 188488        0.0266     4        0.0266        0.0266 62073332    0.18%            x710 D 1382545 1382537     42
 1387480 191588        0.0266     6        0.0266        0.0266 62265649    0.18%           x1038 U 1387091 1387087     47
Elapsed time = 1862.89 sec. (1313203.58 ticks, tree = 371.10 MB, solutions = 8)
 1394509 193376        cutoff              0.0266        0.0266 62397369    0.18%            x473 U 1396041 1396037     48
 1401139 194812        0.0266    19        0.0266        0.0266 62539218    0.18%            x825 D 1401546 956813     21
 1407388 196634        0.0266     2        0.0266        0.0266 62729034    0.18%            x612 D 1408749 1408745     47
 1413983 197720        0.0266     9        0.0266        0.0266 62892535    0.18%             x34 U 1415469 1415465     31
 1419745 198389        0.0266     5        0.0266        0.0266 63034722    0.18%            x709 D 1420078 1420074     38
 1426040 199848        0.0266    11        0.0266        0.0266 63304165    0.17%            x458 U 1424404 1094869     36
 1432255 200916        0.0266     5        0.0266        0.0266 63407950    0.17%            x459 U 1433421 1433413     41
 1438965 203465        0.0266     3        0.0266        0.0266 63617431    0.17%            x467 U 1438783 1438779     42
 1445120 205345        cutoff              0.0266        0.0266 63776025    0.17%            x913 U 1445785 1445781     46
 1451432 207383        0.0266     6        0.0266        0.0266 63935801    0.17%            x483 U 1451558 1451550     42
Elapsed time = 1925.33 sec. (1351354.17 ticks, tree = 382.90 MB, solutions = 8)
 1457893 209919        0.0266     2        0.0266        0.0266 64119247    0.17%            x552 D 1457646 1457642     41
 1464785 213087        0.0266     5        0.0266        0.0266 64327295    0.17%            x479 D 1466085 1466081     51
 1471595 216179        0.0266     4        0.0266        0.0266 64553708    0.17%            x479 D 1471479 1471475     38
 1478103 218547        0.0266     5        0.0266        0.0266 64707356    0.17%            x804 D 1479673 1479669     49
 1484398 221620        0.0266     4        0.0266        0.0266 64961696    0.17%            x711 D 1483480 1483476     37
 1491019 222498        cutoff              0.0266        0.0266 65047959    0.17%            x725 D 1490470 1490462     48
 1497131 225117        0.0266     2        0.0266        0.0266 65306318    0.17%            x914 U 1497235 1497231     54
 1503247 227457        0.0266     2        0.0266        0.0266 65531095    0.17%            x810 D 1502100 1502096     41
 1509934 228350        0.0266     4        0.0266        0.0266 65613458    0.17%            x552 D 1509338 1509334     43
 1516600 229985        cutoff              0.0266        0.0266 65766781    0.17%            x717 U 1515368 1515360     39
Elapsed time = 1990.53 sec. (1389505.06 ticks, tree = 406.07 MB, solutions = 8)
 1522716 232610        0.0266     2        0.0266        0.0266 66000077    0.17%            x916 U 1521954 1521950     58
 1528997 234914        0.0266     2        0.0266        0.0266 66217501    0.17%            x558 D 1530929 1530925     44
 1535619 236372        cutoff              0.0266        0.0266 66340766    0.17%            x723 D 1534480 1534472     44
 1541924 237999        0.0266     2        0.0266        0.0266 66487446    0.17%            x917 U 1541703 1541699     44
 1548014 240159        0.0266     7        0.0266        0.0266 66679149    0.17%            x120 D 1547631 1547623     40
 1554502 243060        0.0266     2        0.0266        0.0266 66934438    0.17%            x552 D 1552842 1552838     48
 1561045 243974        0.0266     6        0.0266        0.0266 67016560    0.17%            x478 U 1563701 1563669     42
 1567856 247673        cutoff              0.0266        0.0266 67321123    0.17%            x931 D 1565582 1565578     46
 1573958 249053        0.0266     8        0.0266        0.0266 67431927    0.17%            x917 U 1573975 1573971     38
 1580574 251728        0.0266     2        0.0266        0.0266 67661452    0.17%           x1037 U 1579244 1579240     42
Elapsed time = 2054.05 sec. (1427655.11 ticks, tree = 430.30 MB, solutions = 8)
 1587210 254145        0.0266     2        0.0266        0.0266 67860522    0.17%           x1037 U 1585932 1585928     52
 1593213 255902        0.0266     4        0.0266        0.0266 68004140    0.17%            x477 D 1592891 1049117     41
 1599337 257711        0.0266     3        0.0266        0.0266 68161785    0.17%            x476 U 1602509 1374125     43
 1605676 260664        0.0266     3        0.0266        0.0266 68421748    0.17%            x917 U 1604380 1604376     44
 1612744 261543        cutoff              0.0266        0.0266 68509742    0.17%            x723 U 1610278 1610274     36
 1619539 264946        0.0266     7        0.0266        0.0266 68778458    0.17%            x483 D 1619339 1619335     40
 1626314 266176        0.0266     5        0.0266        0.0266 68868540    0.17%            x931 U 1625756 1625748     40
 1633678 268208        0.0266     2        0.0266        0.0266 69008052    0.17%           x1038 U 1634543 1634539     53
 1640868 272529        cutoff              0.0266        0.0266 69306931    0.17%            x715 D 1643245 1643237     41
 1647574 274317        0.0266     2        0.0266        0.0266 69435497    0.17%            x552 D 1646524 1646520     40
Elapsed time = 2118.69 sec. (1465807.59 ticks, tree = 453.33 MB, solutions = 8)
 1654147 277133        cutoff              0.0266        0.0266 69622292    0.17%            x721 D 1653120 1653112     46
 1660595 279875        cutoff              0.0266        0.0266 69846288    0.17%            x916 D 1657470 1657462     45
 1667104 282437        cutoff              0.0266        0.0266 70053524    0.17%            x721 D 1664066 1664058     44
 1673259 283554        cutoff              0.0266        0.0266 70170916    0.17%            x792 U 1673855 1673847     50
 1679866 286258        0.0266     4        0.0266        0.0266 70438596    0.17%            x712 D 1676994 1676986     43
 1687095 287102        0.0266     4        0.0266        0.0266 70512501    0.17%            x934 U 1690409 1690401     50
 1694736 289250        0.0266     2        0.0266        0.0266 70706976    0.17%            x917 U 1697901 1697897     43
 1702189 292157        0.0266     2        0.0266        0.0266 70952350    0.17%            x816 D 1702051 1702047     51
 1709466 293545        cutoff              0.0266        0.0266 71086446    0.17%            x725 U 1707482 1707478     42
 1717698 294810        cutoff              0.0266        0.0266 71196276    0.17%            x713 U 1717675 1717671     39
Elapsed time = 2182.58 sec. (1503961.27 ticks, tree = 473.73 MB, solutions = 8)
 1725108 298470        cutoff              0.0266        0.0266 71523865    0.17%            x914 U 1727585 1727581     55
 1732241 299829        0.0266     2        0.0266        0.0266 71691389    0.17%            x792 D 1729942 1729938     42
 1737957 300821        0.0266     3        0.0266        0.0266 71789264    0.17%            x552 D 1737107 1737103     41
 1743950 302670        0.0266     2        0.0266        0.0266 71950317    0.17%            x816 D 1743139 1743135     48
 1749733 303802        0.0266     2        0.0266        0.0266 72082729    0.17%           x1038 U 1752341 1752337     55
 1754898 304663        0.0266     4        0.0266        0.0266 72328200    0.17%            x712 D 1755464 1755456     39
 1760276 304505        cutoff              0.0266        0.0266 72447896    0.17%             x34 D 1759447 1041397     39
 1765794 304267        cutoff              0.0266        0.0266 72524625    0.17%            x120 U 1766204 1766200     40
 1771847 303711        cutoff              0.0266        0.0266 72745802    0.17%           x1031 U 1774745 1774741     28
 1777728 303785        0.0266     6        0.0266        0.0266 72807922    0.17%            x931 U 1777159 1777151     45
Elapsed time = 2237.66 sec. (1542113.61 ticks, tree = 473.23 MB, solutions = 8)
 1783007 304258        0.0266     5        0.0266        0.0266 72962244    0.16%            x934 U 1782395 1782387     47
 1788455 305674        0.0266     8        0.0266        0.0266 73190688    0.16%            x934 U 1787348 1787340     47
 1794071 307182        0.0266     5        0.0266        0.0266 73413022    0.16%            x120 D 1793060 1793052     41
 1799585 307634        0.0266     8        0.0266        0.0266 73506858    0.16%             x35 U 1797746 1797742     39
 1805532 308657        cutoff              0.0266        0.0266 73723013    0.16%            x934 D 1804210 1124496     41
 1812568 309358        0.0266     3        0.0266        0.0266 73945586    0.16%           x1037 U 1814313 1814309     53
 1820669 310225        0.0266     8        0.0266        0.0266 74147178    0.15%            x575 D 1822377 1822373     52
 1828055 311142        0.0266     8        0.0266        0.0266 74319707    0.15%            x467 U 1827638 1825902     44
 1835641 311400        0.0266     6        0.0266        0.0266 74387424    0.15%           x1037 D 1837009 1016452     38
 1843563 312902        0.0266     5        0.0266        0.0266 74652620    0.15%           x1044 U 1842596 1842588     38
Elapsed time = 2297.22 sec. (1580266.04 ticks, tree = 473.02 MB, solutions = 8)
 1852032 313286        cutoff              0.0266        0.0266 74738988    0.15%            x725 D 1852162 1852154     47
 1860479 314001        cutoff              0.0266        0.0266 74937276    0.15%            x917 D 1860274 1601139     37
 1868509 314219        0.0266     4        0.0266        0.0266 75087690    0.15%            x467 D 1867896 1867892     41
 1877281 314722        0.0266     4        0.0266        0.0266 75295156    0.15%            x822 D 1877374 1877370     43
 1886720 316741        0.0266     4        0.0266        0.0266 75474170    0.15%            x461 D 1886582 1088914     37
 1895996 319411        0.0266     5        0.0266        0.0266 75657911    0.15%            x913 U 1895738 1895734     45
 1905071 321569        cutoff              0.0266        0.0266 75799834    0.15%            x707 U 1903324 1903320     48
 1913766 324929        cutoff              0.0266        0.0266 76000545    0.14%            x933 U 1914010 1914006     46
 1923232 325386        0.0266     2        0.0266        0.0266 76041645    0.14%            x816 D 1923618 1923614     41
 1932472 327915        0.0266     5        0.0266        0.0266 76241849    0.14%            x570 D 1934517 1934513     50
Elapsed time = 2364.05 sec. (1618420.42 ticks, tree = 480.98 MB, solutions = 8)
 1941193 328932        cutoff              0.0266        0.0266 76370630    0.14%            x702 D 1939116 1939108     51
 1948951 330735        0.0266     7        0.0266        0.0266 76563247    0.14%            x934 U 1946896 1946888     35
 1957372 332723        cutoff              0.0266        0.0266 76741149    0.14%            x931 D 1955860 1955856     40
 1965893 333692        cutoff              0.0266        0.0266 76840190    0.14%            x917 D 1966473 1839947     43
 1974295 335474        0.0266     2        0.0266        0.0266 77111488    0.14%            x552 D 1972912 1972908     50
 1980623 335730        0.0266     4        0.0266        0.0266 77224970    0.14%            x719 D 1981121 1981113     48
 1987854 335869        cutoff              0.0266        0.0266 77413529    0.14%            x472 U 1988973 1988969     38
 1996974 336153        cutoff              0.0266        0.0266 77569275    0.14%           x1030 D 1997622 154466     30
 2004885 337163        0.0266     2        0.0266        0.0266 77714774    0.14%           x1037 U 2003128 2003124     41
 2011739 338185        0.0266     2        0.0266        0.0266 77860521    0.14%            x916 U 2011855 2011851     48
Elapsed time = 2427.58 sec. (1656570.77 ticks, tree = 489.24 MB, solutions = 8)
 2019321 339682        0.0266     7        0.0266        0.0266 78098787    0.14%            x705 D 2018204 2018196     49
 2027692 340173        0.0266     5        0.0266        0.0266 78238251    0.13%            x792 D 2026787 2026783     46
 2035048 340764        cutoff              0.0266        0.0266 78463778    0.13%           x1043 U 2033856 2033852     48
 2040744 341094        cutoff              0.0266        0.0266 78575676    0.13%            x717 U 2042033 2042029     42
 2045509 341552        cutoff              0.0266        0.0266 78887965    0.13%            x709 U 2046246 1483111     43
 2050158 341376        cutoff              0.0266        0.0266 78964436    0.13%            x569 U 2051717 2051709     49
 2054675 340782        cutoff              0.0266        0.0266 79216144    0.13%            x473 U 2054215 2054211     44
 2059270 340399        cutoff              0.0266        0.0266 79381722    0.13%           x1043 D 2060349 2060341     43
 2063631 339856        0.0266     8        0.0266        0.0266 79634150    0.13%           x1037 U 2063231 2063227     35
 2067737 339193        cutoff              0.0266        0.0266 79782902    0.13%            x478 U 2067866 2061681     43
Elapsed time = 2479.64 sec. (1694726.77 ticks, tree = 487.11 MB, solutions = 8)
 2071867 338219        cutoff              0.0266        0.0266 80005448    0.13%            x467 U 2072122 2072118     46
 2077439 337555        cutoff              0.0266        0.0266 80171667    0.13%            x558 U 2076904 2076896     44
 2085019 337643        0.0266     3        0.0266        0.0266 80283225    0.13%            x909 D 2085513 2085509     41
 2091792 338216        cutoff              0.0266        0.0266 80548821    0.13%            x934 D 2091936 1095095     34
 2099513 338455        0.0266     2        0.0266        0.0266 80756740    0.13%            x792 D 2099338 2099334     45
 2107135 338368        0.0266     6        0.0266        0.0266 80857747    0.13%            x483 U 2107231 2107227     48
 2115334 338847        cutoff              0.0266        0.0266 80979797    0.13%            x576 D 2115258 2115254     47
 2123525 340606        0.0266     2        0.0266        0.0266 81188363    0.13%            x792 D 2123045 2123041     52
 2132490 342332        cutoff              0.0266        0.0266 81305324    0.13%            x120 D 2132384 2132376     45
 2140730 345349        0.0266     9        0.0266        0.0266 81517489    0.13%            x931 U 2139694 2139686     47
Elapsed time = 2538.03 sec. (1732877.77 ticks, tree = 488.35 MB, solutions = 8)
 2148908 346848        0.0266     2        0.0266        0.0266 81727207    0.13%            x564 D 2149249 2149245     48
 2156821 347049        cutoff              0.0266        0.0266 81768651    0.12%            x820 D 2157369 786563     23
 2165170 348745        cutoff              0.0266        0.0266 82054789    0.12%            x707 U 2163866 2163862     42
 2172055 349915        0.0266     5        0.0266        0.0266 82241728    0.12%            x713 U 2170914 1011343     34
 2179131 350354        cutoff              0.0266        0.0266 82395700    0.12%            x552 U 2179036 2179028     43
 2187033 350803        0.0266     2        0.0266        0.0266 82500556    0.12%            x485 U 2187537 2187533     47
 2195256 351940        cutoff              0.0266        0.0266 82680097    0.12%            x719 U 2195893 2195889     50
 2204387 354450        0.0266     2        0.0266        0.0266 82893336    0.12%            x570 D 2204263 2204259     55
 2213072 356753        0.0266     2        0.0266        0.0266 83077124    0.12%            x570 D 2212835 2212831     52
 2220994 358034        cutoff              0.0266        0.0266 83219003    0.12%            x933 U 2221301 2221297     51
Elapsed time = 2599.38 sec. (1771030.44 ticks, tree = 497.10 MB, solutions = 8)
 2230042 358820        0.0266     2        0.0266        0.0266 83373195    0.12%            x461 U 2230510 1605119     43
 2238982 358938        0.0266     2        0.0266        0.0266 83543804    0.12%             x35 U 2238502 2238498     41
 2247527 359030        cutoff              0.0266        0.0266 83724212    0.12%            x702 U 2246162 2246158     47
 2255853 359412        0.0266     4        0.0266        0.0266 83859203    0.12%            x910 D 2256304 2256296     53
 2264495 359236        0.0266     2        0.0266        0.0266 84059495    0.12%            x914 U 2262838 2262834     43
 2273165 358897        0.0266     5        0.0266        0.0266 84157956    0.12%            x911 D 2274091 2274087     39
 2280786 357984        cutoff              0.0266        0.0266 84341707    0.12%            x547 U 2282227 1195230     42
 2289393 355802        cutoff              0.0266        0.0266 84556012    0.11%            x839 U 2290024 881669     28
 2297838 354176        cutoff              0.0266        0.0266 84718999    0.11%            x482 U 2298468 2298460     40
 2305156 354347        0.0266    11        0.0266        0.0266 84952418    0.11%           x1036 U 2302374 2302370     36
Elapsed time = 2659.66 sec. (1809181.14 ticks, tree = 480.98 MB, solutions = 8)
 2311738 354745        0.0266     5        0.0266        0.0266 85058784    0.11%            x481 D 2314515 2314511     39
 2317769 355419        0.0266     5        0.0266        0.0266 85207294    0.11%            x713 D 2317201 2316913     30
 2325303 355718        cutoff              0.0266        0.0266 85436479    0.11%            x471 U 2327311 2327307     45
 2334169 355487        0.0266     6        0.0266        0.0266 85570060    0.11%            x510 D 2333406 2333398     52
 2342700 355103        cutoff              0.0266        0.0266 85756008    0.11%           x1038 U 2340725 2340721     56
 2350443 354851        cutoff              0.0266        0.0266 85860456    0.10%           x1043 U 2351272 2351268     44
 2357159 354436        0.0266     3        0.0266        0.0266 86032102    0.10%            x461 D 2357692 2357684     41
 2362996 354469        0.0266     6        0.0266        0.0266 86137591    0.10%            x120 D 2362029 2362025     43
 2370234 353899        0.0266     7        0.0266        0.0266 86477895    0.10%            x522 U 2369502 1959667     39
 2378191 353176        cutoff              0.0266        0.0266 86614139    0.10%            x791 U 2378960 1413217     48
Elapsed time = 2718.05 sec. (1847332.76 ticks, tree = 476.44 MB, solutions = 8)
 2387097 351929        cutoff              0.0266        0.0266 86786732    0.10%            x791 U 2387916 1547304     42
 2396452 350540        cutoff              0.0266        0.0266 86870697    0.10%            x909 U 2397235 1613071     44
 2405381 348146        cutoff              0.0266        0.0266 87028951    0.10%           x1043 D 2406287 2042323     41
 2414376 345045        0.0266     4        0.0266        0.0266 87320822    0.10%            x909 D 2414502 2414498     40
 2421202 344740        0.0266     4        0.0266        0.0266 87457835    0.10%            x710 D 2421172 2421164     36
 2427813 345176        cutoff              0.0266        0.0266 87668067    0.10%            x475 D 2427378 2427370     44
 2433764 345360        0.0266     6        0.0266        0.0266 87759021    0.10%            x709 D 2431645 2431609     38
 2439970 345970        0.0266     5        0.0266        0.0266 88021815    0.10%            x932 U 2439550 2439546     36
 2446821 346445        cutoff              0.0266        0.0266 88172403    0.10%            x473 U 2447132 2447128     43
 2453395 347353        0.0266     6        0.0266        0.0266 88366686    0.09%            x716 D 2453496 2453396     38
Elapsed time = 2776.31 sec. (1885485.88 ticks, tree = 462.61 MB, solutions = 8)
 2459502 347716        cutoff              0.0266        0.0266 88463392    0.09%            x934 D 2461823 2461815     52
 2465859 348348        cutoff              0.0266        0.0266 88644783    0.09%            x481 U 2468311 2468303     43
 2472789 348498        cutoff              0.0266        0.0266 88776495    0.09%            x794 U 2472596 2472592     47
 2480539 348676        0.0266     2        0.0266        0.0266 88868574    0.09%            x917 U 2482243 2482239     50
 2488461 347662        0.0266    10        0.0266        0.0266 89166113    0.09%            x723 D 2487758 2431400     38
 2497426 346813        0.0266     6        0.0266        0.0266 89297031    0.09%            x522 U 2497652 2493452     35
 2507064 345647        cutoff              0.0266        0.0266 89491751    0.09%            x120 D 2506882 2506878     47
 2516743 344602        0.0266     6        0.0266        0.0266 89651039    0.09%            x510 D 2516674 2516666     48
 2525735 342837        cutoff              0.0266        0.0266 89793638    0.09%            x931 D 2525498 1089861     37
 2536080 341646        0.0266     6        0.0266        0.0266 89933510    0.09%            x498 D 2535978 2535970     45
Elapsed time = 2835.52 sec. (1923636.25 ticks, tree = 451.03 MB, solutions = 8)
 2546949 340710        0.0266     2        0.0266        0.0266 90050370    0.09%            x804 D 2548916 2548912     45
 2556476 339537        cutoff              0.0266        0.0266 90229806    0.09%            x934 U 2555182 2555174     49
 2565064 338977        cutoff              0.0266        0.0266 90370453    0.09%            x552 U 2564530 1597591     38
 2575489 338233        cutoff              0.0266        0.0266 90513850    0.09%            x810 U 2574810 2574806     45
 2585485 338004        cutoff              0.0266        0.0266 90560601    0.09%            x120 U 2585719 2585715     49
 2595438 335776        cutoff              0.0266        0.0266 90751531    0.09%            x492 U 2595967 2595963     42
 2604200 333806        0.0266     4        0.0266        0.0266 90930981    0.09%            x464 D 2601369 2601361     43
 2613748 332763        cutoff              0.0266        0.0266 91042671    0.09%            x498 U 2613167 2613163     46
 2624537 328893        cutoff              0.0266        0.0266 91256818    0.09%            x932 D 2625078 1318531     49
 2635222 326622        0.0266     4        0.0266        0.0266 91403533    0.09%            x702 D 2635182 1036651     42
Elapsed time = 2893.08 sec. (1961785.88 ticks, tree = 428.79 MB, solutions = 8)
 2646007 325419        cutoff              0.0266        0.0266 91532611    0.08%            x805 U 2644057 1667422     58
 2656883 323113        cutoff              0.0266        0.0266 91639414    0.08%            x551 U 2656271 1468021     37
 2668135 319000        0.0266     7        0.0266        0.0266 91806173    0.08%            x540 D 2668394 2668390     40
 2679521 315137        cutoff              0.0266        0.0266 92019860    0.08%            x552 U 2679538 2520026     45
 2690438 313750        cutoff              0.0266        0.0266 92091768    0.08%            x792 U 2688397 2627441     46
 2702134 311760        cutoff              0.0266        0.0266 92186455    0.08%            x912 U 2701795 1512818     52
 2715335 307888        cutoff              0.0266        0.0266 92345031    0.08%            x711 U 2714795 2714791     49
 2725128 306951        cutoff              0.0266        0.0266 92401087    0.08%            x481 D 2727050 2727042     47
 2732925 305852        cutoff              0.0266        0.0266 92629021    0.08%            x120 D 2732071 2732063     42
 2741137 305347        cutoff              0.0266        0.0266 92754474    0.08%            x701 U 2744832 1982444     44
Elapsed time = 2954.86 sec. (1999937.75 ticks, tree = 398.38 MB, solutions = 8)
 2748661 303629        0.0266     3        0.0266        0.0266 92968376    0.07%            x702 U 2747843 2747839     42
 2757995 300715        0.0266     2        0.0266        0.0266 93170206    0.07%            x522 D 2754181 1165187     44
 2768861 296714        cutoff              0.0266        0.0266 93304911    0.07%            x913 D 2765357 2141556     46
 2779995 290177        cutoff              0.0266        0.0266 93464797    0.07%            x510 U 2776561 2776557     53
 2791799 284407        cutoff              0.0266        0.0266 93599232    0.07%            x787 U 2791982 1454518     52
 2803346 278404        cutoff              0.0266        0.0266 93756198    0.07%            x798 U 2803542 2187058     46
 2814687 274873        cutoff              0.0266        0.0266 93879130    0.07%           x1038 D 2811233 2225009     41
 2825771 271498        cutoff              0.0266        0.0266 93980281    0.07%            x552 U 2825291 2114490     50
 2837441 268041        cutoff              0.0266        0.0266 94110251    0.07%            x792 U 2837155 1825747     45
 2849665 262522        cutoff              0.0266        0.0266 94238503    0.06%           x1037 D 2853948 1185971     40
Elapsed time = 3006.89 sec. (2038089.08 ticks, tree = 342.49 MB, solutions = 8)
 2861495 255772        cutoff              0.0266        0.0266 94340222    0.06%           x1038 D 2861166 1564503     45
 2874150 254164        0.0266     6        0.0266        0.0266 94488370    0.06%            x540 U 2869757 2869753     46
 2885824 252661        cutoff              0.0266        0.0266 94550522    0.06%            x933 D 2885722 1798849     39
 2898384 251073        0.0266     7        0.0266        0.0266 94705673    0.06%            x504 D 2893945 2893929     44
 2909364 249548        0.0266     5        0.0266        0.0266 94836044    0.06%            x809 D 2909283 2909279     48
 2920149 247310        0.0266     5        0.0266        0.0266 94949331    0.06%            x570 D 2920351 2920347     45
 2930856 244266        0.0266     7        0.0266        0.0266 95066840    0.06%            x534 U 2925117 2877300     53
 2941564 241879        0.0266     7        0.0266        0.0266 95185815    0.06%            x516 D 2935493 2935485     48
 2952742 239757        cutoff              0.0266        0.0266 95330044    0.05%            x558 U 2946469 2729309     37
 2964753 236277        cutoff              0.0266        0.0266 95466815    0.05%           x1037 D 2964430 1108424     51
Elapsed time = 3067.45 sec. (2076239.41 ticks, tree = 306.13 MB, solutions = 8)
 2976818 232361        0.0266     9        0.0266        0.0266 95562770    0.05%            x534 U 2982412 2982408     42
 2989001 228482        cutoff              0.0266        0.0266 95672945    0.05%            x702 U 2989311 2989307     52
 3000981 224112        cutoff              0.0266        0.0266 95827851    0.05%            x702 D 3007116 2873911     45
 3013158 221372        cutoff              0.0266        0.0266 95992340    0.05%            x702 D 3012990 2917006     43
 3026024 216986        cutoff              0.0266        0.0266 96090987    0.05%           x1037 D 3032512 1048867     46
 3038033 215150        0.0266     8        0.0266        0.0266 96160400    0.05%            x576 D 3037847 3037843     58
 3047527 213223        0.0266     6        0.0266        0.0266 96256301    0.05%             x34 U 3048242 3048234     38
 3055878 210762        cutoff              0.0266        0.0266 96402733    0.05%            x477 U 3056638 3056634     45
 3064385 208862        0.0266     7        0.0266        0.0266 96689870    0.04%            x464 U 3070660 2056666     42
 3072850 207997        0.0266     5        0.0266        0.0266 96806251    0.04%            x475 D 3072511 3072503     42
Elapsed time = 3129.05 sec. (2114388.62 ticks, tree = 269.80 MB, solutions = 8)
 3080382 206276        cutoff              0.0266        0.0266 97058538    0.04%            x476 D 3086600 3085768     41
 3088004 205411        0.0266     3        0.0266        0.0266 97168059    0.04%            x467 D 3087435 3087431     44
 3097756 203161        cutoff              0.0266        0.0266 97368621    0.04%            x914 U 3091557 3091553     44
 3107016 197610        cutoff              0.0266        0.0266 97587364    0.04%            x564 U 3105819 1628171     43
 3119655 194079        0.0266     4        0.0266        0.0266 97726377    0.04%            x467 D 3113505 3113497     41
 3131827 188881        0.0266     2        0.0266        0.0266 97851567    0.04%           x1037 U 3131095 1123668     39
 3144755 183356        cutoff              0.0266        0.0266 97967209    0.04%            x557 U 3143991 3143983     53
 3157766 180008        cutoff              0.0266        0.0266 98086929    0.04%            x461 U 3156438 3156434     42
 3171562 175221        cutoff              0.0266        0.0266 98200813    0.04%            x557 U 3170687 2943868     42
 3183871 167385        cutoff              0.0266        0.0266 98307277    0.04%            x558 U 3182526 1531020     41
Elapsed time = 3186.02 sec. (2152538.34 ticks, tree = 219.17 MB, solutions = 8)
 3195846 160773        cutoff              0.0266        0.0266 98405856    0.03%           x1027 D 3203496 219662     25
 3207634 153933        cutoff              0.0266        0.0266 98506536    0.03%            x932 D 3202645 1437519     45
 3220183 144499        cutoff              0.0266        0.0266 98631611    0.03%            x576 U 3218594 1554413     38
 3232511 135744        cutoff              0.0266        0.0266 98718251    0.03%            x913 D 3240004 2758720     54
 3245322 126905        cutoff              0.0266        0.0266 98803122    0.03%            x798 U 3252724 2914183     43
 3258163 116197        cutoff              0.0266        0.0266 98915009    0.02%           x1037 D 3252845 1679129     43
 3270777 106892        cutoff              0.0266        0.0266 99005518    0.02%            x917 D 3270155 1513679     51
 3283456 97030        cutoff              0.0266        0.0266 99085474    0.02%            x912 U 3278121 1291786     41
 3296595 86058        cutoff              0.0266        0.0266 99153704    0.01%            x702 D 3295274 1711107     50
 3310145 75962        cutoff              0.0266        0.0266 99224075    0.01%            x570 U 3317296 1937730     41
Elapsed time = 3230.03 sec. (2190689.09 ticks, tree = 106.98 MB, solutions = 8)

Cover cuts applied:  18
User cuts applied:  1

Root node processing (before b&c):
  Real time             =    0.28 sec. (265.25 ticks)
Parallel b&c, 4 threads:
  Real time             = 3231.12 sec. (2191787.62 ticks)
  Sync time (average)   =   96.83 sec.
  Wait time (average)   =    0.00 sec.
                          ------------
Total (root+branch&cut) = 3231.41 sec. (2192052.87 ticks)
