Version identifier: 22.2.0.0 | 2026-05-04 | 5dff98e58
CPXPARAM_Read_DataCheck                          1
CPXPARAM_Threads                                 4
CPXPARAM_Parallel                                1
CPXPARAM_RandomSeed                              20260925
CPXPARAM_MIP_Strategy_Search                     1
CPXPARAM_Simplex_Tolerances_Optimality           1.0000000000000001e-09
CPXPARAM_Simplex_Tolerances_Feasibility          1.0000000000000001e-09
CPXPARAM_TimeLimit                               600
CPXPARAM_MIP_Tolerances_AbsMIPGap                1.0000000000000001e-09
CPXPARAM_MIP_Tolerances_Integrality              1.0000000000000001e-09
Legacy callback                                  iLUD
Lazy constraint(s) or lazy constraint/branch callback is present.
    Disabling dual reductions (CPX_PARAM_REDUCE) in presolve.
    Disabling presolve reductions that prevent crushing forms (CPX_PARAM_PREREFORM).
         Disabling repeat represolve because of lazy constraint/incumbent callback.
Warning: Effort level 'CheckFeas' is incompatible with lazy constraint/incumbent callback.
         Effort level increased to 'SolveFixed'.
1 of 1 MIP starts provided solutions.
MIP start 'm1' defined initial solution with objective -0.2095.
Tried aggregator 1 time.
MIP Presolve eliminated 37 rows and 0 columns.
Reduced MIP has 299 rows, 362 columns, and 2165 nonzeros.
Reduced MIP has 174 binaries, 0 generals, 0 SOSs, and 0 indicators.
Presolve time = 0.00 sec. (0.89 ticks)
Probing time = 0.00 sec. (0.08 ticks)
MIP emphasis: balance optimality and feasibility.
MIP search method: traditional branch-and-cut.
Parallel mode: deterministic, using up to 4 threads.
Root relaxation solution time = 0.02 sec. (5.88 ticks)

        Nodes                                         Cuts/
   Node  Left     Objective  IInf  Best Integer    Best Bound    ItCnt     Gap         Variable B NodeID Parent  Depth

*     0+    0                           -0.2095       -0.7809           272.71%
      0     0       -0.2691    32       -0.2095       -0.2691      383   28.42%
*     0+    0                           -0.2286       -0.2691            17.72%
      0     0       -0.2673    31       -0.2286       Cuts: 9      442   16.95%
      0     0       -0.2671    37       -0.2286   Flowcuts: 3      464   16.87%
*     0+    0                           -0.2452       -0.2671             8.93%
*     0+    0                           -0.2500       -0.2671             6.85%
      0     2       -0.2671    37       -0.2500       -0.2671      464    6.85%                        0             0
Elapsed time = 0.08 sec. (58.46 ticks, tree = 0.02 MB, solutions = 4)
*     3+    2                           -0.2571       -0.2659             3.40%
*   767+  307                           -0.2595       -0.2613             0.70%
*   830   315      integral     0       -0.2595       -0.2608    10323    0.51%

Flow cuts applied:  4
Mixed integer rounding cuts applied:  3
Gomory fractional cuts applied:  2
User cuts applied:  5

Root node processing (before b&c):
  Real time             =    0.08 sec. (58.26 ticks)
Parallel b&c, 4 threads:
  Real time             =    0.47 sec. (159.99 ticks)
  Sync time (average)   =    0.08 sec.
  Wait time (average)   =    0.00 sec.
                          ------------
Total (root+branch&cut) =    0.55 sec. (218.25 ticks)
