Version identifier: 22.2.0.0 | 2026-05-04 | 5dff98e58
CPXPARAM_Read_DataCheck                          1
CPXPARAM_Threads                                 4
CPXPARAM_Parallel                                1
CPXPARAM_RandomSeed                              20260925
CPXPARAM_MIP_Strategy_Search                     1
CPXPARAM_Simplex_Tolerances_Optimality           1.0000000000000001e-09
CPXPARAM_Simplex_Tolerances_Feasibility          1.0000000000000001e-09
CPXPARAM_TimeLimit                               600
CPXPARAM_MIP_Tolerances_AbsMIPGap                1.0000000000000001e-09
CPXPARAM_MIP_Tolerances_Integrality              1.0000000000000001e-09
Legacy callback                                  iLUD
Lazy constraint(s) or lazy constraint/branch callback is present.
    Disabling dual reductions (CPX_PARAM_REDUCE) in presolve.
    Disabling presolve reductions that prevent crushing forms (CPX_PARAM_PREREFORM).
         Disabling repeat represolve because of lazy constraint/incumbent callback.
Warning: Effort level 'CheckFeas' is incompatible with lazy constraint/incumbent callback.
         Effort level increased to 'SolveFixed'.
1 of 1 MIP starts provided solutions.
MIP start 'm1' defined initial solution with objective 0.1510.
Tried aggregator 1 time.
MIP Presolve eliminated 37 rows and 0 columns.
MIP Presolve modified 90 coefficients.
Reduced MIP has 301 rows, 362 columns, and 2257 nonzeros.
Reduced MIP has 174 binaries, 0 generals, 0 SOSs, and 0 indicators.
Presolve time = 0.00 sec. (0.94 ticks)
Probing time = 0.00 sec. (0.09 ticks)
MIP emphasis: balance optimality and feasibility.
MIP search method: traditional branch-and-cut.
Parallel mode: deterministic, using up to 4 threads.
Root relaxation solution time = 0.02 sec. (7.48 ticks)

        Nodes                                         Cuts/
   Node  Left     Objective  IInf  Best Integer    Best Bound    ItCnt     Gap         Variable B NodeID Parent  Depth

*     0+    0                            0.1510        0.0000           100.00%
      0     0        0.1396    19        0.1510        0.1396      430    7.51%
      0     0        0.1415    30        0.1510       Cuts: 9      475    6.23%
      0     0        0.1429    32        0.1510       Cuts: 4      500    5.36%
      0     0        0.1432    29        0.1510    MIRcuts: 1      530    5.14%
      0     0        0.1433    36        0.1510   Flowcuts: 1      541    5.05%
      0     0        0.1436    33        0.1510    MIRcuts: 1      552    4.88%
      0     2        0.1436    33        0.1510        0.1436      552    4.88%                        0             0
Elapsed time = 0.06 sec. (52.74 ticks, tree = 0.02 MB, solutions = 1)
*   268+   21                            0.1502        0.1459             2.92%
*   392    16      integral     0        0.1498        0.1466     7489    2.11%

Flow cuts applied:  3
Mixed integer rounding cuts applied:  6
Gomory fractional cuts applied:  3
User cuts applied:  3

Root node processing (before b&c):
  Real time             =    0.06 sec. (52.51 ticks)
Parallel b&c, 4 threads:
  Real time             =    0.20 sec. (110.55 ticks)
  Sync time (average)   =    0.03 sec.
  Wait time (average)   =    0.00 sec.
                          ------------
Total (root+branch&cut) =    0.27 sec. (163.06 ticks)
