Version identifier: 22.2.0.0 | 2026-05-04 | 5dff98e58
CPXPARAM_Read_DataCheck                          1
CPXPARAM_Threads                                 4
CPXPARAM_Parallel                                1
CPXPARAM_RandomSeed                              20260925
CPXPARAM_MIP_Strategy_Search                     1
CPXPARAM_Simplex_Tolerances_Optimality           1.0000000000000001e-09
CPXPARAM_Simplex_Tolerances_Feasibility          1.0000000000000001e-09
CPXPARAM_TimeLimit                               600
CPXPARAM_MIP_Tolerances_AbsMIPGap                1.0000000000000001e-09
CPXPARAM_MIP_Tolerances_Integrality              1.0000000000000001e-09
Legacy callback                                  iLUD
Lazy constraint(s) or lazy constraint/branch callback is present.
    Disabling dual reductions (CPX_PARAM_REDUCE) in presolve.
    Disabling presolve reductions that prevent crushing forms (CPX_PARAM_PREREFORM).
         Disabling repeat represolve because of lazy constraint/incumbent callback.
Warning: Effort level 'CheckFeas' is incompatible with lazy constraint/incumbent callback.
         Effort level increased to 'SolveFixed'.
1 of 1 MIP starts provided solutions.
MIP start 'm1' defined initial solution with objective -0.1976.
Tried aggregator 1 time.
MIP Presolve eliminated 37 rows and 0 columns.
Reduced MIP has 299 rows, 362 columns, and 2165 nonzeros.
Reduced MIP has 174 binaries, 0 generals, 0 SOSs, and 0 indicators.
Presolve time = 0.00 sec. (0.88 ticks)
Probing time = 0.00 sec. (0.08 ticks)
MIP emphasis: balance optimality and feasibility.
MIP search method: traditional branch-and-cut.
Parallel mode: deterministic, using up to 4 threads.
Root relaxation solution time = 0.02 sec. (5.23 ticks)

        Nodes                                         Cuts/
   Node  Left     Objective  IInf  Best Integer    Best Bound    ItCnt     Gap         Variable B NodeID Parent  Depth

*     0+    0                           -0.1976       -0.9684           390.03%
      0     0       -0.2691    32       -0.1976       -0.2691      357   36.15%
*     0+    0                           -0.2071       -0.2691            29.89%
      0     0       -0.2666    35       -0.2071       Cuts: 9      412   28.72%
*     0+    0                           -0.2190       -0.2666            21.72%
      0     0       -0.2661    39       -0.2190       Cuts: 3      431   21.48%
*     0+    0                           -0.2214       -0.2661            20.18%
      0     0       -0.2647    43       -0.2214       Cuts: 3      478   19.56%
*     0+    0                           -0.2238       -0.2647            18.28%
      0     0       -0.2647    43       -0.2238   Flowcuts: 1      479   18.28%
*     0+    0                           -0.2333       -0.2647            13.46%
*     0+    0                           -0.2405       -0.2647            10.09%
      0     0  -1.00000e+75     0       -0.2405       -0.2647      479   10.09%
      0     2       -0.2647    38       -0.2405       -0.2647      479   10.09%                        0             0
Elapsed time = 0.11 sec. (69.08 ticks, tree = 0.02 MB, solutions = 7)
*     9+    3                           -0.2548       -0.2636             3.48%
*    13+    9                           -0.2595       -0.2635             1.52%

Flow cuts applied:  2
Mixed integer rounding cuts applied:  6
Gomory fractional cuts applied:  1
User cuts applied:  1

Root node processing (before b&c):
  Real time             =    0.09 sec. (68.87 ticks)
Parallel b&c, 4 threads:
  Real time             =    0.16 sec. (83.06 ticks)
  Sync time (average)   =    0.02 sec.
  Wait time (average)   =    0.00 sec.
                          ------------
Total (root+branch&cut) =    0.25 sec. (151.93 ticks)
