Version identifier: 22.2.0.0 | 2026-05-04 | 5dff98e58
CPXPARAM_Read_DataCheck                          1
CPXPARAM_Threads                                 4
CPXPARAM_Parallel                                1
CPXPARAM_RandomSeed                              20260925
CPXPARAM_Simplex_Tolerances_Optimality           1.0000000000000001e-09
CPXPARAM_Simplex_Tolerances_Feasibility          1.0000000000000001e-09
CPXPARAM_TimeLimit                               600
CPXPARAM_MIP_Tolerances_AbsMIPGap                1.0000000000000001e-09
CPXPARAM_MIP_Tolerances_Integrality              1.0000000000000001e-09
Legacy callback                                  i
1 of 1 MIP starts provided solutions.
MIP start 'm1' defined initial solution with objective 0.1507.
Tried aggregator 1 time.
MIP Presolve eliminated 37 rows and 2 columns.
MIP Presolve modified 504 coefficients.
Reduced MIP has 659 rows, 708 columns, and 5670 nonzeros.
Reduced MIP has 174 binaries, 0 generals, 0 SOSs, and 0 indicators.
Presolve time = 0.02 sec. (2.27 ticks)
Probing time = 0.00 sec. (0.17 ticks)
Tried aggregator 1 time.
Detecting symmetries...
Reduced MIP has 659 rows, 708 columns, and 5670 nonzeros.
Reduced MIP has 174 binaries, 0 generals, 0 SOSs, and 0 indicators.
Presolve time = 0.00 sec. (2.24 ticks)
Probing time = 0.00 sec. (0.17 ticks)
MIP emphasis: balance optimality and feasibility.
MIP search method: dynamic search.
Parallel mode: deterministic, using up to 4 threads.
Root relaxation solution time = 0.00 sec. (8.28 ticks)

        Nodes                                         Cuts/
   Node  Left     Objective  IInf  Best Integer    Best Bound    ItCnt     Gap

*     0+    0                            0.1507        0.0000           100.00%
      0     0        0.1303    26        0.1507        0.1303      380   13.57%
      0     0        0.1305    36        0.1507      Cuts: 30      576   13.44%
      0     0        0.1305    45        0.1507      Cuts: 32      738   13.39%
      0     0        0.1306    50        0.1507   MIRcuts: 31      909   13.33%
      0     0        0.1307    55        0.1507   MIRcuts: 29     1016   13.26%
      0     0        0.1308    60        0.1507   MIRcuts: 27     1100   13.19%
Detecting symmetries...
      0     0        0.1310    59        0.1507      Cuts: 28     1283   13.08%
      0     0        0.1311    62        0.1507      Cuts: 30     1366   12.99%
      0     0        0.1312    67        0.1507   MIRcuts: 26     1459   12.93%
      0     0        0.1314    72        0.1507   MIRcuts: 23     1581   12.79%
      0     0        0.1316    68        0.1507   MIRcuts: 23     1664   12.70%
      0     0        0.1316    67        0.1507      Cuts: 18     1731   12.66%
      0     0        0.1318    70        0.1507   MIRcuts: 19     1822   12.57%
*     0+    0                            0.1500        0.1318            12.15%
      0     0        0.1319    75        0.1500   MIRcuts: 17     1885   12.08%
      0     0        0.1320    70        0.1500    MIRcuts: 6     1944   11.99%
      0     0        0.1321    64        0.1500    MIRcuts: 8     1996   11.95%
      0     0        0.1322    66        0.1500    MIRcuts: 8     2046   11.86%
      0     0        0.1322    64        0.1500    MIRcuts: 4     2088   11.84%
Detecting symmetries...
      0     2        0.1322    64        0.1500        0.1322     2088   11.84%
Elapsed time = 0.47 sec. (460.15 ticks, tree = 0.02 MB, solutions = 2)
     76    60        0.1378    31        0.1500        0.1327    10389   11.51%
    313   219        0.1446    48        0.1500        0.1332    25986   11.19%
    568   365        0.1361    42        0.1500        0.1333    37109   11.14%
    863   610        0.1428    35        0.1500        0.1337    52057   10.86%
   1133   897        0.1380    36        0.1500        0.1340    72008   10.68%
   1494  1222        0.1397    41        0.1500        0.1342    87110   10.56%
   1793  1424        0.1417    36        0.1500        0.1342   101844   10.50%
   2105  1645        0.1370    46        0.1500        0.1343   117822   10.46%
   2444  1882        0.1411    36        0.1500        0.1344   134133   10.38%

Performing restart 1

Repeating presolve.
Tried aggregator 1 time.
MIP Presolve modified 168 coefficients.
Reduced MIP has 659 rows, 708 columns, and 5622 nonzeros.
Reduced MIP has 174 binaries, 0 generals, 0 SOSs, and 0 indicators.
Presolve time = 0.00 sec. (2.54 ticks)
Tried aggregator 1 time.
Reduced MIP has 659 rows, 708 columns, and 5622 nonzeros.
Reduced MIP has 174 binaries, 0 generals, 0 SOSs, and 0 indicators.
Presolve time = 0.02 sec. (2.25 ticks)
Represolve time = 0.02 sec. (10.99 ticks)
   2483     0        0.1326    68        0.1500      Cuts: 13   143389   10.34%
   2483     0        0.1329    65        0.1500      Cuts: 13   143501   10.34%
   2483     0        0.1331    56        0.1500   MIRcuts: 15   143562   10.34%
   2483     0        0.1331    56        0.1500    MIRcuts: 6   143592   10.34%
   2483     0        0.1336    57        0.1500       Cuts: 9   143681   10.34%
   2483     0        0.1338    63        0.1500      Cuts: 18   143767   10.34%
   2483     0        0.1341    50        0.1500   MIRcuts: 15   143872   10.34%
   2483     0        0.1342    67        0.1500      Cuts: 14   143960   10.34%
   2483     0        0.1343    60        0.1500    MIRcuts: 3   144018   10.34%
   2483     0        0.1343    61        0.1500    MIRcuts: 3   144044   10.34%
   2483     0        0.1344    59        0.1500       Cuts: 5   144110   10.34%
   2483     0        0.1346    67        0.1500       Cuts: 6   144190   10.29%
   2483     0        0.1347    66        0.1500    MIRcuts: 6   144256   10.23%
   2483     0        0.1347    65        0.1500       Cuts: 6   144318   10.20%
   2483     0        0.1347    62        0.1500       Cuts: 4   144348   10.19%
   2483     0        0.1347    68        0.1500       Cuts: 4   144387   10.18%
   2483     0        0.1348    60        0.1500    MIRcuts: 2   144449   10.11%
   2483     0        0.1349    64        0.1500       Cuts: 2   144474   10.09%
   2483     2        0.1349    64        0.1500        0.1349   144474   10.09%
Elapsed time = 7.34 sec. (7566.68 ticks, tree = 0.02 MB, solutions = 2)
   2915   305        0.1397    41        0.1500        0.1360   176382    9.34%
   3778   993        0.1452    34        0.1500        0.1366   220346    8.91%
   4512  1594        0.1411    60        0.1500        0.1370   266468    8.69%
   5189  2138        0.1395    33        0.1500        0.1372   319984    8.56%
   6018  2815        0.1401    53        0.1500        0.1376   374928    8.28%
*  6522+ 3150                            0.1498        0.1377             8.06%
   6869  3417        0.1430    39        0.1498        0.1378   431024    7.97%
   7697  3970        0.1435    53        0.1498        0.1381   483107    7.81%
   8555  4658        0.1415    50        0.1498        0.1383   544947    7.63%
   9187  5041        0.1419    48        0.1498        0.1385   593853    7.53%
   9819  5507        0.1461    50        0.1498        0.1386   654953    7.43%
Elapsed time = 15.77 sec. (17115.85 ticks, tree = 23.40 MB, solutions = 3)
  10501  5834        0.1454    44        0.1498        0.1387   699833    7.37%
  11204  6390        0.1452    32        0.1498        0.1389   761001    7.27%
  11870  6812        0.1468    41        0.1498        0.1389   824624    7.22%
  12491  7102        0.1398    41        0.1498        0.1390   872807    7.16%
  13162  7516        0.1487    47        0.1498        0.1392   933421    7.08%
  13837  7923        0.1483    48        0.1498        0.1393   994324    7.02%
  14458  8292        cutoff              0.1498        0.1393  1050652    6.97%
  15176  8748        0.1436    50        0.1498        0.1394  1114594    6.91%
  15885  9218        0.1456    29        0.1498        0.1395  1177381    6.86%
  16520  9528        0.1484    43        0.1498        0.1396  1232657    6.80%
Elapsed time = 23.86 sec. (26673.28 ticks, tree = 39.34 MB, solutions = 3)
  17251  9947        0.1466    59        0.1498        0.1397  1290017    6.74%
  17863 10233        0.1467    48        0.1498        0.1397  1342201    6.71%
  18511 10734        0.1463    39        0.1498        0.1398  1421798    6.66%
  19054 10982        0.1458    56        0.1498        0.1399  1471314    6.62%
  19622 11298        0.1442    40        0.1498        0.1399  1542666    6.56%
  20179 11537        0.1485    61        0.1498        0.1400  1583975    6.49%
  20787 11829        0.1460    49        0.1498        0.1401  1630554    6.43%
  21360 12234        0.1472    49        0.1498        0.1402  1707524    6.39%
  21907 12463        cutoff              0.1498        0.1403  1762136    6.34%
  22524 12681        0.1441    40        0.1498        0.1404  1808879    6.28%
Elapsed time = 32.09 sec. (36238.33 ticks, tree = 52.00 MB, solutions = 3)
  23151 13081        cutoff              0.1498        0.1404  1874975    6.22%
  23778 13414        0.1429    46        0.1498        0.1405  1942801    6.18%
  24303 13690        0.1489    58        0.1498        0.1406  1991555    6.13%
  24938 13914        0.1491    27        0.1498        0.1406  2040494    6.09%
  25503 14251        0.1462    41        0.1498        0.1407  2115177    6.04%
  26029 14463        cutoff              0.1498        0.1408  2176017    5.98%
  26379 14647        0.1457    65        0.1498        0.1409  2215614    5.94%
  26638 14788        0.1481    51        0.1498        0.1409  2267447    5.93%
  26883 14904        0.1461    49        0.1498        0.1409  2302589    5.93%
  27175 15025        0.1467    51        0.1498        0.1409  2334448    5.93%
Elapsed time = 40.75 sec. (45790.43 ticks, tree = 61.54 MB, solutions = 3)
  27480 15230        0.1492    56        0.1498        0.1409  2368184    5.93%
  27761 15380        0.1482    66        0.1498        0.1409  2394019    5.93%
  28017 15476        0.1466    56        0.1498        0.1409  2420854    5.93%
  28350 15548        0.1467    57        0.1498        0.1409  2451443    5.93%
  28676 15689        0.1431    40        0.1498        0.1409  2500824    5.93%
  29071 15780        0.1481    59        0.1498        0.1409  2540014    5.93%
  29439 15925        cutoff              0.1498        0.1409  2578829    5.93%
  29800 16055        cutoff              0.1498        0.1414  2640745    5.60%
  30305 16262        0.1474    60        0.1498        0.1415  2695678    5.55%
  30860 16492        0.1452    52        0.1498        0.1415  2747269    5.50%
Elapsed time = 49.03 sec. (55366.88 ticks, tree = 67.13 MB, solutions = 3)
  31440 16748        0.1468    48        0.1498        0.1416  2805103    5.46%
  31993 16955        0.1485    52        0.1498        0.1416  2849586    5.43%
  32481 17208        cutoff              0.1498        0.1417  2916732    5.38%
  32965 17342        0.1477    42        0.1498        0.1418  2968028    5.34%
  33494 17513        0.1442    63        0.1498        0.1418  3027095    5.31%
  34003 17751        cutoff              0.1498        0.1419  3090039    5.27%
  34585 17818        0.1478    47        0.1498        0.1419  3120787    5.23%
  35156 18176        0.1444    45        0.1498        0.1420  3202719    5.18%
  35727 18465        0.1459    47        0.1498        0.1420  3277499    5.15%
  36248 18575        0.1491    52        0.1498        0.1421  3309242    5.10%
Elapsed time = 56.52 sec. (64925.73 ticks, tree = 75.88 MB, solutions = 3)
  36750 18767        cutoff              0.1498        0.1422  3366676    5.07%
  37237 18977        0.1454    53        0.1498        0.1422  3444369    5.04%
  37775 19071        0.1478    50        0.1498        0.1423  3475345    4.99%
  38346 19270        0.1495    61        0.1498        0.1423  3558913    4.95%
  38785 19462        0.1491    38        0.1498        0.1424  3634562    4.91%
  39344 19634        0.1461    52        0.1498        0.1425  3685414    4.87%
  39921 19796        0.1491    36        0.1498        0.1425  3726524    4.84%
  40481 19999        0.1463    38        0.1498        0.1426  3781519    4.80%
  41092 20243        cutoff              0.1498        0.1426  3836211    4.77%
  41619 20481        0.1454    53        0.1498        0.1427  3913952    4.74%
Elapsed time = 63.98 sec. (74483.31 ticks, tree = 83.87 MB, solutions = 3)
  42084 20601        0.1490    39        0.1498        0.1427  3966277    4.70%
  42620 20702        cutoff              0.1498        0.1428  4006393    4.68%
  43217 20841        0.1481    47        0.1498        0.1428  4062378    4.64%
  43734 21077        0.1491    45        0.1498        0.1429  4129592    4.60%
  44230 21269        0.1497    34        0.1498        0.1429  4200722    4.57%
  44751 21301        0.1464    68        0.1498        0.1430  4247232    4.53%
  45316 21589        0.1469    49        0.1498        0.1430  4332733    4.50%
  45837 21620        cutoff              0.1498        0.1431  4354653    4.47%
  46373 21822        0.1478    51        0.1498        0.1431  4410832    4.44%
  46910 21936        0.1450    37        0.1498        0.1432  4477078    4.40%
Elapsed time = 71.70 sec. (84044.05 ticks, tree = 89.92 MB, solutions = 3)
  47439 22127        cutoff              0.1498        0.1432  4545973    4.38%
  47908 22220        cutoff              0.1498        0.1432  4603608    4.35%
  48491 22308        0.1452    51        0.1498        0.1433  4646067    4.32%
  49101 22568        0.1456    32        0.1498        0.1433  4732698    4.29%
  49654 22713        0.1476    57        0.1498        0.1434  4782544    4.26%
  50280 22809        cutoff              0.1498        0.1434  4814936    4.23%
  50852 23108        0.1461    34        0.1498        0.1435  4914321    4.19%
  51417 23212        cutoff              0.1498        0.1435  4968066    4.16%
  52023 23351        cutoff              0.1498        0.1436  5006666    4.13%
  54337 24041        cutoff              0.1498        0.1437  5268750    4.01%
Elapsed time = 82.17 sec. (96458.12 ticks, tree = 98.94 MB, solutions = 3)
  56575 24565        0.1483    60        0.1498        0.1439  5506780    3.90%
  58788 25045        0.1494    60        0.1498        0.1441  5736778    3.78%
  61159 25411        0.1478    40        0.1498        0.1443  5958873    3.67%
  63516 25825        0.1470    54        0.1498        0.1444  6202796    3.55%
  65928 26161        cutoff              0.1498        0.1446  6415751    3.42%
  68538 26588        cutoff              0.1498        0.1448  6653437    3.32%
  71031 26939        cutoff              0.1498        0.1449  6870023    3.21%
  73493 27276        cutoff              0.1498        0.1451  7084610    3.11%
  75859 27476        cutoff              0.1498        0.1453  7318896    3.00%
  78393 27543        cutoff              0.1498        0.1454  7590181    2.88%
Elapsed time = 112.77 sec. (134626.20 ticks, tree = 113.66 MB, solutions = 3)
  81028 27648        cutoff              0.1498        0.1456  7815775    2.77%
  83581 27633        cutoff              0.1498        0.1458  8011863    2.66%
  86268 27489        0.1476    54        0.1498        0.1459  8254336    2.56%
  89021 27216        0.1495    53        0.1498        0.1461  8474568    2.46%
  91816 26958        0.1489    40        0.1498        0.1462  8733445    2.35%
  94591 26589        0.1493    54        0.1498        0.1464  8943830    2.25%
  97547 26125        cutoff              0.1498        0.1466  9187312    2.14%
 100492 25472        cutoff              0.1498        0.1467  9395287    2.04%
 103567 24417        0.1485    56        0.1498        0.1469  9636169    1.93%
 106871 23605        cutoff              0.1498        0.1471  9838647    1.80%
Elapsed time = 143.70 sec. (172785.63 ticks, tree = 96.84 MB, solutions = 3)
 110368 22278        cutoff              0.1498        0.1472 10076376    1.68%
 114088 20393        cutoff              0.1498        0.1475 10304913    1.51%
 118326 17854        0.1492    47        0.1498        0.1478 10522694    1.28%
 123433 13600        cutoff              0.1498        0.1483 10763439    0.98%
 130940  6720        cutoff              0.1498        0.1490 10981817    0.54%

Cover cuts applied:  17
Flow cuts applied:  2
Mixed integer rounding cuts applied:  180
Lift and project cuts applied:  5

Root node processing (before b&c):
  Real time             =    0.47 sec. (459.64 ticks)
Parallel b&c, 4 threads:
  Real time             =  162.23 sec. (193350.62 ticks)
  Sync time (average)   =    5.39 sec.
  Wait time (average)   =    0.00 sec.
                          ------------
Total (root+branch&cut) =  162.70 sec. (193810.26 ticks)
