Version identifier: 22.2.0.0 | 2026-05-04 | 5dff98e58
CPXPARAM_Read_DataCheck                          1
CPXPARAM_Threads                                 4
CPXPARAM_Parallel                                1
CPXPARAM_RandomSeed                              20260925
CPXPARAM_Simplex_Tolerances_Optimality           1.0000000000000001e-09
CPXPARAM_Simplex_Tolerances_Feasibility          1.0000000000000001e-09
CPXPARAM_TimeLimit                               600
CPXPARAM_MIP_Tolerances_AbsMIPGap                1.0000000000000001e-09
CPXPARAM_MIP_Tolerances_Integrality              1.0000000000000001e-09
Legacy callback                                  i
Tried aggregator 1 time.
MIP Presolve eliminated 3105 rows and 2 columns.
MIP Presolve modified 3120 coefficients.
Reduced MIP has 3889 rows, 4830 columns, and 38472 nonzeros.
Reduced MIP has 1200 binaries, 0 generals, 0 SOSs, and 0 indicators.
Presolve time = 0.03 sec. (30.88 ticks)
Probing time = 0.00 sec. (0.58 ticks)
Tried aggregator 1 time.
Detecting symmetries...
MIP Presolve modified 120 coefficients.
Reduced MIP has 3889 rows, 4830 columns, and 38472 nonzeros.
Reduced MIP has 1200 binaries, 0 generals, 0 SOSs, and 0 indicators.
Presolve time = 0.02 sec. (21.06 ticks)
Probing time = 0.02 sec. (0.65 ticks)
MIP emphasis: balance optimality and feasibility.
MIP search method: dynamic search.
Parallel mode: deterministic, using up to 4 threads.
Root relaxation solution time = 0.03 sec. (42.33 ticks)

        Nodes                                         Cuts/
   Node  Left     Objective  IInf  Best Integer    Best Bound    ItCnt     Gap

      0     0        0.0506    21                      0.0506      747         
      0     0        0.0506    16                 MIRcuts: 16      772         
      0     0        0.0506    18                    Cuts: 23      831         
      0     0        0.0506    11                 MIRcuts: 14      853         
      0     0        0.0506    13                  MIRcuts: 1      871         
      0     2        0.0506    11                      0.0506      871         
Elapsed time = 1.23 sec. (1372.69 ticks, tree = 0.02 MB, solutions = 0)
    111    91        0.0516    11                      0.0506     3899         
    196   122        0.0520    12                      0.0506     9973         
    323   140    infeasible                            0.0507    18885         
    407   186        0.0517    16                      0.0508    25870         
    514   237        0.0509    18                      0.0508    30455         
    600   307        0.0523    20                      0.0508    39502         
    710   337        0.0524    15                      0.0508    47951         
    799   375        0.0523    25                      0.0508    55970         
    882   400        0.0522    18                      0.0508    63981         
   1292   563    infeasible                            0.0510    96852         
Elapsed time = 3.89 sec. (4487.24 ticks, tree = 1.49 MB, solutions = 0)
   1771   650        0.0523    19                      0.0514   134449         
   2225   776        0.0534    26                      0.0516   172588         
*  2482+  922                            0.0566        0.0516             8.81%
*  2566+  977                            0.0565        0.0516             8.65%
   2745  1015        0.0543    11        0.0565        0.0516   209979    8.65%
   3198  1138        cutoff              0.0565        0.0516   248158    8.58%
*  3624  1245      integral     0        0.0565        0.0518   280072    8.31%

Performing restart 1

Repeating presolve.
Tried aggregator 1 time.
Reduced MIP has 3889 rows, 4830 columns, and 38472 nonzeros.
Reduced MIP has 1200 binaries, 0 generals, 0 SOSs, and 0 indicators.
Presolve time = 0.00 sec. (11.53 ticks)
Tried aggregator 1 time.
Reduced MIP has 3889 rows, 4830 columns, and 38472 nonzeros.
Reduced MIP has 1200 binaries, 0 generals, 0 SOSs, and 0 indicators.
Presolve time = 0.02 sec. (21.27 ticks)
Represolve time = 0.03 sec. (40.33 ticks)
*  3649+    0                            0.0565        0.0518             8.21%
   3649     0        0.0506    39        0.0565      Cuts: 34   292822    8.21%
   3649     0        0.0506    41        0.0565      Cuts: 32   293054    8.21%
   3649     0        0.0506    34        0.0565      Cuts: 19   293255    8.21%
   3649     0        0.0506    40        0.0565      Cuts: 19   293320    8.21%
   3649     0        0.0507    47        0.0565      Cuts: 39   293465    8.21%
   3649     0        0.0507    48        0.0565      Cuts: 25   293566    8.21%
   3649     2        0.0507    45        0.0565        0.0518   293566    8.21%
   3858    98        0.0556    14        0.0565        0.0518   303209    8.21%
*  3887+  102                            0.0556        0.0518             6.81%
   4332   139        cutoff              0.0556        0.0525   328420    5.65%
*  4545   133      integral     0        0.0556        0.0530   342562    4.78%
*  4579   144      integral     0        0.0553        0.0530   343401    4.09%
*  4770+  148                            0.0553        0.0531             3.93%
   4887   160        0.0552     3        0.0553        0.0532   352372    3.65%
   5800   593        0.0553    11        0.0553        0.0539   378855    2.43%
Elapsed time = 12.81 sec. (16215.52 ticks, tree = 0.99 MB, solutions = 9)
*  6052   677      integral     0        0.0553        0.0540   385958    2.32%
*  6140   673      integral     0        0.0553        0.0541   387724    2.17%
*  6563+  827                            0.0553        0.0542             1.83%
   6895   875        0.0542     2        0.0553        0.0542   416860    1.83%
   7524   985        cutoff              0.0553        0.0542   456378    1.83%
*  7681+  983                            0.0553        0.0542             1.83%
   8069   923        cutoff              0.0553        0.0543   494708    1.82%
   8856  1050        0.0543     6        0.0553        0.0543   520759    1.77%
   9768  1429        cutoff              0.0553        0.0543   554732    1.65%
  10584  1714        0.0543     4        0.0553        0.0543   589769    1.65%
  11336  1917        0.0546     7        0.0553        0.0543   618125    1.65%
  12122  2076        0.0543     4        0.0553        0.0543   654463    1.65%
Elapsed time = 18.69 sec. (24263.29 ticks, tree = 3.67 MB, solutions = 13)
  12787  2313        cutoff              0.0553        0.0543   689187    1.64%
  13518  2340        cutoff              0.0553        0.0543   725202    1.64%
  14209  2521        cutoff              0.0553        0.0543   758303    1.64%
  14957  2664        0.0544     4        0.0553        0.0544   795602    1.64%
  15694  2762        0.0544     6        0.0553        0.0544   830415    1.64%
  16449  2762        cutoff              0.0553        0.0544   866330    1.64%
  17163  2743        0.0544     2        0.0553        0.0544   901951    1.64%
  17877  2733        0.0544     3        0.0553        0.0544   932533    1.59%
  18590  2758        cutoff              0.0553        0.0544   962584    1.59%
  19243  2771        0.0544     5        0.0553        0.0544  1009853    1.59%
Elapsed time = 26.25 sec. (33808.07 ticks, tree = 4.86 MB, solutions = 13)
  19918  2740        0.0545     4        0.0553        0.0544  1040275    1.59%
  20566  2723        cutoff              0.0553        0.0544  1078292    1.59%
  21282  2696        0.0544     2        0.0553        0.0544  1108797    1.59%
  22043  2648        cutoff              0.0553        0.0544  1144921    1.58%
  22747  2302        cutoff              0.0553        0.0544  1203505    1.53%
  23527  2315        0.0545     4        0.0553        0.0544  1229760    1.53%
  24321  2367        0.0545     4        0.0553        0.0545  1256942    1.35%
  25120  2339        0.0547     3        0.0553        0.0545  1289724    1.35%
  26000  2417        cutoff              0.0553        0.0545  1336345    1.35%
  26840  2395        0.0547     3        0.0553        0.0545  1373038    1.35%
Elapsed time = 33.20 sec. (43356.52 ticks, tree = 4.28 MB, solutions = 13)
  27519  2377        cutoff              0.0553        0.0545  1395881    1.35%
  27942  2337        0.0545     5        0.0553        0.0545  1432070    1.35%
  28368  2338        cutoff              0.0553        0.0545  1447976    1.35%
  28829  2331        cutoff              0.0553        0.0545  1463995    1.35%
  29243  2349        0.0545     3        0.0553        0.0545  1483661    1.35%
  29651  2312        cutoff              0.0553        0.0545  1502110    1.35%
  30071  2315        0.0545     3        0.0553        0.0545  1522178    1.35%
  30553  2358        0.0547     2        0.0553        0.0545  1536781    1.35%
  31026  2437        cutoff              0.0553        0.0545  1555175    1.35%
  31486  2430        0.0547     3        0.0553        0.0545  1571871    1.35%
Elapsed time = 41.30 sec. (52910.90 ticks, tree = 4.77 MB, solutions = 13)
  31964  2455        cutoff              0.0553        0.0545  1592218    1.35%
  32415  2491        cutoff              0.0553        0.0545  1610532    1.35%
  32849  2474        cutoff              0.0553        0.0545  1627038    1.35%
  33253  2380        cutoff              0.0553        0.0545  1650643    1.35%
  33685  2247        cutoff              0.0553        0.0545  1671314    1.35%
  34189  2214        cutoff              0.0553        0.0545  1686639    1.35%
  34645  2100        0.0546     3        0.0553        0.0545  1706090    1.35%
  35087  1972        cutoff              0.0553        0.0545  1729888    1.35%
  35610  1938        cutoff              0.0553        0.0545  1739014    1.35%
  36250  1815        cutoff              0.0553        0.0545  1764967    1.35%
Elapsed time = 50.42 sec. (62473.62 ticks, tree = 3.31 MB, solutions = 13)
  37060  1499        cutoff              0.0553        0.0547  1809400    1.06%
  37989  1135        cutoff              0.0553        0.0549  1847681    0.72%
  39267  1221        0.0549    12        0.0553        0.0549  1875257    0.64%
  40479  1334        cutoff              0.0553        0.0549  1907359    0.60%
  41665  1325        0.0550     9        0.0553        0.0549  1922185    0.60%
  42791  1291        cutoff              0.0553        0.0550  1964788    0.48%
  44045  1396        0.0551    12        0.0553        0.0550  1985603    0.39%
  45646  1489        cutoff              0.0553        0.0551  2024547    0.37%
  47018  1617        cutoff              0.0553        0.0551  2051070    0.31%
  48760  1722        cutoff              0.0553        0.0551  2064794    0.30%
Elapsed time = 57.64 sec. (72016.50 ticks, tree = 2.78 MB, solutions = 13)
  50378  1792        0.0551     4        0.0553        0.0551  2105200    0.30%
  51846  1457        0.0552     9        0.0553        0.0552  2132476    0.19%
  53522  1701        0.0552     2        0.0553        0.0552  2150650    0.08%
  55505  1854        cutoff              0.0553        0.0552  2163933    0.08%
  57381  2332        0.0552     6        0.0553        0.0552  2201624    0.08%
  59188  2375        0.0552     4        0.0553        0.0552  2213011    0.08%
  61067  2446        0.0552     2        0.0553        0.0552  2227151    0.08%
  63045  2530        cutoff              0.0553        0.0552  2253999    0.07%
  64948  2518        cutoff              0.0553        0.0552  2264682    0.07%
  66843  2449        cutoff              0.0553        0.0552  2282563    0.07%
Elapsed time = 65.36 sec. (81557.31 ticks, tree = 4.00 MB, solutions = 13)
  68882  2348        cutoff              0.0553        0.0552  2305164    0.07%
  70832  2167        cutoff              0.0553        0.0552  2325339    0.07%
  72756  1815        0.0552     4        0.0553        0.0552  2343557    0.07%
  74641  1647        0.0552     5        0.0553        0.0552  2361181    0.06%
  76757  1817        0.0552     4        0.0553        0.0552  2375169    0.05%
  78751  2073        cutoff              0.0553        0.0552  2400881    0.05%
  80800  2156        0.0552     2        0.0553        0.0552  2414821    0.05%
  82832  2313        cutoff              0.0553        0.0552  2439531    0.05%
  84704  2217        0.0552     8        0.0553        0.0552  2459033    0.04%
  92140  1392        cutoff              0.0553        0.0552  2526200    0.04%
Elapsed time = 75.59 sec. (93957.97 ticks, tree = 1.94 MB, solutions = 13)

Cover cuts applied:  26
Mixed integer rounding cuts applied:  28

Root node processing (before b&c):
  Real time             =    1.23 sec. (1371.17 ticks)
Parallel b&c, 4 threads:
  Real time             =   75.69 sec. (94184.20 ticks)
  Sync time (average)   =    5.06 sec.
  Wait time (average)   =    0.00 sec.
                          ------------
Total (root+branch&cut) =   76.92 sec. (95555.37 ticks)
