Version identifier: 22.2.0.0 | 2026-05-04 | 5dff98e58
CPXPARAM_Read_DataCheck                          1
CPXPARAM_Threads                                 4
CPXPARAM_Parallel                                1
CPXPARAM_RandomSeed                              20260925
CPXPARAM_Simplex_Tolerances_Optimality           1.0000000000000001e-09
CPXPARAM_Simplex_Tolerances_Feasibility          1.0000000000000001e-09
CPXPARAM_TimeLimit                               600
CPXPARAM_MIP_Tolerances_AbsMIPGap                1.0000000000000001e-09
CPXPARAM_MIP_Tolerances_Integrality              1.0000000000000001e-09
Legacy callback                                  i
Found incumbent of value 0.000000 after 0.00 sec. (1.16 ticks)
Tried aggregator 2 times.
MIP Presolve eliminated 3105 rows and 1 columns.
MIP Presolve modified 4080 coefficients.
Aggregator did 30 substitutions.
Reduced MIP has 3888 rows, 4801 columns, and 38442 nonzeros.
Reduced MIP has 1200 binaries, 0 generals, 0 SOSs, and 0 indicators.
Presolve time = 0.03 sec. (46.23 ticks)
Probing time = 0.00 sec. (0.58 ticks)
Tried aggregator 1 time.
Detecting symmetries...
MIP Presolve modified 240 coefficients.
Reduced MIP has 3888 rows, 4801 columns, and 38442 nonzeros.
Reduced MIP has 1200 binaries, 0 generals, 0 SOSs, and 0 indicators.
Presolve time = 0.02 sec. (26.26 ticks)
Probing time = 0.00 sec. (0.65 ticks)
MIP emphasis: balance optimality and feasibility.
MIP search method: dynamic search.
Parallel mode: deterministic, using up to 4 threads.
Root relaxation solution time = 0.20 sec. (201.88 ticks)

        Nodes                                         Cuts/
   Node  Left     Objective  IInf  Best Integer    Best Bound    ItCnt     Gap

*     0+    0                            0.0000       -0.3042              --- 
      0     0       -0.1775    77        0.0000       -0.1775       16     --- 
*     0+    0                           -0.1704       -0.1775             4.16%
      0     0       -0.1775    36       -0.1704   MIRcuts: 18     1403    4.16%
      0     0       -0.1775    42       -0.1704   MIRcuts: 13     3195    4.16%
*     0+    0                           -0.1731       -0.1775             2.54%
      0     0       -0.1775    39       -0.1731    MIRcuts: 5     3925    2.54%
*     0+    0                           -0.1736       -0.1775             2.24%
*     0+    0                           -0.1775       -0.1775             0.00%
      0     0  -1.00000e+75     0       -0.1775       -0.1775     3925    0.00%
      0     0        cutoff             -0.1775       -0.1775     3925    0.00%
Elapsed time = 7.47 sec. (7702.48 ticks, tree = 0.01 MB, solutions = 5)

Mixed integer rounding cuts applied:  16

Root node processing (before b&c):
  Real time             =    7.47 sec. (7702.92 ticks)
Parallel b&c, 4 threads:
  Real time             =    0.00 sec. (0.00 ticks)
  Sync time (average)   =    0.00 sec.
  Wait time (average)   =    0.00 sec.
                          ------------
Total (root+branch&cut) =    7.47 sec. (7702.92 ticks)
