Version identifier: 22.2.0.0 | 2026-05-04 | 5dff98e58
CPXPARAM_Read_DataCheck                          1
CPXPARAM_Threads                                 4
CPXPARAM_Parallel                                1
CPXPARAM_RandomSeed                              20260925
CPXPARAM_MIP_Strategy_Search                     1
CPXPARAM_Simplex_Tolerances_Optimality           1.0000000000000001e-09
CPXPARAM_Simplex_Tolerances_Feasibility          1.0000000000000001e-09
CPXPARAM_TimeLimit                               600
CPXPARAM_MIP_Tolerances_AbsMIPGap                1.0000000000000001e-09
CPXPARAM_MIP_Tolerances_Integrality              1.0000000000000001e-09
Legacy callback                                  iLUD
Lazy constraint(s) or lazy constraint/branch callback is present.
    Disabling dual reductions (CPX_PARAM_REDUCE) in presolve.
    Disabling presolve reductions that prevent crushing forms (CPX_PARAM_PREREFORM).
         Disabling repeat represolve because of lazy constraint/incumbent callback.
Warning: Effort level 'CheckFeas' is incompatible with lazy constraint/incumbent callback.
         Effort level increased to 'SolveFixed'.
1 of 1 MIP starts provided solutions.
MIP start 'm1' defined initial solution with objective 0.0584.
Tried aggregator 1 time.
MIP Presolve eliminated 3106 rows and 0 columns.
Reduced MIP has 1470 rows, 2432 columns, and 14002 nonzeros.
Reduced MIP has 1200 binaries, 0 generals, 0 SOSs, and 0 indicators.
Presolve time = 0.02 sec. (11.40 ticks)
Probing time = 0.00 sec. (0.25 ticks)
MIP emphasis: balance optimality and feasibility.
MIP search method: traditional branch-and-cut.
Parallel mode: deterministic, using up to 4 threads.
Root relaxation solution time = 0.03 sec. (30.21 ticks)

        Nodes                                         Cuts/
   Node  Left     Objective  IInf  Best Integer    Best Bound    ItCnt     Gap         Variable B NodeID Parent  Depth

*     0+    0                            0.0584        0.0000           100.00%
      0     0        0.0522    10        0.0584        0.0522      908   10.66%
      0     0        0.0522    11        0.0584 UserPurge1: 1      911   10.66%
*     0+    0                            0.0555        0.0522             5.95%
      0     0  -1.00000e+75     0        0.0555        0.0522      911    5.95%
      0     2        0.0522    10        0.0555        0.0522      911    5.95%                        0             0
Elapsed time = 0.45 sec. (183.65 ticks, tree = 0.02 MB, solutions = 2)
*    12+    1                            0.0554        0.0522             5.83%
*    83+   41                            0.0553        0.0522             5.65%
*   112    62      integral     0        0.0553        0.0522     3997    5.65%            x222 D    123    119     25
*   367   210      integral     0        0.0553        0.0538     7634    2.78%

Cover cuts applied:  2
User cuts applied:  8

Root node processing (before b&c):
  Real time             =    0.44 sec. (182.85 ticks)
Parallel b&c, 4 threads:
  Real time             =    2.81 sec. (378.82 ticks)
  Sync time (average)   =    0.34 sec.
  Wait time (average)   =    0.00 sec.
                          ------------
Total (root+branch&cut) =    3.25 sec. (561.67 ticks)
