Version identifier: 22.2.0.0 | 2026-05-04 | 5dff98e58
CPXPARAM_Read_DataCheck                          1
CPXPARAM_Threads                                 4
CPXPARAM_Parallel                                1
CPXPARAM_RandomSeed                              20260925
CPXPARAM_Simplex_Tolerances_Optimality           1.0000000000000001e-09
CPXPARAM_Simplex_Tolerances_Feasibility          1.0000000000000001e-09
CPXPARAM_TimeLimit                               600
CPXPARAM_MIP_Tolerances_AbsMIPGap                1.0000000000000001e-09
CPXPARAM_MIP_Tolerances_Integrality              1.0000000000000001e-09
Legacy callback                                  i
1 of 22 MIP starts provided solutions.
MIP start 'm1' defined initial solution with objective 0.0235.
Tried aggregator 2 times.
MIP Presolve eliminated 1351 rows and 1 columns.
MIP Presolve modified 3438 coefficients.
Aggregator did 30 substitutions.
Reduced MIP has 3965 rows, 4657 columns, and 49173 nonzeros.
Reduced MIP has 1164 binaries, 0 generals, 0 SOSs, and 0 indicators.
Presolve time = 0.05 sec. (60.63 ticks)
Probing time = 0.00 sec. (0.68 ticks)
Tried aggregator 1 time.
Detecting symmetries...
MIP Presolve modified 132 coefficients.
Reduced MIP has 3965 rows, 4657 columns, and 49173 nonzeros.
Reduced MIP has 1164 binaries, 0 generals, 0 SOSs, and 0 indicators.
Presolve time = 0.02 sec. (19.91 ticks)
Probing time = 0.00 sec. (0.78 ticks)
MIP emphasis: balance optimality and feasibility.
MIP search method: dynamic search.
Parallel mode: deterministic, using up to 4 threads.
Root relaxation solution time = 0.03 sec. (39.64 ticks)

        Nodes                                         Cuts/
   Node  Left     Objective  IInf  Best Integer    Best Bound    ItCnt     Gap

*     0+    0                            0.0235        0.0000           100.00%
      0     0        0.0190    34        0.0235        0.0190      878   18.91%
      0     0        0.0190    38        0.0235       Cuts: 7     1084   18.91%
      0     2        0.0190    28        0.0235        0.0190     1084   18.91%
Elapsed time = 1.44 sec. (1436.28 ticks, tree = 0.02 MB, solutions = 1)
     11    13        0.0190    31        0.0235        0.0190     2710   18.91%
     33    33        0.0190    33        0.0235        0.0190     5045   18.91%
     72    60        0.0191    28        0.0235        0.0190     9812   18.91%
    120    99        0.0191    24        0.0235        0.0190    16553   18.91%
    162   146        0.0190    28        0.0235        0.0190    22539   18.91%
    203   178        0.0191    28        0.0235        0.0190    27037   18.91%
    249   205        0.0191    26        0.0235        0.0190    31069   18.91%
    268   216        0.0191    27        0.0235        0.0190    32731   18.91%
    295   245        0.0191    30        0.0235        0.0190    36871   18.91%
    461   393        0.0194    28        0.0235        0.0190    64818   18.91%
Elapsed time = 4.41 sec. (4629.12 ticks, tree = 7.30 MB, solutions = 1)
    628   507        0.0202    23        0.0235        0.0190    88156   18.91%
*   650+  504                            0.0233        0.0190            18.47%
    842   659        0.0191    29        0.0233        0.0190   119639   18.47%
   1029   874        0.0191    28        0.0233        0.0190   141073   18.47%
   1160   833        0.0193    25        0.0233        0.0190   136065   18.47%
   1396  1144        0.0192    27        0.0233        0.0190   170682   18.47%

Performing restart 1

Repeating presolve.
Tried aggregator 1 time.
MIP Presolve eliminated 6 rows and 2 columns.
MIP Presolve modified 1000 coefficients.
Reduced MIP has 3959 rows, 4655 columns, and 49159 nonzeros.
Reduced MIP has 1162 binaries, 0 generals, 0 SOSs, and 0 indicators.
Presolve time = 0.02 sec. (19.23 ticks)
Tried aggregator 1 time.
MIP Presolve modified 1108 coefficients.
Reduced MIP has 3959 rows, 4655 columns, and 49159 nonzeros.
Reduced MIP has 1162 binaries, 0 generals, 0 SOSs, and 0 indicators.
Presolve time = 0.02 sec. (19.64 ticks)
Represolve time = 0.03 sec. (45.70 ticks)
   1400     0        0.0190    33        0.0233     Covers: 5   177610   18.47%
   1400     0        0.0190    46        0.0233     Covers: 6   177964   18.47%
   1400     0        0.0190    30        0.0233     Covers: 2   178066   18.47%
   1400     0        0.0190    31        0.0233     Covers: 3   178166   18.47%
   1400     0        0.0190    27        0.0233     Covers: 2   178230   18.47%
   1400     0        0.0190    32        0.0233     Covers: 5   178490   18.47%
   1400     2        0.0190    25        0.0233        0.0190   178490   18.47%
   1418    10        0.0190    30        0.0233        0.0190   180854   18.47%
   1502    75        0.0193    30        0.0233        0.0190   192254   18.47%
   1603   161        0.0193    31        0.0233        0.0190   201389   18.47%
   1731   289        0.0195    33        0.0233        0.0190   214259   18.47%
Elapsed time = 15.34 sec. (17806.43 ticks, tree = 5.69 MB, solutions = 2)
   1836   397        0.0199    27        0.0233        0.0190   225896   18.47%
   1962   497        0.0196    28        0.0233        0.0190   242005   18.47%
   2129   639        0.0191    24        0.0233        0.0190   262993   18.47%
   2229   740        0.0193    26        0.0233        0.0190   276296   18.47%
   2437   910        0.0195    30        0.0233        0.0190   291936   18.47%
   2648  1083        0.0197    24        0.0233        0.0190   312426   18.47%
   2819  1284        0.0195    36        0.0233        0.0190   335242   18.47%
   3043  1427        cutoff              0.0233        0.0190   361951   18.47%
   3328  1735        0.0197    28        0.0233        0.0190   391363   18.47%
   3638  1970        0.0208    30        0.0233        0.0190   408374   18.47%
Elapsed time = 22.48 sec. (27391.76 ticks, tree = 35.72 MB, solutions = 2)
   4043  2308        0.0197    25        0.0233        0.0190   438073   18.47%
   4441  2761        0.0217    35        0.0233        0.0190   471852   18.47%
   4763  3057        0.0192    22        0.0233        0.0190   498662   18.47%
   4933  3267        0.0196    31        0.0233        0.0190   526688   18.47%
   5095  3394        0.0198    22        0.0233        0.0190   552979   18.47%
   5238  3536        0.0200    26        0.0233        0.0190   582222   18.47%
   5490  3680        0.0192    32        0.0233        0.0190   610618   18.47%
   5752  3962        0.0206    29        0.0233        0.0190   640874   18.47%
   6011  4156        0.0203    35        0.0233        0.0190   660013   18.47%
   6219  4384        0.0199    30        0.0233        0.0190   682353   18.47%
Elapsed time = 29.81 sec. (36961.31 ticks, tree = 40.46 MB, solutions = 2)
   6615  4745    infeasible              0.0233        0.0190   713874   18.47%
   6993  4998        0.0194    29        0.0233        0.0190   737667   18.47%
   7417  5311        0.0207    36        0.0233        0.0190   767329   18.47%
   7633  5803        0.0192    31        0.0233        0.0190   809413   18.47%
   7899  5942        0.0203    32        0.0233        0.0190   821867   18.47%
   8264  6113        0.0217    39        0.0233        0.0190   841521   18.47%
   8615  6571        0.0215    29        0.0233        0.0190   875466   18.47%
   8965  6788        0.0196    27        0.0233        0.0190   901288   18.47%
   9236  7147        0.0193    32        0.0233        0.0190   940952   18.47%
   9632  7476        0.0212    33        0.0233        0.0190   980015   18.47%
Elapsed time = 36.97 sec. (46518.56 ticks, tree = 45.79 MB, solutions = 2)
  10008  7821        0.0203    32        0.0233        0.0190  1009864   18.47%
  10522  8233        0.0196    32        0.0233        0.0190  1041526   18.47%
  10965  8710        0.0191    28        0.0233        0.0190  1079822   18.47%
  11219  9082        0.0205    37        0.0233        0.0190  1118886   18.47%
  11469  9319        0.0217    33        0.0233        0.0190  1133909   18.47%
  11789  9592        0.0204    29        0.0233        0.0190  1160532   18.47%
  12147  9774        0.0223    39        0.0233        0.0190  1180579   18.47%
  12341 10152        0.0191    25        0.0233        0.0190  1220760   18.47%
  12518 10247        0.0197    25        0.0233        0.0190  1247145   18.47%
  12740 10424        0.0200    31        0.0233        0.0190  1276212   18.47%
Elapsed time = 44.22 sec. (56080.34 ticks, tree = 51.50 MB, solutions = 2)
  13015 10783        0.0208    31        0.0233        0.0190  1331124   18.47%
  13340 10923        0.0197    34        0.0233        0.0190  1347835   18.47%
  13749 11351        0.0195    31        0.0233        0.0190  1385318   18.47%
  14056 11507        0.0206    35        0.0233        0.0190  1400611   18.47%
  14357 11753        0.0199    32        0.0233        0.0190  1425251   18.47%
  14611 12058        0.0202    35        0.0233        0.0190  1456011   18.47%
  14866 12456    infeasible              0.0233        0.0190  1497365   18.47%
  15093 12656        0.0214    37        0.0233        0.0190  1522220   18.47%
  15313 12942        0.0193    29        0.0233        0.0190  1550831   18.47%
  15664 13057        0.0203    31        0.0233        0.0190  1558859   18.47%
Elapsed time = 51.66 sec. (65631.98 ticks, tree = 56.01 MB, solutions = 2)
  16015 13222        0.0208    38        0.0233        0.0190  1582505   18.47%
  16304 13532        0.0194    32        0.0233        0.0190  1615578   18.47%
  16538 14058    infeasible              0.0233        0.0190  1688679   18.47%
  16810 14199        0.0192    35        0.0233        0.0190  1706491   18.47%
  17164 14473    infeasible              0.0233        0.0190  1735837   18.47%
  17398 14670        0.0204    36        0.0233        0.0190  1761053   18.47%
  17690 15136        0.0203    33        0.0233        0.0190  1798562   18.47%
  18095 15306        0.0207    39        0.0233        0.0190  1811565   18.47%
  18507 15680        0.0202    35        0.0233        0.0190  1853530   18.47%
  18770 16032        0.0202    31        0.0233        0.0190  1887687   18.47%
Elapsed time = 58.83 sec. (75219.53 ticks, tree = 61.66 MB, solutions = 2)
  19106 16123        0.0216    33        0.0233        0.0190  1894807   18.47%
  19302 16305        0.0198    26        0.0233        0.0190  1920863   18.47%
  19672 16989    infeasible              0.0233        0.0190  2001477   18.47%
  19899 17101        0.0198    27        0.0233        0.0190  2015614   18.47%
  20252 17360        0.0192    26        0.0233        0.0190  2056163   18.47%
  20537 17592        0.0191    31        0.0233        0.0190  2073194   18.47%
  21029 17813        0.0208    29        0.0233        0.0190  2095402   18.47%
  21537 18607        0.0209    33        0.0233        0.0190  2165426   18.47%
  22042 18691        0.0222    29        0.0233        0.0190  2170033   18.47%
  22388 19236        0.0201    34        0.0233        0.0190  2213431   18.47%
Elapsed time = 66.06 sec. (84790.74 ticks, tree = 68.00 MB, solutions = 2)
  22716 19744        0.0191    24        0.0233        0.0190  2252554   18.47%
  22987 19717        0.0196    30        0.0233        0.0190  2250590   18.47%
  23330 20346        0.0204    35        0.0233        0.0190  2311969   18.47%
  23643 20214        0.0191    28        0.0233        0.0190  2310423   18.47%
  23983 20843        0.0197    26        0.0233        0.0190  2383407   18.47%
  24265 21196        0.0190    27        0.0233        0.0190  2423048   18.47%
  24505 21259        0.0198    30        0.0233        0.0190  2429663   18.47%
  24752 21717        0.0203    31        0.0233        0.0190  2486905   18.47%
* 24798+21479                            0.0230        0.0190            17.21%
  24946 21802        0.0193    27        0.0230        0.0190  2497068   17.21%
* 25763+21479                            0.0228        0.0190            16.54%
* 25782+21479                            0.0228        0.0190            16.51%
* 25796+21479                            0.0228        0.0190            16.47%
  25806 22590        0.0196    25        0.0228        0.0190  2569034   16.47%
Elapsed time = 75.95 sec. (97229.95 ticks, tree = 74.84 MB, solutions = 2)
* 25910+21479                            0.0228        0.0190            16.44%
* 25952+21592                            0.0226        0.0190            15.84%
* 25990+21592                            0.0226        0.0190            15.69%
  26381 23092        0.0194    27        0.0226        0.0190  2629571   15.69%
* 26647+21592                            0.0224        0.0190            15.13%
* 26653+21592                            0.0224        0.0190            15.07%
  27085 23805        0.0194    28        0.0224        0.0190  2709527   15.07%
  27665 24376        0.0192    23        0.0224        0.0190  2781460   15.07%
  28280 24996        0.0193    30        0.0224        0.0190  2848187   15.07%
  28882 25408        0.0197    25        0.0224        0.0190  2900194   15.07%
  29577 26146        0.0198    24        0.0224        0.0190  2978092   15.07%
  30145 26595        0.0193    30        0.0224        0.0190  3027070   15.07%
  30771 27044        0.0198    29        0.0224        0.0190  3083882   15.07%
  31339 27696        0.0192    30        0.0224        0.0190  3149800   15.07%
* 31341+27665                            0.0224        0.0190            15.04%
* 31359+27702                            0.0224        0.0190            14.93%
* 31362+27702                            0.0224        0.0190            14.92%
* 31718+27920                            0.0223        0.0190            14.59%
  31992 28280        0.0197    25        0.0223        0.0190  3216819   14.59%
Elapsed time = 108.23 sec. (135428.85 ticks, tree = 85.32 MB, solutions = 20)
* 32347+28509                            0.0222        0.0190            14.36%
* 32403+28587                            0.0222        0.0190            14.22%
* 32522+28570                            0.0220        0.0190            13.39%
* 32531+28570                            0.0220        0.0190            13.33%
  32566 28474    infeasible              0.0220        0.0190  3281726   13.33%
* 32601+28539                            0.0219        0.0190            13.18%
* 33047+28785                            0.0218        0.0190            12.76%
  33206 28924        0.0191    25        0.0218        0.0190  3338649   12.76%
* 33631+29245                            0.0218        0.0190            12.62%
* 33678+29324                            0.0217        0.0190            12.47%
  33812 29255        0.0195    27        0.0217        0.0190  3385887   12.47%
* 34088+29436                            0.0217        0.0190            12.31%
  34388 29804        0.0196    21        0.0217        0.0190  3459329   12.31%
* 34572+29941                            0.0217        0.0190            12.21%
* 34747+30050                            0.0216        0.0190            11.87%
  35022 30094        0.0203    34        0.0216        0.0190  3518897   11.87%
* 35147+30308                            0.0215        0.0190            11.65%
* 35187+30182                            0.0215        0.0190            11.61%
  35726 30421        0.0195    26        0.0215        0.0190  3570574   11.61%
* 36756+31212                            0.0215        0.0190            11.52%
* 36760+31212                            0.0215        0.0190            11.44%
* 36762+31212                            0.0215        0.0190            11.38%
  36894 31454        0.0195    27        0.0215        0.0190  3721697   11.38%
* 37232+31587                            0.0215        0.0190            11.31%
* 37794+32303                            0.0215        0.0190            11.27%
  37945 32207        0.0205    18        0.0215        0.0190  3813260   11.27%
  39230 33306        0.0204    31        0.0215        0.0190  3930023   11.27%
* 40220+34266                            0.0215        0.0190            11.27%
  40278 34185        0.0192    25        0.0215        0.0190  4037711   11.27%
Elapsed time = 139.02 sec. (173665.69 ticks, tree = 96.84 MB, solutions = 60)
* 40312+34186                            0.0214        0.0190            11.20%
* 40506+34471                            0.0214        0.0190            11.04%
* 40508+34471                            0.0214        0.0190            10.99%
* 40508+34471                            0.0214        0.0190            10.92%
  41624 35307        0.0197    21        0.0214        0.0190  4176194   10.92%
* 42003+35812                            0.0213        0.0190            10.83%
* 42209+35854                            0.0213        0.0190            10.81%
  42820 36281        0.0195    22        0.0213        0.0190  4283142   10.81%
* 43552+36855                            0.0213        0.0190            10.80%
  43931 37361        0.0190    26        0.0213        0.0190  4428822   10.80%
* 44385+37716                            0.0213        0.0190            10.68%
  45344 38688        0.0206    27        0.0213        0.0190  4555068   10.68%
  46623 39543        0.0194    29        0.0213        0.0190  4642999   10.68%
* 47259+40313                            0.0213        0.0190            10.60%
  47916 40907        0.0193    27        0.0213        0.0190  4805092   10.60%
  49350 42202        0.0206    23        0.0213        0.0190  4919374   10.60%
  50534 43272        0.0204    30        0.0213        0.0190  5042311   10.60%
* 50799+43265                            0.0213        0.0190            10.60%
  52163 44383        0.0192    27        0.0213        0.0190  5136093   10.60%
  53277 45739        0.0196    25        0.0213        0.0190  5293468   10.60%
Elapsed time = 168.16 sec. (211855.46 ticks, tree = 117.93 MB, solutions = 72)
  54882 47002        0.0191    30        0.0213        0.0190  5395146   10.60%
  56202 48479        0.0208    28        0.0213        0.0190  5556079   10.60%
  57654 49640        0.0194    28        0.0213        0.0190  5675082   10.60%
  58904 50851        0.0196    27        0.0213        0.0190  5791874   10.60%
  60555 52489        0.0194    28        0.0213        0.0190  5968739   10.60%
  61924 53485        0.0196    27        0.0213        0.0190  6063480   10.60%
  63415 54785        0.0211    25        0.0213        0.0190  6196666   10.60%
  64732 56005        0.0191    28        0.0213        0.0190  6328584   10.60%
  65935 57661        0.0193    25        0.0213        0.0190  6489506   10.60%
* 67088+58586                            0.0211        0.0190             9.97%
* 67100+58586                            0.0211        0.0190             9.93%
  67404 57878        0.0196    25        0.0211        0.0190  6619472    9.93%
Elapsed time = 196.38 sec. (250036.64 ticks, tree = 140.22 MB, solutions = 74)
* 67829+57704                            0.0211        0.0190             9.86%
* 67886+58109                            0.0211        0.0190             9.85%
  68789 58888    infeasible              0.0211        0.0190  6738236    9.85%
  69897 59921        0.0196    22        0.0211        0.0190  6869888    9.85%
  71260 61155        0.0196    26        0.0211        0.0190  7007843    9.85%
  72602 62394        0.0199    31        0.0211        0.0190  7143226    9.85%
  73869 63214        0.0192    27        0.0211        0.0190  7233669    9.85%
  75039 64209        0.0195    27        0.0211        0.0190  7364173    9.85%
  76621 65690        cutoff              0.0211        0.0190  7517273    9.85%
  77830 67274        0.0194    28        0.0211        0.0190  7668551    9.85%
  79137 68323        0.0198    27        0.0211        0.0190  7770074    9.85%
  80533 69628    infeasible              0.0211        0.0190  7927902    9.85%
Elapsed time = 224.62 sec. (288208.49 ticks, tree = 164.70 MB, solutions = 76)
  82028 70575        0.0198    24        0.0211        0.0190  8030194    9.85%
  83490 72437        0.0208    22        0.0211        0.0190  8206468    9.85%
* 83812+72275                            0.0211        0.0190             9.77%
  85011 73627        0.0195    20        0.0211        0.0190  8325207    9.77%
  86260 74316        0.0192    25        0.0211        0.0190  8411166    9.77%
  87558 75929        0.0194    34        0.0211        0.0190  8588109    9.77%
  88915 77085        0.0193    25        0.0211        0.0190  8693833    9.77%
  90141 77872        0.0195    27        0.0211        0.0190  8801801    9.77%
  91463 79459        0.0192    28        0.0211        0.0190  8957833    9.77%
  92897 80823        0.0206    27        0.0211        0.0190  9104266    9.77%
  94088 81497        0.0202    32        0.0211        0.0190  9194354    9.77%
Elapsed time = 252.66 sec. (326391.68 ticks, tree = 186.47 MB, solutions = 77)
  95477 82863        0.0208    17        0.0211        0.0190  9341325    9.77%
  96855 84018        0.0190    25        0.0211        0.0190  9473755    9.77%
  98128 85337        0.0191    30        0.0211        0.0190  9620422    9.77%
  99343 86320        0.0199    37        0.0211        0.0190  9730735    9.77%
 100799 87772        0.0198    27        0.0211        0.0190  9886261    9.77%
 102124 89067        0.0195    26        0.0211        0.0190 10030095    9.77%
 103604 90578        0.0204    27        0.0211        0.0190 10176017    9.77%
 104872 91809        0.0194    27        0.0211        0.0190 10318916    9.77%
 106088 92576        0.0201    21        0.0211        0.0190 10404840    9.77%
 107507 94081        0.0201    32        0.0211        0.0190 10541001    9.77%
Elapsed time = 280.66 sec. (364581.58 ticks, tree = 209.54 MB, solutions = 77)
 108843 95229        0.0198    22        0.0211        0.0190 10669515    9.77%
 110245 96795        0.0195    27        0.0211        0.0190 10831384    9.77%
 111410 97327        0.0196    27        0.0211        0.0190 10904687    9.77%
 112728 98565        0.0200    32        0.0211        0.0190 11037221    9.77%
 114151 99816        0.0192    30        0.0211        0.0190 11177644    9.77%
 115571 101363        0.0200    31        0.0211        0.0190 11344147    9.77%
 116732 102537        0.0193    24        0.0211        0.0190 11472977    9.77%
 117969 103710        0.0196    23        0.0211        0.0190 11587656    9.77%
 119333 105118        0.0196    32        0.0211        0.0190 11756275    9.77%
 120641 105924        0.0199    24        0.0211        0.0190 11841036    9.77%
Elapsed time = 309.05 sec. (402760.68 ticks, tree = 231.33 MB, solutions = 77)
 121829 107113        0.0200    35        0.0211        0.0190 11987346    9.77%
 122922 108380        0.0196    24        0.0211        0.0190 12128805    9.77%
 124307 109254        0.0199    25        0.0211        0.0190 12254311    9.77%
 125603 110751        0.0198    24        0.0211        0.0190 12415002    9.77%
 126780 111543        0.0193    34        0.0211        0.0190 12518875    9.77%
 128090 112897        0.0206    36        0.0211        0.0190 12661048    9.77%
 129461 113847        0.0193    28        0.0211        0.0190 12768426    9.77%
 130831 114959        0.0206    36        0.0211        0.0190 12883208    9.77%
 132491 116893        0.0197    18        0.0211        0.0190 13066341    9.77%
 134073 117969        0.0195    20        0.0211        0.0190 13166111    9.77%
Elapsed time = 337.22 sec. (440944.43 ticks, tree = 253.37 MB, solutions = 77)
 135772 119575        0.0196    33        0.0211        0.0190 13308575    9.77%
 137087 120747        0.0200    32        0.0211        0.0190 13418549    9.77%
 138660 122097        0.0192    27        0.0211        0.0190 13570554    9.77%
 140139 123726        0.0197    27        0.0211        0.0190 13718337    9.77%
*140431+124110                            0.0211        0.0190             9.72%
 141518 125186        0.0196    29        0.0211        0.0190 13902389    9.72%
 142809 126099        0.0192    32        0.0211        0.0190 13983872    9.72%
 144123 127280        0.0192    25        0.0211        0.0190 14137665    9.72%
 145285 128510        0.0199    29        0.0211        0.0190 14273155    9.72%
 146433 129498        0.0199    28        0.0211        0.0190 14395422    9.72%
 147747 130125        0.0196    33        0.0211        0.0190 14480253    9.72%
Elapsed time = 365.80 sec. (479124.46 ticks, tree = 275.63 MB, solutions = 78)
 148836 131532        0.0191    27        0.0211        0.0190 14653324    9.72%
 150171 132737        0.0195    27        0.0211        0.0190 14787886    9.72%
 151357 133414        0.0190    27        0.0211        0.0190 14884048    9.72%
 152622 134890        0.0191    27        0.0211        0.0190 15046103    9.72%
 154109 136189        0.0191    32        0.0211        0.0190 15181026    9.72%
 155189 137210        0.0205    27        0.0211        0.0190 15308533    9.72%
 156682 138121        0.0191    28        0.0211        0.0190 15403137    9.72%
 157995 139551        0.0195    33        0.0211        0.0190 15561404    9.72%
 159381 141281        0.0192    28        0.0211        0.0190 15755105    9.72%
 160723 141797        0.0191    28        0.0211        0.0190 15816026    9.72%
Elapsed time = 394.00 sec. (517335.54 ticks, tree = 299.99 MB, solutions = 78)
 162106 143153        0.0194    28        0.0211        0.0190 15966835    9.72%
 163711 144958        0.0194    25        0.0211        0.0190 16162104    9.72%
 165046 145867        0.0207    29        0.0211        0.0190 16229899    9.72%
 166419 147348        0.0194    28        0.0211        0.0190 16406785    9.72%
 167731 148599        0.0198    27        0.0211        0.0190 16539605    9.72%
 169109 149286        0.0197    29        0.0211        0.0190 16616752    9.72%
 170316 150642        0.0199    20        0.0211        0.0190 16780810    9.72%
 171674 151799    infeasible              0.0211        0.0190 16913115    9.72%
 173173 153366        0.0197    36        0.0211        0.0190 17061137    9.72%
 174685 154553        0.0192    25        0.0211        0.0190 17180885    9.72%
Elapsed time = 422.34 sec. (555508.03 ticks, tree = 323.40 MB, solutions = 78)
 176048 156012        0.0195    23        0.0211        0.0190 17326802    9.72%
 177604 156993        0.0194    25        0.0211        0.0190 17428817    9.72%
 178963 158299        0.0199    31        0.0211        0.0190 17569037    9.72%
 180229 159718        0.0201    24        0.0211        0.0190 17716150    9.72%
 181703 160951        0.0193    23        0.0211        0.0190 17863753    9.72%
 182938 161918        0.0198    30        0.0211        0.0190 17958785    9.72%
 184236 163319        0.0194    22        0.0211        0.0190 18118188    9.72%
 185482 164583        0.0191    27        0.0211        0.0190 18267940    9.72%
 186884 165522        0.0190    26        0.0211        0.0190 18368509    9.72%
 187995 166861        0.0198    27        0.0211        0.0190 18536085    9.72%
Elapsed time = 450.84 sec. (593706.90 ticks, tree = 347.70 MB, solutions = 78)
 189412 167955        0.0202    31        0.0211        0.0190 18654695    9.72%
 190795 169239        0.0194    29        0.0211        0.0190 18797322    9.72%
 192177 170542        0.0209    34        0.0211        0.0190 18942451    9.72%
 193706 172212        0.0205    32        0.0211        0.0190 19113231    9.72%
 194906 173105        0.0193    28        0.0211        0.0190 19215908    9.72%
 196033 174153        0.0209    26        0.0211        0.0190 19325563    9.72%
 197257 174972        0.0198    27        0.0211        0.0190 19458526    9.72%
 198541 176301        0.0199    31        0.0211        0.0190 19601034    9.72%
 199862 177263        0.0202    32        0.0211        0.0190 19724620    9.72%
 201291 179108        0.0197    27        0.0211        0.0190 19922934    9.72%
Elapsed time = 479.66 sec. (631874.08 ticks, tree = 370.22 MB, solutions = 78)
 202717 180230        0.0191    28        0.0211        0.0190 20032805    9.72%
 204072 181275        0.0195    30        0.0211        0.0190 20142229    9.72%
 205393 182782        0.0195    29        0.0211        0.0190 20315149    9.72%
 206624 183766        0.0206    27        0.0211        0.0190 20441497    9.72%
 207608 184722        0.0205    31        0.0211        0.0190 20558029    9.72%
 208987 185887        0.0201    27        0.0211        0.0190 20711240    9.72%
 210378 187125        0.0194    27        0.0211        0.0190 20833498    9.72%
 211695 188035        0.0198    25        0.0211        0.0190 20949201    9.72%
 212862 189673        0.0199    26        0.0211        0.0190 21145101    9.72%
 214193 190267        0.0195    24        0.0211        0.0190 21223593    9.72%
Elapsed time = 510.00 sec. (670067.46 ticks, tree = 392.65 MB, solutions = 78)
 215393 191624        0.0199    28        0.0211        0.0190 21384430    9.72%
 216764 192714        0.0194    24        0.0211        0.0190 21515979    9.72%
 218017 193732        0.0193    24        0.0211        0.0190 21619843    9.72%
 219254 195109        0.0200    25        0.0211        0.0190 21798876    9.72%
 220416 196238        0.0203    27        0.0211        0.0190 21933779    9.72%
 221735 197477        0.0207    30        0.0211        0.0190 22082324    9.72%
 222910 198146    infeasible              0.0211        0.0190 22150414    9.72%
 224415 199348        0.0199    24        0.0211        0.0190 22286931    9.72%
 226048 201031        0.0194    27        0.0211        0.0190 22453618    9.72%
 227370 202514        0.0208    38        0.0211        0.0190 22590411    9.72%
Elapsed time = 539.00 sec. (708255.92 ticks, tree = 415.40 MB, solutions = 78)
 228605 203555        0.0196    28        0.0211        0.0190 22710850    9.72%
 229415 204555        0.0206    23        0.0211        0.0190 22812627    9.72%
 230411 205056        0.0202    31        0.0211        0.0190 22867395    9.72%
 231583 206316        0.0192    27        0.0211        0.0190 22990567    9.72%
 232605 207496        0.0205    30        0.0211        0.0190 23114073    9.72%
 234105 208423        0.0208    25        0.0211        0.0190 23186148    9.72%
 235123 209588        0.0194    29        0.0211        0.0190 23303157    9.72%
 236206 210678        0.0206    28        0.0211        0.0190 23422415    9.72%
 237338 211759        0.0191    26        0.0211        0.0190 23506037    9.72%
 238303 212770        cutoff              0.0211        0.0190 23635336    9.72%
Elapsed time = 569.58 sec. (746429.86 ticks, tree = 434.10 MB, solutions = 78)
 239454 213248        0.0191    26        0.0211        0.0190 23677982    9.72%
 240373 214483        0.0194    27        0.0211        0.0190 23785690    9.72%
 241362 215042        0.0197    27        0.0211        0.0190 23861319    9.72%
 242437 216204        0.0192    28        0.0211        0.0190 23982317    9.72%
 243226 217228        0.0195    30        0.0211        0.0190 24090976    9.72%
 244318 217939        0.0194    26        0.0211        0.0190 24172990    9.72%
 245385 219080        0.0200    33        0.0211        0.0190 24287588    9.72%
 246140 219664        0.0198    33        0.0211        0.0190 24385821    9.72%
 247126 220790        0.0204    35        0.0211        0.0190 24521597    9.72%
 248177 221205        0.0197    26        0.0211        0.0190 24571019    9.72%
Elapsed time = 599.47 sec. (784602.73 ticks, tree = 449.66 MB, solutions = 78)

Cover cuts applied:  2
Implied bound cuts applied:  4

Root node processing (before b&c):
  Real time             =    1.42 sec. (1436.56 ticks)
Parallel b&c, 4 threads:
  Real time             =  598.59 sec. (783965.41 ticks)
  Sync time (average)   =   27.44 sec.
  Wait time (average)   =    0.00 sec.
                          ------------
Total (root+branch&cut) =  600.02 sec. (785401.98 ticks)
