Version identifier: 22.2.0.0 | 2026-05-04 | 5dff98e58
CPXPARAM_Read_DataCheck                          1
CPXPARAM_Threads                                 4
CPXPARAM_Parallel                                1
CPXPARAM_RandomSeed                              20260925
CPXPARAM_Simplex_Tolerances_Optimality           1.0000000000000001e-09
CPXPARAM_Simplex_Tolerances_Feasibility          1.0000000000000001e-09
CPXPARAM_TimeLimit                               600
CPXPARAM_MIP_Tolerances_AbsMIPGap                1.0000000000000001e-09
CPXPARAM_MIP_Tolerances_Integrality              1.0000000000000001e-09
Legacy callback                                  i
Found incumbent of value 0.000000 after 0.00 sec. (0.85 ticks)
Tried aggregator 2 times.
MIP Presolve eliminated 1350 rows and 1 columns.
MIP Presolve modified 3414 coefficients.
Aggregator did 30 substitutions.
Reduced MIP has 3965 rows, 4657 columns, and 49173 nonzeros.
Reduced MIP has 1164 binaries, 0 generals, 0 SOSs, and 0 indicators.
Presolve time = 0.05 sec. (60.60 ticks)
Probing time = 0.00 sec. (0.68 ticks)
Tried aggregator 1 time.
Detecting symmetries...
MIP Presolve modified 132 coefficients.
Reduced MIP has 3965 rows, 4657 columns, and 49173 nonzeros.
Reduced MIP has 1164 binaries, 0 generals, 0 SOSs, and 0 indicators.
Presolve time = 0.02 sec. (20.86 ticks)
Probing time = 0.00 sec. (0.78 ticks)
MIP emphasis: balance optimality and feasibility.
MIP search method: dynamic search.
Parallel mode: deterministic, using up to 4 threads.
Root relaxation solution time = 0.12 sec. (151.09 ticks)

        Nodes                                         Cuts/
   Node  Left     Objective  IInf  Best Integer    Best Bound    ItCnt     Gap

*     0+    0                            0.0000       -0.5753              --- 
      0     0       -0.1055    37        0.0000       -0.1055     2711     --- 
*     0+    0                           -0.0295       -0.1055           257.18%
*     0+    0                           -0.0915       -0.1055            15.29%
      0     0       -0.1055    29       -0.0915    MIRcuts: 1     3491   15.29%
      0     0       -0.1055    28       -0.0915    MIRcuts: 8     4720   15.29%
*     0+    0                           -0.0919       -0.1055            14.79%
*     0+    0                           -0.0930       -0.1055            13.37%
      0     0  -1.00000e+75     0       -0.0930       -0.1055     4720   13.37%
      0     2       -0.1055    21       -0.0930       -0.1055     4720   13.37%
Elapsed time = 6.95 sec. (7200.49 ticks, tree = 0.02 MB, solutions = 5)
      2     3       -0.1055    24       -0.0930       -0.1055     8117   13.37%
      5     5       -0.1055    32       -0.0930       -0.1055    12236   13.37%
*    10+    2                           -0.0958       -0.1055            10.15%
     12     4       -0.1055    33       -0.0958       -0.1055     9734   10.15%
     22    20       -0.1055    40       -0.0958       -0.1055    31710   10.15%
     30    26       -0.1055    31       -0.0958       -0.1055    40237   10.15%
     34    30       -0.1055    24       -0.0958       -0.1055    56228   10.15%
     38    26       -0.1055    35       -0.0958       -0.1055    40163   10.15%
     58    50       -0.1055    27       -0.0958       -0.1055    86753   10.15%
     69    49       -0.1055    37       -0.0958       -0.1055    95890   10.15%
    123   103       -0.1055    24       -0.0958       -0.1055   127170   10.15%
Elapsed time = 10.36 sec. (10727.52 ticks, tree = 0.57 MB, solutions = 6)
    159   146       -0.1055    39       -0.0958       -0.1055   148409   10.15%
    209   176       -0.1055    25       -0.0958       -0.1055   165105   10.15%
    239   217       -0.1055    33       -0.0958       -0.1055   183654   10.15%
    269   252       -0.1055    41       -0.0958       -0.1055   199994   10.15%
    296   282       -0.1055    33       -0.0958       -0.1055   215228   10.15%
    312   298       -0.1055    29       -0.0958       -0.1055   220347   10.15%
    362   322       -0.1055    25       -0.0958       -0.1055   230548   10.15%
    416   402       -0.1055    25       -0.0958       -0.1055   258547   10.15%
    470   440       -0.1055    22       -0.0958       -0.1055   276843   10.15%
    557   498       -0.0966    14       -0.0958       -0.1055   290090   10.15%
Elapsed time = 19.12 sec. (20557.62 ticks, tree = 9.49 MB, solutions = 6)
*   592+  495                           -0.0959       -0.1055            10.02%
    633   555       -0.0959    13       -0.0959       -0.1055   315615   10.02%
    686   614       -0.1055    33       -0.0959       -0.1055   334645   10.02%
    724   637       -0.1033    20       -0.0959       -0.1055   343810   10.02%
    765   679       -0.0966    13       -0.0959       -0.1055   368149   10.02%
    858   722       -0.0977    21       -0.0959       -0.1055   384329   10.02%
    936   775        cutoff             -0.0959       -0.1055   403352   10.02%
   1012   875       -0.0988    17       -0.0959       -0.1055   429767   10.02%
   1075   894       -0.1033    27       -0.0959       -0.1055   442120   10.02%
   1139   976       -0.1033    24       -0.0959       -0.1055   457775   10.02%
   1207  1033       -0.1024    19       -0.0959       -0.1055   477811   10.02%
Elapsed time = 27.11 sec. (30251.73 ticks, tree = 26.40 MB, solutions = 8)
*  1209+ 1054                           -0.0959       -0.1055            10.01%
*  1232+ 1061                           -0.0962       -0.1055             9.65%
*  1235+ 1061                           -0.0970       -0.1055             8.80%
   1275  1090       -0.1055    22       -0.0970       -0.1055   499778    8.80%

Performing restart 1

Repeating presolve.
Tried aggregator 1 time.
Reduced MIP has 3965 rows, 4657 columns, and 49173 nonzeros.
Reduced MIP has 1164 binaries, 0 generals, 0 SOSs, and 0 indicators.
Presolve time = 0.02 sec. (13.61 ticks)
Tried aggregator 1 time.
Reduced MIP has 3965 rows, 4657 columns, and 49173 nonzeros.
Reduced MIP has 1164 binaries, 0 generals, 0 SOSs, and 0 indicators.
Presolve time = 0.02 sec. (21.04 ticks)
Represolve time = 0.03 sec. (44.91 ticks)
*  1361+    0                           -0.1011       -0.1055             4.35%
   1361     0       -0.1055    24       -0.1011    MIRcuts: 3   520580    4.35%
   1361     0       -0.1055    30       -0.1011     Covers: 3   521110    4.35%
   1361     0       -0.1055    27       -0.1011       Cuts: 5   521896    4.35%
   1361     0       -0.1055    29       -0.1011     Covers: 2   522899    4.35%
   1361     0       -0.1055    28       -0.1011       Cuts: 3   523745    4.35%
   1361     0       -0.1055    20       -0.1011    MIRcuts: 1   524552    4.35%
   1361     0       -0.1055    26       -0.1011     Covers: 5   525850    4.35%
   1361     2       -0.1055    20       -0.1011       -0.1055   525850    4.35%
   1364     3       -0.1055    21       -0.1011       -0.1055   527518    4.35%
   1372    11       -0.1055    37       -0.1011       -0.1055   537419    4.35%
   1380    19       -0.1055    31       -0.1011       -0.1055   546121    4.35%
   1395    30       -0.1055    40       -0.1011       -0.1055   566711    4.35%
   1411    39       -0.1055    37       -0.1011       -0.1055   571402    4.35%
   1437    58       -0.1033    51       -0.1011       -0.1055   577758    4.35%
   1476    95       -0.1033    33       -0.1011       -0.1055   596151    4.35%
   1522   129       -0.1033    35       -0.1011       -0.1055   615669    4.35%
Elapsed time = 47.92 sec. (54845.24 ticks, tree = 1.80 MB, solutions = 14)
   1556   148       -0.1033    22       -0.1011       -0.1055   624769    4.35%
   1610   198       -0.1033    43       -0.1011       -0.1055   647630    4.35%
   1658   257       -0.1033    40       -0.1011       -0.1055   682323    4.35%
   1700   275       -0.1033    36       -0.1011       -0.1055   703517    4.35%
   1752   339       -0.1033    20       -0.1011       -0.1055   742694    4.35%
   1779   351       -0.1033    23       -0.1011       -0.1055   756815    4.35%
   1837   400       -0.1033    21       -0.1011       -0.1055   805496    4.35%
   1906   446       -0.1055    47       -0.1011       -0.1055   851654    4.35%
   1949   474        cutoff             -0.1011       -0.1055   873686    4.35%
   1990   519       -0.1055    43       -0.1011       -0.1055   890549    4.35%
Elapsed time = 56.75 sec. (64606.96 ticks, tree = 4.27 MB, solutions = 14)
   2032   535       -0.1055    37       -0.1011       -0.1055   905836    4.35%
   2055   601       -0.1055    46       -0.1011       -0.1055   932806    4.35%
   2107   621       -0.1055    39       -0.1011       -0.1055   946763    4.35%
   2165   624       -0.1011    21       -0.1011       -0.1055   969209    4.35%
   2221   707       -0.1033    39       -0.1011       -0.1055  1015336    4.35%
   2242   731       -0.1055    29       -0.1011       -0.1055  1034045    4.35%
   2268   761       -0.1033    42       -0.1011       -0.1055  1056111    4.35%
   2306   768       -0.1043    30       -0.1011       -0.1055  1066063    4.35%
   2344   851       -0.1033    30       -0.1011       -0.1055  1112889    4.35%
   2382   832       -0.1033    43       -0.1011       -0.1055  1102153    4.35%
Elapsed time = 65.78 sec. (74507.40 ticks, tree = 9.75 MB, solutions = 14)
   2419   885       -0.1033    34       -0.1011       -0.1055  1140322    4.35%
   2457   921       -0.1033    26       -0.1011       -0.1055  1159509    4.35%
   2498   961       -0.1055    29       -0.1011       -0.1055  1175134    4.35%
   2554   988       -0.1033    20       -0.1011       -0.1055  1187886    4.35%
   2604  1032       -0.1033    26       -0.1011       -0.1055  1195927    4.35%
   2640  1096       -0.1033    32       -0.1011       -0.1055  1219906    4.35%
   2664  1125       -0.1033    26       -0.1011       -0.1055  1230219    4.35%
   2738  1122       -0.1033    28       -0.1011       -0.1055  1225967    4.35%
   2825  1174       -0.1029    29       -0.1011       -0.1055  1238943    4.35%
   2885  1236       -0.1055    28       -0.1011       -0.1055  1257603    4.35%
Elapsed time = 74.39 sec. (84179.19 ticks, tree = 21.96 MB, solutions = 14)
   2967  1299       -0.1055    26       -0.1011       -0.1055  1269523    4.35%
   3055  1373       -0.1033    29       -0.1011       -0.1055  1289478    4.35%
   3099  1385       -0.1033    22       -0.1011       -0.1055  1296426    4.35%
   3167  1502       -0.1055    27       -0.1011       -0.1055  1320178    4.35%
   3224  1540       -0.1055    29       -0.1011       -0.1055  1331854    4.35%
   3269  1597       -0.1055    31       -0.1011       -0.1055  1354844    4.35%
   3327  1648       -0.1015    26       -0.1011       -0.1055  1368536    4.35%
   3389  1735       -0.1055    36       -0.1011       -0.1055  1395331    4.35%
   3437  1750       -0.1055    30       -0.1011       -0.1055  1397413    4.35%
   3473  1794       -0.1029    31       -0.1011       -0.1055  1410427    4.35%
Elapsed time = 83.28 sec. (93888.66 ticks, tree = 39.46 MB, solutions = 14)
   3560  1842       -0.1055    44       -0.1011       -0.1055  1418259    4.35%
   3631  1876       -0.1041    28       -0.1011       -0.1055  1426764    4.35%
   3702  1957       -0.1033    29       -0.1011       -0.1055  1449440    4.35%
   3777  2076       -0.1055    24       -0.1011       -0.1055  1474641    4.35%
   3870  2090       -0.1036    21       -0.1011       -0.1055  1478625    4.35%
   3944  2112       -0.1055    25       -0.1011       -0.1055  1491354    4.35%
   4046  2165       -0.1022    26       -0.1011       -0.1055  1499872    4.35%
   4149  2221       -0.1041    28       -0.1011       -0.1055  1514439    4.35%
   4252  2387       -0.1012    26       -0.1011       -0.1055  1545017    4.35%
   4325  2359       -0.1055    30       -0.1011       -0.1055  1541955    4.35%
Elapsed time = 91.83 sec. (103534.76 ticks, tree = 57.28 MB, solutions = 14)
   4417  2440       -0.1021    23       -0.1011       -0.1055  1560734    4.35%
   4521  2495       -0.1036    23       -0.1011       -0.1055  1573783    4.35%
   4609  2550       -0.1055    26       -0.1011       -0.1055  1596380    4.35%
   4711  2590       -0.1036    19       -0.1011       -0.1055  1602869    4.35%
   4820  2794       -0.1055    27       -0.1011       -0.1055  1652853    4.35%
   4897  2818       -0.1036    29       -0.1011       -0.1055  1657801    4.35%
   4999  2875       -0.1055    24       -0.1011       -0.1055  1673765    4.35%
   5099  2979       -0.1021    26       -0.1011       -0.1055  1697989    4.35%
   5228  3002       -0.1055    25       -0.1011       -0.1055  1702303    4.35%
   5638  3322       -0.1015    23       -0.1011       -0.1055  1770825    4.35%
Elapsed time = 102.25 sec. (116107.12 ticks, tree = 87.72 MB, solutions = 14)
   5972  3601       -0.1026    30       -0.1011       -0.1055  1842492    4.35%
   6405  3792       -0.1043    26       -0.1011       -0.1055  1899499    4.35%
   6830  4132       -0.1022    27       -0.1011       -0.1055  1981453    4.35%
   7270  4400        cutoff             -0.1011       -0.1055  2046860    4.35%
   7672  4707       -0.1055    27       -0.1011       -0.1055  2126672    4.35%
   8173  4997       -0.1038    31       -0.1011       -0.1055  2202058    4.35%
   8581  5302       -0.1013    24       -0.1011       -0.1055  2266907    4.35%
   9014  5663       -0.1044    26       -0.1011       -0.1055  2362275    4.35%
   9505  5974       -0.1021    27       -0.1011       -0.1055  2438280    4.35%
   9920  6265       -0.1011    23       -0.1011       -0.1055  2509632    4.35%
Elapsed time = 134.50 sec. (154364.54 ticks, tree = 180.80 MB, solutions = 14)
  10326  6474       -0.1055    31       -0.1011       -0.1055  2569594    4.35%
  10780  6867       -0.1055    28       -0.1011       -0.1055  2685619    4.35%
  11221  7165       -0.1021    25       -0.1011       -0.1055  2753215    4.35%
  11625  7428       -0.1055    34       -0.1011       -0.1055  2818985    4.35%
  12008  7610       -0.1021    22       -0.1011       -0.1055  2858967    4.35%
  12415  8002       -0.1021    30       -0.1011       -0.1055  2965500    4.35%
  12748  8156       -0.1055    28       -0.1011       -0.1055  3007953    4.35%
  13231  8407       -0.1052    26       -0.1011       -0.1055  3080062    4.35%
  13711  8726       -0.1033    22       -0.1011       -0.1055  3145784    4.35%
  14088  9123       -0.1055    28       -0.1011       -0.1055  3243635    4.35%
Elapsed time = 167.45 sec. (192688.31 ticks, tree = 271.50 MB, solutions = 14)
  14535  9357       -0.1044    22       -0.1011       -0.1055  3300341    4.35%
  15007  9734       -0.1026    25       -0.1011       -0.1055  3399707    4.35%
  15372 10041       -0.1055    25       -0.1011       -0.1055  3482471    4.35%
  15803 10313       -0.1019    20       -0.1011       -0.1055  3543410    4.35%
  16193 10510       -0.1021    22       -0.1011       -0.1055  3589926    4.35%
* 16383+10734                           -0.1013       -0.1055             4.15%
* 16384+10734                           -0.1014       -0.1055             4.06%
  16636 10602        cutoff             -0.1014       -0.1055  3688370    4.06%
* 16758+10716                           -0.1014       -0.1055             3.99%
  17029 10777       -0.1033    24       -0.1014       -0.1055  3755209    3.99%
  17471 11159        cutoff             -0.1014       -0.1055  3865741    3.99%
  17955 11487       -0.1021    23       -0.1014       -0.1055  3937091    3.99%
  18533 11912       -0.1017    17       -0.1014       -0.1055  4033852    3.99%
Elapsed time = 200.08 sec. (230948.32 ticks, tree = 359.69 MB, solutions = 18)
  19032 12280       -0.1038    20       -0.1014       -0.1055  4118034    3.99%
  19584 12574       -0.1035    24       -0.1014       -0.1055  4190711    3.99%
  20116 12782       -0.1033    19       -0.1014       -0.1055  4226564    3.99%
  20660 13332       -0.1038    24       -0.1014       -0.1055  4343529    3.99%
  21102 13545       -0.1054    26       -0.1014       -0.1055  4382059    3.99%
  21641 13835       -0.1038    18       -0.1014       -0.1055  4444748    3.99%
  22200 14343       -0.1022    18       -0.1014       -0.1055  4547748    3.99%
  22701 14782       -0.1038    23       -0.1014       -0.1055  4635045    3.99%
  23267 15270        cutoff             -0.1014       -0.1055  4725897    3.99%
  23856 15711       -0.1038    28       -0.1014       -0.1055  4819787    3.99%
Elapsed time = 230.66 sec. (269201.84 ticks, tree = 481.04 MB, solutions = 18)
* 24306+15858                           -0.1014       -0.1055             3.99%
  24420 16122       -0.1036    22       -0.1014       -0.1055  4905063    3.99%
  24974 16165       -0.1038    26       -0.1014       -0.1055  4904438    3.99%
  25227 16827       -0.1055    32       -0.1014       -0.1055  5048533    3.99%
  25497 17040       -0.1029    23       -0.1014       -0.1055  5094315    3.99%
  25741 17156       -0.1015    24       -0.1014       -0.1055  5115341    3.99%
* 25834+17243                           -0.1025       -0.1055             2.89%
  25898 17325       -0.1044    22       -0.1025       -0.1055  5156228    2.89%
* 26044+16550                           -0.1033       -0.1055             2.13%
  26098 12210       -0.1026    20       -0.1033       -0.1055  5219225    2.13%
  26327 12273       -0.1033    21       -0.1033       -0.1055  5241485    2.13%
  26541 12339       -0.1045    27       -0.1033       -0.1055  5263242    2.13%
  26774 12596       -0.1038    32       -0.1033       -0.1055  5325866    2.13%
Elapsed time = 261.28 sec. (307635.42 ticks, tree = 388.76 MB, solutions = 20)
  27038 12707       -0.1055    20       -0.1033       -0.1055  5350267    2.13%
  27313 12930       -0.1038    30       -0.1033       -0.1055  5391636    2.13%
  27527 13122       -0.1040    25       -0.1033       -0.1055  5433180    2.13%
  27794 13345        cutoff             -0.1033       -0.1055  5478608    2.13%
  28082 13425       -0.1035    20       -0.1033       -0.1055  5499174    2.13%
  28352 13587       -0.1026    21       -0.1033       -0.1055  5545002    2.13%
  28567 13840        cutoff             -0.1033       -0.1055  5613057    2.13%
  28798 13916       -0.1045    26       -0.1033       -0.1055  5637366    2.13%
  29044 14194       -0.1038    18       -0.1033       -0.1055  5707343    2.13%
  29242 14280        cutoff             -0.1033       -0.1055  5731614    2.13%
Elapsed time = 291.28 sec. (345962.81 ticks, tree = 443.22 MB, solutions = 20)
  29448 14423        cutoff             -0.1033       -0.1055  5775275    2.13%
  29647 14602       -0.1033    30       -0.1033       -0.1055  5816787    2.13%
  29935 10700       -0.1045    27       -0.1033       -0.1055  5864356    2.13%
* 30083+10694                           -0.1034       -0.1055             2.05%
  30311 10681        cutoff             -0.1034       -0.1055  5864142    2.05%
  30728  9852       -0.1045    24       -0.1034       -0.1055  6007643    2.05%
  31111  9978        cutoff             -0.1034       -0.1055  6051453    2.05%
  31535 10272       -0.1046    26       -0.1034       -0.1055  6144577    2.05%
  31961 10363        cutoff             -0.1034       -0.1055  6196162    2.05%
  32359 10623       -0.1055    28       -0.1034       -0.1055  6277367    2.05%
  32798 10947       -0.1045    27       -0.1034       -0.1055  6428678    2.05%
Elapsed time = 321.34 sec. (384312.67 ticks, tree = 338.34 MB, solutions = 22)
  33189 11065       -0.1049    29       -0.1034       -0.1055  6483774    2.05%
  33721 11447       -0.1038    29       -0.1034       -0.1055  6608083    2.05%
  34168 11623       -0.1055    27       -0.1034       -0.1055  6654834    2.05%
  34545 11779       -0.1043    26       -0.1034       -0.1055  6705835    2.05%
  34971 12271        cutoff             -0.1034       -0.1055  6850035    2.05%
  35370 12482       -0.1055    30       -0.1034       -0.1055  6921905    2.05%
  35695 12838       -0.1055    29       -0.1034       -0.1055  7052658    2.05%
  36026 12891       -0.1055    26       -0.1034       -0.1055  7075568    2.05%
  36421 13147       -0.1055    25       -0.1034       -0.1055  7186883    2.05%
  36836 13179       -0.1036    25       -0.1034       -0.1055  7209325    2.05%
Elapsed time = 350.83 sec. (422622.48 ticks, tree = 410.23 MB, solutions = 22)
  37271 13590        cutoff             -0.1034       -0.1055  7389286    2.05%
  37640 13696       -0.1036    25       -0.1034       -0.1055  7449425    2.05%
  38000 13901       -0.1045    26       -0.1034       -0.1055  7590700    2.05%
  38467 13968       -0.1043    25       -0.1034       -0.1055  7612600    2.05%
  38813 14022        cutoff             -0.1034       -0.1055  7675251    2.05%
  39188 14248       -0.1055    26       -0.1034       -0.1055  7785263    2.05%
  39552 14520        cutoff             -0.1034       -0.1055  7907968    2.05%
  39931 14683        cutoff             -0.1034       -0.1055  8007580    2.05%
  40359 14785       -0.1055    32       -0.1034       -0.1055  8055647    2.05%
  40736 15065       -0.1039    25       -0.1034       -0.1055  8173232    2.05%
Elapsed time = 380.38 sec. (460870.61 ticks, tree = 471.05 MB, solutions = 22)
  41128 15289       -0.1045    25       -0.1034       -0.1055  8284684    2.05%
  41555 15437       -0.1055    25       -0.1034       -0.1055  8342904    2.05%
  41946 15589       -0.1055    28       -0.1034       -0.1055  8426928    2.05%
  42370 15860       -0.1038    22       -0.1034       -0.1055  8567152    2.05%
  42767 15823       -0.1036    25       -0.1034       -0.1055  8567470    2.05%
  43205 16068       -0.1050    28       -0.1034       -0.1055  8673409    2.05%
  43621 16435       -0.1038    25       -0.1034       -0.1055  8796508    2.05%
  44003 16718       -0.1054    25       -0.1034       -0.1055  8925963    2.05%
  44395 16946       -0.1050    25       -0.1034       -0.1055  9007257    2.05%
  44750 17051       -0.1038    28       -0.1034       -0.1055  9049431    2.05%
Elapsed time = 410.19 sec. (499146.90 ticks, tree = 534.73 MB, solutions = 22)
  45101 17249       -0.1038    29       -0.1034       -0.1055  9130068    2.05%
  45451 17421       -0.1055    39       -0.1034       -0.1055  9181116    2.05%
  45789 17635       -0.1045    28       -0.1034       -0.1055  9314045    2.05%
  46179 17662       -0.1038    23       -0.1034       -0.1055  9339162    2.05%
  46544 17925       -0.1055    28       -0.1034       -0.1055  9485424    2.05%
  46987 18133       -0.1036    27       -0.1034       -0.1055  9572246    2.05%
  47379 18198       -0.1038    26       -0.1034       -0.1055  9663906    2.05%
  47779 18529       -0.1055    28       -0.1034       -0.1055  9798680    2.05%
  48298 18611       -0.1040    24       -0.1034       -0.1055  9815507    2.05%
  48783 18858       -0.1055    25       -0.1034       -0.1055  9896228    2.05%
Elapsed time = 440.53 sec. (537426.39 ticks, tree = 592.25 MB, solutions = 22)
  49248 19316       -0.1055    37       -0.1034       -0.1055 10016675    2.05%
  49656 19602       -0.1055    26       -0.1034       -0.1055 10092541    2.05%
  50160 20050       -0.1045    25       -0.1034       -0.1055 10213014    2.05%
  50666 20117       -0.1055    23       -0.1034       -0.1055 10234352    2.05%
  51077 20674       -0.1055    29       -0.1034       -0.1055 10352141    2.05%
  51561 21206       -0.1055    24       -0.1034       -0.1055 10475453    2.05%
  51999 21508       -0.1055    30       -0.1034       -0.1055 10531306    2.05%
  52489 21780       -0.1043    26       -0.1034       -0.1055 10595593    2.05%
  53009 21942       -0.1055    31       -0.1034       -0.1055 10627877    2.05%
  53605 22743       -0.1038    27       -0.1034       -0.1055 10795696    2.05%
Elapsed time = 470.11 sec. (575691.45 ticks, tree = 717.50 MB, solutions = 22)
  54054 22853       -0.1034    22       -0.1034       -0.1055 10818284    2.05%
  54526 23407       -0.1041    27       -0.1034       -0.1055 10951287    2.05%
  55037 23507       -0.1055    22       -0.1034       -0.1055 10972396    2.05%
  55502 23915        cutoff             -0.1034       -0.1055 11077817    2.05%
  55961 24255       -0.1038    24       -0.1034       -0.1055 11176108    2.05%
  56448 24517       -0.1034    26       -0.1034       -0.1055 11245472    2.05%
  57020 24786       -0.1046    23       -0.1034       -0.1055 11319712    2.05%
  57556 25207       -0.1055    21       -0.1034       -0.1055 11446687    2.05%
  58107 25377       -0.1046    25       -0.1034       -0.1055 11482288    2.05%
  58626 25896       -0.1040    25       -0.1034       -0.1055 11613684    2.05%
Elapsed time = 499.47 sec. (613878.42 ticks, tree = 819.09 MB, solutions = 22)
  59224 26184        cutoff             -0.1034       -0.1055 11680322    2.05%
  59775 26644        cutoff             -0.1034       -0.1055 11796761    2.05%
  60331 26809       -0.1053    22       -0.1034       -0.1055 11843678    2.05%
  60893 27368       -0.1046    22       -0.1034       -0.1055 11998764    2.05%
  61382 27587        cutoff             -0.1034       -0.1055 12055875    2.05%
  61887 27690        cutoff             -0.1034       -0.1055 12076231    2.05%
  62424 28103       -0.1043    25       -0.1034       -0.1055 12182452    2.05%
  62939 28335       -0.1050    31       -0.1034       -0.1055 12268227    2.05%
  63460 28724       -0.1055    29       -0.1034       -0.1055 12355444    2.05%
  63913 29284       -0.1034    26       -0.1034       -0.1055 12488418    2.05%
Elapsed time = 528.83 sec. (652163.65 ticks, tree = 928.31 MB, solutions = 22)
  64405 29437        cutoff             -0.1034       -0.1055 12526718    2.05%
  64898 29877       -0.1039    28       -0.1034       -0.1055 12648550    2.05%
  65391 30268       -0.1055    31       -0.1034       -0.1055 12757587    2.05%
  65851 30501       -0.1036    26       -0.1034       -0.1055 12826906    2.05%
  66209 30623       -0.1034    22       -0.1034       -0.1055 12863231    2.05%
  66695 30947        cutoff             -0.1034       -0.1055 12934199    2.05%
  67170 31379       -0.1055    21       -0.1034       -0.1055 13036270    2.05%
  67529 31594       -0.1043    25       -0.1034       -0.1055 13096630    2.05%
  67955 31775       -0.1036    19       -0.1034       -0.1055 13137616    2.05%
  68423 32199       -0.1040    26       -0.1034       -0.1055 13255223    2.05%
Elapsed time = 558.31 sec. (690384.79 ticks, tree = 1020.37 MB, solutions = 22)
  68789 32621       -0.1034    20       -0.1034       -0.1055 13358065    2.05%
  69214 32683       -0.1055    27       -0.1034       -0.1055 13380050    2.05%
  69673 32952       -0.1055    27       -0.1034       -0.1055 13453865    2.05%
  70061 33209       -0.1055    24       -0.1034       -0.1055 13533051    2.05%
  70495 33531       -0.1036    29       -0.1034       -0.1055 13600976    2.05%
  70977 33801        cutoff             -0.1034       -0.1055 13667876    2.05%
  71377 34075       -0.1044    24       -0.1034       -0.1055 13731209    2.05%
  71747 34652       -0.1055    26       -0.1034       -0.1055 13893061    2.05%
  72214 34530       -0.1055    24       -0.1034       -0.1055 13865683    2.05%
  72660 34820       -0.1055    29       -0.1034       -0.1055 13939004    2.05%
Elapsed time = 588.22 sec. (728790.37 ticks, tree = 1106.25 MB, solutions = 22)
  73075 35374       -0.1043    28       -0.1034       -0.1055 14099377    2.05%
  73506 35586       -0.1050    26       -0.1034       -0.1055 14175024    2.05%
  73995 35585       -0.1046    25       -0.1034       -0.1055 14161489    2.05%

Cover cuts applied:  6
Mixed integer rounding cuts applied:  3

Root node processing (before b&c):
  Real time             =    6.95 sec. (7197.15 ticks)
Parallel b&c, 4 threads:
  Real time             =  593.06 sec. (736825.47 ticks)
  Sync time (average)   =   18.50 sec.
  Wait time (average)   =    0.00 sec.
                          ------------
Total (root+branch&cut) =  600.02 sec. (744022.62 ticks)
