Version identifier: 22.2.0.0 | 2026-05-04 | 5dff98e58
CPXPARAM_Read_DataCheck                          1
CPXPARAM_Threads                                 4
CPXPARAM_Parallel                                1
CPXPARAM_RandomSeed                              20260925
CPXPARAM_MIP_Strategy_Search                     1
CPXPARAM_Simplex_Tolerances_Optimality           1.0000000000000001e-09
CPXPARAM_Simplex_Tolerances_Feasibility          1.0000000000000001e-09
CPXPARAM_TimeLimit                               600
CPXPARAM_MIP_Tolerances_AbsMIPGap                1.0000000000000001e-09
CPXPARAM_MIP_Tolerances_Integrality              1.0000000000000001e-09
Legacy callback                                  iLUD
Lazy constraint(s) or lazy constraint/branch callback is present.
    Disabling dual reductions (CPX_PARAM_REDUCE) in presolve.
    Disabling presolve reductions that prevent crushing forms (CPX_PARAM_PREREFORM).
         Disabling repeat represolve because of lazy constraint/incumbent callback.
Warning: Effort level 'CheckFeas' is incompatible with lazy constraint/incumbent callback.
         Effort level increased to 'SolveFixed'.
1 of 1 MIP starts provided solutions.
MIP start 'm1' defined initial solution with objective 0.0583.
Tried aggregator 1 time.
MIP Presolve eliminated 3106 rows and 0 columns.
Reduced MIP has 1473 rows, 2432 columns, and 15188 nonzeros.
Reduced MIP has 1200 binaries, 0 generals, 0 SOSs, and 0 indicators.
Presolve time = 0.00 sec. (11.62 ticks)
Probing time = 0.00 sec. (0.27 ticks)
MIP emphasis: balance optimality and feasibility.
MIP search method: traditional branch-and-cut.
Parallel mode: deterministic, using up to 4 threads.
Root relaxation solution time = 0.03 sec. (33.47 ticks)

        Nodes                                         Cuts/
   Node  Left     Objective  IInf  Best Integer    Best Bound    ItCnt     Gap         Variable B NodeID Parent  Depth

*     0+    0                            0.0583        0.0000           100.00%
      0     0        0.0522    11        0.0583        0.0522      990   10.52%
      0     0        0.0522    11        0.0583 UserPurge1: 1      995   10.52%
      0     0        0.0522    11        0.0583 UserPurge1: 1      996   10.52%
      0     0        0.0522    10        0.0583 UserPurge1: 1      998   10.52%
      0     0        0.0522    10        0.0583 UserPurge1: 1      999   10.52%
      0     0        0.0522    10        0.0583 UserPurge1: 1     1001   10.52%
      0     0        0.0522    11        0.0583 UserPurge1: 1     1003   10.52%
      0     0        0.0522    10        0.0583 UserPurge1: 1     1006   10.52%
      0     0        0.0522    10        0.0583 UserPurge1: 1     1007   10.52%
      0     0        0.0522    11        0.0583 UserPurge1: 1     1008   10.52%
      0     0        0.0522    10        0.0583 UserPurge1: 1     1009   10.52%
      0     0        0.0522    10        0.0583 UserPurge1: 1     1010   10.52%
      0     0        0.0522    11        0.0583 UserPurge1: 1     1011   10.52%
      0     0        0.0522    12        0.0583 UserPurge1: 1     1012   10.52%
      0     0        0.0522    10        0.0583 UserPurge1: 1     1013   10.52%
      0     0        0.0522    11        0.0583 UserPurge1: 1     1016   10.52%
      0     0        0.0522    12        0.0583 UserPurge1: 1     1017   10.52%
      0     0        0.0522    10        0.0583 UserPurge1: 1     1018   10.52%
      0     0        0.0522    11        0.0583 UserPurge1: 1     1019   10.52%
      0     0        0.0522    10        0.0583 UserPurge1: 1     1020   10.52%
      0     0        0.0522    10        0.0583 UserPurge1: 1     1021   10.52%
      0     0        0.0522    12        0.0583 UserPurge1: 1     1022   10.52%
      0     0        0.0522    11        0.0583 UserPurge1: 1     1026   10.52%
      0     0        0.0522    12        0.0583 UserPurge1: 1     1027   10.52%
*     0+    0                            0.0558        0.0522             6.43%
      0     0  -1.00000e+75     0        0.0558        0.0522     1027    6.43%
      0     2        0.0522    10        0.0558        0.0522     1027    6.43%                        0             0
Elapsed time = 1.64 sec. (762.01 ticks, tree = 0.02 MB, solutions = 2)
*    11+    1                            0.0558        0.0522             6.39%
*    84+   38                            0.0553        0.0522             5.59%
*   120+   52                            0.0553        0.0522             5.58%
*   148+   57                            0.0553        0.0522             5.55%
    187    68    infeasible              0.0553        0.0522     4403    5.55%            x756 D    185    181      9
*   664+  159                            0.0553        0.0549             0.71%
    837   138        0.0553    12        0.0553        0.0551    11376    0.37%            x366 U    717    201     10

Cover cuts applied:  6

Root node processing (before b&c):
  Real time             =    1.62 sec. (761.27 ticks)
Parallel b&c, 4 threads:
  Real time             =    2.16 sec. (544.03 ticks)
  Sync time (average)   =    0.18 sec.
  Wait time (average)   =    0.00 sec.
                          ------------
Total (root+branch&cut) =    3.78 sec. (1305.29 ticks)
