Version identifier: 22.2.0.0 | 2026-05-04 | 5dff98e58
CPXPARAM_Read_DataCheck                          1
CPXPARAM_Threads                                 4
CPXPARAM_Parallel                                1
CPXPARAM_RandomSeed                              20260925
CPXPARAM_MIP_Strategy_Search                     1
CPXPARAM_Simplex_Tolerances_Optimality           1.0000000000000001e-09
CPXPARAM_Simplex_Tolerances_Feasibility          1.0000000000000001e-09
CPXPARAM_TimeLimit                               600
CPXPARAM_MIP_Tolerances_AbsMIPGap                1.0000000000000001e-09
CPXPARAM_MIP_Tolerances_Integrality              1.0000000000000001e-09
Legacy callback                                  iLUD
Lazy constraint(s) or lazy constraint/branch callback is present.
    Disabling dual reductions (CPX_PARAM_REDUCE) in presolve.
    Disabling presolve reductions that prevent crushing forms (CPX_PARAM_PREREFORM).
         Disabling repeat represolve because of lazy constraint/incumbent callback.
Warning: Effort level 'CheckFeas' is incompatible with lazy constraint/incumbent callback.
         Effort level increased to 'SolveFixed'.
1 of 1 MIP starts provided solutions.
MIP start 'm1' defined initial solution with objective 0.0598.
Tried aggregator 1 time.
MIP Presolve eliminated 3106 rows and 0 columns.
Reduced MIP has 1469 rows, 2432 columns, and 13759 nonzeros.
Reduced MIP has 1200 binaries, 0 generals, 0 SOSs, and 0 indicators.
Presolve time = 0.00 sec. (11.37 ticks)
Probing time = 0.00 sec. (0.24 ticks)
MIP emphasis: balance optimality and feasibility.
MIP search method: traditional branch-and-cut.
Parallel mode: deterministic, using up to 4 threads.
Root relaxation solution time = 0.02 sec. (27.13 ticks)

        Nodes                                         Cuts/
   Node  Left     Objective  IInf  Best Integer    Best Bound    ItCnt     Gap         Variable B NodeID Parent  Depth

*     0+    0                            0.0598        0.0000           100.00%
      0     0        0.0522    12        0.0598        0.0522      843   12.75%
*     0+    0                            0.0557        0.0522             6.22%
      0     0  -1.00000e+75     0        0.0557        0.0522      843    6.22%
      0     2        0.0522    10        0.0557        0.0522      843    6.22%                        0             0
Elapsed time = 0.28 sec. (166.82 ticks, tree = 0.02 MB, solutions = 2)
*    16+    3                            0.0556        0.0522             6.09%
*    16+    1                            0.0556        0.0522             6.09%
*   106+   64                            0.0553        0.0522             5.63%
*   107+   64                            0.0553        0.0522             5.59%
*   175+  102                            0.0553        0.0522             5.53%
    188   119        0.0534    28        0.0553        0.0522     5614    5.53%           x1140 D    169     24      7
*   220+  122                            0.0553        0.0532             3.66%
*   378   136      integral     0        0.0553        0.0536    11124    2.92%
    455   149        0.0552    36        0.0553        0.0540    15995    2.32%            x498 D    481    477     14

Cover cuts applied:  4

Root node processing (before b&c):
  Real time             =    0.28 sec. (166.11 ticks)
Parallel b&c, 4 threads:
  Real time             =    1.58 sec. (676.97 ticks)
  Sync time (average)   =    0.17 sec.
  Wait time (average)   =    0.00 sec.
                          ------------
Total (root+branch&cut) =    1.86 sec. (843.09 ticks)
