Version identifier: 22.2.0.0 | 2026-05-04 | 5dff98e58
CPXPARAM_Read_DataCheck                          1
CPXPARAM_Threads                                 4
CPXPARAM_Parallel                                1
CPXPARAM_RandomSeed                              20260925
CPXPARAM_Simplex_Tolerances_Optimality           1.0000000000000001e-09
CPXPARAM_Simplex_Tolerances_Feasibility          1.0000000000000001e-09
CPXPARAM_TimeLimit                               600
CPXPARAM_MIP_Tolerances_AbsMIPGap                1.0000000000000001e-09
CPXPARAM_MIP_Tolerances_Integrality              1.0000000000000001e-09
Legacy callback                                  i
Found incumbent of value 0.000000 after 0.00 sec. (0.02 ticks)
Tried aggregator 1 time.
MIP Presolve eliminated 40 rows and 2 columns.
MIP Presolve modified 504 coefficients.
Reduced MIP has 656 rows, 708 columns, and 5658 nonzeros.
Reduced MIP has 174 binaries, 0 generals, 0 SOSs, and 0 indicators.
Presolve time = 0.02 sec. (2.27 ticks)
Probing time = 0.00 sec. (0.17 ticks)
Tried aggregator 1 time.
Detecting symmetries...
Reduced MIP has 656 rows, 708 columns, and 5658 nonzeros.
Reduced MIP has 174 binaries, 0 generals, 0 SOSs, and 0 indicators.
Presolve time = 0.00 sec. (2.26 ticks)
Probing time = 0.00 sec. (0.17 ticks)
MIP emphasis: balance optimality and feasibility.
MIP search method: dynamic search.
Parallel mode: deterministic, using up to 4 threads.
Root relaxation solution time = 0.02 sec. (20.84 ticks)

        Nodes                                         Cuts/
   Node  Left     Objective  IInf  Best Integer    Best Bound    ItCnt     Gap

*     0+    0                            0.0000       -1.5360              --- 
*     0+    0                           -0.1181       -1.5360              --- 
*     0+    0                           -0.2964       -1.5360           418.16%
      0     0       -0.5048    41       -0.2964       -0.5048      866   70.28%
*     0+    0                           -0.2994       -0.5048            68.59%
      0     0       -0.5048    65       -0.2994      Cuts: 54     1459   68.59%
      0     0       -0.5048    58       -0.2994      Cuts: 26     1853   68.59%
      0     0       -0.5034    72       -0.2994   MIRcuts: 25     2658   68.13%
*     0+    0                           -0.3173       -0.5034            58.66%
*     0+    0                           -0.3208       -0.5034            56.90%
      0     0  -1.00000e+75     0       -0.3208       -0.5034     2658   56.90%
      0     0       -0.5020    76       -0.3208   MIRcuts: 29     2910   56.46%
      0     0       -0.5001    77       -0.3208   MIRcuts: 30     3162   55.88%
Detecting symmetries...
*     0+    0                           -0.3550       -0.5001            40.89%
      0     0       -0.4989    83       -0.3550   MIRcuts: 23     3338   40.53%
      0     0       -0.4982    88       -0.3550   MIRcuts: 17     3479   40.35%
      0     0       -0.4974    88       -0.3550   MIRcuts: 17     3653   40.13%
      0     0       -0.4970    85       -0.3550    MIRcuts: 9     3723   40.02%
      0     0       -0.4969    82       -0.3550    MIRcuts: 5     3774   39.98%
      0     0       -0.4966    82       -0.3550   MIRcuts: 11     3859   39.90%
      0     0       -0.4965    85       -0.3550    MIRcuts: 4     3926   39.85%
      0     0       -0.4964    90       -0.3550    MIRcuts: 6     3975   39.84%
*     0+    0                           -0.3943       -0.4964            25.89%
*     0+    0                           -0.4300       -0.4964            15.43%
*     0+    0                           -0.4476       -0.4964            10.90%
*     0+    0                           -0.4500       -0.4925             9.45%
Detecting symmetries...
      0     2       -0.4964    89       -0.4500       -0.4925     3975    9.45%
Elapsed time = 1.59 sec. (1092.51 ticks, tree = 0.02 MB, solutions = 11)
      8     8       -0.4595    68       -0.4500       -0.4925     8496    9.45%
     68    44       -0.4590    29       -0.4500       -0.4925    24421    9.45%
    151    99       -0.4715    48       -0.4500       -0.4918    37711    9.29%
    283   178       -0.4808    73       -0.4500       -0.4897    50927    8.82%
    407   240       -0.4617    30       -0.4500       -0.4896    59516    8.81%
    523   363        cutoff             -0.4500       -0.4893    75126    8.73%
    618   397       -0.4548    44       -0.4500       -0.4879    81728    8.43%
    765   588       -0.4694    41       -0.4500       -0.4859   103260    7.97%
    921   677       -0.4534    15       -0.4500       -0.4855   114909    7.88%

Performing restart 1

Repeating presolve.
Tried aggregator 1 time.
MIP Presolve modified 168 coefficients.
Reduced MIP has 656 rows, 708 columns, and 5610 nonzeros.
Reduced MIP has 174 binaries, 0 generals, 0 SOSs, and 0 indicators.
Presolve time = 0.00 sec. (2.54 ticks)
Tried aggregator 1 time.
Reduced MIP has 656 rows, 708 columns, and 5610 nonzeros.
Reduced MIP has 174 binaries, 0 generals, 0 SOSs, and 0 indicators.
Presolve time = 0.00 sec. (2.27 ticks)
Represolve time = 0.02 sec. (12.27 ticks)
   1293     0       -0.4939    88       -0.4500      Cuts: 30   155310    7.66%
   1293     0       -0.4884    81       -0.4500      Cuts: 21   155625    7.66%
   1293     0       -0.4870    87       -0.4500   MIRcuts: 26   155858    7.66%
   1293     0       -0.4859    87       -0.4500      Cuts: 14   156019    7.66%
   1293     0       -0.4851    86       -0.4500    MIRcuts: 8   156121    7.66%
   1293     0       -0.4848    91       -0.4500    MIRcuts: 7   156230    7.66%
   1293     0       -0.4845    86       -0.4500      Cuts: 14   156321    7.66%
   1293     0       -0.4842    87       -0.4500   MIRcuts: 10   156432    7.60%
   1293     0       -0.4839    93       -0.4500    MIRcuts: 6   156550    7.54%
   1293     0       -0.4834    88       -0.4500   MIRcuts: 11   156686    7.43%
   1293     0       -0.4830    93       -0.4500   MIRcuts: 12   156818    7.33%
   1293     0       -0.4829    95       -0.4500    MIRcuts: 5   156853    7.32%
   1293     0       -0.4829    86       -0.4500    MIRcuts: 3   156943    7.30%
   1293     0       -0.4827    88       -0.4500    MIRcuts: 3   157022    7.27%
   1293     0       -0.4826    90       -0.4500    MIRcuts: 2   157096    7.25%
   1293     0       -0.4824    94       -0.4500    MIRcuts: 6   157215    7.20%
   1293     0       -0.4824    88       -0.4500    MIRcuts: 1   157253    7.19%
   1293     0       -0.4823    90       -0.4500    MIRcuts: 4   157322    7.18%
   1293     0       -0.4823    90       -0.4500    MIRcuts: 2   157355    7.18%
*  1293+    0                           -0.4524       -0.4823             6.61%
   1293     2       -0.4823    90       -0.4524       -0.4823   157355    6.61%
Elapsed time = 6.27 sec. (5703.26 ticks, tree = 0.02 MB, solutions = 12)
   1388    62        cutoff             -0.4524       -0.4811   179356    6.35%
   1764   307       -0.4595    52       -0.4524       -0.4793   220976    5.95%
   2168   690       -0.4679    44       -0.4524       -0.4778   261357    5.62%
*  2182+  687                           -0.4571       -0.4778             4.52%
   2589   902       -0.4600    46       -0.4571       -0.4763   305687    4.18%
   3026  1226       -0.4667    66       -0.4571       -0.4759   346627    4.11%
   3486  1594       -0.4601    36       -0.4571       -0.4752   390433    3.94%
   3958  1934       -0.4594    30       -0.4571       -0.4746   431806    3.81%
   4436  2374       -0.4593    55       -0.4571       -0.4739   492594    3.67%
   4972  2710       -0.4658    58       -0.4571       -0.4733   533356    3.53%
   5548  3156       -0.4585    46       -0.4571       -0.4729   581260    3.44%
Elapsed time = 14.55 sec. (15269.37 ticks, tree = 14.45 MB, solutions = 13)
   6115  3644       -0.4607    39       -0.4571       -0.4725   634432    3.36%
   6627  4121       -0.4665    53       -0.4571       -0.4722   695007    3.29%
   7253  4562       -0.4719    59       -0.4571       -0.4720   742794    3.24%
   7765  5045       -0.4611    35       -0.4571       -0.4716   798707    3.16%
   8177  5312       -0.4614    73       -0.4571       -0.4715   840854    3.13%
   8605  5645       -0.4590    45       -0.4571       -0.4714   886991    3.11%
   9043  5911       -0.4676    58       -0.4571       -0.4712   925679    3.07%
   9548  6323       -0.4600    45       -0.4571       -0.4710   978318    3.02%
  10106  6765       -0.4572    40       -0.4571       -0.4708  1033236    2.99%
  10619  7203        cutoff             -0.4571       -0.4706  1085882    2.94%
Elapsed time = 22.20 sec. (24832.74 ticks, tree = 33.82 MB, solutions = 13)
  11055  7508       -0.4632    51       -0.4571       -0.4703  1132418    2.88%
  11475  7827       -0.4605    52       -0.4571       -0.4701  1173247    2.84%
  11839  8147       -0.4661    87       -0.4571       -0.4701  1223037    2.83%
  12212  8231       -0.4661    63       -0.4571       -0.4700  1249485    2.82%
  12563  8573        cutoff             -0.4571       -0.4700  1310119    2.81%
  12972  8770        cutoff             -0.4571       -0.4698  1344456    2.78%
  13381  9234       -0.4612    48       -0.4571       -0.4697  1407566    2.76%
  13796  9382       -0.4626    55       -0.4571       -0.4696  1431150    2.73%
  14202  9644       -0.4656    76       -0.4571       -0.4694  1471965    2.69%
  14579 10059       -0.4614    75       -0.4571       -0.4693  1532616    2.67%
Elapsed time = 29.62 sec. (34396.51 ticks, tree = 46.52 MB, solutions = 13)
  14982 10343        cutoff             -0.4571       -0.4693  1585510    2.66%
  15471 10673        cutoff             -0.4571       -0.4692  1629783    2.64%
  15863 10935        cutoff             -0.4571       -0.4691  1676299    2.62%
  16285 11188       -0.4580    44       -0.4571       -0.4690  1716300    2.60%
  16688 11427       -0.4591    61       -0.4571       -0.4689  1751307    2.57%
  17119 11797        cutoff             -0.4571       -0.4688  1807926    2.55%
  17492 12069       -0.4574    57       -0.4571       -0.4687  1852534    2.52%
  17959 12262        cutoff             -0.4571       -0.4686  1885705    2.50%
  18363 12612       -0.4592    51       -0.4571       -0.4685  1940428    2.48%
  18767 12857       -0.4575    44       -0.4571       -0.4684  1975712    2.46%
Elapsed time = 36.95 sec. (43961.31 ticks, tree = 59.90 MB, solutions = 13)
  19197 13220        cutoff             -0.4571       -0.4683  2039401    2.45%
  19712 13564        cutoff             -0.4571       -0.4682  2094476    2.43%
  20176 13924       -0.4596    51       -0.4571       -0.4681  2136009    2.40%
  20661 14226        cutoff             -0.4571       -0.4680  2184330    2.38%
  21107 14392       -0.4584    58       -0.4571       -0.4680  2213380    2.37%
  21496 14733       -0.4635    35       -0.4571       -0.4679  2264682    2.35%
  21904 15010       -0.4593    50       -0.4571       -0.4678  2306982    2.34%
  22352 15372        cutoff             -0.4571       -0.4678  2378974    2.32%
  22786 15492       -0.4613    59       -0.4571       -0.4677  2408779    2.32%
  23260 15895       -0.4593    72       -0.4571       -0.4677  2472419    2.32%
Elapsed time = 44.56 sec. (53515.25 ticks, tree = 70.63 MB, solutions = 13)
  23742 16187       -0.4575    45       -0.4571       -0.4675  2523813    2.28%
  24153 16502       -0.4621    53       -0.4571       -0.4674  2566715    2.25%
  24652 16702        cutoff             -0.4571       -0.4674  2601123    2.23%
  25133 17111       -0.4592    51       -0.4571       -0.4673  2666549    2.22%
  25355 17420        cutoff             -0.4571       -0.4672  2708433    2.20%
  25567 17543       -0.4597    82       -0.4571       -0.4672  2735001    2.20%
  25795 17689       -0.4633    53       -0.4571       -0.4672  2760391    2.20%
  26045 17852       -0.4647    63       -0.4571       -0.4672  2787645    2.20%
  26266 18082       -0.4626    82       -0.4571       -0.4672  2824909    2.20%
  26503 18149       -0.4603    65       -0.4571       -0.4672  2839058    2.20%
Elapsed time = 52.23 sec. (63150.87 ticks, tree = 82.87 MB, solutions = 13)
  26719 18310        cutoff             -0.4571       -0.4672  2863274    2.20%
  26895 18412       -0.4613    57       -0.4571       -0.4672  2886731    2.20%
  27050 18458       -0.4635    64       -0.4571       -0.4672  2898071    2.20%
  27283 18609       -0.4580    36       -0.4571       -0.4672  2921439    2.20%
  27467 18853       -0.4640    57       -0.4571       -0.4672  2959063    2.20%
  27679 18916       -0.4572    24       -0.4571       -0.4672  2971754    2.20%
  27872 19148       -0.4598    51       -0.4571       -0.4672  3005528    2.20%
  28075 19261       -0.4575    50       -0.4571       -0.4672  3020364    2.20%
  28208 19356        cutoff             -0.4571       -0.4672  3039032    2.20%
  28376 19423       -0.4612    54       -0.4571       -0.4672  3051975    2.20%
Elapsed time = 61.64 sec. (72774.45 ticks, tree = 87.99 MB, solutions = 13)
  28534 19551       -0.4598    70       -0.4571       -0.4672  3083938    2.20%
  28663 19622       -0.4611    57       -0.4571       -0.4672  3104343    2.20%
  28820 19744        cutoff             -0.4571       -0.4672  3124260    2.20%
  28967 19800        cutoff             -0.4571       -0.4672  3144792    2.20%
  29144 19864       -0.4599    80       -0.4571       -0.4672  3156961    2.20%
  29307 20023       -0.4572    36       -0.4571       -0.4672  3191526    2.20%
  29496 20078       -0.4584    62       -0.4571       -0.4672  3204041    2.20%
  29733 20202       -0.4575    54       -0.4571       -0.4672  3229977    2.20%
  29940 20240       -0.4576    78       -0.4571       -0.4672  3238840    2.20%
  30097 20387        cutoff             -0.4571       -0.4672  3277376    2.20%
Elapsed time = 72.55 sec. (82391.51 ticks, tree = 92.81 MB, solutions = 13)
  30293 20445       -0.4579    35       -0.4571       -0.4672  3300182    2.20%
  30521 20576        cutoff             -0.4571       -0.4663  3329529    2.01%
  30739 20760       -0.4573    56       -0.4571       -0.4663  3372791    1.99%
  30934 20807       -0.4575    75       -0.4571       -0.4662  3390996    1.99%
  31133 20867       -0.4581    83       -0.4571       -0.4662  3428947    1.98%
  31380 20969       -0.4593    73       -0.4571       -0.4661  3452913    1.97%
  31571 21110       -0.4575    56       -0.4571       -0.4661  3500847    1.95%
  31741 21238        cutoff             -0.4571       -0.4660  3540761    1.94%
  31940 21379       -0.4602    67       -0.4571       -0.4660  3599817    1.93%
  32770 21727       -0.4607    67       -0.4571       -0.4658  3700012    1.90%
Elapsed time = 84.00 sec. (94849.00 ticks, tree = 100.51 MB, solutions = 13)
  33536 22069       -0.4596    68       -0.4571       -0.4657  3843967    1.87%
  34274 22366       -0.4580    72       -0.4571       -0.4656  3969371    1.85%
  35022 22760       -0.4589    18       -0.4571       -0.4655  4107397    1.82%
  35704 22996       -0.4579    64       -0.4571       -0.4654  4217822    1.80%
  36407 23262        cutoff             -0.4571       -0.4653  4353960    1.78%
  37211 23699       -0.4582    56       -0.4571       -0.4651  4504078    1.75%
  37853 23982       -0.4594    67       -0.4571       -0.4650  4632565    1.72%
  38346 24157       -0.4598    66       -0.4571       -0.4649  4753859    1.69%
  38916 24263       -0.4583    57       -0.4571       -0.4647  4853184    1.66%
  39556 24528       -0.4584    64       -0.4571       -0.4646  5003755    1.64%
Elapsed time = 115.50 sec. (133063.99 ticks, tree = 119.67 MB, solutions = 13)
  40116 24704        cutoff             -0.4571       -0.4645  5122387    1.61%
  40617 24846       -0.4588    56       -0.4571       -0.4644  5242250    1.58%
  41248 25007        cutoff             -0.4571       -0.4643  5357243    1.56%
  41779 25189       -0.4586    62       -0.4571       -0.4642  5481253    1.55%
  42372 25289       -0.4572    28       -0.4571       -0.4641  5597205    1.53%
  42922 25422        cutoff             -0.4571       -0.4640  5744361    1.51%
  43509 25591       -0.4584    77       -0.4571       -0.4639  5857090    1.48%
  44168 25763       -0.4596    60       -0.4571       -0.4638  6000185    1.46%
  44821 25877        cutoff             -0.4571       -0.4637  6134701    1.44%
  45356 25938       -0.4601    48       -0.4571       -0.4636  6249250    1.42%
Elapsed time = 145.42 sec. (171333.25 ticks, tree = 131.83 MB, solutions = 13)
  45954 25997       -0.4599    50       -0.4571       -0.4635  6388875    1.39%
  46614 26069       -0.4587    64       -0.4571       -0.4634  6479563    1.37%
  47272 26204        cutoff             -0.4571       -0.4633  6627401    1.35%
  47871 26311        cutoff             -0.4571       -0.4632  6742340    1.32%
  48463 26421       -0.4575    63       -0.4571       -0.4631  6885291    1.30%
  49136 26547        cutoff             -0.4571       -0.4630  7033574    1.28%
  49775 26666        cutoff             -0.4571       -0.4629  7134943    1.26%
  50423 26720        cutoff             -0.4571       -0.4628  7261310    1.23%
  51042 26846       -0.4584    64       -0.4571       -0.4627  7354694    1.21%
  51712 26849       -0.4589    48       -0.4571       -0.4625  7528860    1.18%
Elapsed time = 178.27 sec. (209504.81 ticks, tree = 143.69 MB, solutions = 13)
  52417 26905        cutoff             -0.4571       -0.4624  7624999    1.15%
  53097 26997       -0.4581    37       -0.4571       -0.4623  7767578    1.13%
  53780 26968        cutoff             -0.4571       -0.4622  7898432    1.11%
  54459 27017        cutoff             -0.4571       -0.4621  7984129    1.09%
  54934 27214        cutoff             -0.4571       -0.4620  8126553    1.06%
  55246 27373       -0.4572    47       -0.4571       -0.4619  8258811    1.04%
  55581 27425       -0.4614    59       -0.4571       -0.4619  8384836    1.04%
  56104 27466        cutoff             -0.4571       -0.4619  8541213    1.04%
  56736 27410       -0.4571    81       -0.4571       -0.4619  8670157    1.03%
  57373 27384       -0.4584    69       -0.4571       -0.4618  8741296    1.02%
Elapsed time = 213.83 sec. (247799.61 ticks, tree = 150.92 MB, solutions = 13)
  58050 27383        cutoff             -0.4571       -0.4617  8888736    1.00%
* 58368+27399                           -0.4595       -0.4616             0.46%
  58740  8180        cutoff             -0.4595       -0.4616  9052435    0.45%
  59818  7479        cutoff             -0.4595       -0.4613  9139503    0.39%
  61026  6187        cutoff             -0.4595       -0.4609  9262181    0.31%
  62444  4983        cutoff             -0.4595       -0.4606  9371462    0.23%
  64395  3252        cutoff             -0.4595       -0.4602  9477656    0.14%

Mixed integer rounding cuts applied:  781
Lift and project cuts applied:  11

Root node processing (before b&c):
  Real time             =    1.59 sec. (1091.81 ticks)
Parallel b&c, 4 threads:
  Real time             =  235.47 sec. (273125.23 ticks)
  Sync time (average)   =    5.78 sec.
  Wait time (average)   =    0.00 sec.
                          ------------
Total (root+branch&cut) =  237.06 sec. (274217.04 ticks)
