Version identifier: 22.2.0.0 | 2026-05-04 | 5dff98e58
CPXPARAM_Read_DataCheck                          1
CPXPARAM_Threads                                 4
CPXPARAM_Parallel                                1
CPXPARAM_RandomSeed                              20260925
CPXPARAM_Simplex_Tolerances_Optimality           1.0000000000000001e-09
CPXPARAM_Simplex_Tolerances_Feasibility          1.0000000000000001e-09
CPXPARAM_TimeLimit                               600
CPXPARAM_MIP_Tolerances_AbsMIPGap                1.0000000000000001e-09
CPXPARAM_MIP_Tolerances_Integrality              1.0000000000000001e-09
Legacy callback                                  i
1 of 9 MIP starts provided solutions.
MIP start 'm1' defined initial solution with objective -0.2171.
Tried aggregator 2 times.
MIP Presolve eliminated 71 rows and 2 columns.
MIP Presolve modified 300 coefficients.
Aggregator did 2 substitutions.
Reduced MIP has 374 rows, 394 columns, and 2051 nonzeros.
Reduced MIP has 96 binaries, 0 generals, 0 SOSs, and 0 indicators.
Presolve time = 0.00 sec. (1.38 ticks)
Probing time = 0.00 sec. (0.07 ticks)
Tried aggregator 1 time.
Detecting symmetries...
MIP Presolve modified 66 coefficients.
Reduced MIP has 374 rows, 394 columns, and 2051 nonzeros.
Reduced MIP has 96 binaries, 0 generals, 0 SOSs, and 0 indicators.
Presolve time = 0.00 sec. (0.93 ticks)
Probing time = 0.00 sec. (0.07 ticks)
MIP emphasis: balance optimality and feasibility.
MIP search method: dynamic search.
Parallel mode: deterministic, using up to 4 threads.
Root relaxation solution time = 0.00 sec. (3.06 ticks)

        Nodes                                         Cuts/
   Node  Left     Objective  IInf  Best Integer    Best Bound    ItCnt     Gap

*     0+    0                           -0.2171       -0.8853           307.89%
      0     0       -0.2967    36       -0.2171       -0.2967      353   36.71%
      0     0       -0.2609    50       -0.2171      Cuts: 49      588   20.22%
      0     0       -0.2343    33       -0.2171      Cuts: 40      702    7.93%
      0     0       -0.2274    17       -0.2171   MIRcuts: 16      742    4.76%
      0     0       -0.2262    12       -0.2171    MIRcuts: 6      756    4.22%
      0     0       -0.2260    10       -0.2171    MIRcuts: 2      767    4.12%
Detecting symmetries...
      0     0       -0.2257    12       -0.2171    MIRcuts: 4      782    3.97%
      0     0       -0.2249    10       -0.2171    MIRcuts: 2      806    3.62%
      0     0       -0.2246    17       -0.2171    MIRcuts: 4      823    3.49%
      0     0       -0.2246    17       -0.2171    MIRcuts: 2      824    3.49%
      0     0       -0.2246    17       -0.2171    MIRcuts: 1      827    3.49%
Detecting symmetries...
      0     2       -0.2244    16       -0.2171       -0.2219      827    2.22%
Elapsed time = 0.14 sec. (105.11 ticks, tree = 0.02 MB, solutions = 1)

Mixed integer rounding cuts applied:  68
Lift and project cuts applied:  11
Gomory fractional cuts applied:  6

Root node processing (before b&c):
  Real time             =    0.16 sec. (104.81 ticks)
Parallel b&c, 4 threads:
  Real time             =    0.03 sec. (13.53 ticks)
  Sync time (average)   =    0.01 sec.
  Wait time (average)   =    0.00 sec.
                          ------------
Total (root+branch&cut) =    0.19 sec. (118.33 ticks)
