Version identifier: 22.2.0.0 | 2026-05-04 | 5dff98e58
CPXPARAM_Read_DataCheck                          1
CPXPARAM_Threads                                 4
CPXPARAM_Parallel                                1
CPXPARAM_RandomSeed                              20260925
CPXPARAM_Simplex_Tolerances_Optimality           1.0000000000000001e-09
CPXPARAM_Simplex_Tolerances_Feasibility          1.0000000000000001e-09
CPXPARAM_TimeLimit                               600
CPXPARAM_MIP_Tolerances_AbsMIPGap                1.0000000000000001e-09
CPXPARAM_MIP_Tolerances_Integrality              1.0000000000000001e-09
Legacy callback                                  i
1 of 1 MIP starts provided solutions.
MIP start 'm1' defined initial solution with objective 0.0609.
Tried aggregator 1 time.
MIP Presolve eliminated 3103 rows and 2 columns.
MIP Presolve modified 3125 coefficients.
Reduced MIP has 3892 rows, 4830 columns, and 38502 nonzeros.
Reduced MIP has 1200 binaries, 0 generals, 0 SOSs, and 0 indicators.
Presolve time = 0.03 sec. (36.07 ticks)
Probing time = 0.00 sec. (0.58 ticks)
Tried aggregator 1 time.
Detecting symmetries...
MIP Presolve modified 120 coefficients.
Reduced MIP has 3892 rows, 4830 columns, and 38502 nonzeros.
Reduced MIP has 1200 binaries, 0 generals, 0 SOSs, and 0 indicators.
Presolve time = 0.02 sec. (21.09 ticks)
Probing time = 0.00 sec. (0.65 ticks)
MIP emphasis: balance optimality and feasibility.
MIP search method: dynamic search.
Parallel mode: deterministic, using up to 4 threads.
Root relaxation solution time = 0.03 sec. (38.76 ticks)

        Nodes                                         Cuts/
   Node  Left     Objective  IInf  Best Integer    Best Bound    ItCnt     Gap

*     0+    0                            0.0609        0.0000           100.00%
      0     0        0.0506    21        0.0609        0.0506      730   16.85%
      0     0        0.0506    15        0.0609   MIRcuts: 12      747   16.85%
      0     0        0.0506    19        0.0609   MIRcuts: 18      861   16.85%
*     0+    0                            0.0567        0.0506            10.66%
      0     0        0.0506    14        0.0567    MIRcuts: 7      917   10.66%
      0     0        0.0506    13        0.0567   MIRcuts: 12      986   10.66%
      0     2        0.0506    12        0.0567        0.0506      986   10.66%
Elapsed time = 0.55 sec. (609.03 ticks, tree = 0.02 MB, solutions = 2)
     54    45        0.0506    15        0.0567        0.0506     3223   10.66%
     98    93        0.0516    15        0.0567        0.0506    10859   10.66%
    150   121        0.0512    24        0.0567        0.0506    15268   10.66%
    214   168        cutoff              0.0567        0.0506    21885   10.66%
    282   187        0.0528    20        0.0567        0.0506    29019   10.66%
    349   202        cutoff              0.0567        0.0506    34876   10.66%
    455   272        0.0519    29        0.0567        0.0506    45125   10.66%
    532   303    infeasible              0.0567        0.0506    51973   10.66%
    600   334        0.0510    27        0.0567        0.0506    59866   10.66%
    900   469        cutoff              0.0567        0.0506    96197   10.63%
Elapsed time = 3.22 sec. (3744.74 ticks, tree = 1.75 MB, solutions = 2)
   1240   589        0.0530    21        0.0567        0.0508   121883   10.39%
   1739   918        cutoff              0.0567        0.0508   155233   10.39%
   2145  1159    infeasible              0.0567        0.0508   182823   10.38%

Performing restart 1

Repeating presolve.
Tried aggregator 1 time.
Reduced MIP has 3892 rows, 4830 columns, and 38502 nonzeros.
Reduced MIP has 1200 binaries, 0 generals, 0 SOSs, and 0 indicators.
Presolve time = 0.00 sec. (11.55 ticks)
Tried aggregator 1 time.
Reduced MIP has 3892 rows, 4830 columns, and 38502 nonzeros.
Reduced MIP has 1200 binaries, 0 generals, 0 SOSs, and 0 indicators.
Presolve time = 0.02 sec. (21.30 ticks)
Represolve time = 0.03 sec. (39.05 ticks)
*  2461+    0                            0.0565        0.0508            10.11%
   2461     0        0.0506    41        0.0565      Cuts: 42   208060   10.11%
   2461     0        0.0507    41        0.0565      Cuts: 21   208292   10.11%
   2461     0        0.0508    44        0.0565      Cuts: 21   208440   10.11%
   2461     0        0.0508    49        0.0565      Cuts: 19   208521   10.10%
*  2461+    0                            0.0565        0.0508            10.10%
   2461     0  -1.00000e+75     0        0.0565        0.0508   208521   10.10%
   2461     0        0.0508    51        0.0565      Cuts: 21   208596   10.10%
   2461     0        0.0508    58        0.0565      Cuts: 27   208771   10.10%
   2461     0        0.0508    62        0.0565      Cuts: 37   208896   10.10%
   2461     0        0.0508    69        0.0565      Cuts: 41   209071   10.02%
   2461     0        0.0508    61        0.0565      Cuts: 35   209242    9.82%
   2461     0        0.0509    60        0.0565      Cuts: 41   209514    9.63%
   2461     0        0.0509    61        0.0565      Cuts: 10   209621    9.63%
   2461     0        0.0510    62        0.0565       Cuts: 9   209735    9.63%
   2461     0        0.0511    52        0.0565      Cuts: 15   209908    9.53%
   2461     0        0.0511    46        0.0565      Cuts: 13   210012    9.53%
*  2461+    0                            0.0565        0.0511             9.53%
   2461     0  -1.00000e+75     0        0.0565        0.0511   210012    9.53%
   2461     2        0.0511    34        0.0565        0.0511   210012    9.53%
*  2570+   33                            0.0553        0.0515             6.77%
*  2585    50      integral     0        0.0553        0.0515   218936    6.77%
*  2978+  215                            0.0553        0.0532             3.77%
   2978   238        cutoff              0.0553        0.0532   236096    3.77%
*  3426+  444                            0.0553        0.0532             3.75%
   3714   545        0.0542     4        0.0553        0.0533   253054    3.66%
*  4438   946      integral     0        0.0553        0.0536   270315    3.00%
   4511  1028        0.0543     6        0.0553        0.0541   272909    2.08%
*  4815+ 1214                            0.0553        0.0542             1.87%
   5299  1525        0.0542     4        0.0553        0.0542   294069    1.86%
   6159  2048        0.0552    19        0.0553        0.0542   315353    1.86%
Elapsed time = 18.58 sec. (22335.59 ticks, tree = 54.68 MB, solutions = 12)
   6969  2605        0.0542    15        0.0553        0.0542   338598    1.86%
   7819  3171        0.0550    15        0.0553        0.0542   363218    1.86%
   8682  3678        cutoff              0.0553        0.0542   385113    1.86%
   9597  4241        0.0544     9        0.0553        0.0542   407533    1.86%
  10557  4891        0.0552    16        0.0553        0.0542   433039    1.86%
  11423  5327        0.0550    20        0.0553        0.0542   453248    1.86%
  12341  5905        0.0549    20        0.0553        0.0542   479182    1.86%
  13216  6538        0.0550    17        0.0553        0.0542   507067    1.86%
  14052  6914        0.0551    16        0.0553        0.0542   526357    1.86%
  15064  7677        0.0547    17        0.0553        0.0542   557479    1.86%
Elapsed time = 26.23 sec. (31881.52 ticks, tree = 231.81 MB, solutions = 12)
  15939  8165        0.0548    12        0.0553        0.0542   578485    1.86%
  16834  8576        cutoff              0.0553        0.0542   598667    1.86%
  17845  9241        0.0550    16        0.0553        0.0542   627723    1.86%
  18772  9752        cutoff              0.0553        0.0542   646663    1.86%
  19733 10403        0.0542     9        0.0553        0.0542   672848    1.86%
  20653 11067        0.0552    17        0.0553        0.0542   703065    1.86%
  21608 11550        0.0550    17        0.0553        0.0542   725831    1.86%
  22380 12071        0.0550    16        0.0553        0.0542   750309    1.86%
  23268 12509        cutoff              0.0553        0.0542   770380    1.86%
  24149 13116        0.0552    18        0.0553        0.0542   802206    1.86%
Elapsed time = 33.98 sec. (41428.42 ticks, tree = 387.68 MB, solutions = 12)
  25131 13526        0.0550    16        0.0553        0.0542   820378    1.86%
  26013 14147        0.0550    16        0.0553        0.0542   851717    1.86%
* 26274+14283                            0.0553        0.0542             1.82%
  26583 14525        0.0551    17        0.0553        0.0542   868378    1.82%
  27119 14992        0.0552    16        0.0553        0.0542   885250    1.82%
  27604 15261        0.0553    20        0.0553        0.0542   895380    1.82%
  28042 15512        0.0550    17        0.0553        0.0542   906134    1.82%
  28509 15801        cutoff              0.0553        0.0542   919490    1.82%
  29060 16086        0.0552    16        0.0553        0.0542   930337    1.82%
  29552 16438        0.0551    16        0.0553        0.0542   944299    1.82%
  30053 16727        0.0550    16        0.0553        0.0542   953602    1.82%
Elapsed time = 42.50 sec. (50991.18 ticks, tree = 511.65 MB, solutions = 12)
  30302 16999        cutoff              0.0553        0.0542   966974    1.82%
  30763 17117        0.0550    17        0.0553        0.0542   973624    1.82%
  31241 17487        cutoff              0.0553        0.0542   993080    1.82%
  31710 17702        0.0543    15        0.0553        0.0542  1004001    1.82%
  32197 17954        0.0552    16        0.0553        0.0542  1015037    1.82%
  32512 18181        cutoff              0.0553        0.0542  1025352    1.82%
  32955 18368        cutoff              0.0553        0.0542  1036184    1.82%
  33463 18735        0.0550    17        0.0553        0.0542  1049063    1.82%
  33946 18972        0.0543    13        0.0553        0.0542  1058907    1.82%
  34460 19269        0.0551    16        0.0553        0.0542  1070894    1.82%
Elapsed time = 51.84 sec. (60550.56 ticks, tree = 594.91 MB, solutions = 12)
  34930 19567        0.0551    18        0.0553        0.0542  1083047    1.82%
* 34992+14342                            0.0553        0.0542             1.82%
  35418 19934        0.0551    16        0.0553        0.0542  1097020    1.82%
  35949 20285        0.0543    13        0.0553        0.0542  1108193    1.82%
  36452 20657        0.0552    16        0.0553        0.0542  1119715    1.82%
  36918 20895        0.0550    16        0.0553        0.0542  1128360    1.82%
  37647 20037        cutoff              0.0553        0.0542  1146579    1.82%
  38366 20354        0.0550    16        0.0553        0.0543  1161210    1.82%
  39276 20973        0.0547    18        0.0553        0.0543  1187297    1.82%
  40181 21345        0.0552    23        0.0553        0.0543  1202839    1.82%
  41057 22143        0.0550    17        0.0553        0.0543  1238023    1.82%
Elapsed time = 59.72 sec. (70101.33 ticks, tree = 664.26 MB, solutions = 14)
  42009 22561        0.0552    18        0.0553        0.0543  1258268    1.82%
  42919 23217        0.0550    16        0.0553        0.0543  1280687    1.82%
  43810 23867        0.0551    17        0.0553        0.0543  1304067    1.82%
  44782 24268        0.0550    17        0.0553        0.0543  1320958    1.82%
  45719 24813        0.0552    15        0.0553        0.0543  1342969    1.82%
  46668 25698        0.0547    19        0.0553        0.0543  1376950    1.82%
  47698 26067        0.0551    17        0.0553        0.0543  1389513    1.82%
  48627 26602        0.0552    16        0.0553        0.0543  1407982    1.82%
  49652 27259        0.0552    16        0.0553        0.0543  1430337    1.82%

Performing restart 2

Repeating presolve.
Tried aggregator 1 time.
MIP Presolve modified 75 coefficients.
Reduced MIP has 3892 rows, 4830 columns, and 38502 nonzeros.
Reduced MIP has 1200 binaries, 0 generals, 0 SOSs, and 0 indicators.
Presolve time = 0.02 sec. (11.54 ticks)
Tried aggregator 1 time.
Reduced MIP has 3892 rows, 4830 columns, and 38502 nonzeros.
Reduced MIP has 1200 binaries, 0 generals, 0 SOSs, and 0 indicators.
Presolve time = 0.02 sec. (21.10 ticks)
Represolve time = 0.06 sec. (51.78 ticks)
  49860     0        0.0511    59        0.0553      Cuts: 50  1453061    1.82%
  49860     0        0.0511    46        0.0553      Cuts: 13  1453092    1.82%
  49860     0        0.0511    40        0.0553      Cuts: 19  1453159    1.82%
  49860     0        0.0511    47        0.0553       Cuts: 9  1453314    1.82%
  49860     0        0.0511    43        0.0553       Cuts: 3  1453333    1.82%
  49860     0        0.0511    42        0.0553      Cuts: 13  1453467    1.82%
  49860     0        0.0511    39        0.0553       Cuts: 5  1453489    1.82%
  49860     0        0.0511    28        0.0553       Cuts: 4  1453544    1.82%
  49860     0        0.0511    28        0.0553       Cuts: 8  1453569    1.82%
  49860     2        0.0511    28        0.0553        0.0543  1453569    1.82%
Elapsed time = 72.62 sec. (85500.50 ticks, tree = 0.02 MB, solutions = 14)
  49941    38        0.0542    20        0.0553        0.0543  1458026    1.82%
  50240   138        0.0552    28        0.0553        0.0543  1471006    1.82%
  50666   205        0.0545     7        0.0553        0.0543  1487691    1.82%
  51375   437        0.0545     2        0.0553        0.0543  1511378    1.82%
  52084   807        0.0542     2        0.0553        0.0543  1538462    1.82%
  52616   961        cutoff              0.0553        0.0543  1576093    1.82%
  53114  1036        0.0542     2        0.0553        0.0543  1613174    1.82%
  53493  1077        cutoff              0.0553        0.0543  1659757    1.82%
  53837  1046        cutoff              0.0553        0.0543  1706111    1.82%
  54106   999        cutoff              0.0553        0.0543  1746576    1.82%
Elapsed time = 80.67 sec. (95058.34 ticks, tree = 3.26 MB, solutions = 14)
  54788  1115        0.0543     5        0.0553        0.0543  1774209    1.82%
  55689  1417        0.0543     4        0.0553        0.0543  1793058    1.81%
  56488  1674        0.0545     2        0.0553        0.0543  1825219    1.77%
  57576  1924        0.0543     2        0.0553        0.0543  1860525    1.65%
  58725  2201        cutoff              0.0553        0.0543  1898871    1.65%
  59843  2479        cutoff              0.0553        0.0543  1941231    1.65%
  61067  2881        0.0543     4        0.0553        0.0543  1991811    1.65%
  62251  3185        0.0543     2        0.0553        0.0543  2030565    1.65%
  63313  3153        0.0543     3        0.0553        0.0543  2070362    1.65%
  67786  3399        cutoff              0.0553        0.0543  2254707    1.64%
Elapsed time = 90.53 sec. (107461.33 ticks, tree = 48.34 MB, solutions = 14)
  72320  3193        0.0544     3        0.0553        0.0544  2451270    1.64%
  74995  3214        0.0544     2        0.0553        0.0544  2588694    1.54%
  76997  3345        cutoff              0.0553        0.0544  2743060    1.53%
  78771  2985        0.0545     5        0.0553        0.0544  2893472    1.53%
  83305  3680        0.0546     2        0.0553        0.0545  3039523    1.42%
  88274  4278        0.0546     2        0.0553        0.0545  3240751    1.42%
  93287  4613        0.0546     4        0.0553        0.0545  3431067    1.41%
  98236  4740        0.0545     2        0.0553        0.0545  3621375    1.41%
 103444  5510        0.0545     2        0.0553        0.0545  3784873    1.41%
 107135  6070        cutoff              0.0553        0.0545  3914859    1.40%
Elapsed time = 122.44 sec. (145615.69 ticks, tree = 148.05 MB, solutions = 14)
 109939  6993        0.0546     6        0.0553        0.0545  4039175    1.35%
 112899  7631        0.0545     2        0.0553        0.0545  4166510    1.35%
 115598  7876        0.0545     3        0.0553        0.0545  4306276    1.35%
 118585  8120        0.0545     2        0.0553        0.0545  4442626    1.35%
 122050  8218        cutoff              0.0553        0.0545  4600584    1.35%
 126341  7817        cutoff              0.0553        0.0545  4785474    1.34%
 130306  7088        cutoff              0.0553        0.0545  4957709    1.33%
 133209  6859        0.0546     4        0.0553        0.0546  5109751    1.23%
 136483  7899        0.0546     2        0.0553        0.0546  5237936    1.13%
 139392  8565        0.0548     4        0.0553        0.0546  5375244    1.13%
Elapsed time = 150.98 sec. (183773.51 ticks, tree = 232.29 MB, solutions = 14)
 142519  9336        0.0546     2        0.0553        0.0546  5517085    1.12%
 145353  9711        0.0546     4        0.0553        0.0546  5629111    1.12%
 148417 10370        0.0546     4        0.0553        0.0546  5778762    1.12%
 151452 11001        cutoff              0.0553        0.0546  5910899    1.12%
 154495 11397        cutoff              0.0553        0.0546  6056269    1.12%
 157593 11694        0.0548     3        0.0553        0.0546  6184991    1.12%
 161011 12334        0.0546     5        0.0553        0.0546  6338471    1.12%
 164151 12469        0.0546     6        0.0553        0.0546  6466751    1.12%
 167297 13083        cutoff              0.0553        0.0546  6627900    1.12%
 170508 13361        cutoff              0.0553        0.0546  6757384    1.12%
Elapsed time = 179.50 sec. (221935.68 ticks, tree = 378.43 MB, solutions = 14)
 173910 13581        cutoff              0.0553        0.0546  6914751    1.12%
 177097 14113        0.0548     2        0.0553        0.0546  7053249    1.12%
 180372 14223        0.0548     3        0.0553        0.0546  7194745    1.12%
 183258 14451        0.0546     4        0.0553        0.0546  7346792    1.11%
 186541 14808        cutoff              0.0553        0.0546  7486261    1.11%
 189454 14730        0.0546     4        0.0553        0.0546  7637612    1.11%
 192964 15112        0.0548     2        0.0553        0.0546  7774402    1.11%
 196211 15117        cutoff              0.0553        0.0546  7939447    1.11%
 200199 14922        cutoff              0.0553        0.0546  8081668    1.11%
 203397 14289        cutoff              0.0553        0.0546  8239791    1.11%
Elapsed time = 207.78 sec. (260090.19 ticks, tree = 400.92 MB, solutions = 14)
 205924 13976        cutoff              0.0553        0.0547  8389149    1.06%
 208766 13937        cutoff              0.0553        0.0547  8527626    1.05%
 211734 13953        cutoff              0.0553        0.0547  8657270    1.05%
 214782 14000        cutoff              0.0553        0.0547  8825865    1.05%
 217910 13907        cutoff              0.0553        0.0547  8951263    1.04%
 220801 14001        cutoff              0.0553        0.0547  9098899    1.00%
 224225 13684        0.0547     2        0.0553        0.0547  9254512    1.00%
 226773 12803        0.0548     5        0.0553        0.0548  9390283    0.87%
 229389 11904        cutoff              0.0553        0.0548  9551183    0.83%
 232221 11051        cutoff              0.0553        0.0548  9710902    0.83%
Elapsed time = 235.95 sec. (298242.96 ticks, tree = 295.98 MB, solutions = 14)
 235101 10265        cutoff              0.0553        0.0548  9858243    0.82%
 238001  9358        cutoff              0.0553        0.0548 10013222    0.82%
 240682  8344        cutoff              0.0553        0.0548 10185848    0.82%
 243697  7315        cutoff              0.0553        0.0548 10358981    0.82%
 247191  6510        0.0552     2        0.0553        0.0548 10511322    0.82%
 249973  5838        cutoff              0.0553        0.0548 10646241    0.76%
 253119  4769        0.0549     4        0.0553        0.0548 10819096    0.75%
 256917  3344        0.0552     8        0.0553        0.0550 10992334    0.53%
 260878  2466        0.0551     4        0.0553        0.0551 11115370    0.30%
 265862  2022        0.0552     2        0.0553        0.0552 11207252    0.09%
Elapsed time = 264.45 sec. (336399.14 ticks, tree = 18.72 MB, solutions = 14)
 271041   719        0.0552    12        0.0553        0.0552 11341215    0.06%
 275627  1187        0.0552    11        0.0553        0.0552 11399048    0.05%
 280175  1490        0.0552    10        0.0553        0.0552 11468626    0.05%
 284959  1401        0.0552     2        0.0553        0.0552 11548798    0.04%
 290732   733        cutoff              0.0553        0.0552 11624792    0.04%

Cover cuts applied:  28
Mixed integer rounding cuts applied:  14
Zero-half cuts applied:  1

Root node processing (before b&c):
  Real time             =    0.55 sec. (607.44 ticks)
Parallel b&c, 4 threads:
  Real time             =  278.41 sec. (355979.78 ticks)
  Sync time (average)   =   13.33 sec.
  Wait time (average)   =    0.00 sec.
                          ------------
Total (root+branch&cut) =  278.95 sec. (356587.22 ticks)
