Version identifier: 22.2.0.0 | 2026-05-04 | 5dff98e58
CPXPARAM_Read_DataCheck                          1
CPXPARAM_Threads                                 4
CPXPARAM_Parallel                                1
CPXPARAM_RandomSeed                              20260925
CPXPARAM_Simplex_Tolerances_Optimality           1.0000000000000001e-09
CPXPARAM_Simplex_Tolerances_Feasibility          1.0000000000000001e-09
CPXPARAM_TimeLimit                               600
CPXPARAM_MIP_Tolerances_AbsMIPGap                1.0000000000000001e-09
CPXPARAM_MIP_Tolerances_Integrality              1.0000000000000001e-09
Legacy callback                                  i
1 of 2 MIP starts provided solutions.
MIP start 'm1' defined initial solution with objective 0.0000.
Tried aggregator 1 time.
MIP Presolve eliminated 1350 rows and 4 columns.
MIP Presolve modified 3414 coefficients.
Reduced MIP has 3971 rows, 4686 columns, and 49263 nonzeros.
Reduced MIP has 1164 binaries, 0 generals, 0 SOSs, and 0 indicators.
Presolve time = 0.03 sec. (35.67 ticks)
Probing time = 0.00 sec. (0.68 ticks)
Tried aggregator 1 time.
Detecting symmetries...
Reduced MIP has 3971 rows, 4686 columns, and 49263 nonzeros.
Reduced MIP has 1164 binaries, 0 generals, 0 SOSs, and 0 indicators.
Presolve time = 0.02 sec. (21.05 ticks)
Probing time = 0.00 sec. (0.77 ticks)
MIP emphasis: balance optimality and feasibility.
MIP search method: dynamic search.
Parallel mode: deterministic, using up to 4 threads.
Root relaxation solution time = 0.23 sec. (227.41 ticks)

        Nodes                                         Cuts/
   Node  Left     Objective  IInf  Best Integer    Best Bound    ItCnt     Gap

*     0+    0                           -0.6093       -2.8865           373.73%
      0     0       -0.8022   115       -0.6093       -0.8022     3666   31.66%
      0     0       -0.8022    91       -0.6093       Cuts: 7     4477   31.66%
      0     0       -0.8022    88       -0.6093   MIRcuts: 13     5077   31.66%
      0     0       -0.8022    93       -0.6093    MIRcuts: 9     5699   31.66%
      0     0       -0.8022    82       -0.6093    MIRcuts: 7     6520   31.66%
      0     0       -0.8022    92       -0.6093    MIRcuts: 3     7117   31.66%
      0     2       -0.8022    81       -0.6093       -0.8022     7117   31.66%
Elapsed time = 7.58 sec. (7820.95 ticks, tree = 0.02 MB, solutions = 2)
      1     3       -0.8022    90       -0.6093       -0.8022     9663   31.66%
      3     5       -0.8022    97       -0.6093       -0.8022    13948   31.66%
     14     9       -0.7833    84       -0.6093       -0.8022    16729   31.66%
     21    17       -0.7463    89       -0.6093       -0.8022    25862   31.66%
     28    26       -0.8022    87       -0.6093       -0.8022    38289   31.66%
     35    34       -0.7833    89       -0.6093       -0.8022    44959   31.66%
     45    40       -0.7631    83       -0.6093       -0.8022    48337   31.66%
     51    43       -0.7833    81       -0.6093       -0.8022    49890   31.66%
     58    58       -0.7780    93       -0.6093       -0.8022    63164   31.66%
    105    99       -0.7581    81       -0.6093       -0.8022    86149   31.66%
Elapsed time = 10.77 sec. (11165.74 ticks, tree = 1.24 MB, solutions = 2)
    160   145       -0.6572    71       -0.6093       -0.8022    98885   31.66%
    228   148       -0.7932    97       -0.6093       -0.8022    96720   31.66%
    289   235       -0.7811    85       -0.6093       -0.8022   119447   31.66%
    333   272       -0.7808    84       -0.6093       -0.8022   134143   31.66%
*   349+  248                           -0.6093       -0.8022            31.66%
    382   328       -0.7707    81       -0.6093       -0.8022   148218   31.66%
    420   354       -0.8022    91       -0.6093       -0.8022   157064   31.66%
    465   395       -0.7896    79       -0.6093       -0.8022   168541   31.66%
    544   413       -0.7592    90       -0.6093       -0.8022   177248   31.66%
    634   530       -0.6579    59       -0.6093       -0.8022   200935   31.66%
    726   605       -0.8022    90       -0.6093       -0.8022   220425   31.66%
Elapsed time = 19.64 sec. (21000.78 ticks, tree = 14.93 MB, solutions = 3)
    836   670       -0.7228    71       -0.6093       -0.8022   237291   31.66%
    931   747       -0.6975    69       -0.6093       -0.8022   251632   31.66%
   1069   865       -0.7833    88       -0.6093       -0.8022   270069   31.66%
   1221  1018       -0.6678    54       -0.6093       -0.8022   287211   31.66%
   1318  1171       -0.7732    87       -0.6093       -0.8022   304907   31.66%

Performing restart 1

Repeating presolve.
Tried aggregator 1 time.
Reduced MIP has 3971 rows, 4686 columns, and 49263 nonzeros.
Reduced MIP has 1164 binaries, 0 generals, 0 SOSs, and 0 indicators.
Presolve time = 0.00 sec. (13.85 ticks)
Tried aggregator 1 time.
Reduced MIP has 3971 rows, 4686 columns, and 49263 nonzeros.
Reduced MIP has 1164 binaries, 0 generals, 0 SOSs, and 0 indicators.
Presolve time = 0.02 sec. (21.33 ticks)
Represolve time = 0.03 sec. (42.13 ticks)
   1332     0       -0.8022    90       -0.6093       Cuts: 8   319783   31.66%
   1332     0       -0.8022    98       -0.6093       Cuts: 4   320099   31.66%
   1332     0       -0.8022    75       -0.6093       Cuts: 4   321008   31.66%
   1332     0       -0.8022    88       -0.6093       Cuts: 5   321919   31.66%
   1332     0       -0.8022    83       -0.6093    MIRcuts: 1   321947   31.66%
   1332     0       -0.8022    82       -0.6093    MIRcuts: 2   322511   31.66%
   1332     2       -0.8022    73       -0.6093       -0.8022   322511   31.66%
   1334     4       -0.8022    80       -0.6093       -0.8022   327186   31.66%
   1340     8       -0.7833    84       -0.6093       -0.8022   337567   31.66%
   1347    15       -0.7707    91       -0.6093       -0.8022   358947   31.66%
   1356    17       -0.7707    98       -0.6093       -0.8022   363125   31.66%
Elapsed time = 37.64 sec. (40388.11 ticks, tree = 0.03 MB, solutions = 3)
   1372    33       -0.7833    88       -0.6093       -0.8022   391546   31.66%
   1386    44       -0.7833    96       -0.6093       -0.8022   399149   31.66%
   1413    59       -0.7776    84       -0.6093       -0.8022   409996   31.66%
   1476   138       -0.7896    85       -0.6093       -0.8022   430740   31.66%
   1535   156       -0.7565    69       -0.6093       -0.8022   434591   31.66%
   1581   220       -0.7606    74       -0.6093       -0.8022   447020   31.66%
   1625   240       -0.7644    77       -0.6093       -0.8022   449114   31.66%
   1682   312       -0.6761    66       -0.6093       -0.8022   475861   31.66%
   1732   320       -0.7139    61       -0.6093       -0.8022   472829   31.66%
   1785   398       -0.7095    72       -0.6093       -0.8022   491587   31.66%
Elapsed time = 47.00 sec. (50290.88 ticks, tree = 9.88 MB, solutions = 3)
   1869   455       -0.7313    82       -0.6093       -0.8022   504606   31.66%
   1937   506       -0.6662    57       -0.6093       -0.8022   511179   31.66%
   2025   609       -0.6463    61       -0.6093       -0.8022   517589   31.66%
   2159   661       -0.6499    48       -0.6093       -0.8022   525243   31.66%
   2312   821       -0.7670    84       -0.6093       -0.8022   535406   31.66%
   2372   948       -0.6723    64       -0.6093       -0.8022   551076   31.66%
   2425  1023       -0.7638    82       -0.6093       -0.8022   565886   31.66%
   2540  1078       -0.7312    76       -0.6093       -0.8022   580069   31.66%
   2650  1220       -0.7135    63       -0.6093       -0.8022   595582   31.66%
   2753  1307       -0.7965    79       -0.6093       -0.8022   607319   31.66%
Elapsed time = 55.91 sec. (60055.22 ticks, tree = 38.84 MB, solutions = 3)
   2820  1344       -0.7449    60       -0.6093       -0.8022   617140   31.66%
   2887  1452       -0.6826    65       -0.6093       -0.8022   631613   31.66%
   2973  1517       -0.7082    71       -0.6093       -0.8022   646634   31.66%
   3121  1610       -0.6614    53       -0.6093       -0.8022   660437   31.66%
   3247  1769       -0.6592    63       -0.6093       -0.8022   669103   31.66%
   3446  1902       -0.6491    54       -0.6093       -0.7965   677949   30.72%
   3593  2092       -0.7848    71       -0.6093       -0.7965   687943   30.72%
   3700  2140       -0.7094    61       -0.6093       -0.7965   697094   30.72%
   3892  2374       -0.7392    87       -0.6093       -0.7964   720999   30.70%
   4038  2462       -0.6438    52       -0.6093       -0.7964   726709   30.70%
Elapsed time = 64.94 sec. (69743.48 ticks, tree = 75.77 MB, solutions = 3)
   4196  2607       -0.7411    68       -0.6093       -0.7896   739278   29.59%
   4280  2633       -0.6658    34       -0.6093       -0.7896   744533   29.59%
   4426  2877       -0.6495    43       -0.6093       -0.7896   774534   29.59%
   4566  2982       -0.6648    44       -0.6093       -0.7896   782311   29.59%
   4855  3063       -0.6188    40       -0.6093       -0.7896   785301   29.59%
   4917  3296       -0.7833    72       -0.6093       -0.7896   803658   29.59%
   5018  3347       -0.7437    71       -0.6093       -0.7896   816726   29.59%
   5210  3410       -0.6636    53       -0.6093       -0.7896   821287   29.59%
   5415  3622       -0.7833    70       -0.6093       -0.7896   836512   29.59%
   5533  3771       -0.7868    65       -0.6093       -0.7896   841612   29.59%
Elapsed time = 73.86 sec. (79324.18 ticks, tree = 117.43 MB, solutions = 3)
   5624  3926       -0.7392    74       -0.6093       -0.7896   857586   29.59%
   5819  3987       -0.6574    54       -0.6093       -0.7896   862401   29.59%
   6052  4103       -0.7860    67       -0.6093       -0.7896   880235   29.59%
   6090  4286       -0.7545    75       -0.6093       -0.7896   889361   29.59%
   6139  4452       -0.7697    76       -0.6093       -0.7896   907121   29.59%
   6334  4604       -0.6139    43       -0.6093       -0.7896   917304   29.59%
   6605  4686       -0.6470    58       -0.6093       -0.7896   926952   29.59%
   6798  4721       -0.6405    51       -0.6093       -0.7896   934500   29.59%
   6907  5125       -0.7602    68       -0.6093       -0.7896   949410   29.59%
   7016  5146       -0.6760    56       -0.6093       -0.7896   957346   29.59%
Elapsed time = 83.06 sec. (88963.29 ticks, tree = 161.21 MB, solutions = 3)
   7378  5438       -0.6177    50       -0.6093       -0.7896   979151   29.59%
   7440  5632       -0.7725    63       -0.6093       -0.7896   998080   29.59%
   7564  5654       -0.7176    53       -0.6093       -0.7896  1002272   29.59%
   7801  5773        cutoff             -0.6093       -0.7896  1016976   29.59%
   7873  5852       -0.6375    39       -0.6093       -0.7896  1024899   29.59%
   7953  6079       -0.7896    81       -0.6093       -0.7896  1038431   29.59%
   8102  6130       -0.6570    38       -0.6093       -0.7896  1042978   29.59%
   8254  6304       -0.6249    45       -0.6093       -0.7896  1067094   29.59%
   8423  6407       -0.6944    67       -0.6093       -0.7896  1083224   29.59%
   8505  6436       -0.7848    70       -0.6093       -0.7896  1087705   29.59%
Elapsed time = 91.45 sec. (98587.71 ticks, tree = 202.25 MB, solutions = 3)
   8589  6672       -0.6283    40       -0.6093       -0.7896  1116356   29.59%
   8695  6704       -0.7827    71       -0.6093       -0.7896  1125419   29.59%
   8762  6733       -0.7217    63       -0.6093       -0.7896  1131340   29.59%
   8878  6862       -0.6552    60       -0.6093       -0.7896  1148664   29.59%
   9005  6892       -0.6532    40       -0.6093       -0.7896  1157137   29.59%
   9161  6955       -0.6206    34       -0.6093       -0.7896  1160020   29.59%
   9312  7256       -0.6598    58       -0.6093       -0.7896  1186717   29.59%
   9427  7146       -0.7062    64       -0.6093       -0.7896  1177894   29.59%
   9566  7472       -0.7896    82       -0.6093       -0.7896  1214065   29.59%
   9991  7813       -0.6265    58       -0.6093       -0.7896  1264501   29.59%
Elapsed time = 103.12 sec. (111055.36 ticks, tree = 245.83 MB, solutions = 3)
  10413  8236       -0.7864    70       -0.6093       -0.7896  1331375   29.59%
  10901  8565       -0.6381    57       -0.6093       -0.7896  1375019   29.59%
  11263  8985       -0.7606    71       -0.6093       -0.7896  1422049   29.59%
  11789  9307       -0.6630    54       -0.6093       -0.7896  1473549   29.59%
  12146  9795       -0.7833    82       -0.6093       -0.7896  1533393   29.59%
  12552  9985       -0.6315    44       -0.6093       -0.7896  1574650   29.59%
  12856 10439        cutoff             -0.6093       -0.7896  1651174   29.59%
  13298 10670       -0.6715    56       -0.6093       -0.7896  1693121   29.59%
  13685 11068       -0.7480    69       -0.6093       -0.7896  1762058   29.59%
  14053 11387       -0.7454    72       -0.6093       -0.7896  1824818   29.59%
Elapsed time = 138.23 sec. (149276.24 ticks, tree = 359.84 MB, solutions = 3)
  14412 11738       -0.6523    42       -0.6093       -0.7896  1879108   29.59%
  14731 12122       -0.7308    74       -0.6093       -0.7896  1954149   29.59%
  15005 12416       -0.7836    87       -0.6093       -0.7896  2020043   29.59%
  15245 12532       -0.7433    61       -0.6093       -0.7896  2049982   29.59%
  15658 12922       -0.7270    75       -0.6093       -0.7896  2130165   29.59%
  15988 13241       -0.6256    49       -0.6093       -0.7896  2180319   29.59%
  16391 13507       -0.6965    49       -0.6093       -0.7896  2225694   29.59%
  16739 13863       -0.6411    55       -0.6093       -0.7896  2286336   29.59%
  17062 14198       -0.7408    68       -0.6093       -0.7896  2354695   29.59%
  17446 14384       -0.7770    79       -0.6093       -0.7896  2390213   29.59%
Elapsed time = 174.53 sec. (187551.13 ticks, tree = 454.39 MB, solutions = 3)
  17778 14747       -0.7729    81       -0.6093       -0.7896  2465206   29.59%
  18133 15035       -0.7530    82       -0.6093       -0.7896  2528407   29.59%
  18531 15516       -0.6376    58       -0.6093       -0.7896  2613277   29.59%
  18824 15655       -0.7003    60       -0.6093       -0.7896  2638505   29.59%
  19111 16025       -0.6885    58       -0.6093       -0.7896  2717799   29.59%
  19391 16290       -0.7896    84       -0.6093       -0.7896  2771503   29.59%
  19742 16440       -0.6849    66       -0.6093       -0.7896  2810959   29.59%
  20157 16940       -0.7770    84       -0.6093       -0.7896  2902706   29.59%
  20460 17018       -0.7759    75       -0.6093       -0.7896  2915876   29.59%
  20820 17457       -0.7817    77       -0.6093       -0.7896  2999308   29.59%
Elapsed time = 210.70 sec. (225814.38 ticks, tree = 552.30 MB, solutions = 3)
  21275 17809       -0.7395    75       -0.6093       -0.7896  3067697   29.59%
  21711 18071       -0.7431    72       -0.6093       -0.7896  3112604   29.59%
  22026 18522       -0.7001    64       -0.6093       -0.7896  3180261   29.59%
  22353 18857       -0.6546    56       -0.6093       -0.7896  3257230   29.59%
  22666 19100       -0.6219    55       -0.6093       -0.7896  3316661   29.59%
  23010 19429       -0.7396    78       -0.6093       -0.7896  3390037   29.59%
  23457 19952       -0.6254    42       -0.6093       -0.7896  3480681   29.59%
  23792 20117       -0.6678    58       -0.6093       -0.7896  3510032   29.59%
  24098 20463       -0.6226    47       -0.6093       -0.7896  3585015   29.59%
  24288 20756       -0.7386    73       -0.6093       -0.7896  3642573   29.59%
Elapsed time = 246.91 sec. (264044.75 ticks, tree = 666.03 MB, solutions = 3)
  24538 20891       -0.6345    59       -0.6093       -0.7896  3663996   29.59%
  24748 21097       -0.7776    94       -0.6093       -0.7896  3700515   29.59%
  24988 21357       -0.7516    71       -0.6093       -0.7896  3751769   29.59%
  25282 21523       -0.7132    58       -0.6093       -0.7896  3778852   29.59%
  25635 21815       -0.6975    68       -0.6093       -0.7896  3834133   29.59%
  26034 22173       -0.6511    40       -0.6093       -0.7896  3901267   29.59%
  26373 22419       -0.6103    48       -0.6093       -0.7896  3953841   29.59%
  26708 22678       -0.7354    74       -0.6093       -0.7896  4013519   29.59%
  27037 23177       -0.7308    68       -0.6093       -0.7894  4122660   29.57%
  27385 23315       -0.7319    74       -0.6093       -0.7893  4150500   29.54%
Elapsed time = 282.77 sec. (302274.75 ticks, tree = 740.98 MB, solutions = 3)
  27651 23595       -0.6633    55       -0.6093       -0.7892  4218949   29.52%
  28131 24119       -0.7754    86       -0.6093       -0.7886  4325149   29.42%
  28535 24475       -0.7735    84       -0.6093       -0.7885  4383655   29.42%
  28919 24831       -0.7707    80       -0.6093       -0.7881  4443242   29.34%
  29256 24987       -0.6177    44       -0.6093       -0.7877  4468358   29.28%
  29585 25532       -0.7001    59       -0.6093       -0.7876  4552656   29.26%
  30008 25699       -0.6173    53       -0.6093       -0.7870  4594194   29.17%
  30356 26204       -0.7660    78       -0.6093       -0.7870  4682924   29.17%
  30762 26426       -0.7048    66       -0.6093       -0.7868  4729402   29.13%
  31147 26627       -0.6665    51       -0.6093       -0.7865  4777309   29.09%
Elapsed time = 316.53 sec. (340564.50 ticks, tree = 847.67 MB, solutions = 3)
  31608 26948       -0.7609    71       -0.6093       -0.7864  4821777   29.07%
  32039 27703       -0.7182    65       -0.6093       -0.7864  4937473   29.07%
  32422 28079       -0.7003    56       -0.6093       -0.7864  4996384   29.07%
  32833 28272       -0.7425    64       -0.6093       -0.7864  5042415   29.07%
  33235 28698       -0.6614    62       -0.6093       -0.7864  5108331   29.07%
  33674 29012       -0.6150    42       -0.6093       -0.7864  5165185   29.07%
  34204 29523       -0.6311    48       -0.6093       -0.7864  5245157   29.07%
  34666 29921       -0.6597    42       -0.6093       -0.7864  5311032   29.07%
  35141 30166        cutoff             -0.6093       -0.7864  5340563   29.07%
  35600 30960       -0.6460    50       -0.6093       -0.7864  5459165   29.07%
Elapsed time = 353.48 sec. (378796.21 ticks, tree = 986.76 MB, solutions = 3)
  35961 30919       -0.6532    41       -0.6093       -0.7864  5459189   29.07%
  36336 31602       -0.6471    54       -0.6093       -0.7864  5562462   29.07%
  36735 32019       -0.7174    62       -0.6093       -0.7864  5637212   29.07%
  37186 32253       -0.7606    74       -0.6093       -0.7863  5681484   29.05%
  37669 32760       -0.6426    45       -0.6093       -0.7863  5762910   29.05%
  38045 32846       -0.6116    43       -0.6093       -0.7863  5778250   29.05%
  38607 33442       -0.7795    63       -0.6093       -0.7863  5867775   29.05%
  38926 34013       -0.6686    54       -0.6093       -0.7863  5961395   29.05%
  39360 34139       -0.6930    58       -0.6093       -0.7861  5980345   29.02%
  39767 34639       -0.7644    74       -0.6093       -0.7860  6072446   28.99%
Elapsed time = 387.20 sec. (417038.28 ticks, tree = 1107.02 MB, solutions = 3)
  40135 34992       -0.7400    69       -0.6093       -0.7860  6157239   28.99%
  40594 35075       -0.6617    56       -0.6093       -0.7860  6174717   28.99%
  40878 35628       -0.7189    61       -0.6093       -0.7858  6275345   28.97%
  41262 35977       -0.7150    62       -0.6093       -0.7858  6347637   28.97%
  41670 36169       -0.6893    57       -0.6093       -0.7855  6381524   28.92%
  42061 36735       -0.6727    63       -0.6093       -0.7855  6489793   28.92%
  42346 36936       -0.7136    56       -0.6093       -0.7855  6539821   28.92%
  42699 37276       -0.7502    73       -0.6093       -0.7854  6595271   28.90%
  43200 37686       -0.7782    70       -0.6093       -0.7854  6657753   28.90%
  43668 37971       -0.7686    70       -0.6093       -0.7854  6707118   28.90%
Elapsed time = 421.30 sec. (455244.67 ticks, tree = 1213.55 MB, solutions = 3)
  44124 38566       -0.6999    55       -0.6093       -0.7854  6789754   28.90%
  44537 38703       -0.6536    62       -0.6093       -0.7854  6805803   28.90%
  45026 39449       -0.7429    69       -0.6093       -0.7854  6923934   28.90%
  45496 39556       -0.7838    88       -0.6093       -0.7854  6939176   28.90%
  45917 40144       -0.7589    76       -0.6093       -0.7854  7021672   28.90%
  46382 40491       -0.6509    31       -0.6093       -0.7854  7090603   28.90%
  46902 41029       -0.6471    44       -0.6093       -0.7854  7169538   28.90%

Performing restart 2

Repeating presolve.
Tried aggregator 1 time.
Reduced MIP has 3971 rows, 4686 columns, and 49263 nonzeros.
Reduced MIP has 1164 binaries, 0 generals, 0 SOSs, and 0 indicators.
Presolve time = 0.00 sec. (13.85 ticks)
Tried aggregator 1 time.
Reduced MIP has 3971 rows, 4686 columns, and 49263 nonzeros.
Reduced MIP has 1164 binaries, 0 generals, 0 SOSs, and 0 indicators.
Presolve time = 0.02 sec. (21.33 ticks)
Represolve time = 0.06 sec. (44.53 ticks)
  47176     0       -0.8022    84       -0.6093       Cuts: 7  7250924   28.90%
  47176     0       -0.7995    98       -0.6093      Cuts: 16  7252288   28.90%
  47176     0       -0.7995    97       -0.6093       Cuts: 4  7252695   28.90%
  47176     0       -0.7995    95       -0.6093    MIRcuts: 2  7252967   28.90%
  47176     0       -0.7995    90       -0.6093       Cuts: 3  7253093   28.90%
  47176     0       -0.7995    94       -0.6093    MIRcuts: 3  7253198   28.90%
  47176     0       -0.7983    92       -0.6093    MIRcuts: 1  7253370   28.90%
  47176     0       -0.7983    90       -0.6093       Cuts: 6  7253866   28.90%
  47176     0       -0.7929    83       -0.6093    MIRcuts: 1  7253902   28.90%
  47176     0       -0.7929    80       -0.6093    MIRcuts: 1  7254040   28.90%
  47176     2       -0.7929    77       -0.6093       -0.7854  7254040   28.90%
  47204    27       -0.7707    84       -0.6093       -0.7854  7275561   28.90%
  47250    68       -0.7606    84       -0.6093       -0.7854  7299755   28.90%
Elapsed time = 465.73 sec. (502618.56 ticks, tree = 0.87 MB, solutions = 3)
  47312   104       -0.7655    74       -0.6093       -0.7854  7314448   28.90%
  47406   200       -0.7722    69       -0.6093       -0.7854  7336425   28.90%
  47581   394       -0.7202    61       -0.6093       -0.7854  7359527   28.90%
  47834   552       -0.6786    44       -0.6093       -0.7854  7381894   28.90%
  48176   838       -0.7694    87       -0.6093       -0.7854  7410935   28.90%
  48372  1057       -0.7568    91       -0.6093       -0.7854  7445667   28.90%
  48644  1219       -0.6723    58       -0.6093       -0.7854  7478261   28.90%
  49021  1539       -0.7212    63       -0.6093       -0.7854  7518512   28.90%
  49618  2063       -0.7333    73       -0.6093       -0.7854  7562705   28.90%
  50347  2658       -0.6552    62       -0.6093       -0.7854  7597991   28.90%
Elapsed time = 500.67 sec. (541107.51 ticks, tree = 82.46 MB, solutions = 3)
  50843  3184       -0.6849    46       -0.6093       -0.7854  7669003   28.90%
  51476  3737       -0.6211    54       -0.6093       -0.7854  7712199   28.90%
  52165  4247       -0.6631    63       -0.6093       -0.7854  7758377   28.90%
  52980  5110       -0.6548    57       -0.6093       -0.7854  7823259   28.90%
  53664  5611       -0.6219    40       -0.6093       -0.7854  7855012   28.90%
  54193  6152       -0.6885    57       -0.6093       -0.7850  7907734   28.83%
  55062  6985       -0.7602    78       -0.6093       -0.7850  7965141   28.83%
  55954  7754       -0.6236    47       -0.6093       -0.7850  8023523   28.83%
  56764  8629       -0.6373    51       -0.6093       -0.7850  8097470   28.83%
  57407  9115       -0.6306    41       -0.6093       -0.7825  8149340   28.43%
Elapsed time = 537.05 sec. (579332.13 ticks, tree = 288.80 MB, solutions = 3)
  58168  9581       -0.6471    68       -0.6093       -0.7820  8193057   28.35%
  58656 10244       -0.6618    34       -0.6093       -0.7820  8260166   28.35%
  59062 10595       -0.6168    70       -0.6093       -0.7820  8293208   28.35%
  59656 11218       -0.7652    79       -0.6093       -0.7820  8338238   28.35%
  60153 11456       -0.7056    62       -0.6093       -0.7820  8372379   28.35%
  60842 12294       -0.6975    59       -0.6093       -0.7820  8464578   28.35%
  61296 12844       -0.6232    51       -0.6093       -0.7820  8525405   28.35%
  61592 13003       -0.6299    56       -0.6093       -0.7820  8547124   28.35%
  61894 13270       -0.7074    69       -0.6093       -0.7820  8577812   28.35%
  62346 13577       -0.6400    59       -0.6093       -0.7820  8609354   28.35%
Elapsed time = 573.58 sec. (617554.45 ticks, tree = 431.02 MB, solutions = 3)
  62645 13992       -0.6889    76       -0.6093       -0.7820  8656428   28.35%
  63227 14202       -0.6933    63       -0.6093       -0.7820  8679564   28.35%
  63904 14870       -0.6552    61       -0.6093       -0.7820  8734591   28.35%
  64310 15507       -0.7325    70       -0.6093       -0.7820  8782690   28.35%
  64776 15801       -0.6601    45       -0.6093       -0.7820  8815102   28.35%
  65270 16160       -0.6366    55       -0.6093       -0.7820  8862334   28.35%
  65892 16859       -0.7413    73       -0.6093       -0.7820  8929643   28.35%

Mixed integer rounding cuts applied:  17
Gomory fractional cuts applied:  2

Root node processing (before b&c):
  Real time             =    7.56 sec. (7816.92 ticks)
Parallel b&c, 4 threads:
  Real time             =  592.45 sec. (638214.63 ticks)
  Sync time (average)   =   20.06 sec.
  Wait time (average)   =    0.01 sec.
                          ------------
Total (root+branch&cut) =  600.02 sec. (646031.55 ticks)
