Version identifier: 22.2.0.0 | 2026-05-04 | 5dff98e58
CPXPARAM_Read_DataCheck                          1
CPXPARAM_Threads                                 4
CPXPARAM_Parallel                                1
CPXPARAM_RandomSeed                              20260925
CPXPARAM_Simplex_Tolerances_Optimality           1.0000000000000001e-09
CPXPARAM_Simplex_Tolerances_Feasibility          1.0000000000000001e-09
CPXPARAM_TimeLimit                               600
CPXPARAM_MIP_Tolerances_AbsMIPGap                1.0000000000000001e-09
CPXPARAM_MIP_Tolerances_Integrality              1.0000000000000001e-09
Legacy callback                                  i
1 of 17 MIP starts provided solutions.
MIP start 'm1' defined initial solution with objective 0.0000.
Tried aggregator 1 time.
MIP Presolve eliminated 1349 rows and 3 columns.
MIP Presolve modified 3414 coefficients.
Reduced MIP has 3971 rows, 4687 columns, and 49266 nonzeros.
Reduced MIP has 1164 binaries, 0 generals, 0 SOSs, and 0 indicators.
Presolve time = 0.03 sec. (35.68 ticks)
Probing time = 0.02 sec. (0.68 ticks)
Tried aggregator 1 time.
Detecting symmetries...
Reduced MIP has 3971 rows, 4687 columns, and 49266 nonzeros.
Reduced MIP has 1164 binaries, 0 generals, 0 SOSs, and 0 indicators.
Presolve time = 0.09 sec. (21.10 ticks)
Probing time = 0.00 sec. (0.78 ticks)
MIP emphasis: balance optimality and feasibility.
MIP search method: dynamic search.
Parallel mode: deterministic, using up to 4 threads.
Root relaxation solution time = 0.22 sec. (156.90 ticks)

        Nodes                                         Cuts/
   Node  Left     Objective  IInf  Best Integer    Best Bound    ItCnt     Gap

*     0+    0                            0.0000       -1.8865              --- 
      0     0       -0.4748   120        0.0000       -0.4748     3164     --- 
      0     0       -0.4748    76        0.0000      Cuts: 10     3701     --- 
      0     0       -0.4748    87        0.0000      Cuts: 10     4423     --- 
      0     0       -0.4748    81        0.0000    MIRcuts: 1     4466     --- 
      0     0       -0.4748    76        0.0000    MIRcuts: 6     4843     --- 
      0     0       -0.4748    82        0.0000    MIRcuts: 4     5062     --- 
      0     2       -0.4748    76        0.0000       -0.4748     5062     --- 
Elapsed time = 8.22 sec. (6403.85 ticks, tree = 0.02 MB, solutions = 1)
      3     5       -0.4748    71        0.0000       -0.4748     9559     --- 
     13    11       -0.4680    99        0.0000       -0.4748    16035     --- 
     18    16       -0.4680    91        0.0000       -0.4748    22604     --- 
     22    24       -0.4600   102        0.0000       -0.4748    31638     --- 
     30     5       -0.4748    82        0.0000       -0.4748     9643     --- 
     44    32       -0.4748    82        0.0000       -0.4748    37268     --- 
     54    48       -0.4675    81        0.0000       -0.4748    45193     --- 
     71    59       -0.4703    87        0.0000       -0.4748    51147     --- 
     95    77       -0.4643    79        0.0000       -0.4748    59933     --- 
    207   194       -0.4465    62        0.0000       -0.4748    77044     --- 
Elapsed time = 13.52 sec. (9860.35 ticks, tree = 3.91 MB, solutions = 1)
    264   245       -0.4241    50        0.0000       -0.4748    90395     --- 
    337   269       -0.4465    59        0.0000       -0.4748    97150     --- 
    419   345       -0.4196    39        0.0000       -0.4748   121931     --- 
    487   386       -0.4748    81        0.0000       -0.4748   136653     --- 
    575   455       -0.4558    68        0.0000       -0.4748   149957     --- 
    654   513       -0.4475    67        0.0000       -0.4748   162000     --- 
    717   575       -0.4748    74        0.0000       -0.4748   181026     --- 
    811   655       -0.4300    63        0.0000       -0.4748   197892     --- 
    938   769       -0.4671    67        0.0000       -0.4748   219566     --- 
   1038   828       -0.4587    64        0.0000       -0.4748   232397     --- 
Elapsed time = 25.59 sec. (19517.78 ticks, tree = 23.50 MB, solutions = 1)
   1123   914       -0.4646    63        0.0000       -0.4748   253298     --- 
   1164   915       -0.4636    59        0.0000       -0.4748   253637     --- 
*  1175+  957                           -0.4062       -0.4748            16.88%
   1199   998       -0.4700    82       -0.4062       -0.4748   273318   16.88%

Performing restart 1

Repeating presolve.
Tried aggregator 1 time.
Reduced MIP has 3971 rows, 4687 columns, and 49266 nonzeros.
Reduced MIP has 1164 binaries, 0 generals, 0 SOSs, and 0 indicators.
Presolve time = 0.02 sec. (13.85 ticks)
Tried aggregator 1 time.
Reduced MIP has 3971 rows, 4687 columns, and 49266 nonzeros.
Reduced MIP has 1164 binaries, 0 generals, 0 SOSs, and 0 indicators.
Presolve time = 0.03 sec. (21.38 ticks)
Represolve time = 0.06 sec. (42.13 ticks)
   1227     0       -0.4748    83       -0.4062    MIRcuts: 8   287709   16.88%
   1227     0       -0.4748    95       -0.4062      Cuts: 11   288255   16.88%
   1227     0       -0.4748    76       -0.4062       Cuts: 5   288512   16.88%
   1227     0       -0.4748    76       -0.4062    MIRcuts: 4   288980   16.88%
   1227     0       -0.4748    84       -0.4062    MIRcuts: 2   289093   16.88%
   1227     0       -0.4748    68       -0.4062    MIRcuts: 1   289275   16.88%
   1227     2       -0.4748    68       -0.4062       -0.4748   289275   16.88%
   1230     5       -0.4748    84       -0.4062       -0.4748   292155   16.88%
   1235     8       -0.4748    93       -0.4062       -0.4748   295458   16.88%
   1245    14       -0.4680    96       -0.4062       -0.4748   305923   16.88%
   1270    41       -0.4667   101       -0.4062       -0.4748   320513   16.88%
   1285    45       -0.4639    90       -0.4062       -0.4748   328137   16.88%
   1303    72       -0.4680    86       -0.4062       -0.4748   343205   16.88%
Elapsed time = 47.52 sec. (38367.04 ticks, tree = 1.06 MB, solutions = 2)
   1331    81       -0.4636    91       -0.4062       -0.4748   350187   16.88%
   1385   123       -0.4564    80       -0.4062       -0.4748   358939   16.88%
   1488   154       -0.4509    66       -0.4062       -0.4748   369670   16.88%
   1534   230       -0.4479    80       -0.4062       -0.4748   376036   16.88%
   1627   314       -0.4188    70       -0.4062       -0.4748   383965   16.88%
   1741   377       -0.4703   101       -0.4062       -0.4748   395298   16.88%
   1823   499        cutoff             -0.4062       -0.4748   410845   16.88%
   1898   577       -0.4184    59       -0.4062       -0.4748   417039   16.88%
   1983   671       -0.4308    64       -0.4062       -0.4748   432419   16.88%
   2096   703       -0.4522    78       -0.4062       -0.4748   439867   16.88%
Elapsed time = 57.50 sec. (48362.20 ticks, tree = 19.05 MB, solutions = 2)
   2171   847       -0.4674    87       -0.4062       -0.4748   460871   16.88%
   2318   887       -0.4389    57       -0.4062       -0.4748   467543   16.88%
   2394  1029       -0.4277    59       -0.4062       -0.4748   479146   16.88%
   2545  1151       -0.4107    61       -0.4062       -0.4748   498114   16.88%
   2674  1196       -0.4540    74       -0.4062       -0.4748   504457   16.88%
   2781  1345       -0.4331    65       -0.4062       -0.4748   522962   16.88%
   2862  1484       -0.4542    64       -0.4062       -0.4748   544047   16.88%
   3000  1560       -0.4196    59       -0.4062       -0.4748   548993   16.88%
   3207  1761       -0.4468    76       -0.4062       -0.4748   566907   16.88%
   3407  1951       -0.4158    61       -0.4062       -0.4748   578258   16.88%
Elapsed time = 65.83 sec. (57986.58 ticks, tree = 58.93 MB, solutions = 2)
   3525  2028       -0.4523    66       -0.4062       -0.4748   587833   16.88%
   3572  2102       -0.4551    80       -0.4062       -0.4748   600098   16.88%
   3679  2201       -0.4455    64       -0.4062       -0.4748   611683   16.88%
   3809  2211       -0.4506    77       -0.4062       -0.4748   617096   16.88%
   3875  2399       -0.4084    50       -0.4062       -0.4748   631024   16.88%
   4003  2472       -0.4468    74       -0.4062       -0.4748   649006   16.88%
   4157  2593       -0.4427    55       -0.4062       -0.4748   659650   16.88%
   4266  2740       -0.4209    61       -0.4062       -0.4748   671723   16.88%
   4365  2842       -0.4217    57       -0.4062       -0.4748   684622   16.88%
   4501  2938       -0.4127    46       -0.4062       -0.4748   692780   16.88%
Elapsed time = 74.41 sec. (67710.39 ticks, tree = 90.61 MB, solutions = 2)
   4581  3017       -0.4678    70       -0.4062       -0.4748   703524   16.88%
   4667  3079       -0.4545    77       -0.4062       -0.4748   715965   16.88%
   4784  3101       -0.4460    92       -0.4062       -0.4748   722360   16.88%
   4886  3311       -0.4217    61       -0.4062       -0.4748   742061   16.88%
   4994  3359       -0.4329    75       -0.4062       -0.4748   752571   16.88%
   5094  3482       -0.4542    74       -0.4062       -0.4748   768570   16.88%
   5293  3555       -0.4319    64       -0.4062       -0.4748   772988   16.88%
   5499  3734       -0.4519    74       -0.4062       -0.4748   792805   16.88%
   5591  3912       -0.4655    93       -0.4062       -0.4748   802376   16.88%
   5697  4092       -0.4383    72       -0.4062       -0.4748   819059   16.88%
Elapsed time = 82.81 sec. (77332.56 ticks, tree = 127.36 MB, solutions = 2)
   5816  4156       -0.4108    55       -0.4062       -0.4748   821751   16.88%
   5958  4255       -0.4629    82       -0.4062       -0.4748   838459   16.88%
   6063  4388       -0.4589    77       -0.4062       -0.4748   849809   16.88%
   6204  4482       -0.4521    74       -0.4062       -0.4748   855167   16.88%
   6334  4691       -0.4314    66       -0.4062       -0.4742   870871   16.74%
   6475  4763       -0.4230    68       -0.4062       -0.4742   882251   16.74%
   6663  4840       -0.4285    55       -0.4062       -0.4740   890149   16.69%
   6802  5013       -0.4076    44       -0.4062       -0.4740   901525   16.69%
   7009  5119       -0.4148    54       -0.4062       -0.4740   909313   16.69%
   7163  5324        cutoff             -0.4062       -0.4740   923442   16.69%
Elapsed time = 91.08 sec. (86935.95 ticks, tree = 166.71 MB, solutions = 2)
   7356  5556       -0.4539    76       -0.4062       -0.4740   939222   16.69%
   7517  5685       -0.4255    60       -0.4062       -0.4738   950212   16.64%
   7659  5756       -0.4459    83       -0.4062       -0.4738   958659   16.64%
   7747  5954       -0.4064    55       -0.4062       -0.4738   974282   16.64%
   7822  5967       -0.4376    71       -0.4062       -0.4738   980502   16.64%
   7943  6153       -0.4228    68       -0.4062       -0.4738  1004462   16.64%
   8105  6142       -0.4522    81       -0.4062       -0.4738   999153   16.64%
   8222  6328       -0.4223    47       -0.4062       -0.4737  1016110   16.61%
   8355  6453       -0.4534    73       -0.4062       -0.4737  1031476   16.61%
   8424  6566       -0.4497    77       -0.4062       -0.4737  1055181   16.61%
Elapsed time = 100.41 sec. (96585.41 ticks, tree = 206.30 MB, solutions = 2)
   8510  6753       -0.4465    70       -0.4062       -0.4737  1078935   16.61%
   8630  6750        cutoff             -0.4062       -0.4737  1067338   16.61%
   8826  6980       -0.4209    54       -0.4062       -0.4737  1097381   16.61%
   8958  6937       -0.4597    80       -0.4062       -0.4736  1098277   16.59%
   9139  7119       -0.4403    63       -0.4062       -0.4733  1109507   16.52%
   9333  7222       -0.4229    71       -0.4062       -0.4733  1118985   16.51%
   9515  7449       -0.4718   100       -0.4062       -0.4733  1135233   16.51%
   9684  7629       -0.4561    75       -0.4062       -0.4733  1150450   16.51%
   9790  7832       -0.4597    80       -0.4062       -0.4733  1163298   16.51%
  10361  8241       -0.4432    72       -0.4062       -0.4731  1199853   16.47%
Elapsed time = 111.72 sec. (109079.35 ticks, tree = 259.78 MB, solutions = 2)
  10947  8887       -0.4493    63       -0.4062       -0.4726  1285338   16.34%
  11634  9316       -0.4129    54       -0.4062       -0.4724  1317938   16.29%
  12315 10232       -0.4073    47       -0.4062       -0.4723  1390958   16.27%
  12819 10487       -0.4449    72       -0.4062       -0.4721  1428103   16.21%
  13181 10966       -0.4368    74       -0.4062       -0.4721  1478881   16.21%
  13628 11356       -0.4578    77       -0.4062       -0.4721  1539921   16.21%
  14166 11749       -0.4525    75       -0.4062       -0.4721  1589335   16.21%
  14646 12140       -0.4486    80       -0.4062       -0.4721  1642706   16.21%
  15225 12632       -0.4458    75       -0.4062       -0.4721  1701364   16.21%
  15702 13133       -0.4273    68       -0.4062       -0.4718  1761816   16.15%
Elapsed time = 145.91 sec. (147334.68 ticks, tree = 416.16 MB, solutions = 2)
  16226 13674       -0.4286    67       -0.4062       -0.4717  1841283   16.13%
  16833 14179       -0.4610    97       -0.4062       -0.4717  1889666   16.13%
  17385 14666       -0.4227    68       -0.4062       -0.4716  1937317   16.10%
  17818 15211       -0.4383    81       -0.4062       -0.4716  2002460   16.10%
  18340 15681       -0.4564    81       -0.4062       -0.4712  2061727   16.00%
  18833 15915       -0.4510    78       -0.4062       -0.4710  2092404   15.96%
  19233 16522       -0.4202    55       -0.4062       -0.4710  2168912   15.95%
  19866 16928       -0.4514    73       -0.4062       -0.4708  2213924   15.90%
  20465 17298       -0.4421    74       -0.4062       -0.4708  2262181   15.89%
  21126 18110       -0.4281    57       -0.4062       -0.4705  2349786   15.84%
Elapsed time = 185.39 sec. (185543.75 ticks, tree = 575.46 MB, solutions = 2)
  21731 18676       -0.4636    82       -0.4062       -0.4704  2406487   15.79%
  22254 19240       -0.4495    71       -0.4062       -0.4703  2472685   15.78%
  22711 19695       -0.4698    84       -0.4062       -0.4703  2531945   15.78%
  23183 20226       -0.4196    63       -0.4062       -0.4703  2604912   15.78%
  23597 20618       -0.4609    84       -0.4062       -0.4703  2654699   15.78%
  24068 20857       -0.4546    70       -0.4062       -0.4703  2687641   15.78%
  24390 21437       -0.4464    65       -0.4062       -0.4703  2761857   15.78%
  24590 21630       -0.4615    69       -0.4062       -0.4703  2792346   15.78%
  24950 21820       -0.4091    53       -0.4062       -0.4703  2821658   15.78%
  25386 22233       -0.4152    59       -0.4062       -0.4703  2873862   15.78%
Elapsed time = 228.50 sec. (223796.48 ticks, tree = 712.26 MB, solutions = 2)
  25895 22605       -0.4253    67       -0.4062       -0.4703  2920786   15.78%
  26397 23227       -0.4624    83       -0.4062       -0.4703  2996213   15.78%
  26919 23558       -0.4613    81       -0.4062       -0.4703  3040508   15.78%
  27475 23931       -0.4253    60       -0.4062       -0.4703  3092043   15.78%
  27978 24540       -0.4449    67       -0.4062       -0.4703  3162025   15.78%
  28400 25092       -0.4494    68       -0.4062       -0.4703  3249028   15.78%
  28840 25456       -0.4211    50       -0.4062       -0.4703  3305918   15.78%
  29152 25875       -0.4421    81       -0.4062       -0.4703  3371360   15.78%
  29564 26112       -0.4331    64       -0.4062       -0.4703  3417467   15.78%
  29978 26427       -0.4465    64       -0.4062       -0.4703  3477066   15.78%
Elapsed time = 276.59 sec. (262099.02 ticks, tree = 838.19 MB, solutions = 2)
  30348 26951       -0.4666    84       -0.4062       -0.4703  3567349   15.78%
  30673 27316       -0.4091    59       -0.4062       -0.4703  3627805   15.78%
  31077 27518       -0.4315    47       -0.4062       -0.4703  3675253   15.78%
  31544 27802       -0.4261    66       -0.4062       -0.4703  3724239   15.78%
  32093 28237       -0.4591    77       -0.4062       -0.4703  3796435   15.78%
  32502 28959       -0.4619    75       -0.4062       -0.4703  3904810   15.78%
  33020 29316       -0.4434    61       -0.4062       -0.4703  3962153   15.78%
  33565 29685       -0.4241    68       -0.4062       -0.4703  4015107   15.78%
  33933 30161       -0.4421    74       -0.4062       -0.4703  4083089   15.78%
  34377 30610       -0.4670    90       -0.4062       -0.4703  4170701   15.78%
Elapsed time = 324.80 sec. (300400.22 ticks, tree = 964.60 MB, solutions = 2)
  34702 31100       -0.4622    80       -0.4062       -0.4703  4251055   15.78%
  35030 31277       -0.4196    57       -0.4062       -0.4703  4279659   15.78%
  35422 31553       -0.4392    62       -0.4062       -0.4703  4328127   15.78%
  35919 32121       -0.4253    63       -0.4062       -0.4703  4422055   15.78%
  36314 32275       -0.4350    66       -0.4062       -0.4703  4447112   15.78%
  36694 32714       -0.4376    67       -0.4062       -0.4703  4523407   15.78%
  37057 33205       -0.4636    92       -0.4062       -0.4703  4611267   15.78%
  37410 33337       -0.4510    80       -0.4062       -0.4703  4638289   15.78%
  37786 33835       -0.4373    72       -0.4062       -0.4703  4739455   15.78%
  38200 34143       -0.4600    76       -0.4062       -0.4703  4795674   15.78%
Elapsed time = 360.23 sec. (338641.80 ticks, tree = 1079.98 MB, solutions = 2)
  38643 34691       -0.4512    73       -0.4062       -0.4703  4902545   15.78%
  39090 34946       -0.4376    73       -0.4062       -0.4703  4946375   15.78%
  39527 35569       -0.4385    71       -0.4062       -0.4703  5055952   15.78%
  39923 35786       -0.4358    57       -0.4062       -0.4703  5099924   15.78%
  40363 36038        cutoff             -0.4062       -0.4703  5145974   15.78%
  40741 36591       -0.4539    93       -0.4062       -0.4703  5241699   15.78%
  41114 36814       -0.4359    61       -0.4062       -0.4703  5277514   15.78%
  41588 37397       -0.4196    58       -0.4062       -0.4703  5362027   15.78%
  42040 37700       -0.4129    60       -0.4062       -0.4703  5407855   15.78%
  42485 38111       -0.4376    60       -0.4062       -0.4703  5477166   15.78%
Elapsed time = 394.77 sec. (376862.46 ticks, tree = 1208.33 MB, solutions = 2)
  42902 38500       -0.4286    65       -0.4062       -0.4703  5540140   15.78%
  43290 38951       -0.4571    77       -0.4062       -0.4703  5620961   15.78%
  43634 39333       -0.4068    50       -0.4062       -0.4703  5698835   15.78%
  44023 39671       -0.4660    84       -0.4062       -0.4703  5775749   15.78%
  44401 39792       -0.4188    73       -0.4062       -0.4703  5805203   15.78%
  44828 40350       -0.4443    77       -0.4062       -0.4703  5897900   15.78%
  45230 40800       -0.4379    71       -0.4062       -0.4703  5989395   15.78%
  45768 41056       -0.4129    65       -0.4062       -0.4703  6039276   15.78%
  46186 41642       -0.4641    78       -0.4062       -0.4703  6131703   15.78%
  46627 41842       -0.4698    89       -0.4062       -0.4703  6162531   15.78%
Elapsed time = 434.56 sec. (415114.84 ticks, tree = 1328.80 MB, solutions = 2)
  46946 42283        cutoff             -0.4062       -0.4703  6247803   15.78%

Performing restart 2

Repeating presolve.
Tried aggregator 1 time.
Reduced MIP has 3971 rows, 4687 columns, and 49266 nonzeros.
Reduced MIP has 1164 binaries, 0 generals, 0 SOSs, and 0 indicators.
Presolve time = 0.02 sec. (13.85 ticks)
Tried aggregator 1 time.
Reduced MIP has 3971 rows, 4687 columns, and 49266 nonzeros.
Reduced MIP has 1164 binaries, 0 generals, 0 SOSs, and 0 indicators.
Presolve time = 0.02 sec. (21.38 ticks)
Represolve time = 0.06 sec. (44.09 ticks)
  47004     0       -0.4748    89       -0.4062       Cuts: 7  6311746   15.78%
  47004     0       -0.4748    88       -0.4062      Cuts: 13  6312488   15.78%
  47004     0       -0.4748    78       -0.4062    MIRcuts: 4  6312918   15.78%
  47004     0       -0.4748    76       -0.4062       Cuts: 7  6313146   15.78%
  47004     0       -0.4748    74       -0.4062    MIRcuts: 5  6313667   15.78%
  47004     0       -0.4748    70       -0.4062       Cuts: 7  6314396   15.78%
  47004     0       -0.4748    77       -0.4062    MIRcuts: 3  6314773   15.78%
  47004     0       -0.4748    71       -0.4062    MIRcuts: 1  6314775   15.78%
  47004     2       -0.4748    70       -0.4062       -0.4703  6314775   15.78%
  47035    27       -0.4600    94       -0.4062       -0.4703  6339930   15.78%
  47105    93       -0.4594    81       -0.4062       -0.4703  6370865   15.78%
  47180   159       -0.4471    70       -0.4062       -0.4703  6386611   15.78%
  47321   286       -0.4130    54       -0.4062       -0.4703  6412343   15.78%
  47548   462       -0.4115    51       -0.4062       -0.4703  6438317   15.78%
  47810   603       -0.4064    41       -0.4062       -0.4703  6465429   15.78%
  48051   919        cutoff             -0.4062       -0.4703  6512786   15.78%
  48284  1118       -0.4209    80       -0.4062       -0.4703  6545217   15.78%
Elapsed time = 478.95 sec. (465683.59 ticks, tree = 33.35 MB, solutions = 2)
  48606  1345       -0.4484    89       -0.4062       -0.4703  6578112   15.78%
  48863  1674       -0.4412    71       -0.4062       -0.4703  6621519   15.78%
  49312  2076       -0.4447    78       -0.4062       -0.4703  6667890   15.78%
  49782  2451       -0.4248    69       -0.4062       -0.4703  6714400   15.78%
  50330  2914       -0.4444    64       -0.4062       -0.4703  6766287   15.78%
  50745  3448       -0.4645    69       -0.4062       -0.4703  6851394   15.78%
  51057  3575       -0.4196    66       -0.4062       -0.4703  6881593   15.78%
  51500  3930       -0.4352    71       -0.4062       -0.4703  6928316   15.78%
  52064  4459       -0.4225    76       -0.4062       -0.4703  6986202   15.78%
  52508  5039       -0.4215    51       -0.4062       -0.4703  7053832   15.78%
Elapsed time = 512.48 sec. (503930.72 ticks, tree = 158.68 MB, solutions = 2)
  53009  5410       -0.4598    65       -0.4062       -0.4703  7106406   15.78%
  53500  5936       -0.4211    75       -0.4062       -0.4703  7179884   15.78%
  53996  6252       -0.4359    68       -0.4062       -0.4703  7226863   15.78%
  54614  6898       -0.4267    78       -0.4062       -0.4703  7301243   15.78%
  55118  7330       -0.4244    65       -0.4062       -0.4703  7348698   15.78%
  55755  7862       -0.4474    71       -0.4062       -0.4703  7409084   15.78%
  56194  8306       -0.4613    64       -0.4062       -0.4703  7458254   15.78%
  56635  8675       -0.4198    37       -0.4062       -0.4703  7506191   15.78%
  57156  9341       -0.4166    75       -0.4062       -0.4703  7598938   15.78%
  57553  9644       -0.4421    75       -0.4062       -0.4703  7631689   15.78%
Elapsed time = 546.12 sec. (542186.75 ticks, tree = 305.79 MB, solutions = 2)
  57860 10021       -0.4213    79       -0.4062       -0.4703  7686555   15.78%
  58024 10171       -0.4359    65       -0.4062       -0.4703  7713719   15.78%
  58360 10355       -0.4364    71       -0.4062       -0.4703  7737965   15.78%
  58834 10849       -0.4135    73       -0.4062       -0.4703  7794326   15.78%
  59235 11300       -0.4217    66       -0.4062       -0.4703  7878040   15.78%
  59585 11555       -0.4443    79       -0.4062       -0.4703  7932202   15.78%
  59958 11693       -0.4452    82       -0.4062       -0.4703  7957495   15.78%
  60506 12209       -0.4225    66       -0.4062       -0.4703  8028191   15.78%
  60965 12663       -0.4395    71       -0.4062       -0.4703  8084317   15.78%
  61254 12920       -0.4409    65       -0.4062       -0.4703  8110285   15.78%
Elapsed time = 580.03 sec. (580538.46 ticks, tree = 410.26 MB, solutions = 2)
  61638 13207       -0.4465    63       -0.4062       -0.4703  8138070   15.78%
  62010 13527       -0.4613    82       -0.4062       -0.4703  8178066   15.78%
  62285 14022       -0.4555    68       -0.4062       -0.4703  8251362   15.78%
  62663 14289       -0.4110    60       -0.4062       -0.4703  8292169   15.78%
  62995 14440       -0.4393    81       -0.4062       -0.4703  8331435   15.78%

Mixed integer rounding cuts applied:  20
Gomory fractional cuts applied:  2

Root node processing (before b&c):
  Real time             =    8.20 sec. (6399.71 ticks)
Parallel b&c, 4 threads:
  Real time             =  591.81 sec. (597136.57 ticks)
  Sync time (average)   =   18.24 sec.
  Wait time (average)   =    0.02 sec.
                          ------------
Total (root+branch&cut) =  600.02 sec. (603536.28 ticks)
