Version identifier: 22.2.0.0 | 2026-05-04 | 5dff98e58
CPXPARAM_Read_DataCheck                          1
CPXPARAM_Threads                                 4
CPXPARAM_Parallel                                1
CPXPARAM_RandomSeed                              20260925
CPXPARAM_Simplex_Tolerances_Optimality           1.0000000000000001e-09
CPXPARAM_Simplex_Tolerances_Feasibility          1.0000000000000001e-09
CPXPARAM_TimeLimit                               600
CPXPARAM_MIP_Tolerances_AbsMIPGap                1.0000000000000001e-09
CPXPARAM_MIP_Tolerances_Integrality              1.0000000000000001e-09
Legacy callback                                  i
2 of 16 MIP starts provided solutions.
MIP start 'm1' defined initial solution with objective -0.2595.
Tried aggregator 1 time.
MIP Presolve eliminated 38 rows and 2 columns.
MIP Presolve modified 504 coefficients.
Reduced MIP has 659 rows, 708 columns, and 5670 nonzeros.
Reduced MIP has 174 binaries, 0 generals, 0 SOSs, and 0 indicators.
Presolve time = 0.02 sec. (2.27 ticks)
Probing time = 0.00 sec. (0.17 ticks)
Tried aggregator 1 time.
Detecting symmetries...
Reduced MIP has 659 rows, 708 columns, and 5670 nonzeros.
Reduced MIP has 174 binaries, 0 generals, 0 SOSs, and 0 indicators.
Presolve time = 0.00 sec. (2.26 ticks)
Probing time = 0.00 sec. (0.17 ticks)
MIP emphasis: balance optimality and feasibility.
MIP search method: dynamic search.
Parallel mode: deterministic, using up to 4 threads.
Root relaxation solution time = 0.00 sec. (12.27 ticks)

        Nodes                                         Cuts/
   Node  Left     Objective  IInf  Best Integer    Best Bound    ItCnt     Gap

*     0+    0                           -0.2595       -1.0000           285.32%
      0     0       -0.3048    33       -0.2595       -0.3048      591   17.43%
      0     0       -0.3048    64       -0.2595      Cuts: 62     1149   17.43%
      0     0       -0.3001    62       -0.2595      Cuts: 32     1621   15.63%
      0     0       -0.2999    77       -0.2595   MIRcuts: 76     2381   15.54%
      0     0       -0.2974    87       -0.2595   MIRcuts: 72     2829   14.59%
      0     0       -0.2954    90       -0.2595   MIRcuts: 59     3180   13.83%
Detecting symmetries...
      0     0       -0.2937    98       -0.2595   MIRcuts: 49     3545   13.16%
      0     0       -0.2927    98       -0.2595   MIRcuts: 38     3790   12.77%
      0     0       -0.2914   106       -0.2595      Cuts: 46     4062   12.30%
      0     0       -0.2906   106       -0.2595   MIRcuts: 43     4315   11.98%
      0     0       -0.2900   100       -0.2595   MIRcuts: 19     4551   11.59%
      0     0       -0.2896   101       -0.2595   MIRcuts: 24     4719   11.59%
      0     0       -0.2893   102       -0.2595   MIRcuts: 29     4946   11.48%
      0     0       -0.2888    98       -0.2595   MIRcuts: 12     5158   10.93%
      0     0       -0.2879   108       -0.2595   MIRcuts: 15     5345   10.93%
      0     0       -0.2875   101       -0.2595      Cuts: 14     5445   10.77%
      0     0       -0.2864    98       -0.2595   MIRcuts: 21     5742   10.34%
      0     0       -0.2857    91       -0.2595   MIRcuts: 16     5941   10.07%
      0     0       -0.2855    95       -0.2595      Cuts: 11     6055   10.01%
      0     0       -0.2852    97       -0.2595   MIRcuts: 12     6214    9.89%
      0     0       -0.2850    95       -0.2595    MIRcuts: 9     6319    9.83%
Detecting symmetries...
      0     2       -0.2850    95       -0.2595       -0.2850     6319    9.83%
Elapsed time = 1.20 sec. (1206.91 ticks, tree = 0.02 MB, solutions = 2)
     24     4       -0.2839    94       -0.2595       -0.2845     6632    9.63%
     95    50       -0.2667    39       -0.2595       -0.2839    16709    9.38%
    162   105       -0.2693    71       -0.2595       -0.2836    29950    9.27%
    252   163        cutoff             -0.2595       -0.2820    44102    8.65%
    346   220       -0.2775    80       -0.2595       -0.2818    57565    8.58%
    444   271       -0.2684    56       -0.2595       -0.2818    64989    8.58%
    537   360       -0.2653    59       -0.2595       -0.2812    78688    8.34%
    647   429       -0.2659    75       -0.2595       -0.2812    89234    8.34%
    761   531       -0.2725    73       -0.2595       -0.2803   108223    8.02%
   1254   878       -0.2619    49       -0.2595       -0.2793   159128    7.62%
Elapsed time = 4.09 sec. (4319.39 ticks, tree = 4.66 MB, solutions = 2)
   1764  1189       -0.2714    63       -0.2595       -0.2784   212651    7.26%
   2327  1608       -0.2647    37       -0.2595       -0.2775   275317    6.94%

Performing restart 1

Repeating presolve.
Tried aggregator 1 time.
MIP Presolve modified 168 coefficients.
Reduced MIP has 659 rows, 708 columns, and 5622 nonzeros.
Reduced MIP has 174 binaries, 0 generals, 0 SOSs, and 0 indicators.
Presolve time = 0.02 sec. (2.54 ticks)
Tried aggregator 1 time.
Reduced MIP has 659 rows, 708 columns, and 5622 nonzeros.
Reduced MIP has 174 binaries, 0 generals, 0 SOSs, and 0 indicators.
Presolve time = 0.00 sec. (2.27 ticks)
Represolve time = 0.02 sec. (15.49 ticks)
   2469     0       -0.2830    94       -0.2595      Cuts: 25   303661    6.92%
   2469     0       -0.2810    89       -0.2595      Cuts: 37   304016    6.92%
   2469     0       -0.2799    84       -0.2595      Cuts: 24   304291    6.92%
   2469     0       -0.2791    84       -0.2595      Cuts: 37   304524    6.92%
   2469     0       -0.2783    87       -0.2595      Cuts: 20   304776    6.92%
   2469     0       -0.2777    88       -0.2595      Cuts: 24   305048    6.92%
   2469     0       -0.2770    82       -0.2595      Cuts: 32   305257    6.75%
   2469     0       -0.2767    77       -0.2595      Cuts: 18   305395    6.64%
   2469     0       -0.2767    83       -0.2595       Cuts: 7   305481    6.62%
   2469     0       -0.2766    81       -0.2595       Cuts: 7   305611    6.57%
   2469     0       -0.2766    83       -0.2595    MIRcuts: 5   305652    6.57%
   2469     0       -0.2766    78       -0.2595    MIRcuts: 3   305705    6.51%
   2469     0       -0.2765    78       -0.2595    MIRcuts: 6   305765    6.51%
   2469     0       -0.2764    74       -0.2595    MIRcuts: 6   305850    6.49%
   2469     0       -0.2764    80       -0.2595    MIRcuts: 4   305927    6.49%
   2469     0       -0.2764    80       -0.2595    MIRcuts: 2   305977    6.49%
   2469     0       -0.2764    83       -0.2595    MIRcuts: 4   306042    6.49%
   2469     2       -0.2764    81       -0.2595       -0.2764   306042    6.49%
   2646   100       -0.2715    69       -0.2595       -0.2751   326830    6.01%
   3155   473       -0.2606    33       -0.2595       -0.2734   377442    5.36%
   3591   761       -0.2596    74       -0.2595       -0.2721   419263    4.85%
   3973  1023       -0.2615    34       -0.2595       -0.2717   462926    4.70%
   4322  1221       -0.2634    58       -0.2595       -0.2713   502146    4.52%
   4786  1535       -0.2670    63       -0.2595       -0.2708   546042    4.35%
   5234  1831       -0.2619    43       -0.2595       -0.2703   592249    4.17%
Elapsed time = 15.33 sec. (16299.75 ticks, tree = 10.21 MB, solutions = 2)
   5770  2115       -0.2636    55       -0.2595       -0.2697   641309    3.94%
   6263  2422       -0.2596    51       -0.2595       -0.2694   686696    3.79%
   6784  2746       -0.2597    57       -0.2595       -0.2691   741767    3.70%
   7311  3038       -0.2604    34       -0.2595       -0.2689   779539    3.61%
   7780  3310       -0.2624    67       -0.2595       -0.2688   822897    3.56%
   8240  3705       -0.2651    56       -0.2595       -0.2686   879968    3.50%
   8703  3861       -0.2605    42       -0.2595       -0.2685   910017    3.45%
   9164  4143       -0.2607    33       -0.2595       -0.2683   959378    3.37%
   9746  4474       -0.2601    40       -0.2595       -0.2681  1017742    3.31%
  10285  4734       -0.2630    64       -0.2595       -0.2679  1056456    3.21%
Elapsed time = 22.78 sec. (25857.43 ticks, tree = 25.02 MB, solutions = 2)
  10819  5014       -0.2609    46       -0.2595       -0.2675  1100447    3.09%
  11331  5335       -0.2611    71       -0.2595       -0.2674  1155167    3.05%
  12004  5672        cutoff             -0.2595       -0.2673  1201400    3.00%
  12542  5980       -0.2596    49       -0.2595       -0.2671  1257310    2.92%
  13224  6452       -0.2622    59       -0.2595       -0.2670  1318602    2.89%
  13703  6618       -0.2614    54       -0.2595       -0.2669  1346712    2.84%
  14094  6884       -0.2606    45       -0.2595       -0.2668  1401633    2.80%
  14511  6990       -0.2599    80       -0.2595       -0.2667  1434230    2.77%
  14922  7247       -0.2624    74       -0.2595       -0.2666  1489724    2.75%
  15342  7410       -0.2605    80       -0.2595       -0.2666  1536768    2.72%
Elapsed time = 30.27 sec. (35410.06 ticks, tree = 36.29 MB, solutions = 2)
  15739  7529       -0.2598    36       -0.2595       -0.2665  1571350    2.68%
  16099  7681       -0.2609    72       -0.2595       -0.2663  1617624    2.63%
  16630  7928       -0.2605    47       -0.2595       -0.2662  1681075    2.58%
  17104  8110       -0.2611    62       -0.2595       -0.2661  1725975    2.54%
  17569  8296       -0.2599    51       -0.2595       -0.2660  1765813    2.50%
  18068  8419       -0.2617    41       -0.2595       -0.2659  1806066    2.45%
  18529  8573        cutoff             -0.2595       -0.2658  1846124    2.41%
  18972  8808       -0.2599    62       -0.2595       -0.2657  1914334    2.38%
  19444  8927       -0.2599    50       -0.2595       -0.2656  1949460    2.33%
  19836  9079        cutoff             -0.2595       -0.2654  1992269    2.27%
Elapsed time = 37.52 sec. (44968.38 ticks, tree = 43.18 MB, solutions = 2)
  20380  9216       -0.2600    35       -0.2595       -0.2653  2033755    2.24%
  20891  9507       -0.2605    40       -0.2595       -0.2652  2104819    2.20%
  21375  9667       -0.2601    71       -0.2595       -0.2651  2145258    2.17%
  21832  9809        cutoff             -0.2595       -0.2651  2186385    2.13%
  22319  9997       -0.2601    36       -0.2595       -0.2649  2243499    2.07%
  22787 10097       -0.2616    76       -0.2595       -0.2648  2273152    2.04%
  23257 10232       -0.2613    64       -0.2595       -0.2647  2321303    1.99%
  23705 10464       -0.2611    55       -0.2595       -0.2646  2392374    1.96%
  24186 10629        cutoff             -0.2595       -0.2645  2445347    1.91%
  24665 10666       -0.2612    65       -0.2595       -0.2644  2465013    1.88%
Elapsed time = 44.78 sec. (54537.39 ticks, tree = 48.76 MB, solutions = 2)
  25131 10883       -0.2604    47       -0.2595       -0.2643  2537511    1.85%
  25569 10971       -0.2600    62       -0.2595       -0.2642  2599276    1.81%
  26080 11036       -0.2598    54       -0.2595       -0.2641  2631244    1.77%
  26482 11180       -0.2625    45       -0.2595       -0.2640  2670864    1.73%
  26820 11344        cutoff             -0.2595       -0.2640  2724994    1.72%
  27067 11423       -0.2616    53       -0.2595       -0.2640  2746101    1.72%
  27295 11477        cutoff             -0.2595       -0.2640  2772169    1.72%
  27579 11547        cutoff             -0.2595       -0.2640  2789133    1.72%
  27937 11579       -0.2608    60       -0.2595       -0.2640  2815462    1.72%
  28269 11607       -0.2617    62       -0.2595       -0.2640  2841021    1.72%
Elapsed time = 52.39 sec. (64107.54 ticks, tree = 52.11 MB, solutions = 2)
  28708 11767       -0.2615    53       -0.2595       -0.2637  2899054    1.61%
  29235 11864       -0.2598    31       -0.2595       -0.2636  2948018    1.59%
  29700 11977       -0.2605    36       -0.2595       -0.2636  2987776    1.56%
  30192 12092        cutoff             -0.2595       -0.2635  3054459    1.54%
  30673 12104       -0.2609    50       -0.2595       -0.2634  3093663    1.50%
  31232 12174       -0.2605    52       -0.2595       -0.2634  3136560    1.48%
  31725 12260       -0.2598    59       -0.2595       -0.2633  3167751    1.46%
  32306 12347       -0.2605    50       -0.2595       -0.2633  3225744    1.44%
  32868 12439       -0.2608    61       -0.2595       -0.2632  3277693    1.41%
  33398 12497        cutoff             -0.2595       -0.2631  3310506    1.38%
Elapsed time = 59.73 sec. (73662.96 ticks, tree = 54.37 MB, solutions = 2)
  33916 12562       -0.2612    57       -0.2595       -0.2630  3363279    1.35%
  34494 12656       -0.2624    50       -0.2595       -0.2629  3447546    1.31%
  35063 12666        cutoff             -0.2595       -0.2629  3484949    1.29%
  35663 12694       -0.2596    30       -0.2595       -0.2628  3511162    1.28%
  36272 12872        cutoff             -0.2595       -0.2628  3573144    1.25%
  36878 12870        cutoff             -0.2595       -0.2627  3618166    1.22%
  37424 12864        cutoff             -0.2595       -0.2626  3667340    1.19%
  37969 12910        cutoff             -0.2595       -0.2625  3701762    1.16%
  38561 12806        cutoff             -0.2595       -0.2625  3788723    1.14%
  39196 12768        cutoff             -0.2595       -0.2624  3806967    1.11%
Elapsed time = 66.97 sec. (83211.61 ticks, tree = 54.19 MB, solutions = 2)
  39813 12776       -0.2619    50       -0.2595       -0.2623  3879010    1.08%
  40418 12728        cutoff             -0.2595       -0.2623  3932810    1.05%
  40957 12657       -0.2603    74       -0.2595       -0.2622  3993001    1.02%
  41488 12617        cutoff             -0.2595       -0.2621  4021229    1.00%
  42120 12510        cutoff             -0.2595       -0.2621  4060669    0.97%
  42765 12383        cutoff             -0.2595       -0.2620  4129232    0.94%
  43433 12234       -0.2600    43       -0.2595       -0.2619  4171671    0.91%
  44069 12013       -0.2613    63       -0.2595       -0.2618  4223680    0.88%
  44745 11787        cutoff             -0.2595       -0.2617  4263417    0.85%
  47654 10717        cutoff             -0.2595       -0.2613  4451471    0.70%
Elapsed time = 76.52 sec. (95622.74 ticks, tree = 45.84 MB, solutions = 2)
  50875  9007        cutoff             -0.2595       -0.2609  4623861    0.53%
  54569  6294        cutoff             -0.2595       -0.2605  4798912    0.36%
  59600  1678        cutoff             -0.2595       -0.2598  4908275    0.10%

Flow cuts applied:  1
Mixed integer rounding cuts applied:  256
Lift and project cuts applied:  31

Root node processing (before b&c):
  Real time             =    1.20 sec. (1205.95 ticks)
Parallel b&c, 4 threads:
  Real time             =   85.33 sec. (106762.21 ticks)
  Sync time (average)   =    3.19 sec.
  Wait time (average)   =    0.00 sec.
                          ------------
Total (root+branch&cut) =   86.53 sec. (107968.15 ticks)
