Version identifier: 22.2.0.0 | 2026-05-04 | 5dff98e58
CPXPARAM_Read_DataCheck                          1
CPXPARAM_Threads                                 4
CPXPARAM_Parallel                                1
CPXPARAM_RandomSeed                              20260925
CPXPARAM_MIP_Strategy_Search                     1
CPXPARAM_Simplex_Tolerances_Optimality           1.0000000000000001e-09
CPXPARAM_Simplex_Tolerances_Feasibility          1.0000000000000001e-09
CPXPARAM_TimeLimit                               600
CPXPARAM_MIP_Tolerances_AbsMIPGap                1.0000000000000001e-09
CPXPARAM_MIP_Tolerances_Integrality              1.0000000000000001e-09
Legacy callback                                  iLUD
Lazy constraint(s) or lazy constraint/branch callback is present.
    Disabling dual reductions (CPX_PARAM_REDUCE) in presolve.
    Disabling presolve reductions that prevent crushing forms (CPX_PARAM_PREREFORM).
         Disabling repeat represolve because of lazy constraint/incumbent callback.
Warning: Effort level 'CheckFeas' is incompatible with lazy constraint/incumbent callback.
         Effort level increased to 'SolveFixed'.
1 of 1 MIP starts provided solutions.
MIP start 'm1' defined initial solution with objective -0.2190.
Tried aggregator 1 time.
MIP Presolve eliminated 42 rows and 0 columns.
Reduced MIP has 294 rows, 362 columns, and 2140 nonzeros.
Reduced MIP has 174 binaries, 0 generals, 0 SOSs, and 0 indicators.
Presolve time = 0.00 sec. (0.88 ticks)
Probing time = 0.00 sec. (0.08 ticks)
MIP emphasis: balance optimality and feasibility.
MIP search method: traditional branch-and-cut.
Parallel mode: deterministic, using up to 4 threads.
Root relaxation solution time = 0.00 sec. (5.53 ticks)

        Nodes                                         Cuts/
   Node  Left     Objective  IInf  Best Integer    Best Bound    ItCnt     Gap         Variable B NodeID Parent  Depth

*     0+    0                           -0.2190       -0.8120           270.69%
      0     0       -0.2663    27       -0.2190       -0.2663      354   21.59%
      0     0       -0.2650    35       -0.2190       Cuts: 5      391   20.98%
*     0+    0                           -0.2238       -0.2650            18.41%
      0     0       -0.2644    42       -0.2238      Cuts: 11      432   18.16%
*     0+    0                           -0.2333       -0.2644            13.34%
      0     0       -0.2642    40       -0.2333    MIRcuts: 1      450   13.24%
      0     0       -0.2641    40       -0.2333       Cuts: 3      463   13.19%
      0     0       -0.2638    37       -0.2333    MIRcuts: 2      489   13.05%
      0     0       -0.2631    39       -0.2333       Cuts: 3      516   12.76%
      0     0       -0.2626    41       -0.2333   Flowcuts: 3      532   12.55%
*     0+    0                           -0.2476       -0.2626             6.06%
      0     2       -0.2626    41       -0.2476       -0.2626      532    6.06%                        0             0
Elapsed time = 0.11 sec. (72.39 ticks, tree = 0.02 MB, solutions = 4)
*    12+    3                           -0.2488       -0.2614             5.05%
*    14+    2                           -0.2524       -0.2614             3.56%
*   342   138      integral     0       -0.2536       -0.2579     5629    1.70%

Flow cuts applied:  6
Mixed integer rounding cuts applied:  6
User cuts applied:  21

Root node processing (before b&c):
  Real time             =    0.11 sec. (72.18 ticks)
Parallel b&c, 4 threads:
  Real time             =    0.36 sec. (151.12 ticks)
  Sync time (average)   =    0.05 sec.
  Wait time (average)   =    0.00 sec.
                          ------------
Total (root+branch&cut) =    0.47 sec. (223.30 ticks)
