Version identifier: 22.2.0.0 | 2026-05-04 | 5dff98e58
CPXPARAM_Read_DataCheck                          1
CPXPARAM_Threads                                 4
CPXPARAM_Parallel                                1
CPXPARAM_RandomSeed                              20260925
CPXPARAM_MIP_Strategy_Search                     1
CPXPARAM_Simplex_Tolerances_Optimality           1.0000000000000001e-09
CPXPARAM_Simplex_Tolerances_Feasibility          1.0000000000000001e-09
CPXPARAM_TimeLimit                               600
CPXPARAM_MIP_Tolerances_AbsMIPGap                1.0000000000000001e-09
CPXPARAM_MIP_Tolerances_Integrality              1.0000000000000001e-09
Legacy callback                                  iLUD
Lazy constraint(s) or lazy constraint/branch callback is present.
    Disabling dual reductions (CPX_PARAM_REDUCE) in presolve.
    Disabling presolve reductions that prevent crushing forms (CPX_PARAM_PREREFORM).
         Disabling repeat represolve because of lazy constraint/incumbent callback.
Warning: Effort level 'CheckFeas' is incompatible with lazy constraint/incumbent callback.
         Effort level increased to 'SolveFixed'.
1 of 1 MIP starts provided solutions.
MIP start 'm1' defined initial solution with objective 0.1504.
Tried aggregator 1 time.
MIP Presolve eliminated 42 rows and 0 columns.
MIP Presolve modified 218 coefficients.
Reduced MIP has 315 rows, 362 columns, and 3427 nonzeros.
Reduced MIP has 174 binaries, 0 generals, 0 SOSs, and 0 indicators.
Presolve time = 0.00 sec. (1.60 ticks)
Probing time = 0.00 sec. (0.14 ticks)
MIP emphasis: balance optimality and feasibility.
MIP search method: traditional branch-and-cut.
Parallel mode: deterministic, using up to 4 threads.
Root relaxation solution time = 0.02 sec. (6.80 ticks)

        Nodes                                         Cuts/
   Node  Left     Objective  IInf  Best Integer    Best Bound    ItCnt     Gap         Variable B NodeID Parent  Depth

*     0+    0                            0.1504        0.0000           100.00%
      0     0        0.1349    24        0.1504        0.1349      389   10.29%
      0     0        0.1381    29        0.1504      Cuts: 10      452    8.19%
      0     0        0.1397    31        0.1504    MIRcuts: 2      480    7.13%
      0     0        0.1397    30        0.1504   Flowcuts: 1      486    7.07%
      0     2        0.1397    30        0.1504        0.1397      486    7.07%                        0             0
Elapsed time = 0.08 sec. (51.76 ticks, tree = 0.02 MB, solutions = 1)
*     7+    2                            0.1501        0.1403             6.50%
*   471+   92                            0.1499        0.1440             3.94%

Cover cuts applied:  1
Flow cuts applied:  3
Mixed integer rounding cuts applied:  8

Root node processing (before b&c):
  Real time             =    0.08 sec. (51.52 ticks)
Parallel b&c, 4 threads:
  Real time             =    0.33 sec. (191.03 ticks)
  Sync time (average)   =    0.03 sec.
  Wait time (average)   =    0.00 sec.
                          ------------
Total (root+branch&cut) =    0.41 sec. (242.55 ticks)
