Version identifier: 22.2.0.0 | 2026-05-04 | 5dff98e58
CPXPARAM_Read_DataCheck                          1
CPXPARAM_Threads                                 4
CPXPARAM_Parallel                                1
CPXPARAM_RandomSeed                              20260925
CPXPARAM_Simplex_Tolerances_Optimality           1.0000000000000001e-09
CPXPARAM_Simplex_Tolerances_Feasibility          1.0000000000000001e-09
CPXPARAM_TimeLimit                               600
CPXPARAM_MIP_Tolerances_AbsMIPGap                1.0000000000000001e-09
CPXPARAM_MIP_Tolerances_Integrality              1.0000000000000001e-09
Legacy callback                                  i
2 of 3 MIP starts provided solutions.
MIP start 'm1' defined initial solution with objective 0.1500.
Tried aggregator 1 time.
MIP Presolve eliminated 40 rows and 4 columns.
MIP Presolve modified 504 coefficients.
Reduced MIP has 663 rows, 708 columns, and 5706 nonzeros.
Reduced MIP has 174 binaries, 0 generals, 0 SOSs, and 0 indicators.
Presolve time = 0.00 sec. (2.28 ticks)
Probing time = 0.00 sec. (0.17 ticks)
Tried aggregator 1 time.
Detecting symmetries...
Reduced MIP has 663 rows, 708 columns, and 5706 nonzeros.
Reduced MIP has 174 binaries, 0 generals, 0 SOSs, and 0 indicators.
Presolve time = 0.00 sec. (2.25 ticks)
Probing time = 0.00 sec. (0.17 ticks)
MIP emphasis: balance optimality and feasibility.
MIP search method: dynamic search.
Parallel mode: deterministic, using up to 4 threads.
Root relaxation solution time = 0.02 sec. (8.56 ticks)

        Nodes                                         Cuts/
   Node  Left     Objective  IInf  Best Integer    Best Bound    ItCnt     Gap

*     0+    0                            0.1500        0.0000           100.00%
      0     0        0.1303    27        0.1500        0.1303      378   13.16%
      0     0        0.1305    39        0.1500      Cuts: 35      527   13.03%
      0     0        0.1306    46        0.1500      Cuts: 37      639   12.93%
      0     0        0.1306    55        0.1500   MIRcuts: 38      766   12.92%
      0     0        0.1309    55        0.1500      Cuts: 31     1054   12.72%
      0     0        0.1310    57        0.1500   MIRcuts: 24     1132   12.69%
Detecting symmetries...
      0     0        0.1311    53        0.1500   MIRcuts: 22     1210   12.59%
      0     0        0.1312    52        0.1500   MIRcuts: 21     1274   12.53%
      0     0        0.1315    53        0.1500   MIRcuts: 18     1376   12.35%
      0     0        0.1316    59        0.1500   MIRcuts: 15     1444   12.25%
      0     0        0.1317    62        0.1500   MIRcuts: 16     1519   12.20%
      0     0        0.1318    60        0.1500      Cuts: 19     1578   12.14%
      0     0        0.1318    61        0.1500    MIRcuts: 7     1610   12.11%
*     0+    0                            0.1498        0.1318            11.97%
      0     0        0.1319    66        0.1498   MIRcuts: 12     1665   11.91%
      0     0        0.1320    67        0.1498    MIRcuts: 7     1715   11.86%
Detecting symmetries...
      0     2        0.1320    67        0.1498        0.1320     1715   11.86%
Elapsed time = 0.41 sec. (388.92 ticks, tree = 0.02 MB, solutions = 3)
    146   103        0.1330    54        0.1498        0.1325    17437   11.53%
    386   227        0.1340    46        0.1498        0.1330    29739   11.22%
    659   478        0.1364    34        0.1498        0.1335    42497   10.84%
    914   676        0.1443    27        0.1498        0.1336    56239   10.77%
   1250   932        0.1340    41        0.1498        0.1337    73387   10.74%
   1595  1208        0.1443    29        0.1498        0.1340    88533   10.54%
   1934  1455        0.1353    27        0.1498        0.1341   105190   10.47%
   2212  1682        0.1376    29        0.1498        0.1343   125912   10.34%
   2482  1909        0.1459    26        0.1498        0.1344   141840   10.26%

Performing restart 1

Repeating presolve.
Tried aggregator 1 time.
MIP Presolve modified 168 coefficients.
Reduced MIP has 663 rows, 708 columns, and 5658 nonzeros.
Reduced MIP has 174 binaries, 0 generals, 0 SOSs, and 0 indicators.
Presolve time = 0.00 sec. (2.55 ticks)
Tried aggregator 1 time.
Reduced MIP has 663 rows, 708 columns, and 5658 nonzeros.
Reduced MIP has 174 binaries, 0 generals, 0 SOSs, and 0 indicators.
Presolve time = 0.00 sec. (2.26 ticks)
Represolve time = 0.00 sec. (9.83 ticks)
   2489     0        0.1323    63        0.1498      Cuts: 16   148118   10.23%
   2489     0        0.1326    70        0.1498       Cuts: 9   148239   10.23%
   2489     0        0.1330    62        0.1498   MIRcuts: 15   148350   10.23%
   2489     0        0.1331    59        0.1498   MIRcuts: 10   148410   10.23%
   2489     0        0.1335    60        0.1498      Cuts: 13   148557   10.23%
   2489     0        0.1336    71        0.1498       Cuts: 8   148651   10.23%
   2489     0        0.1338    66        0.1498   MIRcuts: 13   148757   10.23%
   2489     0        0.1340    62        0.1498   MIRcuts: 13   148855   10.23%
   2489     0        0.1340    67        0.1498       Cuts: 5   148906   10.23%
   2489     0        0.1341    59        0.1498    MIRcuts: 5   148959   10.23%
   2489     0        0.1342    55        0.1498    MIRcuts: 4   149043   10.23%
   2489     0        0.1344    60        0.1498       Cuts: 8   149100   10.23%
   2489     0        0.1344    62        0.1498       Cuts: 4   149137   10.23%
   2489     0        0.1347    62        0.1498    MIRcuts: 5   149202   10.04%
   2489     0        0.1348    60        0.1498    MIRcuts: 2   149248    9.99%
   2489     0        0.1348    61        0.1498    MIRcuts: 5   149272    9.98%
   2489     0        0.1349    63        0.1498    MIRcuts: 3   149322    9.92%
   2489     0        0.1350    60        0.1498       Cuts: 4   149382    9.86%
   2489     0        0.1351    61        0.1498       Cuts: 7   149435    9.81%
   2489     0        0.1352    67        0.1498       Cuts: 7   149482    9.72%
   2489     2        0.1352    67        0.1498        0.1352   149482    9.72%
Elapsed time = 5.34 sec. (6048.52 ticks, tree = 0.02 MB, solutions = 3)
   3028   377        0.1370    48        0.1498        0.1362   185773    9.09%
   4023  1225        cutoff              0.1498        0.1367   240211    8.73%
   5028  1946        0.1399    48        0.1498        0.1370   288949    8.55%
   6050  2790        0.1435    46        0.1498        0.1372   348521    8.36%
   6945  3498        cutoff              0.1498        0.1375   404434    8.20%
   7949  4303        0.1399    53        0.1498        0.1378   460920    8.00%
   8631  4765        0.1429    56        0.1498        0.1380   514385    7.86%
   9237  5181        0.1437    26        0.1498        0.1382   565438    7.73%
   9833  5587        0.1426    55        0.1498        0.1383   617205    7.63%
  10474  6010        cutoff              0.1498        0.1385   673635    7.53%
Elapsed time = 13.41 sec. (15593.47 ticks, tree = 26.01 MB, solutions = 3)
  10996  6384        cutoff              0.1498        0.1386   725269    7.45%
  11690  6794        0.1474    49        0.1498        0.1387   776778    7.36%
  12280  7209        0.1473    53        0.1498        0.1389   826682    7.27%
  12818  7472        0.1490    51        0.1498        0.1390   877564    7.20%
  13436  7869        0.1490    41        0.1498        0.1391   943419    7.10%
  13997  8305        0.1461    57        0.1498        0.1393  1005061    7.01%
  14640  8611        0.1472    56        0.1498        0.1394  1049742    6.92%
  15145  8945        0.1467    52        0.1498        0.1395  1111830    6.83%
  15714  9260        0.1486    48        0.1498        0.1396  1168181    6.76%
  16238  9497        0.1433    46        0.1498        0.1398  1213598    6.68%
Elapsed time = 21.20 sec. (25143.99 ticks, tree = 40.75 MB, solutions = 3)
  16773  9791        0.1477    59        0.1498        0.1399  1271977    6.61%
  17284 10054        0.1465    50        0.1498        0.1400  1327289    6.53%
  17730 10308        0.1429    49        0.1498        0.1400  1377072    6.49%
  18223 10603        0.1447    33        0.1498        0.1402  1442541    6.39%
  18795 10876        0.1483    37        0.1498        0.1403  1496163    6.31%
  19323 11165        0.1476    40        0.1498        0.1404  1551240    6.24%
  19782 11366        0.1461    47        0.1498        0.1405  1599237    6.16%
  20307 11587        0.1454    42        0.1498        0.1407  1654334    6.07%
  20859 11840        0.1447    54        0.1498        0.1408  1714030    6.00%
  21416 12116        0.1471    51        0.1498        0.1408  1758605    5.95%
Elapsed time = 28.91 sec. (34707.00 ticks, tree = 50.31 MB, solutions = 3)
  22057 12559        0.1472    37        0.1498        0.1410  1831330    5.88%
  22663 12770        cutoff              0.1498        0.1410  1867507    5.83%
  23307 13215        0.1454    38        0.1498        0.1411  1932145    5.75%
  23842 13507        0.1418    62        0.1498        0.1412  1975449    5.70%
  24410 13868        0.1477    53        0.1498        0.1413  2046259    5.63%
  25049 14142        0.1469    65        0.1498        0.1414  2084808    5.57%
  25646 14530        0.1469    58        0.1498        0.1415  2158807    5.51%
  26246 14878        0.1440    59        0.1498        0.1416  2221276    5.47%
  26721 15195        0.1446    54        0.1498        0.1416  2271179    5.42%
  26979 15379        0.1481    61        0.1498        0.1416  2303110    5.42%
Elapsed time = 37.02 sec. (44262.57 ticks, tree = 65.30 MB, solutions = 3)
  27235 15443        cutoff              0.1498        0.1416  2323362    5.42%
  27587 15656        0.1496    43        0.1498        0.1416  2361613    5.42%
  27890 15743        0.1444    56        0.1498        0.1416  2382263    5.42%
  28245 15953        0.1466    72        0.1498        0.1416  2414525    5.42%
  28544 16189        0.1443    42        0.1498        0.1416  2445304    5.42%
  28897 16284        0.1453    47        0.1498        0.1416  2460277    5.42%
  29358 16649        0.1482    52        0.1498        0.1416  2508440    5.42%
  29805 16787        0.1456    48        0.1498        0.1416  2547442    5.42%
  30327 17099        0.1440    42        0.1498        0.1421  2609438    5.13%
  30918 17226        cutoff              0.1498        0.1421  2640925    5.10%
Elapsed time = 45.31 sec. (53837.69 ticks, tree = 72.11 MB, solutions = 3)
  31449 17538        0.1491    48        0.1498        0.1422  2707187    5.04%
  31987 17772        cutoff              0.1498        0.1423  2760090    4.98%
  32550 17951        0.1467    49        0.1498        0.1424  2797157    4.93%
  33115 18283        0.1448    39        0.1498        0.1425  2867911    4.88%
  33742 18622        cutoff              0.1498        0.1425  2927735    4.84%
  34339 18840        0.1447    43        0.1498        0.1426  2977747    4.81%
  34834 19016        0.1458    43        0.1498        0.1426  3013722    4.76%
  35280 19208        0.1473    54        0.1498        0.1427  3066664    4.72%
  35758 19362        0.1453    55        0.1498        0.1427  3131388    4.69%
  36243 19497        0.1487    49        0.1498        0.1428  3171914    4.67%
Elapsed time = 53.05 sec. (63405.94 ticks, tree = 81.70 MB, solutions = 3)
  36683 19603        0.1479    66        0.1498        0.1428  3221583    4.62%
  37083 19719        0.1442    44        0.1498        0.1429  3272678    4.58%
  37555 19815        0.1476    64        0.1498        0.1430  3330201    4.55%
  38013 20026        0.1476    66        0.1498        0.1430  3397549    4.51%
  38452 20073        0.1482    52        0.1498        0.1431  3433422    4.46%
  38932 20243        0.1467    56        0.1498        0.1431  3506285    4.43%
  39360 20370        0.1472    44        0.1498        0.1432  3564662    4.39%
  39830 20497        0.1479    56        0.1498        0.1432  3615762    4.36%
  40289 20511        0.1494    48        0.1498        0.1433  3638085    4.32%
  40834 20747        0.1468    43        0.1498        0.1433  3715200    4.28%
Elapsed time = 60.56 sec. (72953.36 ticks, tree = 86.60 MB, solutions = 3)
  41295 20837        0.1453    42        0.1498        0.1434  3746406    4.24%
  41761 20960        0.1477    46        0.1498        0.1435  3808083    4.20%
  42276 21111        0.1473    43        0.1498        0.1435  3877554    4.17%
  42784 21286        0.1494    56        0.1498        0.1436  3943080    4.14%
  43217 21371        cutoff              0.1498        0.1436  3982776    4.10%
  43732 21602        cutoff              0.1498        0.1437  4052996    4.06%
  44228 21701        0.1483    59        0.1498        0.1437  4103644    4.03%
  44751 21774        cutoff              0.1498        0.1438  4134320    4.00%
  45232 21926        cutoff              0.1498        0.1438  4211162    3.97%
  45785 22027        0.1480    54        0.1498        0.1439  4241604    3.94%
Elapsed time = 68.28 sec. (82534.76 ticks, tree = 91.10 MB, solutions = 3)
  46274 22179        0.1481    64        0.1498        0.1439  4285453    3.91%
  46719 22271        0.1485    56        0.1498        0.1440  4369970    3.88%
  47210 22349    infeasible              0.1498        0.1440  4408395    3.84%
  47700 22443        0.1495    53        0.1498        0.1441  4439565    3.81%
  48149 22496        0.1496    41        0.1498        0.1441  4501425    3.79%
  48682 22610        0.1489    48        0.1498        0.1441  4556560    3.77%
  49205 22686        0.1465    56        0.1498        0.1442  4601327    3.74%
  49663 22865        0.1492    49        0.1498        0.1442  4685644    3.71%
  50155 22908        0.1464    62        0.1498        0.1443  4736955    3.68%
  52342 23396        cutoff              0.1498        0.1444  4943012    3.55%
Elapsed time = 78.50 sec. (94949.87 ticks, tree = 96.34 MB, solutions = 3)
  54582 23580        0.1475    41        0.1498        0.1446  5131860    3.44%
  56591 23637        0.1491    45        0.1498        0.1448  5385031    3.33%
  58672 23787        0.1491    39        0.1498        0.1450  5595002    3.21%
  60690 23910        0.1463    39        0.1498        0.1451  5793542    3.11%
  62897 24048        0.1476    39        0.1498        0.1453  5984722    3.00%
  65051 24255        0.1478    42        0.1498        0.1454  6217593    2.89%
  67315 24251        cutoff              0.1498        0.1456  6422390    2.79%
  69529 24215        0.1488    60        0.1498        0.1457  6637855    2.69%
  71823 23969        0.1481    56        0.1498        0.1459  6832912    2.58%
  74130 23616        cutoff              0.1498        0.1461  7056788    2.46%
Elapsed time = 109.67 sec. (133121.36 ticks, tree = 97.50 MB, solutions = 3)
  76450 23083        cutoff              0.1498        0.1463  7289418    2.33%
  78878 22543        0.1470    23        0.1498        0.1465  7483094    2.21%
  81448 21796        0.1470    21        0.1498        0.1467  7681425    2.08%
  84055 20882        cutoff              0.1498        0.1468  7877796    1.95%
  86798 19758        cutoff              0.1498        0.1471  8117354    1.81%
  89563 18553        cutoff              0.1498        0.1473  8310425    1.67%
  92692 17112        cutoff              0.1498        0.1475  8506776    1.50%
  96105 14930        cutoff              0.1498        0.1478  8715931    1.28%
  99885 12189        cutoff              0.1498        0.1482  8939454    1.04%
 105123  7446        cutoff              0.1498        0.1488  9154316    0.65%
Elapsed time = 139.59 sec. (171277.95 ticks, tree = 28.34 MB, solutions = 3)

Cover cuts applied:  7
Flow cuts applied:  5
Mixed integer rounding cuts applied:  215
Lift and project cuts applied:  6

Root node processing (before b&c):
  Real time             =    0.41 sec. (388.41 ticks)
Parallel b&c, 4 threads:
  Real time             =  141.81 sec. (173983.85 ticks)
  Sync time (average)   =    4.91 sec.
  Wait time (average)   =    0.00 sec.
                          ------------
Total (root+branch&cut) =  142.22 sec. (174372.25 ticks)
