Version identifier: 22.2.0.0 | 2026-05-04 | 5dff98e58
CPXPARAM_Read_DataCheck                          1
CPXPARAM_Threads                                 4
CPXPARAM_Parallel                                1
CPXPARAM_RandomSeed                              20260925
CPXPARAM_Simplex_Tolerances_Optimality           1.0000000000000001e-09
CPXPARAM_Simplex_Tolerances_Feasibility          1.0000000000000001e-09
CPXPARAM_TimeLimit                               600
CPXPARAM_MIP_Tolerances_AbsMIPGap                1.0000000000000001e-09
CPXPARAM_MIP_Tolerances_Integrality              1.0000000000000001e-09
Legacy callback                                  i
1 of 2 MIP starts provided solutions.
MIP start 'm1' defined initial solution with objective 0.0000.
Tried aggregator 1 time.
MIP Presolve eliminated 40 rows and 4 columns.
MIP Presolve modified 504 coefficients.
Reduced MIP has 662 rows, 708 columns, and 5694 nonzeros.
Reduced MIP has 174 binaries, 0 generals, 0 SOSs, and 0 indicators.
Presolve time = 0.02 sec. (2.27 ticks)
Probing time = 0.00 sec. (0.17 ticks)
Tried aggregator 1 time.
Detecting symmetries...
Reduced MIP has 662 rows, 708 columns, and 5694 nonzeros.
Reduced MIP has 174 binaries, 0 generals, 0 SOSs, and 0 indicators.
Presolve time = 0.00 sec. (2.27 ticks)
Probing time = 0.00 sec. (0.17 ticks)
MIP emphasis: balance optimality and feasibility.
MIP search method: dynamic search.
Parallel mode: deterministic, using up to 4 threads.
Root relaxation solution time = 0.02 sec. (22.89 ticks)

        Nodes                                         Cuts/
   Node  Left     Objective  IInf  Best Integer    Best Bound    ItCnt     Gap

*     0+    0                           -0.7786       -3.0000           285.32%
      0     0       -0.9919    36       -0.7786       -0.9919      946   27.40%
      0     0       -0.9919    52       -0.7786      Cuts: 56     1469   27.40%
*     0+    0                           -0.7786       -0.9919            27.40%
      0     0       -0.9737    66       -0.7786      Cuts: 44     2237   25.06%
      0     0       -0.9714    58       -0.7786   MIRcuts: 39     2865   24.77%
      0     0       -0.9611    69       -0.7786   MIRcuts: 29     3458   23.45%
      0     0       -0.9592    75       -0.7786   MIRcuts: 39     3936   22.63%
Detecting symmetries...
      0     0       -0.9569    81       -0.7786   MIRcuts: 26     4722   22.63%
      0     0       -0.9504    85       -0.7786   MIRcuts: 29     4929   20.34%
      0     0       -0.9442    80       -0.7786   MIRcuts: 26     5206   20.34%
      0     0       -0.9415    88       -0.7786   MIRcuts: 20     5388   20.34%
      0     0       -0.9350    91       -0.7786   MIRcuts: 24     5655   20.09%
      0     0       -0.9284    88       -0.7786   MIRcuts: 23     5935   18.28%
      0     0       -0.9246    97       -0.7786   MIRcuts: 25     6242   18.28%
      0     0       -0.9217   104       -0.7786   MIRcuts: 21     6447   18.28%
      0     0       -0.9181   101       -0.7786   MIRcuts: 15     6647   16.11%
      0     0       -0.9162    99       -0.7786    MIRcuts: 9     6776   16.11%
      0     0       -0.9146   105       -0.7786   MIRcuts: 16     6937   16.11%
      0     0       -0.9145   104       -0.7786    MIRcuts: 1     6957   16.11%
Detecting symmetries...
      0     2       -0.9145   104       -0.7786       -0.9040     6957   16.11%
Elapsed time = 0.98 sec. (1039.00 ticks, tree = 0.02 MB, solutions = 3)
     64    52       -0.8637    54       -0.7786       -0.9040    14364   16.11%
    141   108        cutoff             -0.7786       -0.9040    26592   16.11%
    232   159       -0.8907    70       -0.7786       -0.9040    37878   16.11%
    345   212       -0.8334    47       -0.7786       -0.9040    48439   16.11%
    444   314       -0.8632    65       -0.7786       -0.8991    64642   15.48%
    564   379       -0.8638    62       -0.7786       -0.8963    78514   15.12%
    678   465       -0.8164    40       -0.7786       -0.8942    96671   14.85%
    801   536       -0.8560    55       -0.7786       -0.8936   107034   14.78%
    919   639        cutoff             -0.7786       -0.8912   127612   14.46%
   1600  1116       -0.7924    50       -0.7786       -0.8856   193995   13.74%
Elapsed time = 3.86 sec. (4161.43 ticks, tree = 4.48 MB, solutions = 3)
   2329  1558       -0.8097    42       -0.7786       -0.8798   254209   13.00%

Performing restart 1

Repeating presolve.
Tried aggregator 1 time.
MIP Presolve modified 168 coefficients.
Reduced MIP has 662 rows, 708 columns, and 5646 nonzeros.
Reduced MIP has 174 binaries, 0 generals, 0 SOSs, and 0 indicators.
Presolve time = 0.02 sec. (2.55 ticks)
Tried aggregator 1 time.
Reduced MIP has 662 rows, 708 columns, and 5646 nonzeros.
Reduced MIP has 174 binaries, 0 generals, 0 SOSs, and 0 indicators.
Presolve time = 0.00 sec. (2.28 ticks)
Represolve time = 0.02 sec. (14.85 ticks)
   2461     0       -0.9057    91       -0.7786      Cuts: 16   280985   12.82%
   2461     0       -0.9006    90       -0.7786      Cuts: 29   281280   12.82%
   2461     0       -0.8965    92       -0.7786      Cuts: 35   281509   12.82%
   2461     0       -0.8950    86       -0.7786      Cuts: 15   281643   12.82%
   2461     0       -0.8947    86       -0.7786    MIRcuts: 8   281708   12.82%
   2461     0       -0.8898    87       -0.7786       Cuts: 8   281909   12.82%
   2461     0       -0.8877    91       -0.7786   MIRcuts: 15   282107   12.82%
   2461     0       -0.8862    85       -0.7786      Cuts: 22   282305   12.82%
   2461     0       -0.8856    85       -0.7786       Cuts: 7   282387   12.82%
   2461     0       -0.8856    92       -0.7786    MIRcuts: 4   282417   12.82%
   2461     0       -0.8854    90       -0.7786    MIRcuts: 3   282501   12.82%
   2461     2       -0.8854    90       -0.7786       -0.8784   282501   12.82%
   2641   138       -0.8013    60       -0.7786       -0.8784   314693   12.82%
   3111   469       -0.7842    22       -0.7786       -0.8680   354433   11.48%
   3605   877        cutoff             -0.7786       -0.8618   407752   10.70%
   4224  1272       -0.8036    48       -0.7786       -0.8583   458250   10.24%
   4807  1712       -0.8107    39       -0.7786       -0.8553   510418    9.85%
   5438  2216       -0.7975    42       -0.7786       -0.8514   577059    9.35%
   6094  2687       -0.8140    61       -0.7786       -0.8491   640713    9.06%
   6746  3092       -0.8107    34       -0.7786       -0.8464   697107    8.71%
Elapsed time = 13.45 sec. (15332.05 ticks, tree = 12.02 MB, solutions = 3)
   7435  3601       -0.8003    47       -0.7786       -0.8430   760642    8.28%
   8175  4071       -0.7829    40       -0.7786       -0.8411   814083    8.03%
   8834  4472       -0.8272    37       -0.7786       -0.8395   868283    7.83%
   9679  5075        cutoff             -0.7786       -0.8366   943120    7.45%
  10446  5613       -0.8001    41       -0.7786       -0.8348  1010773    7.23%
  11221  6137       -0.7874    53       -0.7786       -0.8337  1076523    7.08%
  12039  6538       -0.7995    46       -0.7786       -0.8325  1125702    6.93%
  12916  7148       -0.7854    57       -0.7786       -0.8310  1196599    6.74%
  13689  7602       -0.7891    38       -0.7786       -0.8296  1268607    6.55%
  14497  7982        cutoff             -0.7786       -0.8282  1318427    6.38%
Elapsed time = 21.36 sec. (24883.68 ticks, tree = 33.95 MB, solutions = 3)
  15119  8524       -0.8109    47       -0.7786       -0.8273  1396548    6.26%
  15524  8719       -0.8267    49       -0.7786       -0.8267  1437965    6.18%
  15953  9012        cutoff             -0.7786       -0.8267  1494307    6.18%
  16321  9201       -0.7915    57       -0.7786       -0.8263  1567032    6.14%
  16807  9289       -0.7955    51       -0.7786       -0.8257  1597447    6.06%
  17275  9559        cutoff             -0.7786       -0.8247  1672198    5.93%
  17719  9707       -0.7804    46       -0.7786       -0.8239  1734740    5.82%
  18217  9866       -0.7861    46       -0.7786       -0.8231  1790231    5.71%
  18647 10016        cutoff             -0.7786       -0.8220  1848041    5.58%
  19114 10197       -0.7974    64       -0.7786       -0.8212  1899605    5.47%
Elapsed time = 29.20 sec. (34449.15 ticks, tree = 43.36 MB, solutions = 3)
  19550 10336       -0.7810    42       -0.7786       -0.8205  1943963    5.39%
  20018 10432       -0.7837    42       -0.7786       -0.8198  2004684    5.29%
  20474 10578       -0.8012    66       -0.7786       -0.8193  2068195    5.23%
  20874 10664       -0.7813    50       -0.7786       -0.8187  2116045    5.15%
  21370 10809       -0.7789    52       -0.7786       -0.8182  2176883    5.09%
  21898 10979        cutoff             -0.7786       -0.8175  2233636    5.00%
  22353 11190       -0.7959    74       -0.7786       -0.8169  2292791    4.92%
  22896 11329       -0.7873    24       -0.7786       -0.8162  2344737    4.83%
  23327 11433       -0.7808    69       -0.7786       -0.8155  2385458    4.75%
  23783 11594       -0.7907    38       -0.7786       -0.8147  2446482    4.65%
Elapsed time = 37.31 sec. (44012.88 ticks, tree = 49.77 MB, solutions = 3)
  24257 11745       -0.7858    45       -0.7786       -0.8137  2527304    4.52%
  24661 11764       -0.7817    47       -0.7786       -0.8130  2561355    4.42%
  24938 11801       -0.7846    47       -0.7786       -0.8123  2636442    4.33%
  25200 11850        cutoff             -0.7786       -0.8114  2688315    4.22%
  25444 11943       -0.7814    44       -0.7786       -0.8107  2778944    4.13%
  25853 12017       -0.7858    65       -0.7786       -0.8107  2826074    4.12%
  26330 12084        cutoff             -0.7786       -0.8107  2870618    4.12%
  26637 12228       -0.7882    58       -0.7786       -0.8105  2938259    4.10%
  26859 12235       -0.7938    20       -0.7786       -0.8105  2967458    4.10%
  27086 12277        cutoff             -0.7786       -0.8105  2995777    4.10%
Elapsed time = 45.75 sec. (53590.25 ticks, tree = 53.40 MB, solutions = 3)
  27295 12228       -0.7930    54       -0.7786       -0.8105  3034620    4.10%
  27491 12250       -0.7894    27       -0.7786       -0.8105  3053009    4.10%
  27789 12221       -0.7842    49       -0.7786       -0.8105  3081341    4.10%
  28209 12253        cutoff             -0.7786       -0.8105  3130292    4.10%
  28551 12206       -0.7815    50       -0.7786       -0.8105  3160419    4.10%
  28947 12123        cutoff             -0.7786       -0.8075  3212537    3.72%
  29493 12112       -0.7872    56       -0.7786       -0.8067  3240281    3.61%
  29969 12030        cutoff             -0.7786       -0.8061  3296527    3.54%
  30409 11915        cutoff             -0.7786       -0.8051  3379849    3.41%
  30929 11828        cutoff             -0.7786       -0.8043  3426022    3.30%
Elapsed time = 53.94 sec. (63157.74 ticks, tree = 50.50 MB, solutions = 3)
  31386 11700        cutoff             -0.7786       -0.8034  3469698    3.19%
  31878 11494       -0.7798    55       -0.7786       -0.8025  3548713    3.07%
  32458 11290        cutoff             -0.7786       -0.8016  3610499    2.96%
  33054 11038        cutoff             -0.7786       -0.8002  3676558    2.78%
  33696 10682        cutoff             -0.7786       -0.7991  3736337    2.64%
  34341 10345        cutoff             -0.7786       -0.7978  3792607    2.47%
  34861 10065       -0.7894    46       -0.7786       -0.7970  3849605    2.37%
  35200  9998       -0.7838    40       -0.7786       -0.7964  3910211    2.29%
  35519 10004       -0.7790    49       -0.7786       -0.7958  3972294    2.22%
  35875 10013        cutoff             -0.7786       -0.7953  4021992    2.15%
Elapsed time = 62.08 sec. (72713.49 ticks, tree = 42.51 MB, solutions = 3)
  36469  9952        cutoff             -0.7786       -0.7947  4054544    2.07%
  37134  9351        cutoff             -0.7786       -0.7944  4155776    2.03%
  37820  8967        cutoff             -0.7786       -0.7935  4208976    1.92%
  38613  8311        cutoff             -0.7786       -0.7922  4270119    1.75%
  39490  7589        cutoff             -0.7786       -0.7908  4328538    1.57%
  40367  6997        cutoff             -0.7786       -0.7896  4368758    1.42%
  41326  6131        cutoff             -0.7786       -0.7883  4421687    1.25%
  42380  5209        cutoff             -0.7786       -0.7869  4469628    1.06%
  43689  4205        cutoff             -0.7786       -0.7851  4505376    0.84%
  45201  2701        cutoff             -0.7786       -0.7829  4542765    0.56%
Elapsed time = 70.59 sec. (82259.03 ticks, tree = 11.46 MB, solutions = 3)
  47027   903        cutoff             -0.7786       -0.7802  4569793    0.21%

Flow cuts applied:  1
Mixed integer rounding cuts applied:  204
Lift and project cuts applied:  14

Root node processing (before b&c):
  Real time             =    0.98 sec. (1038.08 ticks)
Parallel b&c, 4 threads:
  Real time             =   70.88 sec. (82519.88 ticks)
  Sync time (average)   =    2.80 sec.
  Wait time (average)   =    0.06 sec.
                          ------------
Total (root+branch&cut) =   71.86 sec. (83557.96 ticks)
