Version identifier: 22.2.0.0 | 2026-05-04 | 5dff98e58
CPXPARAM_Read_DataCheck                          1
CPXPARAM_Threads                                 4
CPXPARAM_Parallel                                1
CPXPARAM_RandomSeed                              20260925
CPXPARAM_MIP_Strategy_Search                     1
CPXPARAM_Simplex_Tolerances_Optimality           1.0000000000000001e-09
CPXPARAM_Simplex_Tolerances_Feasibility          1.0000000000000001e-09
CPXPARAM_TimeLimit                               600
CPXPARAM_MIP_Tolerances_AbsMIPGap                1.0000000000000001e-09
CPXPARAM_MIP_Tolerances_Integrality              1.0000000000000001e-09
Legacy callback                                  iLUD
Lazy constraint(s) or lazy constraint/branch callback is present.
    Disabling dual reductions (CPX_PARAM_REDUCE) in presolve.
    Disabling presolve reductions that prevent crushing forms (CPX_PARAM_PREREFORM).
         Disabling repeat represolve because of lazy constraint/incumbent callback.
Warning: Effort level 'CheckFeas' is incompatible with lazy constraint/incumbent callback.
         Effort level increased to 'SolveFixed'.
1 of 1 MIP starts provided solutions.
MIP start 'm1' defined initial solution with objective 0.0623.
Tried aggregator 1 time.
MIP Presolve eliminated 3107 rows and 0 columns.
Reduced MIP has 1469 rows, 2432 columns, and 13870 nonzeros.
Reduced MIP has 1200 binaries, 0 generals, 0 SOSs, and 0 indicators.
Presolve time = 0.02 sec. (11.42 ticks)
Probing time = 0.00 sec. (0.25 ticks)
MIP emphasis: balance optimality and feasibility.
MIP search method: traditional branch-and-cut.
Parallel mode: deterministic, using up to 4 threads.
Root relaxation solution time = 0.02 sec. (27.12 ticks)

        Nodes                                         Cuts/
   Node  Left     Objective  IInf  Best Integer    Best Bound    ItCnt     Gap         Variable B NodeID Parent  Depth

*     0+    0                            0.0623        0.0000           100.00%
      0     0        0.0522    10        0.0623        0.0522      857   16.28%
*     0+    0                            0.0565        0.0522             7.61%
*     0+    0                            0.0565        0.0522             7.61%
      0     0  -1.00000e+75     0        0.0565        0.0522      857    7.61%
      0     2        0.0522    10        0.0565        0.0522      857    7.61%                        0             0
Elapsed time = 0.28 sec. (131.14 ticks, tree = 0.02 MB, solutions = 3)
*    11+    2                            0.0565        0.0522             7.61%
*    11+    3                            0.0565        0.0522             7.61%
    213    98        0.0551    16        0.0565        0.0522     3602    7.59%            x749 U    145    137     27
*   312+  188                            0.0555        0.0522             5.91%
*   343+  227                            0.0553        0.0522             5.57%
*   371+  231                            0.0553        0.0524             5.29%
*   392+  229                            0.0553        0.0524             5.29%
*   497+  251                            0.0553        0.0526             4.80%
    504   263        0.0547    24        0.0553        0.0526    11034    4.80%            x600 U    519    515     11
*   699+  337                            0.0553        0.0530             4.06%
*   706+  336                            0.0553        0.0530             4.06%
    984   420        0.0552    25        0.0553        0.0538    20871    2.67%            x600 D   1047    676     12
*  1359+  282                            0.0553        0.0549             0.57%
   1820   179        cutoff              0.0553        0.0552    31571    0.14%            x588 D   1698   1694     17

Cover cuts applied:  10

Root node processing (before b&c):
  Real time             =    0.28 sec. (130.50 ticks)
Parallel b&c, 4 threads:
  Real time             =    2.91 sec. (1030.39 ticks)
  Sync time (average)   =    0.25 sec.
  Wait time (average)   =    0.00 sec.
                          ------------
Total (root+branch&cut) =    3.19 sec. (1160.89 ticks)
