Version identifier: 22.2.0.0 | 2026-05-04 | 5dff98e58
CPXPARAM_Read_DataCheck                          1
CPXPARAM_Threads                                 4
CPXPARAM_Parallel                                1
CPXPARAM_RandomSeed                              20260925
CPXPARAM_Simplex_Tolerances_Optimality           1.0000000000000001e-09
CPXPARAM_Simplex_Tolerances_Feasibility          1.0000000000000001e-09
CPXPARAM_TimeLimit                               600
CPXPARAM_MIP_Tolerances_AbsMIPGap                1.0000000000000001e-09
CPXPARAM_MIP_Tolerances_Integrality              1.0000000000000001e-09
Legacy callback                                  i
Found incumbent of value 0.000000 after 0.00 sec. (0.16 ticks)
Tried aggregator 1 time.
MIP Presolve eliminated 3106 rows and 1 columns.
MIP Presolve modified 3168 coefficients.
Reduced MIP has 3887 rows, 4831 columns, and 37995 nonzeros.
Reduced MIP has 1200 binaries, 0 generals, 0 SOSs, and 0 indicators.
Presolve time = 0.03 sec. (31.31 ticks)
Probing time = 0.00 sec. (0.57 ticks)
Tried aggregator 1 time.
Detecting symmetries...
MIP Presolve modified 120 coefficients.
Reduced MIP has 3887 rows, 4831 columns, and 37995 nonzeros.
Reduced MIP has 1200 binaries, 0 generals, 0 SOSs, and 0 indicators.
Presolve time = 0.03 sec. (26.24 ticks)
Probing time = 0.00 sec. (0.65 ticks)
MIP emphasis: balance optimality and feasibility.
MIP search method: dynamic search.
Parallel mode: deterministic, using up to 4 threads.
Root relaxation solution time = 0.08 sec. (85.44 ticks)

        Nodes                                         Cuts/
   Node  Left     Objective  IInf  Best Integer    Best Bound    ItCnt     Gap

*     0+    0                            0.0000       -1.0000              --- 
      0     0       -0.2361    33        0.0000       -0.2361     1883     --- 
*     0+    0                           -0.1500       -0.2361            57.41%
*     0+    0                           -0.2250       -0.2361             4.94%
      0     0       -0.2361    35       -0.2250   MIRcuts: 46     2783    4.94%
      0     0       -0.2361    45       -0.2250      Cuts: 20     3631    4.94%
*     0+    0                           -0.2278       -0.2361             3.66%
      0     0  -1.00000e+75     0       -0.2278       -0.2361     3631    3.66%
      0     2       -0.2361    25       -0.2278       -0.2361     3631    3.66%
Elapsed time = 2.36 sec. (2253.17 ticks, tree = 0.02 MB, solutions = 4)
      9     9       -0.2340    38       -0.2278       -0.2361     8493    3.66%
     19    17       -0.2361    18       -0.2278       -0.2361    18285    3.66%
     43    33       -0.2333    20       -0.2278       -0.2361    26690    3.66%
     53    51       -0.2324    31       -0.2278       -0.2361    34600    3.66%
     70    65       -0.2340    31       -0.2278       -0.2361    43199    3.66%
     90    68       -0.2340    34       -0.2278       -0.2361    43533    3.66%
    117    95       -0.2319    35       -0.2278       -0.2361    53544    3.66%
    175   132       -0.2333    33       -0.2278       -0.2361    59425    3.66%
    213   150       -0.2361    21       -0.2278       -0.2361    62692    3.66%
*   290   211      integral     0       -0.2306       -0.2361    80412    2.41%
    369   187       -0.2333    21       -0.2306       -0.2361    90387    2.41%
Elapsed time = 5.83 sec. (5525.15 ticks, tree = 2.85 MB, solutions = 5)
    560   263       -0.2361    11       -0.2306       -0.2361   112024    2.41%
    739   390       -0.2333    17       -0.2306       -0.2361   144196    2.41%
    933   448       -0.2346    22       -0.2306       -0.2361   168683    2.41%
   1162   533       -0.2333    18       -0.2306       -0.2361   194640    2.41%
   1437   677       -0.2332    29       -0.2306       -0.2361   220617    2.41%
   1698   831       -0.2333    30       -0.2306       -0.2361   246687    2.41%
   1898   985       -0.2361    26       -0.2306       -0.2361   276176    2.41%
   2115  1096       -0.2317    25       -0.2306       -0.2361   300704    2.41%
   2287  1219       -0.2319    27       -0.2306       -0.2361   334070    2.41%
   2484  1289       -0.2312    36       -0.2306       -0.2361   356286    2.41%
Elapsed time = 15.12 sec. (15118.40 ticks, tree = 37.13 MB, solutions = 5)
   2623  1334       -0.2322    21       -0.2306       -0.2361   374010    2.41%
   2895  1400       -0.2317    35       -0.2306       -0.2361   395851    2.41%
   3148  1423       -0.2313    13       -0.2306       -0.2361   414259    2.41%
   3406  1450       -0.2333    27       -0.2306       -0.2361   433458    2.41%
   3613  1548       -0.2319    42       -0.2306       -0.2361   454728    2.41%
   3778  1623       -0.2319    22       -0.2306       -0.2361   469886    2.41%
   3979  1709       -0.2340    34       -0.2306       -0.2340   486072    1.51%
   4199  1835       -0.2316    27       -0.2306       -0.2340   509245    1.51%
   4410  1904       -0.2321    25       -0.2306       -0.2340   528105    1.51%
   4648  2048       -0.2333    27       -0.2306       -0.2340   561225    1.51%
Elapsed time = 23.36 sec. (24699.64 ticks, tree = 56.86 MB, solutions = 5)
   4885  2143       -0.2316    29       -0.2306       -0.2340   584808    1.51%
   5154  2259       -0.2340    46       -0.2306       -0.2340   608198    1.51%

Performing restart 1

Repeating presolve.
Tried aggregator 1 time.
MIP Presolve modified 30 coefficients.
Reduced MIP has 3887 rows, 4831 columns, and 37995 nonzeros.
Reduced MIP has 1200 binaries, 0 generals, 0 SOSs, and 0 indicators.
Presolve time = 0.00 sec. (11.47 ticks)
Tried aggregator 1 time.
Reduced MIP has 3887 rows, 4831 columns, and 37995 nonzeros.
Reduced MIP has 1200 binaries, 0 generals, 0 SOSs, and 0 indicators.
Presolve time = 0.02 sec. (26.28 ticks)
Represolve time = 0.03 sec. (45.04 ticks)
   5227     0       -0.2361    41       -0.2306   MIRcuts: 34   632826    1.51%
   5227     0       -0.2361    59       -0.2306      Cuts: 21   633355    1.51%
   5227     0       -0.2361    32       -0.2306    MIRcuts: 8   633746    1.51%
   5227     0       -0.2361    32       -0.2306      Cuts: 17   634153    1.51%
   5227     0       -0.2361    22       -0.2306      Cuts: 22   634901    1.51%
   5227     0       -0.2361    31       -0.2306       Cuts: 8   635406    1.51%
   5227     0       -0.2361    22       -0.2306    MIRcuts: 9   635579    1.51%
   5227     0       -0.2361    28       -0.2306       Cuts: 7   635646    1.51%
   5227     2       -0.2361    17       -0.2306       -0.2340   635646    1.51%
   5235     8       -0.2361    21       -0.2306       -0.2340   640620    1.51%
   5258    28       -0.2333    34       -0.2306       -0.2340   657997    1.51%
   5318    63       -0.2324    29       -0.2306       -0.2340   673621    1.51%
   5416    92        cutoff             -0.2306       -0.2340   689480    1.51%
   5568   128       -0.2319    26       -0.2306       -0.2340   707673    1.51%
   5771   218       -0.2316    34       -0.2306       -0.2340   729806    1.51%
   5972   292       -0.2312    34       -0.2306       -0.2340   752675    1.51%
Elapsed time = 39.94 sec. (43200.23 ticks, tree = 6.40 MB, solutions = 5)
   6170   358       -0.2322    28       -0.2306       -0.2333   771495    1.20%
   6365   447       -0.2316    20       -0.2306       -0.2333   801717    1.20%
   6526   480        cutoff             -0.2306       -0.2333   821090    1.20%
   6632   536       -0.2322    27       -0.2306       -0.2333   847782    1.20%
   6841   616       -0.2316    35       -0.2306       -0.2333   871095    1.20%
   7038   679       -0.2313    37       -0.2306       -0.2333   899986    1.20%
   7194   716       -0.2319    19       -0.2306       -0.2333   916537    1.20%
   7400   738       -0.2333    22       -0.2306       -0.2333   937535    1.20%
   7593   813       -0.2333    20       -0.2306       -0.2333   967538    1.20%
   7819   854        cutoff             -0.2306       -0.2333   988436    1.20%
Elapsed time = 48.88 sec. (52841.06 ticks, tree = 23.42 MB, solutions = 5)
   8009   889       -0.2333    25       -0.2306       -0.2333  1010143    1.20%
   8177   941        cutoff             -0.2306       -0.2333  1038372    1.20%
   8381   973        cutoff             -0.2306       -0.2333  1062492    1.20%
   8616  1036       -0.2333    25       -0.2306       -0.2333  1080002    1.20%
   8821  1089       -0.2333    23       -0.2306       -0.2333  1105133    1.20%
   8956  1113       -0.2333    34       -0.2306       -0.2333  1120142    1.20%
   9117  1166       -0.2315    32       -0.2306       -0.2333  1144201    1.20%
   9303  1216        cutoff             -0.2306       -0.2333  1160617    1.20%
   9529  1316       -0.2318    28       -0.2306       -0.2333  1185352    1.20%
   9698  1394       -0.2314    23       -0.2306       -0.2333  1207969    1.20%
Elapsed time = 57.33 sec. (62436.50 ticks, tree = 39.27 MB, solutions = 5)
   9849  1444       -0.2333    32       -0.2306       -0.2333  1236456    1.20%
  10032  1459       -0.2332    29       -0.2306       -0.2333  1254436    1.20%
  10208  1481        cutoff             -0.2306       -0.2333  1271350    1.20%
  10406  1571       -0.2325    31       -0.2306       -0.2333  1297797    1.20%
  10606  1616       -0.2333    28       -0.2306       -0.2333  1318934    1.20%
  10757  1667        cutoff             -0.2306       -0.2333  1348157    1.20%
  11042  1708       -0.2324    21       -0.2306       -0.2333  1377276    1.20%
  11280  1744        cutoff             -0.2306       -0.2333  1395688    1.20%
  11469  1806       -0.2315    25       -0.2306       -0.2333  1435920    1.20%
  11620  1859       -0.2314    30       -0.2306       -0.2333  1462387    1.20%
Elapsed time = 65.19 sec. (72039.41 ticks, tree = 53.16 MB, solutions = 5)
  11747  1880       -0.2309    48       -0.2306       -0.2333  1479011    1.20%
  11954  1909       -0.2317    30       -0.2306       -0.2333  1497296    1.20%
  12167  1937       -0.2333    37       -0.2306       -0.2333  1525046    1.20%
  12347  1961       -0.2314    36       -0.2306       -0.2333  1543678    1.20%
  12512  1992       -0.2333    48       -0.2306       -0.2333  1560695    1.20%
  12664  2030       -0.2333    29       -0.2306       -0.2333  1593340    1.20%
  12841  2045       -0.2333    41       -0.2306       -0.2333  1601480    1.20%
  13036  2132       -0.2311    31       -0.2306       -0.2333  1644607    1.20%
  13295  2176       -0.2316    32       -0.2306       -0.2333  1661016    1.20%
  13513  2277       -0.2319    36       -0.2306       -0.2333  1701234    1.20%
Elapsed time = 73.58 sec. (81633.37 ticks, tree = 65.46 MB, solutions = 5)
  13759  2319       -0.2313    37       -0.2306       -0.2333  1711294    1.20%
  14015  2421       -0.2315    26       -0.2306       -0.2333  1750289    1.20%
  14279  2474       -0.2333    39       -0.2306       -0.2333  1768913    1.20%
  14527  2560       -0.2323    33       -0.2306       -0.2333  1801207    1.20%
  14730  2601       -0.2319    37       -0.2306       -0.2333  1820345    1.20%
  14956  2612       -0.2333    39       -0.2306       -0.2333  1841195    1.20%
  15179  2728       -0.2313    34       -0.2306       -0.2333  1897011    1.20%
  15382  2723        cutoff             -0.2306       -0.2333  1893643    1.20%
  15533  2782       -0.2333    41       -0.2306       -0.2333  1936821    1.20%
  15702  2830        cutoff             -0.2306       -0.2333  1965726    1.20%
Elapsed time = 82.06 sec. (91209.91 ticks, tree = 82.16 MB, solutions = 5)
  15908  2836       -0.2318    37       -0.2306       -0.2333  1977845    1.20%
  16124  2902        cutoff             -0.2306       -0.2333  1991119    1.20%
  16327  3018       -0.2333    31       -0.2306       -0.2333  2035804    1.20%
  16550  3058       -0.2333    45       -0.2306       -0.2333  2047770    1.20%
  16771  3161       -0.2324    26       -0.2306       -0.2333  2065576    1.20%
  17057  3266       -0.2332    33       -0.2306       -0.2333  2087809    1.20%
  17361  3404       -0.2333    36       -0.2306       -0.2333  2122609    1.20%
  17586  3454       -0.2324    29       -0.2306       -0.2333  2137388    1.20%
  17763  3491       -0.2319    33       -0.2306       -0.2333  2156126    1.20%
  18393  3731       -0.2324    27       -0.2306       -0.2333  2268427    1.20%
Elapsed time = 92.72 sec. (103678.10 ticks, tree = 109.49 MB, solutions = 5)
  19087  3846        cutoff             -0.2306       -0.2333  2394647    1.20%
  19812  4015        cutoff             -0.2306       -0.2333  2510155    1.20%
  20514  4153       -0.2309    37       -0.2306       -0.2333  2592578    1.20%
  21079  4299       -0.2323    37       -0.2306       -0.2333  2689061    1.20%
  21637  4529       -0.2316    34       -0.2306       -0.2333  2831285    1.20%
  22427  4670       -0.2333    32       -0.2306       -0.2333  2917201    1.20%
  23326  4823       -0.2321    38       -0.2306       -0.2333  3002253    1.20%
  24151  5121        cutoff             -0.2306       -0.2333  3149488    1.20%
  24975  5187       -0.2309    48       -0.2306       -0.2333  3207682    1.20%
  25716  5336       -0.2319    42       -0.2306       -0.2333  3313279    1.20%
Elapsed time = 126.05 sec. (141885.53 ticks, tree = 157.00 MB, solutions = 5)
  26423  5464        cutoff             -0.2306       -0.2333  3438104    1.20%
  27278  5542       -0.2333    42       -0.2306       -0.2333  3528911    1.20%
  28218  5634       -0.2311    40       -0.2306       -0.2333  3687198    1.20%
  28987  5720       -0.2312    50       -0.2306       -0.2333  3743407    1.20%
  29375  5863       -0.2315    31       -0.2306       -0.2333  3826827    1.20%
  29742  6002       -0.2333    31       -0.2306       -0.2333  3886597    1.20%
  30129  6102       -0.2309    39       -0.2306       -0.2333  3947440    1.20%
  30507  6154       -0.2333    36       -0.2306       -0.2333  4005101    1.20%
  31072  6034       -0.2311    38       -0.2306       -0.2333  4061221    1.20%
  32489  5653        cutoff             -0.2306       -0.2327  4119503    0.94%
Elapsed time = 156.97 sec. (180120.27 ticks, tree = 166.16 MB, solutions = 5)
  33965  4983       -0.2313    49       -0.2306       -0.2321  4245296    0.68%
  34831  4993        cutoff             -0.2306       -0.2320  4310102    0.64%
  35828  5008       -0.2315    36       -0.2306       -0.2319  4413825    0.60%
  36908  5037       -0.2310    54       -0.2306       -0.2319  4545396    0.60%
  37605  5059        cutoff             -0.2306       -0.2319  4623512    0.60%
  38549  5039       -0.2319    34       -0.2306       -0.2319  4752579    0.60%
  39400  5045        cutoff             -0.2306       -0.2319  4849017    0.60%
  40171  5026       -0.2319    25       -0.2306       -0.2319  4942708    0.60%
  40903  4919       -0.2317    43       -0.2306       -0.2319  5103322    0.60%
  41677  4887       -0.2319    30       -0.2306       -0.2319  5204803    0.60%
Elapsed time = 187.23 sec. (218316.54 ticks, tree = 142.23 MB, solutions = 5)
  42470  4860        cutoff             -0.2306       -0.2319  5302875    0.60%
  43547  4541       -0.2317    33       -0.2306       -0.2319  5453413    0.60%
  44855  4077        cutoff             -0.2306       -0.2317  5563016    0.52%
  46219  3493        cutoff             -0.2306       -0.2316  5641863    0.45%
  47357  2975       -0.2314    33       -0.2306       -0.2315  5746885    0.40%
  48870  2109       -0.2312    33       -0.2306       -0.2313  5870601    0.33%
  50606   817       -0.2309    44       -0.2306       -0.2310  5995630    0.18%

Cover cuts applied:  1
Mixed integer rounding cuts applied:  15
Gomory fractional cuts applied:  1

Root node processing (before b&c):
  Real time             =    2.34 sec. (2249.95 ticks)
Parallel b&c, 4 threads:
  Real time             =  207.55 sec. (244393.32 ticks)
  Sync time (average)   =    7.11 sec.
  Wait time (average)   =    0.00 sec.
                          ------------
Total (root+branch&cut) =  209.89 sec. (246643.27 ticks)
