Version identifier: 22.2.0.0 | 2026-05-04 | 5dff98e58
CPXPARAM_Read_DataCheck                          1
CPXPARAM_Threads                                 4
CPXPARAM_Parallel                                1
CPXPARAM_RandomSeed                              20260925
CPXPARAM_MIP_Strategy_Search                     1
CPXPARAM_Simplex_Tolerances_Optimality           1.0000000000000001e-09
CPXPARAM_Simplex_Tolerances_Feasibility          1.0000000000000001e-09
CPXPARAM_TimeLimit                               600
CPXPARAM_MIP_Tolerances_AbsMIPGap                1.0000000000000001e-09
CPXPARAM_MIP_Tolerances_Integrality              1.0000000000000001e-09
Legacy callback                                  iLUD
Lazy constraint(s) or lazy constraint/branch callback is present.
    Disabling dual reductions (CPX_PARAM_REDUCE) in presolve.
    Disabling presolve reductions that prevent crushing forms (CPX_PARAM_PREREFORM).
         Disabling repeat represolve because of lazy constraint/incumbent callback.
Warning: Effort level 'CheckFeas' is incompatible with lazy constraint/incumbent callback.
         Effort level increased to 'SolveFixed'.
1 of 1 MIP starts provided solutions.
MIP start 'm1' defined initial solution with objective 0.1502.
Tried aggregator 1 time.
MIP Presolve eliminated 37 rows and 0 columns.
Reduced MIP has 302 rows, 362 columns, and 2361 nonzeros.
Reduced MIP has 174 binaries, 0 generals, 0 SOSs, and 0 indicators.
Presolve time = 0.02 sec. (1.15 ticks)
Probing time = 0.00 sec. (0.09 ticks)
MIP emphasis: balance optimality and feasibility.
MIP search method: traditional branch-and-cut.
Parallel mode: deterministic, using up to 4 threads.
Root relaxation solution time = 0.00 sec. (4.96 ticks)

        Nodes                                         Cuts/
   Node  Left     Objective  IInf  Best Integer    Best Bound    ItCnt     Gap         Variable B NodeID Parent  Depth

*     0+    0                            0.1502        0.0000           100.00%
      0     0        0.1396    19        0.1502        0.1396      297    7.07%
      0     0        0.1413    32        0.1502       Cuts: 8      347    5.96%
      0     0        0.1423    30        0.1502       Cuts: 3      373    5.30%
      0     0        0.1424    31        0.1502   Flowcuts: 1      381    5.19%
      0     0        0.1425    28        0.1502       Cuts: 3      398    5.13%
      0     0        0.1426    29        0.1502    MIRcuts: 1      401    5.09%
      0     2        0.1426    29        0.1502        0.1426      401    5.09%                        0             0
Elapsed time = 0.06 sec. (52.39 ticks, tree = 0.02 MB, solutions = 1)
*     7+    1                            0.1500        0.1437             4.17%
*   236+   41                            0.1498        0.1463             2.31%

Flow cuts applied:  5
Mixed integer rounding cuts applied:  3
Gomory fractional cuts applied:  2

Root node processing (before b&c):
  Real time             =    0.06 sec. (52.19 ticks)
Parallel b&c, 4 threads:
  Real time             =    0.20 sec. (102.59 ticks)
  Sync time (average)   =    0.04 sec.
  Wait time (average)   =    0.00 sec.
                          ------------
Total (root+branch&cut) =    0.27 sec. (154.78 ticks)
