Version identifier: 22.2.0.0 | 2026-05-04 | 5dff98e58
CPXPARAM_Read_DataCheck                          1
CPXPARAM_Threads                                 4
CPXPARAM_Parallel                                1
CPXPARAM_RandomSeed                              20260925
CPXPARAM_Simplex_Tolerances_Optimality           1.0000000000000001e-09
CPXPARAM_Simplex_Tolerances_Feasibility          1.0000000000000001e-09
CPXPARAM_TimeLimit                               600
CPXPARAM_MIP_Tolerances_AbsMIPGap                1.0000000000000001e-09
CPXPARAM_MIP_Tolerances_Integrality              1.0000000000000001e-09
Legacy callback                                  i
Found incumbent of value 0.000000 after 0.00 sec. (0.15 ticks)
Tried aggregator 1 time.
MIP Presolve eliminated 1350 rows and 2 columns.
MIP Presolve modified 3414 coefficients.
Reduced MIP has 3965 rows, 4686 columns, and 49173 nonzeros.
Reduced MIP has 1164 binaries, 0 generals, 0 SOSs, and 0 indicators.
Presolve time = 0.03 sec. (32.64 ticks)
Probing time = 0.00 sec. (0.68 ticks)
Tried aggregator 1 time.
Detecting symmetries...
Reduced MIP has 3965 rows, 4686 columns, and 49173 nonzeros.
Reduced MIP has 1164 binaries, 0 generals, 0 SOSs, and 0 indicators.
Presolve time = 0.02 sec. (21.06 ticks)
Probing time = 0.00 sec. (0.77 ticks)
MIP emphasis: balance optimality and feasibility.
MIP search method: dynamic search.
Parallel mode: deterministic, using up to 4 threads.
Root relaxation solution time = 0.14 sec. (165.48 ticks)

        Nodes                                         Cuts/
   Node  Left     Objective  IInf  Best Integer    Best Bound    ItCnt     Gap

*     0+    0                            0.0000       -1.0000              --- 
*     0+    0                           -0.0186       -1.0000              --- 
      0     0       -0.2279    90       -0.0186       -0.2279     3666     --- 
*     0+    0                           -0.1008       -0.2279           126.15%
      0     0       -0.2279    77       -0.1008   MIRcuts: 10     4695  126.15%
*     0+    0                           -0.1163       -0.2279            96.00%
*     0+    0                           -0.1953       -0.2279            16.67%
      0     0       -0.2279    85       -0.1953      Cuts: 11     5484   16.67%
      0     0       -0.2279    73       -0.1953    MIRcuts: 1     5564   16.67%
      0     0       -0.2279    79       -0.1953   MIRcuts: 10     6868   16.67%
      0     2       -0.2279    69       -0.1953       -0.2279     6868   16.67%
Elapsed time = 6.53 sec. (6970.69 ticks, tree = 0.02 MB, solutions = 5)
      2     3       -0.2279    73       -0.1953       -0.2279     9615   16.67%
      5     7       -0.2279    97       -0.1953       -0.2279    15734   16.67%
      9     4       -0.2279    78       -0.1953       -0.2279     8892   16.67%
     12     9       -0.2248    79       -0.1953       -0.2279    23693   16.67%
     16    13       -0.2279    96       -0.1953       -0.2279    27012   16.67%
     24    21       -0.2248    86       -0.1953       -0.2279    45177   16.67%
     35    32       -0.2279    79       -0.1953       -0.2279    58503   16.67%
     46    36       -0.2248    87       -0.1953       -0.2279    57938   16.67%
     51    36       -0.2279    77       -0.1953       -0.2279    60919   16.67%
     99    68       -0.2264    79       -0.1953       -0.2279    88117   16.67%
Elapsed time = 10.23 sec. (10911.57 ticks, tree = 0.69 MB, solutions = 5)
    198   122       -0.2276    77       -0.1953       -0.2279   106371   16.67%
    258   244       -0.2202    60       -0.1953       -0.2279   128792   16.67%
    372   295       -0.2217    65       -0.1953       -0.2279   135721   16.67%
*   423+  322                           -0.1969       -0.2279            15.75%
    501   381       -0.2217    80       -0.1969       -0.2279   148702   15.75%
    578   496       -0.2233    65       -0.1969       -0.2279   171669   15.75%
    676   613       -0.2275    86       -0.1969       -0.2279   193980   15.75%
    774   692       -0.2264    82       -0.1969       -0.2279   210814   15.75%
    827   732       -0.2264    81       -0.1969       -0.2279   223783   15.75%
    890   755       -0.2279    78       -0.1969       -0.2279   237267   15.75%
    923   807       -0.2233    85       -0.1969       -0.2279   255999   15.75%
Elapsed time = 18.42 sec. (20604.68 ticks, tree = 22.94 MB, solutions = 6)
   1020   901       -0.2225    78       -0.1969       -0.2279   277093   15.75%
   1066   980       -0.2081    40       -0.1969       -0.2279   287902   15.75%
   1221  1065       -0.1979    43       -0.1969       -0.2279   297590   15.75%
   1278  1150       -0.2264    76       -0.1969       -0.2279   311853   15.75%
   1357  1204       -0.2217    74       -0.1969       -0.2279   328656   15.75%
   1447  1247       -0.2233    78       -0.1969       -0.2279   338535   15.75%
   1606  1391       -0.2118    69       -0.1969       -0.2279   357763   15.75%
   1822  1450       -0.2093    62       -0.1969       -0.2279   360964   15.75%
   1973  1817       -0.2264    75       -0.1969       -0.2279   376661   15.75%
   2069  1857       -0.2138    67       -0.1969       -0.2279   385916   15.75%
Elapsed time = 26.55 sec. (30307.77 ticks, tree = 56.43 MB, solutions = 6)
   2181  1995       -0.2101    68       -0.1969       -0.2279   409485   15.75%
   2226  2075       -0.2190    73       -0.1969       -0.2279   427612   15.75%
   2316  2153       -0.2212    79       -0.1969       -0.2279   444383   15.75%
   2482  2254       -0.2016    49       -0.1969       -0.2279   455173   15.75%

Performing restart 1

Repeating presolve.
Tried aggregator 1 time.
Reduced MIP has 3965 rows, 4686 columns, and 49173 nonzeros.
Reduced MIP has 1164 binaries, 0 generals, 0 SOSs, and 0 indicators.
Presolve time = 0.00 sec. (13.87 ticks)
Tried aggregator 1 time.
Reduced MIP has 3965 rows, 4686 columns, and 49173 nonzeros.
Reduced MIP has 1164 binaries, 0 generals, 0 SOSs, and 0 indicators.
Presolve time = 0.02 sec. (21.34 ticks)
Represolve time = 0.03 sec. (44.03 ticks)
   2598     0       -0.2279    71       -0.1969    MIRcuts: 7   482144   15.75%
   2598     0       -0.2279    82       -0.1969       Cuts: 6   483805   15.75%
   2598     0       -0.2279    77       -0.1969       Cuts: 2   484267   15.75%
*  2598+    0                           -0.1972       -0.2279            15.56%
   2598     0  -1.00000e+75     0       -0.1972       -0.2279   484267   15.56%
   2598     2       -0.2279    71       -0.1972       -0.2279   484267   15.56%
   2600     4       -0.2279    82       -0.1972       -0.2279   489914   15.56%
   2602     6       -0.2279    85       -0.1972       -0.2279   492663   15.56%
*  2609+    2                           -0.1984       -0.2279            14.84%
   2611    10       -0.2279    93       -0.1984       -0.2279   506199   14.84%
   2623    19       -0.2279    89       -0.1984       -0.2279   529364   14.84%
   2651    30       -0.2279   100       -0.1984       -0.2279   543576   14.84%
Elapsed time = 43.47 sec. (47141.06 ticks, tree = 0.44 MB, solutions = 8)
   2686    65       -0.2264    98       -0.1984       -0.2279   562146   14.84%
   2709    99       -0.2279    83       -0.1984       -0.2279   577457   14.84%
   2731   114       -0.2193    93       -0.1984       -0.2279   587324   14.84%
   2777   152       -0.2124    79       -0.1984       -0.2279   612401   14.84%
   2856   209       -0.2047    74       -0.1984       -0.2279   621663   14.84%
*  2957+  262                           -0.2016       -0.2279            13.08%
*  2957+  262                           -0.2034       -0.2279            12.03%
*  2957+  262                           -0.2042       -0.2279            11.61%
   2957   300       -0.2279    84       -0.2042       -0.2279   636404   11.61%
   2996   324       -0.2279    86       -0.2042       -0.2279   642187   11.61%
   3031   334       -0.2248    85       -0.2042       -0.2279   649328   11.61%
   3066   396       -0.2248    90       -0.2042       -0.2279   677601   11.61%
   3155   433       -0.2145    73       -0.2042       -0.2279   689644   11.61%
Elapsed time = 52.52 sec. (56927.47 ticks, tree = 11.33 MB, solutions = 12)
   3260   521       -0.2163    78       -0.2042       -0.2279   696417   11.61%
   3398   655       -0.2132    72       -0.2042       -0.2279   709485   11.61%
   3488   637       -0.2279    79       -0.2042       -0.2279   715581   11.61%
   3574   828       -0.2045    48       -0.2042       -0.2279   740845   11.61%
   3688   902       -0.2251    72       -0.2042       -0.2279   750809   11.61%
   3763  1013       -0.2195    90       -0.2042       -0.2279   761740   11.61%
   3841  1047       -0.2277    93       -0.2042       -0.2279   778210   11.61%
   4001  1144       -0.2220    78       -0.2042       -0.2279   785693   11.61%
   4089  1296       -0.2279    79       -0.2042       -0.2279   795996   11.61%
   4282  1433       -0.2223    81       -0.2042       -0.2279   806692   11.61%
Elapsed time = 60.72 sec. (66533.11 ticks, tree = 43.27 MB, solutions = 12)
   4444  1546       -0.2207    71       -0.2042       -0.2279   818026   11.61%
   4558  1701       -0.2246   100       -0.2042       -0.2279   829159   11.61%
   4642  1843       -0.2238    92       -0.2042       -0.2279   846385   11.61%
   4751  1919       -0.2138    54       -0.2042       -0.2279   851768   11.61%
   4988  2118       -0.2119    63       -0.2042       -0.2279   864275   11.61%
   5058  2206       -0.2231    76       -0.2042       -0.2279   874195   11.61%
   5177  2296       -0.2201    62       -0.2042       -0.2279   889077   11.61%
   5322  2391       -0.2279    83       -0.2042       -0.2279   899213   11.61%
   5435  2470       -0.2116    49       -0.2042       -0.2279   908090   11.61%
   5621  2642       -0.2083    43       -0.2042       -0.2279   921307   11.61%
Elapsed time = 69.12 sec. (76192.43 ticks, tree = 81.76 MB, solutions = 12)
   5857  2798       -0.2079    60       -0.2042       -0.2279   931643   11.61%
*  5926+ 2831                           -0.2047       -0.2279            11.36%
   6009  3045       -0.2123    40       -0.2047       -0.2279   947995   11.36%
   6153  3123       -0.2142    87       -0.2047       -0.2279   954169   11.36%
   6281  3189       -0.2251    79       -0.2047       -0.2279   966570   11.36%
   6521  3409       -0.2153    63       -0.2047       -0.2279   982355   11.36%
   6649  3617       -0.2091    70       -0.2047       -0.2279   991607   11.36%
   6860  3739       -0.2075    61       -0.2047       -0.2279  1004480   11.36%
   6920  3930       -0.2239    70       -0.2047       -0.2279  1022558   11.36%
   7037  3922       -0.2222    77       -0.2047       -0.2279  1022857   11.36%
   7253  4108       -0.2087    58       -0.2047       -0.2279  1041158   11.36%
Elapsed time = 76.98 sec. (85780.23 ticks, tree = 128.35 MB, solutions = 13)
   7436  4342       -0.2271    93       -0.2047       -0.2279  1053615   11.36%
   7572  4416       -0.2233    75       -0.2047       -0.2279  1060946   11.36%
   7731  4489       -0.2185    74       -0.2047       -0.2279  1072779   11.36%
   7865  4653       -0.2085    54       -0.2047       -0.2279  1083083   11.36%
   7962  4883       -0.2248    88       -0.2047       -0.2279  1108154   11.36%
   8172  5017       -0.2248    86       -0.2047       -0.2279  1115998   11.36%
   8397  5052       -0.2062    42       -0.2047       -0.2279  1117134   11.36%
   8550  5403       -0.2179    70       -0.2047       -0.2279  1143484   11.36%
   8724  5454       -0.2093    66       -0.2047       -0.2279  1146665   11.36%
   8947  5633       -0.2103    61       -0.2047       -0.2279  1160450   11.36%
Elapsed time = 84.91 sec. (95448.75 ticks, tree = 176.98 MB, solutions = 13)
   9015  5724       -0.2212    85       -0.2047       -0.2279  1172405   11.36%
   9117  5904       -0.2222    88       -0.2047       -0.2279  1186259   11.36%
   9236  5982       -0.2239    76       -0.2047       -0.2279  1207929   11.36%
   9396  6198       -0.2162    65       -0.2047       -0.2279  1223237   11.36%
   9671  6298       -0.2091    50       -0.2047       -0.2279  1228358   11.36%
   9877  6342       -0.2053    47       -0.2047       -0.2279  1233462   11.36%
  10043  6697       -0.2248    86       -0.2047       -0.2279  1254076   11.36%
  10154  6846       -0.2154    52       -0.2047       -0.2279  1272578   11.36%
  10341  7022       -0.2099    59       -0.2047       -0.2279  1285914   11.36%
  11114  7607       -0.2083    64       -0.2047       -0.2279  1335524   11.36%
Elapsed time = 95.19 sec. (107925.94 ticks, tree = 239.54 MB, solutions = 13)
  11771  8306       -0.2133    81       -0.2047       -0.2279  1381807   11.36%
  12347  8942       -0.2111    56       -0.2047       -0.2279  1439901   11.36%
  13051  9437       -0.2093    39       -0.2047       -0.2279  1482613   11.36%
  13648 10087       -0.2228    87       -0.2047       -0.2279  1556345   11.36%
  14356 10706       -0.2057    40       -0.2047       -0.2279  1611351   11.36%
  14954 11418       -0.2158    77       -0.2047       -0.2279  1674097   11.36%
  15710 11902       -0.2279    97       -0.2047       -0.2279  1712808   11.36%
  16325 12652       -0.2125    86       -0.2047       -0.2279  1779904   11.36%
  16858 13098       -0.2219    89       -0.2047       -0.2279  1830051   11.36%
  17552 13697       -0.2062    52       -0.2047       -0.2279  1874441   11.36%
Elapsed time = 126.89 sec. (146128.52 ticks, tree = 433.54 MB, solutions = 13)
  18070 14127       -0.2093    64       -0.2047       -0.2279  1924242   11.36%
  18673 14679       -0.2157    67       -0.2047       -0.2279  1986994   11.36%
  19226 15380       -0.2150    58       -0.2047       -0.2279  2056459   11.36%
  19937 15963       -0.2054    52       -0.2047       -0.2279  2119808   11.36%
  20582 16644       -0.2103    60       -0.2047       -0.2279  2196660   11.36%
  21255 17226       -0.2078    57       -0.2047       -0.2279  2236227   11.36%
  21800 17770       -0.2210    76       -0.2047       -0.2279  2295933   11.36%
  22391 18421       -0.2098    54       -0.2047       -0.2279  2357468   11.36%
  22954 18916       -0.2225    72       -0.2047       -0.2279  2425720   11.36%
  23653 19496       -0.2154    68       -0.2047       -0.2279  2488084   11.36%
Elapsed time = 158.05 sec. (184342.74 ticks, tree = 618.72 MB, solutions = 13)
  24219 19987       -0.2181    72       -0.2047       -0.2279  2542606   11.36%
  24800 20474       -0.2113    71       -0.2047       -0.2279  2600796   11.36%
  25481 21119       -0.2078    59       -0.2047       -0.2279  2668701   11.36%
  25807 21683       -0.2109    63       -0.2047       -0.2279  2737235   11.36%
  26107 22092       -0.2279    85       -0.2047       -0.2279  2781766   11.36%
  26394 22305       -0.2116    76       -0.2047       -0.2279  2808118   11.36%
  26718 22691       -0.2161    76       -0.2047       -0.2279  2853674   11.36%
* 26899+21465                           -0.2050       -0.2279            11.19%
* 26903+21465                           -0.2053       -0.2279            11.01%
  27070 22865       -0.2085    62       -0.2053       -0.2279  2873421   11.01%
  27391 23256       -0.2093    47       -0.2053       -0.2279  2915241   11.01%
  27677 23509       -0.2248    82       -0.2053       -0.2279  2945265   11.01%
Elapsed time = 189.31 sec. (222609.93 ticks, tree = 756.05 MB, solutions = 13)
  27973 23718       -0.2246    79       -0.2053       -0.2279  2980401   11.01%
  28210 23996       -0.2217    87       -0.2053       -0.2279  3006090   11.01%
  28451 24319       -0.2109    77       -0.2053       -0.2279  3043059   11.01%
  28667 24467       -0.2184    72       -0.2053       -0.2279  3075757   11.01%
  28901 24694       -0.2148    60       -0.2053       -0.2279  3107009   11.01%
  29273 25020       -0.2062    54       -0.2053       -0.2279  3149065   11.01%
  29508 25233       -0.2150    74       -0.2053       -0.2279  3169310   11.01%
  29845 25462       -0.2072    51       -0.2053       -0.2279  3201653   11.01%
  30253 25339       -0.2198    89       -0.2053       -0.2279  3246693   11.01%
  30777 25910       -0.2141    49       -0.2053       -0.2279  3301207   11.01%
Elapsed time = 221.45 sec. (260895.61 ticks, tree = 829.58 MB, solutions = 15)
  31361 26427       -0.2171    68       -0.2053       -0.2279  3347880   11.01%
  31771 26909       -0.2248    81       -0.2053       -0.2279  3453143   11.01%
  32334 27495       -0.2062    43       -0.2053       -0.2279  3516025   11.01%
  32858 27680       -0.2217    72       -0.2053       -0.2279  3542725   11.01%
  33335 28422       -0.2202    73       -0.2053       -0.2279  3647749   11.01%
  33686 28748       -0.2230    78       -0.2053       -0.2279  3694962   11.01%
  34234 29023       -0.2186    71       -0.2053       -0.2279  3748812   11.01%
  34832 29872       -0.2093    71       -0.2053       -0.2279  3848979   11.01%
  35418 30134       -0.2279    80       -0.2053       -0.2279  3887994   11.01%
  36011 30676       -0.2167    77       -0.2053       -0.2279  3949778   11.01%
Elapsed time = 250.64 sec. (299180.24 ticks, tree = 979.17 MB, solutions = 16)
  36685 31195       -0.2164    71       -0.2053       -0.2279  4006943   11.01%
  37370 32186       -0.2197    89       -0.2053       -0.2279  4107163   11.01%
  38128 32785       -0.2056    68       -0.2053       -0.2279  4161445   11.01%
  38937 33149       -0.2100    63       -0.2053       -0.2279  4196191   11.01%
  39761 34112       -0.2235    71       -0.2053       -0.2279  4279667   11.01%
  40503 34957       -0.2192    71       -0.2053       -0.2279  4348809   11.01%
  41073 35460       -0.2062    64       -0.2053       -0.2279  4393615   11.01%
  41790 36149       -0.2217    89       -0.2053       -0.2279  4474882   11.01%
  42430 36781       -0.2233    79       -0.2053       -0.2279  4549966   11.01%
  42896 37251       -0.2104    69       -0.2053       -0.2279  4593385   11.01%
Elapsed time = 280.16 sec. (337416.32 ticks, tree = 1189.94 MB, solutions = 16)
  43525 37795       -0.2133    79       -0.2053       -0.2279  4651103   11.01%
  44300 38478       -0.2093    72       -0.2053       -0.2279  4710250   11.01%
  45034 39338       -0.2262    76       -0.2053       -0.2279  4786727   11.01%
  45789 39828       -0.2116    61       -0.2053       -0.2279  4838177   11.01%
  46506 40588       -0.2069    63       -0.2053       -0.2279  4895554   11.01%
  47208 41150       -0.2056    70       -0.2053       -0.2279  4946387   11.01%
  47959 42015       -0.2223    68       -0.2053       -0.2279  5029899   11.01%
  48698 42644       -0.2248    82       -0.2053       -0.2279  5087490   11.01%
  49385 42854       -0.2223    85       -0.2053       -0.2279  5120690   11.01%
  50242 43773       -0.2248    89       -0.2053       -0.2279  5186560   11.01%
Elapsed time = 309.05 sec. (375634.56 ticks, tree = 1400.11 MB, solutions = 16)
  50888 44437       -0.2069    56       -0.2053       -0.2279  5256823   11.01%
  51670 45501       -0.2070    66       -0.2053       -0.2279  5339913   11.01%
  52300 46020       -0.2131    69       -0.2053       -0.2279  5397483   11.01%
  53183 46450       -0.2086    65       -0.2053       -0.2279  5429122   11.01%
  53922 47598       -0.2091    58       -0.2053       -0.2279  5524028   11.01%
  54598 48075       -0.2207    60       -0.2053       -0.2279  5551043   11.01%
  55578 48633       -0.2082    63       -0.2053       -0.2279  5594800   11.01%
  56285 49546       -0.2094    64       -0.2053       -0.2279  5651548   11.01%
  56956 50510       -0.2064    71       -0.2053       -0.2279  5747797   11.01%
  57760 51004       -0.2248    84       -0.2053       -0.2279  5785143   11.01%
Elapsed time = 337.77 sec. (413887.60 ticks, tree = 1633.21 MB, solutions = 16)
  58590 51462       -0.2179    67       -0.2053       -0.2279  5825324   11.01%
  59249 52293       -0.2227    81       -0.2053       -0.2279  5889881   11.01%
  59904 53165       -0.2151    66       -0.2053       -0.2279  5976993   11.01%
  60583 53605       -0.2057    52       -0.2053       -0.2279  6025272   11.01%
  61314 54599       -0.2146    83       -0.2053       -0.2279  6116102   11.01%
  61936 55000       -0.2103    72       -0.2053       -0.2279  6155074   11.01%
  62562 55698       -0.2053    43       -0.2053       -0.2279  6263794   11.01%
  63290 56183       -0.2248    77       -0.2053       -0.2279  6311859   11.01%
  64117 56533       -0.2202    85       -0.2053       -0.2279  6347425   11.01%
  65042 57496       -0.2158    74       -0.2053       -0.2279  6427741   11.01%
Elapsed time = 367.28 sec. (452129.33 ticks, tree = 1835.99 MB, solutions = 16)
  65710 58557       -0.2120    68       -0.2053       -0.2279  6517386   11.01%
  66511 59399       -0.2130    57       -0.2053       -0.2279  6577000   11.01%
  67410 59997       -0.2149    74       -0.2053       -0.2279  6620255   11.01%
  68190 60835       -0.2078    64       -0.2053       -0.2279  6672786   11.01%
  68805 61092       -0.2236    91       -0.2053       -0.2279  6708358   11.01%
  69449 61981       -0.2146    83       -0.2053       -0.2279  6802241   11.01%
  70286 62548       -0.2062    74       -0.2053       -0.2279  6851869   11.01%
  71153 63468       -0.2140    65       -0.2053       -0.2279  6925931   11.01%
  71899 64075       -0.2248    88       -0.2053       -0.2279  6968572   11.01%
  72504 64902       -0.2101    68       -0.2053       -0.2279  7043803   11.01%
Elapsed time = 395.80 sec. (490402.85 ticks, tree = 2074.77 MB, solutions = 16)
Nodefile size = 19.92 MB (13.74 MB after compression)
  72950 65431       -0.2221    78       -0.2053       -0.2279  7119473   11.01%
  73611 65592       -0.2182    74       -0.2053       -0.2279  7145963   11.01%
  74398 66712       -0.2093    51       -0.2053       -0.2279  7244076   11.01%
  74851 67260       -0.2248    76       -0.2053       -0.2279  7303076   11.01%
  75658 67668       -0.2142    79       -0.2053       -0.2279  7369433   11.01%
  76462 68141       -0.2091    64       -0.2053       -0.2279  7407508   11.01%
  77146 69088       -0.2233    87       -0.2053       -0.2279  7481312   11.01%
  77642 69737       -0.2170    77       -0.2053       -0.2279  7550987   11.01%
  78168 69927       -0.2216    74       -0.2053       -0.2279  7592460   11.01%
  79040 70759       -0.2116    69       -0.2053       -0.2279  7663349   11.01%
Elapsed time = 426.73 sec. (528608.65 ticks, tree = 2263.21 MB, solutions = 16)
Nodefile size = 203.70 MB (140.58 MB after compression)
  79881 71607       -0.2166    72       -0.2053       -0.2279  7729911   11.01%
  80688 72574       -0.2107    69       -0.2053       -0.2279  7803775   11.01%
  81164 72902       -0.2237    84       -0.2053       -0.2279  7837982   11.01%
  81716 73344       -0.2159    73       -0.2053       -0.2279  7894561   11.01%
  82348 74012       -0.2248    85       -0.2053       -0.2279  7970453   11.01%
  83094 74753       -0.2248    81       -0.2053       -0.2279  8033060   11.01%
  83797 75186       -0.2105    63       -0.2053       -0.2279  8070214   11.01%
  84536 76015       -0.2260    84       -0.2053       -0.2279  8162625   11.01%
  85195 76426       -0.2248    83       -0.2053       -0.2279  8202810   11.01%
  85710 77144       -0.2248    78       -0.2053       -0.2279  8270253   11.01%
Elapsed time = 458.33 sec. (566840.20 ticks, tree = 2468.52 MB, solutions = 16)
Nodefile size = 413.28 MB (285.12 MB after compression)
  86428 77676       -0.2081    54       -0.2053       -0.2279  8335286   11.01%
  87186 78392       -0.2224    81       -0.2053       -0.2279  8407686   11.01%
  87711 79138       -0.2264    80       -0.2053       -0.2279  8476054   11.01%
  88233 79678       -0.2187    68       -0.2053       -0.2279  8551195   11.01%
  88887 80088       -0.2263    81       -0.2053       -0.2279  8603152   11.01%
  89380 80606       -0.2169    83       -0.2053       -0.2279  8665295   11.01%
  89906 81070       -0.2248    80       -0.2053       -0.2279  8731656   11.01%
  90305 81621       -0.2124    60       -0.2053       -0.2279  8812580   11.01%
  90910 81946       -0.2167    69       -0.2053       -0.2279  8854557   11.01%
  91546 82547       -0.2055    71       -0.2053       -0.2279  8919180   11.01%
Elapsed time = 488.89 sec. (605055.85 ticks, tree = 2642.32 MB, solutions = 16)
Nodefile size = 584.99 MB (403.42 MB after compression)
  92164 82927       -0.2189    82       -0.2053       -0.2279  8970428   11.01%
  92687 83576       -0.2174    82       -0.2053       -0.2279  9041304   11.01%
  93262 84225       -0.2174    74       -0.2053       -0.2279  9110011   11.01%
  93913 84921       -0.2132    73       -0.2053       -0.2279  9197913   11.01%
  94455 85218       -0.2109    77       -0.2053       -0.2279  9226211   11.01%
  95060 85896       -0.2085    61       -0.2053       -0.2279  9315597   11.01%
  95629 86334       -0.2122    65       -0.2053       -0.2279  9354995   11.01%
  96122 86927       -0.2085    75       -0.2053       -0.2279  9445007   11.01%
  96739 87438       -0.2120    66       -0.2053       -0.2279  9527559   11.01%
  97385 87944       -0.2117    88       -0.2053       -0.2279  9578268   11.01%
Elapsed time = 519.84 sec. (643260.82 ticks, tree = 2815.88 MB, solutions = 16)
Nodefile size = 760.68 MB (524.51 MB after compression)
  97977 88511       -0.2248    82       -0.2053       -0.2279  9645161   11.01%
  98575 89229       -0.2092    56       -0.2053       -0.2279  9719455   11.01%
  99241 89875       -0.2202    71       -0.2053       -0.2279  9798361   11.01%
  99805 90110       -0.2233    83       -0.2053       -0.2279  9821929   11.01%
 100498 91065       -0.2183    81       -0.2053       -0.2279  9926056   11.01%
 101189 91356       -0.2223    82       -0.2053       -0.2279  9950964   11.01%
 101646 92202       -0.2069    78       -0.2053       -0.2279 10031406   11.01%
 101988 92459       -0.2248    74       -0.2053       -0.2279 10069348   11.01%
 102471 92945       -0.2096    50       -0.2053       -0.2279 10123626   11.01%
 102993 93339       -0.2093    72       -0.2053       -0.2279 10170072   11.01%
Elapsed time = 551.72 sec. (681531.02 ticks, tree = 2989.42 MB, solutions = 16)
Nodefile size = 933.79 MB (643.88 MB after compression)
 103453 93945       -0.2255    83       -0.2053       -0.2279 10224902   11.01%
 103857 94347       -0.2143    83       -0.2053       -0.2279 10258479   11.01%
 104328 94562       -0.2166    74       -0.2053       -0.2279 10289536   11.01%
 104713 94915       -0.2107    65       -0.2053       -0.2279 10323384   11.01%
 105123 95670       -0.2147    60       -0.2053       -0.2279 10417381   11.01%
 105616 95867       -0.2088    49       -0.2053       -0.2279 10436662   11.01%
 106059 96269        cutoff             -0.2053       -0.2279 10489341   11.01%
 106527 96702       -0.2093    68       -0.2053       -0.2279 10551493   11.01%
 106997 97204       -0.2226    85       -0.2053       -0.2279 10620560   11.01%
 107472 97515       -0.2252    90       -0.2053       -0.2279 10653070   11.01%
Elapsed time = 582.12 sec. (719749.21 ticks, tree = 3123.69 MB, solutions = 16)
Nodefile size = 1069.19 MB (737.18 MB after compression)
 107936 97940       -0.2185    78       -0.2053       -0.2279 10699189   11.01%
 108329 98482       -0.2094    55       -0.2053       -0.2279 10772211   11.01%
 108818 98755       -0.2175    79       -0.2053       -0.2279 10806974   11.01%
 109405 99241       -0.2233    76       -0.2053       -0.2279 10864160   11.01%
 109867 99742       -0.2171    77       -0.2053       -0.2279 10922888   11.01%

Mixed integer rounding cuts applied:  11
Gomory fractional cuts applied:  1

Root node processing (before b&c):
  Real time             =    6.53 sec. (6967.05 ticks)
Parallel b&c, 4 threads:
  Real time             =  594.19 sec. (735551.15 ticks)
  Sync time (average)   =   31.33 sec.
  Wait time (average)   =    0.00 sec.
                          ------------
Total (root+branch&cut) =  600.72 sec. (742518.20 ticks)
