Version identifier: 22.2.0.0 | 2026-05-04 | 5dff98e58
CPXPARAM_Read_DataCheck                          1
CPXPARAM_Threads                                 4
CPXPARAM_Parallel                                1
CPXPARAM_RandomSeed                              20260925
CPXPARAM_Simplex_Tolerances_Optimality           1.0000000000000001e-09
CPXPARAM_Simplex_Tolerances_Feasibility          1.0000000000000001e-09
CPXPARAM_TimeLimit                               600
CPXPARAM_MIP_Tolerances_AbsMIPGap                1.0000000000000001e-09
CPXPARAM_MIP_Tolerances_Integrality              1.0000000000000001e-09
Legacy callback                                  i
2 of 16 MIP starts provided solutions.
MIP start 'm1' defined initial solution with objective 0.0000.
Tried aggregator 1 time.
MIP Presolve eliminated 1347 rows and 1 columns.
MIP Presolve modified 3414 coefficients.
Reduced MIP has 3969 rows, 4687 columns, and 49236 nonzeros.
Reduced MIP has 1164 binaries, 0 generals, 0 SOSs, and 0 indicators.
Presolve time = 0.03 sec. (32.63 ticks)
Probing time = 0.00 sec. (0.69 ticks)
Tried aggregator 1 time.
Detecting symmetries...
Reduced MIP has 3969 rows, 4687 columns, and 49236 nonzeros.
Reduced MIP has 1164 binaries, 0 generals, 0 SOSs, and 0 indicators.
Presolve time = 0.22 sec. (21.11 ticks)
Probing time = 0.00 sec. (0.77 ticks)
MIP emphasis: balance optimality and feasibility.
MIP search method: dynamic search.
Parallel mode: deterministic, using up to 4 threads.
Root relaxation solution time = 0.23 sec. (193.26 ticks)

        Nodes                                         Cuts/
   Node  Left     Objective  IInf  Best Integer    Best Bound    ItCnt     Gap

*     0+    0                            0.0000       -1.0000              --- 
      0     0       -0.2279   104        0.0000       -0.2279     3319     --- 
      0     0       -0.2279    65        0.0000       Cuts: 5     4223     --- 
      0     0       -0.2279    80        0.0000      Cuts: 18     5612     --- 
      0     0       -0.2279    68        0.0000    MIRcuts: 1     5987     --- 
      0     0       -0.2279    73        0.0000    MIRcuts: 5     7432     --- 
      0     2       -0.2279    67        0.0000       -0.2279     7432     --- 
Elapsed time = 9.75 sec. (8781.27 ticks, tree = 0.02 MB, solutions = 2)
      1     3       -0.2275    73        0.0000       -0.2279    10808     --- 
      2     4       -0.2275    83        0.0000       -0.2279    13078     --- 
      6     7       -0.2275    83        0.0000       -0.2279    17465     --- 
     12    10       -0.2275    80        0.0000       -0.2279    23874     --- 
     16    13       -0.2275    86        0.0000       -0.2279    29386     --- 
     27    22       -0.2275    87        0.0000       -0.2279    37176     --- 
     42    38       -0.2274    78        0.0000       -0.2279    45911     --- 
     55    50       -0.2238    80        0.0000       -0.2279    50797     --- 
     78    62       -0.2254    79        0.0000       -0.2279    54266     --- 
    159   149       -0.2124    51        0.0000       -0.2279    64174     --- 
Elapsed time = 13.19 sec. (12289.48 ticks, tree = 2.81 MB, solutions = 2)
*   231+  186                           -0.2053       -0.2279            11.01%
    232   197       -0.2265    83       -0.2053       -0.2279    79400   11.01%
    258   244       -0.2279    89       -0.2053       -0.2279    94690   11.01%
    342   309       -0.2171    63       -0.2053       -0.2279   107966   11.01%
    439   340       -0.2178    69       -0.2053       -0.2279   118125   11.01%
    537   487       -0.2098    51       -0.2053       -0.2279   135425   11.01%
    616   520       -0.2109    62       -0.2053       -0.2279   141511   11.01%
    684   602       -0.2078    62       -0.2053       -0.2279   153818   11.01%
    849   650       -0.2233    82       -0.2053       -0.2279   163333   11.01%
    944   830       -0.2186    72       -0.2053       -0.2279   187919   11.01%
   1028   899       -0.2215    78       -0.2053       -0.2279   207394   11.01%
Elapsed time = 20.86 sec. (21925.45 ticks, tree = 26.17 MB, solutions = 3)
   1112   944       -0.2279    77       -0.2053       -0.2279   221879   11.01%
   1165  1032       -0.2262    74       -0.2053       -0.2279   239319   11.01%
   1181  1071       -0.2263    79       -0.2053       -0.2279   254122   11.01%

Performing restart 1

Repeating presolve.
Tried aggregator 1 time.
Reduced MIP has 3969 rows, 4687 columns, and 49236 nonzeros.
Reduced MIP has 1164 binaries, 0 generals, 0 SOSs, and 0 indicators.
Presolve time = 0.00 sec. (13.87 ticks)
Tried aggregator 1 time.
Reduced MIP has 3969 rows, 4687 columns, and 49236 nonzeros.
Reduced MIP has 1164 binaries, 0 generals, 0 SOSs, and 0 indicators.
Presolve time = 0.02 sec. (21.39 ticks)
Represolve time = 0.03 sec. (42.73 ticks)
   1206     0       -0.2279    83       -0.2053       Cuts: 7   270148   11.01%
   1206     0       -0.2279    80       -0.2053       Cuts: 5   270533   11.01%
   1206     0       -0.2279    81       -0.2053       Cuts: 6   271471   11.01%
   1206     0       -0.2279    76       -0.2053       Cuts: 5   272168   11.01%
   1206     0       -0.2279    81       -0.2053      Cuts: 10   273352   11.01%
   1206     0       -0.2279    71       -0.2053       Cuts: 5   274625   11.01%
   1206     0       -0.2279    82       -0.2053      Cuts: 10   275612   11.01%
   1206     2       -0.2279    65       -0.2053       -0.2279   275612   11.01%
   1208     4       -0.2279    83       -0.2053       -0.2279   281756   11.01%
   1210     3       -0.2275    76       -0.2053       -0.2279   279052   11.01%
   1220    10       -0.2279    86       -0.2053       -0.2279   291937   11.01%
   1236    28       -0.2279    89       -0.2053       -0.2279   307106   11.01%
   1259    46       -0.2226    72       -0.2053       -0.2279   322129   11.01%
   1278    66       -0.2186    78       -0.2053       -0.2279   333953   11.01%
Elapsed time = 41.88 sec. (48664.45 ticks, tree = 0.99 MB, solutions = 3)
   1312    83       -0.2178    85       -0.2053       -0.2279   348579   11.01%
   1364   119       -0.2241    81       -0.2053       -0.2279   360813   11.01%
   1420   196       -0.2067    59       -0.2053       -0.2279   376387   11.01%
   1471   226       -0.2207    69       -0.2053       -0.2279   384688   11.01%
   1512   263       -0.2155    76       -0.2053       -0.2279   399550   11.01%
   1591   324       -0.2106    54       -0.2053       -0.2279   402177   11.01%
   1684   386       -0.2248    86       -0.2053       -0.2279   417828   11.01%
   1716   385       -0.2279    88       -0.2053       -0.2279   427559   11.01%
   1766   480       -0.2138    61       -0.2053       -0.2279   449677   11.01%
   1822   508       -0.2259    78       -0.2053       -0.2279   461292   11.01%
Elapsed time = 49.62 sec. (58438.27 ticks, tree = 13.79 MB, solutions = 3)
   1871   566       -0.2258   103       -0.2053       -0.2279   474208   11.01%
   1927   589       -0.2212    80       -0.2053       -0.2279   481680   11.01%
   2008   681       -0.2204    84       -0.2053       -0.2279   497277   11.01%
   2088   754       -0.2217    75       -0.2053       -0.2279   506377   11.01%
   2240   842       -0.2112    53       -0.2053       -0.2279   514898   11.01%
   2387  1000       -0.2259    80       -0.2053       -0.2279   527283   11.01%
   2456  1114       -0.2242    77       -0.2053       -0.2279   539993   11.01%
   2567  1152       -0.2189    66       -0.2053       -0.2279   543633   11.01%
   2674  1267       -0.2249    82       -0.2053       -0.2279   559582   11.01%
   2810  1452       -0.2209    78       -0.2053       -0.2279   573246   11.01%
Elapsed time = 57.19 sec. (68220.33 ticks, tree = 43.91 MB, solutions = 3)
   2880  1528       -0.2195    89       -0.2053       -0.2279   583553   11.01%
   2979  1569       -0.2192    85       -0.2053       -0.2279   592103   11.01%
   3070  1664       -0.2166    69       -0.2053       -0.2279   608408   11.01%
   3167  1791       -0.2183    82       -0.2053       -0.2279   616728   11.01%
   3326  1833       -0.2273    83       -0.2053       -0.2279   624820   11.01%
   3400  1987       -0.2240    77       -0.2053       -0.2279   642989   11.01%
   3505  2123       -0.2147    70       -0.2053       -0.2279   658989   11.01%
   3722  2228       -0.2088    54       -0.2053       -0.2279   666214   11.01%
   3836  2383       -0.2134    61       -0.2053       -0.2279   672820   11.01%
   4077  2596       -0.2260    87       -0.2053       -0.2279   689415   11.01%
Elapsed time = 64.50 sec. (77882.54 ticks, tree = 80.34 MB, solutions = 3)
   4192  2625       -0.2209    72       -0.2053       -0.2279   696411   11.01%
   4255  2784       -0.2234    86       -0.2053       -0.2279   713430   11.01%
   4334  2855       -0.2188    50       -0.2053       -0.2279   723530   11.01%
   4426  2952       -0.2202    67       -0.2053       -0.2279   744745   11.01%
   4549  3068       -0.2054    40       -0.2053       -0.2279   751871   11.01%
   4688  3078       -0.2268    83       -0.2053       -0.2279   755645   11.01%
   4758  3299       -0.2255    96       -0.2053       -0.2279   777831   11.01%
   4823  3357       -0.2202    90       -0.2053       -0.2279   785307   11.01%
   4899  3376       -0.2196    89       -0.2053       -0.2279   788960   11.01%
   4950  3472       -0.2179    86       -0.2053       -0.2279   806787   11.01%
Elapsed time = 72.02 sec. (87522.89 ticks, tree = 108.14 MB, solutions = 3)
   5075  3502       -0.2092    70       -0.2053       -0.2279   810466   11.01%
   5256  3755       -0.2124    70       -0.2053       -0.2279   827560   11.01%
   5375  3805       -0.2078    66       -0.2053       -0.2279   832284   11.01%
   5440  3828       -0.2245    79       -0.2053       -0.2279   838768   11.01%
   5531  4021       -0.2234    91       -0.2053       -0.2279   866386   11.01%
   5616  4041       -0.2206    82       -0.2053       -0.2279   868489   11.01%
   5687  4067       -0.2239    83       -0.2053       -0.2279   882497   11.01%
   5827  4287       -0.2078    51       -0.2053       -0.2279   899307   11.01%
   5928  4338       -0.2083    73       -0.2053       -0.2279   905249   11.01%
   5959  4356       -0.2168    72       -0.2053       -0.2279   909194   11.01%
Elapsed time = 79.33 sec. (97167.66 ticks, tree = 136.50 MB, solutions = 3)
   6045  4479       -0.2135    71       -0.2053       -0.2279   924654   11.01%
   6124  4572       -0.2260    86       -0.2053       -0.2279   947640   11.01%
   6197  4596       -0.2204    93       -0.2053       -0.2279   953986   11.01%
   6308  4658       -0.2233    85       -0.2053       -0.2279   965443   11.01%
   6420  4780       -0.2143    69       -0.2053       -0.2279   978062   11.01%
   6542  4808       -0.2229    80       -0.2053       -0.2279   989862   11.01%
   6611  4986       -0.2094    75       -0.2053       -0.2279   999739   11.01%
   6695  5095       -0.2055    78       -0.2053       -0.2279  1016144   11.01%
   6739  5107       -0.2251    92       -0.2053       -0.2279  1019838   11.01%
   6787  5133       -0.2279    74       -0.2053       -0.2279  1027109   11.01%
Elapsed time = 86.81 sec. (106875.19 ticks, tree = 161.26 MB, solutions = 3)
   6843  5262       -0.2213    79       -0.2053       -0.2279  1053910   11.01%
   6963  5315       -0.2073    67       -0.2053       -0.2279  1061429   11.01%
   7070  5330       -0.2265    94       -0.2053       -0.2279  1066294   11.01%
   7136  5421       -0.2195    79       -0.2053       -0.2279  1077057   11.01%
   7230  5528       -0.2088    53       -0.2053       -0.2279  1084721   11.01%
   7357  5744       -0.2180    88       -0.2053       -0.2279  1107915   11.01%
   7424  5774       -0.2083    68       -0.2053       -0.2279  1114174   11.01%
   7541  5804       -0.2133    66       -0.2053       -0.2279  1122638   11.01%
   7630  5921       -0.2219    80       -0.2053       -0.2279  1137260   11.01%
   7968  6204       -0.2176    67       -0.2053       -0.2279  1182423   11.01%
Elapsed time = 96.70 sec. (119358.06 ticks, tree = 195.16 MB, solutions = 3)
   8387  6614       -0.2084    49       -0.2053       -0.2279  1237975   11.01%
   8944  7033       -0.2078    52       -0.2053       -0.2279  1279376   11.01%
   9393  7497       -0.2070    63       -0.2053       -0.2279  1339290   11.01%
   9853  7962       -0.2088    58       -0.2053       -0.2279  1400047   11.01%
  10201  8258       -0.2202    73       -0.2053       -0.2279  1433935   11.01%
  10619  8689       -0.2110    76       -0.2053       -0.2279  1493554   11.01%
  10986  9007       -0.2056    53       -0.2053       -0.2279  1549439   11.01%
  11332  9534       -0.2098    62       -0.2053       -0.2279  1619051   11.01%
  11766  9752       -0.2225    73       -0.2053       -0.2279  1661683   11.01%
  12255 10273       -0.2054    52       -0.2053       -0.2279  1727129   11.01%
Elapsed time = 126.03 sec. (157612.24 ticks, tree = 325.14 MB, solutions = 3)
  12636 10485       -0.2260    81       -0.2053       -0.2279  1750578   11.01%
  13084 10979       -0.2202    80       -0.2053       -0.2279  1826668   11.01%
  13484 11416       -0.2106    67       -0.2053       -0.2279  1887251   11.01%
  13953 11853       -0.2095    60       -0.2053       -0.2279  1953005   11.01%
  14311 12282       -0.2237    69       -0.2053       -0.2279  2037654   11.01%
  14778 12653       -0.2271    84       -0.2053       -0.2279  2085471   11.01%
  15080 13121       -0.2195    74       -0.2053       -0.2279  2152145   11.01%
  15609 13240       -0.2067    48       -0.2053       -0.2279  2169703   11.01%
  16120 13620       -0.2263    84       -0.2053       -0.2279  2205618   11.01%
  16624 14131       -0.2142    60       -0.2053       -0.2279  2257875   11.01%
Elapsed time = 155.25 sec. (195850.71 ticks, tree = 447.94 MB, solutions = 3)
  17003 14757       -0.2164    75       -0.2053       -0.2279  2331387   11.01%
  17455 15021       -0.2136    74       -0.2053       -0.2279  2373474   11.01%
  17813 15631       -0.2258    90       -0.2053       -0.2279  2462857   11.01%
  18281 15998       -0.2114    66       -0.2053       -0.2279  2514023   11.01%
  18808 16277       -0.2233    78       -0.2053       -0.2279  2552667   11.01%
  19231 16915       -0.2188    76       -0.2053       -0.2279  2633928   11.01%
  19665 17209       -0.2254    88       -0.2053       -0.2279  2689626   11.01%
  20143 17535       -0.2215    87       -0.2053       -0.2279  2729917   11.01%
  20603 18252       -0.2230    81       -0.2053       -0.2279  2829718   11.01%
  20966 18426       -0.2203    79       -0.2053       -0.2279  2856550   11.01%
Elapsed time = 184.52 sec. (234060.99 ticks, tree = 585.28 MB, solutions = 3)
  21281 18798       -0.2248    98       -0.2053       -0.2279  2905996   11.01%
  21703 19149       -0.2208    65       -0.2053       -0.2279  2966716   11.01%
  22144 19506       -0.2237    89       -0.2053       -0.2279  3015426   11.01%
  22623 19878       -0.2251    87       -0.2053       -0.2279  3048455   11.01%
  23013 20327       -0.2062    57       -0.2053       -0.2279  3111564   11.01%
  23431 21054       -0.2218    83       -0.2053       -0.2279  3214586   11.01%
  23965 21424       -0.2056    40       -0.2053       -0.2279  3266053   11.01%
  24316 21781       -0.2226    85       -0.2053       -0.2279  3323786   11.01%
  24632 22095       -0.2191    80       -0.2053       -0.2279  3349150   11.01%
  24823 22160       -0.2104    69       -0.2053       -0.2279  3374315   11.01%
Elapsed time = 213.88 sec. (272319.43 ticks, tree = 713.08 MB, solutions = 3)
  25113 22470       -0.2160    62       -0.2053       -0.2279  3404683   11.01%
  25438 22710       -0.2127    82       -0.2053       -0.2279  3441780   11.01%
  25937 22989       -0.2131    72       -0.2053       -0.2279  3475119   11.01%
  26363 23695       -0.2240    91       -0.2053       -0.2279  3572600   11.01%
  26903 24156       -0.2062    69       -0.2053       -0.2279  3633643   11.01%
  27315 24480       -0.2213    84       -0.2053       -0.2279  3673221   11.01%
  27628 24713       -0.2258    91       -0.2053       -0.2279  3713815   11.01%
  28014 25250       -0.2258    86       -0.2053       -0.2279  3778515   11.01%
  28426 25634       -0.2134    75       -0.2053       -0.2279  3840068   11.01%
  28827 25915       -0.2262    87       -0.2053       -0.2279  3890935   11.01%
Elapsed time = 243.34 sec. (310531.06 ticks, tree = 826.39 MB, solutions = 3)
  29213 26117       -0.2132    61       -0.2053       -0.2279  3932248   11.01%
  29560 26639       -0.2187    73       -0.2053       -0.2279  4012408   11.01%
  30066 27050       -0.2277    93       -0.2053       -0.2279  4074416   11.01%
  30518 27242       -0.2059    56       -0.2053       -0.2279  4095495   11.01%
  30993 27894       -0.2203    74       -0.2053       -0.2279  4184279   11.01%
  31478 28254       -0.2262    86       -0.2053       -0.2279  4239808   11.01%
  31909 28822       -0.2054    35       -0.2053       -0.2279  4306169   11.01%
  32350 29053       -0.2139    66       -0.2053       -0.2279  4351950   11.01%
  32822 29663       -0.2200    77       -0.2053       -0.2279  4442112   11.01%
  33265 29993       -0.2226    78       -0.2053       -0.2279  4494211   11.01%
Elapsed time = 272.75 sec. (348796.23 ticks, tree = 957.56 MB, solutions = 3)
  33808 30439       -0.2215    74       -0.2053       -0.2279  4553712   11.01%
  34157 31165       -0.2181    70       -0.2053       -0.2279  4637559   11.01%
  34664 31632       -0.2171    71       -0.2053       -0.2279  4697563   11.01%
  35219 31845       -0.2241    79       -0.2053       -0.2279  4720741   11.01%
  35731 32598       -0.2222    80       -0.2053       -0.2279  4815441   11.01%
  36214 32720       -0.2278    74       -0.2053       -0.2279  4831627   11.01%
  36614 33488       -0.2186    70       -0.2053       -0.2279  4954637   11.01%
  36990 33511       -0.2248    84       -0.2053       -0.2279  4953276   11.01%
  37376 33936       -0.2078    54       -0.2053       -0.2279  5021841   11.01%
  37811 34371       -0.2279    84       -0.2053       -0.2279  5118093   10.99%
Elapsed time = 302.52 sec. (387029.66 ticks, tree = 1100.25 MB, solutions = 3)
  38257 34948       -0.2258    88       -0.2053       -0.2279  5218279   10.99%
  38686 35412       -0.2220    74       -0.2053       -0.2279  5299585   10.99%
  39069 35563       -0.2085    50       -0.2053       -0.2279  5335745   10.99%
  39524 35945       -0.2171    68       -0.2053       -0.2279  5407061   10.99%
  39860 36176       -0.2070    72       -0.2053       -0.2279  5446608   10.99%
  40353 36955       -0.2062    65       -0.2053       -0.2278  5580495   10.96%
  41009 37397       -0.2204    77       -0.2053       -0.2278  5647872   10.96%
  41517 37994       -0.2062    58       -0.2053       -0.2278  5727736   10.96%
  41931 38083       -0.2078    59       -0.2053       -0.2277  5742284   10.92%
  42402 38598       -0.2101    62       -0.2053       -0.2277  5819466   10.92%
Elapsed time = 332.81 sec. (425252.40 ticks, tree = 1236.62 MB, solutions = 3)
  42905 39013       -0.2171    64       -0.2053       -0.2277  5870722   10.92%
  43325 39278       -0.2240    74       -0.2053       -0.2277  5931805   10.92%
  43859 40153       -0.2078    61       -0.2053       -0.2277  6066362   10.92%
  44352 40250       -0.2093    58       -0.2053       -0.2277  6082481   10.90%
  44958 40991       -0.2062    40       -0.2053       -0.2277  6192633   10.90%
  45577 41427        cutoff             -0.2053       -0.2276  6239357   10.88%
  46096 41687       -0.2109    48       -0.2053       -0.2276  6291728   10.87%
  46646 42225       -0.2062    49       -0.2053       -0.2276  6358962   10.87%
  47113 42782       -0.2093    53       -0.2053       -0.2276  6436877   10.87%

Performing restart 2

Repeating presolve.
Tried aggregator 1 time.
Reduced MIP has 3969 rows, 4687 columns, and 49236 nonzeros.
Reduced MIP has 1164 binaries, 0 generals, 0 SOSs, and 0 indicators.
Presolve time = 0.02 sec. (13.87 ticks)
Tried aggregator 1 time.
Reduced MIP has 3969 rows, 4687 columns, and 49236 nonzeros.
Reduced MIP has 1164 binaries, 0 generals, 0 SOSs, and 0 indicators.
Presolve time = 0.02 sec. (21.39 ticks)
Represolve time = 0.06 sec. (44.46 ticks)
  47162     0       -0.2279    77       -0.2053      Fract: 1  6514371   10.87%
  47162     0       -0.2279    75       -0.2053       Cuts: 7  6515185   10.87%
  47162     0       -0.2279    77       -0.2053    MIRcuts: 2  6515816   10.87%
  47162     0       -0.2279    69       -0.2053      Fract: 1  6516364   10.87%
  47162     0       -0.2279    80       -0.2053      Cuts: 16  6517793   10.87%
  47162     2       -0.2279    74       -0.2053       -0.2276  6517793   10.87%
Elapsed time = 373.17 sec. (474860.40 ticks, tree = 0.02 MB, solutions = 3)
  47181    20       -0.2279    81       -0.2053       -0.2276  6544716   10.87%
  47219    48       -0.2225    91       -0.2053       -0.2276  6591641   10.87%
  47287   109       -0.2140    77       -0.2053       -0.2276  6649029   10.87%
  47369   176       -0.2167    66       -0.2053       -0.2276  6688450   10.87%
  47479   264       -0.2058    63       -0.2053       -0.2276  6721360   10.87%
  47599   384       -0.2233    93       -0.2053       -0.2276  6754349   10.87%
  47879   564       -0.2237    70       -0.2053       -0.2276  6780424   10.87%
  48201   862       -0.2108    52       -0.2053       -0.2276  6813489   10.87%
  48507  1134       -0.2230    76       -0.2053       -0.2276  6858674   10.87%
  48946  1423       -0.2261    81       -0.2053       -0.2276  6890016   10.87%
Elapsed time = 403.88 sec. (513325.42 ticks, tree = 27.98 MB, solutions = 3)
  49346  1797       -0.2099    40       -0.2053       -0.2276  6950832   10.87%
  49809  2068       -0.2202    66       -0.2053       -0.2276  6993388   10.87%
  50315  2502       -0.2252    86       -0.2053       -0.2276  7045632   10.87%
  50862  2978       -0.2163    64       -0.2053       -0.2276  7098449   10.87%
  51287  3413       -0.2062    48       -0.2053       -0.2276  7153999   10.87%
  51667  3822       -0.2256    81       -0.2053       -0.2276  7213914   10.87%
  52053  4074       -0.2257    91       -0.2053       -0.2276  7266983   10.87%
  52557  4480       -0.2230    82       -0.2053       -0.2276  7315290   10.87%
  53083  4996       -0.2058    48       -0.2053       -0.2276  7385601   10.87%
  53688  5438       -0.2140    57       -0.2053       -0.2276  7444690   10.87%
Elapsed time = 433.86 sec. (551519.71 ticks, tree = 153.60 MB, solutions = 3)
  54284  5958       -0.2191    64       -0.2053       -0.2276  7507183   10.87%
  54805  6396       -0.2202    81       -0.2053       -0.2276  7564193   10.87%
  55396  6914       -0.2218    93       -0.2053       -0.2276  7638097   10.87%
  55909  7345       -0.2067    43       -0.2053       -0.2276  7697997   10.87%
  56395  7811       -0.2166    70       -0.2053       -0.2276  7765682   10.87%
  56891  8213       -0.2079    63       -0.2053       -0.2276  7821291   10.87%
  57447  8634       -0.2266    86       -0.2053       -0.2276  7878700   10.87%
  58010  9096       -0.2085    54       -0.2053       -0.2276  7941844   10.87%
  58582  9811       -0.2053    48       -0.2053       -0.2276  8026890   10.87%
  58954 10002       -0.2082    71       -0.2053       -0.2276  8057163   10.87%
Elapsed time = 464.41 sec. (589766.91 ticks, tree = 288.44 MB, solutions = 3)
  59573 10571       -0.2074    50       -0.2053       -0.2276  8126151   10.87%
  60037 10932       -0.2237    94       -0.2053       -0.2276  8178992   10.87%
  60612 11379       -0.2085    65       -0.2053       -0.2276  8241548   10.87%
  61057 11749       -0.2075    59       -0.2053       -0.2276  8288619   10.87%
  61588 12196       -0.2258    84       -0.2053       -0.2276  8350149   10.87%
  62045 12584       -0.2115    46       -0.2053       -0.2276  8393613   10.87%
  62655 13259       -0.2217    66       -0.2053       -0.2276  8496093   10.87%
  63143 13412       -0.2085    53       -0.2053       -0.2276  8518397   10.87%
  63809 14049       -0.2062    38       -0.2053       -0.2276  8603422   10.87%
  64044 14587       -0.2130    54       -0.2053       -0.2276  8669125   10.87%
Elapsed time = 494.80 sec. (628021.14 ticks, tree = 433.79 MB, solutions = 3)
  64541 14817       -0.2078    41       -0.2053       -0.2276  8712376   10.87%
  65219 15333       -0.2248    78       -0.2053       -0.2276  8768670   10.87%
  65658 15759       -0.2077    78       -0.2053       -0.2276  8805717   10.87%
  65991 16345       -0.2063    52       -0.2053       -0.2276  8899591   10.87%
  66477 16550       -0.2149    59       -0.2053       -0.2276  8946044   10.87%
  66994 17126       -0.2078    56       -0.2053       -0.2276  9029683   10.87%
  67549 17608       -0.2062    44       -0.2053       -0.2276  9071073   10.87%
  68039 17774       -0.2124    59       -0.2053       -0.2276  9109901   10.87%
  68584 18258       -0.2242    80       -0.2053       -0.2276  9154826   10.87%
  69129 19027       -0.2062    51       -0.2053       -0.2276  9259452   10.87%
Elapsed time = 525.00 sec. (666274.14 ticks, tree = 576.65 MB, solutions = 3)
  69636 19358       -0.2062    45       -0.2053       -0.2276  9293727   10.87%
  70141 19637       -0.2142    49       -0.2053       -0.2276  9347599   10.87%
  70643 20361       -0.2097    59       -0.2053       -0.2276  9435312   10.87%
  71234 20698       -0.2078    52       -0.2053       -0.2276  9475368   10.87%
  71800 20858       -0.2230    81       -0.2053       -0.2276  9501733   10.87%
  72419 21646       -0.2078    44       -0.2053       -0.2276  9586053   10.87%
  72869 22250       -0.2054    48       -0.2053       -0.2276  9639890   10.87%
  73459 22673       -0.2248    69       -0.2053       -0.2276  9697642   10.87%
  73861 23189       -0.2212    86       -0.2053       -0.2276  9755655   10.85%
  74098 23375       -0.2074    56       -0.2053       -0.2276  9772972   10.84%
Elapsed time = 555.06 sec. (704563.21 ticks, tree = 717.38 MB, solutions = 3)
  74397 23681       -0.2198    66       -0.2053       -0.2275  9807951   10.83%
  74883 24036       -0.2190    75       -0.2053       -0.2275  9836821   10.83%
  75237 24364       -0.2054    66       -0.2053       -0.2275  9871094   10.82%
  75560 24563       -0.2062    56       -0.2053       -0.2275  9891629   10.82%
  75970 25034       -0.2215    59       -0.2053       -0.2275  9934561   10.81%
  76419 25317       -0.2118    58       -0.2053       -0.2274  9965587   10.79%
  76722 25592        cutoff             -0.2053       -0.2274  9998616   10.78%
  77135 25972       -0.2078    53       -0.2053       -0.2274 10040259   10.77%
  78000 26325       -0.2062    51       -0.2053       -0.2274 10082244   10.76%
  78664 27034       -0.2206    70       -0.2053       -0.2273 10147287   10.73%
Elapsed time = 584.94 sec. (742833.02 ticks, tree = 835.53 MB, solutions = 3)
  79186 27783       -0.2139    54       -0.2053       -0.2273 10227919   10.72%
  79956 27978       -0.2145    56       -0.2053       -0.2273 10245027   10.71%
  80634 28772       -0.2245    65       -0.2053       -0.2273 10316696   10.70%
  81112 29578       -0.2078    53       -0.2053       -0.2273 10387507   10.69%
  81903 30149       -0.2058    33       -0.2053       -0.2272 10451343   10.68%

Mixed integer rounding cuts applied:  11
Gomory fractional cuts applied:  7

Root node processing (before b&c):
  Real time             =    9.73 sec. (8777.08 ticks)
Parallel b&c, 4 threads:
  Real time             =  590.28 sec. (753586.87 ticks)
  Sync time (average)   =   18.01 sec.
  Wait time (average)   =    0.00 sec.
                          ------------
Total (root+branch&cut) =  600.02 sec. (762363.95 ticks)
