Version identifier: 22.2.0.0 | 2026-05-04 | 5dff98e58
CPXPARAM_Read_DataCheck                          1
CPXPARAM_Threads                                 4
CPXPARAM_Parallel                                1
CPXPARAM_RandomSeed                              20260925
CPXPARAM_MIP_Strategy_Search                     1
CPXPARAM_Simplex_Tolerances_Optimality           1.0000000000000001e-09
CPXPARAM_Simplex_Tolerances_Feasibility          1.0000000000000001e-09
CPXPARAM_TimeLimit                               600
CPXPARAM_MIP_Tolerances_AbsMIPGap                1.0000000000000001e-09
CPXPARAM_MIP_Tolerances_Integrality              1.0000000000000001e-09
Legacy callback                                  iLUD
Lazy constraint(s) or lazy constraint/branch callback is present.
    Disabling dual reductions (CPX_PARAM_REDUCE) in presolve.
    Disabling presolve reductions that prevent crushing forms (CPX_PARAM_PREREFORM).
         Disabling repeat represolve because of lazy constraint/incumbent callback.
Warning: Effort level 'CheckFeas' is incompatible with lazy constraint/incumbent callback.
         Effort level increased to 'SolveFixed'.
1 of 1 MIP starts provided solutions.
MIP start 'm1' defined initial solution with objective -0.2810.
Tried aggregator 1 time.
MIP Presolve eliminated 40 rows and 0 columns.
Reduced MIP has 394 rows, 478 columns, and 2999 nonzeros.
Reduced MIP has 232 binaries, 0 generals, 0 SOSs, and 0 indicators.
Presolve time = 0.00 sec. (1.08 ticks)
Probing time = 0.00 sec. (0.11 ticks)
MIP emphasis: balance optimality and feasibility.
MIP search method: traditional branch-and-cut.
Parallel mode: deterministic, using up to 4 threads.
Root relaxation solution time = 0.02 sec. (9.86 ticks)

        Nodes                                         Cuts/
   Node  Left     Objective  IInf  Best Integer    Best Bound    ItCnt     Gap         Variable B NodeID Parent  Depth

*     0+    0                           -0.2810       -0.9452           236.44%
      0     0       -0.3561    44       -0.2810       -0.3561      528   26.74%
      0     0       -0.3559    46       -0.2810   Flowcuts: 3      537   26.68%
      0     0       -0.3558    40       -0.2810       Cuts: 2      552   26.63%
      0     0       -0.3557    41       -0.2810   Flowcuts: 1      559   26.60%
      0     0       -0.3553    44       -0.2810    MIRcuts: 1      580   26.46%
*     0+    0                           -0.2952       -0.3553            20.35%
      0     0       -0.3527    49       -0.2952      Cuts: 10      658   19.45%
      0     0       -0.3520    54       -0.2952       Cuts: 3      684   19.23%
      0     0       -0.3520    53       -0.2952       Cuts: 2      693   19.23%
      0     0       -0.3520    52       -0.2952       Cuts: 3      704   19.23%
*     0+    0                           -0.3024       -0.3520            16.41%
*     0+    0                           -0.3262       -0.3520             7.91%
*     0+    0                           -0.3286       -0.3520             7.13%
*     0+    0                           -0.3310       -0.3520             6.36%
      0     0  -1.00000e+75     0       -0.3310       -0.3520      704    6.36%
      0     2       -0.3520    51       -0.3310       -0.3520      704    6.36%                        0             0
Elapsed time = 0.20 sec. (166.07 ticks, tree = 0.02 MB, solutions = 6)
*    78+   52                           -0.3333       -0.3500             4.99%
*   161+  107                           -0.3357       -0.3500             4.25%
*   185   131      integral     0       -0.3381       -0.3500     6448    3.51%             x93 U    211    207     20
*   581+  353                           -0.3405       -0.3477             2.13%
   1280   644       -0.3442    27       -0.3405       -0.3458    30681    1.57%            x141 D   1257   1253     11
   2675  1069        cutoff             -0.3405       -0.3441    56318    1.06%             x77 D   2665   2661     13
   4157  1201       -0.3407    14       -0.3405       -0.3429    85839    0.70%            x225 U   4287   4283     24
   5854   424       -0.3406    12       -0.3405       -0.3412   113184    0.20%            x125 U   5987   3625     15

Flow cuts applied:  6
Mixed integer rounding cuts applied:  8
User cuts applied:  68

Root node processing (before b&c):
  Real time             =    0.20 sec. (165.77 ticks)
Parallel b&c, 4 threads:
  Real time             =    3.02 sec. (1133.64 ticks)
  Sync time (average)   =    0.19 sec.
  Wait time (average)   =    0.00 sec.
                          ------------
Total (root+branch&cut) =    3.22 sec. (1299.41 ticks)
