Version identifier: 22.2.0.0 | 2026-05-04 | 5dff98e58
CPXPARAM_Read_DataCheck                          1
CPXPARAM_Threads                                 4
CPXPARAM_Parallel                                1
CPXPARAM_RandomSeed                              20260925
CPXPARAM_Simplex_Tolerances_Optimality           1.0000000000000001e-09
CPXPARAM_Simplex_Tolerances_Feasibility          1.0000000000000001e-09
CPXPARAM_TimeLimit                               30
CPXPARAM_MIP_Tolerances_AbsMIPGap                1.0000000000000001e-09
CPXPARAM_MIP_Tolerances_Integrality              1.0000000000000001e-09
Legacy callback                                  i
Found incumbent of value 0.000000 after 0.00 sec. (0.00 ticks)
Tried aggregator 1 time.
MIP Presolve eliminated 2 rows and 1 columns.
MIP Presolve modified 4 coefficients.
Reduced MIP has 36 rows, 31 columns, and 120 nonzeros.
Reduced MIP has 6 binaries, 0 generals, 0 SOSs, and 0 indicators.
Presolve time = 0.00 sec. (0.05 ticks)
Probing time = 0.00 sec. (0.01 ticks)
Tried aggregator 1 time.
Detecting symmetries...
Reduced MIP has 36 rows, 31 columns, and 120 nonzeros.
Reduced MIP has 6 binaries, 0 generals, 0 SOSs, and 0 indicators.
Presolve time = 0.00 sec. (0.06 ticks)
Probing time = 0.00 sec. (0.01 ticks)
Clique table members: 2.
MIP emphasis: balance optimality and feasibility.
MIP search method: dynamic search.
Parallel mode: deterministic, using up to 4 threads.
Root relaxation solution time = 0.02 sec. (0.11 ticks)

        Nodes                                         Cuts/
   Node  Left     Objective  IInf  Best Integer    Best Bound    ItCnt     Gap

*     0+    0                            0.0000       -1.0000              --- 
*     0+    0                           -0.2367       -1.0000           322.44%
      0     0       -0.7954     4       -0.2367       -0.7954       28  235.99%
*     0+    0                           -0.4538       -0.7954            75.27%
      0     0       -0.6076     5       -0.4538      Cuts: 10       42   33.90%
      0     0       -0.4721     4       -0.4538       Cuts: 3       52    4.04%
      0     0       -0.4710     2       -0.4538       Cuts: 3       55    3.79%
      0     0       -0.4700     5       -0.4538   Flowcuts: 2       56    3.56%
      0     0       -0.4700     5       -0.4538    MIRcuts: 1       57    3.56%
Detecting symmetries...
      0     0       -0.4630     5       -0.4538    MIRcuts: 1       63    2.02%
      0     0        cutoff             -0.4538                     65    0.00%
Elapsed time = 0.03 sec. (1.79 ticks, tree = 0.01 MB, solutions = 2)

Implied bound cuts applied:  3
Mixed integer rounding cuts applied:  7

Root node processing (before b&c):
  Real time             =    0.03 sec. (1.79 ticks)
Parallel b&c, 4 threads:
  Real time             =    0.00 sec. (0.00 ticks)
  Sync time (average)   =    0.00 sec.
  Wait time (average)   =    0.00 sec.
                          ------------
Total (root+branch&cut) =    0.03 sec. (1.79 ticks)
