Version identifier: 22.2.0.0 | 2026-05-04 | 5dff98e58
CPXPARAM_Read_DataCheck                          1
CPXPARAM_Threads                                 4
CPXPARAM_Parallel                                1
CPXPARAM_RandomSeed                              20260925
CPXPARAM_Simplex_Tolerances_Optimality           1.0000000000000001e-09
CPXPARAM_Simplex_Tolerances_Feasibility          1.0000000000000001e-09
CPXPARAM_TimeLimit                               600
CPXPARAM_MIP_Tolerances_AbsMIPGap                1.0000000000000001e-09
CPXPARAM_MIP_Tolerances_Integrality              1.0000000000000001e-09
Legacy callback                                  i
Found incumbent of value 0.000000 after 0.02 sec. (0.15 ticks)
Tried aggregator 1 time.
MIP Presolve eliminated 1347 rows and 1 columns.
MIP Presolve modified 3474 coefficients.
Reduced MIP has 3968 rows, 4687 columns, and 49206 nonzeros.
Reduced MIP has 1164 binaries, 0 generals, 0 SOSs, and 0 indicators.
Presolve time = 0.02 sec. (32.66 ticks)
Probing time = 0.00 sec. (0.68 ticks)
Tried aggregator 1 time.
Detecting symmetries...
Reduced MIP has 3968 rows, 4687 columns, and 49206 nonzeros.
Reduced MIP has 1164 binaries, 0 generals, 0 SOSs, and 0 indicators.
Presolve time = 0.02 sec. (21.11 ticks)
Probing time = 0.00 sec. (0.78 ticks)
MIP emphasis: balance optimality and feasibility.
MIP search method: dynamic search.
Parallel mode: deterministic, using up to 4 threads.
Root relaxation solution time = 0.17 sec. (189.63 ticks)

        Nodes                                         Cuts/
   Node  Left     Objective  IInf  Best Integer    Best Bound    ItCnt     Gap

*     0+    0                            0.0000       -1.0000              --- 
*     0+    0                           -0.0186       -1.0000              --- 
      0     0       -0.2246    93       -0.0186       -0.2246     3184     --- 
*     0+    0                           -0.0853       -0.2246           163.36%
*     0+    0                           -0.1874       -0.2246            19.86%
      0     0       -0.2246    84       -0.1874       Cuts: 6     3596   19.86%
      0     0       -0.2246    86       -0.1874       Cuts: 4     4316   19.86%
      0     0       -0.2246    79       -0.1874    MIRcuts: 1     4491   19.86%
      0     0       -0.2246    79       -0.1874    MIRcuts: 1     4912   19.86%
      0     2       -0.2246    72       -0.1874       -0.2246     4912   19.86%
Elapsed time = 7.94 sec. (8152.47 ticks, tree = 0.02 MB, solutions = 4)
      1     3       -0.2246    88       -0.1874       -0.2246     7588   19.86%
      3     4       -0.2246    93       -0.1874       -0.2246    10348   19.86%
      9    10       -0.2202    90       -0.1874       -0.2246    19635   19.86%
     11    13       -0.2217    84       -0.1874       -0.2246    26747   19.86%
     15    16       -0.2215    78       -0.1874       -0.2246    31789   19.86%
     18    17       -0.2246    85       -0.1874       -0.2246    32419   19.86%
     28    25       -0.2217    86       -0.1874       -0.2246    42091   19.86%
     36    26       -0.2217    84       -0.1874       -0.2246    44245   19.86%
     45    42       -0.2186    92       -0.1874       -0.2246    56442   19.86%
     77    71       -0.2209    83       -0.1874       -0.2246    73163   19.86%
Elapsed time = 11.28 sec. (11816.41 ticks, tree = 0.48 MB, solutions = 4)
    149   122       -0.2031    57       -0.1874       -0.2246    88061   19.86%
    203   168       -0.2239    78       -0.1874       -0.2246   104636   19.86%
    270   208       -0.2003    42       -0.1874       -0.2246   111017   19.86%
    395   370       -0.2060    37       -0.1874       -0.2246   123871   19.86%
*   466+  351                           -0.1876       -0.2246            19.71%
*   469+  350                           -0.1889       -0.2246            18.88%
*   474+  350                           -0.1891       -0.2246            18.73%
*   474+  348                           -0.1905       -0.2246            17.91%
    517   499       -0.2096    41       -0.1905       -0.2246   138939   17.91%
*   596+  437                           -0.1905       -0.2246            17.91%
    618   578       -0.2041    28       -0.1905       -0.2246   155605   17.91%
    684   596       -0.2226    73       -0.1905       -0.2246   163106   17.91%
    739   651       -0.2123    48       -0.1905       -0.2246   170431   17.91%
    917   764       -0.2042    42       -0.1905       -0.2246   185447   17.91%
   1097   914       -0.2044    32       -0.1905       -0.2246   203209   17.91%
Elapsed time = 19.91 sec. (21585.06 ticks, tree = 23.52 MB, solutions = 11)
*  1231+ 1084                           -0.1920       -0.2246            16.96%
*  1234+ 1084                           -0.1922       -0.2246            16.81%
*  1237+ 1084                           -0.1936       -0.2246            16.02%
   1237  1056       -0.2189    62       -0.1936       -0.2246   220878   16.02%
*  1239+ 1084                           -0.1949       -0.2246            15.20%
*  1239+ 1084                           -0.1951       -0.2246            15.10%
   1314  1060       -0.2242    90       -0.1951       -0.2246   238822   15.10%
*  1320+ 1051                           -0.1952       -0.2246            15.06%
*  1320+ 1051                           -0.1953       -0.2246            14.96%
   1329  1098       -0.2215    71       -0.1953       -0.2246   249289   14.96%

Performing restart 1

Repeating presolve.
Tried aggregator 1 time.
Reduced MIP has 3968 rows, 4687 columns, and 49206 nonzeros.
Reduced MIP has 1164 binaries, 0 generals, 0 SOSs, and 0 indicators.
Presolve time = 0.02 sec. (13.87 ticks)
Tried aggregator 1 time.
Reduced MIP has 3968 rows, 4687 columns, and 49206 nonzeros.
Reduced MIP has 1164 binaries, 0 generals, 0 SOSs, and 0 indicators.
Presolve time = 0.02 sec. (21.39 ticks)
Represolve time = 0.05 sec. (46.12 ticks)
   1331     0       -0.2246    79       -0.1953       Cuts: 4   255107   14.96%
   1331     0       -0.2246    76       -0.1953       Cuts: 7   256005   14.96%
   1331     0       -0.2246    88       -0.1953    MIRcuts: 2   256271   14.96%
   1331     0       -0.2246    82       -0.1953    MIRcuts: 1   256425   14.96%
   1331     0       -0.2246    73       -0.1953      Fract: 2   257239   14.96%
   1331     0       -0.2246    90       -0.1953       Cuts: 6   258636   14.96%
   1331     0       -0.2246   100       -0.1953    MIRcuts: 5   259287   14.96%
   1331     0       -0.2246    77       -0.1953       Cuts: 4   259827   14.96%
   1331     0       -0.2246    87       -0.1953      Fract: 3   260748   14.96%
   1331     2       -0.2246    74       -0.1953       -0.2246   260748   14.96%
   1333     4       -0.2246    84       -0.1953       -0.2246   266476   14.96%
   1335     3       -0.2215    81       -0.1953       -0.2246   265444   14.96%
   1340     9       -0.2215    95       -0.1953       -0.2246   274609   14.96%
   1351    10       -0.2215    89       -0.1953       -0.2246   285517   14.96%
   1361    27       -0.2109    76       -0.1953       -0.2246   317118   14.96%
   1377    43       -0.2109    78       -0.1953       -0.2246   342053   14.96%
Elapsed time = 40.08 sec. (43444.70 ticks, tree = 0.12 MB, solutions = 24)
   1403    47       -0.2215    87       -0.1953       -0.2246   351551   14.96%
   1431    88       -0.2137    77       -0.1953       -0.2246   382687   14.96%
   1465   114       -0.2137    72       -0.1953       -0.2246   406303   14.96%
   1500   145       -0.2164    64       -0.1953       -0.2246   443838   14.96%
   1540   189       -0.2122    73       -0.1953       -0.2246   504587   14.96%
   1558   221       -0.2007    60       -0.1953       -0.2246   516141   14.96%
   1588   247       -0.1958    52       -0.1953       -0.2246   525157   14.96%
   1626   267       -0.2080    36       -0.1953       -0.2246   531085   14.96%
   1673   285       -0.2031    48       -0.1953       -0.2246   551802   14.96%
   1753   333       -0.2024    29       -0.1953       -0.2246   554049   14.96%
Elapsed time = 49.53 sec. (53240.49 ticks, tree = 2.30 MB, solutions = 24)
   1863   353       -0.2000    51       -0.1953       -0.2246   580533   14.96%
   1889   526       -0.2031    66       -0.1953       -0.2246   609882   14.96%
   1916   543       -0.2031    51       -0.1953       -0.2246   616079   14.96%
   1931   554       -0.2186    89       -0.1953       -0.2246   643581   14.96%
   1952   558       -0.2171    84       -0.1953       -0.2246   651782   14.96%
   1983   617       -0.2016    56       -0.1953       -0.2246   687559   14.96%
   2020   638       -0.2147    72       -0.1953       -0.2246   704293   14.96%
   2049   650       -0.2114    65       -0.1953       -0.2246   707278   14.96%
   2079   652       -0.1965    45       -0.1953       -0.2246   734160   14.96%
   2131   725       -0.2227   108       -0.1953       -0.2246   758271   14.96%
Elapsed time = 58.84 sec. (63271.31 ticks, tree = 3.10 MB, solutions = 24)
   2171   716       -0.2167    52       -0.1953       -0.2246   744879   14.96%
   2249   800       -0.2131    54       -0.1953       -0.2246   773986   14.96%
   2314   848       -0.2206    66       -0.1953       -0.2246   787378   14.96%
   2412   905       -0.2054    43       -0.1953       -0.2246   799155   14.96%
   2496  1101       -0.2068    58       -0.1953       -0.2246   835823   14.96%
   2592  1055       -0.2246    95       -0.1953       -0.2246   829876   14.96%
   2648  1208       -0.2240    88       -0.1953       -0.2246   869053   14.96%
   2746  1258       -0.2042    46       -0.1953       -0.2246   860264   14.96%
   2839  1280       -0.1994    37       -0.1953       -0.2246   877810   14.96%
   2946  1342       -0.2215    86       -0.1953       -0.2246   910189   14.96%
Elapsed time = 68.05 sec. (73089.64 ticks, tree = 4.37 MB, solutions = 24)
   2995  1512       -0.2173    54       -0.1953       -0.2246   926768   14.96%
   3069  1552       -0.2169    66       -0.1953       -0.2246   950793   14.96%
   3176  1673       -0.2111    51       -0.1953       -0.2246   973872   14.96%
   3280  1747       -0.2154    52       -0.1953       -0.2246   987412   14.96%
   3390  1865       -0.2212    83       -0.1953       -0.2246   999654   14.96%
   3512  1938       -0.2028    41       -0.1953       -0.2246  1006271   14.96%
   3664  2100       -0.2203    62       -0.1953       -0.2246  1030031   14.96%
   3743  2119       -0.2177    51       -0.1953       -0.2246  1036423   14.96%
   3862  2216       -0.2055    58       -0.1953       -0.2246  1049940   14.96%
*  3916+ 2262                           -0.1965       -0.2246            14.29%
   3937  2356       -0.2006    51       -0.1965       -0.2246  1075279   14.29%
Elapsed time = 76.42 sec. (82734.88 ticks, tree = 6.37 MB, solutions = 25)
*  4018+ 2417                           -0.1967       -0.2246            14.19%
   4043  2344       -0.2109    56       -0.1967       -0.2246  1080990   14.19%
   4182  2505       -0.2056    48       -0.1967       -0.2246  1103601   14.19%
   4310  2665       -0.2000    43       -0.1967       -0.2246  1122301   14.19%
   4387  2696       -0.1981    42       -0.1967       -0.2246  1126568   14.19%
   4433  2812       -0.1969    32       -0.1967       -0.2246  1167065   14.19%
*  4444+ 2745                           -0.1969       -0.2246            14.05%
   4496  2856       -0.2141    66       -0.1969       -0.2246  1182477   14.05%
   4563  2788       -0.2222    87       -0.1969       -0.2246  1199924   14.05%
   4639  2919       -0.2083    55       -0.1969       -0.2246  1223181   14.05%
   4737  2930       -0.2192    72       -0.1969       -0.2246  1228399   14.05%
   4843  3016       -0.2008    43       -0.1969       -0.2246  1233560   14.05%
Elapsed time = 85.38 sec. (92373.21 ticks, tree = 7.59 MB, solutions = 27)
   4984  3034       -0.2066    46       -0.1969       -0.2245  1244620   14.03%
   5140  3222       -0.2031    41       -0.1969       -0.2245  1271698   14.03%
   5326  3336       -0.2153    65       -0.1969       -0.2245  1282156   14.03%
   5346  3455       -0.2215    87       -0.1969       -0.2245  1303275   14.01%
   5392  3467       -0.2182    83       -0.1969       -0.2245  1311184   14.01%
   5503  3623       -0.2148    63       -0.1969       -0.2245  1343436   14.01%
   5585  3647       -0.2103    53       -0.1969       -0.2245  1348355   14.01%
   5709  3831       -0.2105    59       -0.1969       -0.2245  1392951   14.01%
   5828  3927       -0.2207    66       -0.1969       -0.2245  1418416   14.01%
   5933  4056       -0.2016    48       -0.1969       -0.2245  1439614   14.01%
Elapsed time = 93.47 sec. (101980.89 ticks, tree = 9.49 MB, solutions = 27)
   6013  4151       -0.2062    51       -0.1969       -0.2245  1452119   14.01%
   6103  4201       -0.2073    57       -0.1969       -0.2245  1463382   14.01%
   6155  4289       -0.1977    34       -0.1969       -0.2245  1487884   14.01%
   6242  4364       -0.2198    77       -0.1969       -0.2242  1510785   13.88%
   6289  4375       -0.2184    72       -0.1969       -0.2242  1512944   13.88%
   6390  4500       -0.2124    58       -0.1969       -0.2242  1548784   13.86%
   6475  4561       -0.2159    56       -0.1969       -0.2242  1565096   13.86%
   6560  4592       -0.2132    52       -0.1969       -0.2242  1570537   13.86%
   6703  4646       -0.2047    51       -0.1969       -0.2242  1581266   13.86%
   7132  5218       -0.2184    77       -0.1969       -0.2242  1687988   13.85%
Elapsed time = 103.95 sec. (114520.57 ticks, tree = 11.79 MB, solutions = 27)
   7483  5562       -0.2027    49       -0.1969       -0.2242  1770094   13.85%
   7941  5990       -0.2019    63       -0.1969       -0.2241  1855752   13.81%
   8480  6415       -0.1973    30       -0.1969       -0.2241  1938079   13.81%
   9057  6874       -0.2149    57       -0.1969       -0.2239  2014819   13.74%
   9441  7385       -0.2012    51       -0.1969       -0.2239  2121035   13.73%
   9656  7635       -0.2128    46       -0.1969       -0.2238  2223643   13.69%
  10066  7874       -0.2143    54       -0.1969       -0.2238  2269322   13.69%
  10503  8253       -0.2188    69       -0.1969       -0.2238  2361953   13.67%
  10905  8665       -0.2092    49       -0.1969       -0.2238  2445360   13.64%
  11389  9189       -0.2038    51       -0.1969       -0.2237  2549662   13.62%
Elapsed time = 135.75 sec. (152773.15 ticks, tree = 19.32 MB, solutions = 27)
  12055  9816       -0.2208    76       -0.1969       -0.2237  2640263   13.59%
  12479 10115       -0.1998    50       -0.1969       -0.2236  2702303   13.58%
  12899 10589       -0.2108    62       -0.1969       -0.2236  2837077   13.58%
  13240 11012       -0.2137    53       -0.1969       -0.2236  2935296   13.54%
  13649 11308       -0.2097    48       -0.1969       -0.2235  3008932   13.49%
  14117 11650       -0.2033    51       -0.1969       -0.2234  3066120   13.48%
  14656 12047       -0.2039    41       -0.1969       -0.2234  3152566   13.47%
  15311 12678       -0.2015    39       -0.1969       -0.2234  3268291   13.47%
  15744 13221       -0.2122    67       -0.1969       -0.2234  3362642   13.46%
* 15834+13437                           -0.1974       -0.2234            13.20%
* 15843+13437                           -0.1980       -0.2234            12.81%
  16268 13216       -0.2076    46       -0.1980       -0.2233  3461554   12.78%
Elapsed time = 167.94 sec. (191024.98 ticks, tree = 27.10 MB, solutions = 29)
  16669 13385       -0.2143    60       -0.1980       -0.2233  3498768   12.78%
  17181 13826       -0.2146    57       -0.1980       -0.2233  3594975   12.76%
  17586 14361       -0.2141    50       -0.1980       -0.2233  3713089   12.75%
  18044 14806       -0.1994    53       -0.1980       -0.2233  3841290   12.75%
  18451 15368       -0.2136    59       -0.1980       -0.2232  3972694   12.70%
  18926 15688       -0.2081    58       -0.1980       -0.2232  4030884   12.70%
  19352 16089       -0.2154    58       -0.1980       -0.2232  4121655   12.69%
  19848 16307       -0.2016    50       -0.1980       -0.2231  4162805   12.68%
  20393 16793       -0.2071    58       -0.1980       -0.2231  4269088   12.66%
  20826 17397       -0.2126    59       -0.1980       -0.2231  4387567   12.65%
Elapsed time = 199.55 sec. (229243.15 ticks, tree = 35.37 MB, solutions = 29)
  21377 17991       -0.2116    45       -0.1980       -0.2230  4516128   12.63%
  21849 18171       -0.2181    80       -0.1980       -0.2230  4570918   12.62%
  22370 18752       -0.2008    49       -0.1980       -0.2230  4652769   12.59%
  22826 19132       -0.2010    50       -0.1980       -0.2230  4779801   12.59%
  23249 19578       -0.2183    71       -0.1980       -0.2230  4868331   12.58%
  23598 20085       -0.2008    49       -0.1980       -0.2229  4975468   12.54%
  23958 20320       -0.2071    47       -0.1980       -0.2228  5067274   12.52%
  24364 20809       -0.2102    54       -0.1980       -0.2228  5161554   12.52%
  24660 21150       -0.2024    43       -0.1980       -0.2228  5264136   12.51%
  25036 21526       -0.2179    76       -0.1980       -0.2228  5302521   12.51%
Elapsed time = 232.48 sec. (267458.63 ticks, tree = 51.50 MB, solutions = 29)
  25336 21847       -0.1994    46       -0.1980       -0.2228  5331594   12.51%
  25730 22238       -0.2168    69       -0.1980       -0.2228  5357476   12.51%
  26180 22586       -0.2136    59       -0.1980       -0.2228  5385441   12.51%
  26533 22975       -0.2216    93       -0.1980       -0.2228  5414077   12.51%
  26801 23342       -0.2172    65       -0.1980       -0.2228  5440064   12.51%
  27178 23509       -0.2184    93       -0.1980       -0.2228  5455410   12.51%
  27597 24040       -0.1982    58       -0.1980       -0.2228  5500846   12.51%
  27968 24437       -0.2150    57       -0.1980       -0.2228  5531999   12.51%
  28426 24925       -0.2060    46       -0.1980       -0.2228  5559833   12.51%
  28829 25349       -0.2055    63       -0.1980       -0.2228  5590044   12.51%
Elapsed time = 266.70 sec. (305804.49 ticks, tree = 132.53 MB, solutions = 29)
  29184 25510       -0.2068    43       -0.1980       -0.2228  5603757   12.51%
  29625 25782       -0.1992    52       -0.1980       -0.2228  5618512   12.51%
  29973 26159       -0.2209    96       -0.1980       -0.2228  5648834   12.51%
  30394 26565       -0.2179    68       -0.1980       -0.2228  5678601   12.51%
  30966 26972       -0.2024    27       -0.1980       -0.2228  5707621   12.51%
  31607 27805       -0.2102    63       -0.1980       -0.2227  5766855   12.43%
  32449 27896       -0.2113    57       -0.1980       -0.2227  5767313   12.43%
  33230 28951       -0.2172    65       -0.1980       -0.2226  5842859   12.41%
  33986 29314       -0.2211    86       -0.1980       -0.2226  5873341   12.40%
  34693 30568       -0.2162    62       -0.1980       -0.2226  5966385   12.38%
Elapsed time = 300.97 sec. (344025.73 ticks, tree = 253.00 MB, solutions = 29)
  35556 31471       -0.2151    57       -0.1980       -0.2225  6028043   12.37%
  36195 31671       -0.2085    55       -0.1980       -0.2225  6045389   12.37%
  36970 32453       -0.2025    55       -0.1980       -0.2225  6098234   12.36%
  37595 33378       -0.2010    46       -0.1980       -0.2225  6175212   12.36%
  38458 34061       -0.2099    56       -0.1980       -0.2225  6216302   12.34%
  39161 34755       -0.2028    47       -0.1980       -0.2225  6275744   12.34%
  39946 35164       -0.2050    56       -0.1980       -0.2224  6304813   12.32%
  40762 36015        cutoff             -0.1980       -0.2224  6361798   12.32%
  41730 37088       -0.2012    53       -0.1980       -0.2224  6432290   12.30%
  42642 37587       -0.2185    77       -0.1980       -0.2224  6463411   12.30%
Elapsed time = 333.17 sec. (382247.92 ticks, tree = 457.09 MB, solutions = 29)
  43606 38285       -0.2138    57       -0.1980       -0.2224  6507508   12.29%
  44397 39366       -0.2069    52       -0.1980       -0.2223  6568560   12.27%
  45173 40413       -0.2170    71       -0.1980       -0.2223  6654729   12.27%
  45931 40947       -0.2080    48       -0.1980       -0.2223  6704319   12.26%
  46766 41892       -0.2216    85       -0.1980       -0.2223  6777590   12.25%
  47257 42430       -0.2071    47       -0.1980       -0.2223  6814291   12.25%

Performing restart 2

Repeating presolve.
Tried aggregator 1 time.
Reduced MIP has 3968 rows, 4687 columns, and 49206 nonzeros.
Reduced MIP has 1164 binaries, 0 generals, 0 SOSs, and 0 indicators.
Presolve time = 0.02 sec. (13.87 ticks)
Tried aggregator 1 time.
Reduced MIP has 3968 rows, 4687 columns, and 49206 nonzeros.
Reduced MIP has 1164 binaries, 0 generals, 0 SOSs, and 0 indicators.
Presolve time = 0.02 sec. (21.39 ticks)
Represolve time = 0.05 sec. (46.56 ticks)
  47290     0       -0.2246   106       -0.1980       Cuts: 9  6865152   12.24%
  47290     0       -0.2246    89       -0.1980       Cuts: 6  6865771   12.24%
  47290     0       -0.2246    87       -0.1980      Fract: 2  6866238   12.24%
  47290     0       -0.2246    89       -0.1980       Cuts: 2  6866843   12.24%
  47290     0       -0.2246    90       -0.1980       Cuts: 3  6867500   12.24%
  47290     0       -0.2246    89       -0.1980    MIRcuts: 1  6867694   12.24%
  47290     2       -0.2246    89       -0.1980       -0.2223  6867694   12.24%
  47305    11       -0.2236   111       -0.1980       -0.2223  6886545   12.24%
  47364    59       -0.2216    95       -0.1980       -0.2223  6921000   12.24%
  47440   137       -0.2179    71       -0.1980       -0.2223  6938196   12.24%
Elapsed time = 367.28 sec. (424761.47 ticks, tree = 2.76 MB, solutions = 29)
  47574   244       -0.1984    43       -0.1980       -0.2223  6951176   12.24%
  47808   370       -0.2215   101       -0.1980       -0.2223  6973723   12.24%
  48021   636       -0.2131    54       -0.1980       -0.2223  7005480   12.24%
  48413  1026       -0.2024    38       -0.1980       -0.2223  7036653   12.24%
  48923  1410       -0.2131    64       -0.1980       -0.2223  7062179   12.24%
  49718  1933       -0.2087    55       -0.1980       -0.2223  7090796   12.24%
  50401  2795       -0.2097    52       -0.1980       -0.2223  7136250   12.24%
  51140  3550       -0.2230   103       -0.1980       -0.2223  7186323   12.24%
  51871  4188       -0.2149    53       -0.1980       -0.2223  7225591   12.24%
  52742  4867       -0.2119    63       -0.1980       -0.2223  7261754   12.24%
Elapsed time = 397.17 sec. (462973.71 ticks, tree = 153.52 MB, solutions = 29)
  53600  5655       -0.2069    74       -0.1980       -0.2223  7315597   12.24%
  54427  6568       -0.2182    95       -0.1980       -0.2223  7375109   12.24%
  55303  7317       -0.2060    46       -0.1980       -0.2223  7421474   12.24%
  55917  7993       -0.2014    56       -0.1980       -0.2223  7468324   12.24%
  56734  8462       -0.2031    53       -0.1980       -0.2223  7502070   12.24%
  57624  9464       -0.2024    43       -0.1980       -0.2223  7564700   12.24%
  58427 10187       -0.2038    48       -0.1980       -0.2223  7615368   12.24%
  59453 11312       -0.1991    55       -0.1980       -0.2223  7690092   12.24%
  60128 12017       -0.2118    61       -0.1980       -0.2223  7747421   12.24%
  60663 12436       -0.2012    64       -0.1980       -0.2223  7795527   12.24%
Elapsed time = 427.59 sec. (501164.75 ticks, tree = 393.27 MB, solutions = 29)
  61276 12936       -0.2122    61       -0.1980       -0.2223  7856673   12.24%
  61907 13706       -0.2015    50       -0.1980       -0.2223  7924651   12.24%
  62428 14024       -0.2031    56       -0.1980       -0.2223  7965716   12.24%
  63031 14715       -0.2087    64       -0.1980       -0.2223  8036595   12.24%
  63426 15093       -0.2054    54       -0.1980       -0.2223  8078689   12.24%
  63817 15406       -0.2039    55       -0.1980       -0.2223  8108791   12.24%
  64331 15923       -0.2144    67       -0.1980       -0.2223  8180360   12.24%
  65152 16478       -0.2093    57       -0.1980       -0.2223  8233111   12.24%
  65799 17197       -0.1982    49       -0.1980       -0.2223  8291511   12.24%
  66167 17609       -0.1984    39       -0.1980       -0.2223  8343922   12.24%
Elapsed time = 458.97 sec. (539375.20 ticks, tree = 546.45 MB, solutions = 29)
  66737 18030       -0.1994    46       -0.1980       -0.2223  8385797   12.24%
  67293 18588       -0.2104    54       -0.1980       -0.2223  8448771   12.24%
  67980 19192       -0.2044    49       -0.1980       -0.2223  8506003   12.24%
  68713 19831       -0.1984    28       -0.1980       -0.2223  8566664   12.24%
  69216 20588       -0.2137    72       -0.1980       -0.2223  8632634   12.24%
  69777 20763       -0.2153    80       -0.1980       -0.2223  8653436   12.24%
  70270 21484       -0.2038    49       -0.1980       -0.2223  8732439   12.24%
  70898 21833       -0.2065    39       -0.1980       -0.2223  8768913   12.24%
  71629 22610       -0.2000    45       -0.1980       -0.2223  8852237   12.24%
  72215 23264       -0.2158    68       -0.1980       -0.2223  8913196   12.24%
Elapsed time = 489.98 sec. (577627.14 ticks, tree = 723.37 MB, solutions = 29)
  72642 23533       -0.2023    44       -0.1980       -0.2223  8945935   12.24%
  73198 23990       -0.2086    45       -0.1980       -0.2223  9000566   12.24%
  73924 24717       -0.2160    69       -0.1980       -0.2223  9068386   12.24%
  74609 25293       -0.2093    59       -0.1980       -0.2223  9115305   12.24%
  75158 25851       -0.2168    73       -0.1980       -0.2223  9167037   12.24%
  75685 26437       -0.2091    59       -0.1980       -0.2223  9247915   12.24%
  76075 27048       -0.2060    56       -0.1980       -0.2223  9330961   12.24%
  76624 27242       -0.2106    61       -0.1980       -0.2223  9360370   12.24%
  77299 27915       -0.2215    99       -0.1980       -0.2223  9425763   12.24%
  77988 28580       -0.2010    50       -0.1980       -0.2223  9489885   12.24%
Elapsed time = 521.23 sec. (615847.55 ticks, tree = 894.84 MB, solutions = 29)
  78651 29151       -0.2184    86       -0.1980       -0.2223  9551429   12.24%
  79351 29709       -0.1982    47       -0.1980       -0.2223  9614355   12.24%
  79987 30323       -0.2000    36       -0.1980       -0.2223  9666803   12.24%
  80551 31212       -0.2070    46       -0.1980       -0.2223  9739223   12.24%
  81297 31528       -0.2044    46       -0.1980       -0.2223  9775374   12.24%
  82112 32429       -0.2000    39       -0.1980       -0.2223  9860319   12.24%
  82619 33015       -0.2060    52       -0.1980       -0.2223  9911721   12.24%
  82972 33501       -0.2013    45       -0.1980       -0.2223  9959537   12.24%
  83550 34030       -0.2181    80       -0.1980       -0.2223 10027834   12.24%
  83964 34271       -0.2153    65       -0.1980       -0.2223 10047736   12.24%
Elapsed time = 552.41 sec. (654065.77 ticks, tree = 1080.41 MB, solutions = 29)
  84274 34710       -0.2091    62       -0.1980       -0.2223 10093817   12.24%
  84813 35064       -0.1999    51       -0.1980       -0.2223 10139090   12.24%
  85206 35638       -0.1999    42       -0.1980       -0.2223 10189044   12.24%
  85756 36068       -0.2075    56       -0.1980       -0.2223 10224660   12.24%
  86243 36605       -0.1982    41       -0.1980       -0.2223 10276019   12.24%
  86566 36856       -0.2150    68       -0.1980       -0.2223 10299091   12.24%
  87175 37396       -0.2219    86       -0.1980       -0.2223 10355775   12.24%
  87759 37948       -0.2044    39       -0.1980       -0.2223 10403438   12.24%
  88311 38187       -0.1998    51       -0.1980       -0.2223 10424572   12.24%
  88790 39023       -0.2038    53       -0.1980       -0.2223 10487890   12.23%
Elapsed time = 583.92 sec. (692375.76 ticks, tree = 1234.40 MB, solutions = 29)
  89277 39318       -0.2184    70       -0.1980       -0.2223 10520431   12.23%
  89877 39974       -0.2193    83       -0.1980       -0.2222 10573873   12.23%
  90361 40268       -0.2151    60       -0.1980       -0.2222 10606794   12.22%
  90971 41050       -0.2075    59       -0.1980       -0.2222 10673159   12.21%
  91456 41422       -0.1992    45       -0.1980       -0.2222 10702457   12.21%

Mixed integer rounding cuts applied:  14
Gomory fractional cuts applied:  14

Root node processing (before b&c):
  Real time             =    7.92 sec. (8149.30 ticks)
Parallel b&c, 4 threads:
  Real time             =  592.09 sec. (704047.11 ticks)
  Sync time (average)   =   23.12 sec.
  Wait time (average)   =    0.00 sec.
                          ------------
Total (root+branch&cut) =  600.02 sec. (712196.42 ticks)
