Version identifier: 22.2.0.0 | 2026-05-04 | 5dff98e58
CPXPARAM_Read_DataCheck                          1
CPXPARAM_Threads                                 4
CPXPARAM_Parallel                                1
CPXPARAM_RandomSeed                              20260925
CPXPARAM_Simplex_Tolerances_Optimality           1.0000000000000001e-09
CPXPARAM_Simplex_Tolerances_Feasibility          1.0000000000000001e-09
CPXPARAM_TimeLimit                               600
CPXPARAM_MIP_Tolerances_AbsMIPGap                1.0000000000000001e-09
CPXPARAM_MIP_Tolerances_Integrality              1.0000000000000001e-09
Legacy callback                                  i
1 of 1 MIP starts provided solutions.
MIP start 'm1' defined initial solution with objective 0.0182.
Tried aggregator 1 time.
MIP Presolve eliminated 1347 rows and 2 columns.
MIP Presolve modified 3372 coefficients.
Reduced MIP has 3968 rows, 4686 columns, and 49203 nonzeros.
Reduced MIP has 1164 binaries, 0 generals, 0 SOSs, and 0 indicators.
Presolve time = 0.03 sec. (38.79 ticks)
Probing time = 0.00 sec. (0.68 ticks)
Tried aggregator 1 time.
Detecting symmetries...
MIP Presolve modified 150 coefficients.
Reduced MIP has 3968 rows, 4686 columns, and 49203 nonzeros.
Reduced MIP has 1164 binaries, 0 generals, 0 SOSs, and 0 indicators.
Presolve time = 0.02 sec. (20.20 ticks)
Probing time = 0.00 sec. (0.78 ticks)
MIP emphasis: balance optimality and feasibility.
MIP search method: dynamic search.
Parallel mode: deterministic, using up to 4 threads.
Root relaxation solution time = 0.03 sec. (30.39 ticks)

        Nodes                                         Cuts/
   Node  Left     Objective  IInf  Best Integer    Best Bound    ItCnt     Gap

*     0+    0                            0.0182        0.0000           100.00%
      0     0        0.0126    56        0.0182        0.0126      597   30.88%
      0     0        0.0126    55        0.0182    MIRcuts: 3      615   30.88%
      0     0        0.0126    57        0.0182       Cuts: 6      647   30.88%
      0     0        0.0126    57        0.0182    MIRcuts: 4      672   30.84%
      0     2        0.0126    57        0.0182        0.0126      672   30.84%
Elapsed time = 1.52 sec. (1737.62 ticks, tree = 0.02 MB, solutions = 1)
     44    46        0.0134    40        0.0182        0.0126     2445   30.79%
    143   123        0.0127    46        0.0182        0.0127     5453   30.49%
    199   181        0.0140    39        0.0182        0.0127     7811   30.49%
    243   222        0.0139    27        0.0182        0.0127    13154   30.49%
    269   248        0.0152    18        0.0182        0.0127    15493   30.49%
    321   287        0.0158    10        0.0182        0.0127    22050   30.48%
*   322+  285                            0.0182        0.0127            30.48%
    375   321        cutoff              0.0182        0.0127    24842   30.43%
    430   379        0.0141    18        0.0182        0.0127    34807   30.42%
    493   416        0.0130    54        0.0182        0.0127    38338   30.42%
    663   570        0.0152    57        0.0182        0.0127    55634   30.42%
Elapsed time = 4.39 sec. (4913.84 ticks, tree = 6.24 MB, solutions = 2)
    951   803        0.0138    57        0.0182        0.0127    76618   30.31%

Performing restart 1

Repeating presolve.
Tried aggregator 1 time.
Reduced MIP has 3968 rows, 4686 columns, and 49203 nonzeros.
Reduced MIP has 1164 binaries, 0 generals, 0 SOSs, and 0 indicators.
Presolve time = 0.02 sec. (13.87 ticks)
Tried aggregator 1 time.
Reduced MIP has 3968 rows, 4686 columns, and 49203 nonzeros.
Reduced MIP has 1164 binaries, 0 generals, 0 SOSs, and 0 indicators.
Presolve time = 0.02 sec. (20.45 ticks)
Represolve time = 0.05 sec. (40.07 ticks)
   1188     0        0.0126    61        0.0182       Cuts: 8   101352   30.29%
   1188     0        0.0126    57        0.0182       Cuts: 7   101365   30.29%
   1188     0        0.0126    53        0.0182    MIRcuts: 2   101370   30.29%
   1188     2        0.0126    51        0.0182        0.0127   101370   30.29%
   1208    18        0.0128    51        0.0182        0.0127   101878   30.29%
   1340   105        0.0131    46        0.0182        0.0127   105994   30.29%
   1482   265        0.0162    40        0.0182        0.0127   118483   30.29%
   1693   406        0.0144    37        0.0182        0.0127   132779   30.29%
   1843   566        0.0144    28        0.0182        0.0127   147135   30.29%
   2101   821        0.0148    62        0.0182        0.0127   171828   30.29%
   2295   947        0.0157    60        0.0182        0.0127   181340   30.29%
   2523  1196        0.0137    61        0.0182        0.0127   198268   30.29%
Elapsed time = 16.52 sec. (20387.35 ticks, tree = 23.63 MB, solutions = 2)
   2738  1357        0.0157    61        0.0182        0.0127   213345   30.29%
   3004  1551        0.0136    53        0.0182        0.0127   233522   30.29%
   3230  1810        0.0144    61        0.0182        0.0127   260422   30.29%
   3446  1988        0.0180    71        0.0182        0.0127   279412   30.29%
   3698  2218        0.0162    60        0.0182        0.0127   297269   30.28%
   3931  2426        0.0147    59        0.0182        0.0127   317758   30.27%
   4233  2670        0.0148    61        0.0182        0.0127   342490   30.27%
   4474  2894        0.0165    19        0.0182        0.0127   366680   30.26%
   4804  3150        0.0135    57        0.0182        0.0127   388481   30.25%
   5093  3435        0.0174    70        0.0182        0.0127   411825   30.25%
Elapsed time = 23.52 sec. (29988.70 ticks, tree = 29.59 MB, solutions = 2)
   5315  3661        0.0158    64        0.0182        0.0127   433355   30.22%
   5566  3880        0.0163    63        0.0182        0.0127   450931   30.22%
   5845  4126        0.0160    66        0.0182        0.0127   476585   30.22%
   6164  4373        0.0149    43        0.0182        0.0127   497182   30.22%
   6396  4669        0.0139    59        0.0182        0.0127   528068   30.19%
   6726  4899        0.0150    61        0.0182        0.0127   549920   30.18%
   7092  5121        0.0137    43        0.0182        0.0127   571584   30.17%
   7425  5512        0.0131    52        0.0182        0.0127   606159   30.16%
   7749  5864        0.0157    53        0.0182        0.0127   635580   30.16%
   8132  6188        0.0151    51        0.0182        0.0127   667485   30.13%
Elapsed time = 30.48 sec. (39575.68 ticks, tree = 34.37 MB, solutions = 2)
   8431  6469        0.0146    56        0.0182        0.0127   693078   30.12%
   8710  6676        0.0145    63        0.0182        0.0127   711040   30.12%
   9040  6916        0.0134    48        0.0182        0.0127   735677   30.11%
   9290  7278        0.0139    54        0.0182        0.0127   769068   30.11%
   9562  7372        0.0139    60        0.0182        0.0127   780139   30.10%
   9921  7766        0.0152    66        0.0182        0.0127   817388   30.09%
  10264  8039        0.0154    62        0.0182        0.0127   843357   30.09%
  10556  8240        0.0146    33        0.0182        0.0127   862756   30.09%
  10880  8521        0.0167    51        0.0182        0.0127   891916   30.07%
  11276  8868        0.0174    62        0.0182        0.0127   925332   30.07%
Elapsed time = 37.38 sec. (49132.46 ticks, tree = 39.47 MB, solutions = 2)
  11579  9258        0.0169    63        0.0182        0.0127   959162   30.07%
  11880  9442        0.0180    64        0.0182        0.0127   975415   30.07%
  12192  9880        0.0161    54        0.0182        0.0127  1018287   30.07%
  12499 10097        cutoff              0.0182        0.0127  1040542   30.07%
  12879 10407        0.0158    49        0.0182        0.0127  1068530   30.07%
  13147 10685        0.0179    52        0.0182        0.0127  1094259   30.07%
  13410 10953        0.0128    43        0.0182        0.0127  1121955   30.06%
  13719 11172        0.0137    53        0.0182        0.0127  1146804   30.06%
  14033 11398        0.0156    65        0.0182        0.0127  1170803   30.06%
  14337 11748        0.0131    57        0.0182        0.0127  1206911   30.06%
Elapsed time = 44.25 sec. (58725.70 ticks, tree = 44.52 MB, solutions = 2)
  14701 11946        0.0149    24        0.0182        0.0127  1228709   30.06%
  15040 12235        0.0135    54        0.0182        0.0127  1254671   30.06%
  15383 12558        0.0130    52        0.0182        0.0127  1287237   30.05%
  15701 12902        0.0144    55        0.0182        0.0127  1320426   30.05%
  15956 13154        0.0152    65        0.0182        0.0127  1343399   30.04%
  16250 13327        0.0171    69        0.0182        0.0127  1359857   30.03%
  16580 13735        0.0142    50        0.0182        0.0127  1397122   30.03%
  16919 14121        0.0160    61        0.0182        0.0127  1434204   30.03%
  17243 14262        0.0178    64        0.0182        0.0127  1447610   30.03%
  17581 14576        0.0128    48        0.0182        0.0127  1476006   30.03%
Elapsed time = 51.09 sec. (68302.12 ticks, tree = 49.40 MB, solutions = 2)
  17939 14903        0.0157    68        0.0182        0.0127  1505061   30.03%
  18327 15201        0.0143    49        0.0182        0.0127  1533985   30.03%
  18666 15261        0.0144    61        0.0182        0.0127  1539724   30.03%
  19004 15996        0.0170    56        0.0182        0.0127  1606458   30.03%
  19335 16081        0.0142    61        0.0182        0.0127  1614648   30.03%
  19667 16556        0.0168    22        0.0182        0.0127  1665868   30.02%
  19977 16808        0.0167    64        0.0182        0.0127  1690594   30.02%
  20287 16996        0.0166    68        0.0182        0.0127  1708955   30.02%
  20605 17209        0.0150    64        0.0182        0.0127  1727808   30.02%
  20913 17757        0.0133    54        0.0182        0.0127  1781034   30.02%
Elapsed time = 57.77 sec. (77880.22 ticks, tree = 55.79 MB, solutions = 2)
  21196 17989        0.0149    63        0.0182        0.0127  1802068   30.01%
  21524 18065        0.0154    45        0.0182        0.0127  1809012   30.01%
  21854 18323        0.0156    33        0.0182        0.0127  1833440   29.99%
  22193 18615        0.0145    50        0.0182        0.0127  1864553   29.99%
  22530 19145        0.0156    61        0.0182        0.0127  1919832   29.99%
  22835 19399        0.0128    50        0.0182        0.0127  1947037   29.99%
  23146 19560        0.0128    49        0.0182        0.0127  1962824   29.99%
  23502 19957        0.0133    58        0.0182        0.0127  2003824   29.97%
  23824 20344        0.0143    65        0.0182        0.0127  2042024   29.96%
  24059 20407        0.0139    63        0.0182        0.0128  2048598   29.96%
Elapsed time = 64.73 sec. (87451.34 ticks, tree = 60.89 MB, solutions = 2)
* 24127+20554                            0.0180        0.0128            29.33%
* 24150+20554                            0.0180        0.0128            29.29%
  24201 20548        0.0139    56        0.0180        0.0128  2062839   29.29%
  24350 20935        0.0139    34        0.0180        0.0128  2101611   29.29%
* 24377+20671                            0.0180        0.0128            29.21%
* 24420+20671                            0.0177        0.0128            28.03%
  24513 21104        0.0153    55        0.0177        0.0128  2118247   28.03%
  24642 21192        0.0138    54        0.0177        0.0128  2128188   28.03%
  24789 21262        0.0141    59        0.0177        0.0128  2135724   28.03%
* 24901+20671                            0.0175        0.0128            27.02%
  24916 21483        0.0129    50        0.0175        0.0128  2160727   27.02%
  25094 21564        0.0178    38        0.0175        0.0128  2169385   27.02%
  25256 21678        0.0129    52        0.0175        0.0128  2180368   27.02%
  25424 21835        0.0142    57        0.0175        0.0128  2196030   27.02%
* 25521+20671                            0.0174        0.0128            26.75%
* 25531+20671                            0.0173        0.0128            26.47%
* 25664+20671                            0.0173        0.0128            26.19%
* 25669+20671                            0.0172        0.0128            25.69%
* 26014+20671                            0.0171        0.0128            25.41%
  26041 22447        0.0158    61        0.0171        0.0128  2263818   25.41%
Elapsed time = 75.27 sec. (99911.95 ticks, tree = 65.09 MB, solutions = 2)
* 26243+20554                            0.0171        0.0128            25.30%
* 26258+20554                            0.0168        0.0128            23.98%
* 26535+20554                            0.0167        0.0128            23.69%
  26561 22935        0.0152    53        0.0167        0.0128  2317065   23.69%
* 26621+20554                            0.0165        0.0128            22.89%
* 26623+20554                            0.0165        0.0128            22.59%
  27142 23492        0.0144    50        0.0165        0.0128  2381393   22.59%
* 27146+20671                            0.0164        0.0128            22.03%
* 27249+20554                            0.0164        0.0128            22.02%
* 27260+20554                            0.0163        0.0128            21.77%
* 27764+20554                            0.0162        0.0128            21.14%
* 27766+20554                            0.0161        0.0128            20.55%
  27781 23907        0.0128    46        0.0161        0.0128  2422218   20.55%
  28441 24721        0.0142    54        0.0161        0.0128  2495531   20.55%
* 28450+20554                            0.0160        0.0128            20.23%
  29081 25147        0.0147    59        0.0160        0.0128  2533579   20.23%
  29671 25742        0.0130    48        0.0160        0.0128  2592439   20.23%
  30592 24196        0.0162    63        0.0160        0.0128  2663591   20.23%
  31741 24965        0.0141    55        0.0160        0.0128  2732708   20.15%
  33180 25096        0.0128    48        0.0160        0.0128  2878171   20.14%
  34725 26185        0.0160    41        0.0160        0.0128  2967215   20.13%
Elapsed time = 105.95 sec. (138236.71 ticks, tree = 69.89 MB, solutions = 33)
  36098 27655        0.0158    63        0.0160        0.0128  3102880   20.12%
  37647 29220        0.0145    53        0.0160        0.0128  3243300   20.12%
  39016 30367        0.0149    48        0.0160        0.0128  3346380   20.12%
  40683 31902        0.0146    58        0.0160        0.0128  3474119   20.11%
* 42054 32950      integral     0        0.0158        0.0128  3565447   19.19%
  43514 33164        0.0149    58        0.0158        0.0128  3676509   19.18%
  45082 34618        0.0146    59        0.0158        0.0128  3808585   19.17%
  46493 36285        0.0148    49        0.0158        0.0128  3959778   19.17%
  47905 37442        0.0132    55        0.0158        0.0128  4069284   19.17%
  49553 39053        0.0140    67        0.0158        0.0128  4215724   19.16%
Elapsed time = 132.50 sec. (176073.05 ticks, tree = 93.73 MB, solutions = 34)
  51120 40166        0.0158    32        0.0158        0.0128  4306998   19.16%
  52801 41637        0.0133    46        0.0158        0.0128  4427126   19.15%
  54348 43359        0.0142    55        0.0158        0.0128  4577597   19.15%
  55750 44348        0.0140    55        0.0158        0.0128  4668412   19.14%
  57235 45672        0.0152    65        0.0158        0.0128  4793467   19.13%
  58808 46849        0.0137    41        0.0158        0.0128  4898511   19.13%
  60283 48592        0.0128    44        0.0158        0.0128  5056739   19.12%
  61888 50088        0.0140    60        0.0158        0.0128  5187329   19.11%
  63452 51439        0.0156    64        0.0158        0.0128  5295923   19.11%
  64849 52664        0.0154    59        0.0158        0.0128  5409736   19.10%
Elapsed time = 158.95 sec. (214237.74 ticks, tree = 117.99 MB, solutions = 34)
  65976 53705        0.0142    40        0.0158        0.0128  5514164   19.10%
  67436 54989        0.0142    56        0.0158        0.0128  5641356   19.09%
  69308 56385        0.0141    62        0.0158        0.0128  5758038   19.08%
  71128 58102        0.0132    53        0.0158        0.0128  5895425   19.07%
  72941 59812        0.0141    37        0.0158        0.0128  6031748   19.04%
  74569 61416        0.0152    12        0.0158        0.0128  6166780   19.02%
  76208 62801        0.0142    63        0.0158        0.0128  6292712   19.01%
  78030 64360        0.0149    65        0.0158        0.0128  6421714   19.00%
  79647 65531        0.0133    48        0.0158        0.0128  6521671   18.99%
  81366 67321        0.0132    53        0.0158        0.0128  6681049   18.98%
Elapsed time = 185.97 sec. (252399.09 ticks, tree = 147.05 MB, solutions = 34)
  83013 68713        0.0154    20        0.0158        0.0128  6802283   18.97%
  84794 70088        0.0138    45        0.0158        0.0128  6918334   18.96%
  86436 71471        0.0146    52        0.0158        0.0128  7039631   18.95%
  88234 73003        0.0143    53        0.0158        0.0128  7167636   18.94%
  90107 74927        0.0139    56        0.0158        0.0128  7311887   18.94%
  92001 76573        0.0131    42        0.0158        0.0128  7447988   18.93%

Performing restart 2

Repeating presolve.
Tried aggregator 1 time.
Reduced MIP has 3968 rows, 4686 columns, and 49203 nonzeros.
Reduced MIP has 1164 binaries, 0 generals, 0 SOSs, and 0 indicators.
Presolve time = 0.00 sec. (13.87 ticks)
Tried aggregator 1 time.
Reduced MIP has 3968 rows, 4686 columns, and 49203 nonzeros.
Reduced MIP has 1164 binaries, 0 generals, 0 SOSs, and 0 indicators.
Presolve time = 0.02 sec. (20.45 ticks)
Represolve time = 0.05 sec. (46.75 ticks)
  92449     0        0.0128    53        0.0158    MIRcuts: 3  7528979   18.93%
  92449     0        0.0128    56        0.0158       Cuts: 4  7529011   18.93%
  92449     2        0.0128    56        0.0158        0.0128  7529011   18.93%
  92956   450        0.0129    54        0.0158        0.0128  7553636   18.93%
  94497  1730        0.0153    63        0.0158        0.0128  7633880   18.93%
  96224  3301        0.0145    64        0.0158        0.0128  7746324   18.93%
Elapsed time = 213.94 sec. (291673.00 ticks, tree = 21.33 MB, solutions = 34)
  97633  4561        0.0142    64        0.0158        0.0128  7846305   18.87%
  99477  6044        0.0147    65        0.0158        0.0128  7946738   18.87%
 101169  7579        0.0140    58        0.0158        0.0128  8053242   18.85%
 102811  9085        0.0139    59        0.0158        0.0128  8173118   18.82%
 104393 10507        0.0138    39        0.0158        0.0128  8290283   18.80%
 105985 11781        0.0142    44        0.0158        0.0128  8391206   18.78%
 107624 13154        0.0144    57        0.0158        0.0128  8504851   18.76%
 109033 14515        0.0137    55        0.0158        0.0128  8618337   18.74%
 110656 15910        0.0139    53        0.0158        0.0128  8735638   18.72%
 112233 17164        0.0137    48        0.0158        0.0128  8842408   18.71%
Elapsed time = 241.70 sec. (329847.68 ticks, tree = 54.83 MB, solutions = 34)
 113621 18605        0.0137    38        0.0158        0.0128  8967344   18.70%
 115187 19715        0.0151    56        0.0158        0.0129  9060455   18.68%
 116713 21136        0.0148    62        0.0158        0.0129  9173317   18.67%
 118337 22470        0.0135    48        0.0158        0.0129  9283646   18.67%
 119968 23901        0.0142    61        0.0158        0.0129  9404144   18.65%
 121475 25465        0.0139    56        0.0158        0.0129  9536336   18.64%
 123011 26884        0.0146    60        0.0158        0.0129  9660212   18.62%
 124527 27963        0.0146    61        0.0158        0.0129  9756118   18.61%
 126015 29503        0.0147    56        0.0158        0.0129  9888437   18.59%
 127565 30641        0.0130    48        0.0158        0.0129  9987391   18.58%
Elapsed time = 268.66 sec. (368019.21 ticks, tree = 84.02 MB, solutions = 34)
 129055 32254        0.0139    53        0.0158        0.0129 10129341   18.57%
 130577 33425        0.0145    28        0.0158        0.0129 10235634   18.55%
 132185 34895        0.0157    57        0.0158        0.0129 10363533   18.54%
 133675 36208        0.0138    31        0.0158        0.0129 10478647   18.54%
 135194 37418        0.0142    36        0.0158        0.0129 10589270   18.53%
 136726 38893        0.0142    39        0.0158        0.0129 10717060   18.52%
 138212 40014        0.0134    44        0.0158        0.0129 10817380   18.51%
 139787 41418        0.0140    50        0.0158        0.0129 10943217   18.50%
 141248 42792        0.0154    63        0.0158        0.0129 11070955   18.49%
 142885 44140        0.0134    35        0.0158        0.0129 11186437   18.49%
Elapsed time = 295.45 sec. (406194.87 ticks, tree = 115.90 MB, solutions = 34)
 144399 45516        0.0129    46        0.0158        0.0129 11310965   18.47%
 145883 46816        0.0147    71        0.0158        0.0129 11433099   18.46%
 147506 48372        0.0142    52        0.0158        0.0129 11566633   18.45%
 149012 49545        0.0138    49        0.0158        0.0129 11666549   18.44%
 150614 50988        0.0157    52        0.0158        0.0129 11793514   18.43%
 152118 52151        0.0151    50        0.0158        0.0129 11897871   18.42%
 153557 53440        0.0151    52        0.0158        0.0129 12016114   18.41%
 155080 54726        0.0137    50        0.0158        0.0129 12130910   18.40%
 156649 56251        0.0155    36        0.0158        0.0129 12268666   18.39%
 158222 57542        0.0140    52        0.0158        0.0129 12376727   18.38%
Elapsed time = 322.47 sec. (444371.25 ticks, tree = 139.73 MB, solutions = 34)
 159886 59059        0.0151    54        0.0158        0.0129 12507951   18.37%
 161416 60561        0.0143    43        0.0158        0.0129 12638671   18.36%
 163029 61645        0.0156    65        0.0158        0.0129 12733253   18.35%
 164501 63199        0.0130    40        0.0158        0.0129 12876975   18.34%
 165992 64347        cutoff              0.0158        0.0129 12980668   18.33%
 167596 65776        0.0133    36        0.0158        0.0129 13100550   18.32%
 169117 67328        0.0143    53        0.0158        0.0129 13239334   18.31%
 170588 68270        0.0141    46        0.0158        0.0129 13325933   18.31%
 172299 69955        0.0155    58        0.0158        0.0129 13470804   18.30%
 173894 71263        0.0154    59        0.0158        0.0129 13578898   18.29%
Elapsed time = 349.53 sec. (482541.02 ticks, tree = 169.22 MB, solutions = 34)
 175611 72845        0.0136    54        0.0158        0.0129 13712805   18.28%
 177203 74448        0.0141    45        0.0158        0.0129 13844851   18.27%
 178894 75891        0.0145    60        0.0158        0.0129 13961344   18.26%
 180587 77030        0.0155    52        0.0158        0.0129 14058280   18.26%
 182179 78811        0.0135    49        0.0158        0.0129 14214961   18.25%
 183822 80312        0.0130    52        0.0158        0.0129 14341053   18.25%
 185458 81339        0.0140    49        0.0158        0.0129 14430397   18.25%
 187326 83348        0.0139    48        0.0158        0.0129 14589261   18.25%
 188867 84486        0.0131    51        0.0158        0.0129 14686783   18.25%
 190518 86099        0.0144    50        0.0158        0.0129 14829833   18.24%
Elapsed time = 376.22 sec. (520709.46 ticks, tree = 195.65 MB, solutions = 34)
 192078 87355        0.0148    59        0.0158        0.0129 14938619   18.24%
 193707 88797        0.0138    56        0.0158        0.0129 15060950   18.24%
 195347 90156        0.0153    57        0.0158        0.0129 15175619   18.23%
 197089 91787        0.0138    51        0.0158        0.0129 15309893   18.23%
 198544 93321        0.0131    49        0.0158        0.0129 15445877   18.23%
 200156 94300        0.0154    58        0.0158        0.0129 15534199   18.22%
 201774 96024        0.0135    53        0.0158        0.0129 15678907   18.22%
 203369 97273        0.0132    57        0.0158        0.0129 15785701   18.22%
 205040 98918        0.0157    29        0.0158        0.0129 15927551   18.21%
 206808 100472        0.0137    45        0.0158        0.0129 16053149   18.21%
Elapsed time = 402.69 sec. (558868.18 ticks, tree = 224.14 MB, solutions = 34)
 208502 101873        0.0146    52        0.0158        0.0129 16164568   18.20%
 210121 103398        0.0132    44        0.0158        0.0129 16298819   18.20%
 211715 104980        0.0144    56        0.0158        0.0129 16435632   18.19%
 213237 106337        0.0157    59        0.0158        0.0129 16556617   18.19%
 214918 107541        0.0145    24        0.0158        0.0129 16658793   18.18%
 216491 109118        0.0130    47        0.0158        0.0129 16797465   18.18%
 218074 110611        cutoff              0.0158        0.0129 16924807   18.18%
 219790 111976        0.0134    59        0.0158        0.0129 17040655   18.17%
 221395 113464        0.0156    31        0.0158        0.0129 17167107   18.17%
 222988 115180        0.0156    57        0.0158        0.0129 17315238   18.16%
Elapsed time = 429.27 sec. (597024.03 ticks, tree = 250.43 MB, solutions = 34)
 224540 116225        cutoff              0.0158        0.0129 17409552   18.16%
 226204 117856        0.0151    35        0.0158        0.0129 17553172   18.16%
 227832 119334        0.0143    62        0.0158        0.0129 17679669   18.15%
 229411 120378        0.0138    41        0.0158        0.0129 17774818   18.15%
 231036 121972        0.0144    60        0.0158        0.0129 17916402   18.14%
 232727 123518        0.0144    47        0.0158        0.0129 18042460   18.14%
 234195 125084        0.0134    50        0.0158        0.0129 18183255   18.13%
 235856 126506        0.0130    46        0.0158        0.0129 18308187   18.13%
 237497 127946        cutoff              0.0158        0.0129 18426632   18.13%
 239153 128914        0.0142    52        0.0158        0.0129 18515126   18.12%
Elapsed time = 456.34 sec. (635196.45 ticks, tree = 283.59 MB, solutions = 34)
 240695 130397        0.0133    49        0.0158        0.0129 18642814   18.12%
 242383 132105        0.0142    50        0.0158        0.0129 18793143   18.12%
 244108 133502        0.0157    63        0.0158        0.0129 18908471   18.11%
 245669 135112        0.0150    37        0.0158        0.0129 19047653   18.11%
 247390 136627        0.0139    45        0.0158        0.0129 19175204   18.11%
 249030 137649        0.0155    56        0.0158        0.0129 19268381   18.10%
 250730 139123        0.0130    45        0.0158        0.0129 19392956   18.10%
 252321 140744        0.0146    57        0.0158        0.0129 19524928   18.10%
 253973 141971        0.0137    47        0.0158        0.0129 19631719   18.09%
 255578 143807        0.0132    49        0.0158        0.0129 19799353   18.09%
Elapsed time = 482.89 sec. (673359.44 ticks, tree = 313.24 MB, solutions = 34)
 257209 144904        0.0141    56        0.0158        0.0129 19892309   18.09%
 258843 146492        0.0141    63        0.0158        0.0129 20034437   18.08%
 260481 148167        0.0149    61        0.0158        0.0129 20180088   18.08%
 262058 149638        0.0152    58        0.0158        0.0129 20313569   18.08%
 263710 151083        0.0156    57        0.0158        0.0129 20442080   18.08%
 265286 152470        0.0155    52        0.0158        0.0129 20563113   18.07%
 266964 153586        0.0137    54        0.0158        0.0129 20664558   18.07%
 268675 155548        0.0139    49        0.0158        0.0129 20829734   18.06%
 270172 156513        0.0138    60        0.0158        0.0129 20914190   18.06%
 271923 157983        0.0131    58        0.0158        0.0130 21041354   18.06%
Elapsed time = 509.69 sec. (711524.44 ticks, tree = 338.65 MB, solutions = 34)
 273653 160129        0.0136    47        0.0158        0.0130 21212619   18.06%
 275459 161608        0.0140    61        0.0158        0.0130 21333009   18.05%
 277022 162563        0.0130    51        0.0158        0.0130 21411948   18.05%
 278590 164000        0.0156    51        0.0158        0.0130 21544066   18.05%
 280367 165413        0.0146    33        0.0158        0.0130 21664771   18.04%
 281974 167165        0.0157    58        0.0158        0.0130 21815109   18.04%
 283640 168339        0.0136    43        0.0158        0.0130 21911617   18.04%
 285269 169906        0.0142    60        0.0158        0.0130 22046673   18.03%
 286902 171729        0.0154    21        0.0158        0.0130 22203109   18.03%
 288567 172713        0.0143    57        0.0158        0.0130 22286382   18.03%
Elapsed time = 536.36 sec. (749694.52 ticks, tree = 366.78 MB, solutions = 34)
 290270 174171        0.0154    52        0.0158        0.0130 22409554   18.03%
 291413 175929        0.0153    61        0.0158        0.0130 22563380   18.02%
 292319 176588        0.0142    50        0.0158        0.0130 22619567   18.02%
 293247 177228        0.0143    51        0.0158        0.0130 22673372   18.02%
 293904 178050        0.0147    53        0.0158        0.0130 22745496   18.02%
 294620 178632        0.0142    49        0.0158        0.0130 22796099   18.02%
 295074 179077        0.0130    50        0.0158        0.0130 22837661   18.02%
 295749 179317        0.0135    49        0.0158        0.0130 22859805   18.02%
 296449 179980        0.0147    56        0.0158        0.0130 22922377   18.02%
 297118 180832        0.0154    61        0.0158        0.0130 22994803   18.01%
Elapsed time = 566.20 sec. (788138.77 ticks, tree = 381.40 MB, solutions = 34)
 297890 181494        0.0146    47        0.0158        0.0130 23055992   18.01%
 298548 182169        0.0134    32        0.0158        0.0130 23114312   18.01%
 299191 182598        0.0139    54        0.0158        0.0130 23150691   18.01%
 300166 183436        0.0141    27        0.0158        0.0130 23216553   18.01%
 300849 183732        0.0146    48        0.0158        0.0130 23240919   18.01%
 301532 184810        0.0138    58        0.0158        0.0130 23332652   18.01%
 302349 185338        0.0130    50        0.0158        0.0130 23378117   18.01%
 303169 186254        0.0139    61        0.0158        0.0130 23457993   18.00%
 304063 186629        0.0147    55        0.0158        0.0130 23489855   18.00%
 304765 187625        0.0158    52        0.0158        0.0130 23578091   18.00%
Elapsed time = 595.06 sec. (826623.11 ticks, tree = 393.51 MB, solutions = 34)
 305462 188306        0.0155    59        0.0158        0.0130 23636856   18.00%

Cover cuts applied:  2
Mixed integer rounding cuts applied:  32
Gomory fractional cuts applied:  3

Root node processing (before b&c):
  Real time             =    1.52 sec. (1736.52 ticks)
Parallel b&c, 4 threads:
  Real time             =  598.50 sec. (831545.27 ticks)
  Sync time (average)   =   22.82 sec.
  Wait time (average)   =    0.01 sec.
                          ------------
Total (root+branch&cut) =  600.02 sec. (833281.79 ticks)
