Version identifier: 22.2.0.0 | 2026-05-04 | 5dff98e58
CPXPARAM_Read_DataCheck                          1
CPXPARAM_Threads                                 4
CPXPARAM_Parallel                                1
CPXPARAM_RandomSeed                              20260925
CPXPARAM_Simplex_Tolerances_Optimality           1.0000000000000001e-09
CPXPARAM_Simplex_Tolerances_Feasibility          1.0000000000000001e-09
CPXPARAM_TimeLimit                               600
CPXPARAM_MIP_Tolerances_AbsMIPGap                1.0000000000000001e-09
CPXPARAM_MIP_Tolerances_Integrality              1.0000000000000001e-09
Legacy callback                                  i
Found incumbent of value 0.000000 after 0.00 sec. (0.15 ticks)
Tried aggregator 1 time.
MIP Presolve eliminated 1347 rows and 1 columns.
MIP Presolve modified 3372 coefficients.
Reduced MIP has 3968 rows, 4687 columns, and 49206 nonzeros.
Reduced MIP has 1164 binaries, 0 generals, 0 SOSs, and 0 indicators.
Presolve time = 0.03 sec. (38.79 ticks)
Probing time = 0.00 sec. (0.68 ticks)
Tried aggregator 1 time.
Detecting symmetries...
MIP Presolve modified 150 coefficients.
Reduced MIP has 3968 rows, 4687 columns, and 49206 nonzeros.
Reduced MIP has 1164 binaries, 0 generals, 0 SOSs, and 0 indicators.
Presolve time = 0.02 sec. (21.14 ticks)
Probing time = 0.00 sec. (0.78 ticks)
MIP emphasis: balance optimality and feasibility.
MIP search method: dynamic search.
Parallel mode: deterministic, using up to 4 threads.
Root relaxation solution time = 0.27 sec. (246.76 ticks)

        Nodes                                         Cuts/
   Node  Left     Objective  IInf  Best Integer    Best Bound    ItCnt     Gap

*     0+    0                            0.0000       -1.0000              --- 
*     0+    0                           -0.0140       -1.0000              --- 
      0     0       -0.1680    82       -0.0140       -0.1680       22     --- 
*     0+    0                           -0.0492       -0.1680           241.79%
      0     0       -0.1641    67       -0.0492   MIRcuts: 25      912  233.67%
*     0+    0                           -0.0907       -0.1641            80.88%
*     0+    0                           -0.1326       -0.1641            23.76%
      0     0       -0.1617    60       -0.1326      Cuts: 11     1075   21.97%
      0     0       -0.1587    63       -0.1326   MIRcuts: 20     1697   19.72%
      0     0       -0.1575    53       -0.1326   MIRcuts: 29     2569   18.84%
      0     0       -0.1570    78       -0.1326   MIRcuts: 25     2907   18.46%
      0     0       -0.1563    69       -0.1326   MIRcuts: 16     3429   17.93%
      0     0       -0.1559    78       -0.1326    MIRcuts: 4     3628   17.58%
      0     0       -0.1559    81       -0.1326    MIRcuts: 3     3746   17.58%
      0     0       -0.1559    84       -0.1326    MIRcuts: 4     4079   17.58%
      0     2       -0.1559    72       -0.1326       -0.1559     4079   17.58%
Elapsed time = 5.92 sec. (6350.18 ticks, tree = 0.02 MB, solutions = 5)
     10     9       -0.1558    86       -0.1326       -0.1559     6758   17.58%
     33    24       -0.1545    78       -0.1326       -0.1558    10278   17.51%
     51    47       -0.1541    67       -0.1326       -0.1558    16196   17.51%
     71    63       -0.1530    66       -0.1326       -0.1558    20650   17.51%
     80    79       -0.1544    62       -0.1326       -0.1558    25513   17.51%
     86    86       -0.1521    56       -0.1326       -0.1558    30573   17.51%
    120   100       -0.1528    62       -0.1326       -0.1558    34572   17.51%
    141   134       -0.1486    46       -0.1326       -0.1558    40395   17.51%
    162   151       -0.1483    44       -0.1326       -0.1558    47043   17.51%
    234   206       -0.1378    15       -0.1326       -0.1558    63578   17.51%
Elapsed time = 8.55 sec. (9653.58 ticks, tree = 0.75 MB, solutions = 5)
    336   304       -0.1453    43       -0.1326       -0.1558    83564   17.51%
    380   336       -0.1547    90       -0.1326       -0.1557    89485   17.43%
    448   395       -0.1447    31       -0.1326       -0.1557   101504   17.43%
    524   478       -0.1422    24       -0.1326       -0.1557   120354   17.43%
    692   611       -0.1329    15       -0.1326       -0.1556   142989   17.40%
    808   728       -0.1514    66       -0.1326       -0.1555   160928   17.27%
    944   807       -0.1392    39       -0.1326       -0.1555   175929   17.27%
   1137   975       -0.1553    79       -0.1326       -0.1555   196505   17.27%

Performing restart 1

Repeating presolve.
Tried aggregator 1 time.
Reduced MIP has 3968 rows, 4687 columns, and 49206 nonzeros.
Reduced MIP has 1164 binaries, 0 generals, 0 SOSs, and 0 indicators.
Presolve time = 0.02 sec. (13.87 ticks)
Tried aggregator 1 time.
Reduced MIP has 3968 rows, 4687 columns, and 49206 nonzeros.
Reduced MIP has 1164 binaries, 0 generals, 0 SOSs, and 0 indicators.
Presolve time = 0.02 sec. (21.39 ticks)
Represolve time = 0.03 sec. (44.16 ticks)
   1186     0       -0.1559    92       -0.1326    MIRcuts: 5   227296   17.23%
   1186     0       -0.1559    95       -0.1326       Cuts: 6   227651   17.23%
   1186     2       -0.1559    88       -0.1326       -0.1554   227651   17.23%
   1191     7       -0.1552    91       -0.1326       -0.1552   227921   17.07%
Elapsed time = 21.08 sec. (24820.24 ticks, tree = 0.05 MB, solutions = 5)
   1196    11       -0.1544    78       -0.1326       -0.1552   229208   17.07%
   1208    15       -0.1504    71       -0.1326       -0.1552   231859   17.07%
   1224    34       -0.1481    90       -0.1326       -0.1552   251926   17.05%
   1243    47       -0.1472    82       -0.1326       -0.1552   258970   17.05%
   1286    76       -0.1442    54       -0.1326       -0.1552   271588   17.05%
   1357   114       -0.1418    59       -0.1326       -0.1552   278039   17.05%
   1438   222       -0.1478   100       -0.1326       -0.1552   298913   17.05%
   1495   270       -0.1463    81       -0.1326       -0.1552   309264   17.05%
   1578   328       -0.1340    25       -0.1326       -0.1551   316427   17.03%
   1651   367       -0.1474    86       -0.1326       -0.1550   327240   16.93%
Elapsed time = 28.61 sec. (34561.12 ticks, tree = 6.57 MB, solutions = 5)
   1755   464       -0.1476    92       -0.1326       -0.1550   341382   16.93%
   1814   545       -0.1449    78       -0.1326       -0.1545   353754   16.52%
   1896   614       -0.1355    14       -0.1326       -0.1545   363544   16.52%
   1995   708       -0.1463    64       -0.1326       -0.1541   375882   16.22%
   2052   751       -0.1383    58       -0.1326       -0.1506   381808   13.59%
   2117   796       -0.1491   106       -0.1326       -0.1506   388606   13.59%
   2157   852       -0.1394    80       -0.1326       -0.1506   394750   13.59%
   2212   915       -0.1338    52       -0.1326       -0.1506   406408   13.59%
   2291   951       -0.1362    69       -0.1326       -0.1506   414757   13.58%
   2339   964       -0.1448    73       -0.1326       -0.1506   417592   13.58%
Elapsed time = 35.72 sec. (44239.25 ticks, tree = 18.85 MB, solutions = 5)
   2383  1060       -0.1337    39       -0.1326       -0.1503   430263   13.37%
   2456  1080       -0.1357    32       -0.1326       -0.1501   436883   13.21%
   2532  1161       -0.1372    65       -0.1326       -0.1501   449384   13.21%
   2624  1231       -0.1429    82       -0.1326       -0.1501   462409   13.21%
   2693  1236       -0.1434    83       -0.1326       -0.1497   463291   12.96%
   2796  1321       -0.1401    50       -0.1326       -0.1496   475487   12.87%
   2877  1486       -0.1370    61       -0.1326       -0.1496   499777   12.87%
   2962  1510       -0.1424    71       -0.1326       -0.1495   505616   12.76%
   3037  1603       -0.1376    30       -0.1326       -0.1495   518201   12.76%
   3119  1617       -0.1355    62       -0.1326       -0.1493   523281   12.65%
Elapsed time = 43.94 sec. (53922.49 ticks, tree = 26.78 MB, solutions = 5)
   3183  1698       -0.1360    49       -0.1326       -0.1491   533506   12.50%
   3251  1766       -0.1414    82       -0.1326       -0.1491   545870   12.45%
   3335  1830       -0.1336    40       -0.1326       -0.1490   554640   12.43%
   3421  1862       -0.1378    82       -0.1326       -0.1490   562247   12.43%
   3555  1994       -0.1327    17       -0.1326       -0.1490   581094   12.42%
   3622  2099       -0.1417    65       -0.1326       -0.1490   597131   12.41%
   3683  2138       -0.1370    73       -0.1326       -0.1489   602212   12.36%
   3778  2223       -0.1369    42       -0.1326       -0.1489   617007   12.35%
   3873  2241       -0.1360    47       -0.1326       -0.1489   620575   12.35%
   3931  2246       -0.1427    90       -0.1326       -0.1488   624291   12.28%
Elapsed time = 52.05 sec. (63646.14 ticks, tree = 40.23 MB, solutions = 5)
   4074  2400       -0.1383    69       -0.1326       -0.1488   639908   12.28%
   4153  2488       -0.1414    33       -0.1326       -0.1488   652132   12.28%
   4231  2576       -0.1350    42       -0.1326       -0.1488   660628   12.26%
   4303  2611       -0.1433    90       -0.1326       -0.1488   667344   12.26%
   4388  2708       -0.1382    65       -0.1326       -0.1488   684789   12.25%
   4455  2860       -0.1357    55       -0.1326       -0.1488   710457   12.25%
   4547  2904       -0.1410    86       -0.1326       -0.1488   718593   12.23%
   4631  2938       -0.1410    75       -0.1326       -0.1487   723460   12.17%
   4746  2999       -0.1381    36       -0.1326       -0.1486   733648   12.08%
   4836  3128        cutoff             -0.1326       -0.1486   753466   12.08%
Elapsed time = 59.81 sec. (73359.11 ticks, tree = 60.40 MB, solutions = 5)
   4918  3190       -0.1393    51       -0.1326       -0.1486   765298   12.06%
   5006  3191       -0.1439    73       -0.1326       -0.1485   763743   12.06%
   5112  3382       -0.1336    35       -0.1326       -0.1485   792571   12.02%
   5218  3485       -0.1422    54       -0.1326       -0.1485   807491   12.02%
   5326  3545       -0.1431    65       -0.1326       -0.1485   815008   12.02%
   5402  3596       -0.1356    40       -0.1326       -0.1483   824427   11.91%
   5560  3675       -0.1335    52       -0.1326       -0.1483   832395   11.91%
   5678  3771       -0.1329    29       -0.1326       -0.1483   847647   11.87%
   5780  3878       -0.1369    72       -0.1326       -0.1483   861020   11.87%
   5898  3985       -0.1390    72       -0.1326       -0.1483   876344   11.86%
Elapsed time = 67.70 sec. (82980.56 ticks, tree = 85.00 MB, solutions = 5)
   6012  4082       -0.1426    85       -0.1326       -0.1482   885650   11.79%
   6103  4144       -0.1343    51       -0.1326       -0.1482   892654   11.79%
   6203  4310       -0.1428    76       -0.1326       -0.1482   922677   11.79%
   6326  4371       -0.1380    65       -0.1326       -0.1482   932382   11.79%
   6440  4405       -0.1434    80       -0.1326       -0.1482   935654   11.77%
   6532  4463       -0.1390    65       -0.1326       -0.1482   949087   11.77%
   6656  4636       -0.1422    76       -0.1326       -0.1481   970897   11.70%
   6779  4734       -0.1437    66       -0.1326       -0.1481   982877   11.70%
   6883  4872       -0.1424    58       -0.1326       -0.1480   999199   11.64%
   6946  4887       -0.1373    52       -0.1326       -0.1480  1000904   11.64%
Elapsed time = 75.75 sec. (92680.20 ticks, tree = 104.13 MB, solutions = 5)
   7045  5002       -0.1328    34       -0.1326       -0.1480  1015387   11.62%
   7154  5044       -0.1400    62       -0.1326       -0.1480  1021971   11.62%
   7244  5134       -0.1356    69       -0.1326       -0.1479  1036261   11.60%
   7336  5216       -0.1375    58       -0.1326       -0.1479  1047203   11.58%
   7432  5326       -0.1431   100       -0.1326       -0.1478  1068982   11.53%
   7554  5466       -0.1353    34       -0.1326       -0.1478  1088243   11.52%
   7646  5458       -0.1404    79       -0.1326       -0.1478  1085682   11.52%
   7735  5524       -0.1416    94       -0.1326       -0.1478  1098908   11.51%
   7823  5607       -0.1383    27       -0.1326       -0.1478  1110547   11.48%
   8197  5918       -0.1305    38       -0.1326       -0.1477  1161768   11.40%
Elapsed time = 86.27 sec. (105231.66 ticks, tree = 126.43 MB, solutions = 5)
   8630  6252       -0.1345    38       -0.1326       -0.1476  1208510   11.35%
   9081  6688       -0.1391    75       -0.1326       -0.1475  1265717   11.27%
   9435  7051       -0.1417    72       -0.1326       -0.1474  1319106   11.23%
   9891  7342       -0.1382    60       -0.1326       -0.1474  1368809   11.18%
  10296  7727       -0.1345    15       -0.1326       -0.1472  1420641   11.07%
  10567  8118       -0.1411    90       -0.1326       -0.1471  1488526   10.97%
  10871  8316       -0.1405    47       -0.1326       -0.1470  1531127   10.92%
  11285  8637       -0.1333    26       -0.1326       -0.1469  1588607   10.82%
  11695  8915       -0.1385    58       -0.1326       -0.1469  1631159   10.79%
  12137  9337       -0.1379    67       -0.1326       -0.1467  1700876   10.70%
Elapsed time = 115.72 sec. (143561.88 ticks, tree = 192.62 MB, solutions = 5)
  12704  9732       -0.1333    44       -0.1326       -0.1466  1751164   10.60%
  13218 10178       -0.1337    13       -0.1326       -0.1465  1806455   10.50%
  13728 10630       -0.1348    29       -0.1326       -0.1463  1865479   10.39%
  14150 11059       -0.1382    37       -0.1326       -0.1462  1935241   10.26%
  14592 11244       -0.1408    60       -0.1326       -0.1461  1971008   10.21%
  15072 11622       -0.1397    76       -0.1326       -0.1459  2039599   10.03%
  15426 12128       -0.1357    54       -0.1326       -0.1457  2111108    9.94%
  15867 12404       -0.1330    18       -0.1326       -0.1457  2157112    9.89%
  16350 12804       -0.1342    29       -0.1326       -0.1455  2219562    9.79%
  16768 13220       -0.1389    63       -0.1326       -0.1454  2285269    9.70%
Elapsed time = 145.23 sec. (181787.07 ticks, tree = 291.80 MB, solutions = 5)
  17165 13561       -0.1400    61       -0.1326       -0.1453  2335332    9.60%
  17609 13808       -0.1352    31       -0.1326       -0.1452  2370326    9.54%
  18091 14360       -0.1335    55       -0.1326       -0.1452  2452159    9.50%
  18485 14731       -0.1329    30       -0.1326       -0.1451  2512919    9.45%
  18983 14981       -0.1400    70       -0.1326       -0.1451  2550170    9.44%
  19423 15299       -0.1370    41       -0.1326       -0.1451  2604125    9.43%
  19886 15644       -0.1394    56       -0.1326       -0.1450  2671170    9.38%
  20254 16134       -0.1346    40       -0.1326       -0.1449  2733147    9.33%
  20592 16483       -0.1342    35       -0.1326       -0.1449  2796080    9.30%
  20996 16652       -0.1405    64       -0.1326       -0.1448  2831391    9.27%
Elapsed time = 174.70 sec. (220135.58 ticks, tree = 363.04 MB, solutions = 5)
  21423 17000       -0.1381    39       -0.1326       -0.1448  2885529    9.25%
  21772 17443       -0.1397    63       -0.1326       -0.1448  2964875    9.23%
  22182 17686       -0.1393    72       -0.1326       -0.1448  3008263    9.21%
  22605 17946       -0.1406    70       -0.1326       -0.1447  3058115    9.19%
  22981 18384       -0.1339    39       -0.1326       -0.1447  3126614    9.18%
  23360 18773       -0.1381    84       -0.1326       -0.1447  3205024    9.14%
  23817 18935       -0.1374    58       -0.1326       -0.1446  3235119    9.12%
  24222 19366       -0.1397    60       -0.1326       -0.1446  3299714    9.12%
  24396 19822       -0.1409    67       -0.1326       -0.1446  3370384    9.07%
  24589 19934       -0.1373    80       -0.1326       -0.1446  3388412    9.07%
Elapsed time = 204.72 sec. (258417.56 ticks, tree = 449.23 MB, solutions = 5)
  24739 20161       -0.1336    32       -0.1326       -0.1446  3437136    9.07%
  24977 20337        cutoff             -0.1326       -0.1446  3469855    9.07%
  25378 20467       -0.1382    63       -0.1326       -0.1445  3493914    8.99%
  25755 20853       -0.1329    45       -0.1326       -0.1445  3560552    8.98%
  26122 20980       -0.1384    61       -0.1326       -0.1444  3581863    8.96%
  26460 21279       -0.1342    51       -0.1326       -0.1444  3633887    8.94%
  26893 21762       -0.1382    24       -0.1326       -0.1444  3728226    8.90%
  27349 22036       -0.1328    52       -0.1326       -0.1443  3768174    8.87%
  27777 22626       -0.1330    38       -0.1326       -0.1443  3865441    8.84%
  28165 22833       -0.1355    24       -0.1326       -0.1442  3897940    8.82%
Elapsed time = 236.55 sec. (296713.03 ticks, tree = 513.99 MB, solutions = 5)
  28587 23031       -0.1399   104       -0.1326       -0.1442  3934158    8.79%
  29035 23331       -0.1360    50       -0.1326       -0.1442  3987875    8.76%
  29543 23762       -0.1366    56       -0.1326       -0.1441  4057757    8.73%
  30026 24248       -0.1381    56       -0.1326       -0.1441  4125765    8.72%
  30415 24865       -0.1384    47       -0.1326       -0.1441  4220394    8.68%
  30837 25061       -0.1331    48       -0.1326       -0.1440  4257733    8.67%
  31355 25377       -0.1338    29       -0.1326       -0.1440  4304240    8.63%
  31759 25737       -0.1326    37       -0.1326       -0.1440  4360008    8.62%
  32247 26164       -0.1334    32       -0.1326       -0.1439  4429018    8.59%
  32689 26830       -0.1358    68       -0.1326       -0.1439  4524602    8.55%
Elapsed time = 269.78 sec. (334945.41 ticks, tree = 603.60 MB, solutions = 5)
  33117 26955       -0.1402    88       -0.1326       -0.1439  4545450    8.52%
  33530 27092       -0.1396    74       -0.1326       -0.1438  4574279    8.51%
  33910 27740       -0.1381    58       -0.1326       -0.1438  4673759    8.48%
  34332 27836       -0.1358    38       -0.1326       -0.1438  4692337    8.44%
  34701 28329       -0.1376    35       -0.1326       -0.1437  4776256    8.42%
  35074 28622       -0.1389    54       -0.1326       -0.1437  4831139    8.40%
  35484 28903       -0.1361    45       -0.1326       -0.1437  4886997    8.39%
  36025 29389       -0.1394    76       -0.1326       -0.1437  4966756    8.37%
  36395 29816       -0.1338    26       -0.1326       -0.1437  5028944    8.37%
  36739 29994       -0.1392    71       -0.1326       -0.1436  5068785    8.36%
Elapsed time = 301.08 sec. (373170.87 ticks, tree = 677.39 MB, solutions = 5)
  37240 30436       -0.1391    52       -0.1326       -0.1436  5149516    8.33%
  37626 30800       -0.1328    37       -0.1326       -0.1436  5205680    8.32%
  37992 30931       -0.1352    68       -0.1326       -0.1436  5236272    8.31%
  38341 31294       -0.1366    36       -0.1326       -0.1436  5293099    8.30%
  38720 31541       -0.1355    36       -0.1326       -0.1435  5352321    8.28%
  39199 32073       -0.1357    31       -0.1326       -0.1435  5456881    8.27%
  39575 32445       -0.1348    55       -0.1326       -0.1435  5514480    8.26%
  39980 32731       -0.1400    62       -0.1326       -0.1435  5568271    8.24%
  40417 33070       -0.1379    83       -0.1326       -0.1435  5624968    8.22%
  40796 33496       -0.1379    77       -0.1326       -0.1435  5692670    8.22%
Elapsed time = 331.83 sec. (411439.76 ticks, tree = 763.44 MB, solutions = 5)
  41182 33835       -0.1394    70       -0.1326       -0.1434  5767294    8.21%
  41581 33990       -0.1397    81       -0.1326       -0.1434  5794052    8.18%
  41916 34401       -0.1394    76       -0.1326       -0.1434  5864413    8.17%
  42230 34512       -0.1356    55       -0.1326       -0.1434  5891582    8.17%
  42587 34923       -0.1378    89       -0.1326       -0.1434  5979028    8.16%
  42998 35280       -0.1363    63       -0.1326       -0.1434  6051112    8.15%
  43477 35599       -0.1357    34       -0.1326       -0.1433  6106364    8.13%
  43847 36013       -0.1350    49       -0.1326       -0.1433  6175448    8.12%
  44192 36350       -0.1338    18       -0.1326       -0.1433  6237018    8.11%
  44615 36501       -0.1366    30       -0.1326       -0.1433  6264147    8.08%
Elapsed time = 361.66 sec. (449681.33 ticks, tree = 834.09 MB, solutions = 5)
  45018 36935       -0.1370    75       -0.1326       -0.1432  6354326    8.06%
  45437 37510       -0.1386    63       -0.1326       -0.1432  6442522    8.05%
  45821 37726       -0.1357    46       -0.1326       -0.1432  6481221    8.04%
  46175 37826       -0.1379    73       -0.1326       -0.1432  6496640    8.03%
  46503 38217       -0.1329    57       -0.1326       -0.1432  6570361    8.01%
  46806 38425       -0.1380    85       -0.1326       -0.1432  6631498    8.00%

Performing restart 2

Repeating presolve.
Tried aggregator 1 time.
Reduced MIP has 3968 rows, 4687 columns, and 49206 nonzeros.
Reduced MIP has 1164 binaries, 0 generals, 0 SOSs, and 0 indicators.
Presolve time = 0.02 sec. (13.87 ticks)
Tried aggregator 1 time.
Reduced MIP has 3968 rows, 4687 columns, and 49206 nonzeros.
Reduced MIP has 1164 binaries, 0 generals, 0 SOSs, and 0 indicators.
Presolve time = 0.03 sec. (21.39 ticks)
Represolve time = 0.25 sec. (45.85 ticks)
  46897     2       -0.1425    94       -0.1326       -0.1425  6721403    7.51%
  46932    29       -0.1403    73       -0.1326       -0.1412  6739642    6.55%
  47029    93       -0.1367    64       -0.1326       -0.1412  6758307    6.55%
  47199   209       -0.1375    39       -0.1326       -0.1412  6785538    6.55%
Elapsed time = 394.50 sec. (491428.61 ticks, tree = 2.27 MB, solutions = 5)
  47507   459       -0.1344    53       -0.1326       -0.1411  6831353    6.46%
  47828   667       -0.1375    51       -0.1326       -0.1411  6863484    6.46%
  48357  1007       -0.1328    19       -0.1326       -0.1411  6909945    6.44%
  48801  1346       -0.1409    70       -0.1326       -0.1411  6957164    6.42%
  49324  1823       -0.1394    63       -0.1326       -0.1411  7019258    6.41%
  49869  2206       -0.1333    20       -0.1326       -0.1410  7066744    6.40%
  50411  2651       -0.1387    56       -0.1326       -0.1410  7127704    6.40%
  51037  3172       -0.1336    16       -0.1326       -0.1410  7192130    6.39%
  51596  3648       -0.1368    48       -0.1326       -0.1410  7251811    6.37%
  52161  4112       -0.1371    41       -0.1326       -0.1410  7310147    6.35%
Elapsed time = 423.56 sec. (529650.63 ticks, tree = 130.17 MB, solutions = 5)
  52759  4553       -0.1336    42       -0.1326       -0.1410  7365250    6.33%
  53355  5000       -0.1338    13       -0.1326       -0.1409  7423719    6.32%
  53941  5370       -0.1404    77       -0.1326       -0.1409  7472152    6.32%
  54549  5911       -0.1366    57       -0.1326       -0.1409  7532628    6.31%
  55020  6349       -0.1392    55       -0.1326       -0.1409  7594718    6.29%
  55537  6777       -0.1395    43       -0.1326       -0.1409  7655190    6.28%
  56054  7130       -0.1392    25       -0.1326       -0.1409  7702631    6.27%
  56559  7527       -0.1339    34       -0.1326       -0.1408  7763743    6.24%
  57090  7928       -0.1391    55       -0.1326       -0.1408  7816289    6.22%
  57606  8491       -0.1365    52       -0.1326       -0.1408  7897923    6.18%
Elapsed time = 452.59 sec. (567902.61 ticks, tree = 239.59 MB, solutions = 5)
  58101  8909       -0.1391    78       -0.1326       -0.1407  7959458    6.15%
  58617  9314        cutoff             -0.1326       -0.1407  8012488    6.13%
  59191  9616       -0.1351    37       -0.1326       -0.1407  8054629    6.12%
  59871 10149        cutoff             -0.1326       -0.1407  8121172    6.11%
  60470 10593       -0.1388    59       -0.1326       -0.1406  8177338    6.09%
  61087 11188       -0.1364    50       -0.1326       -0.1406  8250482    6.08%
  61697 11550       -0.1371    47       -0.1326       -0.1406  8295675    6.07%
  62406 12268       -0.1354    45       -0.1326       -0.1406  8388323    6.05%
  63013 12863       -0.1364    46       -0.1326       -0.1406  8456294    6.04%
  63678 13101       -0.1333    40       -0.1326       -0.1405  8484429    6.03%
Elapsed time = 481.23 sec. (606122.15 ticks, tree = 378.45 MB, solutions = 5)
  64269 13682       -0.1354    77       -0.1326       -0.1405  8553894    6.02%
  64716 14187       -0.1356    58       -0.1326       -0.1405  8621506    6.01%
  65289 14499       -0.1386    37       -0.1326       -0.1405  8666253    6.00%
  65850 14905       -0.1342    56       -0.1326       -0.1405  8717531    6.00%
  66423 15399       -0.1364    55       -0.1326       -0.1405  8776935    5.99%
  66974 15805       -0.1326    58       -0.1326       -0.1405  8829857    5.98%
  67506 16249       -0.1405    75       -0.1326       -0.1405  8890851    5.97%
  67973 16753        cutoff             -0.1326       -0.1405  8953578    5.97%
  68388 17147       -0.1368    77       -0.1326       -0.1405  9016930    5.96%
  68727 17364       -0.1340    32       -0.1326       -0.1404  9057151    5.95%
Elapsed time = 509.80 sec. (644329.24 ticks, tree = 521.63 MB, solutions = 5)
  69059 17645       -0.1361    46       -0.1326       -0.1404  9108785    5.94%
  69487 17908       -0.1334    54       -0.1326       -0.1404  9152971    5.92%
  69857 18235       -0.1330    51       -0.1326       -0.1404  9215775    5.91%
  70271 18471       -0.1343    41       -0.1326       -0.1404  9259565    5.91%
  70640 18758       -0.1386    80       -0.1326       -0.1404  9321389    5.91%
  70947 19068       -0.1377    59       -0.1326       -0.1404  9382275    5.91%
  71348 19221       -0.1356    53       -0.1326       -0.1404  9414473    5.89%
  71725 19533       -0.1362    69       -0.1326       -0.1404  9479116    5.88%
  72088 19815       -0.1348    34       -0.1326       -0.1403  9531501    5.88%
  72448 20104       -0.1343    38       -0.1326       -0.1403  9588910    5.86%
Elapsed time = 539.92 sec. (682614.07 ticks, tree = 608.18 MB, solutions = 5)
  72723 20410       -0.1337    54       -0.1326       -0.1403  9654474    5.86%
  73019 20581       -0.1369    90       -0.1326       -0.1403  9700685    5.85%
  73291 20913       -0.1369    53       -0.1326       -0.1403  9768950    5.84%
  73628 21026       -0.1331    29       -0.1326       -0.1403  9792903    5.84%
  73929 21286       -0.1361    64       -0.1326       -0.1403  9845360    5.84%
  74222 21568       -0.1377    76       -0.1326       -0.1403  9908730    5.83%
  74507 21840       -0.1359    59       -0.1326       -0.1403  9965690    5.83%
  74752 21967       -0.1367    74       -0.1326       -0.1403  9996185    5.81%
  75026 22290       -0.1366    71       -0.1326       -0.1403 10068072    5.81%
  75387 22480       -0.1350    38       -0.1326       -0.1402 10104086    5.80%
Elapsed time = 570.84 sec. (720961.13 ticks, tree = 674.78 MB, solutions = 5)
  75647 22671       -0.1340    21       -0.1326       -0.1402 10144543    5.79%
  75967 22885       -0.1366    50       -0.1326       -0.1402 10184636    5.78%
  76318 23150       -0.1359    63       -0.1326       -0.1402 10235089    5.78%
  76657 23419       -0.1374    87       -0.1326       -0.1402 10289271    5.78%
  76933 23599       -0.1382    76       -0.1326       -0.1402 10329131    5.77%
  77237 23953       -0.1353    68       -0.1326       -0.1402 10406490    5.76%
  77515 24180       -0.1357    58       -0.1326       -0.1402 10453821    5.76%
  77736 24352       -0.1338    55       -0.1326       -0.1402 10497205    5.75%
  78058 24519       -0.1353    50       -0.1326       -0.1402 10528088    5.73%

Mixed integer rounding cuts applied:  374
Lift and project cuts applied:  2

Root node processing (before b&c):
  Real time             =    5.92 sec. (6345.75 ticks)
Parallel b&c, 4 threads:
  Real time             =  594.09 sec. (751803.75 ticks)
  Sync time (average)   =   15.12 sec.
  Wait time (average)   =    0.00 sec.
                          ------------
Total (root+branch&cut) =  600.02 sec. (758149.50 ticks)
