Version identifier: 22.2.0.0 | 2026-05-04 | 5dff98e58
CPXPARAM_Read_DataCheck                          1
CPXPARAM_Threads                                 4
CPXPARAM_Parallel                                1
CPXPARAM_RandomSeed                              20260925
CPXPARAM_MIP_Strategy_Search                     1
CPXPARAM_Simplex_Tolerances_Optimality           1.0000000000000001e-09
CPXPARAM_Simplex_Tolerances_Feasibility          1.0000000000000001e-09
CPXPARAM_TimeLimit                               600
CPXPARAM_MIP_Tolerances_AbsMIPGap                1.0000000000000001e-09
CPXPARAM_MIP_Tolerances_Integrality              1.0000000000000001e-09
Legacy callback                                  iLUD
Lazy constraint(s) or lazy constraint/branch callback is present.
    Disabling dual reductions (CPX_PARAM_REDUCE) in presolve.
    Disabling presolve reductions that prevent crushing forms (CPX_PARAM_PREREFORM).
         Disabling repeat represolve because of lazy constraint/incumbent callback.
Warning: Effort level 'CheckFeas' is incompatible with lazy constraint/incumbent callback.
         Effort level increased to 'SolveFixed'.
1 of 1 MIP starts provided solutions.
MIP start 'm1' defined initial solution with objective 0.1518.
Tried aggregator 1 time.
MIP Presolve eliminated 37 rows and 0 columns.
MIP Presolve modified 115 coefficients.
Reduced MIP has 305 rows, 362 columns, and 2500 nonzeros.
Reduced MIP has 174 binaries, 0 generals, 0 SOSs, and 0 indicators.
Presolve time = 0.00 sec. (1.20 ticks)
Probing time = 0.00 sec. (0.10 ticks)
MIP emphasis: balance optimality and feasibility.
MIP search method: traditional branch-and-cut.
Parallel mode: deterministic, using up to 4 threads.
Root relaxation solution time = 0.00 sec. (6.37 ticks)

        Nodes                                         Cuts/
   Node  Left     Objective  IInf  Best Integer    Best Bound    ItCnt     Gap         Variable B NodeID Parent  Depth

*     0+    0                            0.1518        0.0000           100.00%
      0     0        0.1357    23        0.1518        0.1357      372   10.58%
      0     0        0.1383    28        0.1518       Cuts: 9      444    8.88%
      0     0        0.1404    30        0.1518    MIRcuts: 4      480    7.48%
      0     0        0.1404    30        0.1518   Flowcuts: 1      483    7.47%
      0     2        0.1404    29        0.1518        0.1404      483    7.47%                        0             0
Elapsed time = 0.06 sec. (50.82 ticks, tree = 0.02 MB, solutions = 1)
*     2+    1                            0.1516        0.1409             7.05%
*   229+   61                            0.1472        0.1431             2.78%
*   450    18      integral     0        0.1469        0.1465    10536    0.29%

Flow cuts applied:  3
Mixed integer rounding cuts applied:  8
Gomory fractional cuts applied:  1
User cuts applied:  3

Root node processing (before b&c):
  Real time             =    0.06 sec. (50.60 ticks)
Parallel b&c, 4 threads:
  Real time             =    0.22 sec. (137.30 ticks)
  Sync time (average)   =    0.03 sec.
  Wait time (average)   =    0.00 sec.
                          ------------
Total (root+branch&cut) =    0.28 sec. (187.90 ticks)
