Version identifier: 22.2.0.0 | 2026-05-04 | 5dff98e58
CPXPARAM_Read_DataCheck                          1
CPXPARAM_Threads                                 4
CPXPARAM_Parallel                                1
CPXPARAM_RandomSeed                              20260925
CPXPARAM_Simplex_Tolerances_Optimality           1.0000000000000001e-09
CPXPARAM_Simplex_Tolerances_Feasibility          1.0000000000000001e-09
CPXPARAM_TimeLimit                               600
CPXPARAM_MIP_Tolerances_AbsMIPGap                1.0000000000000001e-09
CPXPARAM_MIP_Tolerances_Integrality              1.0000000000000001e-09
Legacy callback                                  i
1 of 15 MIP starts provided solutions.
MIP start 'm1' defined initial solution with objective 0.0000.
Tried aggregator 1 time.
MIP Presolve eliminated 37 rows and 1 columns.
MIP Presolve modified 504 coefficients.
Reduced MIP has 660 rows, 709 columns, and 5685 nonzeros.
Reduced MIP has 174 binaries, 0 generals, 0 SOSs, and 0 indicators.
Presolve time = 0.00 sec. (2.27 ticks)
Probing time = 0.00 sec. (0.17 ticks)
Tried aggregator 1 time.
Detecting symmetries...
Reduced MIP has 660 rows, 709 columns, and 5685 nonzeros.
Reduced MIP has 174 binaries, 0 generals, 0 SOSs, and 0 indicators.
Presolve time = 0.02 sec. (2.27 ticks)
Probing time = 0.00 sec. (0.17 ticks)
MIP emphasis: balance optimality and feasibility.
MIP search method: dynamic search.
Parallel mode: deterministic, using up to 4 threads.
Root relaxation solution time = 0.02 sec. (14.48 ticks)

        Nodes                                         Cuts/
   Node  Left     Objective  IInf  Best Integer    Best Bound    ItCnt     Gap

*     0+    0                            0.0000       -1.0000              --- 
      0     0       -0.3048    36        0.0000       -0.3048      567     --- 
      0     0       -0.3030    59        0.0000      Cuts: 65     1369     --- 
      0     0       -0.3011    65        0.0000      Cuts: 64     1938     --- 
*     0+    0                           -0.2595       -0.3011            16.02%
      0     0       -0.2997    70       -0.2595      Cuts: 59     2577   15.47%
      0     0       -0.2988    81       -0.2595   MIRcuts: 33     3027   15.15%
      0     0       -0.2972    81       -0.2595   MIRcuts: 31     3324   14.51%
Detecting symmetries...
      0     0       -0.2956    79       -0.2595   MIRcuts: 30     3552   13.91%
      0     0       -0.2944    86       -0.2595   MIRcuts: 21     3744   13.46%
      0     0       -0.2939    83       -0.2595   MIRcuts: 24     3937   13.24%
      0     0       -0.2936    83       -0.2595   MIRcuts: 22     4095   13.11%
      0     0       -0.2926    86       -0.2595   MIRcuts: 20     4344   12.75%
      0     0       -0.2922    87       -0.2595      Cuts: 12     4506   12.59%
      0     0       -0.2917    87       -0.2595   MIRcuts: 15     4639   12.40%
      0     0       -0.2910    88       -0.2595   MIRcuts: 10     4824   12.12%
      0     0       -0.2905    86       -0.2595   MIRcuts: 10     4974   11.93%
      0     0       -0.2902    89       -0.2595   MIRcuts: 14     5090   11.81%
      0     0       -0.2900    90       -0.2595    MIRcuts: 8     5191   11.75%
      0     0       -0.2896    97       -0.2595   MIRcuts: 18     5353   11.58%
      0     0       -0.2895    94       -0.2595    MIRcuts: 7     5391   11.56%
      0     0       -0.2894    93       -0.2595    MIRcuts: 4     5461   11.52%
Detecting symmetries...
      0     2       -0.2894    93       -0.2595       -0.2894     5461   11.52%
Elapsed time = 1.17 sec. (1097.86 ticks, tree = 0.02 MB, solutions = 2)
     69    56        cutoff             -0.2595       -0.2882    16604   11.04%
    146    89       -0.2785    76       -0.2595       -0.2882    25473   11.04%
    204   131       -0.2726    73       -0.2595       -0.2882    35158   11.04%
    319   205       -0.2846    85       -0.2595       -0.2856    44911   10.05%
    392   279       -0.2821    83       -0.2595       -0.2854    54163    9.97%
    516   366       -0.2780    83       -0.2595       -0.2853    64789    9.95%
    670   481       -0.2609    59       -0.2595       -0.2842    80721    9.52%
    819   622       -0.2683    41       -0.2595       -0.2835    94189    9.23%
   1002   733       -0.2663    58       -0.2595       -0.2829   106893    9.02%
   1677  1297       -0.2690    66       -0.2595       -0.2816   165993    8.49%
Elapsed time = 4.09 sec. (4228.31 ticks, tree = 6.71 MB, solutions = 2)
   2332  1772       -0.2645    53       -0.2595       -0.2808   222622    8.22%

Performing restart 1

Repeating presolve.
Tried aggregator 1 time.
MIP Presolve modified 168 coefficients.
Reduced MIP has 660 rows, 709 columns, and 5637 nonzeros.
Reduced MIP has 174 binaries, 0 generals, 0 SOSs, and 0 indicators.
Presolve time = 0.00 sec. (2.54 ticks)
Tried aggregator 1 time.
Reduced MIP has 660 rows, 709 columns, and 5637 nonzeros.
Reduced MIP has 174 binaries, 0 generals, 0 SOSs, and 0 indicators.
Presolve time = 0.00 sec. (2.28 ticks)
Represolve time = 0.02 sec. (15.35 ticks)
   2499     0       -0.2880    86       -0.2595      Cuts: 10   246016    8.13%
   2499     0       -0.2872    83       -0.2595      Cuts: 22   246177    8.13%
   2499     0       -0.2863    90       -0.2595   MIRcuts: 14   246377    8.13%
   2499     0       -0.2854    79       -0.2595      Cuts: 19   246588    8.13%
   2499     0       -0.2845    80       -0.2595      Cuts: 11   246807    8.13%
   2499     0       -0.2843    84       -0.2595       Cuts: 7   246887    8.13%
   2499     0       -0.2839    81       -0.2595       Cuts: 7   247030    8.13%
   2499     0       -0.2834    79       -0.2595       Cuts: 9   247186    8.13%
   2499     0       -0.2831    78       -0.2595       Cuts: 8   247391    8.13%
   2499     0       -0.2829    78       -0.2595    MIRcuts: 9   247459    8.13%
   2499     0       -0.2829    79       -0.2595    MIRcuts: 1   247486    8.13%
   2499     0       -0.2829    77       -0.2595    MIRcuts: 2   247491    8.13%
   2499     2       -0.2829    77       -0.2595       -0.2806   247491    8.13%
   2726   155       -0.2745    57       -0.2595       -0.2806   279570    8.13%
   3316   622       -0.2721    68       -0.2595       -0.2801   325262    7.92%
   3748   977       -0.2710    73       -0.2595       -0.2787   365370    7.37%
   4180  1295       -0.2664    60       -0.2595       -0.2781   412537    7.17%
   4616  1601       -0.2654    66       -0.2595       -0.2778   454139    7.05%
   5015  1938       -0.2677    73       -0.2595       -0.2772   503127    6.83%
   5523  2319       -0.2603    53       -0.2595       -0.2766   551428    6.60%
   6019  2724       -0.2687    71       -0.2595       -0.2762   604057    6.42%
Elapsed time = 13.88 sec. (15300.57 ticks, tree = 13.55 MB, solutions = 2)
   6513  3023        cutoff             -0.2595       -0.2756   645351    6.20%
   6993  3449       -0.2699    52       -0.2595       -0.2750   703537    5.97%
   7466  3808       -0.2609    50       -0.2595       -0.2746   751537    5.79%
   7921  4107       -0.2625    56       -0.2595       -0.2739   795020    5.55%
   8376  4448       -0.2706    63       -0.2595       -0.2736   847093    5.43%
   8887  4822       -0.2647    70       -0.2595       -0.2733   897491    5.30%
   9368  5142       -0.2655    61       -0.2595       -0.2729   946204    5.14%
   9873  5510       -0.2621    48       -0.2595       -0.2724   996013    4.98%
  10327  5739       -0.2708    84       -0.2595       -0.2723  1029708    4.91%
  10798  6098       -0.2629    53       -0.2595       -0.2721  1079438    4.85%
Elapsed time = 21.69 sec. (24859.67 ticks, tree = 27.43 MB, solutions = 2)
  11302  6533       -0.2649    71       -0.2595       -0.2719  1143249    4.77%
  11781  6770       -0.2630    64       -0.2595       -0.2717  1176680    4.71%
  12282  7113       -0.2649    66       -0.2595       -0.2716  1227971    4.64%
  12790  7512       -0.2667    72       -0.2595       -0.2714  1288338    4.59%
  13317  7854       -0.2619    57       -0.2595       -0.2712  1342449    4.51%
  13810  8250        cutoff             -0.2595       -0.2711  1404460    4.47%
  14303  8456       -0.2628    49       -0.2595       -0.2710  1438367    4.42%
  14865  8866       -0.2644    63       -0.2595       -0.2708  1507400    4.36%
  15397  9084       -0.2605    67       -0.2595       -0.2707  1541758    4.31%
  15893  9426       -0.2613    60       -0.2595       -0.2706  1595018    4.27%
Elapsed time = 29.64 sec. (34422.47 ticks, tree = 42.96 MB, solutions = 2)
  16397  9877       -0.2677    64       -0.2595       -0.2704  1668365    4.20%
  16911 10126       -0.2624    52       -0.2595       -0.2704  1712026    4.17%
  17438 10375       -0.2655    46       -0.2595       -0.2703  1756100    4.14%
  17950 10798       -0.2607    41       -0.2595       -0.2701  1821769    4.09%
  18426 11022       -0.2683    47       -0.2595       -0.2700  1858071    4.04%
  18954 11373       -0.2665    65       -0.2595       -0.2699  1921111    4.01%
  19468 11637       -0.2631    58       -0.2595       -0.2698  1968075    3.98%
  20007 12019       -0.2596    33       -0.2595       -0.2697  2031371    3.94%
  20585 12246       -0.2598    49       -0.2595       -0.2696  2071359    3.88%
  21189 12781       -0.2617    46       -0.2595       -0.2695  2147773    3.84%
Elapsed time = 37.36 sec. (43985.89 ticks, tree = 58.56 MB, solutions = 2)
  21747 12952       -0.2642    59       -0.2595       -0.2694  2171911    3.80%
  22276 13327       -0.2628    34       -0.2595       -0.2693  2233430    3.76%
  22853 13617       -0.2685    39       -0.2595       -0.2692  2286648    3.73%
  23310 14038       -0.2641    66       -0.2595       -0.2692  2369413    3.72%
  23796 14370       -0.2639    57       -0.2595       -0.2691  2424639    3.67%
  24327 14494       -0.2599    40       -0.2595       -0.2690  2445683    3.66%
  24838 14945       -0.2596    26       -0.2595       -0.2689  2531726    3.62%
  25333 15092       -0.2616    35       -0.2595       -0.2689  2561284    3.60%
  25874 15393       -0.2646    49       -0.2595       -0.2688  2616835    3.57%
  26358 15661       -0.2607    45       -0.2595       -0.2687  2673097    3.54%
Elapsed time = 45.05 sec. (53546.98 ticks, tree = 69.00 MB, solutions = 2)
  26670 16043       -0.2629    53       -0.2595       -0.2686  2743312    3.51%
  26944 16147       -0.2633    53       -0.2595       -0.2686  2757674    3.51%
  27256 16302       -0.2656    66       -0.2595       -0.2686  2784434    3.51%
  27545 16563       -0.2633    46       -0.2595       -0.2686  2825501    3.51%
  27819 16610       -0.2666    60       -0.2595       -0.2686  2842046    3.51%
  28090 16849        cutoff             -0.2595       -0.2686  2884144    3.51%
  28465 16936        cutoff             -0.2595       -0.2686  2899248    3.51%
  28873 17097       -0.2611    62       -0.2595       -0.2686  2931648    3.51%
  29299 17430       -0.2612    60       -0.2595       -0.2682  2992863    3.36%
  29906 17607       -0.2613    40       -0.2595       -0.2681  3020901    3.32%
Elapsed time = 52.72 sec. (63125.29 ticks, tree = 76.33 MB, solutions = 2)
  30422 17882       -0.2618    64       -0.2595       -0.2681  3077118    3.29%
  31003 18171       -0.2629    73       -0.2595       -0.2680  3134096    3.25%
  31624 18655        cutoff             -0.2595       -0.2679  3218148    3.23%
  32100 18894       -0.2617    27       -0.2595       -0.2678  3272986    3.20%
  32702 19197       -0.2654    59       -0.2595       -0.2678  3324295    3.17%
  33278 19402        cutoff             -0.2595       -0.2677  3366917    3.14%
  33836 19587       -0.2617    57       -0.2595       -0.2676  3399408    3.11%
  34413 20113       -0.2665    72       -0.2595       -0.2675  3495682    3.09%
  34931 20286       -0.2620    63       -0.2595       -0.2675  3537953    3.06%
  35493 20373       -0.2627    26       -0.2595       -0.2675  3565963    3.06%
Elapsed time = 60.03 sec. (72682.06 ticks, tree = 87.27 MB, solutions = 2)
  36003 20645       -0.2603    51       -0.2595       -0.2674  3629189    3.04%
  36536 20874       -0.2627    59       -0.2595       -0.2673  3683324    3.01%
  37125 20976       -0.2637    76       -0.2595       -0.2673  3705707    2.99%
  37684 21406       -0.2630    65       -0.2595       -0.2672  3797829    2.97%
  38276 21612       -0.2633    55       -0.2595       -0.2672  3835296    2.95%
  38848 21817        cutoff             -0.2595       -0.2671  3878809    2.92%
  39394 22260       -0.2599    44       -0.2595       -0.2670  3968246    2.90%
  40086 22448       -0.2639    57       -0.2595       -0.2670  4026492    2.88%
  40740 22621       -0.2601    44       -0.2595       -0.2669  4079715    2.85%
  41249 22856       -0.2649    55       -0.2595       -0.2668  4146935    2.82%
Elapsed time = 67.33 sec. (82235.53 ticks, tree = 94.05 MB, solutions = 2)
  41796 23082       -0.2657    62       -0.2595       -0.2668  4198348    2.79%
  42378 23356       -0.2621    71       -0.2595       -0.2668  4255070    2.79%
  43098 23471        cutoff             -0.2595       -0.2667  4284760    2.75%
  43726 23756        cutoff             -0.2595       -0.2666  4336580    2.74%
  44284 24150       -0.2610    52       -0.2595       -0.2666  4430192    2.71%
  44879 24270       -0.2597    61       -0.2595       -0.2665  4450694    2.69%
  45648 24654       -0.2620    29       -0.2595       -0.2664  4529238    2.66%
  46305 25025       -0.2600    58       -0.2595       -0.2664  4588314    2.64%
  46920 25220       -0.2599    59       -0.2595       -0.2663  4632293    2.62%
  49359 26190        cutoff             -0.2595       -0.2661  4880355    2.52%
Elapsed time = 76.80 sec. (94649.63 ticks, tree = 108.76 MB, solutions = 2)
  51883 27010       -0.2627    54       -0.2595       -0.2658  5101355    2.43%
  54455 27849       -0.2605    40       -0.2595       -0.2656  5323710    2.33%
  56836 28476        cutoff             -0.2595       -0.2653  5549106    2.23%
  59223 29023        cutoff             -0.2595       -0.2651  5786433    2.15%
  61646 29410        cutoff             -0.2595       -0.2649  5991521    2.05%
  64062 29746       -0.2601    45       -0.2595       -0.2647  6214546    1.98%
  66292 30273       -0.2643    40       -0.2595       -0.2644  6469334    1.89%
  68329 30642       -0.2619    64       -0.2595       -0.2643  6672797    1.83%
  70854 31144       -0.2608    54       -0.2595       -0.2642  6896439    1.79%
  73380 31272        cutoff             -0.2595       -0.2640  7166741    1.72%
Elapsed time = 109.42 sec. (132829.25 ticks, tree = 131.53 MB, solutions = 2)
  75872 31248       -0.2606    37       -0.2595       -0.2638  7368016    1.64%
  78350 31238        cutoff             -0.2595       -0.2636  7609104    1.57%
  80891 31030       -0.2604    48       -0.2595       -0.2634  7814990    1.50%
  83443 30729       -0.2618    74       -0.2595       -0.2632  8067455    1.43%
  86167 30123       -0.2615    24       -0.2595       -0.2630  8308484    1.35%
  88831 29137       -0.2613    51       -0.2595       -0.2628  8541777    1.27%
  91863 28499        cutoff             -0.2595       -0.2626  8724552    1.18%
  95085 26886        cutoff             -0.2595       -0.2623  8988993    1.09%
  97622 25897       -0.2612    28       -0.2595       -0.2621  9187615    1.00%
  98980 25996        cutoff             -0.2595       -0.2619  9478955    0.92%
Elapsed time = 143.33 sec. (170995.99 ticks, tree = 107.28 MB, solutions = 2)
 100128 26075        cutoff             -0.2595       -0.2619  9729223    0.92%
 102236 25731       -0.2603    26       -0.2595       -0.2619  9934075    0.92%
 105672 23681       -0.2598    42       -0.2595       -0.2618 10203174    0.88%
 109854 21449       -0.2603    48       -0.2595       -0.2615 10375263    0.76%
 114414 18125        cutoff             -0.2595       -0.2611 10577046    0.62%
 119601 14332        cutoff             -0.2595       -0.2608 10757319    0.49%
 125530  9358        cutoff             -0.2595       -0.2604 10897387    0.33%
 132397  2731        cutoff             -0.2595       -0.2598 11026736    0.12%

Flow cuts applied:  1
Mixed integer rounding cuts applied:  194
Lift and project cuts applied:  15
Gomory fractional cuts applied:  3

Root node processing (before b&c):
  Real time             =    1.17 sec. (1096.85 ticks)
Parallel b&c, 4 threads:
  Real time             =  168.88 sec. (201526.49 ticks)
  Sync time (average)   =    5.34 sec.
  Wait time (average)   =    0.01 sec.
                          ------------
Total (root+branch&cut) =  170.05 sec. (202623.35 ticks)
