Version identifier: 22.2.0.0 | 2026-05-04 | 5dff98e58
CPXPARAM_Read_DataCheck                          1
CPXPARAM_Threads                                 4
CPXPARAM_Parallel                                1
CPXPARAM_RandomSeed                              20260925
CPXPARAM_Simplex_Tolerances_Optimality           1.0000000000000001e-09
CPXPARAM_Simplex_Tolerances_Feasibility          1.0000000000000001e-09
CPXPARAM_TimeLimit                               600
CPXPARAM_MIP_Tolerances_AbsMIPGap                1.0000000000000001e-09
CPXPARAM_MIP_Tolerances_Integrality              1.0000000000000001e-09
Legacy callback                                  i
1 of 2 MIP starts provided solutions.
MIP start 'm1' defined initial solution with objective 0.1510.
Tried aggregator 1 time.
MIP Presolve eliminated 38 rows and 2 columns.
MIP Presolve modified 504 coefficients.
Reduced MIP has 660 rows, 708 columns, and 5682 nonzeros.
Reduced MIP has 174 binaries, 0 generals, 0 SOSs, and 0 indicators.
Presolve time = 0.00 sec. (2.27 ticks)
Probing time = 0.00 sec. (0.17 ticks)
Tried aggregator 1 time.
Detecting symmetries...
Reduced MIP has 660 rows, 708 columns, and 5682 nonzeros.
Reduced MIP has 174 binaries, 0 generals, 0 SOSs, and 0 indicators.
Presolve time = 0.00 sec. (2.24 ticks)
Probing time = 0.00 sec. (0.17 ticks)
MIP emphasis: balance optimality and feasibility.
MIP search method: dynamic search.
Parallel mode: deterministic, using up to 4 threads.
Root relaxation solution time = 0.02 sec. (9.79 ticks)

        Nodes                                         Cuts/
   Node  Left     Objective  IInf  Best Integer    Best Bound    ItCnt     Gap

*     0+    0                            0.1510        0.0000           100.00%
      0     0        0.1303    29        0.1510        0.1303      443   13.70%
      0     0        0.1304    37        0.1510      Cuts: 35      598   13.64%
      0     0        0.1304    44        0.1510      Cuts: 29      689   13.59%
      0     0        0.1305    50        0.1510      Cuts: 24      757   13.55%
      0     0        0.1306    48        0.1510   MIRcuts: 26      851   13.52%
      0     0        0.1306    60        0.1510   MIRcuts: 20      962   13.51%
Detecting symmetries...
      0     0        0.1306    53        0.1510      Cuts: 20     1060   13.47%
      0     0        0.1309    53        0.1510      Cuts: 26     1154   13.31%
      0     0        0.1310    60        0.1510   MIRcuts: 19     1234   13.24%
      0     0        0.1312    62        0.1510      Cuts: 16     1304   13.11%
      0     0        0.1315    60        0.1510   MIRcuts: 22     1442   12.87%
      0     0        0.1320    62        0.1510   MIRcuts: 32     1555   12.58%
      0     0        0.1321    63        0.1510   MIRcuts: 23     1622   12.47%
*     0+    0                            0.1502        0.1321            12.06%
      0     0        0.1322    64        0.1502   MIRcuts: 22     1683   12.00%
      0     0        0.1323    71        0.1502   MIRcuts: 12     1733   11.95%
Detecting symmetries...
      0     2        0.1323    70        0.1502        0.1323     1733   11.95%
Elapsed time = 0.45 sec. (398.78 ticks, tree = 0.02 MB, solutions = 2)
    134   119        0.1393    28        0.1502        0.1326    18296   11.72%
    375   259        cutoff              0.1502        0.1331    31909   11.44%
    612   397        0.1387    42        0.1502        0.1337    41712   10.98%
    896   644        cutoff              0.1502        0.1340    62290   10.84%
   1147   828        0.1391    45        0.1502        0.1343    76060   10.59%
   1445  1076        0.1435    32        0.1502        0.1344    94610   10.52%
   1768  1361        0.1352    35        0.1502        0.1346   116330   10.38%
   2057  1557        0.1427    34        0.1502        0.1348   134384   10.26%
   2377  1783        0.1410    33        0.1502        0.1350   156257   10.14%

Performing restart 1

Repeating presolve.
Tried aggregator 1 time.
MIP Presolve modified 168 coefficients.
Reduced MIP has 660 rows, 708 columns, and 5634 nonzeros.
Reduced MIP has 174 binaries, 0 generals, 0 SOSs, and 0 indicators.
Presolve time = 0.00 sec. (2.54 ticks)
Tried aggregator 1 time.
Reduced MIP has 660 rows, 708 columns, and 5634 nonzeros.
Reduced MIP has 174 binaries, 0 generals, 0 SOSs, and 0 indicators.
Presolve time = 0.00 sec. (2.25 ticks)
Represolve time = 0.02 sec. (10.02 ticks)
   2475     0        0.1325    56        0.1502      Cuts: 14   166402   10.08%
   2475     0        0.1327    66        0.1502      Cuts: 21   166487   10.08%
   2475     0        0.1331    56        0.1502      Cuts: 12   166595   10.08%
   2475     0        0.1332    65        0.1502      Cuts: 14   166657   10.08%
   2475     0        0.1333    60        0.1502    MIRcuts: 6   166717   10.08%
   2475     0        0.1333    64        0.1502       Cuts: 9   166773   10.08%
   2475     0        0.1335    64        0.1502    MIRcuts: 4   166834   10.08%
   2475     0        0.1338    60        0.1502      Cuts: 16   166958   10.08%
   2475     0        0.1340    64        0.1502      Cuts: 14   167057   10.08%
   2475     0        0.1342    58        0.1502       Cuts: 4   167112   10.08%
   2475     0        0.1343    62        0.1502      Cuts: 12   167168   10.08%
   2475     2        0.1343    62        0.1502        0.1351   167168   10.08%
Elapsed time = 8.73 sec. (7398.89 ticks, tree = 0.02 MB, solutions = 2)
   3119   455        0.1479    36        0.1502        0.1354   203463    9.87%
   4001  1219        0.1491    33        0.1502        0.1359   254436    9.52%
   4709  1710        0.1395    57        0.1502        0.1366   301653    9.05%
   5486  2288        0.1464    41        0.1502        0.1372   357084    8.65%
   6190  2755        0.1402    45        0.1502        0.1376   409876    8.43%
*  6769+ 3098                            0.1498        0.1379             7.90%
   6964  3222        0.1430    31        0.1498        0.1380   465293    7.83%
   7611  3750        0.1435    50        0.1498        0.1383   528917    7.63%
   8208  4077        cutoff              0.1498        0.1387   582805    7.41%
   8810  4418        0.1481    40        0.1498        0.1389   632048    7.23%
   9506  4853        0.1483    39        0.1498        0.1392   694709    7.08%
Elapsed time = 17.34 sec. (16951.77 ticks, tree = 18.18 MB, solutions = 3)
  10127  5183        0.1481    27        0.1498        0.1395   743786    6.88%
  10831  5578        0.1497    38        0.1498        0.1398   806330    6.69%
  11473  6007        0.1474    47        0.1498        0.1400   869055    6.54%
  12252  6378        0.1467    57        0.1498        0.1402   916407    6.40%
  13059  6918        0.1487    42        0.1498        0.1403   981010    6.32%
  13848  7474        0.1439    50        0.1498        0.1404  1047735    6.22%
  14765  7868        0.1477    53        0.1498        0.1405  1088114    6.16%
  15593  8437        cutoff              0.1498        0.1407  1150127    6.06%
  16397  9005        0.1446    49        0.1498        0.1408  1223429    5.97%
  17159  9528        cutoff              0.1498        0.1409  1284893    5.91%
Elapsed time = 25.47 sec. (26498.34 ticks, tree = 36.81 MB, solutions = 3)
  17749  9813        cutoff              0.1498        0.1410  1340712    5.83%
  18339 10030        0.1468    53        0.1498        0.1411  1378676    5.77%
  18969 10412        0.1446    48        0.1498        0.1412  1445542    5.70%
  19501 10715        0.1465    45        0.1498        0.1413  1506956    5.63%
  19850 10794        0.1486    59        0.1498        0.1414  1538383    5.58%
  20361 10978        0.1486    52        0.1498        0.1415  1597758    5.52%
  20862 11149        0.1456    55        0.1498        0.1416  1654655    5.47%
  21356 11338        0.1465    52        0.1498        0.1416  1704739    5.42%
  21772 11548        0.1464    57        0.1498        0.1417  1774185    5.36%
  22222 11671        0.1446    58        0.1498        0.1418  1832392    5.31%
Elapsed time = 34.61 sec. (36057.41 ticks, tree = 44.98 MB, solutions = 3)
  22666 11747        0.1492    38        0.1498        0.1419  1870910    5.25%
  23132 11842        0.1474    59        0.1498        0.1420  1939544    5.20%
  23613 11896        cutoff              0.1498        0.1421  1995599    5.15%
  24117 12102        0.1490    39        0.1498        0.1421  2078110    5.10%
  24622 12166        0.1480    66        0.1498        0.1422  2119297    5.05%
  25104 12338        cutoff              0.1498        0.1423  2170352    4.99%
  25562 12487        0.1458    48        0.1498        0.1424  2244645    4.91%
  26113 12459        0.1464    56        0.1498        0.1425  2282971    4.87%
  26483 12572        0.1485    56        0.1498        0.1425  2366763    4.82%
  26739 12590        0.1456    40        0.1498        0.1425  2393315    4.82%
Elapsed time = 42.86 sec. (45619.39 ticks, tree = 49.10 MB, solutions = 3)
  26976 12648        cutoff              0.1498        0.1425  2420531    4.82%
  27220 12676        0.1473    45        0.1498        0.1425  2446328    4.82%
  27444 12718        cutoff              0.1498        0.1425  2473782    4.82%
  27711 12793        0.1482    40        0.1498        0.1425  2513452    4.82%
  27988 12851        0.1449    66        0.1498        0.1425  2531420    4.82%
  28280 12903        0.1451    49        0.1498        0.1425  2558620    4.82%
  28646 12968        cutoff              0.1498        0.1425  2605369    4.82%
  28988 13037        0.1464    43        0.1498        0.1425  2632706    4.82%
  29453 13074        0.1455    44        0.1498        0.1431  2697858    4.48%
  29923 13083        0.1454    58        0.1498        0.1431  2749963    4.42%
Elapsed time = 51.45 sec. (55178.06 ticks, tree = 49.34 MB, solutions = 3)
  30413 13129        0.1474    42        0.1498        0.1432  2792186    4.37%
  30908 13252        0.1470    37        0.1498        0.1433  2875241    4.33%
  31481 13337        0.1456    51        0.1498        0.1434  2930195    4.25%
  32069 13458        cutoff              0.1498        0.1435  2977401    4.20%
  32638 13595        0.1487    48        0.1498        0.1436  3058738    4.14%
  33175 13670        0.1455    33        0.1498        0.1436  3090749    4.09%
  33636 13691        0.1490    49        0.1498        0.1437  3144187    4.05%
  34154 13724        cutoff              0.1498        0.1438  3217134    4.00%
  34657 13743        cutoff              0.1498        0.1438  3257997    3.95%
  35224 13811        0.1475    49        0.1498        0.1440  3324918    3.88%
Elapsed time = 59.14 sec. (64736.78 ticks, tree = 52.39 MB, solutions = 3)
  35818 13912        cutoff              0.1498        0.1440  3395569    3.83%
  36389 14010        0.1462    38        0.1498        0.1441  3451007    3.79%
  37028 14187        cutoff              0.1498        0.1442  3524441    3.73%
  37589 14199        0.1478    46        0.1498        0.1443  3566911    3.66%
  38236 14259        cutoff              0.1498        0.1443  3611576    3.62%
  38933 14428        cutoff              0.1498        0.1444  3668155    3.58%
  39573 14551        cutoff              0.1498        0.1445  3723015    3.53%
  40172 14703        0.1491    60        0.1498        0.1445  3810557    3.49%
  40950 14744        0.1449    56        0.1498        0.1446  3842119    3.44%
  41616 14984        cutoff              0.1498        0.1447  3924341    3.38%
Elapsed time = 66.89 sec. (74290.88 ticks, tree = 58.21 MB, solutions = 3)
  42218 15050        cutoff              0.1498        0.1448  3979098    3.33%
  42834 15103        0.1462    27        0.1498        0.1448  4028011    3.29%
  43614 15245        cutoff              0.1498        0.1449  4118197    3.24%
  44271 15288        0.1497    50        0.1498        0.1450  4140061    3.20%
  44930 15359        cutoff              0.1498        0.1450  4222048    3.16%
  45611 15416        0.1484    46        0.1498        0.1451  4264735    3.11%
  46232 15522        0.1467    39        0.1498        0.1451  4330477    3.08%
  46910 15573        cutoff              0.1498        0.1452  4375165    3.03%
  47640 15646        0.1460    23        0.1498        0.1453  4428301    2.97%
  48363 15729        0.1492    32        0.1498        0.1454  4504993    2.93%
Elapsed time = 74.92 sec. (83836.21 ticks, tree = 60.81 MB, solutions = 3)
  49017 15734        0.1481    52        0.1498        0.1454  4580002    2.88%
  49685 15706        cutoff              0.1498        0.1455  4648346    2.84%
  50297 15670        cutoff              0.1498        0.1456  4673751    2.80%
  50943 15646        cutoff              0.1498        0.1456  4736195    2.75%
  51669 15528        cutoff              0.1498        0.1457  4826677    2.70%
  52323 15421        0.1490    54        0.1498        0.1458  4871140    2.66%
  53000 15357        cutoff              0.1498        0.1458  4913061    2.62%
  53739 15336        0.1474    24        0.1498        0.1459  4972086    2.58%
  54436 15317        0.1481    38        0.1498        0.1460  5017055    2.54%
  57217 14858        cutoff              0.1498        0.1462  5274728    2.36%
Elapsed time = 85.47 sec. (96251.37 ticks, tree = 57.55 MB, solutions = 3)
  60156 14127        0.1475    19        0.1498        0.1465  5513872    2.18%
  63393 13501        cutoff              0.1498        0.1468  5746580    1.98%
  66964 12647        0.1478    42        0.1498        0.1471  5953814    1.79%
  70769 11131        cutoff              0.1498        0.1475  6199064    1.49%
  75273  8745        0.1494    15        0.1498        0.1480  6412681    1.15%
  80999  4140        cutoff              0.1498        0.1489  6577265    0.58%

Cover cuts applied:  13
Flow cuts applied:  3
Mixed integer rounding cuts applied:  197
Lift and project cuts applied:  5

Root node processing (before b&c):
  Real time             =    0.45 sec. (398.27 ticks)
Parallel b&c, 4 threads:
  Real time             =  106.98 sec. (120565.18 ticks)
  Sync time (average)   =    4.02 sec.
  Wait time (average)   =    0.00 sec.
                          ------------
Total (root+branch&cut) =  107.44 sec. (120963.45 ticks)
