Version identifier: 22.2.0.0 | 2026-05-04 | 5dff98e58
CPXPARAM_Read_DataCheck                          1
CPXPARAM_Threads                                 4
CPXPARAM_Parallel                                1
CPXPARAM_RandomSeed                              20260925
CPXPARAM_Simplex_Tolerances_Optimality           1.0000000000000001e-09
CPXPARAM_Simplex_Tolerances_Feasibility          1.0000000000000001e-09
CPXPARAM_TimeLimit                               600
CPXPARAM_MIP_Tolerances_AbsMIPGap                1.0000000000000001e-09
CPXPARAM_MIP_Tolerances_Integrality              1.0000000000000001e-09
Legacy callback                                  i
Found incumbent of value 0.000000 after 0.00 sec. (0.02 ticks)
Tried aggregator 1 time.
MIP Presolve eliminated 40 rows and 2 columns.
MIP Presolve modified 504 coefficients.
Reduced MIP has 656 rows, 708 columns, and 5658 nonzeros.
Reduced MIP has 174 binaries, 0 generals, 0 SOSs, and 0 indicators.
Presolve time = 0.00 sec. (2.27 ticks)
Probing time = 0.00 sec. (0.17 ticks)
Tried aggregator 1 time.
Detecting symmetries...
Reduced MIP has 656 rows, 708 columns, and 5658 nonzeros.
Reduced MIP has 174 binaries, 0 generals, 0 SOSs, and 0 indicators.
Presolve time = 0.00 sec. (2.26 ticks)
Probing time = 0.00 sec. (0.17 ticks)
MIP emphasis: balance optimality and feasibility.
MIP search method: dynamic search.
Parallel mode: deterministic, using up to 4 threads.
Root relaxation solution time = 0.02 sec. (17.23 ticks)

        Nodes                                         Cuts/
   Node  Left     Objective  IInf  Best Integer    Best Bound    ItCnt     Gap

*     0+    0                            0.0000       -1.0000              --- 
*     0+    0                           -0.0643       -1.0000              --- 
      0     0       -0.3048    41       -0.0643       -0.3048      795  374.07%
*     0+    0                           -0.1714       -0.3048            77.78%
      0     0       -0.3048    59       -0.1714      Cuts: 63     1286   77.78%
*     0+    0                           -0.2238       -0.3048            36.17%
      0     0       -0.3000    65       -0.2238      Cuts: 28     2126   32.98%
      0     0       -0.2995    78       -0.2238   MIRcuts: 31     2604   32.98%
      0     0       -0.2967    77       -0.2238   MIRcuts: 26     2875   32.58%
      0     0       -0.2955    79       -0.2238   MIRcuts: 21     3073   32.02%
Detecting symmetries...
      0     0       -0.2941    85       -0.2238   MIRcuts: 18     3234   31.38%
      0     0       -0.2932    81       -0.2238   MIRcuts: 12     3398   31.01%
      0     0       -0.2923    87       -0.2238      Cuts: 14     3586   30.58%
      0     0       -0.2922    88       -0.2238    MIRcuts: 5     3634   30.54%
      0     0       -0.2920    85       -0.2238    MIRcuts: 4     3663   30.47%
*     0+    0                           -0.2429       -0.2920            20.24%
      0     0       -0.2911    84       -0.2429    MIRcuts: 6     3761   19.85%
      0     0       -0.2903    86       -0.2429   MIRcuts: 15     3935   19.55%
      0     0       -0.2896    90       -0.2429      Cuts: 20     4094   19.25%
      0     0       -0.2892    93       -0.2429   MIRcuts: 15     4229   19.10%
      0     0       -0.2888    94       -0.2429   MIRcuts: 17     4431   18.90%
*     0+    0                           -0.2440       -0.2888            18.32%
*     0+    0                           -0.2452       -0.2888            17.74%
*     0+    0                           -0.2488       -0.2888            16.05%
      0     0  -1.00000e+75     0       -0.2488       -0.2888     4431   16.05%
      0     0       -0.2886    89       -0.2488   MIRcuts: 15     4511   15.98%
      0     0       -0.2884    94       -0.2488    MIRcuts: 7     4623   15.91%
      0     0       -0.2876    95       -0.2488   MIRcuts: 11     4776   15.61%
      0     0       -0.2876    91       -0.2488    MIRcuts: 7     4838   15.57%
*     0+    0                           -0.2524       -0.2876            13.94%
Detecting symmetries...
      0     2       -0.2876    91       -0.2524       -0.2876     4838   13.94%
Elapsed time = 1.02 sec. (915.94 ticks, tree = 0.02 MB, solutions = 9)
     74    52       -0.2748    67       -0.2524       -0.2864    12882   13.48%
    164   125       -0.2727    54       -0.2524       -0.2841    23879   12.59%
    297   195       -0.2526    18       -0.2524       -0.2841    36467   12.59%
    455   354       -0.2682    55       -0.2524       -0.2827    53434   12.03%
    629   513       -0.2656    61       -0.2524       -0.2819    69389   11.69%
    815   631       -0.2752    74       -0.2524       -0.2818    82811   11.66%
   1000   792       -0.2548    36       -0.2524       -0.2811    99091   11.38%
   1139   897       -0.2789    75       -0.2524       -0.2810   113431   11.32%
   1391  1086       -0.2549    30       -0.2524       -0.2809   129349   11.28%
   2227  1819       -0.2732    67       -0.2524       -0.2800   190695   10.95%
Elapsed time = 4.12 sec. (4033.01 ticks, tree = 10.71 MB, solutions = 9)

Performing restart 1

Repeating presolve.
Tried aggregator 1 time.
MIP Presolve modified 168 coefficients.
Reduced MIP has 656 rows, 708 columns, and 5610 nonzeros.
Reduced MIP has 174 binaries, 0 generals, 0 SOSs, and 0 indicators.
Presolve time = 0.02 sec. (2.54 ticks)
Tried aggregator 1 time.
Reduced MIP has 656 rows, 708 columns, and 5610 nonzeros.
Reduced MIP has 174 binaries, 0 generals, 0 SOSs, and 0 indicators.
Presolve time = 0.00 sec. (2.27 ticks)
Represolve time = 0.02 sec. (13.99 ticks)
   2492     0       -0.2858    91       -0.2524      Cuts: 23   219698   10.87%
   2492     0       -0.2846    87       -0.2524      Cuts: 18   219886   10.87%
   2492     0       -0.2843    85       -0.2524      Cuts: 15   220025   10.87%
   2492     0       -0.2832    81       -0.2524      Cuts: 13   220210   10.87%
   2492     0       -0.2830    77       -0.2524       Cuts: 7   220304   10.87%
   2492     0       -0.2827    79       -0.2524       Cuts: 6   220410   10.87%
   2492     0       -0.2824    76       -0.2524       Cuts: 7   220518   10.87%
   2492     0       -0.2824    77       -0.2524       Cuts: 4   220560   10.87%
   2492     2       -0.2824    76       -0.2524       -0.2798   220560   10.87%
   2797   191       -0.2619    23       -0.2524       -0.2798   249408   10.87%
   3456   753       -0.2657    61       -0.2524       -0.2798   300553   10.87%
   3927  1138       -0.2708    63       -0.2524       -0.2790   342182   10.55%
*  4221+ 1426                           -0.2595       -0.2782             7.19%
   4349  1010       -0.2677    70       -0.2595       -0.2781   384081    7.17%
   4806  1359       -0.2603    54       -0.2595       -0.2772   425028    6.82%
   5259  1705       -0.2676    68       -0.2595       -0.2762   472842    6.44%
   5764  2103       -0.2687    70       -0.2595       -0.2757   524820    6.23%
   6247  2449       -0.2664    62       -0.2595       -0.2752   573279    6.04%
   6687  2731        cutoff             -0.2595       -0.2749   623211    5.94%
Elapsed time = 13.44 sec. (14317.61 ticks, tree = 12.36 MB, solutions = 10)
   7195  3094       -0.2620    79       -0.2595       -0.2746   669598    5.80%
   7606  3406       -0.2657    81       -0.2595       -0.2742   715777    5.64%
   8015  3675       -0.2679    61       -0.2595       -0.2738   762535    5.50%
   8479  4022       -0.2668    61       -0.2595       -0.2734   817789    5.35%
   8992  4331       -0.2674    70       -0.2595       -0.2731   864635    5.22%
   9524  4672       -0.2596    31       -0.2595       -0.2726   911036    5.06%
  10083  5061       -0.2611    61       -0.2595       -0.2723   964793    4.92%
  10524  5375       -0.2672    63       -0.2595       -0.2717  1010280    4.69%
  11039  5698       -0.2639    62       -0.2595       -0.2714  1060356    4.57%
  11594  6018       -0.2613    56       -0.2595       -0.2710  1107685    4.42%
Elapsed time = 21.78 sec. (23879.70 ticks, tree = 27.05 MB, solutions = 10)
  12100  6394       -0.2613    45       -0.2595       -0.2708  1161307    4.33%
  12600  6709       -0.2651    69       -0.2595       -0.2705  1214838    4.23%
  13104  6977       -0.2631    58       -0.2595       -0.2703  1255064    4.16%
  13666  7376       -0.2640    67       -0.2595       -0.2702  1319466    4.10%
  14174  7718        cutoff             -0.2595       -0.2700  1370501    4.02%
  14722  8000        cutoff             -0.2595       -0.2698  1412766    3.97%
  15321  8461        cutoff             -0.2595       -0.2697  1475599    3.93%
  15860  8750       -0.2659    63       -0.2595       -0.2695  1521397    3.84%
  16507  9125        cutoff             -0.2595       -0.2693  1577698    3.79%
  17030  9515       -0.2627    49       -0.2595       -0.2692  1646527    3.72%
Elapsed time = 29.55 sec. (33432.97 ticks, tree = 43.12 MB, solutions = 10)
  17611  9833       -0.2634    67       -0.2595       -0.2690  1698183    3.67%
  18137 10000       -0.2633    55       -0.2595       -0.2690  1727702    3.65%
  18468 10237       -0.2628    55       -0.2595       -0.2689  1771702    3.60%
  18838 10488       -0.2617    69       -0.2595       -0.2688  1834242    3.56%
  19179 10573       -0.2605    69       -0.2595       -0.2687  1876333    3.52%
  19497 10660        cutoff             -0.2595       -0.2686  1899420    3.49%
  19912 10838        cutoff             -0.2595       -0.2685  1970140    3.45%
  20224 10926       -0.2597    78       -0.2595       -0.2684  2003170    3.41%
  20598 11079       -0.2609    64       -0.2595       -0.2682  2068217    3.34%
  20941 11140       -0.2598    50       -0.2595       -0.2681  2089597    3.31%
Elapsed time = 38.95 sec. (43011.03 ticks, tree = 49.60 MB, solutions = 10)
  21309 11227       -0.2649    43       -0.2595       -0.2680  2146048    3.27%
  21710 11291       -0.2620    58       -0.2595       -0.2679  2183380    3.23%
  22030 11441       -0.2616    39       -0.2595       -0.2678  2250441    3.18%
  22379 11535       -0.2601    41       -0.2595       -0.2676  2293924    3.13%
  22717 11590       -0.2596    65       -0.2595       -0.2675  2360034    3.09%
  23054 11659        cutoff             -0.2595       -0.2674  2394170    3.05%
  23366 11681        cutoff             -0.2595       -0.2673  2454233    3.01%
  23602 11697        cutoff             -0.2595       -0.2672  2466581    2.96%
  23795 11739       -0.2621    78       -0.2595       -0.2670  2530193    2.90%
  23987 11774        cutoff             -0.2595       -0.2669  2570466    2.83%
Elapsed time = 47.30 sec. (52612.77 ticks, tree = 51.49 MB, solutions = 10)
  24288 11886       -0.2603    68       -0.2595       -0.2667  2656084    2.75%
  24662 11962       -0.2609    79       -0.2595       -0.2667  2698660    2.75%
  24980 12034       -0.2604    48       -0.2595       -0.2666  2741980    2.74%
  25331 12010        cutoff             -0.2595       -0.2666  2783837    2.71%
  25678 12075       -0.2596    56       -0.2595       -0.2665  2851842    2.68%
  26024 12050        cutoff             -0.2595       -0.2664  2892221    2.65%
  26269 12022        cutoff             -0.2595       -0.2663  2946936    2.62%
  26413 12010        cutoff             -0.2595       -0.2663  2960024    2.61%
  26566 11980        cutoff             -0.2595       -0.2663  3000320    2.61%
  26723 11935       -0.2596    43       -0.2595       -0.2663  3027017    2.61%
Elapsed time = 55.33 sec. (62208.53 ticks, tree = 52.98 MB, solutions = 10)
  26869 11912       -0.2600    79       -0.2595       -0.2663  3052142    2.61%
  27070 11906       -0.2598    44       -0.2595       -0.2663  3077703    2.61%
  27209 11882        cutoff             -0.2595       -0.2663  3103646    2.61%
  27395 11867       -0.2607    68       -0.2595       -0.2663  3116455    2.61%
  27549 11836       -0.2596    55       -0.2595       -0.2663  3142921    2.61%
  27722 11796        cutoff             -0.2595       -0.2663  3170069    2.61%
  27873 11776       -0.2599    76       -0.2595       -0.2663  3197814    2.61%
  28032 11764       -0.2599    54       -0.2595       -0.2663  3225053    2.61%
  28226 11728       -0.2614    61       -0.2595       -0.2663  3238737    2.61%
  28488 11660        cutoff             -0.2595       -0.2663  3278110    2.61%
Elapsed time = 65.22 sec. (71810.68 ticks, tree = 51.33 MB, solutions = 10)
  28765 11620        cutoff             -0.2595       -0.2663  3302718    2.61%
  29015 11550       -0.2618    50       -0.2595       -0.2652  3337632    2.21%
  29306 11452        cutoff             -0.2595       -0.2651  3370570    2.15%
  29696 11353        cutoff             -0.2595       -0.2650  3403212    2.11%
  30048 11252       -0.2598    71       -0.2595       -0.2648  3459317    2.05%
  30449 11189       -0.2598    77       -0.2595       -0.2647  3516705    1.98%
  30797 11048        cutoff             -0.2595       -0.2645  3579720    1.93%
  31106 10936        cutoff             -0.2595       -0.2644  3625893    1.88%
  31456 10738        cutoff             -0.2595       -0.2643  3685132    1.83%
  31866 10623        cutoff             -0.2595       -0.2641  3722667    1.78%
Elapsed time = 73.11 sec. (81379.01 ticks, tree = 46.53 MB, solutions = 10)
  32275 10432       -0.2601    40       -0.2595       -0.2640  3799186    1.71%
  32768 10345        cutoff             -0.2595       -0.2638  3831856    1.65%
  33245 10254       -0.2612    43       -0.2595       -0.2637  3869591    1.60%
  33685  9991       -0.2616    43       -0.2595       -0.2635  3933319    1.53%
  34196  9936        cutoff             -0.2595       -0.2634  3953931    1.48%
  34696  9712        cutoff             -0.2595       -0.2631  4024589    1.39%
  35199  9514        cutoff             -0.2595       -0.2630  4058944    1.33%
  35745  9104        cutoff             -0.2595       -0.2628  4134910    1.26%
  36288  8774        cutoff             -0.2595       -0.2626  4173069    1.19%
  37782  7998        cutoff             -0.2595       -0.2621  4344655    0.99%
Elapsed time = 83.25 sec. (93797.11 ticks, tree = 35.18 MB, solutions = 10)
  40469  6171        cutoff             -0.2595       -0.2613  4632990    0.69%
  45852  1185        cutoff             -0.2595       -0.2599  4886871    0.15%

Mixed integer rounding cuts applied:  269
Lift and project cuts applied:  21

Root node processing (before b&c):
  Real time             =    1.00 sec. (915.12 ticks)
Parallel b&c, 4 threads:
  Real time             =   88.73 sec. (100836.76 ticks)
  Sync time (average)   =    4.26 sec.
  Wait time (average)   =    0.00 sec.
                          ------------
Total (root+branch&cut) =   89.73 sec. (101751.87 ticks)
