Version identifier: 22.2.0.0 | 2026-05-04 | 5dff98e58
CPXPARAM_Read_DataCheck                          1
CPXPARAM_Threads                                 4
CPXPARAM_Parallel                                1
CPXPARAM_RandomSeed                              20260925
CPXPARAM_Simplex_Tolerances_Optimality           1.0000000000000001e-09
CPXPARAM_Simplex_Tolerances_Feasibility          1.0000000000000001e-09
CPXPARAM_TimeLimit                               600
CPXPARAM_MIP_Tolerances_AbsMIPGap                1.0000000000000001e-09
CPXPARAM_MIP_Tolerances_Integrality              1.0000000000000001e-09
Legacy callback                                  i
1 of 10 MIP starts provided solutions.
MIP start 'm1' defined initial solution with objective 0.1509.
Tried aggregator 1 time.
MIP Presolve eliminated 40 rows and 2 columns.
MIP Presolve modified 504 coefficients.
Reduced MIP has 657 rows, 708 columns, and 5670 nonzeros.
Reduced MIP has 174 binaries, 0 generals, 0 SOSs, and 0 indicators.
Presolve time = 0.00 sec. (2.27 ticks)
Probing time = 0.00 sec. (0.17 ticks)
Tried aggregator 1 time.
Detecting symmetries...
Reduced MIP has 657 rows, 708 columns, and 5670 nonzeros.
Reduced MIP has 174 binaries, 0 generals, 0 SOSs, and 0 indicators.
Presolve time = 0.00 sec. (2.24 ticks)
Probing time = 0.00 sec. (0.17 ticks)
MIP emphasis: balance optimality and feasibility.
MIP search method: dynamic search.
Parallel mode: deterministic, using up to 4 threads.
Root relaxation solution time = 0.02 sec. (7.29 ticks)

        Nodes                                         Cuts/
   Node  Left     Objective  IInf  Best Integer    Best Bound    ItCnt     Gap

*     0+    0                            0.1509        0.0000           100.00%
      0     0        0.1297    20        0.1509        0.1297      365   14.02%
      0     0        0.1297    35        0.1509      Cuts: 48      509   14.01%
      0     0        0.1299    33        0.1509      Cuts: 35      604   13.93%
      0     0        0.1299    40        0.1509      Cuts: 27      716   13.90%
      0     0        0.1300    47        0.1509   MIRcuts: 28      931   13.86%
      0     0        0.1300    54        0.1509      Cuts: 38     1130   13.82%
Detecting symmetries...
*     0+    0                            0.1509        0.1300            13.82%
      0     0        0.1301    70        0.1509   MIRcuts: 38     1354   13.78%
      0     0        0.1302    60        0.1509   MIRcuts: 18     1448   13.72%
      0     0        0.1305    55        0.1509   MIRcuts: 19     1559   13.54%
      0     0        0.1305    64        0.1509   MIRcuts: 13     1611   13.50%
      0     0        0.1305    59        0.1509   MIRcuts: 11     1666   13.47%
Detecting symmetries...
      0     2        0.1305    59        0.1509        0.1305     1666   13.47%
Elapsed time = 0.23 sec. (250.41 ticks, tree = 0.02 MB, solutions = 2)
    376   226        0.1394    28        0.1509        0.1331    20606   11.77%
    898   572        0.1353    30        0.1509        0.1342    44532   11.04%
   1432   949        0.1379    33        0.1509        0.1348    73960   10.65%
   2019  1353        0.1397    28        0.1509        0.1351   102294   10.46%

Performing restart 1

Repeating presolve.
Tried aggregator 1 time.
MIP Presolve modified 168 coefficients.
Reduced MIP has 657 rows, 708 columns, and 5622 nonzeros.
Reduced MIP has 174 binaries, 0 generals, 0 SOSs, and 0 indicators.
Presolve time = 0.00 sec. (2.54 ticks)
Tried aggregator 1 time.
Reduced MIP has 657 rows, 708 columns, and 5622 nonzeros.
Reduced MIP has 174 binaries, 0 generals, 0 SOSs, and 0 indicators.
Presolve time = 0.00 sec. (2.25 ticks)
Represolve time = 0.00 sec. (9.10 ticks)
   2478     0        0.1307    69        0.1509      Cuts: 15   131780   10.29%
   2478     0        0.1313    63        0.1509      Cuts: 14   131873   10.29%
   2478     0        0.1317    59        0.1509   MIRcuts: 16   131963   10.29%
   2478     0        0.1321    60        0.1509      Cuts: 30   132040   10.29%
   2478     0        0.1321    62        0.1509      Cuts: 19   132233   10.29%
   2478     0        0.1321    61        0.1509      Cuts: 18   132485   10.29%
   2478     0        0.1322    59        0.1509      Cuts: 14   132530   10.29%
   2478     2        0.1322    56        0.1509        0.1354   132530   10.29%
*  2488+    3                            0.1505        0.1354            10.05%
   2522    29        0.1418    36        0.1505        0.1354   134815   10.05%
   2814   210        0.1384    27        0.1505        0.1354   151625   10.05%
   3203   558        0.1393    32        0.1505        0.1354   174428   10.05%
   3588   825        0.1348    32        0.1505        0.1354   190556   10.05%
   4964  1933        0.1411    30        0.1505        0.1355   272942    9.96%
Elapsed time = 5.61 sec. (5525.70 ticks, tree = 1.18 MB, solutions = 3)
   6025  2612        0.1429    44        0.1505        0.1359   347012    9.66%
*  6425+ 2925                            0.1500        0.1360             9.33%
   7059  3364        cutoff              0.1500        0.1363   427992    9.11%
   8206  4166        0.1464    32        0.1500        0.1366   512025    8.95%
   9411  4998        0.1461    34        0.1500        0.1370   603385    8.68%
  10440  5579        0.1444    52        0.1500        0.1372   673838    8.51%
  11630  6471        0.1469    38        0.1500        0.1376   751308    8.25%
  12660  7073        0.1420    56        0.1500        0.1379   823631    8.06%
  13770  7828        cutoff              0.1500        0.1381   910174    7.91%
  14993  8614        0.1455    28        0.1500        0.1384   986574    7.75%
  16273  9376        0.1422    38        0.1500        0.1387  1048576    7.57%
Elapsed time = 15.58 sec. (15080.56 ticks, tree = 16.22 MB, solutions = 4)
  17608 10121        0.1406    58        0.1500        0.1388  1115424    7.45%
  18831 10886        0.1445    56        0.1500        0.1389  1178550    7.37%
  20147 11889        0.1455    32        0.1500        0.1391  1264157    7.27%
  21689 12757        0.1409    45        0.1500        0.1393  1330569    7.14%
  22999 13755        0.1471    45        0.1500        0.1394  1402731    7.08%
  24384 14665        0.1455    43        0.1500        0.1395  1473159    7.01%
  25810 15426        cutoff              0.1500        0.1396  1535535    6.92%
  26852 16545        0.1462    46        0.1500        0.1398  1620858    6.83%
  27589 17003        0.1487    25        0.1500        0.1398  1659875    6.83%
  28137 17408        0.1439    34        0.1500        0.1398  1694063    6.83%
Elapsed time = 23.77 sec. (24627.84 ticks, tree = 49.63 MB, solutions = 4)
* 28362+16242                            0.1498        0.1398             6.68%
  28522 17612        cutoff              0.1498        0.1398  1721584    6.68%
  28765 17713        0.1421    52        0.1498        0.1398  1751000    6.68%
  29116 17914        0.1454    53        0.1498        0.1398  1787730    6.68%
  29420 17994        0.1487    39        0.1498        0.1398  1812156    6.68%
  29701 18142        0.1447    56        0.1498        0.1398  1851642    6.68%
  30074 18108        0.1448    52        0.1498        0.1398  1890895    6.68%
  30443 18241        cutoff              0.1498        0.1403  1935057    6.34%
  30968 18402        0.1487    65        0.1498        0.1403  1984957    6.29%
  31569 18590        0.1468    34        0.1498        0.1404  2062812    6.24%
  32059 18725        0.1435    45        0.1498        0.1405  2106928    6.18%
Elapsed time = 33.28 sec. (34185.56 ticks, tree = 54.30 MB, solutions = 6)
  32636 18939        0.1485    55        0.1498        0.1406  2185998    6.12%
  33199 19168        0.1468    33        0.1498        0.1407  2262123    6.06%
  33727 19261        0.1478    55        0.1498        0.1408  2325904    6.01%
  34191 19318        0.1489    71        0.1498        0.1409  2384311    5.95%
  34812 19573        0.1486    54        0.1498        0.1410  2450088    5.87%
  35401 19814        cutoff              0.1498        0.1410  2525920    5.83%
  35928 19901        cutoff              0.1498        0.1411  2577721    5.77%
  36441 20032        0.1466    29        0.1498        0.1412  2664724    5.70%
  36990 20156        0.1491    37        0.1498        0.1413  2724344    5.65%
  37628 20298        0.1485    31        0.1498        0.1414  2786384    5.59%
Elapsed time = 42.31 sec. (43732.88 ticks, tree = 59.42 MB, solutions = 6)
  38179 20453        cutoff              0.1498        0.1415  2843313    5.52%
  38722 20605        0.1496    52        0.1498        0.1416  2913723    5.46%
  39338 20657        cutoff              0.1498        0.1417  2972829    5.41%
  39881 20854        cutoff              0.1498        0.1417  3060026    5.36%
  40421 20911        0.1458    51        0.1498        0.1418  3115245    5.31%
  40988 21045        0.1449    41        0.1498        0.1419  3212239    5.25%
  41624 21126        0.1474    25        0.1498        0.1420  3261615    5.19%
  42189 21258        cutoff              0.1498        0.1421  3334161    5.12%
  42749 21341        0.1489    45        0.1498        0.1422  3390966    5.06%
  43311 21420        0.1497    32        0.1498        0.1423  3478133    5.01%
Elapsed time = 51.56 sec. (53294.06 ticks, tree = 61.92 MB, solutions = 6)
  43828 21438        cutoff              0.1498        0.1423  3511443    4.97%
  44307 21370        cutoff              0.1498        0.1424  3610546    4.90%
  44822 21365        cutoff              0.1498        0.1425  3663597    4.85%
  45395 21380        0.1484    54        0.1498        0.1426  3729605    4.79%
  45949 21409        0.1481    58        0.1498        0.1427  3794692    4.73%
  46504 21395        0.1457    35        0.1498        0.1428  3885063    4.65%
  47069 21452        0.1479    67        0.1498        0.1429  3927292    4.61%
  47567 21378        cutoff              0.1498        0.1429  4016797    4.56%
  48170 21334        cutoff              0.1498        0.1430  4082563    4.50%
  48739 21253        cutoff              0.1498        0.1431  4161985    4.43%
Elapsed time = 59.48 sec. (62851.80 ticks, tree = 61.79 MB, solutions = 6)
  49286 21257        cutoff              0.1498        0.1432  4216734    4.37%
  49853 21176        cutoff              0.1498        0.1433  4275144    4.31%
  50424 21101        0.1482    39        0.1498        0.1434  4326060    4.24%
  51042 21048        cutoff              0.1498        0.1435  4422821    4.16%
  51779 21042        0.1476    54        0.1498        0.1436  4485179    4.10%
  52416 21029        cutoff              0.1498        0.1437  4560202    4.03%
  53121 21044        cutoff              0.1498        0.1438  4626348    3.98%
  53846 20980        0.1467    36        0.1498        0.1439  4691249    3.90%
  54534 21008        cutoff              0.1498        0.1440  4733689    3.83%
  55273 20947        cutoff              0.1498        0.1441  4825093    3.79%
Elapsed time = 67.83 sec. (72405.77 ticks, tree = 62.42 MB, solutions = 6)
  55954 20847        cutoff              0.1498        0.1442  4884138    3.72%
  56707 20777        0.1496    51        0.1498        0.1443  4942911    3.64%
  57479 20566        cutoff              0.1498        0.1444  5024214    3.60%
  58320 20510        cutoff              0.1498        0.1445  5111330    3.51%
  59098 20434        cutoff              0.1498        0.1446  5175617    3.44%
  59931 20351        cutoff              0.1498        0.1447  5228236    3.38%
  60819 20251        cutoff              0.1498        0.1448  5260731    3.32%
  61647 20089        cutoff              0.1498        0.1449  5335433    3.24%
  62502 19923        cutoff              0.1498        0.1450  5409350    3.16%
  63379 19781        0.1497    21        0.1498        0.1451  5493348    3.10%
Elapsed time = 75.64 sec. (81948.81 ticks, tree = 60.73 MB, solutions = 6)
  64242 19597        0.1478    32        0.1498        0.1452  5547668    3.03%
  65217 19471        cutoff              0.1498        0.1453  5592015    2.96%
  66162 19256        cutoff              0.1498        0.1455  5683654    2.88%
  67195 19139        0.1460    32        0.1498        0.1455  5752748    2.83%
  68200 19129        0.1487    18        0.1498        0.1456  5785570    2.77%
  69188 18917        cutoff              0.1498        0.1457  5872837    2.70%
  70268 18832        cutoff              0.1498        0.1458  5917221    2.63%
  71249 18650        cutoff              0.1498        0.1459  5971174    2.58%
  72207 18328        0.1480    64        0.1498        0.1460  6062658    2.52%
  76574 17162        cutoff              0.1498        0.1464  6317499    2.25%
Elapsed time = 86.11 sec. (94353.59 ticks, tree = 53.61 MB, solutions = 6)
  81279 15536        cutoff              0.1498        0.1469  6573983    1.91%
  86560 13365        cutoff              0.1498        0.1475  6820536    1.54%
  92846  9746        cutoff              0.1498        0.1481  7104955    1.10%
 102720  1621        cutoff              0.1498        0.1494  7341924    0.23%

Cover cuts applied:  6
Flow cuts applied:  1
Mixed integer rounding cuts applied:  165

Root node processing (before b&c):
  Real time             =    0.23 sec. (249.98 ticks)
Parallel b&c, 4 threads:
  Real time             =   99.95 sec. (109678.05 ticks)
  Sync time (average)   =    4.34 sec.
  Wait time (average)   =    0.00 sec.
                          ------------
Total (root+branch&cut) =  100.19 sec. (109928.03 ticks)
