Version identifier: 22.2.0.0 | 2026-05-04 | 5dff98e58
CPXPARAM_Read_DataCheck                          1
CPXPARAM_Threads                                 4
CPXPARAM_Parallel                                1
CPXPARAM_RandomSeed                              20260925
CPXPARAM_Simplex_Tolerances_Optimality           1.0000000000000001e-09
CPXPARAM_Simplex_Tolerances_Feasibility          1.0000000000000001e-09
CPXPARAM_TimeLimit                               600
CPXPARAM_MIP_Tolerances_AbsMIPGap                1.0000000000000001e-09
CPXPARAM_MIP_Tolerances_Integrality              1.0000000000000001e-09
Legacy callback                                  i
Found incumbent of value 0.000000 after 0.00 sec. (0.15 ticks)
Tried aggregator 1 time.
MIP Presolve eliminated 1341 rows and 1 columns.
MIP Presolve modified 3420 coefficients.
Reduced MIP has 3974 rows, 4687 columns, and 49656 nonzeros.
Reduced MIP has 1164 binaries, 0 generals, 0 SOSs, and 0 indicators.
Presolve time = 0.03 sec. (32.74 ticks)
Probing time = 0.00 sec. (0.69 ticks)
Tried aggregator 1 time.
Detecting symmetries...
Reduced MIP has 3974 rows, 4687 columns, and 49656 nonzeros.
Reduced MIP has 1164 binaries, 0 generals, 0 SOSs, and 0 indicators.
Presolve time = 0.02 sec. (21.22 ticks)
Probing time = 0.00 sec. (0.78 ticks)
MIP emphasis: balance optimality and feasibility.
MIP search method: dynamic search.
Parallel mode: deterministic, using up to 4 threads.
Root relaxation solution time = 0.16 sec. (169.81 ticks)

        Nodes                                         Cuts/
   Node  Left     Objective  IInf  Best Integer    Best Bound    ItCnt     Gap

*     0+    0                            0.0000       -1.0000              --- 
      0     0       -0.2093    93        0.0000       -0.2093     3287     --- 
*     0+    0                           -0.0899       -0.2093           132.76%
*     0+    0                           -0.1690       -0.2093            23.85%
      0     0       -0.2093    61       -0.1690       Cuts: 5     4135   23.85%
      0     0       -0.2093    64       -0.1690       Cuts: 7     4718   23.85%
*     0+    0                           -0.1783       -0.2093            17.39%
      0     0       -0.2093    54       -0.1783    MIRcuts: 3     4989   17.39%
*     0+    0                           -0.1789       -0.2093            16.97%
      0     0  -1.00000e+75     0       -0.1789       -0.2093     4989   16.97%
      0     0       -0.2093    54       -0.1789    MIRcuts: 6     5914   16.97%
      0     2       -0.2093    54       -0.1789       -0.2093     5914   16.97%
Elapsed time = 6.91 sec. (6968.16 ticks, tree = 0.02 MB, solutions = 5)
      2     4       -0.2062    61       -0.1789       -0.2093     8257   16.97%
      9    10       -0.2062    55       -0.1789       -0.2093    13134   16.97%
     22    15       -0.2062    73       -0.1789       -0.2093    25553   16.97%
     35    18       -0.2062    68       -0.1789       -0.2093    26288   16.97%
     38    35       -0.2062    63       -0.1789       -0.2093    45319   16.97%
     50    46       -0.2062    64       -0.1789       -0.2093    52182   16.97%
     56    56       -0.2062    59       -0.1789       -0.2093    56106   16.97%
     65    63       -0.2062    62       -0.1789       -0.2093    65966   16.97%
     77    72       -0.2093    69       -0.1789       -0.2093    70595   16.97%
    114    92       -0.2062    74       -0.1789       -0.2093    83340   16.97%
Elapsed time = 10.14 sec. (10381.27 ticks, tree = 0.41 MB, solutions = 5)
    181   156       -0.2031    59       -0.1789       -0.2093   124896   16.97%
    243   221       -0.1935    36       -0.1789       -0.2093   165952   16.97%
*   341+  255                           -0.1805       -0.2093            15.96%
*   346+  255                           -0.1814       -0.2093            15.38%
*   350+  255                           -0.1820       -0.2093            14.97%
*   350+  255                           -0.1829       -0.2093            14.41%
*   366+  254                           -0.1845       -0.2093            13.45%
    368   348       -0.2023    62       -0.1845       -0.2093   188099   13.45%
    470   411       -0.2000    55       -0.1845       -0.2093   191186   13.45%
    565   455       -0.2062    67       -0.1845       -0.2093   198500   13.45%
    637   573       -0.1891    32       -0.1845       -0.2093   222034   13.45%
    724   662       -0.2062    65       -0.1845       -0.2093   241456   13.45%
    779   682       -0.2093    61       -0.1845       -0.2093   251877   13.45%
    872   764       -0.2020    71       -0.1845       -0.2093   274335   13.45%
*   942+  823                           -0.1851       -0.2093            13.05%
    942   825       -0.2062    50       -0.1851       -0.2093   283881   13.05%
Elapsed time = 18.47 sec. (20070.04 ticks, tree = 20.26 MB, solutions = 11)
   1076   953       -0.1984    45       -0.1851       -0.2093   299217   13.05%
   1190  1046       -0.2065    58       -0.1851       -0.2093   317829   13.05%
   1242  1146       -0.2062    59       -0.1851       -0.2093   331571   13.05%
   1400  1170       -0.2031    57       -0.1851       -0.2093   333356   13.05%

Performing restart 1

Repeating presolve.
Tried aggregator 1 time.
Reduced MIP has 3974 rows, 4687 columns, and 49656 nonzeros.
Reduced MIP has 1164 binaries, 0 generals, 0 SOSs, and 0 indicators.
Presolve time = 0.02 sec. (13.96 ticks)
Tried aggregator 1 time.
Reduced MIP has 3974 rows, 4687 columns, and 49656 nonzeros.
Reduced MIP has 1164 binaries, 0 generals, 0 SOSs, and 0 indicators.
Presolve time = 0.02 sec. (21.50 ticks)
Represolve time = 0.03 sec. (44.98 ticks)
   1401     0       -0.2093    56       -0.1851       Cuts: 5   343681   13.05%
   1401     0       -0.2093    67       -0.1851      Cuts: 18   345046   13.05%
   1401     0       -0.2093    62       -0.1851       Cuts: 4   345492   13.05%
   1401     0       -0.2093    59       -0.1851       Cuts: 4   345713   13.05%
   1401     0       -0.2093    56       -0.1851      Fract: 1   346170   13.05%
   1401     0       -0.2093    62       -0.1851    MIRcuts: 4   346718   13.05%
   1401     2       -0.2093    56       -0.1851       -0.2093   346718   13.05%
   1404     4       -0.2062    54       -0.1851       -0.2093   348895   13.05%
   1414    10       -0.2031    57       -0.1851       -0.2093   356942   13.05%
   1428    21       -0.2031    57       -0.1851       -0.2093   368645   13.05%
   1448    33       -0.2031    61       -0.1851       -0.2093   390581   13.05%
   1471    56       -0.2062    90       -0.1851       -0.2093   406513   13.05%
Elapsed time = 37.66 sec. (42374.83 ticks, tree = 0.70 MB, solutions = 11)
   1501    74       -0.2031    67       -0.1851       -0.2093   412752   13.05%
   1536   121       -0.2031    65       -0.1851       -0.2093   427030   13.05%
   1592   172       -0.2000    67       -0.1851       -0.2093   441056   13.05%
   1647   228       -0.1974    53       -0.1851       -0.2093   457369   13.05%
   1697   273       -0.1943    59       -0.1851       -0.2093   471120   13.05%
   1766   304       -0.1877    51       -0.1851       -0.2093   475896   13.05%
   1927   347       -0.1935    70       -0.1851       -0.2093   486082   13.05%
   1972   443       -0.2031    53       -0.1851       -0.2093   500645   13.05%
   2032   504       -0.2074    68       -0.1851       -0.2093   510566   13.05%
   2092   550       -0.2074    55       -0.1851       -0.2093   518656   13.05%
Elapsed time = 46.16 sec. (52083.59 ticks, tree = 15.14 MB, solutions = 11)
   2179   664       -0.1966    42       -0.1851       -0.2093   542004   13.05%
   2247   742       -0.2001    45       -0.1851       -0.2093   554704   13.05%
   2401   813       -0.2093    56       -0.1851       -0.2093   566474   13.05%
   2510   908       -0.1906    28       -0.1851       -0.2093   570757   13.05%
   2571  1001       -0.2043    58       -0.1851       -0.2093   587066   13.05%
   2651  1034       -0.1986    53       -0.1851       -0.2093   592529   13.05%
   2781  1121       -0.1937    46       -0.1851       -0.2093   605873   13.05%
   2986  1323       -0.1864    39       -0.1851       -0.2093   616838   13.05%
   3079  1409       -0.1930    39       -0.1851       -0.2093   622748   13.05%
   3173  1572       -0.2078    60       -0.1851       -0.2093   643878   13.05%
Elapsed time = 54.14 sec. (61682.99 ticks, tree = 47.62 MB, solutions = 11)
   3316  1696       -0.1961    47       -0.1851       -0.2093   653360   13.05%
   3492  1897       -0.2093    51       -0.1851       -0.2093   668400   13.05%
   3613  1967       -0.1984    47       -0.1851       -0.2093   676818   13.05%
   3770  2140       -0.1964    47       -0.1851       -0.2093   691039   13.05%
   3913  2301       -0.1860    32       -0.1851       -0.2093   702327   13.05%
   3982  2348       -0.1969    49       -0.1851       -0.2093   709494   13.05%
   4147  2445       -0.2093    54       -0.1851       -0.2093   720840   13.05%
   4240  2561       -0.2093    59       -0.1851       -0.2093   734086   13.05%
   4302  2656       -0.2093    57       -0.1851       -0.2093   749281   13.05%
   4382  2719       -0.1994    59       -0.1851       -0.2093   754809   13.05%
Elapsed time = 62.16 sec. (71305.08 ticks, tree = 84.26 MB, solutions = 11)
   4595  2847       -0.1876    38       -0.1851       -0.2093   769192   13.05%
   4751  3018       -0.2008    49       -0.1851       -0.2093   777562   13.05%
   4920  3058       -0.1961    43       -0.1851       -0.2093   778369   13.05%
   5161  3261       -0.1860    26       -0.1851       -0.2093   791156   13.05%
   5369  3448       -0.1853    40       -0.1851       -0.2093   804668   13.05%
   5583  3815       -0.2082    54       -0.1851       -0.2093   822519   13.05%
   5789  4015       -0.2041    48       -0.1851       -0.2093   836019   13.05%
   6035  4121       -0.1876    34       -0.1851       -0.2093   843601   13.05%
   6169  4451       -0.2070    53       -0.1851       -0.2093   863935   13.05%
   6272  4491       -0.1984    44       -0.1851       -0.2093   868880   13.05%
Elapsed time = 69.95 sec. (80946.98 ticks, tree = 126.79 MB, solutions = 11)
   6440  4645       -0.1860    37       -0.1851       -0.2093   886008   13.05%
   6699  4757       -0.1946    53       -0.1851       -0.2093   896055   13.05%
   6830  5030       -0.2078    57       -0.1851       -0.2093   914169   13.05%
   6875  5118       -0.1992    48       -0.1851       -0.2093   924554   13.05%
   7070  5254       -0.1853    35       -0.1851       -0.2093   933611   13.05%
   7246  5359       -0.2093    52       -0.1851       -0.2093   944617   13.05%
   7402  5511       -0.1876    47       -0.1851       -0.2093   958544   13.05%
   7624  5505       -0.1884    40       -0.1851       -0.2093   958444   13.05%
   7798  5954       -0.2093    54       -0.1851       -0.2093   988130   13.05%
   7890  6071       -0.1969    46       -0.1851       -0.2093  1001638   13.05%
Elapsed time = 77.80 sec. (90610.88 ticks, tree = 147.43 MB, solutions = 11)
   8055  6150       -0.1853    34       -0.1851       -0.2093  1004975   13.05%
   8253  6202       -0.1876    37       -0.1851       -0.2093  1014832   13.05%
   8380  6379       -0.2084    59       -0.1851       -0.2093  1033237   13.05%
   8498  6579       -0.2041    57       -0.1851       -0.2093  1053660   13.05%
   8718  6773       -0.1926    32       -0.1851       -0.2093  1068534   13.05%
   8948  6832       -0.1935    49       -0.1851       -0.2093  1074616   13.05%
   9097  7128       -0.1938    38       -0.1851       -0.2093  1091958   13.05%
   9273  7204       -0.1938    42       -0.1851       -0.2093  1097777   13.05%
   9505  7321       -0.2047    49       -0.1851       -0.2093  1104096   13.05%
   9720  7514       -0.1894    40       -0.1851       -0.2093  1119555   13.05%
Elapsed time = 85.58 sec. (100197.83 ticks, tree = 185.17 MB, solutions = 11)
  10001  7910       -0.2016    46       -0.1851       -0.2093  1149026   13.05%
  10265  7881       -0.2065    56       -0.1851       -0.2093  1147736   13.05%
  10418  8368       -0.1860    28       -0.1851       -0.2093  1171295   13.05%
  10675  8504       -0.1861    38       -0.1851       -0.2093  1178902   13.05%
* 10732+ 8327                           -0.1860       -0.2093            12.50%
  10963  8641       -0.1891    33       -0.1860       -0.2093  1186573   12.50%
  11216  8000       -0.1866    38       -0.1860       -0.2093  1199931   12.50%
  11384  8213       -0.2093    59       -0.1860       -0.2093  1220016   12.50%
  11511  8511       -0.2041    44       -0.1860       -0.2093  1244593   12.50%
  11731  8592       -0.2000    42       -0.1860       -0.2093  1250912   12.50%
  12628  9264       -0.1868    32       -0.1860       -0.2093  1299799   12.50%
Elapsed time = 95.09 sec. (112623.58 ticks, tree = 246.59 MB, solutions = 12)
* 12825+ 9535                           -0.1867       -0.2093            12.11%
* 12858+ 9443                           -0.1867       -0.2093            12.11%
  13571  9824       -0.2049    56       -0.1867       -0.2093  1356104   12.11%
  14398 10569       -0.2030    58       -0.1867       -0.2093  1421819   12.11%
  15429 11806       -0.2031    66       -0.1867       -0.2093  1498731   12.11%
  16337 12602       -0.2084    55       -0.1867       -0.2093  1549816   12.11%
  17388 13421       -0.1969    46       -0.1867       -0.2093  1596363   12.11%
  18068 13955        cutoff             -0.1867       -0.2093  1646101   12.11%
  18908 14927       -0.2025    51       -0.1867       -0.2093  1731148   12.11%
  19890 15586       -0.1969    36       -0.1867       -0.2093  1778559   12.11%
  20820 16680       -0.1868    28       -0.1867       -0.2093  1864129   12.11%
  21836 17450       -0.1932    36       -0.1867       -0.2093  1925473   12.11%
Elapsed time = 124.03 sec. (150801.57 ticks, tree = 494.66 MB, solutions = 15)
  22639 18189       -0.1876    30       -0.1867       -0.2093  1988572   12.11%
  23578 19096       -0.1938    34       -0.1867       -0.2093  2060743   12.11%
  24232 19834       -0.2093    68       -0.1867       -0.2093  2125378   12.11%
  24778 20456       -0.1910    36       -0.1867       -0.2093  2173554   12.11%
  25280 20885       -0.1953    46       -0.1867       -0.2093  2204201   12.11%
  25562 21154       -0.2088    60       -0.1867       -0.2093  2230748   12.11%
  25936 21527       -0.2000    46       -0.1867       -0.2093  2266796   12.11%
  26410 22013       -0.1907    29       -0.1867       -0.2093  2303479   12.11%
  26758 22393       -0.2031    57       -0.1867       -0.2093  2343897   12.11%
  27164 22740       -0.1868    38       -0.1867       -0.2093  2373577   12.11%
Elapsed time = 155.58 sec. (189185.94 ticks, tree = 670.68 MB, solutions = 15)
  27583 23088       -0.1867    31       -0.1867       -0.2093  2405026   12.11%
  28073 23354       -0.1990    42       -0.1867       -0.2093  2435588   12.11%
  28466 23879       -0.1868    29       -0.1867       -0.2093  2478109   12.11%
  28866 24245       -0.1899    36       -0.1867       -0.2093  2517918   12.11%
  29551 24873       -0.2082    64       -0.1867       -0.2093  2570554   12.11%
  30276 25195       -0.1953    34       -0.1867       -0.2093  2602659   12.11%
  31179 25982       -0.1868    27       -0.1867       -0.2093  2671045   12.11%
  31769 26764       -0.1953    44       -0.1867       -0.2093  2735647   12.11%
  32556 27314       -0.2016    42       -0.1867       -0.2093  2788696   12.11%
  33336 28065       -0.2055    68       -0.1867       -0.2093  2859085   12.11%
Elapsed time = 186.31 sec. (227411.74 ticks, tree = 829.61 MB, solutions = 15)
  34134 28701       -0.2031    55       -0.1867       -0.2093  2918492   12.11%
  34883 29514       -0.1915    46       -0.1867       -0.2093  2980384   12.11%
  35743 30191       -0.1945    34       -0.1867       -0.2093  3049521   12.11%
  36544 30996       -0.2041    58       -0.1867       -0.2093  3116617   12.11%
  37498 31987       -0.2062    61       -0.1867       -0.2093  3195448   12.11%
  38345 32747       -0.2093    60       -0.1867       -0.2093  3270032   12.11%
  39137 33257       -0.1871    32       -0.1867       -0.2093  3318367   12.11%
  40006 34303       -0.1907    30       -0.1867       -0.2093  3420987   12.11%
  40965 35044       -0.1876    30       -0.1867       -0.2093  3484151   12.11%
  41683 35882       -0.1942    37       -0.1867       -0.2093  3548321   12.11%
Elapsed time = 215.98 sec. (265667.09 ticks, tree = 1065.94 MB, solutions = 15)
  42503 36390       -0.1953    46       -0.1867       -0.2093  3590527   12.11%
  43466 37500       -0.1953    37       -0.1867       -0.2093  3682681   12.11%
  44057 38061       -0.1922    42       -0.1867       -0.2093  3736135   12.11%
  44852 38692       -0.1984    40       -0.1867       -0.2093  3795395   12.11%
  45651 39411       -0.2039    53       -0.1867       -0.2093  3852044   12.11%
  46711 40357       -0.1969    44       -0.1867       -0.2093  3928997   12.11%
  47737 41265       -0.1922    33       -0.1867       -0.2093  3996951   12.11%
  48647 41910       -0.2016    61       -0.1867       -0.2093  4048190   12.11%
  49976 43185       -0.1890    48       -0.1867       -0.2093  4123606   12.11%
  50968 44073       -0.1912    31       -0.1867       -0.2093  4189315   12.11%
Elapsed time = 245.23 sec. (303891.40 ticks, tree = 1330.41 MB, solutions = 15)
  52069 44895       -0.2000    51       -0.1867       -0.2093  4238753   12.11%
  52869 45838       -0.2022    58       -0.1867       -0.2093  4311850   12.11%
  53813 46661       -0.1898    35       -0.1867       -0.2093  4381287   12.11%
  54782 47494       -0.1868    29       -0.1867       -0.2093  4440071   12.11%
  55734 48732       -0.1876    34       -0.1867       -0.2093  4527129   12.11%
  56424 49293       -0.1898    32       -0.1867       -0.2093  4570731   12.11%
  57368 49990       -0.1896    32       -0.1867       -0.2093  4617414   12.11%
  58269 50751       -0.2009    55       -0.1867       -0.2093  4690161   12.11%
  59266 51685       -0.1946    50       -0.1867       -0.2093  4758995   12.11%
  60189 52814       -0.1876    23       -0.1867       -0.2093  4846338   12.11%
Elapsed time = 275.53 sec. (342110.22 ticks, tree = 1612.29 MB, solutions = 15)
  61020 53494       -0.1969    43       -0.1867       -0.2093  4902990   12.11%
  61899 54222       -0.2093    73       -0.1867       -0.2093  4966834   12.11%
  62958 55088       -0.1984    43       -0.1867       -0.2093  5036232   12.11%
  63857 56056       -0.1984    43       -0.1867       -0.2093  5112053   12.11%
  64865 56850       -0.1952    45       -0.1867       -0.2093  5167144   12.11%
  65900 57871       -0.1974    54       -0.1867       -0.2093  5253988   12.11%
  67008 59067       -0.1907    38       -0.1867       -0.2093  5315995   12.11%
  67842 59802       -0.1876    30       -0.1867       -0.2093  5378232   12.11%
  68730 60577       -0.1907    35       -0.1867       -0.2093  5441668   12.11%
  69650 61525       -0.1974    59       -0.1867       -0.2093  5511780   12.11%
Elapsed time = 305.38 sec. (380310.32 ticks, tree = 1868.42 MB, solutions = 15)
  70478 62151       -0.1984    49       -0.1867       -0.2093  5559131   12.11%
  71435 63013       -0.1868    35       -0.1867       -0.2093  5629941   12.11%
  72353 64083       -0.1876    40       -0.1867       -0.2093  5712262   12.11%
  73099 64475       -0.1870    43       -0.1867       -0.2093  5757044   12.11%
  74008 65233       -0.2045    63       -0.1867       -0.2093  5824617   12.11%
  74876 66043       -0.1891    31       -0.1867       -0.2093  5896291   12.11%
  75938 67044       -0.1876    31       -0.1867       -0.2093  5965972   12.11%
  76775 67877       -0.1870    39       -0.1867       -0.2093  6041758   12.11%
  77784 68813       -0.2005    47       -0.1867       -0.2093  6109253   12.11%
  78742 69463       -0.1907    40       -0.1867       -0.2093  6154306   12.11%
Elapsed time = 336.09 sec. (418532.40 ticks, tree = 2127.38 MB, solutions = 15)
Nodefile size = 70.55 MB (47.69 MB after compression)
  79668 70548       -0.2062    63       -0.1867       -0.2093  6229370   12.11%
  80577 71092       -0.1957    46       -0.1867       -0.2093  6287316   12.11%
  81419 72245       -0.1907    41       -0.1867       -0.2093  6377503   12.11%
  82237 72845       -0.1949    45       -0.1867       -0.2093  6431709   12.11%
  83241 73947       -0.1868    31       -0.1867       -0.2093  6500996   12.11%
  84166 74895       -0.1891    31       -0.1867       -0.2093  6574799   12.11%
  84931 75390       -0.2027    52       -0.1867       -0.2093  6610349   12.11%
  85925 76404       -0.2036    47       -0.1867       -0.2093  6681367   12.11%
  86795 77166       -0.1999    57       -0.1867       -0.2093  6743069   12.11%
  87761 78287       -0.2016    46       -0.1867       -0.2093  6817358   12.11%
Elapsed time = 369.00 sec. (456714.18 ticks, tree = 2392.10 MB, solutions = 15)
Nodefile size = 339.53 MB (229.71 MB after compression)
  88549 78979       -0.1922    39       -0.1867       -0.2093  6878238   12.11%
  89399 79647       -0.1953    48       -0.1867       -0.2093  6936339   12.11%
  90242 80354       -0.1953    44       -0.1867       -0.2093  6990445   12.11%
  91158 81231       -0.1882    34       -0.1867       -0.2093  7061475   12.11%
  91974 81932       -0.1916    51       -0.1867       -0.2093  7128610   12.11%
  93005 82826       -0.1938    56       -0.1867       -0.2093  7202525   12.11%
  94103 83669       -0.1873    35       -0.1867       -0.2093  7258251   12.11%
  95022 84820       -0.1891    41       -0.1867       -0.2093  7344744   12.11%
  96045 85722       -0.2059    74       -0.1867       -0.2093  7410331   12.11%
  96986 86734       -0.2004    53       -0.1867       -0.2093  7481333   12.11%
Elapsed time = 402.31 sec. (494935.54 ticks, tree = 2661.00 MB, solutions = 15)
Nodefile size = 607.40 MB (411.26 MB after compression)
  97995 87217       -0.1907    36       -0.1867       -0.2093  7515098   12.11%
  98861 88340       -0.2023    60       -0.1867       -0.2093  7603710   12.11%
  99707 89149       -0.2047    58       -0.1867       -0.2093  7665505   12.11%
 100726 89992       -0.2026    53       -0.1867       -0.2093  7719060   12.11%
 101485 90824       -0.1882    48       -0.1867       -0.2093  7797002   12.11%
 102389 91497       -0.2082    72       -0.1867       -0.2093  7855533   12.11%
 103062 92391       -0.2078    61       -0.1867       -0.2093  7917712   12.11%
 103910 93161       -0.1891    33       -0.1867       -0.2093  7990547   12.11%
 104806 93600       -0.1876    43       -0.1867       -0.2093  8034005   12.11%
 105717 94487       -0.1868    46       -0.1867       -0.2093  8093786   12.11%
Elapsed time = 435.02 sec. (533151.12 ticks, tree = 2871.84 MB, solutions = 15)
Nodefile size = 814.70 MB (551.16 MB after compression)
 106718 95525       -0.1902    40       -0.1867       -0.2093  8173060   12.11%
 107662 96642       -0.2004    66       -0.1867       -0.2093  8244715   12.11%
 108715 97042       -0.1891    33       -0.1867       -0.2093  8279231   12.11%
 109689 98338       -0.2031    51       -0.1867       -0.2093  8373571   12.11%
 110661 99277       -0.1880    34       -0.1867       -0.2093  8442814   12.11%
 111746 99942       -0.1873    37       -0.1867       -0.2093  8484442   12.11%
 112691 100843       -0.2061    65       -0.1867       -0.2093  8551136   12.11%
 113557 101859       -0.2059    60       -0.1867       -0.2093  8634086   12.11%
 114660 103185       -0.2004    53       -0.1867       -0.2093  8723487   12.11%
 115545 103680       -0.2093    57       -0.1867       -0.2093  8769260   12.11%
Elapsed time = 468.80 sec. (571373.27 ticks, tree = 3149.72 MB, solutions = 15)
Nodefile size = 1094.95 MB (741.17 MB after compression)
 116490 104650       -0.1873    45       -0.1867       -0.2093  8834979   12.11%
 117637 105223       -0.1868    37       -0.1867       -0.2093  8876012   12.11%
 118125 106542       -0.2047    60       -0.1867       -0.2093  8974086   12.11%
 119106 106993       -0.1868    35       -0.1867       -0.2093  9009028   12.11%
 120165 107729       -0.2064    68       -0.1867       -0.2093  9052233   12.11%
 120959 108989       -0.2046    72       -0.1867       -0.2093  9148751   12.11%
 121928 109582       -0.1884    36       -0.1867       -0.2093  9188977   12.11%
 122891 110328       -0.2025    55       -0.1867       -0.2093  9235548   12.11%
 123937 111361       -0.1969    47       -0.1867       -0.2093  9315295   12.11%
 124853 112145       -0.1974    54       -0.1867       -0.2093  9368699   12.11%
Elapsed time = 502.09 sec. (609576.98 ticks, tree = 3422.65 MB, solutions = 15)
Nodefile size = 1366.46 MB (925.73 MB after compression)
 125744 113433        cutoff             -0.1867       -0.2093  9458626   12.11%
 126758 114339       -0.1876    27       -0.1867       -0.2093  9525040   12.11%
 127543 114672       -0.1922    45       -0.1867       -0.2093  9557464   12.11%
 128664 115295       -0.2040    68       -0.1867       -0.2093  9599081   12.11%
 129501 116388       -0.2059    75       -0.1867       -0.2093  9682104   12.11%
 130479 117636       -0.2062    74       -0.1867       -0.2093  9783615   12.11%
 131787 118177       -0.1894    43       -0.1867       -0.2093  9815341   12.11%
 132863 119454       -0.1968    45       -0.1867       -0.2093  9886166   12.11%
 134018 120412       -0.2089    64       -0.1867       -0.2093  9957117   12.11%
 135026 121708       -0.1922    41       -0.1867       -0.2093 10028546   12.11%
Elapsed time = 536.25 sec. (647819.30 ticks, tree = 3731.00 MB, solutions = 15)
Nodefile size = 1675.83 MB (1135.96 MB after compression)
 136066 122457       -0.1917    45       -0.1867       -0.2093 10087899   12.11%
 136790 123212       -0.1953    46       -0.1867       -0.2093 10146028   12.11%
 137368 123908       -0.1984    48       -0.1867       -0.2093 10191787   12.11%
 137933 124686       -0.2035    55       -0.1867       -0.2093 10252914   12.11%
 138956 125494       -0.2047    71       -0.1867       -0.2093 10309650   12.11%
 139622 126314       -0.1895    42       -0.1867       -0.2093 10358219   12.11%
 140136 126640       -0.2062    69       -0.1867       -0.2093 10385998   12.11%
 141043 127332       -0.1876    41       -0.1867       -0.2093 10434569   12.11%
 141810 127884       -0.2058    62       -0.1867       -0.2093 10460061   12.11%
 142443 128958       -0.1868    38       -0.1867       -0.2093 10543255   12.11%
Elapsed time = 569.45 sec. (686075.50 ticks, tree = 3964.59 MB, solutions = 15)
Nodefile size = 1909.24 MB (1294.77 MB after compression)
 143235 129148       -0.1963    44       -0.1867       -0.2093 10556171   12.11%
 144050 130259       -0.2031    61       -0.1867       -0.2093 10624271   12.11%
 144828 130956       -0.1937    39       -0.1867       -0.2093 10661773   12.11%
 145562 131434       -0.1953    46       -0.1867       -0.2093 10696076   12.11%
 146152 132425       -0.2059    70       -0.1867       -0.2093 10770303   12.11%
 146856 132652       -0.2004    64       -0.1867       -0.2093 10791285   12.11%
 147687 133598       -0.2010    60       -0.1867       -0.2093 10851751   12.11%
 148575 134250       -0.1869    37       -0.1867       -0.2093 10892233   12.11%
 149368 134915       -0.1922    48       -0.1867       -0.2093 10924979   12.11%

Mixed integer rounding cuts applied:  9
Gomory fractional cuts applied:  4

Root node processing (before b&c):
  Real time             =    6.89 sec. (6964.22 ticks)
Parallel b&c, 4 threads:
  Real time             =  593.84 sec. (715298.93 ticks)
  Sync time (average)   =   44.90 sec.
  Wait time (average)   =    0.00 sec.
                          ------------
Total (root+branch&cut) =  600.73 sec. (722263.15 ticks)
