Version identifier: 22.2.0.0 | 2026-05-04 | 5dff98e58
CPXPARAM_Read_DataCheck                          1
CPXPARAM_Threads                                 4
CPXPARAM_Parallel                                1
CPXPARAM_RandomSeed                              20260925
CPXPARAM_Simplex_Tolerances_Optimality           1.0000000000000001e-09
CPXPARAM_Simplex_Tolerances_Feasibility          1.0000000000000001e-09
CPXPARAM_TimeLimit                               600
CPXPARAM_MIP_Tolerances_AbsMIPGap                1.0000000000000001e-09
CPXPARAM_MIP_Tolerances_Integrality              1.0000000000000001e-09
Legacy callback                                  i
1 of 1 MIP starts provided solutions.
MIP start 'm1' defined initial solution with objective 0.0243.
Tried aggregator 1 time.
MIP Presolve eliminated 1341 rows and 2 columns.
MIP Presolve modified 3420 coefficients.
Reduced MIP has 3974 rows, 4686 columns, and 49653 nonzeros.
Reduced MIP has 1164 binaries, 0 generals, 0 SOSs, and 0 indicators.
Presolve time = 0.02 sec. (32.74 ticks)
Probing time = 0.00 sec. (0.69 ticks)
Tried aggregator 1 time.
Detecting symmetries...
Reduced MIP has 3974 rows, 4686 columns, and 49653 nonzeros.
Reduced MIP has 1164 binaries, 0 generals, 0 SOSs, and 0 indicators.
Presolve time = 0.00 sec. (20.29 ticks)
Probing time = 0.00 sec. (0.78 ticks)
MIP emphasis: balance optimality and feasibility.
MIP search method: dynamic search.
Parallel mode: deterministic, using up to 4 threads.
Root relaxation solution time = 0.03 sec. (30.76 ticks)

        Nodes                                         Cuts/
   Node  Left     Objective  IInf  Best Integer    Best Bound    ItCnt     Gap

*     0+    0                            0.0243        0.0000           100.00%
      0     0        0.0198    58        0.0243        0.0198      724   18.41%
      0     0        0.0198    57        0.0243    MIRcuts: 2      783   18.41%
      0     0        0.0198    57        0.0243       Cuts: 4      842   18.41%
      0     0        0.0198    59        0.0243    MIRcuts: 2      886   18.41%
      0     2        0.0198    56        0.0243        0.0198      886   18.41%
Elapsed time = 1.42 sec. (1100.29 ticks, tree = 0.02 MB, solutions = 1)
     16    18        0.0212    59        0.0243        0.0198     1836   18.41%
     30     3        0.0198    55        0.0243        0.0198      930   18.41%
    100    66        0.0200    56        0.0243        0.0198     4834   18.41%
    178   150        0.0220    36        0.0243        0.0198     9382   18.41%
    257   221        0.0200    42        0.0243        0.0198    12437   18.41%
    317   302        0.0205    40        0.0243        0.0198    19282   18.41%
    372   339        0.0208    32        0.0243        0.0198    25836   18.41%
    409   374        0.0213    28        0.0243        0.0198    35288   18.41%
*   423+  368                            0.0243        0.0198            18.30%
    456   397        0.0210    33        0.0243        0.0198    41560   18.30%
    765   590        0.0208    48        0.0243        0.0198    70703   18.30%
Elapsed time = 4.45 sec. (4274.11 ticks, tree = 7.04 MB, solutions = 2)
   1000   750        0.0217    26        0.0243        0.0198   104551   18.30%
   1263   966        0.0201    54        0.0243        0.0198   119559   18.30%

Performing restart 1

Repeating presolve.
Tried aggregator 1 time.
Reduced MIP has 3974 rows, 4686 columns, and 49653 nonzeros.
Reduced MIP has 1164 binaries, 0 generals, 0 SOSs, and 0 indicators.
Presolve time = 0.02 sec. (13.95 ticks)
Tried aggregator 1 time.
Reduced MIP has 3974 rows, 4686 columns, and 49653 nonzeros.
Reduced MIP has 1164 binaries, 0 generals, 0 SOSs, and 0 indicators.
Presolve time = 0.02 sec. (20.57 ticks)
Represolve time = 0.05 sec. (40.46 ticks)
   1307     0        0.0198    57        0.0243       Cuts: 2   134212   18.30%
   1307     0        0.0198    60        0.0243       Cuts: 6   134307   18.30%
   1307     0        0.0198    63        0.0243       Cuts: 6   134438   18.30%
   1307     0        0.0198    58        0.0243    MIRcuts: 4   134503   18.30%
   1307     0        0.0198    59        0.0243     Covers: 6   134561   18.30%
   1307     0        0.0198    59        0.0243     Covers: 2   134620   18.30%
   1307     2        0.0198    59        0.0243        0.0198   134620   18.30%
   1365    49        0.0208    57        0.0243        0.0198   137163   18.30%
   1485   148        0.0212    62        0.0243        0.0198   142737   18.30%
   1726   370        0.0207    62        0.0243        0.0198   155404   18.30%
   2009   631        0.0219    47        0.0243        0.0198   168968   18.30%
   2341   850        0.0207    66        0.0243        0.0198   185556   18.30%
   2966  1442        0.0227    45        0.0243        0.0198   195129   18.30%
   3872  2149        0.0219    61        0.0243        0.0198   207768   18.30%
Elapsed time = 16.77 sec. (18533.97 ticks, tree = 24.22 MB, solutions = 2)
   4390  2879        0.0222    44        0.0243        0.0198   231910   18.30%
   5090  3410        0.0227    49        0.0243        0.0198   254225   18.30%
   6095  4304        0.0229    47        0.0243        0.0198   273651   18.30%
   7031  5324        0.0214    32        0.0243        0.0198   294385   18.30%
   7440  5646        0.0228    44        0.0243        0.0198   310394   18.28%
   8466  6549        0.0223    35        0.0243        0.0198   334081   18.24%
   9649  7652        0.0237    37        0.0243        0.0199   351189   18.15%
  10061  8263        0.0238    42        0.0243        0.0199   375238   18.15%
  10854  8618        0.0229    45        0.0243        0.0199   383751   18.14%
  11830  9609        0.0229    20        0.0243        0.0199   407167   18.12%
Elapsed time = 24.55 sec. (28095.87 ticks, tree = 248.77 MB, solutions = 2)
  12768 10509        0.0201    39        0.0243        0.0199   424423   18.11%
  13111 11005        0.0199    43        0.0243        0.0199   449005   18.10%
  13765 11498        0.0216    36        0.0243        0.0199   467486   18.10%
  14668 12266        0.0210    46        0.0243        0.0199   483321   18.08%
  15251 12849        0.0225    41        0.0243        0.0199   505633   18.08%
  16035 13620        0.0224    51        0.0243        0.0199   534238   18.08%
  16628 14078        0.0226    44        0.0243        0.0199   549622   18.08%
  17294 14610        0.0199    48        0.0243        0.0199   571719   18.08%
  18103 15343        0.0210    48        0.0243        0.0199   597782   18.08%
  18807 15894        0.0200    39        0.0243        0.0199   613931   18.08%
Elapsed time = 32.12 sec. (37659.26 ticks, tree = 448.17 MB, solutions = 2)
  19379 16641        0.0201    39        0.0243        0.0199   640406   18.07%
  19931 17124        0.0199    45        0.0243        0.0199   666319   18.07%
  20612 17424        0.0215    34        0.0243        0.0199   678641   18.06%
  21373 18388        0.0207    41        0.0243        0.0199   717806   18.06%
  22069 19058        0.0202    40        0.0243        0.0199   739962   18.06%
  22701 19501        0.0223    22        0.0243        0.0199   763593   18.06%
  23525 20097        0.0202    45        0.0243        0.0199   785852   18.06%
  24056 20779        0.0200    41        0.0243        0.0199   811503   18.04%
* 24467+21102                            0.0243        0.0199            18.04%
* 24486+21102                            0.0242        0.0199            17.87%
* 24516+21071                            0.0242        0.0199            17.69%
  24611 21419        0.0206    49        0.0242        0.0199   837044   17.69%
  24967 21602        0.0206    36        0.0242        0.0199   844476   17.69%
Elapsed time = 39.97 sec. (47221.00 ticks, tree = 639.12 MB, solutions = 2)
  25280 22132        0.0207    49        0.0242        0.0199   865062   17.69%
  25568 22401        0.0199    53        0.0242        0.0199   874961   17.69%
* 25734+21071                            0.0241        0.0199            17.51%
* 25735+21071                            0.0241        0.0199            17.50%
  25885 22497        0.0217    43        0.0241        0.0199   880682   17.50%
  26279 22848        0.0214    41        0.0241        0.0199   890839   17.50%
  26688 23333        0.0205    48        0.0241        0.0199   906372   17.50%
* 26872+21071                            0.0239        0.0199            16.88%
* 26874+21071                            0.0238        0.0199            16.39%
  26874 23578        0.0202    43        0.0238        0.0199   916466   16.39%
* 26906+21071                            0.0238        0.0199            16.39%
* 26921+21071                            0.0237        0.0199            16.14%
  27207 23878        0.0213    44        0.0237        0.0199   930730   16.14%
  27553 23940        0.0199    54        0.0237        0.0199   938942   16.14%
  27902 24339        0.0211    36        0.0237        0.0199   949575   16.14%
  28089 24714        0.0212    43        0.0237        0.0199   964497   16.14%
Elapsed time = 48.83 sec. (56815.90 ticks, tree = 739.68 MB, solutions = 2)
  28543 24919        0.0208    42        0.0237        0.0199   975834   16.14%
  28810 25356        0.0205    43        0.0237        0.0199   991919   16.14%
  29290 25648        0.0208    39        0.0237        0.0199  1002792   16.14%
  29617 25961        0.0200    41        0.0237        0.0199  1013497   16.14%
* 29895+21102                            0.0237        0.0199            16.10%
* 29934+21102                            0.0237        0.0199            16.09%
* 29979+21102                            0.0237        0.0199            15.96%
  30000 26250        0.0206    39        0.0237        0.0199  1024875   15.96%
  30365 26729        0.0211    30        0.0237        0.0199  1042371   15.96%
  30526 26879        0.0215    28        0.0237        0.0199  1055029   15.96%
  30702 27044        0.0225    22        0.0237        0.0199  1063587   15.96%
* 30707+21071                            0.0236        0.0199            15.75%
  30766 27174        0.0226    23        0.0236        0.0199  1079591   15.75%
  30949 27303        0.0200    40        0.0236        0.0199  1089523   15.75%
Elapsed time = 57.27 sec. (66486.38 ticks, tree = 823.30 MB, solutions = 2)
  31176 27472        0.0205    41        0.0236        0.0199  1099715   15.75%
* 31252+21102                            0.0233        0.0199            14.84%
  31533 27685        0.0201    44        0.0233        0.0199  1110434   14.84%
  31825 28074        0.0202    33        0.0233        0.0199  1121315   14.84%
  32059 28155        0.0201    44        0.0233        0.0199  1134081   14.84%
  32467 28439        0.0202    41        0.0233        0.0199  1142524   14.84%
  32799 28885        0.0200    40        0.0233        0.0199  1156723   14.84%
  33100 29241        0.0211    43        0.0233        0.0199  1170831   14.84%
  33489 29349        0.0207    41        0.0233        0.0199  1179956   14.84%
  33827 29857        0.0205    48        0.0233        0.0199  1196729   14.84%
  34207 30200        0.0217    25        0.0233        0.0199  1208664   14.84%
Elapsed time = 65.48 sec. (76060.02 ticks, tree = 916.94 MB, solutions = 2)
  34521 30385        0.0214    35        0.0233        0.0199  1219710   14.84%
  34905 30706        0.0208    42        0.0233        0.0199  1229442   14.84%
  35505 31293        0.0213    36        0.0233        0.0199  1243588   14.84%
  35909 31562    infeasible              0.0233        0.0199  1250646   14.84%
  36492 32012        0.0215    44        0.0233        0.0199  1265256   14.84%
  36935 32692        0.0216    43        0.0233        0.0199  1281454   14.84%
  37496 33047        0.0207    46        0.0233        0.0199  1288455   14.84%
  37721 33467        0.0218    33        0.0233        0.0199  1303030   14.84%
  38485 32340        0.0200    50        0.0233        0.0199  1308640   14.84%
  38948 33164        0.0213    46        0.0233        0.0199  1331716   14.84%
Elapsed time = 73.56 sec. (85635.81 ticks, tree = 1014.84 MB, solutions = 17)
* 39542+32963                            0.0233        0.0199            14.46%
* 39554+32963                            0.0232        0.0199            14.28%
* 39559+32963                            0.0232        0.0199            14.26%
  39706 33158        0.0201    49        0.0232        0.0199  1344427   14.26%
  40547 33766        0.0214    38        0.0232        0.0199  1374264   14.26%
  41259 34120        0.0203    42        0.0232        0.0199  1383592   14.26%
  42066 34683        0.0205    44        0.0232        0.0199  1406504   14.25%
  42870 35620        0.0205    41        0.0232        0.0199  1438972   14.25%
  43782 36103    infeasible              0.0232        0.0199  1454244   14.24%
  44259 37223        0.0227    23        0.0232        0.0199  1494422   14.24%
  44979 37423        0.0201    48        0.0232        0.0199  1506393   14.24%
  45880 38552        0.0206    42        0.0232        0.0199  1535562   14.24%
  48936 41326        0.0200    48        0.0232        0.0199  1630274   14.22%
Elapsed time = 82.92 sec. (98054.82 ticks, tree = 1277.63 MB, solutions = 35)
  51753 43606        0.0206    56        0.0232        0.0199  1713968   14.22%
  55376 47371        0.0210    38        0.0232        0.0199  1812314   14.22%
  58305 50106        0.0200    45        0.0232        0.0199  1904928   14.22%
  60923 52154        0.0216    40        0.0232        0.0199  1993988   14.20%
  63619 54334        0.0206    40        0.0232        0.0199  2090432   14.20%
  67237 57642        0.0208    41        0.0232        0.0199  2179299   14.20%
* 68532+58951                            0.0232        0.0199            14.07%
  70266 60059        0.0199    55        0.0232        0.0199  2260203   14.07%
* 72316+62334                            0.0231        0.0199            13.88%
  72822 62756        0.0210    38        0.0231        0.0199  2364079   13.88%
* 73044+63048                            0.0231        0.0199            13.77%
  74949 64426        0.0212    39        0.0231        0.0199  2443669   13.77%
  77300 66990        0.0215    44        0.0231        0.0199  2548591   13.77%
Elapsed time = 114.45 sec. (136212.02 ticks, tree = 2095.28 MB, solutions = 38)
Nodefile size = 42.55 MB (26.75 MB after compression)
  80921 70089        0.0217    43        0.0231        0.0199  2632242   13.76%
  83927 72922        0.0207    46        0.0231        0.0199  2716410   13.75%
* 84470+72873                            0.0231        0.0199            13.66%
* 85332+73642                            0.0230        0.0199            13.53%
  87227 75571        0.0199    53        0.0230        0.0199  2791656   13.53%
  90786 79208        0.0213    47        0.0230        0.0199  2880227   13.53%
  94390 82382        0.0209    42        0.0230        0.0199  2966614   13.53%
  97105 85289        0.0210    41        0.0230        0.0199  3054179   13.53%
 100388 87729        0.0208    43        0.0230        0.0199  3133021   13.53%
 103959 91276        0.0219    39        0.0230        0.0199  3222536   13.52%
*104627+91931                            0.0229        0.0199            13.22%
*104640+91931                            0.0229        0.0199            13.08%
 107177 93768        0.0219    42        0.0229        0.0199  3297137   13.07%
 110205 96958        0.0218    52        0.0229        0.0199  3389134   13.06%
Elapsed time = 155.69 sec. (174372.21 ticks, tree = 3064.06 MB, solutions = 43)
Nodefile size = 1010.56 MB (634.82 MB after compression)
 112536 99054        0.0204    51        0.0229        0.0199  3477754   13.06%
 115793 102300        0.0199    49        0.0229        0.0199  3562616   13.06%
 118865 104563        0.0215    38        0.0229        0.0199  3640485   13.06%
*122165+107912                            0.0228        0.0199            12.70%
 122328 107804        0.0199    53        0.0228        0.0199  3727185   12.70%
 125591 110957        0.0205    40        0.0228        0.0199  3815820   12.70%
 129305 113633        0.0212    47        0.0228        0.0199  3886079   12.70%
 132220 116947        0.0216    41        0.0228        0.0199  3972836   12.70%
*134242+118852                            0.0227        0.0199            12.29%
 134889 118957        0.0205    52        0.0227        0.0199  4044956   12.29%
 137370 121521        0.0207    44        0.0227        0.0199  4147756   12.29%
 140175 123705        0.0212    45        0.0227        0.0199  4212881   12.29%
Elapsed time = 193.77 sec. (212529.76 ticks, tree = 3927.51 MB, solutions = 45)
Nodefile size = 1868.87 MB (1170.40 MB after compression)
 143181 127304        0.0211    45        0.0227        0.0199  4325888   12.29%
 145693 129325        0.0213    42        0.0227        0.0199  4398849   12.29%
 148673 131888        0.0214    45        0.0227        0.0199  4472908   12.29%
 151359 134803        0.0201    54        0.0227        0.0199  4571669   12.29%
 154018 136655        0.0220    44        0.0227        0.0199  4650994   12.29%
 157027 139989        0.0211    44        0.0227        0.0199  4748567   12.29%
 159659 142153        0.0217    41        0.0227        0.0199  4830929   12.29%
 163005 145528        0.0203    38        0.0227        0.0199  4915934   12.28%
 165999 148301        0.0211    43        0.0227        0.0199  5008179   12.28%
 168713 150554        0.0221    27        0.0227        0.0199  5087426   12.27%
Elapsed time = 232.44 sec. (250691.66 ticks, tree = 4791.80 MB, solutions = 45)
Nodefile size = 2731.45 MB (1707.64 MB after compression)
 172266 153776        0.0214    47        0.0227        0.0199  5192060   12.27%
 176140 157396        0.0215    50        0.0227        0.0199  5311015   12.27%
 180425 161609        0.0208    50        0.0227        0.0199  5445558   12.27%
 184880 164907        0.0208    40        0.0227        0.0199  5526014   12.27%
 188410 169255        0.0223    39        0.0227        0.0199  5670930   12.27%
 192529 172881        0.0206    45        0.0227        0.0199  5782619   12.27%
 196941 176869        0.0214    50        0.0227        0.0199  5894473   12.27%
 200993 181038        0.0210    48        0.0227        0.0199  6020111   12.27%
 205169 184725        0.0203    40        0.0227        0.0199  6141946   12.27%
 208904 187660        0.0217    46        0.0227        0.0199  6239207   12.27%
Elapsed time = 267.88 sec. (288855.02 ticks, tree = 4873.55 MB, solutions = 45)
Nodefile size = 2818.96 MB (1740.15 MB after compression)
 212264 191255        0.0210    46        0.0227        0.0199  6379016   12.26%
 215872 195217        0.0217    43        0.0227        0.0199  6502384   12.26%
 219732 198390        0.0209    40        0.0227        0.0199  6612425   12.26%
 223269 201497        0.0211    42        0.0227        0.0199  6729001   12.25%
 227027 205198        0.0204    45        0.0227        0.0199  6857405   12.25%
 229905 208059        0.0200    56        0.0227        0.0199  6991615   12.25%
 231968 210220        0.0200    50        0.0227        0.0199  7147784   12.25%
 234881 212691        0.0209    56        0.0227        0.0199  7279332   12.25%
 237430 215171        0.0217    47        0.0227        0.0199  7412241   12.25%
 241443 218335        0.0225    40        0.0227        0.0199  7522460   12.25%
Elapsed time = 299.55 sec. (327016.77 ticks, tree = 4924.38 MB, solutions = 45)
Nodefile size = 2870.17 MB (1756.63 MB after compression)
 246325 222515        0.0211    44        0.0227        0.0199  7623995   12.25%
 250593 226997        0.0200    48        0.0227        0.0199  7752790   12.24%
 253716 230097        0.0218    43        0.0227        0.0199  7887692   12.24%
 257160 232707        0.0206    45        0.0227        0.0199  7988000   12.24%
 260721 236314        0.0211    43        0.0227        0.0199  8103679   12.24%
 264247 240365        0.0201    48        0.0227        0.0199  8252122   12.24%
 267761 243432        0.0213    48        0.0227        0.0199  8363766   12.24%
 271040 246457        0.0212    47        0.0227        0.0199  8481372   12.24%
 274029 249239        0.0216    50        0.0227        0.0199  8599598   12.24%
 277886 252840        0.0209    46        0.0227        0.0199  8719646   12.24%
Elapsed time = 332.41 sec. (365171.38 ticks, tree = 4985.68 MB, solutions = 45)
Nodefile size = 2931.73 MB (1773.37 MB after compression)
 281593 256211        0.0218    49        0.0227        0.0199  8827529   12.24%
 285157 259868        0.0224    49        0.0227        0.0199  8966779   12.24%
 288506 263104        0.0205    55        0.0227        0.0199  9085819   12.24%
 291810 265827        0.0213    40        0.0227        0.0199  9195680   12.24%
 294914 268799        0.0223    46        0.0227        0.0199  9306359   12.24%
 298168 271546        0.0213    39        0.0227        0.0199  9434635   12.24%
 301842 275337        0.0218    41        0.0227        0.0199  9555255   12.24%
 304899 278765        0.0212    39        0.0227        0.0199  9701063   12.24%
 308086 281470        0.0223    45        0.0227        0.0199  9818817   12.24%
 311543 284192        0.0222    42        0.0227        0.0199  9930714   12.24%
Elapsed time = 365.30 sec. (403332.52 ticks, tree = 5040.28 MB, solutions = 45)
Nodefile size = 2985.96 MB (1785.68 MB after compression)
 314969 287851        0.0207    47        0.0227        0.0199 10046746   12.24%
 317941 291192        0.0223    44        0.0227        0.0199 10183023   12.24%
 321538 294543        0.0214    44        0.0227        0.0199 10317161   12.24%
 324632 296958        0.0204    44        0.0227        0.0199 10422341   12.24%
 328383 299676    infeasible              0.0227        0.0199 10523490   12.24%
 331846 303883        0.0200    53        0.0227        0.0199 10672183   12.24%
 335270 307283        0.0209    45        0.0227        0.0199 10799936   12.24%
 338516 310494        0.0216    42        0.0227        0.0199 10922517   12.24%
 342015 313667        0.0216    43        0.0227        0.0199 11040172   12.24%
 345531 316468        0.0221    36        0.0227        0.0199 11147711   12.24%
Elapsed time = 397.95 sec. (441498.78 ticks, tree = 5097.82 MB, solutions = 45)
Nodefile size = 3043.58 MB (1799.09 MB after compression)
 349321 319678        0.0220    45        0.0227        0.0199 11261385   12.24%
 352581 323626        0.0213    42        0.0227        0.0199 11430169   12.24%
 356400 326998        0.0218    40        0.0227        0.0199 11547741   12.24%
 359569 330335        0.0215    47        0.0227        0.0199 11668320   12.24%
 363330 333628        0.0209    47        0.0227        0.0199 11784598   12.24%
 366643 336255        0.0218    47        0.0227        0.0199 11883354   12.24%

Performing restart 2

Repeating presolve.
Tried aggregator 1 time.
Reduced MIP has 3974 rows, 4686 columns, and 49653 nonzeros.
Reduced MIP has 1164 binaries, 0 generals, 0 SOSs, and 0 indicators.
Presolve time = 0.02 sec. (13.95 ticks)
Tried aggregator 1 time.
Reduced MIP has 3974 rows, 4686 columns, and 49653 nonzeros.
Reduced MIP has 1164 binaries, 0 generals, 0 SOSs, and 0 indicators.
Presolve time = 0.02 sec. (20.57 ticks)
Represolve time = 0.22 sec. (53.93 ticks)
 366689     0        0.0198    59        0.0227       Cuts: 3 11934708   12.24%
 366689     0        0.0198    61        0.0227       Cuts: 6 11934806   12.24%
 366689     0        0.0198    57        0.0227       Cuts: 3 11934857   12.24%
 366689     0        0.0198    59        0.0227       Cuts: 6 11934922   12.24%
 366689     0        0.0198    59        0.0227       Cuts: 2 11934970   12.24%
 366689     0        0.0198    65        0.0227       Cuts: 7 11935084   12.24%
 366689     0        0.0198    58        0.0227     Covers: 1 11935113   12.24%
 366689     0        0.0198    60        0.0227       Cuts: 3 11935159   12.24%
 366689     0        0.0198    56        0.0227     Covers: 5 11935223   12.24%
 366689     2        0.0198    55        0.0227        0.0199 11935223   12.24%
 367377   573        0.0199    49        0.0227        0.0199 11955969   12.24%
 369326  2359        0.0200    53        0.0227        0.0199 12012744   12.24%
 371612  4281        0.0207    42        0.0227        0.0199 12100098   12.24%
Elapsed time = 431.44 sec. (482020.84 ticks, tree = 87.41 MB, solutions = 45)
 373979  6552        0.0198    53        0.0227        0.0199 12192372   12.24%
 376876  9027        0.0210    51        0.0227        0.0199 12294502   12.24%
 379346 11470        cutoff              0.0227        0.0199 12414615   12.24%
 381399 13414        0.0204    47        0.0227        0.0199 12499025   12.24%
 384202 15645        0.0209    50        0.0227        0.0199 12584121   12.24%
 387119 18878        0.0217    42        0.0227        0.0199 12709408   12.24%
 389881 20857        0.0209    44        0.0227        0.0199 12797722   12.24%
 392389 23296        0.0203    46        0.0227        0.0199 12922231   12.24%
 395231 25903        0.0208    43        0.0227        0.0199 13033219   12.24%
 397034 27660        cutoff              0.0227        0.0199 13157826   12.24%
Elapsed time = 459.34 sec. (520179.63 ticks, tree = 208.12 MB, solutions = 45)
 399310 29578        0.0211    41        0.0227        0.0199 13277465   12.24%
 401989 32025        0.0206    45        0.0227        0.0199 13394836   12.24%
 404422 34613        0.0199    53        0.0227        0.0199 13522085   12.24%
 407207 36869        0.0214    42        0.0227        0.0199 13622373   12.24%
 410376 40108        0.0208    51        0.0227        0.0199 13748689   12.24%
 413984 42891        0.0213    41        0.0227        0.0199 13854557   12.24%
 417538 46537        0.0210    37        0.0227        0.0199 13960031   12.24%
 420775 49725        0.0211    43        0.0227        0.0199 14070283   12.24%
 424383 52741        0.0211    42        0.0227        0.0199 14176029   12.24%
 426869 55395        0.0212    39        0.0227        0.0199 14306785   12.24%
Elapsed time = 487.03 sec. (558347.24 ticks, tree = 261.43 MB, solutions = 45)
 429631 57841        0.0208    42        0.0227        0.0199 14432311   12.24%
 431809 59956        0.0205    46        0.0227        0.0199 14560989   12.24%
 434113 61739        0.0210    40        0.0227        0.0199 14679121   12.24%
 436996 64088        0.0216    40        0.0227        0.0199 14794739   12.24%
 439930 66817        0.0201    53        0.0227        0.0199 14903581   12.24%
 442793 69724        0.0205    42        0.0227        0.0199 15027965   12.24%
 446433 73133        0.0205    48        0.0227        0.0199 15142627   12.24%
 449805 76191        0.0202    52        0.0227        0.0199 15265510   12.24%
 452553 78932        0.0218    37        0.0227        0.0199 15389984   12.24%
 455208 81477        0.0214    42        0.0227        0.0199 15517475   12.24%
Elapsed time = 515.30 sec. (596508.34 ticks, tree = 311.89 MB, solutions = 45)
 457868 83897        0.0215    41        0.0227        0.0199 15644309   12.24%
 460947 86533        0.0215    49        0.0227        0.0199 15741658   12.24%
 464038 89837        0.0213    43        0.0227        0.0199 15873795   12.24%
 467457 93055        0.0218    40        0.0227        0.0199 15990477   12.24%
 470085 95601        0.0201    54        0.0227        0.0199 16120212   12.24%
 472813 97997        0.0219    41        0.0227        0.0199 16241987   12.24%
 475187 100248        0.0214    48        0.0227        0.0199 16365497   12.24%
 477935 102789        0.0210    41        0.0227        0.0199 16482477   12.24%
 480567 105467        0.0212    49        0.0227        0.0199 16610472   12.24%
 482254 106704        0.0214    42        0.0227        0.0199 16661880   12.24%
Elapsed time = 543.55 sec. (634671.96 ticks, tree = 358.22 MB, solutions = 45)
 484019 108602        0.0200    49        0.0227        0.0199 16725899   12.24%
 485659 109917        0.0216    33        0.0227        0.0199 16775267   12.24%
 486989 111216        0.0200    51        0.0227        0.0199 16826352   12.24%
 488517 112628        0.0206    47        0.0227        0.0199 16879629   12.24%
 490874 114437        0.0218    40        0.0227        0.0199 16947075   12.24%
 494106 117757        0.0212    44        0.0227        0.0199 17080061   12.24%
 497063 120677        0.0200    49        0.0227        0.0199 17197184   12.24%
 499668 122978        0.0209    45        0.0227        0.0199 17296731   12.24%
 501977 125363        0.0211    48        0.0227        0.0199 17439344   12.24%
 503911 126676        0.0212    38        0.0227        0.0199 17526627   12.24%
Elapsed time = 572.72 sec. (673164.45 ticks, tree = 394.73 MB, solutions = 45)
 506894 129524        0.0207    44        0.0227        0.0199 17667314   12.24%
 509186 131693        0.0211    44        0.0227        0.0199 17788448   12.24%
 512284 134035        0.0212    45        0.0227        0.0199 17879499   12.24%
 515073 136930        0.0200    48        0.0227        0.0199 18009958   12.24%
 516897 138857        0.0215    37        0.0227        0.0199 18113858   12.24%
 519108 140643        0.0201    48        0.0227        0.0199 18238234   12.24%
 521649 143127        0.0224    48        0.0227        0.0199 18373908   12.24%
 523585 144707        0.0212    38        0.0227        0.0199 18487740   12.24%
 526342 146950        0.0207    47        0.0227        0.0199 18600729   12.24%

Mixed integer rounding cuts applied:  1

Root node processing (before b&c):
  Real time             =    1.41 sec. (1099.50 ticks)
Parallel b&c, 4 threads:
  Real time             =  598.61 sec. (708997.83 ticks)
  Sync time (average)   =   75.18 sec.
  Wait time (average)   =    0.00 sec.
                          ------------
Total (root+branch&cut) =  600.02 sec. (710097.33 ticks)
