Version identifier: 22.2.0.0 | 2026-05-04 | 5dff98e58
CPXPARAM_Read_DataCheck                          1
CPXPARAM_Threads                                 4
CPXPARAM_Parallel                                1
CPXPARAM_RandomSeed                              20260925
CPXPARAM_Simplex_Tolerances_Optimality           1.0000000000000001e-09
CPXPARAM_Simplex_Tolerances_Feasibility          1.0000000000000001e-09
CPXPARAM_TimeLimit                               600
CPXPARAM_MIP_Tolerances_AbsMIPGap                1.0000000000000001e-09
CPXPARAM_MIP_Tolerances_Integrality              1.0000000000000001e-09
Legacy callback                                  i
Found incumbent of value 0.000000 after 0.00 sec. (0.16 ticks)
Tried aggregator 1 time.
MIP Presolve eliminated 3105 rows and 2 columns.
MIP Presolve modified 3120 coefficients.
Reduced MIP has 3888 rows, 4830 columns, and 38442 nonzeros.
Reduced MIP has 1200 binaries, 0 generals, 0 SOSs, and 0 indicators.
Presolve time = 0.03 sec. (30.89 ticks)
Probing time = 0.00 sec. (0.57 ticks)
Tried aggregator 1 time.
Detecting symmetries...
MIP Presolve modified 120 coefficients.
Reduced MIP has 3888 rows, 4830 columns, and 38442 nonzeros.
Reduced MIP has 1200 binaries, 0 generals, 0 SOSs, and 0 indicators.
Presolve time = 0.03 sec. (26.32 ticks)
Probing time = 0.00 sec. (0.65 ticks)
MIP emphasis: balance optimality and feasibility.
MIP search method: dynamic search.
Parallel mode: deterministic, using up to 4 threads.
Root relaxation solution time = 0.17 sec. (174.87 ticks)

        Nodes                                         Cuts/
   Node  Left     Objective  IInf  Best Integer    Best Bound    ItCnt     Gap

*     0+    0                            0.0000       -1.4649              --- 
*     0+    0                           -0.0837       -1.4649              --- 
      0     0       -0.4389    44       -0.0837       -0.4389       21  424.46%
*     0+    0                           -0.3003       -0.4389            46.15%
*     0+    0                           -0.4333       -0.4389             1.28%
      0     0       -0.4389    27       -0.4333   MIRcuts: 16      650    1.28%
      0     0       -0.4389    42       -0.4333      Cuts: 24     1520    1.28%
      0     0       -0.4389    29       -0.4333    MIRcuts: 9     2039    1.28%
      0     0       -0.4389    49       -0.4333    MIRcuts: 9     2753    1.28%
      0     2       -0.4389    21       -0.4333       -0.4389     2753    1.28%
Elapsed time = 4.17 sec. (3108.13 ticks, tree = 0.02 MB, solutions = 4)
      9    10       -0.4380    15       -0.4333       -0.4389     5249    1.28%
*    13+    3                           -0.4356       -0.4389             0.76%
*    13+    3                           -0.4358       -0.4389             0.72%
     15    13       -0.4383    37       -0.4358       -0.4389     9551    0.72%
     21    19       -0.4389    22       -0.4358       -0.4389    16643    0.72%
     33    31       -0.4389    25       -0.4358       -0.4389    28569    0.72%
     49    40       -0.4389    29       -0.4358       -0.4389    40423    0.72%
     65    47       -0.4389    29       -0.4358       -0.4389    48550    0.72%
     77    73       -0.4375    29       -0.4358       -0.4389    60704    0.72%
     90    81       -0.4389    15       -0.4358       -0.4389    68749    0.72%
    118    87       -0.4389    34       -0.4358       -0.4389    71302    0.72%
    203   147       -0.4366    27       -0.4358       -0.4389    89748    0.72%
Elapsed time = 8.28 sec. (6400.94 ticks, tree = 2.07 MB, solutions = 7)
    340   230       -0.4383    32       -0.4358       -0.4389   116442    0.72%
    447   302       -0.4360    20       -0.4358       -0.4389   140556    0.72%
    536   342       -0.4366    45       -0.4358       -0.4389   160434    0.72%
    653   400       -0.4361    21       -0.4358       -0.4389   194719    0.72%
    770   439       -0.4366    47       -0.4358       -0.4389   219742    0.72%
    876   478       -0.4380    24       -0.4358       -0.4389   250903    0.72%
    960   522       -0.4361    26       -0.4358       -0.4389   274530    0.72%
   1045   568       -0.4364    31       -0.4358       -0.4389   300323    0.72%
   1150   616       -0.4361    13       -0.4358       -0.4389   323209    0.72%
   1234   654       -0.4361    10       -0.4358       -0.4389   342575    0.72%
Elapsed time = 18.97 sec. (16087.39 ticks, tree = 16.56 MB, solutions = 7)
   1349   711        cutoff             -0.4358       -0.4389   378406    0.72%
   1458   759       -0.4389    34       -0.4358       -0.4389   403406    0.72%
   1573   820       -0.4366    50       -0.4358       -0.4389   435969    0.72%
   1659   872        cutoff             -0.4358       -0.4389   458828    0.72%
   1749   916       -0.4364    40       -0.4358       -0.4389   492616    0.72%
   1828   950       -0.4361    37       -0.4358       -0.4389   517252    0.72%
   1910   985       -0.4382    40       -0.4358       -0.4389   548179    0.72%
   1999  1014       -0.4361    22       -0.4358       -0.4389   562703    0.72%
   2062  1035       -0.4365    41       -0.4358       -0.4389   594162    0.72%
   2177  1056       -0.4365    41       -0.4358       -0.4389   612744    0.72%
Elapsed time = 28.17 sec. (25759.08 ticks, tree = 28.51 MB, solutions = 7)
   2298  1141       -0.4361    37       -0.4358       -0.4389   662498    0.72%
   2391  1164       -0.4365    47       -0.4358       -0.4389   678439    0.72%
   2465  1219       -0.4361    35       -0.4358       -0.4389   712714    0.72%
   2552  1240       -0.4381    46       -0.4358       -0.4389   733124    0.72%
   2621  1273       -0.4389    42       -0.4358       -0.4389   765184    0.72%
   2692  1287       -0.4365    34       -0.4358       -0.4389   781786    0.72%
   2775  1328       -0.4361    34       -0.4358       -0.4389   821647    0.72%
   2888  1343       -0.4361    50       -0.4358       -0.4389   838117    0.72%
   2971  1371       -0.4380    41       -0.4358       -0.4389   867045    0.72%
   3058  1387       -0.4361    18       -0.4358       -0.4386   878461    0.66%
Elapsed time = 37.03 sec. (35397.75 ticks, tree = 37.89 MB, solutions = 7)
   3138  1412        cutoff             -0.4358       -0.4383   908159    0.58%
   3255  1446       -0.4361    30       -0.4358       -0.4383   938386    0.58%
   3390  1495       -0.4361    25       -0.4358       -0.4383   972503    0.58%
   3518  1508        cutoff             -0.4358       -0.4382   983124    0.57%
   3597  1523       -0.4361    20       -0.4358       -0.4382  1010520    0.57%

Performing restart 1

Repeating presolve.
Tried aggregator 1 time.
MIP Presolve modified 221 coefficients.
Reduced MIP has 3888 rows, 4830 columns, and 38442 nonzeros.
Reduced MIP has 1200 binaries, 0 generals, 0 SOSs, and 0 indicators.
Presolve time = 0.00 sec. (11.47 ticks)
Tried aggregator 1 time.
Reduced MIP has 3888 rows, 4830 columns, and 38442 nonzeros.
Reduced MIP has 1200 binaries, 0 generals, 0 SOSs, and 0 indicators.
Presolve time = 0.02 sec. (26.09 ticks)
Represolve time = 0.03 sec. (47.80 ticks)
   3600     0       -0.4389    44       -0.4358   MIRcuts: 43  1039467    0.56%
   3600     0       -0.4389    61       -0.4358   MIRcuts: 13  1040126    0.56%
*  3600+    0                           -0.4361       -0.4382             0.47%
   3600     0       -0.4389    22       -0.4361    MIRcuts: 6  1040430    0.47%
   3600     0       -0.4389    18       -0.4361      Cuts: 22  1040898    0.47%
   3600     0       -0.4389    19       -0.4361    MIRcuts: 6  1041187    0.47%
   3600     0       -0.4389    18       -0.4361    MIRcuts: 3  1041271    0.47%
   3600     0       -0.4389    19       -0.4361       Cuts: 7  1041594    0.47%
   3600     2       -0.4389    14       -0.4361       -0.4382  1041594    0.47%
   3619    10       -0.4365    26       -0.4361       -0.4382  1047151    0.47%
   3668    24       -0.4383    33       -0.4361       -0.4382  1063870    0.47%
   3754    17       -0.4364    27       -0.4361       -0.4375  1081907    0.32%

Mixed integer rounding cuts applied:  16
Gomory fractional cuts applied:  1

Root node processing (before b&c):
  Real time             =    4.16 sec. (3105.05 ticks)
Parallel b&c, 4 threads:
  Real time             =   45.80 sec. (45414.70 ticks)
  Sync time (average)   =    2.35 sec.
  Wait time (average)   =    0.00 sec.
                          ------------
Total (root+branch&cut) =   49.95 sec. (48519.75 ticks)
