Version identifier: 22.2.0.0 | 2026-05-04 | 5dff98e58
CPXPARAM_Read_DataCheck                          1
CPXPARAM_Threads                                 4
CPXPARAM_Parallel                                1
CPXPARAM_RandomSeed                              20260925
CPXPARAM_Simplex_Tolerances_Optimality           1.0000000000000001e-09
CPXPARAM_Simplex_Tolerances_Feasibility          1.0000000000000001e-09
CPXPARAM_TimeLimit                               600
CPXPARAM_MIP_Tolerances_AbsMIPGap                1.0000000000000001e-09
CPXPARAM_MIP_Tolerances_Integrality              1.0000000000000001e-09
Legacy callback                                  i
1 of 8 MIP starts provided solutions.
MIP start 'm1' defined initial solution with objective 0.0580.
Tried aggregator 1 time.
MIP Presolve eliminated 3105 rows and 2 columns.
MIP Presolve modified 3120 coefficients.
Reduced MIP has 3889 rows, 4830 columns, and 38472 nonzeros.
Reduced MIP has 1200 binaries, 0 generals, 0 SOSs, and 0 indicators.
Presolve time = 0.03 sec. (30.87 ticks)
Probing time = 0.00 sec. (0.58 ticks)
Tried aggregator 1 time.
Detecting symmetries...
MIP Presolve modified 120 coefficients.
Reduced MIP has 3889 rows, 4830 columns, and 38472 nonzeros.
Reduced MIP has 1200 binaries, 0 generals, 0 SOSs, and 0 indicators.
Presolve time = 0.02 sec. (21.04 ticks)
Probing time = 0.00 sec. (0.65 ticks)
MIP emphasis: balance optimality and feasibility.
MIP search method: dynamic search.
Parallel mode: deterministic, using up to 4 threads.
Root relaxation solution time = 0.09 sec. (110.97 ticks)

        Nodes                                         Cuts/
   Node  Left     Objective  IInf  Best Integer    Best Bound    ItCnt     Gap

*     0+    0                            0.0580        0.0000           100.00%
      0     0        0.0523    45        0.0580        0.0523     1937    9.91%
      0     0        0.0523    25        0.0580   MIRcuts: 29     2011    9.91%
      0     0        0.0523    27        0.0580   MIRcuts: 17     2054    9.91%
      0     0        0.0523    30        0.0580    MIRcuts: 7     2101    9.91%
      0     2        0.0523    28        0.0580        0.0523     2101    9.91%
Elapsed time = 1.66 sec. (1710.88 ticks, tree = 0.02 MB, solutions = 1)
     15    17        0.0526    44        0.0580        0.0523     3740    9.91%
*    20+    3                            0.0565        0.0523             7.41%
*    20+    3                            0.0565        0.0523             7.41%
     20    22        0.0525    25        0.0565        0.0523     4292    7.41%
*    37+    3                            0.0565        0.0523             7.41%
     63    49        0.0528    25        0.0565        0.0523     6989    7.41%
    105    74    infeasible              0.0565        0.0523    10265    7.41%
    146   104        0.0534    27        0.0565        0.0523    13266    7.41%
    187   154    infeasible              0.0565        0.0523    20371    7.41%
    219   159        0.0523    29        0.0565        0.0523    21650    7.41%
    256   194        0.0525    35        0.0565        0.0523    27298    7.41%
    285   211    infeasible              0.0565        0.0523    32965    7.41%
*   374+  244                            0.0565        0.0523             7.40%
*   392+  245                            0.0565        0.0523             7.40%
*   419+  270                            0.0565        0.0523             7.40%
    426   292        cutoff              0.0565        0.0523    57532    7.40%
Elapsed time = 4.41 sec. (4920.28 ticks, tree = 1.52 MB, solutions = 5)
    662   430        0.0530    36        0.0565        0.0523    80557    7.40%
    888   574        0.0528    33        0.0565        0.0523   112144    7.40%
   1105   679        0.0531    30        0.0565        0.0523   137646    7.40%
   1320   866        cutoff              0.0565        0.0523   170003    7.40%
   1501   935        0.0536    33        0.0565        0.0523   197962    7.39%
   1675  1034        0.0531    24        0.0565        0.0523   221604    7.38%
   1921  1176        0.0528    35        0.0565        0.0523   250701    7.35%
   2105  1304        0.0529    29        0.0565        0.0523   272976    7.34%
   2298  1404        0.0526    39        0.0565        0.0523   297569    7.34%

Performing restart 1

Repeating presolve.
Tried aggregator 1 time.
Reduced MIP has 3889 rows, 4830 columns, and 38472 nonzeros.
Reduced MIP has 1200 binaries, 0 generals, 0 SOSs, and 0 indicators.
Presolve time = 0.02 sec. (11.53 ticks)
Tried aggregator 1 time.
Reduced MIP has 3889 rows, 4830 columns, and 38472 nonzeros.
Reduced MIP has 1200 binaries, 0 generals, 0 SOSs, and 0 indicators.
Presolve time = 0.02 sec. (21.25 ticks)
Represolve time = 0.03 sec. (41.61 ticks)
*  2406+    0                            0.0563        0.0523             7.04%
   2406     0        0.0524    53        0.0563      Cuts: 24   329140    7.03%
*  2406+    0                            0.0563        0.0524             7.02%
   2406     0        0.0524    55        0.0563      Cuts: 14   329247    7.02%
   2406     0        0.0524    47        0.0563      Cuts: 11   329302    7.02%
   2406     0        0.0524    49        0.0563     Covers: 3   329397    7.02%
   2406     0        0.0524    49        0.0563       Cuts: 8   329527    7.02%
*  2406+    0                            0.0563        0.0524             7.02%
   2406     0        0.0524    49        0.0563       Cuts: 7   329601    7.02%
   2406     0        0.0524    49        0.0563       Cuts: 4   329619    7.02%
*  2406+    0                            0.0561        0.0524             6.75%
   2406     0  -1.00000e+75     0        0.0561        0.0524   329619    6.75%
   2406     2        0.0524    42        0.0561        0.0524   329619    6.75%
Elapsed time = 17.92 sec. (22037.75 ticks, tree = 0.02 MB, solutions = 9)
*  2416+    1                            0.0561        0.0524             6.74%
*  2432+    2                            0.0561        0.0524             6.74%
*  2432+    2                            0.0561        0.0524             6.74%
   2434     5        0.0525    30        0.0561        0.0524   330095    6.74%
   2534    83    infeasible              0.0561        0.0524   347959    6.74%
   2643   142        0.0530    38        0.0561        0.0524   364124    6.74%
   2732   177        cutoff              0.0561        0.0524   375367    6.74%
   2835   221        0.0525    40        0.0561        0.0524   395338    6.69%
   2959   290        cutoff              0.0561        0.0525   415515    6.56%
   3084   353        0.0525    40        0.0561        0.0525   436648    6.56%
   3186   411        0.0539    34        0.0561        0.0525   463927    6.44%
   3308   456        0.0529    35        0.0561        0.0525   488511    6.41%
   3410   479        cutoff              0.0561        0.0526   502246    6.38%
Elapsed time = 25.33 sec. (31877.40 ticks, tree = 5.91 MB, solutions = 14)
   3465   507        0.0534    48        0.0561        0.0526   530421    6.31%
   3552   524        0.0531    44        0.0561        0.0526   558451    6.28%
   3681   559        0.0534    36        0.0561        0.0526   577404    6.25%
   3795   639        0.0531    37        0.0561        0.0527   615089    6.15%
   3887   657        0.0540    44        0.0561        0.0527   633074    6.11%
   3977   689    infeasible              0.0561        0.0527   650538    6.08%
   4056   716        0.0546    51        0.0561        0.0528   666259    6.02%
   4162   731        cutoff              0.0561        0.0528   706998    5.97%
   4236   733        0.0538    52        0.0561        0.0529   728578    5.85%
   4343   769        0.0539    49        0.0561        0.0529   747143    5.77%
Elapsed time = 32.77 sec. (41586.18 ticks, tree = 7.07 MB, solutions = 14)
   4440   793        cutoff              0.0561        0.0529   767165    5.74%
   4538   805        0.0532    41        0.0561        0.0530   790101    5.67%
   4631   849        0.0533    36        0.0561        0.0530   817945    5.63%
   4740   898        0.0556    18        0.0561        0.0530   827559    5.60%
   4880   928        cutoff              0.0561        0.0530   852206    5.56%
   5037  1038        0.0548    15        0.0561        0.0530   863783    5.54%
   5162  1089        0.0548    30        0.0561        0.0530   882686    5.53%
   5228  1096        0.0532    43        0.0561        0.0531   911271    5.48%
   5291  1078        cutoff              0.0561        0.0531   935901    5.40%
   5348  1042    infeasible              0.0561        0.0531   970248    5.36%
Elapsed time = 40.94 sec. (51268.49 ticks, tree = 14.34 MB, solutions = 14)
   5442  1018    infeasible              0.0561        0.0532  1005348    5.31%
   5533  1015        0.0556    34        0.0561        0.0532  1012091    5.27%
   5638   993        cutoff              0.0561        0.0532  1045382    5.19%
   5720   974        0.0546    33        0.0561        0.0532  1068243    5.14%
   5789   941        cutoff              0.0561        0.0533  1106512    5.09%
   5932   919        0.0537    22        0.0561        0.0533  1126432    5.01%
   6191   967        0.0543    22        0.0561        0.0533  1155725    4.97%
   6448  1091    infeasible              0.0561        0.0534  1171040    4.89%
*  6717+ 1279                            0.0561        0.0534             4.86%
   6720  1283        0.0557     4        0.0561        0.0534  1207476    4.86%
   6984  1385        0.0537    20        0.0561        0.0534  1214539    4.80%
Elapsed time = 47.69 sec. (60904.90 ticks, tree = 11.95 MB, solutions = 15)
   7280  1498        0.0537    20        0.0561        0.0535  1227416    4.78%
   7557  1750        0.0558    18        0.0561        0.0535  1250021    4.78%
*  7763+ 1895                            0.0561        0.0535             4.75%
   7806  1843        0.0543    32        0.0561        0.0535  1273980    4.75%
*  7927+ 2001                            0.0561        0.0535             4.69%
   8111  1986        0.0553    22        0.0561        0.0535  1302368    4.68%
*  8147+ 2015                            0.0561        0.0535             4.68%
   8440  2154        0.0558    23        0.0561        0.0535  1315903    4.66%
   8750  2474        0.0558    29        0.0561        0.0535  1343542    4.63%
   9121  2665        0.0552     4        0.0561        0.0535  1363868    4.63%
   9489  2788        0.0554     7        0.0561        0.0535  1375974    4.62%
   9932  3162        cutoff              0.0561        0.0535  1410645    4.62%
* 10191+ 3300                            0.0561        0.0536             4.55%
  10300  3466        0.0552    24        0.0561        0.0536  1443590    4.54%
Elapsed time = 54.11 sec. (70459.88 ticks, tree = 14.52 MB, solutions = 20)
  10652  3544        0.0554     4        0.0561        0.0536  1464218    4.50%
  11017  3667        0.0552     2        0.0561        0.0536  1475394    4.48%
  11391  4016        0.0552    13        0.0561        0.0536  1538248    4.43%
  11810  4083        0.0537    20        0.0561        0.0537  1551930    4.37%
  12279  4238        0.0537    45        0.0561        0.0537  1577315    4.37%
  12645  4414        cutoff              0.0561        0.0537  1599878    4.37%
  12942  4783        0.0554    27        0.0561        0.0537  1663450    4.34%
* 13305+ 4929                            0.0561        0.0537             4.34%
  13319  4842        cutoff              0.0561        0.0537  1670945    4.34%
  13640  4938        0.0553     6        0.0561        0.0537  1693730    4.33%
* 13724+ 4944                            0.0561        0.0537             4.33%
  14010  5208        0.0559    25        0.0561        0.0537  1737146    4.33%
Elapsed time = 60.66 sec. (80012.62 ticks, tree = 15.82 MB, solutions = 22)
  14353  5386        0.0554     7        0.0561        0.0537  1765717    4.31%
  14664  5525        0.0554     2        0.0561        0.0537  1780399    4.29%
  14986  5664        0.0556     6        0.0561        0.0537  1820540    4.25%
  15379  5830        cutoff              0.0561        0.0538  1849897    4.19%
  15722  5866        0.0555     6        0.0561        0.0538  1868617    4.16%
  16079  6126        cutoff              0.0561        0.0538  1927443    4.12%
  16388  6143        0.0557     6        0.0561        0.0538  1934887    4.05%
  16648  6053        cutoff              0.0561        0.0542  2001126    3.43%
  17015  6015        cutoff              0.0561        0.0544  2026241    3.01%
  17411  6170        0.0551    20        0.0561        0.0546  2043233    2.78%
Elapsed time = 67.20 sec. (89614.45 ticks, tree = 12.76 MB, solutions = 22)
  17808  6447        0.0552    21        0.0561        0.0547  2072351    2.45%
  18184  6624        cutoff              0.0561        0.0548  2098450    2.30%
  18491  6668        0.0551    25        0.0561        0.0549  2107776    2.15%
  18920  7027        0.0554    13        0.0561        0.0550  2150232    2.07%
  19422  7101        0.0553    21        0.0561        0.0550  2156597    2.07%
  19957  7138        cutoff              0.0561        0.0550  2165043    1.92%
  20469  7289        0.0551    25        0.0561        0.0550  2181763    1.92%
  20972  7677        cutoff              0.0561        0.0551  2222029    1.81%
  21450  8116        0.0553    20        0.0561        0.0551  2261982    1.80%
  23448  8965        0.0551    23        0.0561        0.0551  2346026    1.80%
Elapsed time = 75.52 sec. (102022.90 ticks, tree = 17.66 MB, solutions = 22)
  25705 10186        0.0554    22        0.0561        0.0551  2460129    1.80%
  26991 10998        cutoff              0.0561        0.0551  2563530    1.80%
  27960 11483        0.0555    22        0.0561        0.0551  2616957    1.80%
  28675 11729        0.0551    23        0.0561        0.0551  2656219    1.80%
  29630 12235        0.0553    24        0.0561        0.0551  2713560    1.80%
  30498 12656        0.0553    26        0.0561        0.0551  2772879    1.80%
  31432 13148        0.0551    23        0.0561        0.0551  2823305    1.80%
  32380 13566        cutoff              0.0561        0.0551  2885201    1.80%
  33439 14010        0.0551    27        0.0561        0.0551  2943334    1.80%
  34859 14627        cutoff              0.0561        0.0551  3034185    1.80%
Elapsed time = 106.66 sec. (140216.24 ticks, tree = 28.62 MB, solutions = 22)
  36091 15104        0.0554    24        0.0561        0.0551  3110254    1.80%
  37749 15641        0.0560    15        0.0561        0.0551  3185183    1.80%
  39576 16628        0.0553    25        0.0561        0.0551  3295747    1.80%
  41508 17354        0.0554    24        0.0561        0.0551  3406196    1.80%
  43160 18258        cutoff              0.0561        0.0551  3524756    1.80%
  44955 18965        0.0554    21        0.0561        0.0551  3620157    1.80%
  46776 19820        cutoff              0.0561        0.0551  3738862    1.80%
  48575 20685        cutoff              0.0561        0.0551  3862872    1.80%
  50139 21159        0.0554    23        0.0561        0.0551  3951528    1.80%
  51912 21758        0.0551    20        0.0561        0.0551  4071147    1.80%
Elapsed time = 133.70 sec. (178373.19 ticks, tree = 42.51 MB, solutions = 22)
  53809 22367        0.0554    23        0.0561        0.0551  4202492    1.80%
  55614 23063        cutoff              0.0561        0.0551  4300313    1.80%
  57323 23752        cutoff              0.0561        0.0551  4413492    1.80%
  58890 24354        0.0551    24        0.0561        0.0551  4517005    1.80%
  60546 24942        0.0551    21        0.0561        0.0551  4632041    1.80%
  62269 25435        0.0553    24        0.0561        0.0551  4746343    1.80%
  63934 26115        0.0554    24        0.0561        0.0551  4852860    1.80%
  65483 26536        0.0551    25        0.0561        0.0551  4985860    1.80%
  66906 26035        cutoff              0.0561        0.0551  5111616    1.80%
  68218 25447        cutoff              0.0561        0.0551  5235802    1.80%
Elapsed time = 160.56 sec. (216550.21 ticks, tree = 49.42 MB, solutions = 22)
  69797 24643        cutoff              0.0561        0.0551  5393657    1.80%
  71521 24056        cutoff              0.0561        0.0551  5501109    1.80%
  73063 23259        0.0551    26        0.0561        0.0551  5652799    1.75%
  74214 22899        cutoff              0.0561        0.0551  5772075    1.74%
  76155 22766        cutoff              0.0561        0.0552  5893521    1.68%
  78100 22404        cutoff              0.0561        0.0552  6053839    1.61%
  80100 22186        0.0552    27        0.0561        0.0552  6169136    1.58%
  82247 21969        0.0552    24        0.0561        0.0552  6335358    1.58%
  84138 21563        0.0553    22        0.0561        0.0552  6460954    1.57%
  85863 20782        cutoff              0.0561        0.0552  6625438    1.56%
Elapsed time = 187.09 sec. (254719.73 ticks, tree = 40.36 MB, solutions = 22)
  87620 20064        cutoff              0.0561        0.0553  6732693    1.51%
  89340 19143        cutoff              0.0561        0.0553  6854985    1.51%
  91028 18088    infeasible              0.0561        0.0553  7006032    1.51%
  92648 17094        cutoff              0.0561        0.0553  7151021    1.51%
  94249 16437        cutoff              0.0561        0.0553  7258928    1.51%
  95781 15581        cutoff              0.0561        0.0553  7419309    1.51%
  97502 15131        cutoff              0.0561        0.0553  7539162    1.50%
  99209 14492        0.0553    28        0.0561        0.0553  7662664    1.46%
 100848 13828        0.0555    25        0.0561        0.0553  7818439    1.45%
 103161 13539        0.0554     6        0.0561        0.0553  7955782    1.45%
Elapsed time = 213.34 sec. (292893.08 ticks, tree = 26.54 MB, solutions = 22)
 104930 13616        0.0555    24        0.0561        0.0553  8084154    1.39%
 106639 13781        cutoff              0.0561        0.0554  8183200    1.33%
 109384 13735        0.0554     9        0.0561        0.0554  8313183    1.33%
 111851 13311        0.0554     4        0.0561        0.0554  8492519    1.31%
 114520 13097        cutoff              0.0561        0.0554  8608676    1.29%
 117178 12718        cutoff              0.0561        0.0554  8756715    1.28%
 119219 12138        cutoff              0.0561        0.0554  8898366    1.28%
 121153 11247        cutoff              0.0561        0.0554  9034049    1.27%
 122854 10339        cutoff              0.0561        0.0554  9156233    1.22%
 124711  9470        cutoff              0.0561        0.0554  9297631    1.22%
Elapsed time = 239.94 sec. (331052.02 ticks, tree = 18.77 MB, solutions = 22)
 126515  9074        cutoff              0.0561        0.0555  9426483    1.16%
 128970  8622        cutoff              0.0561        0.0555  9559514    1.14%
 130751  8347        0.0555     7        0.0561        0.0555  9660810    1.06%
 133621  7557        0.0556    22        0.0561        0.0555  9802930    1.04%
 135925  6764        0.0560    27        0.0561        0.0555  9956506    1.02%
 138496  5522        cutoff              0.0561        0.0556 10118307    0.97%
 141026  4753        cutoff              0.0561        0.0556 10216738    0.86%
 143652  3559        0.0558    25        0.0561        0.0557 10366425    0.70%
 146754  2054        cutoff              0.0561        0.0558 10497376    0.48%
 149637   819        0.0560    20        0.0561        0.0560 10611351    0.21%
Elapsed time = 266.23 sec. (369211.42 ticks, tree = 2.22 MB, solutions = 22)

Cover cuts applied:  65
Mixed integer rounding cuts applied:  30
Zero-half cuts applied:  1
Gomory fractional cuts applied:  1

Root node processing (before b&c):
  Real time             =    1.66 sec. (1709.42 ticks)
Parallel b&c, 4 threads:
  Real time             =  265.64 sec. (369037.51 ticks)
  Sync time (average)   =   12.15 sec.
  Wait time (average)   =    0.00 sec.
                          ------------
Total (root+branch&cut) =  267.30 sec. (370746.93 ticks)
