Version identifier: 22.2.0.0 | 2026-05-04 | 5dff98e58
CPXPARAM_Read_DataCheck                          1
CPXPARAM_Threads                                 4
CPXPARAM_Parallel                                1
CPXPARAM_RandomSeed                              20260925
CPXPARAM_MIP_Strategy_Search                     1
CPXPARAM_Simplex_Tolerances_Optimality           1.0000000000000001e-09
CPXPARAM_Simplex_Tolerances_Feasibility          1.0000000000000001e-09
CPXPARAM_TimeLimit                               600
CPXPARAM_MIP_Tolerances_AbsMIPGap                1.0000000000000001e-09
CPXPARAM_MIP_Tolerances_Integrality              1.0000000000000001e-09
Legacy callback                                  iLUD
Lazy constraint(s) or lazy constraint/branch callback is present.
    Disabling dual reductions (CPX_PARAM_REDUCE) in presolve.
    Disabling presolve reductions that prevent crushing forms (CPX_PARAM_PREREFORM).
         Disabling repeat represolve because of lazy constraint/incumbent callback.
Warning: Effort level 'CheckFeas' is incompatible with lazy constraint/incumbent callback.
         Effort level increased to 'SolveFixed'.
1 of 1 MIP starts provided solutions.
MIP start 'm1' defined initial solution with objective 0.0593.
Tried aggregator 1 time.
MIP Presolve eliminated 3107 rows and 0 columns.
Reduced MIP has 1470 rows, 2432 columns, and 14164 nonzeros.
Reduced MIP has 1200 binaries, 0 generals, 0 SOSs, and 0 indicators.
Presolve time = 0.02 sec. (11.42 ticks)
Probing time = 0.00 sec. (0.25 ticks)
MIP emphasis: balance optimality and feasibility.
MIP search method: traditional branch-and-cut.
Parallel mode: deterministic, using up to 4 threads.
Root relaxation solution time = 0.02 sec. (30.67 ticks)

        Nodes                                         Cuts/
   Node  Left     Objective  IInf  Best Integer    Best Bound    ItCnt     Gap         Variable B NodeID Parent  Depth

*     0+    0                            0.0593        0.0000           100.00%
      0     0        0.0522    10        0.0593        0.0522      986   11.96%
      0     0        0.0522    13        0.0593     Covers: 1      991   11.96%
      0     0        0.0522    13        0.0593 UserPurge1: 1      998   11.96%
      0     0        0.0522    13        0.0593 UserPurge1: 1     1003   11.96%
      0     0        0.0522    14        0.0593 UserPurge1: 1     1004   11.96%
      0     0        0.0522    13        0.0593 UserPurge1: 1     1005   11.96%
*     0+    0                            0.0554        0.0522             5.87%
      0     0  -1.00000e+75     0        0.0554        0.0522     1005    5.87%
      0     2        0.0522    11        0.0554        0.0522     1005    5.87%                        0             0
Elapsed time = 0.67 sec. (285.90 ticks, tree = 0.02 MB, solutions = 2)
*    10+    1                            0.0554        0.0522             5.82%
*    13+    3                            0.0554        0.0522             5.82%
*    70    35      integral     0        0.0553        0.0522     2564    5.56%            x780 D     98     94     22
*    72+   28                            0.0553        0.0522             5.56%
    388   194        0.0553     5        0.0553        0.0536     9039    2.99%            x762 D    313    309     39
*   401+  193                            0.0553        0.0536             2.99%
*   461+  228                            0.0553        0.0537             2.90%
*   467+  215                            0.0553        0.0537             2.90%
    800   439        cutoff              0.0553        0.0540    20927    2.32%            x995 U    773    765     22
   1214   597        0.0549    16        0.0553        0.0542    29112    1.99%            x588 U   1267   1263      9
   1778   739        cutoff              0.0553        0.0547    37720    0.97%           x1001 U   1784   1780     18
   2374   961        0.0550    23        0.0553        0.0548    46546    0.87%            x593 D   2277   2273     21
   3227  1310        0.0550    22        0.0553        0.0549    52717    0.71%            x497 D   3104   3100     14
   4038  1699        cutoff              0.0553        0.0549    57889    0.64%            x587 D   3952   3944     26
   5020  2015        cutoff              0.0553        0.0550    65980    0.54%            x587 D   5081   5073     22
   9236   789        0.0552    18        0.0553        0.0551    93394    0.20%            x995 U   9294   1744     12
Elapsed time = 11.50 sec. (3277.28 ticks, tree = 0.75 MB, solutions = 8)

Cover cuts applied:  9
User cuts applied:  1

Root node processing (before b&c):
  Real time             =    0.67 sec. (285.12 ticks)
Parallel b&c, 4 threads:
  Real time             =   12.39 sec. (3600.93 ticks)
  Sync time (average)   =    0.85 sec.
  Wait time (average)   =    0.00 sec.
                          ------------
Total (root+branch&cut) =   13.06 sec. (3886.05 ticks)
