Version identifier: 22.2.0.0 | 2026-05-04 | 5dff98e58
CPXPARAM_Read_DataCheck                          1
CPXPARAM_Threads                                 4
CPXPARAM_Parallel                                1
CPXPARAM_RandomSeed                              20260925
CPXPARAM_MIP_Strategy_Search                     1
CPXPARAM_Simplex_Tolerances_Optimality           1.0000000000000001e-09
CPXPARAM_Simplex_Tolerances_Feasibility          1.0000000000000001e-09
CPXPARAM_TimeLimit                               600
CPXPARAM_MIP_Tolerances_AbsMIPGap                1.0000000000000001e-09
CPXPARAM_MIP_Tolerances_Integrality              1.0000000000000001e-09
Legacy callback                                  iLUD
Lazy constraint(s) or lazy constraint/branch callback is present.
    Disabling dual reductions (CPX_PARAM_REDUCE) in presolve.
    Disabling presolve reductions that prevent crushing forms (CPX_PARAM_PREREFORM).
         Disabling repeat represolve because of lazy constraint/incumbent callback.
Warning: Effort level 'CheckFeas' is incompatible with lazy constraint/incumbent callback.
         Effort level increased to 'SolveFixed'.
1 of 1 MIP starts provided solutions.
MIP start 'm1' defined initial solution with objective 0.0424.
Tried aggregator 1 time.
MIP Presolve eliminated 1355 rows and 0 columns.
Reduced MIP has 1616 rows, 2360 columns, and 18165 nonzeros.
Reduced MIP has 1164 binaries, 0 generals, 0 SOSs, and 0 indicators.
Presolve time = 0.02 sec. (12.32 ticks)
Probing time = 0.00 sec. (0.29 ticks)
MIP emphasis: balance optimality and feasibility.
MIP search method: traditional branch-and-cut.
Parallel mode: deterministic, using up to 4 threads.
Root relaxation solution time = 0.03 sec. (35.20 ticks)

        Nodes                                         Cuts/
   Node  Left     Objective  IInf  Best Integer    Best Bound    ItCnt     Gap         Variable B NodeID Parent  Depth

*     0+    0                            0.0424        0.0000           100.00%
      0     0        0.0375    62        0.0424        0.0375     1000   11.46%
*     0+    0                            0.0421        0.0375            10.83%
      0     0  -1.00000e+75     0        0.0421        0.0375     1000   10.83%
      0     2        0.0375    49        0.0421        0.0375     1000   10.83%                        0             0
Elapsed time = 0.38 sec. (387.18 ticks, tree = 0.02 MB, solutions = 2)
*    19+    3                            0.0420        0.0378             9.94%
     19    18        0.0382    48        0.0420        0.0378     2413    9.94%             x36 D     15      7      3
    124    78        0.0386    35        0.0420        0.0379     8978    9.93%           x1032 U    146    142     12
    246   153        0.0406    38        0.0420        0.0381    17451    9.46%            x969 D    232    228     14
    357   199        0.0385    44        0.0420        0.0382    23081    9.01%            x612 U    340     15      4
    509   342        0.0403    11        0.0420        0.0383    34940    8.83%            x156 D    540    536     53
    659   432        0.0390    49        0.0420        0.0384    41755    8.62%            x911 D    662    658      8
    784   506        0.0404    34        0.0420        0.0384    51176    8.59%           x1028 U    808    804     15
    940   634        0.0398    30        0.0420        0.0385    64470    8.47%           x1033 U    898    894     16
   1066   702        cutoff              0.0420        0.0385    73867    8.33%           x1036 D   1136   1124     31
   1679  1067        0.0420    25        0.0420        0.0388   126348    7.79%           x1029 U   1725   1721     25
Elapsed time = 6.84 sec. (3523.60 ticks, tree = 1.64 MB, solutions = 3)
   2285  1376        0.0398    32        0.0420        0.0389   164515    7.42%            x934 U   2235   2231     18
   2857  1677        cutoff              0.0420        0.0390   207685    7.19%            x396 U   2883   2875     23
*  2942+ 1700                            0.0403        0.0390             3.27%
*  3220+ 1252                            0.0403        0.0390             3.14%
   3370  1228        0.0398    35        0.0403        0.0391   247486    3.06%            x612 D   3427   3423     22
   3871  1231        0.0398    43        0.0403        0.0392   297650    2.73%             x33 U   3972   3968     13
   4411  1132        cutoff              0.0403        0.0394   348807    2.14%            x162 D   4234   2280     14
*  4532+ 1141                            0.0403        0.0395             2.00%
*  4693+ 1076                            0.0401        0.0395             1.35%
*  4844+  638                            0.0400        0.0397             0.95%
   5260   406        cutoff              0.0400        0.0398   389776    0.50%            x117 U   5276   5272     40
   6292   335        cutoff              0.0400        0.0400   428333    0.20%            x699 D   6201   6197     43
   7477   520        0.0400    10        0.0400        0.0400   473772    0.15%            x460 D   7883   7879     45
   9192   474        cutoff              0.0400        0.0400   516428    0.08%            x721 D   9216   9208     49

Cover cuts applied:  6

Root node processing (before b&c):
  Real time             =    0.38 sec. (386.29 ticks)
Parallel b&c, 4 threads:
  Real time             =   22.25 sec. (12118.03 ticks)
  Sync time (average)   =    1.66 sec.
  Wait time (average)   =    0.00 sec.
                          ------------
Total (root+branch&cut) =   22.62 sec. (12504.33 ticks)
