Version identifier: 22.2.0.0 | 2026-05-04 | 5dff98e58
CPXPARAM_Read_DataCheck                          1
CPXPARAM_Threads                                 4
CPXPARAM_Parallel                                1
CPXPARAM_RandomSeed                              20260925
CPXPARAM_MIP_Strategy_Search                     1
CPXPARAM_Simplex_Tolerances_Optimality           1.0000000000000001e-09
CPXPARAM_Simplex_Tolerances_Feasibility          1.0000000000000001e-09
CPXPARAM_TimeLimit                               3600
CPXPARAM_MIP_Tolerances_AbsMIPGap                1.0000000000000001e-09
CPXPARAM_MIP_Tolerances_Integrality              1.0000000000000001e-09
Legacy callback                                  iLUD
Lazy constraint(s) or lazy constraint/branch callback is present.
    Disabling dual reductions (CPX_PARAM_REDUCE) in presolve.
    Disabling presolve reductions that prevent crushing forms (CPX_PARAM_PREREFORM).
         Disabling repeat represolve because of lazy constraint/incumbent callback.
Warning: Effort level 'CheckFeas' is incompatible with lazy constraint/incumbent callback.
         Effort level increased to 'SolveFixed'.
1 of 1 MIP starts provided solutions.
MIP start 'm1' defined initial solution with objective 0.0282.
Tried aggregator 1 time.
MIP Presolve eliminated 1353 rows and 0 columns.
Reduced MIP has 1617 rows, 2360 columns, and 18195 nonzeros.
Reduced MIP has 1164 binaries, 0 generals, 0 SOSs, and 0 indicators.
Presolve time = 0.02 sec. (12.31 ticks)
Probing time = 0.00 sec. (0.30 ticks)
MIP emphasis: balance optimality and feasibility.
MIP search method: traditional branch-and-cut.
Parallel mode: deterministic, using up to 4 threads.
Root relaxation solution time = 0.05 sec. (42.19 ticks)

        Nodes                                         Cuts/
   Node  Left     Objective  IInf  Best Integer    Best Bound    ItCnt     Gap         Variable B NodeID Parent  Depth

*     0+    0                            0.0282        0.0000           100.00%
      0     0        0.0263    38        0.0282        0.0263     1089    6.58%
*     0+    0                            0.0274        0.0263             3.91%
      0     0  -1.00000e+75     0        0.0274        0.0263     1089    3.91%
      0     2        0.0263    38        0.0274        0.0263     1089    3.91%                        0             0
Elapsed time = 0.38 sec. (389.47 ticks, tree = 0.02 MB, solutions = 2)
*    10+    3                            0.0273        0.0266             2.59%
*    11+    1                            0.0273        0.0266             2.59%
*    12+    1                            0.0273        0.0266             2.47%
     27    14        0.0268    35        0.0273        0.0266     2162    2.47%            x825 D     17      9      6
    143    57        0.0269    17        0.0273        0.0266     9053    2.41%            x828 D    178    174     16
    290   115        0.0269    24        0.0273        0.0267    15279    2.06%            x845 D    243    239     15
    447   191        cutoff              0.0273        0.0268    25757    1.88%             x33 D    345    285     13
    654   350        0.0270    31        0.0273        0.0268    33986    1.76%            x818 U    659    655      8
    848   411        0.0273    19        0.0273        0.0268    43933    1.67%            x820 U    938    934     21
   1108   532        0.0271    20        0.0273        0.0269    55726    1.59%            x846 U   1025   1021     18
   1351   651        cutoff              0.0273        0.0269    66075    1.48%            x823 U   1383   1379     25
*  1529+  811                            0.0273        0.0269             1.33%
   1586   852        0.0270    18        0.0273        0.0269    75917    1.32%            x827 D   1465   1457     18
   2733  1314        0.0272     8        0.0273        0.0270   117651    1.05%            x697 U   2908   2900     28
Elapsed time = 4.27 sec. (3500.50 ticks, tree = 1.46 MB, solutions = 7)
   4138  2006        0.0272    10        0.0273        0.0270   167290    0.89%            x722 U   4039   4031     43
   5770  2863        0.0271    14        0.0273        0.0271   218208    0.78%            x470 D   5701   5697     27
   7338  3434        0.0272    15        0.0273        0.0271   267705    0.72%           x1027 U   7336   7332     24
   8725  3979        0.0271     6        0.0273        0.0271   315513    0.66%            x459 U   8808   8676     30
  10255  5013        cutoff              0.0273        0.0271   371670    0.66%            x501 U  10746  10738     49
  11854  6068        0.0271    11        0.0273        0.0271   429204    0.66%            x710 D  12001  11997     43
  13338  6891        0.0271    14        0.0273        0.0271   486152    0.66%             x98 D  12767  12763     33
  14922  7669        0.0272     5        0.0273        0.0271   531658    0.66%            x481 U  14997  14993     57
  16600  8887        0.0271     9        0.0273        0.0271   591736    0.65%            x716 D  15995  15991     42
  17690  9359        cutoff              0.0273        0.0271   645132    0.65%            x489 U  18422   8480     35
Elapsed time = 20.70 sec. (13047.15 ticks, tree = 10.29 MB, solutions = 7)
  18811  9585        0.0271    11        0.0273        0.0271   709318    0.65%            x910 D  18211  18207     36
  20186 10099        cutoff              0.0273        0.0271   763703    0.63%            x745 D  20734  20730     64
  21806 11254        cutoff              0.0273        0.0271   826359    0.63%            x104 U  21235  12767     34
  23477 12244        0.0272    10        0.0273        0.0271   877727    0.62%            x676 D  24326  24322     56
  25201 13000        0.0271    11        0.0273        0.0271   914095    0.62%            x718 D  24820  24816     47
  26917 14141        0.0272     4        0.0273        0.0271   969047    0.61%            x674 D  27922  27918     64
  28434 15002        0.0272    10        0.0273        0.0271  1031133    0.61%            x506 D  28068  28064     66
  30082 15891        0.0271     9        0.0273        0.0271  1094811    0.61%             x35 U  30974  30970     42
  31763 16624        cutoff              0.0273        0.0271  1141787    0.61%            x865 U  30735  30727     46
  33542 17877        0.0272     4        0.0273        0.0271  1205308    0.61%            x686 D  33404  33400     69
Elapsed time = 37.48 sec. (22587.37 ticks, tree = 19.98 MB, solutions = 7)
  35535 18884        cutoff              0.0273        0.0271  1246409    0.61%             x94 U  36165  36157     33
  37406 20383        0.0271    10        0.0273        0.0271  1295582    0.61%            x106 D  36327  36323     28
  38782 21214        0.0272     9        0.0273        0.0271  1344265    0.61%           x1136 D  39290  39286     50
  39893 21800        cutoff              0.0273        0.0271  1404966    0.61%            x105 U  40016  40012     38
  41310 22271        0.0272     9        0.0273        0.0271  1457526    0.61%            x338 D  41336  41332     49
  43214 23227        cutoff              0.0273        0.0271  1498475    0.60%            x868 D  43260  43256     59
  44889 24396        cutoff              0.0273        0.0271  1551166    0.60%            x220 U  45250  45242     41
  46684 25845        0.0272     6        0.0273        0.0271  1602033    0.60%            x220 D  45275  45271     49
  48396 26639        0.0272     4        0.0273        0.0271  1636188    0.60%           x1154 D  48853  48849     60
  50197 27945        0.0272     9        0.0273        0.0271  1695348    0.60%            x357 D  50382  50378     58
Elapsed time = 53.97 sec. (32126.25 ticks, tree = 30.70 MB, solutions = 7)
  51909 29071        cutoff              0.0273        0.0271  1746027    0.60%            x434 U  52365  52353     49
  53714 29888        cutoff              0.0273        0.0271  1779498    0.59%            x219 D  52251  52247     78
  55418 31043        cutoff              0.0273        0.0271  1828458    0.59%            x506 U  55646  55530     33
  56732 31779        0.0272     4        0.0273        0.0271  1880968    0.59%            x686 D  57253  57249     67
  58060 32394        0.0272     8        0.0273        0.0271  1930606    0.59%            x679 D  58549  58545     48
  59528 33402        0.0271     9        0.0273        0.0271  1982744    0.59%            x716 D  60232  60228     52
  61031 34418        0.0271    12        0.0273        0.0271  2038578    0.59%            x703 D  61581  61577     35
  62453 35015        0.0271    10        0.0273        0.0271  2089060    0.58%            x466 U  62989  62985     31
  63683 35571        0.0272    10        0.0273        0.0271  2130150    0.58%            x715 U  64948  64940     43
  65417 36136        0.0272     5        0.0273        0.0271  2168420    0.57%            x112 D  63803  63799     37
Elapsed time = 70.12 sec. (41673.46 ticks, tree = 40.87 MB, solutions = 7)
  67432 37985        cutoff              0.0273        0.0271  2219195    0.57%            x219 U  65391  65383     48
  69586 39648        cutoff              0.0273        0.0271  2250009    0.57%            x112 U  67755  67747     63
  72124 41900        0.0271    11        0.0273        0.0271  2290336    0.57%            x706 D  72417  72413     54
  74570 43867        0.0271    13        0.0273        0.0271  2324877    0.57%            x472 D  75057  75053     35
  77279 45779        0.0272     9        0.0273        0.0271  2354521    0.57%            x744 U  75523  75519     48
  79601 48077        0.0272     6        0.0273        0.0271  2392313    0.57%           x1144 D  79721  79717     58
  81909 50208        0.0271    13        0.0273        0.0271  2441008    0.57%            x513 D  82002  81998     37
  83178 51016        cutoff              0.0273        0.0271  2484750    0.57%            x507 U  84324  83660     37
  84237 51276        cutoff              0.0273        0.0271  2538893    0.56%            x236 U  85536  85528     82
  85216 51218        cutoff              0.0273        0.0271  2605086    0.56%            x909 U  85386  11335     40
Elapsed time = 90.48 sec. (51217.96 ticks, tree = 56.90 MB, solutions = 7)
  86251 51271        cutoff              0.0273        0.0271  2666659    0.56%            x711 U  86562  17897     43
  87682 51757        cutoff              0.0273        0.0271  2717255    0.56%            x442 U  89072  12832     39
  88943 52270        cutoff              0.0273        0.0271  2775221    0.55%            x859 U  89186  89178     40
  90170 52471        0.0271     7        0.0273        0.0271  2811945    0.55%            x718 U  88483   7420     39
  91627 53309        0.0272     4        0.0273        0.0271  2887159    0.55%           x1142 D  93020  93016     58
  93015 53719        0.0272     9        0.0273        0.0271  2925076    0.55%            x692 D  91399  91395     64
  94669 54540        cutoff              0.0273        0.0271  2977144    0.55%            x691 U  92931  92923     50
  96455 55539        0.0271    10        0.0273        0.0271  3021432    0.55%            x483 U  97532  97528     37
  98275 56725        0.0272     8        0.0273        0.0271  3077161    0.55%            x673 D  99256  99252     50
  99879 57802        0.0272     9        0.0273        0.0271  3143031    0.55%            x428 D  99873  99869     48
Elapsed time = 105.55 sec. (60766.63 ticks, tree = 64.02 MB, solutions = 7)
 101460 58428        0.0271    13        0.0273        0.0271  3183134    0.54%            x482 D 102118  26109     32
 103072 59350        0.0272    10        0.0273        0.0271  3227455    0.54%            x738 D 103253 103245     53
 104850 60417        cutoff              0.0273        0.0271  3272168    0.54%            x846 U 103107 103099     64
 106745 61774        cutoff              0.0273        0.0271  3332393    0.54%            x338 U 107398 107386     62
 108590 62619        0.0272     7        0.0273        0.0271  3380629    0.54%             x98 D 106999 106991     46
 110488 63817        0.0271     8        0.0273        0.0271  3434609    0.54%             x35 U 108927 108923     47
 112406 65152        cutoff              0.0273        0.0271  3496887    0.54%            x110 U 112389 112381     46
 114490 66290        0.0272    11        0.0273        0.0271  3536246    0.54%            x477 U 114964 114960     38
 116247 67587        0.0272     6        0.0273        0.0271  3591742    0.54%            x840 D 116592 116588     46
 117964 68291        0.0272     5        0.0273        0.0271  3623455    0.54%            x688 D 118268 118264     43
Elapsed time = 123.94 sec. (70310.68 ticks, tree = 78.04 MB, solutions = 7)
 120328 69829        0.0271     7        0.0273        0.0271  3669481    0.53%            x909 D 120456 120452     44
 122175 71765        0.0272    12        0.0273        0.0271  3730322    0.53%            x468 U 122561 122557     53
 123767 72737        0.0272    12        0.0273        0.0271  3789028    0.53%            x510 U 124057 124053     42
 125254 73308        0.0272     8        0.0273        0.0271  3822138    0.53%            x846 D 125705 125701     46
 127084 74178        cutoff              0.0273        0.0271  3862598    0.53%            x865 D 126692 126688     44
 128790 75749        cutoff              0.0273        0.0271  3929511    0.53%            x747 D 129561 129557     84
 130560 76631        0.0272    12        0.0273        0.0271  3963692    0.53%            x492 U 129728 129724     40
 132210 77862        cutoff              0.0273        0.0271  4016685    0.53%            x219 D 131508 131504     59
 133586 78648        cutoff              0.0273        0.0271  4070944    0.52%            x513 U 134674  81416     40
 134958 79142        cutoff              0.0273        0.0271  4112960    0.52%            x441 U 134468  82217     45
Elapsed time = 143.06 sec. (79853.00 ticks, tree = 89.83 MB, solutions = 7)
 136525 79748        cutoff              0.0273        0.0271  4163405    0.52%            x500 U 136937  34401     50
 137980 80572        cutoff              0.0273        0.0271  4213437    0.52%             x93 U 136931 136927     44
 139265 81355        cutoff              0.0273        0.0271  4283732    0.52%            x512 U 139701  41189     49
 140630 81551        0.0272     5        0.0273        0.0271  4335303    0.52%            x670 D 140004 140000     41
 142338 82474        0.0272     7        0.0273        0.0271  4389163    0.52%             x99 D 143250 143242     44
 143971 83528        0.0272    14        0.0273        0.0271  4447248    0.51%            x492 D 144786 144782     41
 145693 84084        cutoff              0.0273        0.0271  4474821    0.51%             x94 U 145857  66249     34
 147544 85078        cutoff              0.0273        0.0271  4526205    0.51%            x726 D 147039 147035     51
 149487 86724        0.0272     5        0.0273        0.0271  4584732    0.51%            x702 U 149309 149305     36
 156430 91000        0.0272     9        0.0273        0.0271  4762940    0.50%            x355 D 156356 156352     49
Elapsed time = 165.00 sec. (92259.59 ticks, tree = 102.60 MB, solutions = 7)
 164794 96215        0.0272     9        0.0273        0.0271  4937132    0.50%            x448 D 164519 164515     38
 172292 101436        0.0272    10        0.0273        0.0271  5124043    0.49%            x723 U 172630  80333     42
 176327 102881        cutoff              0.0273        0.0271  5361323    0.49%            x840 U 176886 176878     42
 183115 106560        0.0272    11        0.0273        0.0271  5582850    0.49%            x504 D 182876 182868     44
 190941 110529        0.0272     9        0.0273        0.0271  5750171    0.49%            x110 D 191822 191818     59
 198641 115267        0.0272     8        0.0273        0.0271  5950441    0.48%            x534 D 199817 199813     61
 206233 119997        0.0273     4        0.0273        0.0271  6137565    0.48%           x1143 D 206978 206974     70
 213295 124420        0.0272     8        0.0273        0.0271  6345590    0.48%            x702 D 214166 214162     49
 219922 128161        0.0271    11        0.0273        0.0271  6539868    0.48%            x492 D 220319 220311     39
 226685 131909        0.0272     7        0.0273        0.0271  6743812    0.48%            x522 D 228046 228042     53
Elapsed time = 237.17 sec. (130411.78 ticks, tree = 146.65 MB, solutions = 7)
 234339 136691        0.0272    13        0.0273        0.0271  6954977    0.48%            x774 U 232112 232100     44
 241206 140547        0.0272     6        0.0273        0.0271  7136170    0.47%           x1138 D 238752 238748     52
 250920 147380        0.0272     6        0.0273        0.0271  7300786    0.47%            x430 D 250607 250599     54
 260482 153724        0.0272     5        0.0273        0.0271  7443588    0.47%            x528 U 257912 257908     34
 270102 161297        0.0272     6        0.0273        0.0271  7618640    0.47%             x94 D 271694 271690     36
 278081 166133        0.0272    11        0.0273        0.0271  7788109    0.47%            x441 D 279333 279329     44
 285690 171262        0.0271    10        0.0273        0.0271  7978656    0.46%            x546 D 284783 278196     39
 294951 177792        0.0272     5        0.0273        0.0271  8150749    0.46%            x688 D 294599 294595     41
 305353 185971        0.0272    10        0.0273        0.0271  8316877    0.46%            x106 D 306458 306454     40
 315738 193377        0.0272     5        0.0273        0.0271  8467835    0.46%            x702 U 315323 315319     46
Elapsed time = 316.52 sec. (168563.50 ticks, tree = 219.00 MB, solutions = 7)
 324656 199766        0.0272     6        0.0273        0.0271  8643849    0.46%            x430 D 324179 324175     49
 333493 205349        0.0272     5        0.0273        0.0271  8798752    0.46%            x676 D 330752 330748     47
 342419 211472        0.0272     6        0.0273        0.0271  8972064    0.46%             x94 D 341783 341779     38
 351278 217087        0.0272     5        0.0273        0.0271  9144115    0.45%            x702 U 352670 352666     44
 359369 222800        0.0271     9        0.0273        0.0271  9308404    0.45%            x702 D 362565 271127     37
 367130 227459        0.0272    12        0.0273        0.0271  9498975    0.45%            x692 D 364220 364216     67
 376029 233141        0.0272     6        0.0273        0.0271  9666540    0.45%            x340 D 377742 377738     43
 384519 239296        0.0272    10        0.0273        0.0271  9845294    0.45%            x726 D 380184 380180     69
 392691 244622        0.0272     6        0.0273        0.0271 10016476    0.45%            x106 D 394302 394298     39
 401449 250843        0.0272     6        0.0273        0.0271 10198779    0.45%            x448 D 400127 400123     53
Elapsed time = 393.53 sec. (206714.25 ticks, tree = 282.84 MB, solutions = 7)
 409370 256172        cutoff              0.0273        0.0271 10381405    0.45%            x441 U 405072 405064     56
 415420 259082        0.0272     6        0.0273        0.0271 10549557    0.44%            x220 D 415666 415662     55
 423778 263512        cutoff              0.0273        0.0271 10720648    0.44%            x702 U 428153  67301     40
 433469 270623        cutoff              0.0273        0.0271 10893330    0.44%            x220 D 433558 433554     54
 440936 275388        cutoff              0.0273        0.0271 11060038    0.44%            x716 U 445457 445453     54
 448615 280209        cutoff              0.0273        0.0271 11242582    0.44%            x786 U 453137 453133     54
 456736 285417        cutoff              0.0273        0.0271 11452608    0.44%            x452 U 456791 456779     71
 463590 289001        0.0272    12        0.0273        0.0271 11640696    0.43%            x540 D 464646 464642     48
 472666 295183        cutoff              0.0273        0.0271 11829079    0.43%            x220 U 472283 472275     57
 480539 300274        cutoff              0.0273        0.0271 11972615    0.43%            x510 U 480539 480535     44
Elapsed time = 462.61 sec. (244869.34 ticks, tree = 338.44 MB, solutions = 7)
 487919 304168        0.0272    11        0.0273        0.0271 12184055    0.43%            x720 D 488039 488031     51
 494680 308723        cutoff              0.0273        0.0271 12414316    0.43%            x712 U 489200  12863     58
 501125 312362        0.0272     8        0.0273        0.0271 12597365    0.43%            x441 D 495364 495360     51
 509111 317680        cutoff              0.0273        0.0271 12797967    0.43%            x220 D 502696 502692     56
 517317 323352        0.0272     6        0.0273        0.0271 12985293    0.43%            x340 D 517475 517471     34
 526127 328126        0.0272     9        0.0273        0.0271 13124766    0.43%            x103 D 528142 528138     50
 534031 334190        cutoff              0.0273        0.0271 13359108    0.43%            x434 U 534211 123985     38
 541152 337298        0.0272    12        0.0273        0.0271 13509214    0.43%            x846 D 543906 543902     50
 547256 340956        0.0271    10        0.0273        0.0271 13756005    0.42%            x522 U 539728 329440     41
 555706 345916        0.0272     5        0.0273        0.0271 13896347    0.42%            x112 D 558258 558254     44
Elapsed time = 538.19 sec. (283024.33 ticks, tree = 392.16 MB, solutions = 7)
 565345 352114        0.0272     6        0.0273        0.0271 14046390    0.42%            x430 D 558528 558520     52
 573948 358523        cutoff              0.0273        0.0271 14241632    0.42%            x865 U 576586 576578     54
 582270 362701        0.0272     6        0.0273        0.0271 14405066    0.42%           x1138 D 586113 586109     59
 590633 368341        0.0272     7        0.0273        0.0271 14609901    0.42%            x840 D 591427 591423     54
 599127 373952        cutoff              0.0273        0.0271 14786778    0.42%            x112 U 601010 600998     42
 607982 379705        0.0272     5        0.0273        0.0271 14966723    0.42%            x670 D 600644 600636     40
 616982 385444        0.0271     9        0.0273        0.0271 15136363    0.42%            x504 D 609752 609696     40
 625775 391296        0.0272    15        0.0273        0.0271 15307016    0.42%            x713 D 619080 619076     39
 634200 396184        cutoff              0.0273        0.0271 15470984    0.42%            x865 D 636026 636018     52
 642693 401219        0.0272     5        0.0273        0.0271 15645411    0.42%            x688 D 644442 644438     52
Elapsed time = 619.38 sec. (321175.22 ticks, tree = 455.58 MB, solutions = 7)
 650576 406627        cutoff              0.0273        0.0272 15843684    0.42%            x460 U 644088 457548     43
 657941 411247        0.0272    10        0.0273        0.0272 16043428    0.42%            x498 D 659303 659295     55
 666101 416857        0.0273    10        0.0273        0.0272 16231352    0.41%            x679 D 669293 669289     59
 674520 422217        0.0272    10        0.0273        0.0272 16414102    0.41%            x534 D 678249 396090     40
 682751 426980        0.0272    11        0.0273        0.0272 16572292    0.41%            x747 D 676320 676316     54
 690319 431876        0.0272     5        0.0273        0.0272 16780071    0.41%            x676 D 691339 691335     49
 699179 438497        0.0272     5        0.0273        0.0272 16963459    0.41%            x112 D 701737 701733     47
 706621 442145        cutoff              0.0273        0.0272 17136010    0.41%            x489 U 700728 661444     43
 714288 446542        cutoff              0.0273        0.0272 17338083    0.41%            x331 U 708352  61079     38
 722024 450681        0.0272     6        0.0273        0.0272 17496939    0.41%            x430 D 723463 723459     53
Elapsed time = 697.59 sec. (359327.33 ticks, tree = 508.62 MB, solutions = 7)
 729405 455106        0.0272    14        0.0273        0.0272 17707731    0.41%            x471 D 732237 510918     49
 736157 459191        0.0272    10        0.0273        0.0272 17896435    0.41%            x724 D 737067 737059     48
 744080 463459        0.0272     8        0.0273        0.0272 18098897    0.40%            x516 U 745315 745307     62
 751070 467024        0.0272     8        0.0273        0.0272 18271359    0.40%            x522 U 754709 490970     45
 758554 471601        0.0272     5        0.0273        0.0272 18494229    0.40%            x694 D 760894 760890     53
 765874 475478        0.0272     5        0.0273        0.0272 18658334    0.40%            x702 D 758544 758540     56
 774727 480810        0.0272     5        0.0273        0.0272 18843408    0.40%            x112 D 777446 777442     47
 782633 485312        cutoff              0.0273        0.0272 18997561    0.40%            x910 U 775068 145619     43
 789709 490234        cutoff              0.0273        0.0272 19228426    0.40%            x504 U 790559 790555     43
 795696 492823        0.0272     5        0.0273        0.0272 19448926    0.40%            x694 D 788760 788756     49
Elapsed time = 772.92 sec. (397483.04 ticks, tree = 559.45 MB, solutions = 7)
 800706 493522        cutoff              0.0273        0.0272 19637511    0.40%            x786 D 803374 803370     58
 807099 496360        cutoff              0.0273        0.0272 19924143    0.40%            x480 U 800244 800240     57
 814368 499258        0.0272    11        0.0273        0.0272 20111150    0.40%            x720 D 807256 807252     56
 822054 504519        0.0272    13        0.0273        0.0272 20368341    0.40%            x465 D 822587 822583     51
 829290 507900        0.0272     8        0.0273        0.0272 20517481    0.39%            x478 U 821968 821900     44
 837208 512172        cutoff              0.0273        0.0272 20697715    0.39%            x220 U 841401 841393     57
 844876 517350        cutoff              0.0273        0.0272 20881764    0.39%            x220 U 844175 844167     55
 852440 522356        0.0272    13        0.0273        0.0272 21063523    0.39%            x468 U 845860 845856     60
 860367 526249        cutoff              0.0273        0.0272 21196039    0.39%            x104 U 863550 102876     50
 868048 531943        0.0272     6        0.0273        0.0272 21421900    0.39%            x340 D 861436 861432     50
Elapsed time = 847.91 sec. (435635.76 ticks, tree = 601.39 MB, solutions = 7)
 875545 535397        0.0272     5        0.0273        0.0272 21560904    0.39%            x682 D 878694 878690     53
 883171 539971        0.0272     5        0.0273        0.0272 21751448    0.39%            x768 U 881855 881851     44
 891282 545831        0.0272     5        0.0273        0.0272 21961459    0.39%            x750 U 889915 889911     42
 900208 551001        0.0272     6        0.0273        0.0272 22112587    0.39%             x94 D 904065 904061     53
 907372 555125        cutoff              0.0273        0.0272 22305282    0.39%            x712 U 911270 462285     60
 914441 559340        0.0272    12        0.0273        0.0272 22515875    0.39%            x477 D 913523 913515     49
 922688 564126        0.0272     5        0.0273        0.0272 22697891    0.39%            x112 D 926661 926657     55
 930131 567948        cutoff              0.0273        0.0272 22863187    0.39%            x218 D 934049 934045     46
 937425 573006        0.0272     4        0.0273        0.0272 23092636    0.39%            x936 U 936111 936103     40
 945031 575652        0.0272     9        0.0273        0.0272 23213228    0.39%            x476 D 948553 948549     44
Elapsed time = 927.92 sec. (473787.27 ticks, tree = 654.56 MB, solutions = 7)
 952950 580142        0.0272     5        0.0273        0.0272 23403648    0.39%            x694 D 956590 956586     53
 961699 585212        cutoff              0.0273        0.0272 23608576    0.39%           x1144 D 960827 960823     60
 970436 592408        0.0272     5        0.0273        0.0272 23817799    0.38%            x112 D 969779 969775     54
 979172 596928        0.0272     6        0.0273        0.0272 23966605    0.38%            x106 D 971920 971916     47
 987356 601267        0.0272    11        0.0273        0.0272 24115275    0.38%            x720 D 991406 991402     53
 993544 605965        0.0272     6        0.0273        0.0272 24361700    0.38%            x477 U 992951 992947     50
 1000861 610341        0.0272     6        0.0273        0.0272 24579036    0.38%             x94 D 1005082 1005078     48
 1009266 614805        cutoff              0.0273        0.0272 24759402    0.38%            x106 U 1013542 1013530     45
 1016527 618549        0.0272    14        0.0273        0.0272 24922099    0.38%            x846 D 1020725 1020721     57
 1025079 624916        0.0272     5        0.0273        0.0272 25146527    0.38%            x682 D 1025771 1025767     51
Elapsed time = 1006.72 sec. (511938.88 ticks, tree = 712.99 MB, solutions = 7)
 1032893 629442        0.0272    10        0.0273        0.0272 25308586    0.38%            x741 D 1033147 1033143     61
 1041545 633184        0.0272     6        0.0273        0.0272 25437000    0.38%            x430 D 1045525 1045521     51
 1049703 638898        cutoff              0.0273        0.0272 25613698    0.38%            x717 U 1053750 1053742     88
 1058420 645624        0.0272     6        0.0273        0.0272 25834389    0.38%            x436 D 1062685 1062681     49
 1066931 650679        0.0272     5        0.0273        0.0272 26006647    0.38%            x780 U 1071177 514300     43
 1075911 654972        0.0272     4        0.0273        0.0272 26149132    0.38%            x668 D 1066868 1066864     68
 1084932 661206        cutoff              0.0273        0.0272 26342366    0.38%            x220 U 1085955 1085947     53
 1093329 666325        0.0272     6        0.0273        0.0272 26516742    0.38%            x340 D 1094847 1094843     45
 1102251 671373        cutoff              0.0273        0.0272 26669430    0.38%            x355 U 1093212  62531     40
 1109795 676980        cutoff              0.0273        0.0272 26865214    0.38%            x441 U 1110423 1110411     61
Elapsed time = 1092.25 sec. (550089.08 ticks, tree = 775.34 MB, solutions = 7)
 1117793 682456        0.0272     8        0.0273        0.0272 27100508    0.38%            x109 D 1121398 1121394     49
 1125893 685950        0.0272     6        0.0273        0.0272 27224202    0.38%            x340 D 1116836 1116832     46
 1133931 690238        0.0272     7        0.0273        0.0272 27400747    0.38%            x528 U 1137534 118380     50
 1141138 695639        cutoff              0.0273        0.0272 27628997    0.37%            x865 D 1141963 1141959     54
 1147885 699192        0.0272    11        0.0273        0.0272 27837880    0.37%            x478 D 1148851 1148847     71
 1155829 702766        cutoff              0.0273        0.0272 27989741    0.37%            x687 U 1159334 1159326     64
 1163326 706483        0.0272     5        0.0273        0.0272 28170159    0.37%            x112 D 1167421 1167417     45
 1170950 710765        0.0272     9        0.0273        0.0272 28368371    0.37%            x709 D 1174801 1174797     47
 1179403 716130        0.0272     5        0.0273        0.0272 28580580    0.37%            x676 D 1181906 1181902     57
 1187734 720600        0.0272     5        0.0273        0.0272 28732661    0.37%            x436 D 1189687 1189683     58
Elapsed time = 1171.98 sec. (588242.50 ticks, tree = 829.64 MB, solutions = 7)
 1197223 726272        0.0272     6        0.0273        0.0272 28890096    0.37%            x106 D 1188796 1188792     51
 1204467 732354        0.0272     6        0.0273        0.0272 29109310    0.37%            x702 D 1208673 1208669     43
 1211700 735931        0.0272     8        0.0273        0.0272 29267474    0.37%            x427 D 1203904 1203900     56
 1219728 740542        0.0272     6        0.0273        0.0272 29495172    0.37%            x448 D 1221011 1221007     60
 1227675 744954        cutoff              0.0273        0.0272 29679745    0.37%            x100 U 1219712 1219708     48
 1234987 749256        0.0272     7        0.0273        0.0272 29863796    0.37%            x840 D 1236802 1236798     45
 1242285 752896        0.0272     5        0.0273        0.0272 30050966    0.37%            x694 D 1247605 1247601     58
 1250798 757552        0.0272     5        0.0273        0.0272 30232464    0.37%            x112 D 1252267 1252263     53
 1258987 761891        0.0272     8        0.0273        0.0272 30388854    0.37%            x486 D 1260854 1260850     67
 1267291 768720        cutoff              0.0273        0.0272 30613768    0.37%           x1138 U 1257596 1257584     57
Elapsed time = 1248.89 sec. (626393.07 ticks, tree = 881.33 MB, solutions = 7)
 1275238 773296        0.0272     9        0.0273        0.0272 30788062    0.37%            x434 D 1276826 1276822     54
 1283141 778121        0.0273    11        0.0273        0.0272 30990616    0.37%            x716 D 1284902 1284898     77
 1290762 780576        0.0272     6        0.0273        0.0272 31104564    0.37%             x35 U 1296705 1296701     56
 1298124 785820        0.0272     4        0.0273        0.0272 31385632    0.37%            x704 U 1300627 833566     57
 1306143 789222        cutoff              0.0273        0.0272 31566563    0.37%           x1144 D 1307882 1307878     63
 1314411 792639        0.0273     7        0.0273        0.0272 31685918    0.37%            x480 D 1315862 1315858     61
 1323211 798985        0.0272     8        0.0273        0.0272 31911442    0.36%            x685 D 1312712 1312708     55
 1332075 805078        cutoff              0.0273        0.0272 32109676    0.36%             x94 U 1321776 1321768     46
 1340419 809649        cutoff              0.0273        0.0272 32306532    0.36%            x468 U 1342182 1342174     61
 1347846 812836        0.0272    10        0.0273        0.0272 32461869    0.36%            x674 D 1336800 1336796     55
Elapsed time = 1328.66 sec. (664542.78 ticks, tree = 928.92 MB, solutions = 7)
 1356211 816402        cutoff              0.0273        0.0272 32628034    0.36%            x670 U 1361961 159213     75
 1364921 822205        cutoff              0.0273        0.0272 32841529    0.36%            x715 U 1370841 1370833     57
 1372523 826138        0.0272    10        0.0273        0.0272 32987696    0.36%            x439 D 1374374 1374370     53
 1380282 830908        0.0273     8        0.0273        0.0272 33228643    0.36%            x447 D 1369000 1368996     73
 1387354 834841        0.0272     8        0.0273        0.0272 33463726    0.36%            x522 U 1376232 1376228     54
 1395336 837170        0.0272    10        0.0273        0.0272 33570416    0.36%            x936 U 1397122 1397118     56
 1402985 841582        0.0272     9        0.0273        0.0272 33805065    0.36%            x447 D 1404766 1404762     64
 1410605 845283        0.0273     5        0.0273        0.0272 33999442    0.36%            x682 D 1413599 1413595     54
 1418472 849740        0.0272     8        0.0273        0.0272 34241907    0.36%            x498 U 1421647 1421643     58
 1425946 853446        cutoff              0.0273        0.0272 34435039    0.36%            x691 D 1427426 1427422     60
Elapsed time = 1409.23 sec. (702692.96 ticks, tree = 981.53 MB, solutions = 7)
 1433248 857589        0.0273     8        0.0273        0.0272 34640204    0.36%            x687 D 1440477 1440473     53
 1439539 859451        0.0272    11        0.0273        0.0272 34772069    0.36%            x720 D 1442783 1442775     57
 1447128 863077        0.0272     4        0.0273        0.0272 35010142    0.36%            x355 D 1435196 1435192     62
 1454227 866714        0.0272     6        0.0273        0.0272 35194604    0.36%            x106 D 1460941 1460933     50
 1461640 872123        0.0272     6        0.0273        0.0272 35494290    0.36%             x94 D 1450104 1450100     42
 1468915 874915        0.0272    10        0.0273        0.0272 35634601    0.36%            x468 D 1457340 1457332     57
 1475679 878665        0.0272     6        0.0273        0.0272 35842954    0.36%            x106 D 1477338 1477334     51
 1483570 881588        cutoff              0.0273        0.0272 35980384    0.36%            x220 D 1484990 1484986     51
 1491343 885656        0.0272     7        0.0273        0.0272 36165502    0.36%            x720 D 1494375 1494371     54
 1499460 890428        0.0272    10        0.0273        0.0272 36355867    0.36%            x750 D 1487440 1487380     49
Elapsed time = 1480.11 sec. (740843.51 ticks, tree = 1021.16 MB, solutions = 7)
 1507193 896691        0.0272     8        0.0273        0.0272 36566530    0.36%            x441 D 1495740 1495736     51
 1514341 899631        0.0272     6        0.0273        0.0272 36702581    0.36%            x340 D 1502576 1502572     49
 1521682 904380        0.0272    11        0.0273        0.0272 36936035    0.36%            x762 D 1510144 1358354     49
 1528930 907135        cutoff              0.0273        0.0272 37074712    0.36%            x441 U 1517216 1517208     43
 1535331 911527        cutoff              0.0273        0.0272 37348526    0.36%            x868 U 1538827 1538819     54
 1543297 914403        cutoff              0.0273        0.0272 37492396    0.36%           x1162 D 1547223 1547219     61
 1551627 921086        0.0272     9        0.0273        0.0272 37704031    0.36%            x480 D 1555411 1555403     64
 1560059 924124        0.0272     8        0.0273        0.0272 37828643    0.35%             x93 D 1548620 1548612     52
 1567723 928673        0.0272     5        0.0273        0.0272 38014265    0.35%            x112 D 1574289 1574285     44
 1575523 933203        0.0272     6        0.0273        0.0272 38224552    0.35%             x94 D 1579535 1579531     47
Elapsed time = 1555.23 sec. (778995.70 ticks, tree = 1067.01 MB, solutions = 7)
 1583265 938154        cutoff              0.0273        0.0272 38439615    0.35%            x702 U 1571828 1077570     52
 1590644 940451        0.0272     6        0.0273        0.0272 38566882    0.35%            x100 D 1591482 1591474     44
 1599893 946538        0.0272    11        0.0273        0.0272 38790279    0.35%            x516 D 1600422 1600414     43
 1607388 950907        cutoff              0.0273        0.0272 38958651    0.35%            x100 U 1594648  75565     34
 1614235 955689        cutoff              0.0273        0.0272 39218750    0.35%            x465 U 1601092 737781     45
 1621136 958905        0.0272    13        0.0273        0.0272 39389565    0.35%            x470 D 1625995 1625991     59
 1629072 961283        0.0272     5        0.0273        0.0272 39516945    0.35%            x682 D 1616528 1616524     51
 1637537 967539        0.0272     5        0.0273        0.0272 39744035    0.35%            x670 D 1624572 1624568     56
 1645212 971659        cutoff              0.0273        0.0272 39940204    0.35%            x446 U 1651513 325942     62
 1653220 974964        0.0272     5        0.0273        0.0272 40091666    0.35%            x688 D 1659517 1659513     66
Elapsed time = 1629.12 sec. (817146.98 ticks, tree = 1111.65 MB, solutions = 7)
 1660838 978229        0.0272     5        0.0273        0.0272 40234583    0.35%            x676 D 1667189 1667185     57
 1668886 983105        0.0272     7        0.0273        0.0272 40458830    0.35%            x457 U 1673539 1673535     63
 1676198 988232        0.0272     2        0.0273        0.0272 40719563    0.35%            x859 D 1680479 1680475     49
 1683213 991769        0.0272    13        0.0273        0.0272 40894861    0.35%            x774 U 1690097 1690093     47
 1690412 995508        cutoff              0.0273        0.0272 41110788    0.35%            x106 U 1677208 1677196     52
 1698045 998796        cutoff              0.0273        0.0272 41299023    0.35%            x522 U 1702135 1702131     52
 1706928 1002714        0.0272     6        0.0273        0.0272 41439279    0.35%            x430 D 1711015 1711007     49
 1716174 1007352        0.0272     6        0.0273        0.0272 41562578    0.35%            x430 D 1719479 1719475     51
 1726033 1015945        0.0272     5        0.0273        0.0272 41775294    0.35%            x510 U 1729475 1729471     48
 1735222 1021256        0.0272    10        0.0273        0.0272 41907134    0.35%            x118 D 1738635 1738631     39
Elapsed time = 1702.02 sec. (855297.45 ticks, tree = 1171.92 MB, solutions = 7)
 1743900 1028832        0.0273     6        0.0273        0.0272 42131547    0.35%           x1156 D 1747207 1747203     61
 1752471 1033497        cutoff              0.0273        0.0272 42284232    0.35%            x106 U 1755811 1755803     57
 1760029 1037012        cutoff              0.0273        0.0272 42423719    0.35%            x687 U 1763403 1763395     69
 1767767 1041480        cutoff              0.0273        0.0272 42625643    0.35%            x846 U 1770750 1770742     61
 1776188 1044422        0.0272     8        0.0273        0.0272 42752967    0.35%            x451 D 1784033 1784029     46
 1784083 1049796        cutoff              0.0273        0.0272 42992952    0.35%            x358 D 1787551 1787543     59
 1791274 1054313        0.0273     6        0.0273        0.0272 43233176    0.35%           x1138 D 1776940 1776936     58
 1799170 1056738        0.0272     6        0.0273        0.0272 43358053    0.35%            x430 D 1802710 1802706     50
 1807437 1060775        0.0272    10        0.0273        0.0272 43543211    0.34%            x786 U 1793260 1793256     53
 1815583 1067454        0.0272    10        0.0273        0.0272 43811385    0.34%            x516 D 1801384 1801376     49
Elapsed time = 1779.39 sec. (893447.56 ticks, tree = 1221.26 MB, solutions = 7)
 1822519 1070297        0.0272     9        0.0273        0.0272 43975927    0.34%            x702 D 1808484 1808480     46
 1830460 1074660        cutoff              0.0273        0.0272 44176189    0.34%            x747 U 1838085 562324     52
 1838328 1077276        cutoff              0.0273        0.0272 44307992    0.34%            x687 D 1841183 1841179     73
 1845994 1081745        0.0272    11        0.0273        0.0272 44515071    0.34%            x462 U 1849710 1849706     49
 1853794 1085291        0.0272    11        0.0273        0.0272 44661753    0.34%            x675 D 1857438 1857434     55
 1861691 1090670        0.0272    13        0.0273        0.0272 44897989    0.34%            x534 U 1870077 492858     43
 1868874 1093796        0.0273     4        0.0273        0.0272 45062030    0.34%            x681 D 1877305 1877301     67
 1876380 1096731        cutoff              0.0273        0.0272 45221450    0.34%            x427 U 1884837 1884833     53
 1885426 1102328        0.0272     5        0.0273        0.0272 45483496    0.34%            x676 D 1893753 1893749     57
 1895102 1109778        0.0272     5        0.0273        0.0272 45653671    0.34%            x702 U 1878828 1878824     46
Elapsed time = 1862.17 sec. (931596.28 ticks, tree = 1266.95 MB, solutions = 7)
 1903558 1114152        0.0272    10        0.0273        0.0272 45766742    0.34%            x516 U 1907674 1679121     50
 1911175 1119168        0.0272     8        0.0273        0.0272 45975019    0.34%            x723 D 1913971 1913967     58
 1917389 1122910        0.0272    11        0.0273        0.0272 46221344    0.34%            x740 D 1901116 1901112     66
 1924541 1125742        cutoff              0.0273        0.0272 46424108    0.34%            x745 U 1927667 1927655     55
 1932296 1129107        0.0272     7        0.0273        0.0272 46626098    0.34%            x930 D 1941001 1940997     72
 1937747 1130388        cutoff              0.0273        0.0272 46753143    0.34%            x780 U 1920708 1920704     60
 1942801 1132042        cutoff              0.0273        0.0272 47102838    0.34%            x744 U 1925840 1925836     59
 1947794 1132583        0.0272    10        0.0273        0.0272 47318547    0.34%            x492 D 1930752 1930744     58
 1952595 1133184        cutoff              0.0273        0.0272 47603750    0.34%            x522 U 1961589 1961585     57
 1957522 1133656        cutoff              0.0273        0.0272 47900017    0.34%            x744 U 1940296 1940292     58
Elapsed time = 1919.20 sec. (969750.02 ticks, tree = 1293.03 MB, solutions = 7)
 1962988 1134497        cutoff              0.0273        0.0272 48108910    0.34%            x486 U 1945852 1945848     63
 1969801 1136401        cutoff              0.0273        0.0272 48345517    0.34%            x762 U 1973423 1973419     68
 1977734 1138554        0.0272     5        0.0273        0.0272 48562398    0.34%            x682 D 1987165 1987161     57
 1984360 1140982        0.0272    10        0.0273        0.0272 48752339    0.34%            x522 D 1993713 1993705     48
 1988550 1142897        0.0272     2        0.0273        0.0272 48994520    0.34%            x103 D 1993366 1993358     41
 1995654 1145165        0.0272     9        0.0273        0.0272 49301164    0.34%            x492 U 2004669 1861763     49
 2003843 1148676        0.0273     5        0.0273        0.0272 49513145    0.34%            x670 D 2008506 2008502     59
 2012148 1152903        0.0272     9        0.0273        0.0272 49748564    0.34%            x474 D 2016319 1930983     49
 2018600 1156304        0.0272    11        0.0273        0.0272 49950981    0.34%            x674 D 2028421 2028417     51
 2023754 1157503        0.0272     6        0.0273        0.0272 50166315    0.33%            x340 D 2032497 2032493     41
Elapsed time = 1987.17 sec. (1007901.75 ticks, tree = 1318.83 MB, solutions = 7)
 2031638 1161058        0.0272     5        0.0273        0.0272 50388480    0.33%            x498 U 2036170 636242     39
 2038736 1163975        0.0273     6        0.0273        0.0272 50570457    0.33%            x220 D 2043218 2043214     60
 2046061 1167634        0.0272     8        0.0273        0.0272 50818292    0.33%            x786 D 2051439 2051435     48
 2053121 1171850        cutoff              0.0273        0.0272 51129847    0.33%           x1155 U 2058247 2058235     83
 2061935 1175422        cutoff              0.0273        0.0272 51297824    0.33%            x220 D 2067175 2067171     54
 2070023 1180273        0.0272     5        0.0273        0.0272 51519771    0.33%            x676 D 2074402 2074398     46
 2077717 1183193        0.0272     8        0.0273        0.0272 51693826    0.33%            x492 U 2082174 2082170     36
 2085166 1186471        cutoff              0.0273        0.0272 51904417    0.33%            x862 U 2065720 1154170     40
 2092614 1189710        0.0272     8        0.0273        0.0272 52152099    0.33%            x722 U 2101901 2101897     78
 2099371 1192113        0.0272    10        0.0273        0.0272 52337400    0.33%            x106 D 2108813 2108809     52
Elapsed time = 2066.48 sec. (1046052.92 ticks, tree = 1368.55 MB, solutions = 7)
 2107224 1194681        cutoff              0.0273        0.0272 52517841    0.33%            x724 U 2116701 2116693     58
 2114858 1197201        cutoff              0.0273        0.0272 52702578    0.33%            x704 U 2124373 652278     45
 2123143 1201867        0.0272    11        0.0273        0.0272 53009950    0.33%            x468 D 2132589 2132585     60
 2132646 1205722        cutoff              0.0273        0.0272 53175596    0.33%            x220 U 2142105 2142097     56
 2141548 1211202        cutoff              0.0273        0.0272 53355253    0.33%            x220 U 2146270 2146262     57
 2150046 1217380        0.0272     6        0.0273        0.0272 53543635    0.33%            x100 D 2155135 2155131     55
 2158543 1221925        0.0272     6        0.0273        0.0272 53673202    0.33%             x94 D 2163583 2163579     57
 2167234 1228783        cutoff              0.0273        0.0272 53875030    0.33%            x106 U 2148712 2148700     54
 2175114 1233793        0.0272     5        0.0273        0.0272 54043042    0.33%            x112 D 2180487 2180483     56
 2182706 1237573        0.0272    10        0.0273        0.0272 54219009    0.33%            x715 D 2191233 2191229     53
Elapsed time = 2139.50 sec. (1084203.61 ticks, tree = 1417.51 MB, solutions = 7)
 2190144 1240652        0.0272     6        0.0273        0.0272 54416263    0.33%             x99 D 2194854 2194846     63
 2198156 1243426        0.0272    13        0.0273        0.0272 54621313    0.33%            x471 D 2179644 2179640     54
 2205588 1246167        0.0273     6        0.0273        0.0272 54797743    0.33%            x100 D 2187032 2187028     47
 2213280 1249600        cutoff              0.0273        0.0272 55032569    0.33%             x91 U 2222057 2222053     47
 2217310 1252436        cutoff              0.0273        0.0272 55335667    0.33%            x471 U 2221999 1002926     41
 2224459 1253906        0.0272     6        0.0273        0.0272 55497345    0.33%            x436 D 2206240 2206236     50
 2232983 1256843        0.0273     5        0.0273        0.0272 55679715    0.33%            x694 D 2215172 2215168     56
 2241716 1261772        0.0272     9        0.0273        0.0272 55905098    0.32%            x706 D 2250809 2250805     54
 2249662 1265148        cutoff              0.0273        0.0272 56074550    0.32%             x98 U 2259073 2259069     79
 2256880 1270262        cutoff              0.0273        0.0272 56371737    0.32%            x723 U 2266465 2266457     56
Elapsed time = 2213.48 sec. (1122358.88 ticks, tree = 1452.57 MB, solutions = 7)
 2262677 1273281        0.0272    10        0.0273        0.0272 56637098    0.32%            x723 D 2245024 2245020     47
 2269988 1275864        0.0272     9        0.0273        0.0272 56826800    0.32%            x472 D 2252300 2252296     66
 2277258 1279919        0.0272     5        0.0273        0.0272 57074361    0.32%            x112 D 2285817 2285813     50
 2284735 1283194        0.0272    10        0.0273        0.0272 57288660    0.32%            x462 U 2290562 2290558     53
 2291925 1284885        cutoff              0.0273        0.0272 57405732    0.32%            x498 U 2295359 2295355     55
 2299395 1288227        cutoff              0.0273        0.0272 57656773    0.32%            x709 U 2305098 1146917     52
 2306747 1291295        cutoff              0.0273        0.0272 57910428    0.32%            x691 D 2310123 2310119     61
 2314072 1295055        0.0272     2        0.0273        0.0272 58192031    0.32%            x465 U 2296756 2296748     56
 2321242 1297733        0.0272     7        0.0273        0.0272 58408114    0.32%             x35 U 2324451 2324447     51
 2328446 1300034        cutoff              0.0273        0.0272 58595229    0.32%            x105 U 2331919 2331915     61
Elapsed time = 2285.52 sec. (1160509.59 ticks, tree = 1484.70 MB, solutions = 7)
 2335755 1302698        cutoff              0.0273        0.0272 58810575    0.32%            x100 U 2344277 378922     44
 2342583 1305128        cutoff              0.0273        0.0272 59039693    0.32%            x907 U 2347674 912183     51
 2350282 1307619        0.0272    13        0.0273        0.0272 59225440    0.32%            x471 D 2355302 2355298     56
 2358203 1311225        0.0272     8        0.0273        0.0272 59470086    0.32%            x337 D 2362143 2362139     65
 2365910 1315081        cutoff              0.0273        0.0272 59736839    0.32%             x92 U 2348568 1825714     49
 2374446 1317915        cutoff              0.0273        0.0272 59915423    0.32%            x220 D 2357056 2357052     63
 2383481 1321820        0.0272     8        0.0273        0.0272 60077659    0.32%            x439 D 2366064 2366060     51
 2393466 1326739        0.0272    10        0.0273        0.0272 60261447    0.32%            x534 D 2396943 1948288     43
 2402036 1333279        cutoff              0.0273        0.0272 60489194    0.32%            x756 U 2384312 2384300     61
 2409370 1336379        0.0272     8        0.0273        0.0272 60676646    0.32%            x355 D 2412867 2412863     50
Elapsed time = 2363.56 sec. (1198660.29 ticks, tree = 1523.81 MB, solutions = 7)
 2417729 1338541        cutoff              0.0273        0.0272 60818396    0.32%             x36 U 2400148 2400140     58
 2424916 1343118        cutoff              0.0273        0.0272 61111824    0.32%            x714 U 2407512 2407508     57
 2432520 1346887        0.0272     6        0.0273        0.0272 61314642    0.32%            x106 D 2436527 2436523     59
 2440057 1349467        0.0272     3        0.0273        0.0272 61526858    0.32%            x716 U 2447949 2447941     60
 2448053 1352216        0.0272     8        0.0273        0.0272 61743586    0.32%            x451 D 2453814 2453810     50
 2457376 1357350        cutoff              0.0273        0.0272 61967238    0.32%            x846 U 2461119 2461111     58
 2465660 1359504        0.0272     8        0.0273        0.0272 62079193    0.32%            x355 D 2471158 2471154     47
 2472452 1363484        cutoff              0.0273        0.0272 62350280    0.32%            x486 D 2480833 2480829     59
 2479021 1365457        0.0272     9        0.0273        0.0272 62540939    0.32%            x534 D 2487617 2487613     66
 2486992 1368328        0.0273     7        0.0273        0.0272 62792739    0.31%           x1156 D 2470012 2470008     60
Elapsed time = 2441.59 sec. (1236811.44 ticks, tree = 1558.71 MB, solutions = 7)
 2495157 1371346        cutoff              0.0273        0.0272 63002404    0.31%            x691 U 2498007 2497999     53
 2502931 1374865        cutoff              0.0273        0.0272 63249665    0.31%             x97 U 2508738 2508730     53
 2509768 1377102        0.0272    10        0.0273        0.0272 63426918    0.31%            x534 U 2515870 2515866     46
 2515417 1378550        0.0272     6        0.0273        0.0272 63625523    0.31%            x340 D 2521598 2521594     42
 2522706 1380622        0.0272     6        0.0273        0.0272 63888834    0.31%             x94 D 2525843 2525839     48
 2530432 1383972        cutoff              0.0273        0.0272 64169729    0.31%            x100 U 2513412 294774     34
 2538033 1386613        0.0272     8        0.0273        0.0272 64388538    0.31%            x355 D 2541007 2541003     51
 2546594 1390927        0.0273    10        0.0273        0.0272 64621648    0.31%            x219 D 2551650 2551646     63
 2555990 1394762        0.0272     9        0.0273        0.0272 64755157    0.31%            x492 D 2564817 1754738     42
 2564251 1399595        0.0272     6        0.0273        0.0272 64904122    0.31%            x106 D 2573341 2573337     50
Elapsed time = 2512.91 sec. (1274964.45 ticks, tree = 1592.52 MB, solutions = 7)
 2572934 1407245        cutoff              0.0273        0.0272 65131179    0.31%            x220 D 2582185 2582181     57
 2581504 1412800        0.0272     5        0.0273        0.0272 65294838    0.31%            x112 D 2585850 2585846     52
 2589971 1419055        0.0272     5        0.0273        0.0272 65478683    0.31%            x676 D 2593387 2593383     60
 2598212 1422029        0.0272     6        0.0273        0.0272 65572101    0.31%            x106 D 2603058 2603054     54
 2606318 1427830        cutoff              0.0273        0.0272 65758945    0.31%            x516 U 2610035 2610031     51
 2613610 1431094        cutoff              0.0273        0.0272 65912767    0.31%            x434 U 2617275 107300     50
 2620476 1434488        0.0272     7        0.0273        0.0272 66140068    0.31%             x36 U 2625690 2625686     55
 2628693 1437593        0.0272     2        0.0273        0.0272 66335687    0.31%            x540 U 2612172 2612168     47
 2637610 1443535        cutoff              0.0273        0.0272 66621445    0.31%            x219 U 2621084 2621076     60
 2645389 1446537        cutoff              0.0273        0.0272 66795330    0.31%            x768 U 2628920 2628916     45
Elapsed time = 2583.77 sec. (1313114.25 ticks, tree = 1658.26 MB, solutions = 7)
 2652235 1448785        cutoff              0.0273        0.0272 66975526    0.31%            x103 U 2635824 2635820     54
 2659466 1451866        0.0272    13        0.0273        0.0272 67227061    0.31%            x786 U 2668621 443097     60
 2667199 1455417        cutoff              0.0273        0.0272 67442951    0.31%            x100 U 2670794 2670786     51
 2675121 1459110        cutoff              0.0273        0.0272 67687469    0.31%            x220 D 2679327 2679323     59
 2683301 1462267        0.0273     8        0.0273        0.0272 67894492    0.31%            x441 D 2692281 2692273     62
 2691827 1466113        cutoff              0.0273        0.0272 68102984    0.31%            x100 U 2694946 2694938     62
 2701096 1469212        0.0272     8        0.0273        0.0272 68230613    0.31%            x468 D 2709933 2709929     57
 2709040 1473801        cutoff              0.0273        0.0272 68454876    0.31%            x868 U 2693104 2693096     64
 2717338 1477504        0.0272     9        0.0273        0.0272 68686883    0.31%             x99 D 2726393 2726385     66
 2724332 1480631        0.0272    10        0.0273        0.0272 68967013    0.31%            x705 D 2728451 2728447     55
Elapsed time = 2662.81 sec. (1351269.48 ticks, tree = 1695.07 MB, solutions = 7)
 2731911 1482625        0.0272     5        0.0273        0.0272 69153392    0.31%            x112 D 2736255 2736251     58
 2740640 1486080        0.0272     3        0.0273        0.0272 69319652    0.31%            x472 U 2745055 853896     56
 2749872 1490536        0.0272     5        0.0273        0.0272 69516829    0.31%            x670 D 2759457 2759453     50
 2758992 1495905        0.0272     9        0.0273        0.0272 69697631    0.31%            x448 D 2762034 2762030     57
 2768118 1503252        0.0272     5        0.0273        0.0272 69902310    0.31%            x682 D 2777981 2777977     50
 2777243 1508165        0.0273     6        0.0273        0.0272 70035914    0.31%            x220 D 2787233 2787229     58
 2785010 1512346        0.0272     2        0.0273        0.0272 70176990    0.31%            x427 D 2795273 2795265     51
 2792028 1515874        0.0272     9        0.0273        0.0272 70351370    0.31%            x451 D 2794238 2794234     59
 2799184 1518555        0.0272     7        0.0273        0.0272 70585976    0.31%             x36 U 2804075 2804071     58
 2807839 1521192        0.0272     8        0.0273        0.0272 70833288    0.31%            x840 D 2811194 2811190     54
Elapsed time = 2736.81 sec. (1389418.78 ticks, tree = 1738.52 MB, solutions = 7)
 2815494 1523654        0.0272     6        0.0273        0.0272 71013915    0.31%            x909 D 2818526 2818522     53
 2823139 1526126        cutoff              0.0273        0.0272 71234049    0.31%            x489 U 2806064 1216023     50
 2830862 1528967        0.0272     8        0.0273        0.0272 71548564    0.30%            x110 D 2813908 2813904     52
 2839097 1531327        0.0272     8        0.0273        0.0272 71759615    0.30%            x439 D 2843663 2843659     61
 2847359 1533841        0.0272     6        0.0273        0.0272 71932584    0.30%             x94 D 2852015 2852011     51
 2856772 1536824        0.0272    12        0.0273        0.0272 72107847    0.30%            x479 D 2861599 2861595     71
 2864386 1540675        cutoff              0.0273        0.0272 72308890    0.30%            x224 D 2874109 2874105     59
 2872066 1543390        0.0272     4        0.0273        0.0272 72514143    0.30%            x692 D 2874606 2874602     57
 2879629 1546959        0.0272     5        0.0273        0.0272 72821709    0.30%            x676 D 2882154 2882150     58
 2885637 1548495        0.0272     8        0.0273        0.0272 73018291    0.30%            x451 D 2888138 2888134     58
Elapsed time = 2811.50 sec. (1427569.35 ticks, tree = 1767.88 MB, solutions = 7)
 2892152 1550149        0.0273     9        0.0273        0.0272 73251187    0.30%            x679 D 2875708 2875704     67
 2900120 1553101        0.0272     8        0.0273        0.0272 73525804    0.30%            x357 D 2902154 2902150     67
 2908619 1555544        0.0272    11        0.0273        0.0272 73703431    0.30%            x468 D 2910326 2910322     70
 2915766 1558516        cutoff              0.0273        0.0272 73954316    0.30%            x718 U 2920791 2920783     65
 2921427 1559176        cutoff              0.0273        0.0272 74125070    0.30%            x762 U 2904892 2904888     49
 2926920 1559541        cutoff              0.0273        0.0272 74366934    0.30%            x534 U 2932195 2932191     43
 2932243 1559907        0.0272    12        0.0273        0.0272 74648922    0.30%            x717 U 2933594 1814069     50
 2938613 1560611        0.0272     9        0.0273        0.0272 74896119    0.30%            x862 D 2922316 2922312     46
 2946270 1562234        0.0272     4        0.0273        0.0272 75086482    0.30%            x675 D 2930076 2930072     51
 2954277 1564420        0.0272     8        0.0273        0.0272 75300176    0.30%            x675 D 2959871 2959867     53
Elapsed time = 2873.27 sec. (1465723.21 ticks, tree = 1785.23 MB, solutions = 7)
 2963609 1568536        0.0272     6        0.0273        0.0272 75564886    0.30%             x99 D 2947564 2947556     60
 2972336 1571958        0.0272     8        0.0273        0.0272 75758400    0.30%            x337 D 2977247 2977243     51
 2980612 1575832        0.0272     2        0.0273        0.0272 75985081    0.30%            x103 D 2982138 2982134     55
 2988157 1577438        0.0272     9        0.0273        0.0272 76138945    0.30%            x840 D 2998041 2998037     59
 2996330 1581095        cutoff              0.0273        0.0272 76445960    0.30%            x705 U 3006365 826453     50
 3005698 1586551        cutoff              0.0273        0.0272 76663565    0.30%            x220 D 2989496 2989492     59
 3015087 1591195        0.0272     5        0.0273        0.0272 76816687    0.30%            x682 D 2999000 2998996     57
 3023246 1594887        0.0273     6        0.0273        0.0272 77003907    0.30%            x694 D 3028415 3028411     55
 3031713 1597629        0.0272     2        0.0273        0.0272 77174789    0.30%             x98 D 3036883 3036875     61
 3040644 1600146        0.0272     2        0.0273        0.0272 77350908    0.30%            x103 D 3046115 3046107     55
Elapsed time = 2949.38 sec. (1503872.59 ticks, tree = 1823.66 MB, solutions = 7)
 3049544 1603949        cutoff              0.0273        0.0272 77549586    0.30%            x717 D 3058661 3058657     62
 3057697 1608081        0.0272     6        0.0273        0.0272 77780353    0.30%            x840 D 3041732 3041728     54
 3064926 1610531        0.0272     8        0.0273        0.0272 78019125    0.30%            x337 D 3073949 3073945     53
 3073613 1613589        0.0272     5        0.0273        0.0272 78218224    0.30%            x676 D 3075442 3075438     53
 3082436 1619452        0.0272     5        0.0273        0.0272 78439940    0.30%            x504 U 3088495 3088491     45
 3091163 1625443        cutoff              0.0273        0.0272 78626555    0.30%            x220 D 3093166 3093162     66
 3099516 1630757        0.0272    10        0.0273        0.0272 78800410    0.30%            x100 D 3082904 3082900     52
 3107572 1633609        0.0273     6        0.0273        0.0272 78922344    0.30%            x111 D 3109590 3109582     57
 3115601 1637761        0.0272     6        0.0273        0.0272 79166307    0.30%            x106 D 3124229 3124225     47
 3124070 1640817        0.0272     8        0.0273        0.0272 79364879    0.30%            x439 D 3125790 3125782     53
Elapsed time = 3019.53 sec. (1542022.84 ticks, tree = 1867.47 MB, solutions = 7)
 3132428 1643921        cutoff              0.0273        0.0272 79534685    0.30%            x219 D 3134162 3134158     67
 3140423 1647273        0.0272     6        0.0273        0.0272 79772310    0.30%             x94 D 3147019 3147015     50
 3148878 1650791        0.0272     6        0.0273        0.0272 80045664    0.30%            x106 D 3131072 3131064     46
 3157805 1652602        0.0272     6        0.0273        0.0272 80154153    0.30%            x106 D 3167077 3167073     44
 3166898 1656329        0.0272     5        0.0273        0.0272 80345316    0.29%            x676 D 3168814 3168810     50
 3175431 1660353        0.0272     9        0.0273        0.0272 80546419    0.29%            x522 D 3157812 3157808     61
 3183466 1663913        0.0273     6        0.0273        0.0272 80781150    0.29%            x694 D 3192289 3192285     55
 3191977 1667729        cutoff              0.0273        0.0272 81014741    0.29%            x337 U 3174768 3174760     52
 3200894 1671744        0.0272     6        0.0273        0.0272 81243046    0.29%            x340 D 3210077 619841     38
 3209767 1673966        cutoff              0.0273        0.0272 81377238    0.29%            x715 U 3216167 3216159     54
Elapsed time = 3100.55 sec. (1580172.61 ticks, tree = 1903.00 MB, solutions = 7)
 3217340 1677641        0.0272    10        0.0273        0.0272 81647179    0.29%            x723 D 3199880 3199876     52
 3224973 1679057        cutoff              0.0273        0.0272 81790110    0.29%            x334 U 3226626 3226618     57
 3233027 1683597        0.0272     6        0.0273        0.0272 82119985    0.29%            x212 D 3214656 3214652     51
 3241116 1685795        0.0272    12        0.0273        0.0272 82299875    0.29%            x477 D 3222760 3222736     59
 3248952 1688987        cutoff              0.0273        0.0272 82541373    0.29%            x724 U 3258197 3258189     68
 3256572 1690278        0.0272     8        0.0273        0.0272 82658529    0.29%            x534 D 3238140 3238136     53
 3264657 1692612        0.0273     5        0.0273        0.0272 82892774    0.29%            x688 D 3273673 3273669     51
 3273980 1696849        0.0272    11        0.0273        0.0272 83114526    0.29%            x510 U 3256560 3256556     46
 3281243 1699124        cutoff              0.0273        0.0272 83247825    0.29%            x218 D 3283222 3283218     78
 3288845 1703161        0.0272     9        0.0273        0.0272 83586084    0.29%            x702 D 3270736 3270732     47
Elapsed time = 3174.30 sec. (1618322.74 ticks, tree = 1952.71 MB, solutions = 7)
 3296709 1705414        0.0272     8        0.0273        0.0272 83759800    0.29%            x439 D 3278388 3278380     49
 3303627 1707367        cutoff              0.0273        0.0272 83934803    0.29%             x99 U 3285700 3285696     61
 3311451 1709827        0.0272     6        0.0273        0.0272 84183749    0.29%            x430 D 3320765 3320761     52
 3320057 1712743        0.0272     5        0.0273        0.0272 84424688    0.29%            x112 D 3302020 3302016     48
 3328153 1714500        0.0272     6        0.0273        0.0272 84560592    0.29%            x340 D 3330078 3330074     49
 3337079 1718713        0.0272     8        0.0273        0.0272 84847608    0.29%            x474 D 3338970 3338966     54
 3346998 1723034        0.0273     4        0.0273        0.0272 85038398    0.29%           x1153 D 3328324 3328320     70
 3355807 1726056        0.0272     8        0.0273        0.0272 85196236    0.29%            x427 D 3337232 3337228     68
 3363267 1729542        0.0273     5        0.0273        0.0272 85440555    0.29%            x112 D 3372673 3372669     56
 3366238 1731801        0.0272    11        0.0273        0.0272 85612667    0.29%            x471 U 3347756 3140760     48
Elapsed time = 3244.83 sec. (1656475.23 ticks, tree = 1983.62 MB, solutions = 7)
 3368099 1732069        0.0272     8        0.0273        0.0272 85634712    0.29%            x528 U 3376801 3376797     44
 3370099 1732894        0.0273     8        0.0273        0.0272 85699127    0.29%            x441 D 3372802 3372798     66
 3371399 1733311        0.0272     5        0.0273        0.0272 85724641    0.29%            x682 D 3373602 3373598     54
 3373323 1733954        0.0273     5        0.0273        0.0272 85771804    0.29%            x112 D 3384097 3384089     54
 3374725 1734496        cutoff              0.0273        0.0272 85821495    0.29%            x753 U 3378030 630388     53
 3376112 1734719        cutoff              0.0273        0.0272 85875845    0.29%            x753 U 3386453 1563566     61
 3377411 1735097        0.0272     9        0.0273        0.0272 85913605    0.28%            x768 D 3360588 3360584     60
 3379172 1735946        0.0272     9        0.0273        0.0272 85968062    0.28%            x762 D 3383095 3383091     47
 3380524 1736434        cutoff              0.0273        0.0272 85985672    0.28%            x486 D 3390501 3390497     60
 3381791 1736855        0.0272     2        0.0273        0.0272 86011619    0.28%             x98 D 3385170 3385162     64
Elapsed time = 3282.19 sec. (1695142.57 ticks, tree = 1989.05 MB, solutions = 7)
 3383181 1737582        cutoff              0.0273        0.0272 86049624    0.28%            x704 U 3392729 1289834     48
 3384477 1737892        0.0272     6        0.0273        0.0272 86066122    0.28%             x94 D 3367512 3367508     49
 3385467 1738767        0.0272    10        0.0273        0.0272 86108268    0.28%            x540 D 3395473 2875855     43
 3386997 1739204        0.0273     5        0.0273        0.0272 86122520    0.28%            x694 D 3370792 3370788     53
 3387999 1739657        0.0272     6        0.0273        0.0272 86136798    0.28%             x94 D 3398001 3397997     56
 3389170 1740907        0.0272     5        0.0273        0.0272 86173543    0.28%            x762 U 3391038 3391034     48
 3390523 1741427        cutoff              0.0273        0.0272 86191800    0.28%            x103 U 3392746 3392742     53
 3391692 1742103        cutoff              0.0273        0.0272 86222729    0.28%            x865 U 3396263 3396255     66
 3393060 1742809        0.0272     6        0.0273        0.0272 86270077    0.28%            x340 D 3377044 3377040     39
 3394237 1743287        cutoff              0.0273        0.0272 86308030    0.28%            x337 U 3378072 3378064     61
Elapsed time = 3315.84 sec. (1733524.60 ticks, tree = 1995.92 MB, solutions = 7)
 3395665 1743749        0.0272     6        0.0273        0.0272 86343571    0.28%             x94 D 3397466 3397462     55
 3396899 1744174        0.0272     5        0.0273        0.0272 86374785    0.28%            x670 D 3406001 3405997     48
 3398963 1744583        0.0272     6        0.0273        0.0272 86403183    0.28%            x340 D 3404659 3404655     48
 3400125 1745515        cutoff              0.0273        0.0272 86466294    0.28%            x332 U 3384904  28296     59
 3401452 1745697        0.0272     8        0.0273        0.0272 86483298    0.28%            x486 D 3410213 3410209     60
 3402584 1746298        0.0272     5        0.0273        0.0272 86522820    0.28%            x112 D 3407767 3407763     61
 3405194 1746672        0.0272     7        0.0273        0.0272 86564188    0.28%            x726 D 3389828 3389824     64
 3409782 1747614        0.0272    11        0.0273        0.0272 86632645    0.28%            x756 D 3417037 3279291     49
 3413708 1749154        0.0273     6        0.0273        0.0272 86725558    0.28%            x688 D 3398400 3398396     63
 3418299 1750718        0.0273     5        0.0273        0.0272 86830566    0.28%            x688 D 3404000 3403996     54
Elapsed time = 3357.02 sec. (1772047.95 ticks, tree = 2003.89 MB, solutions = 7)
 3422550 1752800        0.0272     6        0.0273        0.0272 86998562    0.28%             x94 D 3428357 3428353     52
 3427318 1754670        0.0272     5        0.0273        0.0272 87165931    0.28%            x112 D 3432479 3432475     56
 3431027 1755319        0.0272     2        0.0273        0.0272 87224011    0.28%            x723 U 3435993 3435985     55
 3434893 1757280        0.0272     6        0.0273        0.0272 87377195    0.28%            x106 D 3439935 3439931     60
 3438901 1759151        0.0272    10        0.0273        0.0272 87563482    0.28%            x714 D 3427692 3427688     67
 3442688 1760530        cutoff              0.0273        0.0272 87645244    0.28%            x220 U 3431556 3431548     58
 3446417 1761242        0.0273     4        0.0273        0.0272 87693715    0.28%            x936 U 3451977 3451973     52
 3450541 1763378        0.0272    12        0.0273        0.0272 87857147    0.28%            x717 D 3455617 3455613     56
 3454557 1765237        cutoff              0.0273        0.0272 87977566    0.28%            x528 U 3455882 3455878     66
 3458405 1767341        0.0272     8        0.0273        0.0272 88087691    0.28%            x706 U 3462427 1515784     54
Elapsed time = 3405.19 sec. (1810200.95 ticks, tree = 2022.12 MB, solutions = 7)
 3462731 1768485        cutoff              0.0273        0.0272 88142445    0.28%            x735 U 3463294 2499125     59
 3467242 1770177        0.0272     8        0.0273        0.0272 88263031    0.28%            x936 U 3455372 3455368     45
 3470976 1771304        0.0272     8        0.0273        0.0272 88357013    0.28%            x702 U 3473767 1260318     49
 3474409 1773244        cutoff              0.0273        0.0272 88537377    0.28%            x506 U 3477711 2444849     54
 3478370 1774418        0.0272     6        0.0273        0.0272 88669309    0.28%            x100 D 3467868 3467864     53
 3482208 1774998        cutoff              0.0273        0.0272 88719250    0.28%            x694 U 3489669 3489661     58
 3486400 1776896        cutoff              0.0273        0.0272 88855106    0.28%             x94 U 3492315 3492307     55
 3490366 1778598        cutoff              0.0273        0.0272 88969074    0.28%            x427 U 3497969 3497965     52
 3494334 1779767        0.0272     6        0.0273        0.0272 89029150    0.28%            x340 D 3502105 3502101     50
 3498203 1782027        0.0273     5        0.0273        0.0272 89147780    0.28%            x112 D 3488816 3488812     62
Elapsed time = 3452.20 sec. (1848363.84 ticks, tree = 2037.87 MB, solutions = 7)
 3501922 1782662        cutoff              0.0273        0.0272 89196767    0.28%            x718 D 3498094 3498090     65
 3505648 1784796        0.0272     4        0.0273        0.0272 89337783    0.28%            x668 D 3495248 3495244     63
 3508471 1786231        0.0273     4        0.0273        0.0272 89439478    0.28%            x692 D 3505082 3505078     84
 3511884 1787413        0.0272     9        0.0273        0.0272 89536738    0.28%            x451 D 3517367 3517363     64
 3518848 1789389        0.0272     6        0.0273        0.0272 89699572    0.28%            x106 D 3509372 3509368     56
 3527509 1791310        cutoff              0.0273        0.0272 89799900    0.28%            x676 D 3523174 3523170     54
 3535859 1794790        cutoff              0.0273        0.0272 90065639    0.28%            x745 U 3526272 3526264     63
 3543876 1797748        0.0272    10        0.0273        0.0272 90302242    0.28%            x540 U 3539342 2516656     54
 3552044 1800742        cutoff              0.0273        0.0272 90524878    0.28%            x726 D 3558183 3558179     57
 3560228 1802005        0.0272     5        0.0273        0.0272 90627470    0.28%            x112 D 3568045 3568041     56
Elapsed time = 3514.88 sec. (1886519.63 ticks, tree = 2059.28 MB, solutions = 7)
Nodefile size = 9.95 MB (5.03 MB after compression)
 3566974 1804606        0.0272     8        0.0273        0.0272 90811112    0.28%            x441 D 3576225 3576221     50
 3573669 1808302        0.0272     4        0.0273        0.0272 91082648    0.28%            x307 U 3563128 3563124     61
 3580687 1811381        0.0272     8        0.0273        0.0272 91320886    0.28%            x522 U 3586927 358112     37
 3588568 1813968        0.0273     5        0.0273        0.0272 91517578    0.28%            x688 D 3578368 3578364     53
 3596504 1815456        0.0272     9        0.0273        0.0272 91622152    0.28%            x484 D 3592398 3592394     68
 3604845 1818374        cutoff              0.0273        0.0272 91805272    0.28%            x103 U 3601030 3601026     45
 3613329 1824349        cutoff              0.0273        0.0272 92143074    0.28%            x103 U 3619723 3619719     45
 3618813 1825578        0.0272     8        0.0273        0.0272 92219349    0.28%            x337 D 3625737 3625733     49
 3626155 1828343        0.0273     8        0.0273        0.0272 92468150    0.28%            x112 D 3632043 3632039     66
 3634809 1830532        cutoff              0.0273        0.0272 92612054    0.28%            x110 U 3626504 3626500     67
Elapsed time = 3584.80 sec. (1924673.33 ticks, tree = 2090.02 MB, solutions = 7)
Nodefile size = 40.82 MB (20.14 MB after compression)
 3644249 1834171        0.0272     6        0.0273        0.0272 92818162    0.28%            x448 D 3650131 3650127     53
 3653212 1837609        0.0272    13        0.0273        0.0272 93033861    0.28%            x712 D 3648846 3648810     52

Cover cuts applied:  8

Root node processing (before b&c):
  Real time             =    0.38 sec. (388.62 ticks)
Parallel b&c, 4 threads:
  Real time             = 3600.25 sec. (1932867.39 ticks)
  Sync time (average)   =  115.35 sec.
  Wait time (average)   =    0.00 sec.
                          ------------
Total (root+branch&cut) = 3600.62 sec. (1933256.01 ticks)
