Version identifier: 22.2.0.0 | 2026-05-04 | 5dff98e58
CPXPARAM_Read_DataCheck                          1
CPXPARAM_Threads                                 4
CPXPARAM_Parallel                                1
CPXPARAM_RandomSeed                              20260925
CPXPARAM_Simplex_Tolerances_Optimality           1.0000000000000001e-09
CPXPARAM_Simplex_Tolerances_Feasibility          1.0000000000000001e-09
CPXPARAM_TimeLimit                               600
CPXPARAM_MIP_Tolerances_AbsMIPGap                1.0000000000000001e-09
CPXPARAM_MIP_Tolerances_Integrality              1.0000000000000001e-09
Legacy callback                                  i
1 of 14 MIP starts provided solutions.
MIP start 'm1' defined initial solution with objective 0.0000.
Tried aggregator 1 time.
MIP Presolve eliminated 37 rows and 1 columns.
MIP Presolve modified 504 coefficients.
Reduced MIP has 660 rows, 709 columns, and 5685 nonzeros.
Reduced MIP has 174 binaries, 0 generals, 0 SOSs, and 0 indicators.
Presolve time = 0.00 sec. (2.27 ticks)
Probing time = 0.00 sec. (0.17 ticks)
Tried aggregator 1 time.
Detecting symmetries...
Reduced MIP has 660 rows, 709 columns, and 5685 nonzeros.
Reduced MIP has 174 binaries, 0 generals, 0 SOSs, and 0 indicators.
Presolve time = 0.00 sec. (2.27 ticks)
Probing time = 0.00 sec. (0.17 ticks)
MIP emphasis: balance optimality and feasibility.
MIP search method: dynamic search.
Parallel mode: deterministic, using up to 4 threads.
Root relaxation solution time = 0.02 sec. (12.42 ticks)

        Nodes                                         Cuts/
   Node  Left     Objective  IInf  Best Integer    Best Bound    ItCnt     Gap

*     0+    0                            0.0000       -1.0000              --- 
      0     0       -0.3048    36        0.0000       -0.3048      547     --- 
      0     0       -0.3039    50        0.0000      Cuts: 42     1173     --- 
      0     0       -0.2993    74        0.0000      Cuts: 80     2032     --- 
      0     0       -0.2980    78        0.0000   MIRcuts: 52     2374     --- 
*     0+    0                           -0.2595       -0.2980            14.83%
      0     0  -1.00000e+75     0       -0.2595       -0.2980     2374   14.83%
      0     0       -0.2956    76       -0.2595   MIRcuts: 28     2900   13.89%
      0     0       -0.2935    81       -0.2595   MIRcuts: 34     3157   13.09%
Detecting symmetries...
      0     0       -0.2916    83       -0.2595   MIRcuts: 18     3393   12.37%
      0     0       -0.2901    85       -0.2595      Cuts: 23     3627   11.78%
      0     0       -0.2886    81       -0.2595   MIRcuts: 10     3866   11.22%
      0     0       -0.2868    80       -0.2595   MIRcuts: 24     4151   10.51%
      0     0       -0.2858    88       -0.2595   MIRcuts: 14     4358   10.13%
      0     0       -0.2852    93       -0.2595   MIRcuts: 14     4490    9.91%
      0     0       -0.2841    87       -0.2595   MIRcuts: 18     4684    9.48%
      0     0       -0.2825    83       -0.2595   MIRcuts: 23     4952    8.84%
      0     0       -0.2817    86       -0.2595   MIRcuts: 11     5155    8.54%
      0     0       -0.2812    83       -0.2595   MIRcuts: 13     5316    8.35%
      0     0       -0.2811    84       -0.2595   MIRcuts: 14     5351    8.33%
      0     0       -0.2811    87       -0.2595    MIRcuts: 9     5402    8.31%
Detecting symmetries...
      0     2       -0.2811    87       -0.2595       -0.2811     5402    8.31%
Elapsed time = 1.12 sec. (1141.63 ticks, tree = 0.02 MB, solutions = 2)
     44    44       -0.2680    59       -0.2595       -0.2804    19898    8.05%
    124    88       -0.2684    49       -0.2595       -0.2802    33497    7.95%
    227   141       -0.2772    67       -0.2595       -0.2792    43134    7.60%
    357   214       -0.2600    33       -0.2595       -0.2792    54029    7.59%
    467   354       -0.2604    57       -0.2595       -0.2787    70539    7.40%
    580   357       -0.2766    79       -0.2595       -0.2783    71012    7.24%
    704   526       -0.2728    66       -0.2595       -0.2775    93406    6.94%
    829   598       -0.2693    44       -0.2595       -0.2773   102275    6.83%
    962   698       -0.2723    66       -0.2595       -0.2770   117404    6.74%
   1639  1207       -0.2688    53       -0.2595       -0.2763   181067    6.48%
Elapsed time = 4.08 sec. (4276.39 ticks, tree = 6.42 MB, solutions = 2)
   2362  1786       -0.2630    43       -0.2595       -0.2756   246525    6.20%

Performing restart 1

Repeating presolve.
Tried aggregator 1 time.
MIP Presolve modified 168 coefficients.
Reduced MIP has 660 rows, 709 columns, and 5637 nonzeros.
Reduced MIP has 174 binaries, 0 generals, 0 SOSs, and 0 indicators.
Presolve time = 0.00 sec. (2.54 ticks)
Tried aggregator 1 time.
Reduced MIP has 660 rows, 709 columns, and 5637 nonzeros.
Reduced MIP has 174 binaries, 0 generals, 0 SOSs, and 0 indicators.
Presolve time = 0.00 sec. (2.28 ticks)
Represolve time = 0.02 sec. (13.92 ticks)
   2495     0       -0.2797    81       -0.2595      Cuts: 13   262995    6.16%
   2495     0       -0.2785    80       -0.2595      Cuts: 15   263221    6.16%
   2495     0       -0.2780    73       -0.2595      Cuts: 11   263417    6.16%
   2495     0       -0.2780    81       -0.2595      Cuts: 13   263473    6.16%
   2495     0       -0.2777    87       -0.2595      Cuts: 10   263587    6.16%
   2495     0       -0.2774    82       -0.2595      Cuts: 13   263694    6.16%
   2495     0       -0.2770    78       -0.2595   MIRcuts: 13   263869    6.16%
   2495     0       -0.2769    80       -0.2595    MIRcuts: 8   263949    6.16%
   2495     0       -0.2768    81       -0.2595    MIRcuts: 4   263990    6.16%
   2495     0       -0.2767    77       -0.2595       Cuts: 9   264099    6.16%
   2495     0       -0.2765    83       -0.2595   MIRcuts: 15   264198    6.16%
   2495     0       -0.2764    85       -0.2595      Cuts: 10   264262    6.16%
   2495     2       -0.2764    84       -0.2595       -0.2755   264262    6.16%
   2710   149       -0.2617    65       -0.2595       -0.2731   284985    5.24%
   3360   660       -0.2682    53       -0.2595       -0.2722   331412    4.88%
   3865  1067       -0.2654    49       -0.2595       -0.2711   375924    4.45%
   4241  1311       -0.2598    42       -0.2595       -0.2708   412448    4.33%
   4607  1560       -0.2599    41       -0.2595       -0.2704   455264    4.20%
   5053  1826       -0.2669    65       -0.2595       -0.2701   496968    4.09%
   5433  2045       -0.2627    50       -0.2595       -0.2697   537478    3.91%
   5956  2454        cutoff             -0.2595       -0.2693   590683    3.76%
Elapsed time = 13.91 sec. (15124.72 ticks, tree = 10.37 MB, solutions = 2)
   6364  2707       -0.2610    48       -0.2595       -0.2690   638701    3.67%
   6875  2951       -0.2661    51       -0.2595       -0.2688   678744    3.56%
   7356  3284       -0.2636    45       -0.2595       -0.2684   728938    3.43%
   7844  3608       -0.2626    43       -0.2595       -0.2681   785862    3.31%
   8340  3934       -0.2630    72       -0.2595       -0.2678   841843    3.21%
   8781  4135       -0.2598    51       -0.2595       -0.2677   882766    3.15%
   9275  4418       -0.2598    40       -0.2595       -0.2674   930279    3.02%
   9788  4786       -0.2648    66       -0.2595       -0.2672   989225    2.96%
  10250  5014       -0.2611    60       -0.2595       -0.2671  1027432    2.91%
  10732  5269       -0.2599    41       -0.2595       -0.2669  1067169    2.84%
Elapsed time = 21.42 sec. (24683.59 ticks, tree = 20.60 MB, solutions = 2)
  11257  5551       -0.2597    51       -0.2595       -0.2667  1124712    2.78%
  11640  5716        cutoff             -0.2595       -0.2666  1161814    2.71%
  12045  5987       -0.2605    35       -0.2595       -0.2664  1226283    2.65%
  12577  6168       -0.2643    49       -0.2595       -0.2662  1279074    2.59%
  13087  6451       -0.2628    54       -0.2595       -0.2661  1330290    2.52%
  13566  6669       -0.2614    35       -0.2595       -0.2659  1372601    2.47%
  14045  6854       -0.2603    72       -0.2595       -0.2658  1423115    2.41%
  14611  7075       -0.2615    42       -0.2595       -0.2657  1466639    2.37%
  15109  7374       -0.2598    82       -0.2595       -0.2655  1532278    2.29%
  15681  7645       -0.2615    33       -0.2595       -0.2654  1581699    2.26%
Elapsed time = 28.89 sec. (34240.83 ticks, tree = 31.13 MB, solutions = 2)
  16183  7855       -0.2612    54       -0.2595       -0.2652  1629642    2.20%
  16657  7974        cutoff             -0.2595       -0.2651  1664405    2.14%
  17064  8185       -0.2606    43       -0.2595       -0.2650  1715482    2.09%
  17521  8348        cutoff             -0.2595       -0.2648  1758890    2.05%
  18021  8549       -0.2626    50       -0.2595       -0.2647  1824056    1.99%
  18445  8699       -0.2612    61       -0.2595       -0.2646  1869214    1.96%
  18934  8878       -0.2616    62       -0.2595       -0.2645  1925326    1.91%
  19435  9016       -0.2610    47       -0.2595       -0.2644  1961131    1.88%
  19944  9182        cutoff             -0.2595       -0.2643  2005852    1.85%
  20432  9420       -0.2610    68       -0.2595       -0.2643  2083133    1.82%
Elapsed time = 36.14 sec. (43798.60 ticks, tree = 39.19 MB, solutions = 2)
  21042  9620       -0.2601    36       -0.2595       -0.2641  2142833    1.77%
  21516  9781        cutoff             -0.2595       -0.2640  2202724    1.74%
  22010  9880        cutoff             -0.2595       -0.2639  2232281    1.70%
  22600  9929       -0.2597    43       -0.2595       -0.2639  2273345    1.67%
  23173 10174       -0.2603    32       -0.2595       -0.2638  2348371    1.64%
  23731 10274        cutoff             -0.2595       -0.2637  2391062    1.59%
  24325 10395        cutoff             -0.2595       -0.2636  2434578    1.55%
  24885 10560        cutoff             -0.2595       -0.2635  2501858    1.52%
  25424 10688        cutoff             -0.2595       -0.2634  2581981    1.48%
  25874 10688        cutoff             -0.2595       -0.2633  2599604    1.46%
Elapsed time = 43.45 sec. (53369.63 ticks, tree = 45.76 MB, solutions = 2)
  26504 10748       -0.2628    23       -0.2595       -0.2633  2651054    1.44%
  26833 10934       -0.2598    33       -0.2595       -0.2632  2717257    1.40%
  27117 10975       -0.2600    19       -0.2595       -0.2632  2744884    1.40%
  27456 11057        cutoff             -0.2595       -0.2632  2760665    1.40%
  27755 11124       -0.2597    48       -0.2595       -0.2632  2788832    1.40%
  28016 11175        cutoff             -0.2595       -0.2632  2827054    1.40%
  28405 11164        cutoff             -0.2595       -0.2629  2853107    1.30%
  28972 11195        cutoff             -0.2595       -0.2628  2872007    1.27%
  29494 11189        cutoff             -0.2595       -0.2628  2918406    1.25%
  30018 11155       -0.2608    41       -0.2595       -0.2627  2972456    1.22%
Elapsed time = 51.12 sec. (62935.09 ticks, tree = 47.87 MB, solutions = 2)
  30662 11153       -0.2606    52       -0.2595       -0.2626  3041523    1.18%
  31296 11208        cutoff             -0.2595       -0.2625  3098647    1.13%
  31869 11148       -0.2601    20       -0.2595       -0.2623  3135346    1.09%
  32389 10969        cutoff             -0.2595       -0.2623  3210368    1.05%
  32897 10956        cutoff             -0.2595       -0.2622  3246819    1.02%
  33298 10940        cutoff             -0.2595       -0.2621  3336331    0.99%
  33651 10974        cutoff             -0.2595       -0.2620  3402318    0.95%
  33975 10989        cutoff             -0.2595       -0.2619  3425784    0.92%
  34390 11108        cutoff             -0.2595       -0.2619  3512533    0.92%
  34871 11204       -0.2601    44       -0.2595       -0.2619  3571362    0.92%
Elapsed time = 58.48 sec. (72507.94 ticks, tree = 49.08 MB, solutions = 2)
  35513 11140       -0.2609    59       -0.2595       -0.2619  3618359    0.92%
  36219 10987       -0.2601    29       -0.2595       -0.2619  3678924    0.92%
  36992 10863       -0.2598    36       -0.2595       -0.2618  3733329    0.89%
  37667 10669        cutoff             -0.2595       -0.2617  3780199    0.85%
  38394 10458        cutoff             -0.2595       -0.2616  3832128    0.79%
  39039 10185       -0.2600    57       -0.2595       -0.2615  3894693    0.76%
  39810  9891        cutoff             -0.2595       -0.2614  3949058    0.72%
  40615  9578        cutoff             -0.2595       -0.2613  3992645    0.68%
  41436  9173        cutoff             -0.2595       -0.2612  4056736    0.64%
  42276  8866        cutoff             -0.2595       -0.2611  4096668    0.60%
Elapsed time = 65.98 sec. (82058.31 ticks, tree = 38.11 MB, solutions = 2)
  43190  8404        cutoff             -0.2595       -0.2609  4143777    0.54%
  44076  7888        cutoff             -0.2595       -0.2608  4188988    0.50%
  45096  7149        cutoff             -0.2595       -0.2607  4249939    0.44%
  46163  6419        cutoff             -0.2595       -0.2605  4302894    0.40%
  47410  5417        cutoff             -0.2595       -0.2604  4362189    0.33%
  48805  4299        cutoff             -0.2595       -0.2602  4415216    0.28%
  50466  3127        cutoff             -0.2595       -0.2600  4466725    0.20%
  52458  1330        cutoff             -0.2595       -0.2598  4517662    0.09%

Mixed integer rounding cuts applied:  257
Lift and project cuts applied:  12
Gomory fractional cuts applied:  1

Root node processing (before b&c):
  Real time             =    1.11 sec. (1140.71 ticks)
Parallel b&c, 4 threads:
  Real time             =   71.39 sec. (88912.62 ticks)
  Sync time (average)   =    2.96 sec.
  Wait time (average)   =    0.00 sec.
                          ------------
Total (root+branch&cut) =   72.50 sec. (90053.33 ticks)
