Version identifier: 22.2.0.0 | 2026-05-04 | 5dff98e58
CPXPARAM_Read_DataCheck                          1
CPXPARAM_Threads                                 4
CPXPARAM_Parallel                                1
CPXPARAM_RandomSeed                              20260925
CPXPARAM_MIP_Strategy_Search                     1
CPXPARAM_Simplex_Tolerances_Optimality           1.0000000000000001e-09
CPXPARAM_Simplex_Tolerances_Feasibility          1.0000000000000001e-09
CPXPARAM_TimeLimit                               180
CPXPARAM_MIP_Tolerances_AbsMIPGap                1.0000000000000001e-09
CPXPARAM_MIP_Tolerances_Integrality              1.0000000000000001e-09
Legacy callback                                  iLD
Lazy constraint(s) or lazy constraint/branch callback is present.
    Disabling dual reductions (CPX_PARAM_REDUCE) in presolve.
    Disabling presolve reductions that prevent crushing forms (CPX_PARAM_PREREFORM).
         Disabling repeat represolve because of lazy constraint/incumbent callback.
Tried aggregator 1 time.
Reduced MIP has 23 rows, 1196 columns, and 2482 nonzeros.
Reduced MIP has 1164 binaries, 0 generals, 0 SOSs, and 0 indicators.
Presolve time = 0.00 sec. (0.99 ticks)
Probing time = 0.00 sec. (0.18 ticks)
MIP emphasis: balance optimality and feasibility.
MIP search method: traditional branch-and-cut.
Parallel mode: deterministic, using up to 4 threads.
Root relaxation solution time = 0.00 sec. (1.80 ticks)

        Nodes                                         Cuts/
   Node  Left     Objective  IInf  Best Integer    Best Bound    ItCnt     Gap         Variable B NodeID Parent  Depth

      0     0       -0.1677     2                     -0.1677      104         
*     0+    0                           -0.1070       -0.1677            56.76%
*     0+    0                           -0.1085       -0.1677            54.52%
*     0+    0                           -0.1101       -0.1677            52.34%
      0     2       -0.1677     2       -0.1101       -0.1677      104   52.34%                        0             0
Elapsed time = 70.44 sec. (724.36 ticks, tree = 0.02 MB, solutions = 3)
Starting limited solution polishing.
*    10+    2                           -0.1116       -0.1677            50.23%
     10     5       -0.1677     0       -0.1116       -0.1677      133   50.23%             x47 D      1      8      3
*    14+    2                           -0.1163       -0.1677            44.22%

User cuts applied:  544

Root node processing (before b&c):
  Real time             =   70.44 sec. (722.61 ticks)
Parallel b&c, 4 threads:
  Real time             =  187.91 sec. (524.05 ticks)
  Sync time (average)   =    4.64 sec.
  Wait time (average)   =    0.00 sec.
                          ------------
Total (root+branch&cut) =  258.34 sec. (1246.66 ticks)
