Version identifier: 22.2.0.0 | 2026-05-04 | 5dff98e58
CPXPARAM_Read_DataCheck                          1
CPXPARAM_Threads                                 4
CPXPARAM_Parallel                                1
CPXPARAM_RandomSeed                              20260925
CPXPARAM_MIP_Strategy_Search                     1
CPXPARAM_Simplex_Tolerances_Optimality           1.0000000000000001e-09
CPXPARAM_Simplex_Tolerances_Feasibility          1.0000000000000001e-09
CPXPARAM_TimeLimit                               600
CPXPARAM_MIP_Tolerances_AbsMIPGap                1.0000000000000001e-09
CPXPARAM_MIP_Tolerances_Integrality              1.0000000000000001e-09
Legacy callback                                  iLUD
Lazy constraint(s) or lazy constraint/branch callback is present.
    Disabling dual reductions (CPX_PARAM_REDUCE) in presolve.
    Disabling presolve reductions that prevent crushing forms (CPX_PARAM_PREREFORM).
         Disabling repeat represolve because of lazy constraint/incumbent callback.
Warning: Effort level 'CheckFeas' is incompatible with lazy constraint/incumbent callback.
         Effort level increased to 'SolveFixed'.
1 of 1 MIP starts provided solutions.
MIP start 'm1' defined initial solution with objective 0.0283.
Tried aggregator 1 time.
MIP Presolve eliminated 1354 rows and 0 columns.
MIP Presolve modified 680 coefficients.
Reduced MIP has 1624 rows, 2360 columns, and 19315 nonzeros.
Reduced MIP has 1164 binaries, 0 generals, 0 SOSs, and 0 indicators.
Presolve time = 0.02 sec. (12.56 ticks)
Probing time = 0.00 sec. (0.31 ticks)
MIP emphasis: balance optimality and feasibility.
MIP search method: traditional branch-and-cut.
Parallel mode: deterministic, using up to 4 threads.
Root relaxation solution time = 0.02 sec. (22.34 ticks)

        Nodes                                         Cuts/
   Node  Left     Objective  IInf  Best Integer    Best Bound    ItCnt     Gap         Variable B NodeID Parent  Depth

*     0+    0                            0.0283        0.0000           100.00%
      0     0        0.0253    45        0.0283        0.0253      711   10.44%
*     0+    0                            0.0279        0.0253             9.15%
      0     0  -1.00000e+75     0        0.0279        0.0253      711    9.15%
      0     2        0.0253    39        0.0279        0.0253      711    9.15%                        0             0
Elapsed time = 0.31 sec. (286.67 ticks, tree = 0.02 MB, solutions = 2)
*    10+    1                            0.0278        0.0254             8.50%
*    11+    3                            0.0277        0.0254             8.16%
*    12+    1                            0.0276        0.0254             7.99%
*    18+    3                            0.0275        0.0254             7.64%
     36    36        0.0260    23        0.0275        0.0254     2479    7.64%            x396 U     92     88     18
*   121+   81                            0.0268        0.0254             5.19%
    163    98        0.0254    36        0.0268        0.0254     6931    5.19%            x818 N    165      1      4
    325   202        0.0258    22        0.0268        0.0254    13884    5.18%            x828 D    303    299     19
*   488+  322                            0.0266        0.0254             4.53%
    551   344        0.0258    23        0.0266        0.0254    22758    4.53%            x826 D    593    585     19
    822   563        0.0266    17        0.0266        0.0255    32442    4.46%           x1031 U    811    807     27
   1062   741        0.0265    15        0.0266        0.0255    42882    4.43%            x918 U   1138   1130     30
   1315   929        0.0258    27        0.0266        0.0255    53896    4.40%           x1029 U   1288   1284     15
   1606  1157        0.0266     9        0.0266        0.0255    67735    4.25%            x918 U   1746   1742     32
   1879  1388        0.0259    23        0.0266        0.0255    82070    4.17%            x932 U   1803   1795     20
   3043  2188        0.0264    11        0.0266        0.0256   134506    4.01%            x845 D   3202   3198     30
Elapsed time = 5.11 sec. (3391.96 ticks, tree = 2.64 MB, solutions = 13)
   4181  2935        cutoff              0.0266        0.0256   185752    3.87%            x930 D   4191   4187     30
   5387  3820        0.0257    39        0.0266        0.0256   245620    3.74%            x820 D   5288   1840      9
   6480  4539        0.0259    23        0.0266        0.0257   301417    3.67%           x1028 U   6481   6477     19
   7489  5180        0.0259    21        0.0266        0.0257   358611    3.57%            x827 D   7284   7276     19
   8576  5838        0.0266    21        0.0266        0.0257   415940    3.48%           x1036 D   8440   8432     27
   9627  6644        0.0261    27        0.0266        0.0257   485817    3.46%            x841 D   9427   9423     23
  10666  7245        0.0259    30        0.0266        0.0257   538491    3.43%            x930 D  10439  10435     22
  11692  7862        0.0262    27        0.0266        0.0257   593503    3.38%           x1029 U  11491  11487     24
  12829  8498        0.0264    21        0.0266        0.0258   652531    3.32%           x1029 U  12611  12607     25
  13967  9174        0.0264    23        0.0266        0.0258   707001    3.30%           x1034 D  13816  13812     26
Elapsed time = 16.78 sec. (12937.89 ticks, tree = 10.47 MB, solutions = 13)
  14934  9809        0.0265    23        0.0266        0.0258   774087    3.28%            x933 U  14760  14756     26
  15992 10602        0.0259    23        0.0266        0.0258   844136    3.25%           x1028 U  15756  15752     19
  16961 11160        0.0263    16        0.0266        0.0258   896721    3.24%           x1042 D  16664  16660     27
  17897 11664        0.0260    27        0.0266        0.0258   946223    3.22%            x925 D  18362  18358     23
  18996 12325        0.0260    28        0.0266        0.0258  1012317    3.20%            x845 D  19097  19093     25
  19986 13034        0.0263    20        0.0266        0.0258  1079817    3.18%            x826 U  19983  19979     18
  21046 13577        0.0264    13        0.0266        0.0258  1133021    3.16%           x1031 D  21169  21161     26
  22138 14201        0.0261    17        0.0266        0.0258  1192296    3.13%           x1029 U  21772  21768     27
  23200 14857        0.0263    33        0.0266        0.0258  1251248    3.10%            x612 D  23498  23494     13
  24238 15518        0.0259    23        0.0266        0.0258  1317712    3.07%            x931 D  24454  24450     24
Elapsed time = 27.00 sec. (22480.23 ticks, tree = 18.10 MB, solutions = 13)
  25019 15904        cutoff              0.0266        0.0258  1361949    3.05%           x1030 U  24628  24624     31
  25785 16456        0.0262    21        0.0266        0.0258  1441075    3.04%           x1029 U  25819  25815     25
  26677 16991        0.0261    25        0.0266        0.0258  1505905    3.03%            x845 D  26843  26839     26
  27449 17307        0.0262    26        0.0266        0.0258  1547382    3.02%           x1029 U  27711  27707     20
  28288 17796        0.0262    22        0.0266        0.0258  1617237    3.01%            x838 D  28306  28302     21
  29257 18285        0.0263    16        0.0266        0.0258  1670387    2.99%            x826 U  29373  29369     26
  30231 18943        0.0264    17        0.0266        0.0259  1747444    2.97%           x1032 U  30499  30491     25
  31214 19225        0.0260    27        0.0266        0.0259  1781270    2.96%             x35 U  31441  31437     26
  32130 19905        0.0266    11        0.0266        0.0259  1864183    2.96%           x1030 U  32094  32090     33
  32970 20334        cutoff              0.0266        0.0259  1918917    2.94%            x911 U  33255  33247     24
Elapsed time = 36.77 sec. (32024.60 ticks, tree = 23.80 MB, solutions = 13)
  33850 20724        0.0264    30        0.0266        0.0259  1977218    2.93%            x612 D  33854  33850     14
  34688 21192        0.0261    25        0.0266        0.0259  2047070    2.92%            x837 D  34706  34702     25
  35541 21694        0.0265    17        0.0266        0.0259  2118022    2.91%           x1034 D  35502  35494     26
  36442 22233    infeasible              0.0266        0.0259  2179862    2.90%           x1035 U  36785  36781     22
  37318 22568        cutoff              0.0266        0.0259  2221607    2.90%           x1043 D  37681  37673     27
  38199 23046        0.0260    27        0.0266        0.0259  2284197    2.89%           x1029 U  38549  38545     22
  39103 23563        0.0265    17        0.0266        0.0259  2351995    2.88%            x839 U  38772  38768     26
  39973 24157        cutoff              0.0266        0.0259  2424656    2.87%           x1043 U  39700  39696     31
  40932 24727        0.0266    13        0.0266        0.0259  2486868    2.86%           x1037 U  40610  40602     30
  41936 25197        0.0266    14        0.0266        0.0259  2530756    2.85%           x1030 U  41686  41682     30
Elapsed time = 46.75 sec. (41569.78 ticks, tree = 29.88 MB, solutions = 13)
  42884 25791        0.0266    12        0.0266        0.0259  2597014    2.84%           x1037 D  43107  43103     28
  43851 26334        cutoff              0.0266        0.0259  2651965    2.83%            x843 D  43560  43556     29
  44800 26743        0.0265    14        0.0266        0.0259  2696696    2.83%           x1043 U  45161  45157     27
  45720 27459        0.0262    14        0.0266        0.0259  2763206    2.82%           x1043 U  45999  45995     31
  46680 28067        0.0261    22        0.0266        0.0259  2825880    2.81%            x824 D  47047  47043     19
  47587 28376        0.0262    18        0.0266        0.0259  2864297    2.80%           x1029 U  47927  47923     22
  48431 28736        0.0265    19        0.0266        0.0259  2908880    2.79%           x1037 D  48026  48022     26
  49383 29185        0.0264    15        0.0266        0.0259  2964308    2.78%            x936 U  49725  49721     32
  50154 29665        0.0261    23        0.0266        0.0259  3026226    2.77%            x929 U  49666  49658     21
  50849 30147        0.0260    24        0.0266        0.0259  3101337    2.76%            x835 D  50402  50398     24
Elapsed time = 56.70 sec. (51113.18 ticks, tree = 47.73 MB, solutions = 13)
  51540 30475        cutoff              0.0266        0.0259  3158884    2.76%           x1038 D  51889  51885     29
  52375 30832        0.0261    24        0.0266        0.0259  3211281    2.75%           x1034 D  52755   9606     17
  53253 31299        0.0266    12        0.0266        0.0259  3278432    2.75%           x1036 U  53625  53621     29
  54082 31798        0.0262    16        0.0266        0.0259  3338748    2.74%            x841 U  53446  53434     29
  54732 32253        0.0265    18        0.0266        0.0259  3412691    2.73%           x1029 U  54094  54090     24
  55568 32549        0.0262    17        0.0266        0.0259  3458936    2.73%           x1038 U  54890  54886     28
  56262 32991        0.0263    18        0.0266        0.0259  3519805    2.73%            x821 U  56789  56785     23
  57125 33322        0.0260    22        0.0266        0.0259  3574341    2.72%            x836 D  57163  57159     24
  57948 33870        cutoff              0.0266        0.0259  3647411    2.72%           x1037 U  57919  57911     33
  58746 34339        0.0260    29        0.0266        0.0259  3708917    2.71%            x913 D  58712  55364     30
Elapsed time = 66.48 sec. (60668.35 ticks, tree = 57.18 MB, solutions = 13)
  59529 34636        0.0259    25        0.0266        0.0259  3754171    2.71%            x931 D  59476  11093     23
  60332 35118        0.0261    25        0.0266        0.0259  3825999    2.70%            x842 D  59590  59586     29
  61175 35536        cutoff              0.0266        0.0259  3885736    2.70%            x821 U  62077  62073     22
  62021 35951        0.0265    17        0.0266        0.0259  3941052    2.69%           x1043 U  61703  61699     27
  62880 36474        0.0261    26        0.0266        0.0259  4012017    2.69%            x916 D  64037  64033     31
  63645 36912        0.0261    23        0.0266        0.0259  4085769    2.68%            x917 D  63668  24594     29
  64419 37240        0.0262    25        0.0266        0.0259  4129265    2.68%            x842 D  64456  64452     31
  65181 37642        0.0263    18        0.0266        0.0259  4199633    2.67%           x1030 U  64358  64354     31
  66081 38015        0.0265    15        0.0266        0.0259  4244906    2.67%           x1030 U  65230  65226     28
  66960 38459        0.0260    17        0.0266        0.0259  4307307    2.67%           x1029 U  67917  67913     24
Elapsed time = 75.97 sec. (70220.22 ticks, tree = 64.52 MB, solutions = 13)
  67784 38806        0.0261    26        0.0266        0.0259  4356174    2.66%            x916 D  68657  11819     31
  68674 39200        0.0261    23        0.0266        0.0259  4415196    2.66%            x936 U  68291  68287     26
  69568 39719        0.0265    20        0.0266        0.0259  4487397    2.66%           x1028 U  70509  70505     26
  70501 40205        0.0263    22        0.0266        0.0259  4545992    2.65%            x918 U  70303  70299     39
  71358 40819        0.0264    21        0.0266        0.0259  4629543    2.65%           x1037 D  71123  71119     29
  72242 41246        0.0263    18        0.0266        0.0259  4686953    2.64%           x1030 U  71534  71530     24
  73085 41524        0.0264    16        0.0266        0.0259  4725346    2.64%            x843 D  72679  72675     29
  73999 41949        0.0266    15        0.0266        0.0259  4780676    2.63%           x1031 U  73282  73278     38
  74904 42619        0.0265    17        0.0266        0.0259  4855091    2.62%           x1037 D  74194  74190     41
  75855 42995        0.0261    21        0.0266        0.0259  4892228    2.62%            x839 U  75559  20202     26
Elapsed time = 86.09 sec. (79766.03 ticks, tree = 72.58 MB, solutions = 13)
  76690 43510        cutoff              0.0266        0.0259  4944226    2.62%            x843 D  76816  76812     33
  77411 43946        0.0262    24        0.0266        0.0259  4996222    2.61%           x1038 D  77127  21337     25
  78282 44321        0.0264    21        0.0266        0.0259  5046830    2.61%           x1038 U  77478  77474     31
  79086 44909        cutoff              0.0266        0.0259  5133372    2.60%           x1032 U  78254  78246     40
  79886 45227        0.0263    23        0.0266        0.0260  5183344    2.60%            x820 U  79074  79070     21
  80766 45474        0.0261    22        0.0266        0.0260  5226219    2.59%            x822 U  80575  31608     29
  81711 46048        0.0265    14        0.0266        0.0260  5300053    2.59%           x1028 U  82541  82537     38
  82640 46444        cutoff              0.0266        0.0260  5351525    2.59%            x917 D  83429  83417     36
  83623 47081        0.0262    17        0.0266        0.0260  5429919    2.59%           x1030 U  83692  83688     29
  87336 48904        0.0263    17        0.0266        0.0260  5677085    2.56%            x836 D  88321  88317     24
Elapsed time = 99.39 sec. (92171.57 ticks, tree = 86.45 MB, solutions = 13)
  90971 50620        0.0265    27        0.0266        0.0260  5905591    2.53%           x1037 D  89866  89862     24
  94529 52640        0.0265    15        0.0266        0.0260  6167398    2.51%           x1037 D  95505  95501     28
  98178 54484        0.0265    17        0.0266        0.0260  6422301    2.49%           x1037 D  97879  97875     23
 101775 56209        0.0263    19        0.0266        0.0260  6643842    2.47%            x836 D 102008 102004     30
 105303 58016        0.0261    24        0.0266        0.0260  6882826    2.46%            x845 D 104426 104422     25
 108556 59540        0.0263    20        0.0266        0.0260  7125373    2.45%           x1034 U 108187 108183     31
 111945 61029        0.0264    15        0.0266        0.0260  7352617    2.43%           x1029 U 112725 112721     33
 115242 62826        0.0263    20        0.0266        0.0260  7604378    2.43%           x1028 U 115007 115003     25
 118870 64505        0.0260    22        0.0266        0.0260  7818054    2.42%            x930 U 119593  35451     26
 122084 65762        0.0262    18        0.0266        0.0260  7983477    2.40%            x918 U 122729 122725     26
Elapsed time = 147.66 sec. (130339.55 ticks, tree = 139.94 MB, solutions = 13)
 125560 67486        0.0262    19        0.0266        0.0260  8183561    2.39%           x1037 U 126333 126325     27
 129018 69132        0.0262    23        0.0266        0.0260  8381886    2.37%           x1029 U 129400 129396     22
 132555 70457        0.0264    12        0.0266        0.0260  8547745    2.36%           x1030 U 131242 131238     27
 136051 72273        0.0261    18        0.0266        0.0260  8754653    2.34%            x823 D 134798  84068     20
 139362 73700        0.0265    15        0.0266        0.0260  8944715    2.33%           x1029 D 140429 140417     34
 142873 75046        0.0264    22        0.0266        0.0260  9123042    2.32%            x933 U 143969 143965     32
 146335 76380        0.0261    24        0.0266        0.0260  9301195    2.30%             x33 U 147273 147269     26
 149942 78119        0.0260    24        0.0266        0.0260  9507134    2.29%            x835 D 150480  56293     27
 153285 79213        0.0262    19        0.0266        0.0260  9663200    2.28%           x1038 U 154101 154097     26
 156782 80855        0.0260    22        0.0266        0.0260  9874273    2.27%            x935 U 157176 157172     26
Elapsed time = 198.70 sec. (168500.94 ticks, tree = 287.38 MB, solutions = 13)
 160242 82416        0.0264    21        0.0266        0.0260 10058167    2.25%           x1033 U 160464 160460     26
 163953 84281        cutoff              0.0266        0.0260 10251106    2.24%           x1034 U 164941 164937     30
 167652 86223        cutoff              0.0266        0.0260 10448818    2.24%            x929 D 167619 167615     34
 171064 87418        cutoff              0.0266        0.0261 10609906    2.23%           x1029 D 169914 169910     30
 174404 88982        0.0263    28        0.0266        0.0261 10816055    2.21%            x846 D 175369 175361     34
 177883 90305        0.0263    16        0.0266        0.0261 10978755    2.20%           x1028 U 177835 177831     28
 181140 91632        0.0263    18        0.0266        0.0261 11162024    2.19%           x1029 U 182457 182453     22
 184523 93003        0.0262    20        0.0266        0.0261 11348818    2.18%           x1029 U 184764 184760     26
 187934 94557        0.0262    29        0.0266        0.0261 11547885    2.17%            x913 D 189269 181013     26
 191325 95928        0.0263    18        0.0266        0.0261 11740217    2.16%           x1038 U 192481 192477     32
Elapsed time = 253.81 sec. (206656.41 ticks, tree = 440.88 MB, solutions = 13)
 194692 97193        0.0263    14        0.0266        0.0261 11917117    2.15%           x1036 U 193086 193082     35
 198068 98488        0.0263    34        0.0266        0.0261 12086484    2.14%            x933 D 198732  66832     15
 201391 99958        cutoff              0.0266        0.0261 12316830    2.13%            x840 U 202821 202813     30
 204538 100948        0.0266    14        0.0266        0.0261 12470137    2.12%           x1028 U 205292 205288     36
 208215 102553        0.0263    21        0.0266        0.0261 12752631    2.11%             x33 U 207927 207919     19
 211661 103737        0.0265    22        0.0266        0.0261 12955049    2.11%           x1029 U 213009 213005     28
 215043 105205        0.0264    17        0.0266        0.0261 13185233    2.10%           x1036 U 215540 215536     36
 218234 106436        0.0263    25        0.0266        0.0261 13408541    2.09%           x1034 D 217863  26168     34
 221320 107529        0.0264    18        0.0266        0.0261 13623571    2.08%           x1033 U 222713 222709     39
 224533 108461        cutoff              0.0266        0.0261 13807416    2.08%           x1038 D 225008 225004     25
Elapsed time = 302.61 sec. (244813.78 ticks, tree = 512.61 MB, solutions = 13)
 227928 109728        0.0266    19        0.0266        0.0261 14023073    2.07%           x1032 U 227447 227443     30
 231185 110960        cutoff              0.0266        0.0261 14270879    2.06%           x1037 D 232401 232393     29
 234421 112096        0.0262    19        0.0266        0.0261 14444020    2.05%            x840 U 235801 144866     38
 237550 113253        cutoff              0.0266        0.0261 14678571    2.05%           x1036 U 237892 237888     27
 240976 114348        0.0262    14        0.0266        0.0261 14869973    2.04%           x1035 D 241368 170797     39
 244189 115318        cutoff              0.0266        0.0261 15074128    2.03%           x1032 D 244688 244684     27
 247538 116276        0.0265    25        0.0266        0.0261 15263855    2.02%            x840 D 248076 248072     24
 250794 117603        0.0264    19        0.0266        0.0261 15513592    2.02%           x1033 U 249482 249478     35
 253725 118326        0.0264    12        0.0266        0.0261 15707154    2.01%           x1037 D 253191 253187     42
 256656 119223        0.0264    15        0.0266        0.0261 15932313    2.00%            x915 U 255338 255334     40
Elapsed time = 352.16 sec. (282973.19 ticks, tree = 569.86 MB, solutions = 13)
 259712 120057        0.0262    23        0.0266        0.0261 16147974    2.00%           x1035 D 260032 114393     24
 263169 121261        0.0266    14        0.0266        0.0261 16331489    1.99%           x1037 U 263652 263648     31
 266709 122297        0.0266    14        0.0266        0.0261 16498886    1.99%           x1032 U 265214 265210     36
 270078 123771        cutoff              0.0266        0.0261 16715244    1.98%             x33 D 269555 169677     26
 273317 124672        0.0266    13        0.0266        0.0261 16885197    1.97%           x1030 U 274913 274909     38
 276546 125487        0.0264    22        0.0266        0.0261 17061006    1.97%            x844 D 276852 276848     29
 279627 126416        0.0264    23        0.0266        0.0261 17247608    1.96%           x1029 U 279840 279836     17
 282880 127502        0.0265    15        0.0266        0.0261 17474309    1.96%           x1040 U 282207 282203     36
 286224 128457        cutoff              0.0266        0.0261 17666190    1.95%           x1029 U 285523 285519     25
 289646 129542        cutoff              0.0266        0.0261 17859588    1.94%            x837 D 289075 289071     30
Elapsed time = 402.30 sec. (321133.30 ticks, tree = 666.18 MB, solutions = 13)
 293034 130560        0.0262    23        0.0266        0.0261 18033109    1.93%           x1034 U 295281 295277     27
 296331 131649        cutoff              0.0266        0.0261 18216699    1.92%            x934 U 296584 296580     29
 299748 132589        0.0262    22        0.0266        0.0261 18369951    1.92%            x934 D 301621 155779     22
 303598 134306        0.0265    20        0.0266        0.0261 18583200    1.91%           x1029 U 302030 302026     20
 306984 135289        0.0263    15        0.0266        0.0261 18725011    1.90%           x1029 U 305474 305470     25
 310250 136621        0.0263    24        0.0266        0.0261 18928656    1.89%            x843 D 310660 310656     24
 313495 137606        0.0266    12        0.0266        0.0261 19095177    1.88%           x1031 U 312723 312719     31
 316854 138788        0.0265    19        0.0266        0.0261 19301041    1.88%            x932 D 315466 315458     27
 320260 139776        0.0266    16        0.0266        0.0261 19455586    1.87%            x936 D 320624 320616     27
 323573 140999        0.0262    13        0.0266        0.0261 19665801    1.86%           x1037 U 325497 112570     27
Elapsed time = 457.20 sec. (359290.66 ticks, tree = 773.63 MB, solutions = 13)
 326817 142004        0.0266    18        0.0266        0.0261 19829066    1.86%            x914 U 325967 325963     36
 330099 143092        0.0265    21        0.0266        0.0261 20027919    1.85%            x820 D 329247 329239     19
 333482 143910        0.0263    19        0.0266        0.0262 20188014    1.84%           x1037 D 331782 331778     28
 336829 145123        0.0264    18        0.0266        0.0262 20416110    1.84%           x1043 U 338981 338977     30
 339945 145823        0.0265    23        0.0266        0.0262 20581908    1.83%             x33 U 338971 338963     22
 343375 146845        0.0263    15        0.0266        0.0262 20781486    1.83%           x1033 U 342403 342399     37
 346850 147734        0.0266    17        0.0266        0.0262 20942368    1.82%            x927 D 345090 345086     24
 350193 148716        0.0266    21        0.0266        0.0262 21132536    1.81%            x918 U 349259 349255     27
 353575 149701        0.0265    24        0.0266        0.0262 21323004    1.80%            x840 U 356085 356081     24
 356857 150613        0.0266    24        0.0266        0.0262 21492783    1.80%           x1032 D 355915  47623     16
Elapsed time = 508.56 sec. (397465.54 ticks, tree = 857.97 MB, solutions = 13)
 359988 151265        0.0266    14        0.0266        0.0262 21648589    1.79%           x1044 U 359031 359023     31
 363019 152127        0.0265    14        0.0266        0.0262 21859391    1.78%            x821 D 363388 363380     27
 366133 152836        0.0265    16        0.0266        0.0262 22071716    1.77%           x1028 U 365227 365223     34
 369502 153888        0.0265    13        0.0266        0.0262 22314902    1.77%           x1032 U 367562 367558     30
 372697 154798        0.0266    25        0.0266        0.0262 22497035    1.76%             x35 D 374629 160114     30
 375898 155648        0.0263    21        0.0266        0.0262 22706617    1.76%            x910 U 374018 313844     23
 379007 156470        0.0264    17        0.0266        0.0262 22897218    1.75%            x936 U 379676 379672     22
 380250 156887        cutoff              0.0266        0.0262 23008166    1.75%            x846 D 379407 379403     32
 381721 157163        cutoff              0.0266        0.0262 23084584    1.74%           x1037 U 381996  74826     34
 383164 157615        0.0264    14        0.0266        0.0262 23192671    1.74%           x1033 U 382663 382659     38
Elapsed time = 556.39 sec. (435643.02 ticks, tree = 892.78 MB, solutions = 13)
 384422 157989        0.0263    22        0.0266        0.0262 23267911    1.73%           x1037 U 383643 383635     28
 385617 158279        0.0262    22        0.0266        0.0262 23318359    1.73%            x915 U 385512 385508     35
 386763 158610        0.0264    18        0.0266        0.0262 23396598    1.73%           x1034 D 386091  85771     26
 388039 158929        0.0263    18        0.0266        0.0262 23492200    1.73%           x1038 U 388160 388156     30
 389148 159236        0.0266    16        0.0266        0.0262 23568065    1.73%           x1037 D 386434 386430     31
 390537 159494        0.0264    13        0.0266        0.0262 23628973    1.72%            x917 D 389311 136338     27
 392941 160011        cutoff              0.0266        0.0262 23738929    1.72%           x1041 U 392343 134918     26
 395980 160495        0.0264    18        0.0266        0.0262 23879338    1.72%           x1029 U 399281 399277     25
 399084 161273        cutoff              0.0266        0.0262 24087615    1.71%           x1033 D 398724 398716     27
 402304 162021        0.0265    22        0.0266        0.0262 24256790    1.71%           x1034 U 401640 401636     22
Elapsed time = 598.56 sec. (473803.35 ticks, tree = 930.71 MB, solutions = 13)

Cover cuts applied:  13
User cuts applied:  12

Root node processing (before b&c):
  Real time             =    0.31 sec. (285.96 ticks)
Parallel b&c, 4 threads:
  Real time             =  599.70 sec. (474675.80 ticks)
  Sync time (average)   =   23.60 sec.
  Wait time (average)   =    0.00 sec.
                          ------------
Total (root+branch&cut) =  600.02 sec. (474961.76 ticks)
