Version identifier: 22.2.0.0 | 2026-05-04 | 5dff98e58
CPXPARAM_Read_DataCheck                          1
CPXPARAM_Threads                                 4
CPXPARAM_Parallel                                1
CPXPARAM_RandomSeed                              20260925
CPXPARAM_Simplex_Tolerances_Optimality           1.0000000000000001e-09
CPXPARAM_Simplex_Tolerances_Feasibility          1.0000000000000001e-09
CPXPARAM_TimeLimit                               600
CPXPARAM_MIP_Tolerances_AbsMIPGap                1.0000000000000001e-09
CPXPARAM_MIP_Tolerances_Integrality              1.0000000000000001e-09
Legacy callback                                  i
1 of 1 MIP starts provided solutions.
MIP start 'm1' defined initial solution with objective 0.0585.
Tried aggregator 1 time.
MIP Presolve eliminated 3103 rows and 2 columns.
MIP Presolve modified 3120 coefficients.
Reduced MIP has 3892 rows, 4830 columns, and 38502 nonzeros.
Reduced MIP has 1200 binaries, 0 generals, 0 SOSs, and 0 indicators.
Presolve time = 0.03 sec. (30.88 ticks)
Probing time = 0.00 sec. (0.58 ticks)
Tried aggregator 1 time.
Detecting symmetries...
MIP Presolve modified 120 coefficients.
Reduced MIP has 3892 rows, 4830 columns, and 38502 nonzeros.
Reduced MIP has 1200 binaries, 0 generals, 0 SOSs, and 0 indicators.
Presolve time = 0.02 sec. (21.06 ticks)
Probing time = 0.02 sec. (0.65 ticks)
MIP emphasis: balance optimality and feasibility.
MIP search method: dynamic search.
Parallel mode: deterministic, using up to 4 threads.
Root relaxation solution time = 0.03 sec. (50.52 ticks)

        Nodes                                         Cuts/
   Node  Left     Objective  IInf  Best Integer    Best Bound    ItCnt     Gap

*     0+    0                            0.0585        0.0000           100.00%
      0     0        0.0506    24        0.0585        0.0506      848   13.41%
*     0+    0                            0.0567        0.0506            10.66%
      0     0        0.0506    17        0.0567      Cuts: 35     1016   10.66%
      0     0        0.0506    26        0.0567   MIRcuts: 23     1260   10.66%
      0     0        0.0506    17        0.0567   MIRcuts: 24     1329   10.66%
      0     2        0.0506    14        0.0567        0.0506     1329   10.66%
Elapsed time = 0.53 sec. (597.05 ticks, tree = 0.02 MB, solutions = 2)
*    10+    1                            0.0565        0.0506            10.40%
     69    56        0.0521    21        0.0565        0.0506     5025   10.40%
    131    92        0.0525    25        0.0565        0.0506    12171   10.40%
    189   124        0.0512    33        0.0565        0.0506    16838   10.40%
    242   145    infeasible              0.0565        0.0506    24423   10.37%
    332   182        0.0514    34        0.0565        0.0508    33318   10.11%
    395   209        cutoff              0.0565        0.0508    40662   10.11%
    478   226        0.0522    32        0.0565        0.0510    45842    9.63%
    548   259    infeasible              0.0565        0.0511    60278    9.58%
    615   273        0.0545    20        0.0565        0.0512    64997    9.32%
    893   373    infeasible              0.0565        0.0516   102588    8.65%
Elapsed time = 3.23 sec. (3750.86 ticks, tree = 1.29 MB, solutions = 3)
   1246   454        0.0542    10        0.0565        0.0521   139661    7.81%
   1579   480    infeasible              0.0565        0.0522   177338    7.59%
*  1787+  491                            0.0561        0.0525             6.50%
*  2010   507      integral     0        0.0554        0.0526   203411    5.18%
   2017   499        cutoff              0.0554        0.0526   210146    5.17%
*  2114   542      integral     0        0.0554        0.0527   219110    4.93%
*  2226   548      integral     0        0.0554        0.0529   221790    4.64%
*  2274+  589                            0.0554        0.0529             4.52%
*  2413   609      integral     0        0.0554        0.0529   229053    4.52%
*  2660+  709                            0.0554        0.0534             3.70%
   2800   768        cutoff              0.0554        0.0535   254710    3.44%
*  3053+  817                            0.0554        0.0536             3.25%
*  3121+  858                            0.0554        0.0536             3.22%
*  3277+  955                            0.0553        0.0538             2.69%
*  3323+  968                            0.0553        0.0539             2.63%
   3416  1004        0.0553    13        0.0553        0.0539   277019    2.63%
*  3459   948      integral     0        0.0553        0.0539   279621    2.58%
*  3537   961      integral     0        0.0553        0.0539   282514    2.50%
*  3540   955      integral     0        0.0553        0.0539   286819    2.50%
*  3644   968      integral     0        0.0553        0.0539   287645    2.50%

Performing restart 1

Repeating presolve.
Tried aggregator 1 time.
Reduced MIP has 3892 rows, 4830 columns, and 38502 nonzeros.
Reduced MIP has 1200 binaries, 0 generals, 0 SOSs, and 0 indicators.
Presolve time = 0.00 sec. (11.54 ticks)
Tried aggregator 1 time.
Reduced MIP has 3892 rows, 4830 columns, and 38502 nonzeros.
Reduced MIP has 1200 binaries, 0 generals, 0 SOSs, and 0 indicators.
Presolve time = 0.02 sec. (21.28 ticks)
Represolve time = 0.03 sec. (42.96 ticks)
*  3675+    0                            0.0553        0.0539             2.43%
   3675     0        0.0506    41        0.0553      Cuts: 46   294655    2.43%
   3675     0        0.0506    47        0.0553      Cuts: 42   294893    2.43%
   3675     0        0.0506    41        0.0553      Cuts: 18   295036    2.43%
*  3675+    0                            0.0553        0.0539             2.40%
   3675     0  -1.00000e+75     0        0.0553        0.0539   295036    2.40%
   3675     0        0.0506    43        0.0553      Cuts: 18   295230    2.40%
   3675     0        0.0506    39        0.0553      Cuts: 13   295342    2.40%
   3675     0        0.0506    33        0.0553      Cuts: 11   295579    2.40%
   3675     0        0.0506    51        0.0553      Cuts: 19   296013    2.40%
*  3675+    0                            0.0553        0.0539             2.40%
   3675     0  -1.00000e+75     0        0.0553        0.0539   296013    2.40%
   3675     2        0.0506    42        0.0553        0.0539   296013    2.40%
Elapsed time = 10.08 sec. (12905.74 ticks, tree = 0.02 MB, solutions = 26)
*  3682+    3                            0.0553        0.0539             2.40%
   3817    65        0.0520    38        0.0553        0.0539   305020    2.40%
*  4028+  118                            0.0553        0.0539             2.39%
   4163   192        0.0546    10        0.0553        0.0539   326097    2.39%
   4663   336        0.0547    14        0.0553        0.0539   349561    2.39%
   5296   686        cutoff              0.0553        0.0542   375769    1.92%
   5823  1017        cutoff              0.0553        0.0542   405059    1.86%
   6477  1351        0.0542     8        0.0553        0.0542   434693    1.83%
   7114  1676        0.0551    19        0.0553        0.0542   462460    1.83%
   7713  1972        cutoff              0.0553        0.0542   494749    1.83%
   8350  2267        0.0550    18        0.0553        0.0542   524464    1.83%
   8982  2587        cutoff              0.0553        0.0542   555574    1.83%
Elapsed time = 17.38 sec. (22473.42 ticks, tree = 4.76 MB, solutions = 28)
   9589  2861        cutoff              0.0553        0.0542   598079    1.83%
  10123  3038        cutoff              0.0553        0.0542   632011    1.83%
  10897  3383        0.0542     9        0.0553        0.0542   663713    1.83%
  11464  3644        0.0543     6        0.0553        0.0542   693437    1.83%
  12023  3798        0.0543     7        0.0553        0.0542   725313    1.83%
  12489  3976        cutoff              0.0553        0.0542   770007    1.83%
  13117  4199        0.0549    24        0.0553        0.0542   800498    1.83%
  13715  4356        0.0548    23        0.0553        0.0542   826359    1.83%
  14221  4522        cutoff              0.0553        0.0542   862252    1.83%
  14691  4619        cutoff              0.0553        0.0542   906539    1.83%
Elapsed time = 24.39 sec. (32013.10 ticks, tree = 9.50 MB, solutions = 28)
  15233  4693        0.0543    19        0.0553        0.0542   947268    1.83%
  15743  4820        0.0550    20        0.0553        0.0543   984080    1.82%
  16152  4845        0.0550    14        0.0553        0.0543  1022708    1.82%
  16599  4868        0.0550    14        0.0553        0.0543  1056030    1.82%
  17081  4881        cutoff              0.0553        0.0543  1101472    1.82%
  17498  4890        0.0550    16        0.0553        0.0543  1119454    1.82%
  17934  4899        0.0543     9        0.0553        0.0543  1175870    1.82%
  18355  4912        0.0550    15        0.0553        0.0543  1204337    1.82%
  18774  4930        0.0545    13        0.0553        0.0543  1242428    1.82%
  19221  4965        0.0543     5        0.0553        0.0543  1280404    1.82%
Elapsed time = 31.56 sec. (41590.01 ticks, tree = 10.07 MB, solutions = 28)
  19702  4961        cutoff              0.0553        0.0543  1310344    1.82%
  20190  4947        cutoff              0.0553        0.0543  1361260    1.77%
  20661  4898        0.0550    17        0.0553        0.0543  1393188    1.77%
  21111  4821        0.0550    16        0.0553        0.0543  1433895    1.77%
  21541  4779        cutoff              0.0553        0.0543  1470850    1.77%
  21913  4795        0.0550    16        0.0553        0.0543  1504942    1.77%
  22285  4748        cutoff              0.0553        0.0543  1562364    1.77%
  22733  4732        cutoff              0.0553        0.0543  1585301    1.77%
  23300  4752        cutoff              0.0553        0.0543  1636977    1.76%
* 23695+ 4803                            0.0553        0.0543             1.76%
* 23816+ 4785                            0.0553        0.0543             1.75%
  23831  4864        0.0553    15        0.0553        0.0543  1665555    1.71%
Elapsed time = 39.12 sec. (51145.27 ticks, tree = 9.82 MB, solutions = 30)
* 23862+ 4919                            0.0553        0.0543             1.71%
* 24092+ 4904                            0.0553        0.0543             1.71%
  24511  5053        cutoff              0.0553        0.0543  1701761    1.65%
  25259  5191        cutoff              0.0553        0.0544  1723714    1.64%
  26018  5593        0.0544    15        0.0553        0.0544  1764454    1.60%
  27035  5840        0.0544    17        0.0553        0.0544  1790102    1.60%
  27804  6514        0.0545    10        0.0553        0.0544  1833752    1.60%
  28191  6629        0.0545    12        0.0553        0.0544  1846481    1.60%
  28559  6752        cutoff              0.0553        0.0544  1866905    1.60%
  28889  6861        cutoff              0.0553        0.0544  1880711    1.60%
  29374  6990        cutoff              0.0553        0.0544  1900630    1.60%
  29993  7213        0.0545    14        0.0553        0.0544  1913522    1.60%
Elapsed time = 47.36 sec. (60697.91 ticks, tree = 14.77 MB, solutions = 31)
  30589  7444        0.0552    14        0.0553        0.0544  1925525    1.60%
  31099  7761        0.0550    14        0.0553        0.0544  1945079    1.60%
  31522  7944        0.0549    15        0.0553        0.0544  1962140    1.60%
  31851  8035        0.0550    19        0.0553        0.0544  1973356    1.60%
  32277  8156        cutoff              0.0553        0.0544  1995838    1.60%
  32650  8232        cutoff              0.0553        0.0544  2005953    1.60%
  32961  8265        0.0545     6        0.0553        0.0544  2023038    1.60%
  33441  8377        0.0545    10        0.0553        0.0544  2038846    1.60%
  34076  8667        cutoff              0.0553        0.0544  2056347    1.60%
  34633  8780        0.0550    10        0.0553        0.0544  2066914    1.60%
Elapsed time = 54.86 sec. (70270.83 ticks, tree = 18.05 MB, solutions = 31)
  35050  8964        0.0550    17        0.0553        0.0544  2082164    1.60%
  35402  9153        0.0544     4        0.0553        0.0544  2102903    1.60%
  35808  9235        0.0551    13        0.0553        0.0544  2119388    1.60%
  36256  9221        cutoff              0.0553        0.0544  2129160    1.60%
  36779  9239        0.0545     7        0.0553        0.0544  2147096    1.60%
  37799  9342        cutoff              0.0553        0.0544  2171460    1.60%
  38960  9845        0.0550    15        0.0553        0.0544  2217267    1.60%
  39910 10127        0.0550    15        0.0553        0.0544  2242174    1.60%
  40594 10096        0.0544    14        0.0553        0.0544  2276577    1.60%
  41508 10229        0.0551    13        0.0553        0.0544  2308892    1.60%
Elapsed time = 62.22 sec. (79821.07 ticks, tree = 20.28 MB, solutions = 31)
  42694 10653        0.0545    14        0.0553        0.0544  2333430    1.59%
  43661 10906        0.0550    12        0.0553        0.0544  2363504    1.59%
  44543 10950        0.0545    12        0.0553        0.0544  2382333    1.59%
  45634 11224        0.0545    10        0.0553        0.0544  2428368    1.59%
  46715 11365        cutoff              0.0553        0.0544  2451378    1.59%
  47836 11724        0.0544    10        0.0553        0.0544  2490245    1.59%
  48939 11944        0.0544    16        0.0553        0.0544  2506271    1.59%
  49925 12311        cutoff              0.0553        0.0544  2540519    1.59%
  50866 12350        cutoff              0.0553        0.0544  2559991    1.59%
  55219 13120        0.0545     8        0.0553        0.0544  2676701    1.59%
Elapsed time = 70.67 sec. (92227.91 ticks, tree = 25.68 MB, solutions = 31)
  58692 13709        cutoff              0.0553        0.0544  2793953    1.59%
  61097 13919        0.0551    15        0.0553        0.0544  2927990    1.58%
  66900 15906        cutoff              0.0553        0.0544  3013278    1.54%
  72442 17606        0.0551    12        0.0553        0.0544  3106254    1.54%
  77336 18738        0.0551    12        0.0553        0.0544  3216381    1.54%
  81457 19897        cutoff              0.0553        0.0544  3337438    1.53%
  85621 20952        0.0551    14        0.0553        0.0544  3445039    1.53%
  88922 21755        0.0551    15        0.0553        0.0544  3569457    1.53%
  94202 23030        0.0552    16        0.0553        0.0544  3670179    1.53%
  97727 24947        0.0551    12        0.0553        0.0544  3792476    1.53%
Elapsed time = 97.16 sec. (130390.55 ticks, tree = 48.44 MB, solutions = 31)
 100919 25494        0.0551    10        0.0553        0.0544  3896618    1.53%
 105399 26914        0.0544    14        0.0553        0.0544  4016855    1.53%
 110830 29099        0.0552    15        0.0553        0.0544  4112134    1.53%
 114053 30297        0.0551    13        0.0553        0.0544  4230666    1.53%
 117636 30956        0.0552    15        0.0553        0.0544  4339451    1.53%
 121571 32460        0.0546    14        0.0553        0.0544  4460718    1.53%
 125947 33910        0.0551    15        0.0553        0.0544  4566120    1.53%
 128920 34645        0.0553    15        0.0553        0.0544  4695174    1.53%
 132275 35479        0.0552    12        0.0553        0.0544  4834371    1.53%
 135266 36675        cutoff              0.0553        0.0544  4950563    1.53%
Elapsed time = 123.47 sec. (168551.23 ticks, tree = 71.74 MB, solutions = 31)
 137930 37494        0.0552    13        0.0553        0.0544  5083117    1.53%
 140711 38511        0.0552    10        0.0553        0.0544  5236379    1.53%
 143923 39549        0.0552    14        0.0553        0.0544  5380100    1.53%
 147213 40988        cutoff              0.0553        0.0544  5489715    1.53%
 150107 42262        cutoff              0.0553        0.0544  5618022    1.52%
 152970 43242        0.0551    13        0.0553        0.0544  5754669    1.52%
 156270 44758        0.0551    12        0.0553        0.0544  5882098    1.52%
 159090 46073        0.0551     8        0.0553        0.0544  6028868    1.52%
 161937 47379        cutoff              0.0553        0.0544  6171071    1.52%
 164752 48253        0.0551    11        0.0553        0.0544  6292322    1.52%
Elapsed time = 149.64 sec. (206714.19 ticks, tree = 93.51 MB, solutions = 31)
 167451 49085        0.0551     6        0.0553        0.0544  6443414    1.52%
 170450 50358        0.0552    13        0.0553        0.0544  6575712    1.52%
 173745 51806        0.0552    12        0.0553        0.0544  6691853    1.48%
 177132 53810        0.0544     8        0.0553        0.0544  6838640    1.48%
 180472 55200        0.0552     9        0.0553        0.0544  6977396    1.47%
 184083 57133        0.0552    10        0.0553        0.0544  7101521    1.47%
 187350 58850        0.0544    10        0.0553        0.0544  7227033    1.47%
 190409 60076        0.0552    11        0.0553        0.0544  7382182    1.47%
 193657 61259        0.0552    10        0.0553        0.0544  7500649    1.47%
 197416 63285        0.0552     9        0.0553        0.0544  7650991    1.47%
Elapsed time = 176.17 sec. (244875.82 ticks, tree = 121.73 MB, solutions = 31)
 201173 65132        cutoff              0.0553        0.0544  7777617    1.47%
 204634 66796        0.0546     9        0.0553        0.0544  7924362    1.47%
 208255 67965        0.0552    13        0.0553        0.0544  8064480    1.47%
 212053 69563        0.0552    13        0.0553        0.0544  8177812    1.47%
 215415 71086        cutoff              0.0553        0.0544  8307867    1.47%
 218557 71910        0.0544    10        0.0553        0.0544  8425499    1.47%
 222298 74012        0.0552     9        0.0553        0.0544  8592024    1.47%
 225416 75162        cutoff              0.0553        0.0544  8702520    1.47%
 228482 75969        0.0544     8        0.0553        0.0544  8859239    1.47%
 231904 76914        0.0552    12        0.0553        0.0544  8986405    1.47%
Elapsed time = 202.55 sec. (283038.77 ticks, tree = 150.13 MB, solutions = 31)
 234890 78704        0.0552    11        0.0553        0.0544  9141842    1.47%
 237570 79006        0.0552    13        0.0553        0.0544  9286451    1.47%
 240226 79387        0.0544    12        0.0553        0.0544  9407518    1.47%
 243744 80771        0.0552    12        0.0553        0.0544  9528050    1.47%
 247899 82859        0.0552    11        0.0553        0.0544  9679520    1.47%
 252059 84231        0.0552    11        0.0553        0.0544  9779949    1.47%
 256364 86618        0.0552    13        0.0553        0.0544  9908112    1.47%
 260348 89134        0.0544     8        0.0553        0.0544 10045395    1.47%
 264362 90820        0.0544     8        0.0553        0.0544 10180869    1.47%
 268069 92509        0.0552    13        0.0553        0.0544 10308644    1.47%
Elapsed time = 228.89 sec. (321196.12 ticks, tree = 179.41 MB, solutions = 31)
 271695 94084        0.0552    10        0.0553        0.0544 10434363    1.47%
 275226 95131        0.0552    13        0.0553        0.0544 10544609    1.47%
 278756 96649        cutoff              0.0553        0.0544 10690761    1.47%
 281931 97733        0.0552    12        0.0553        0.0544 10834594    1.47%
 284426 98133        0.0544    10        0.0553        0.0544 10965318    1.47%
 287515 99325        0.0552    10        0.0553        0.0544 11134345    1.47%
 290329 100061        0.0545    10        0.0553        0.0544 11268014    1.46%
 293205 100636        cutoff              0.0553        0.0544 11374761    1.46%
 296210 101775        0.0551    10        0.0553        0.0544 11512494    1.46%
 299772 103120        0.0551    11        0.0553        0.0545 11648602    1.46%
Elapsed time = 255.67 sec. (359351.57 ticks, tree = 199.33 MB, solutions = 31)
 303278 104141        0.0552    13        0.0553        0.0545 11788355    1.46%
 306906 105742        0.0546     8        0.0553        0.0545 11942812    1.42%
 310509 106783        0.0552    14        0.0553        0.0545 12065120    1.42%
 313887 107962        0.0545    10        0.0553        0.0545 12216393    1.41%
 317227 108659        0.0552    12        0.0553        0.0545 12332959    1.41%
 320491 109486        0.0546     7        0.0553        0.0545 12456337    1.41%
 323813 110609        0.0552    12        0.0553        0.0545 12629979    1.41%
 327105 111247        cutoff              0.0553        0.0545 12755570    1.41%
 330517 111991        0.0552    11        0.0553        0.0545 12894041    1.41%
 333218 112498        0.0552    15        0.0553        0.0545 13019734    1.41%
Elapsed time = 281.91 sec. (397505.15 ticks, tree = 216.88 MB, solutions = 31)
 336278 113412        0.0545    10        0.0553        0.0545 13158935    1.41%
 339636 114089        cutoff              0.0553        0.0545 13307529    1.41%
 343072 114494        0.0552    14        0.0553        0.0545 13410219    1.41%
 345809 115074        0.0552    11        0.0553        0.0545 13583992    1.41%
 348637 115546        0.0552    11        0.0553        0.0545 13715313    1.41%
 352143 116334        cutoff              0.0553        0.0545 13842039    1.41%
 355735 117119        0.0553     8        0.0553        0.0545 13969545    1.41%
 358802 117668        0.0552    12        0.0553        0.0545 14092438    1.41%
 362089 118598        0.0553    11        0.0553        0.0545 14231231    1.41%
 365585 119697        0.0545     8        0.0553        0.0545 14383662    1.41%
Elapsed time = 308.42 sec. (435678.57 ticks, tree = 230.33 MB, solutions = 31)
 368737 120240        0.0552    13        0.0553        0.0545 14497487    1.41%
 371826 121106        0.0552    13        0.0553        0.0545 14639816    1.41%
 375206 122044        0.0552    11        0.0553        0.0545 14782998    1.41%
 378533 122850        cutoff              0.0553        0.0545 14893254    1.40%
 381980 124183        0.0552    11        0.0553        0.0545 15007087    1.40%
 386836 126215        0.0545     8        0.0553        0.0545 15097646    1.37%
 390463 128474        0.0552    10        0.0553        0.0545 15220893    1.35%
 393694 129873        cutoff              0.0553        0.0545 15341099    1.31%
 397005 131417        0.0552    11        0.0553        0.0545 15469811    1.31%
 400257 133112        cutoff              0.0553        0.0545 15619994    1.31%
Elapsed time = 334.55 sec. (473839.09 ticks, tree = 258.51 MB, solutions = 31)
 403710 134221        0.0552     9        0.0553        0.0545 15720203    1.31%
 407153 135754        cutoff              0.0553        0.0545 15867891    1.30%
 410441 137761        0.0552     8        0.0553        0.0545 16050752    1.30%
 413673 138689        0.0552    11        0.0553        0.0545 16134613    1.30%
 417189 139884        0.0552    16        0.0553        0.0545 16261893    1.30%
 420447 141588        0.0552    12        0.0553        0.0545 16424826    1.30%
 423451 142980        0.0552     8        0.0553        0.0545 16569030    1.30%
 426758 144159        0.0552     9        0.0553        0.0545 16693038    1.30%
 429680 145479        0.0552     8        0.0553        0.0545 16837297    1.30%
 432935 146251        0.0552     9        0.0553        0.0545 16951114    1.30%
Elapsed time = 360.19 sec. (511993.05 ticks, tree = 283.19 MB, solutions = 31)
 436313 148023        0.0552    10        0.0553        0.0545 17106133    1.30%
 439326 149255        0.0552    10        0.0553        0.0545 17238306    1.30%
 442833 150490        0.0552     6        0.0553        0.0545 17350111    1.30%
 446093 151713        0.0552     8        0.0553        0.0545 17472731    1.30%
 449565 152885        0.0552    17        0.0553        0.0545 17600529    1.30%
 452360 154134        cutoff              0.0553        0.0545 17756114    1.30%
 455693 155339        0.0552    10        0.0553        0.0545 17898356    1.30%
 458852 156297        0.0552    11        0.0553        0.0545 18001270    1.30%
 462097 157742        cutoff              0.0553        0.0545 18169703    1.30%
 465339 158866        0.0552     8        0.0553        0.0545 18300066    1.30%
Elapsed time = 386.08 sec. (550146.90 ticks, tree = 308.57 MB, solutions = 31)
 468731 160161        0.0552     9        0.0553        0.0545 18445767    1.30%
 471744 161067        0.0546    10        0.0553        0.0545 18577712    1.30%
 475028 161693        cutoff              0.0553        0.0545 18669140    1.30%
 477957 162924        cutoff              0.0553        0.0545 18854303    1.30%
 481002 163761        0.0552     9        0.0553        0.0545 18962981    1.30%
 484207 164987        0.0545     5        0.0553        0.0545 19115314    1.30%
 487366 165903        0.0552    10        0.0553        0.0545 19232336    1.30%
 490282 166505        0.0553     8        0.0553        0.0545 19338541    1.30%
 493244 167500        0.0545     8        0.0553        0.0545 19478299    1.30%
 496636 169038        cutoff              0.0553        0.0545 19657836    1.30%
Elapsed time = 411.97 sec. (588301.39 ticks, tree = 327.66 MB, solutions = 31)
 499624 169629        0.0552    10        0.0553        0.0545 19758464    1.29%
 502617 170604        0.0552     9        0.0553        0.0545 19915030    1.29%
 506004 171543        0.0552     8        0.0553        0.0545 20029712    1.29%
 508990 172540        cutoff              0.0553        0.0545 20174746    1.29%
 511968 173465        cutoff              0.0553        0.0545 20327017    1.29%
 515094 174528        cutoff              0.0553        0.0545 20477653    1.29%
 518030 175098        cutoff              0.0553        0.0545 20595519    1.29%
 520833 176049        0.0553     8        0.0553        0.0545 20770537    1.29%
 523641 176645        cutoff              0.0553        0.0545 20894284    1.29%
 526118 177269        0.0545     6        0.0553        0.0545 21075015    1.29%
Elapsed time = 437.77 sec. (626461.19 ticks, tree = 343.08 MB, solutions = 31)
 528461 177612        0.0552    11        0.0553        0.0545 21215692    1.29%
 530151 177592        0.0552     9        0.0553        0.0545 21354954    1.29%
 532079 177535        0.0546    10        0.0553        0.0545 21487361    1.29%
 535220 178229        0.0552    10        0.0553        0.0545 21621374    1.28%
 538423 179379        0.0552     8        0.0553        0.0546 21765556    1.25%
 541660 180748        0.0546     8        0.0553        0.0546 21942392    1.25%
 545208 181837        0.0546    10        0.0553        0.0546 22073790    1.25%
 548376 182594        0.0546     9        0.0553        0.0546 22180670    1.24%
 551616 183776        0.0547    24        0.0553        0.0546 22330884    1.24%
 554876 184830        cutoff              0.0553        0.0546 22485363    1.24%
Elapsed time = 463.66 sec. (664624.16 ticks, tree = 357.21 MB, solutions = 31)
 558260 185461        0.0546    11        0.0553        0.0546 22589966    1.24%
 561634 186806        0.0552     8        0.0553        0.0546 22759055    1.24%
 564625 187748        0.0552    13        0.0553        0.0546 22910557    1.24%
 567648 188670        0.0552    10        0.0553        0.0546 23049382    1.24%
 570929 189613        cutoff              0.0553        0.0546 23188776    1.24%
 573836 190173        0.0552    11        0.0553        0.0546 23307465    1.24%
 577298 191154        0.0552    10        0.0553        0.0546 23477116    1.24%
 580092 191527        0.0552    10        0.0553        0.0546 23555664    1.24%
 582856 192167        0.0552     8        0.0553        0.0546 23709288    1.24%
 585881 193330        0.0552     8        0.0553        0.0546 23876132    1.24%
Elapsed time = 489.61 sec. (702783.68 ticks, tree = 375.18 MB, solutions = 31)
 589032 193988        cutoff              0.0553        0.0546 23971674    1.24%
 592090 194851        0.0546     6        0.0553        0.0546 24114538    1.24%
 595117 195551        0.0546     8        0.0553        0.0546 24272555    1.24%
 597967 196192        cutoff              0.0553        0.0546 24440202    1.24%
 600519 196431        0.0552     8        0.0553        0.0546 24536961    1.24%
 603445 197148        0.0552     7        0.0553        0.0546 24679026    1.24%
 606685 198307        0.0546     6        0.0553        0.0546 24852210    1.24%
 609773 198802        0.0546    10        0.0553        0.0546 24935260    1.24%
 612786 199903        cutoff              0.0553        0.0546 25114151    1.24%
 615747 200337        0.0552    10        0.0553        0.0546 25241530    1.24%
Elapsed time = 516.00 sec. (740943.24 ticks, tree = 388.30 MB, solutions = 31)
 618388 200640        0.0552     8        0.0553        0.0546 25353333    1.24%
 621255 201251        0.0553    12        0.0553        0.0546 25506812    1.24%
 624335 202431        0.0546     8        0.0553        0.0546 25696742    1.24%
 627284 202895        0.0546     6        0.0553        0.0546 25777644    1.24%
 630624 204379        0.0552    10        0.0553        0.0546 25983663    1.24%
 633641 204846        0.0552    12        0.0553        0.0546 26083719    1.24%
 636261 205386        0.0552     8        0.0553        0.0546 26245420    1.24%
 639161 205821        0.0553    10        0.0553        0.0546 26347880    1.24%
 642140 206915        0.0546     6        0.0553        0.0546 26518839    1.24%
 644191 207615        cutoff              0.0553        0.0546 26662771    1.24%
Elapsed time = 542.17 sec. (779110.97 ticks, tree = 401.92 MB, solutions = 31)
 645538 207909        cutoff              0.0553        0.0546 26727788    1.24%
 646762 208266        0.0552     8        0.0553        0.0546 26811165    1.24%
 647741 208456        0.0552     8        0.0553        0.0546 26858308    1.24%
 648490 208621        0.0553     9        0.0553        0.0546 26898282    1.24%
 649319 208920        cutoff              0.0553        0.0546 26948935    1.23%
 650187 209151        0.0552     9        0.0553        0.0546 26985106    1.23%
 651277 209422        0.0552     8        0.0553        0.0546 27018143    1.23%
 652104 209632        0.0552    10        0.0553        0.0546 27049080    1.23%
 652985 209964        0.0552    10        0.0553        0.0546 27097283    1.23%
 653582 210195        cutoff              0.0553        0.0546 27128616    1.23%
Elapsed time = 570.44 sec. (817299.65 ticks, tree = 406.75 MB, solutions = 31)
 654375 210217        0.0552    16        0.0553        0.0546 27148687    1.23%
 655003 210418        0.0552    10        0.0553        0.0546 27194026    1.23%
 656086 210596        0.0552     8        0.0553        0.0546 27247773    1.23%
 656728 210709        0.0552     7        0.0553        0.0546 27283923    1.23%
 657521 210893        0.0546    24        0.0553        0.0546 27326603    1.23%
 659156 211067        cutoff              0.0553        0.0546 27356914    1.23%
 661106 211852        0.0546    10        0.0553        0.0546 27490060    1.23%
 663065 212194        cutoff              0.0553        0.0546 27591486    1.23%
 665171 212593        0.0546     7        0.0553        0.0546 27708393    1.23%
 666742 212813        0.0552     8        0.0553        0.0546 27784402    1.23%
Elapsed time = 598.62 sec. (855627.74 ticks, tree = 411.65 MB, solutions = 31)

Cover cuts applied:  14
Mixed integer rounding cuts applied:  21
Zero-half cuts applied:  1
Gomory fractional cuts applied:  1

Root node processing (before b&c):
  Real time             =    0.53 sec. (595.93 ticks)
Parallel b&c, 4 threads:
  Real time             =  599.48 sec. (857134.28 ticks)
  Sync time (average)   =   25.13 sec.
  Wait time (average)   =    0.02 sec.
                          ------------
Total (root+branch&cut) =  600.02 sec. (857730.21 ticks)
