Version identifier: 22.2.0.0 | 2026-05-04 | 5dff98e58
CPXPARAM_Read_DataCheck                          1
CPXPARAM_Threads                                 4
CPXPARAM_Parallel                                1
CPXPARAM_RandomSeed                              20260925
CPXPARAM_MIP_Strategy_Search                     1
CPXPARAM_Simplex_Tolerances_Optimality           1.0000000000000001e-09
CPXPARAM_Simplex_Tolerances_Feasibility          1.0000000000000001e-09
CPXPARAM_TimeLimit                               600
CPXPARAM_MIP_Tolerances_AbsMIPGap                1.0000000000000001e-09
CPXPARAM_MIP_Tolerances_Integrality              1.0000000000000001e-09
Legacy callback                                  iLUD
Lazy constraint(s) or lazy constraint/branch callback is present.
    Disabling dual reductions (CPX_PARAM_REDUCE) in presolve.
    Disabling presolve reductions that prevent crushing forms (CPX_PARAM_PREREFORM).
         Disabling repeat represolve because of lazy constraint/incumbent callback.
Warning: Effort level 'CheckFeas' is incompatible with lazy constraint/incumbent callback.
         Effort level increased to 'SolveFixed'.
1 of 1 MIP starts provided solutions.
MIP start 'm1' defined initial solution with objective -0.1457.
Tried aggregator 1 time.
MIP Presolve eliminated 1353 rows and 0 columns.
Reduced MIP has 1616 rows, 2360 columns, and 18098 nonzeros.
Reduced MIP has 1164 binaries, 0 generals, 0 SOSs, and 0 indicators.
Presolve time = 0.02 sec. (12.26 ticks)
Probing time = 0.00 sec. (0.29 ticks)
MIP emphasis: balance optimality and feasibility.
MIP search method: traditional branch-and-cut.
Parallel mode: deterministic, using up to 4 threads.
Root relaxation solution time = 0.03 sec. (35.01 ticks)

        Nodes                                         Cuts/
   Node  Left     Objective  IInf  Best Integer    Best Bound    ItCnt     Gap         Variable B NodeID Parent  Depth

*     0+    0                           -0.1457       -0.8736           499.41%
      0     0       -0.2053    28       -0.1457       -0.2053     1211   40.85%
*     0+    0                           -0.1984       -0.2053             3.44%
      0     0       -0.2053    12       -0.1984 UserPurge1: 1     1213    3.44%
*     0+    0                           -0.2016       -0.2053             1.85%
*     0+    0                           -0.2028       -0.2053             1.22%
      0     0  -1.00000e+75     0       -0.2028       -0.2053     1213    1.22%
      0     2       -0.2053    12       -0.2028       -0.2053     1213    1.22%                        0             0
Elapsed time = 1.14 sec. (538.15 ticks, tree = 0.02 MB, solutions = 4)
*    11+   11                           -0.2031       -0.2053             1.07%
*    37+    2                           -0.2031       -0.2053             1.07%
     77    55       -0.2041    13       -0.2031       -0.2053     5351    1.07%            x825 D     46     38     10
    156   104       -0.2043    14       -0.2031       -0.2053     8948    1.07%            x824 U    150    142     11
    312   185        cutoff             -0.2031       -0.2053    14238    1.07%            x823 D    175    167     30
    555   308       -0.2048    16       -0.2031       -0.2050    19206    0.92%            x845 D    654    650     13
    823   497       -0.2036    10       -0.2031       -0.2048    26317    0.85%            x935 U    865    861     18
   1085   681       -0.2041    16       -0.2031       -0.2048    32151    0.85%             x34 D   1214   1210     17
   1361   853       -0.2032     6       -0.2031       -0.2048    39175    0.84%            x842 D   1267   1263     24
   1697  1071        cutoff             -0.2031       -0.2048    44821    0.84%            x926 U   1882   1874     25
   1962  1257       -0.2038    14       -0.2031       -0.2048    52684    0.81%            x155 D   2186   2182     19
   3172  1913       -0.2032    12       -0.2031       -0.2046    78522    0.73%            x842 D   3390   3386     22
Elapsed time = 56.83 sec. (3651.48 ticks, tree = 21.73 MB, solutions = 6)
   4283  2572        cutoff             -0.2031       -0.2046   112185    0.72%            x836 D   4207   4203     22
   5402  3238       -0.2037     8       -0.2031       -0.2045   140369    0.68%            x610 D   5492   5488     14
   6813  3978       -0.2041    14       -0.2031       -0.2043   169234    0.59%            x842 D   6779   6775     16
   8087  4781       -0.2032     4       -0.2031       -0.2043   198723    0.58%            x863 U   8142   8134     16
   9126  5363       -0.2032     8       -0.2031       -0.2042   223825    0.56%            x845 D   9174   9170     22
  10320  6097       -0.2037    13       -0.2031       -0.2042   252203    0.56%            x827 U  10366   3555      8
  11422  6546        cutoff             -0.2031       -0.2042   276141    0.52%            x846 D  11502   3297     20
  12541  7102       -0.2034    19       -0.2031       -0.2041   302088    0.49%             x33 D  12413  12405     33
  13645  7857       -0.2034    16       -0.2031       -0.2041   328010    0.48%            x742 D  13593  13589     48
  14847  8486       -0.2031    12       -0.2031       -0.2041   354953    0.48%            x701 D  14853  14849     58
Elapsed time = 329.58 sec. (13195.68 ticks, tree = 97.76 MB, solutions = 6)
  15789  8947       -0.2033    12       -0.2031       -0.2041   378780    0.48%             x35 D  15888  15884     17
  16625  9422       -0.2037    12       -0.2031       -0.2041   412508    0.48%            x394 D  16783  16779     20
  17723  9946       -0.2032    13       -0.2031       -0.2041   434416    0.48%            x508 D  17827  17823     43
  18633 10394       -0.2037    11       -0.2031       -0.2040   451688    0.46%            x821 D  18737  18733     15
  19541 10837       -0.2034    13       -0.2031       -0.2040   474173    0.45%            x824 D  19553  19549     14
  20420 11262       -0.2035    12       -0.2031       -0.2040   496755    0.44%            x395 U  20700  20692     16
  21335 11656       -0.2035    10       -0.2031       -0.2040   516519    0.42%            x844 U  21190  10525     16
  22304 12179       -0.2031    21       -0.2031       -0.2039   544537    0.41%            x155 U  21993  21989     26
  23147 12379        cutoff             -0.2031       -0.2039   562409    0.39%            x843 U  23416   2366     18
  24022 12748       -0.2032    19       -0.2031       -0.2039   583937    0.38%            x838 D  24372  24368     20
Elapsed time = 517.83 sec. (22745.49 ticks, tree = 150.42 MB, solutions = 6)
  24993 13120       -0.2037    15       -0.2031       -0.2038   602395    0.36%             x35 U  24814   3895     17
  25778 13499       -0.2034     7       -0.2031       -0.2038   623417    0.36%            x842 D  25678  25674     13
  26412 13672       -0.2032     6       -0.2031       -0.2038   637954    0.35%            x918 U  26518  26514     16
  27185 13917       -0.2032    10       -0.2031       -0.2038   652893    0.35%            x837 U  27141   6862     16
  27350 13981       -0.2033    19       -0.2031       -0.2038   656621    0.35%            x827 U  27800  10085     11
  27630 13951       -0.2032     2       -0.2031       -0.2038   656772    0.34%            x933 U  27203  27199     21

User cuts applied:  264

Root node processing (before b&c):
  Real time             =    1.14 sec. (537.15 ticks)
Parallel b&c, 4 threads:
  Real time             =  599.16 sec. (28733.12 ticks)
  Sync time (average)   =   38.38 sec.
  Wait time (average)   =    0.00 sec.
                          ------------
Total (root+branch&cut) =  600.30 sec. (29270.27 ticks)
