Version identifier: 22.2.0.0 | 2026-05-04 | 5dff98e58
CPXPARAM_Read_DataCheck                          1
CPXPARAM_Threads                                 4
CPXPARAM_Parallel                                1
CPXPARAM_RandomSeed                              20260925
CPXPARAM_Simplex_Tolerances_Optimality           1.0000000000000001e-09
CPXPARAM_Simplex_Tolerances_Feasibility          1.0000000000000001e-09
CPXPARAM_TimeLimit                               600
CPXPARAM_MIP_Tolerances_AbsMIPGap                1.0000000000000001e-09
CPXPARAM_MIP_Tolerances_Integrality              1.0000000000000001e-09
Legacy callback                                  i
1 of 6 MIP starts provided solutions.
MIP start 'm1' defined initial solution with objective 0.0000.
Tried aggregator 2 times.
MIP Presolve eliminated 70 rows and 1 columns.
MIP Presolve modified 300 coefficients.
Aggregator did 1 substitutions.
Reduced MIP has 376 rows, 396 columns, and 2079 nonzeros.
Reduced MIP has 96 binaries, 0 generals, 0 SOSs, and 0 indicators.
Presolve time = 0.00 sec. (1.55 ticks)
Probing time = 0.00 sec. (0.08 ticks)
Tried aggregator 1 time.
Detecting symmetries...
MIP Presolve modified 66 coefficients.
Reduced MIP has 376 rows, 396 columns, and 2079 nonzeros.
Reduced MIP has 96 binaries, 0 generals, 0 SOSs, and 0 indicators.
Presolve time = 0.00 sec. (0.94 ticks)
Probing time = 0.00 sec. (0.07 ticks)
MIP emphasis: balance optimality and feasibility.
MIP search method: dynamic search.
Parallel mode: deterministic, using up to 4 threads.
Root relaxation solution time = 0.02 sec. (7.09 ticks)

        Nodes                                         Cuts/
   Node  Left     Objective  IInf  Best Integer    Best Bound    ItCnt     Gap

*     0+    0                            0.0000       -0.7669              --- 
      0     0       -0.2946    31        0.0000       -0.2946      492     --- 
      0     0       -0.2656    39        0.0000      Cuts: 30      709     --- 
      0     0       -0.2563    38        0.0000      Cuts: 28      801     --- 
      0     0       -0.2374    43        0.0000   MIRcuts: 21      942     --- 
      0     0       -0.2330    41        0.0000   MIRcuts: 20      995     --- 
      0     0       -0.2322    40        0.0000   MIRcuts: 10     1036     --- 
Detecting symmetries...
      0     0       -0.2307    35        0.0000    MIRcuts: 8     1082     --- 
      0     0       -0.2288    36        0.0000    MIRcuts: 9     1130     --- 
      0     0       -0.2279    30        0.0000    MIRcuts: 9     1170     --- 
      0     0       -0.2277    34        0.0000    MIRcuts: 7     1205     --- 
      0     0       -0.2273    42        0.0000       Cuts: 6     1243     --- 
      0     0       -0.2270    35        0.0000    MIRcuts: 7     1263     --- 
      0     0       -0.2265    32        0.0000    MIRcuts: 2     1269     --- 
      0     0       -0.2259    33        0.0000    MIRcuts: 5     1309     --- 
      0     0       -0.2257    37        0.0000    MIRcuts: 4     1328     --- 
      0     0       -0.2253    36        0.0000    MIRcuts: 5     1353     --- 
*     0+    0                           -0.2171       -0.2253             3.80%
      0     0       -0.2246    30       -0.2171    MIRcuts: 6     1404    3.49%
      0     0       -0.2240    30       -0.2171    MIRcuts: 3     1433    3.21%
      0     0       -0.2232    38       -0.2171    MIRcuts: 3     1462    2.83%
      0     0       -0.2232    39       -0.2171    MIRcuts: 5     1474    2.81%
      0     0       -0.2231    36       -0.2171    MIRcuts: 2     1486    2.80%
Detecting symmetries...
      0     2       -0.2231    36       -0.2171       -0.2231     1486    2.80%
Elapsed time = 0.19 sec. (135.52 ticks, tree = 0.02 MB, solutions = 2)

Flow cuts applied:  1
Mixed integer rounding cuts applied:  87
Lift and project cuts applied:  6
Gomory fractional cuts applied:  4

Root node processing (before b&c):
  Real time             =    0.19 sec. (135.21 ticks)
Parallel b&c, 4 threads:
  Real time             =    0.03 sec. (24.21 ticks)
  Sync time (average)   =    0.00 sec.
  Wait time (average)   =    0.00 sec.
                          ------------
Total (root+branch&cut) =    0.22 sec. (159.41 ticks)
