Version identifier: 22.2.0.0 | 2026-05-04 | 5dff98e58
CPXPARAM_Read_DataCheck                          1
CPXPARAM_Threads                                 4
CPXPARAM_Parallel                                1
CPXPARAM_RandomSeed                              20260925
CPXPARAM_Simplex_Tolerances_Optimality           1.0000000000000001e-09
CPXPARAM_Simplex_Tolerances_Feasibility          1.0000000000000001e-09
CPXPARAM_TimeLimit                               600
CPXPARAM_MIP_Tolerances_AbsMIPGap                1.0000000000000001e-09
CPXPARAM_MIP_Tolerances_Integrality              1.0000000000000001e-09
Legacy callback                                  i
1 of 15 MIP starts provided solutions.
MIP start 'm1' defined initial solution with objective 0.1510.
Tried aggregator 1 time.
MIP Presolve eliminated 40 rows and 2 columns.
MIP Presolve modified 504 coefficients.
Reduced MIP has 657 rows, 708 columns, and 5670 nonzeros.
Reduced MIP has 174 binaries, 0 generals, 0 SOSs, and 0 indicators.
Presolve time = 0.00 sec. (2.27 ticks)
Probing time = 0.00 sec. (0.17 ticks)
Tried aggregator 1 time.
Detecting symmetries...
Reduced MIP has 657 rows, 708 columns, and 5670 nonzeros.
Reduced MIP has 174 binaries, 0 generals, 0 SOSs, and 0 indicators.
Presolve time = 0.00 sec. (2.24 ticks)
Probing time = 0.00 sec. (0.17 ticks)
MIP emphasis: balance optimality and feasibility.
MIP search method: dynamic search.
Parallel mode: deterministic, using up to 4 threads.
Root relaxation solution time = 0.00 sec. (6.19 ticks)

        Nodes                                         Cuts/
   Node  Left     Objective  IInf  Best Integer    Best Bound    ItCnt     Gap

*     0+    0                            0.1510        0.0000           100.00%
      0     0        0.1297    19        0.1510        0.1297      339   14.06%
      0     0        0.1297    33        0.1510      Cuts: 32      551   14.05%
      0     0        0.1300    30        0.1510      Cuts: 40      708   13.90%
      0     0        0.1301    47        0.1510      Cuts: 37     1007   13.80%
      0     0        0.1303    48        0.1510   MIRcuts: 41     1172   13.69%
*     0+    0                            0.1505        0.1303            13.41%
      0     0        0.1303    50        0.1505   MIRcuts: 44     1331   13.38%
Detecting symmetries...
      0     0        0.1304    54        0.1505   MIRcuts: 15     1463   13.37%
      0     0        0.1304    60        0.1505   MIRcuts: 12     1610   13.36%
*     0+    0                            0.1502        0.1304            13.22%
Detecting symmetries...
      0     2        0.1304    60        0.1502        0.1304     1610   13.22%
Elapsed time = 0.25 sec. (230.99 ticks, tree = 0.02 MB, solutions = 3)
    202    97        0.1432    28        0.1502        0.1306    15406   13.08%
    691   418        0.1409    26        0.1502        0.1328    34164   11.60%
   1175   846        0.1388    29        0.1502        0.1336    55990   11.08%
   1714  1254        0.1374    35        0.1502        0.1339    75068   10.90%
   2200  1613        0.1413    37        0.1502        0.1341    94751   10.73%

Performing restart 1

Repeating presolve.
Tried aggregator 1 time.
MIP Presolve modified 168 coefficients.
Reduced MIP has 657 rows, 708 columns, and 5622 nonzeros.
Reduced MIP has 174 binaries, 0 generals, 0 SOSs, and 0 indicators.
Presolve time = 0.02 sec. (2.54 ticks)
Tried aggregator 1 time.
Reduced MIP has 657 rows, 708 columns, and 5622 nonzeros.
Reduced MIP has 174 binaries, 0 generals, 0 SOSs, and 0 indicators.
Presolve time = 0.00 sec. (2.25 ticks)
Represolve time = 0.02 sec. (8.09 ticks)
   2538     0        0.1305    59        0.1502      Cuts: 28   113131   10.67%
   2538     0        0.1307    56        0.1502      Cuts: 12   113228   10.67%
   2538     0        0.1309    64        0.1502      Cuts: 26   113311   10.67%
   2538     0        0.1311    61        0.1502      Cuts: 15   113409   10.67%
   2538     0        0.1314    59        0.1502      Cuts: 24   113519   10.67%
   2538     0        0.1316    58        0.1502      Cuts: 25   113628   10.67%
   2538     2        0.1316    58        0.1502        0.1342   113628   10.67%
   2552    16        0.1348    55        0.1502        0.1342   115593   10.67%
   2694   125        0.1489    54        0.1502        0.1342   127665   10.67%
   2981   260        0.1348    44        0.1502        0.1343   140165   10.63%
   3955  1117        0.1458    36        0.1502        0.1349   212707   10.21%
Elapsed time = 5.75 sec. (5169.54 ticks, tree = 0.88 MB, solutions = 3)
   4881  1770        0.1376    52        0.1502        0.1355   280818    9.81%
   5706  2344        0.1460    46        0.1502        0.1361   342621    9.43%
   6472  2911        0.1410    34        0.1502        0.1364   417871    9.24%
   7230  3465        0.1397    43        0.1502        0.1367   487070    9.02%
   8030  3981        0.1389    53        0.1502        0.1369   563729    8.85%
   8827  4467        0.1482    45        0.1502        0.1372   618198    8.67%
   9669  5228        0.1482    47        0.1502        0.1375   706098    8.51%
  10629  5750        0.1447    40        0.1502        0.1378   772873    8.30%
  11589  6442        0.1413    48        0.1502        0.1381   837711    8.09%
  12507  7158        0.1396    56        0.1502        0.1382   902502    7.99%
Elapsed time = 15.19 sec. (14721.06 ticks, tree = 11.21 MB, solutions = 3)
  13495  7746        0.1486    57        0.1502        0.1384   960125    7.90%
  14155  8354        0.1437    50        0.1502        0.1386  1026669    7.74%
  14865  8631        0.1432    51        0.1502        0.1387  1070835    7.68%
  15585  9165        0.1474    40        0.1502        0.1388  1150847    7.58%
  16194  9528        0.1453    60        0.1502        0.1390  1205395    7.48%
  16856  9883        cutoff              0.1502        0.1391  1281059    7.40%
  17488 10157        cutoff              0.1502        0.1392  1343474    7.33%
  18109 10625        0.1475    46        0.1502        0.1394  1419579    7.23%
  18826 10927        0.1464    42        0.1502        0.1395  1471375    7.16%
  19514 11322        0.1491    48        0.1502        0.1396  1543459    7.08%
Elapsed time = 22.84 sec. (24266.83 ticks, tree = 24.24 MB, solutions = 3)
  20194 11764        cutoff              0.1502        0.1397  1621266    7.00%
  20894 12170        0.1460    41        0.1502        0.1398  1687478    6.92%
  21620 12515        0.1438    61        0.1502        0.1400  1755281    6.83%
  22250 12817        0.1434    51        0.1502        0.1400  1809720    6.79%
* 22683+13011                            0.1498        0.1401             6.43%
  22905 12995        0.1488    53        0.1498        0.1402  1881195    6.39%
  23597 13433        0.1479    56        0.1498        0.1403  1943484    6.33%
  24134 13703        0.1452    65        0.1498        0.1403  2009445    6.29%
  24672 13889        0.1469    65        0.1498        0.1404  2067821    6.23%
  25221 14112        0.1464    51        0.1498        0.1405  2127873    6.15%
  25827 14302        0.1487    37        0.1498        0.1407  2178936    6.08%
Elapsed time = 30.75 sec. (33812.16 ticks, tree = 33.76 MB, solutions = 4)
  26341 14498        0.1462    54        0.1498        0.1407  2239103    6.03%
  26624 14702        0.1495    60        0.1498        0.1408  2308608    5.99%
  26913 14776        0.1464    50        0.1498        0.1408  2344937    5.99%
  27190 14844        cutoff              0.1498        0.1408  2378455    5.99%
  27490 14981        0.1467    41        0.1498        0.1408  2405494    5.99%
  27829 15064        cutoff              0.1498        0.1408  2435028    5.99%
  28120 15204        0.1455    53        0.1498        0.1408  2472030    5.99%
  28479 15378        cutoff              0.1498        0.1408  2509738    5.99%
  28778 15486        cutoff              0.1498        0.1408  2537279    5.99%
  29329 15644        0.1466    52        0.1498        0.1413  2579301    5.66%
Elapsed time = 39.94 sec. (43368.75 ticks, tree = 38.75 MB, solutions = 4)
  29926 15807        0.1490    46        0.1498        0.1414  2634346    5.60%
  30665 15974        0.1462    60        0.1498        0.1415  2707062    5.54%
  31236 16117        0.1434    54        0.1498        0.1416  2781662    5.47%
  31858 16287        0.1472    52        0.1498        0.1417  2826996    5.41%
  32503 16481        0.1455    56        0.1498        0.1417  2876746    5.37%
  33157 16685        0.1477    43        0.1498        0.1418  2943883    5.29%
  33832 16892        0.1447    56        0.1498        0.1420  3006062    5.21%
  34373 17116        0.1453    32        0.1498        0.1420  3080771    5.16%
  34921 17361        0.1482    51        0.1498        0.1421  3165175    5.09%
  35604 17461        0.1481    48        0.1498        0.1422  3202798    5.03%
Elapsed time = 47.53 sec. (52929.23 ticks, tree = 45.64 MB, solutions = 4)
  36222 17686        0.1493    31        0.1498        0.1423  3267722    4.98%
  36881 17898        cutoff              0.1498        0.1424  3337830    4.93%
  37633 18134        0.1461    44        0.1498        0.1425  3406456    4.87%
  38251 18329        0.1453    44        0.1498        0.1426  3469087    4.81%
  38856 18442        0.1478    63        0.1498        0.1427  3527617    4.74%
  39517 18533        0.1461    40        0.1498        0.1428  3602995    4.68%
  40198 18671        0.1461    44        0.1498        0.1428  3667629    4.64%
  40892 18928        cutoff              0.1498        0.1429  3738455    4.58%
  41620 18987        cutoff              0.1498        0.1430  3769611    4.52%
  42318 19304        0.1461    49        0.1498        0.1431  3859494    4.45%
Elapsed time = 55.14 sec. (62483.82 ticks, tree = 54.45 MB, solutions = 4)
  43040 19363        cutoff              0.1498        0.1432  3893788    4.41%
  43698 19541        cutoff              0.1498        0.1432  3954133    4.37%
  44388 19698        0.1443    51        0.1498        0.1433  4028249    4.30%
  45117 19960        cutoff              0.1498        0.1434  4107431    4.25%
  45841 20077        cutoff              0.1498        0.1435  4160204    4.19%
  46538 20251        0.1473    48        0.1498        0.1436  4225637    4.14%
  47340 20449        0.1441    61        0.1498        0.1436  4288566    4.10%
  48115 20662        cutoff              0.1498        0.1437  4341079    4.03%
  48833 20916        cutoff              0.1498        0.1438  4411249    3.98%
  49629 21103        cutoff              0.1498        0.1439  4460545    3.95%
Elapsed time = 63.09 sec. (72031.27 ticks, tree = 62.79 MB, solutions = 4)
  50378 21311        0.1466    45        0.1498        0.1439  4531656    3.90%
  51139 21519        0.1460    40        0.1498        0.1440  4585876    3.87%
  51911 21753        cutoff              0.1498        0.1440  4658043    3.83%
  52583 21798        0.1468    51        0.1498        0.1441  4691449    3.78%
  53305 21992        0.1476    47        0.1498        0.1442  4764414    3.75%
  54100 22119        0.1489    57        0.1498        0.1442  4832722    3.71%
  54837 22264        0.1476    58        0.1498        0.1443  4887676    3.66%
  55618 22366        0.1476    59        0.1498        0.1443  4942523    3.62%
  56384 22437        0.1477    48        0.1498        0.1444  5003240    3.57%
  57104 22539        0.1484    51        0.1498        0.1445  5047491    3.54%
Elapsed time = 70.98 sec. (81583.15 ticks, tree = 70.77 MB, solutions = 4)
  57892 22631        0.1490    50        0.1498        0.1445  5131645    3.50%
  58692 22698        cutoff              0.1498        0.1446  5173805    3.47%
  59438 22910        0.1462    60        0.1498        0.1447  5254614    3.41%
  60269 22977        cutoff              0.1498        0.1447  5301474    3.36%
  61027 23085        0.1485    45        0.1498        0.1448  5355444    3.33%
  61782 23225        0.1455    41        0.1498        0.1448  5438820    3.30%
  62668 23283        0.1495    41        0.1498        0.1449  5481840    3.27%
  63477 23399        0.1460    37        0.1498        0.1449  5535508    3.22%
  64313 23489        cutoff              0.1498        0.1450  5607873    3.18%
  67547 23707        cutoff              0.1498        0.1452  5842589    3.03%
Elapsed time = 80.98 sec. (93993.00 ticks, tree = 77.35 MB, solutions = 4)
  70971 24037        0.1474    50        0.1498        0.1455  6096347    2.87%
  74283 24107        cutoff              0.1498        0.1457  6310037    2.72%
  77746 24152        0.1491    58        0.1498        0.1459  6586243    2.55%
  81287 23849        0.1491    58        0.1498        0.1462  6810415    2.41%
  84875 23520        0.1495    40        0.1498        0.1464  7021675    2.25%
  88600 22680        cutoff              0.1498        0.1466  7263698    2.12%
  92536 21714        0.1497    41        0.1498        0.1468  7507097    1.95%
  96727 20277        0.1486    54        0.1498        0.1471  7732919    1.78%
 101332 17996        0.1494    45        0.1498        0.1474  8003181    1.55%
 106591 15000        cutoff              0.1498        0.1479  8235268    1.25%
Elapsed time = 111.66 sec. (132145.90 ticks, tree = 46.36 MB, solutions = 4)
 113275 10002        cutoff              0.1498        0.1485  8477619    0.85%

Cover cuts applied:  15
Flow cuts applied:  2
Mixed integer rounding cuts applied:  171
Lift and project cuts applied:  4

Root node processing (before b&c):
  Real time             =    0.25 sec. (230.59 ticks)
Parallel b&c, 4 threads:
  Real time             =  117.42 sec. (139345.54 ticks)
  Sync time (average)   =    4.66 sec.
  Wait time (average)   =    0.01 sec.
                          ------------
Total (root+branch&cut) =  117.67 sec. (139576.13 ticks)
