Version identifier: 22.2.0.0 | 2026-05-04 | 5dff98e58
CPXPARAM_Read_DataCheck                          1
CPXPARAM_Threads                                 4
CPXPARAM_Parallel                                1
CPXPARAM_RandomSeed                              20260925
CPXPARAM_Simplex_Tolerances_Optimality           1.0000000000000001e-09
CPXPARAM_Simplex_Tolerances_Feasibility          1.0000000000000001e-09
CPXPARAM_TimeLimit                               600
CPXPARAM_MIP_Tolerances_AbsMIPGap                1.0000000000000001e-09
CPXPARAM_MIP_Tolerances_Integrality              1.0000000000000001e-09
Legacy callback                                  i
Found incumbent of value 0.000000 after 0.00 sec. (0.02 ticks)
Tried aggregator 1 time.
MIP Presolve eliminated 40 rows and 2 columns.
MIP Presolve modified 504 coefficients.
Reduced MIP has 656 rows, 708 columns, and 5658 nonzeros.
Reduced MIP has 174 binaries, 0 generals, 0 SOSs, and 0 indicators.
Presolve time = 0.02 sec. (2.27 ticks)
Probing time = 0.00 sec. (0.17 ticks)
Tried aggregator 1 time.
Detecting symmetries...
Reduced MIP has 656 rows, 708 columns, and 5658 nonzeros.
Reduced MIP has 174 binaries, 0 generals, 0 SOSs, and 0 indicators.
Presolve time = 0.00 sec. (2.26 ticks)
Probing time = 0.00 sec. (0.17 ticks)
MIP emphasis: balance optimality and feasibility.
MIP search method: dynamic search.
Parallel mode: deterministic, using up to 4 threads.
Root relaxation solution time = 0.02 sec. (15.90 ticks)

        Nodes                                         Cuts/
   Node  Left     Objective  IInf  Best Integer    Best Bound    ItCnt     Gap

*     0+    0                            0.0000       -1.0000              --- 
*     0+    0                           -0.0643       -1.0000              --- 
      0     0       -0.3048    36       -0.0643       -0.3048      726  374.07%
*     0+    0                           -0.0976       -0.3048           212.20%
      0     0       -0.3036    49       -0.0976      Cuts: 51     1279  211.04%
*     0+    0                           -0.1167       -0.3036           160.25%
*     0+    0                           -0.2262       -0.3036            34.24%
      0     0       -0.3021    63       -0.2262      Cuts: 54     2047   33.56%
      0     0       -0.3013    63       -0.2262   MIRcuts: 20     2514   33.20%
      0     0       -0.2995    69       -0.2262   MIRcuts: 31     2999   32.42%
      0     0       -0.2973    69       -0.2262   MIRcuts: 19     3216   31.44%
Detecting symmetries...
      0     0       -0.2958    74       -0.2262   MIRcuts: 33     3528   30.80%
      0     0       -0.2950    77       -0.2262   MIRcuts: 12     3681   30.44%
      0     0       -0.2942    83       -0.2262   MIRcuts: 16     3817   30.05%
      0     0       -0.2934    75       -0.2262   MIRcuts: 13     3948   29.73%
      0     0       -0.2931    80       -0.2262    MIRcuts: 6     4028   29.58%
*     0+    0                           -0.2310       -0.2931            26.91%
      0     0       -0.2928    78       -0.2310    MIRcuts: 7     4130   25.99%
      0     0       -0.2918    85       -0.2310   MIRcuts: 18     4314   25.99%
      0     0       -0.2914    84       -0.2310   MIRcuts: 16     4440   25.99%
      0     0       -0.2913    87       -0.2310    MIRcuts: 3     4494   25.99%
      0     0       -0.2912    82       -0.2310    MIRcuts: 4     4564   25.99%
*     0+    0                           -0.2333       -0.2910            24.70%
*     0+    0                           -0.2345       -0.2910            24.07%
      0     0  -1.00000e+75     0       -0.2345       -0.2910     4564   24.07%
*     0+    0                           -0.2393       -0.2910            21.60%
*     0+    0                           -0.2464       -0.2852            15.75%
      0     0  -1.00000e+75     0       -0.2464       -0.2852     4564   15.75%
Detecting symmetries...
      0     2       -0.2912    82       -0.2464       -0.2852     4564   15.75%
Elapsed time = 0.70 sec. (693.21 ticks, tree = 0.02 MB, solutions = 10)
*    12+    3                           -0.2476       -0.2852            15.19%
     55    47       -0.2694    47       -0.2476       -0.2852    14746   15.19%
    168   138       -0.2779    61       -0.2476       -0.2852    28812   15.19%
    285   235       -0.2628    48       -0.2476       -0.2852    46187   15.19%
    348   273       -0.2820    68       -0.2476       -0.2852    58736   15.19%
    499   392       -0.2733    64       -0.2476       -0.2852    75080   15.19%
    654   510       -0.2500    28       -0.2476       -0.2851    87914   15.13%
    867   679       -0.2509    28       -0.2476       -0.2842   101342   14.76%
   1056   861       -0.2583    44       -0.2476       -0.2831   117992   14.35%
   1265  1043       -0.2546    33       -0.2476       -0.2830   131747   14.27%

Performing restart 1

Repeating presolve.
Tried aggregator 1 time.
MIP Presolve modified 168 coefficients.
Reduced MIP has 656 rows, 708 columns, and 5610 nonzeros.
Reduced MIP has 174 binaries, 0 generals, 0 SOSs, and 0 indicators.
Presolve time = 0.00 sec. (2.54 ticks)
Tried aggregator 1 time.
Reduced MIP has 656 rows, 708 columns, and 5610 nonzeros.
Reduced MIP has 174 binaries, 0 generals, 0 SOSs, and 0 indicators.
Presolve time = 0.02 sec. (2.27 ticks)
Represolve time = 0.02 sec. (13.98 ticks)
   1269     0       -0.2886    82       -0.2476      Cuts: 15   140101   14.27%
   1269     0       -0.2869    84       -0.2476      Cuts: 19   140394   14.27%
   1269     0       -0.2854    80       -0.2476      Cuts: 22   140666   14.27%
   1269     0       -0.2840    76       -0.2476      Cuts: 25   140931   14.27%
   1269     0       -0.2826    82       -0.2476      Cuts: 17   141118   14.13%
   1269     0       -0.2815    84       -0.2476      Cuts: 13   141293   13.67%
   1269     0       -0.2803    79       -0.2476      Cuts: 16   141515   13.21%
   1269     0       -0.2795    79       -0.2476      Cuts: 12   141667   12.86%
   1269     0       -0.2789    81       -0.2476   MIRcuts: 13   141799   12.63%
   1269     0       -0.2786    80       -0.2476       Cuts: 5   141878   12.52%
   1269     0       -0.2785    86       -0.2476    MIRcuts: 3   141930   12.48%
   1269     0       -0.2785    83       -0.2476    MIRcuts: 1   141952   12.48%
   1269     0       -0.2785    86       -0.2476    MIRcuts: 1   141986   12.47%
   1269     0       -0.2785    83       -0.2476    MIRcuts: 3   142047   12.45%
   1269     0       -0.2785    85       -0.2476    MIRcuts: 1   142052   12.45%
   1269     0       -0.2784    86       -0.2476    MIRcuts: 3   142108   12.42%
   1269     0       -0.2783    85       -0.2476    MIRcuts: 3   142162   12.40%
   1269     0       -0.2783    87       -0.2476    MIRcuts: 5   142233   12.38%
   1269     0       -0.2782    84       -0.2476    MIRcuts: 2   142277   12.36%
   1269     2       -0.2782    83       -0.2476       -0.2782   142277   12.36%
Elapsed time = 4.50 sec. (4595.30 ticks, tree = 0.02 MB, solutions = 11)
   1438   109       -0.2734    79       -0.2476       -0.2765   163751   11.65%
   2138   715       -0.2592    36       -0.2476       -0.2736   208446   10.48%
   2688  1146       -0.2588    68       -0.2476       -0.2727   248204   10.13%
*  2838+ 1278                           -0.2500       -0.2727             9.08%
   3204  1491       -0.2505     8       -0.2500       -0.2721   284360    8.85%
   3677  1888       -0.2545    71       -0.2500       -0.2714   328418    8.58%
   4159  2297       -0.2670    68       -0.2500       -0.2711   367863    8.45%
   4682  2714       -0.2655    65       -0.2500       -0.2706   409277    8.25%
   5238  3190       -0.2601    62       -0.2500       -0.2702   460054    8.07%
   5766  3626       -0.2649    57       -0.2500       -0.2700   501214    8.01%
*  6015  3761      integral     0       -0.2548       -0.2698   514512    5.90%
*  6240+ 3029                           -0.2571       -0.2694             4.77%
   6408  3111       -0.2653    66       -0.2571       -0.2694   550662    4.77%
Elapsed time = 12.44 sec. (14156.85 ticks, tree = 12.34 MB, solutions = 14)
   6941  3024       -0.2592    56       -0.2571       -0.2688   608523    4.54%
   7503  3365       -0.2615    78       -0.2571       -0.2684   655987    4.39%
   8105  3725       -0.2621    82       -0.2571       -0.2680   695632    4.24%
   8651  4073        cutoff             -0.2571       -0.2678   741665    4.13%
   9200  4503       -0.2584    43       -0.2571       -0.2676   793184    4.07%
   9824  4929       -0.2578    45       -0.2571       -0.2675   845511    4.01%
  10300  5284       -0.2583    48       -0.2571       -0.2673   893402    3.94%
  10852  5664       -0.2647    47       -0.2571       -0.2671   934505    3.88%
  11428  6176       -0.2605    44       -0.2571       -0.2670   993488    3.82%
  11928  6614       -0.2600    56       -0.2571       -0.2668  1046074    3.76%
Elapsed time = 20.39 sec. (23726.53 ticks, tree = 28.82 MB, solutions = 14)
  12381  6835       -0.2588    48       -0.2571       -0.2667  1080292    3.70%
  12959  7182       -0.2637    74       -0.2571       -0.2666  1128101    3.66%
  13571  7634       -0.2600    63       -0.2571       -0.2664  1184393    3.60%
  14140  8110       -0.2576    40       -0.2571       -0.2663  1237697    3.57%
  14841  8431       -0.2597    52       -0.2571       -0.2663  1273482    3.54%
  15551  9022       -0.2574    38       -0.2571       -0.2662  1338173    3.51%
  16199  9541       -0.2599    66       -0.2571       -0.2661  1391237    3.49%
  16719  9881       -0.2610    43       -0.2571       -0.2660  1440776    3.43%
  17452 10274       -0.2584    26       -0.2571       -0.2658  1489908    3.39%
* 18208 10817      integral     0       -0.2595       -0.2657  1549784    2.39%
Elapsed time = 28.20 sec. (33260.41 ticks, tree = 51.05 MB, solutions = 14)
  18685  7203       -0.2614    86       -0.2595       -0.2656  1611129    2.33%
  19264  7432       -0.2599    32       -0.2595       -0.2655  1653235    2.29%
  19912  7796       -0.2614    43       -0.2595       -0.2654  1709977    2.25%
  20535  8146       -0.2598    50       -0.2595       -0.2653  1766256    2.22%
  21128  8447       -0.2604    67       -0.2595       -0.2652  1813410    2.18%
  21711  8695       -0.2616    25       -0.2595       -0.2650  1860100    2.13%
  22349  9106       -0.2616    45       -0.2595       -0.2650  1923928    2.09%
  22907  9315       -0.2629    57       -0.2595       -0.2648  1963056    2.05%
  23344  9493       -0.2618    56       -0.2595       -0.2647  2010729    2.01%
  23677  9578       -0.2613    54       -0.2595       -0.2646  2042743    1.97%
Elapsed time = 36.34 sec. (42812.42 ticks, tree = 43.77 MB, solutions = 15)
  23974  9700        cutoff             -0.2595       -0.2645  2094886    1.92%
  24238  9786        cutoff             -0.2595       -0.2644  2142971    1.88%
  24551  9784        cutoff             -0.2595       -0.2643  2170295    1.84%
  24829  9824       -0.2602    29       -0.2595       -0.2643  2202790    1.83%
  25019  9830       -0.2610    63       -0.2595       -0.2642  2267438    1.79%
  25150  9824        cutoff             -0.2595       -0.2641  2292729    1.78%
  25304  9813       -0.2602    23       -0.2595       -0.2641  2312972    1.78%
  25446  9800        cutoff             -0.2595       -0.2641  2333607    1.78%
  25598  9807        cutoff             -0.2595       -0.2641  2354784    1.78%
  25750  9795        cutoff             -0.2595       -0.2641  2367689    1.78%
Elapsed time = 45.12 sec. (52394.12 ticks, tree = 46.05 MB, solutions = 15)
  25927  9751       -0.2603    85       -0.2595       -0.2641  2388177    1.78%
  26080  9748        cutoff             -0.2595       -0.2641  2416866    1.78%
  26233  9711        cutoff             -0.2595       -0.2641  2429558    1.78%
  26387  9699        cutoff             -0.2595       -0.2641  2450989    1.78%
  26524  9676        cutoff             -0.2595       -0.2641  2472457    1.78%
  26659  9629        cutoff             -0.2595       -0.2641  2491828    1.78%
  26912  9609       -0.2608    77       -0.2595       -0.2636  2521174    1.55%
  27227  9528        cutoff             -0.2595       -0.2634  2551865    1.51%
  27535  9463       -0.2597    65       -0.2595       -0.2633  2591871    1.46%
  27843  9391        cutoff             -0.2595       -0.2632  2641967    1.43%
Elapsed time = 54.95 sec. (61967.04 ticks, tree = 42.91 MB, solutions = 15)
  28157  9308        cutoff             -0.2595       -0.2631  2665888    1.40%
  28415  9222        cutoff             -0.2595       -0.2631  2724196    1.36%
  28711  9088        cutoff             -0.2595       -0.2630  2766744    1.32%
  29091  8977       -0.2599    56       -0.2595       -0.2628  2800371    1.26%
  29401  8902       -0.2610    75       -0.2595       -0.2627  2826400    1.23%
  29795  8741        cutoff             -0.2595       -0.2626  2889893    1.18%
  30158  8530       -0.2605    36       -0.2595       -0.2624  2929767    1.12%
  30527  8393        cutoff             -0.2595       -0.2623  2959355    1.09%
  30809  8273        cutoff             -0.2595       -0.2623  2998756    1.05%
  31047  8124        cutoff             -0.2595       -0.2622  3042669    1.02%
Elapsed time = 62.89 sec. (71530.66 ticks, tree = 37.00 MB, solutions = 15)
  31347  7941        cutoff             -0.2595       -0.2620  3092026    0.97%
  31754  7625        cutoff             -0.2595       -0.2619  3150883    0.92%
  32208  7306        cutoff             -0.2595       -0.2617  3191891    0.86%
  32625  7027       -0.2604    55       -0.2595       -0.2616  3227136    0.81%
  33123  6705        cutoff             -0.2595       -0.2614  3258508    0.74%
  33672  6307        cutoff             -0.2595       -0.2613  3298746    0.69%
  34277  5716        cutoff             -0.2595       -0.2611  3345302    0.62%
  34845  5332        cutoff             -0.2595       -0.2610  3375305    0.56%
  35510  4622        cutoff             -0.2595       -0.2608  3419168    0.49%
  36260  3921        cutoff             -0.2595       -0.2606  3461227    0.41%
Elapsed time = 71.42 sec. (81086.22 ticks, tree = 16.80 MB, solutions = 15)
  37114  3072        cutoff             -0.2595       -0.2603  3502811    0.32%
  38385  1864        cutoff             -0.2595       -0.2601  3540275    0.21%
  40073   210        cutoff             -0.2595       -0.2596  3567771    0.03%

Flow cuts applied:  1
Mixed integer rounding cuts applied:  388
Lift and project cuts applied:  19

Root node processing (before b&c):
  Real time             =    0.70 sec. (692.38 ticks)
Parallel b&c, 4 threads:
  Real time             =   73.25 sec. (83300.42 ticks)
  Sync time (average)   =    3.86 sec.
  Wait time (average)   =    0.00 sec.
                          ------------
Total (root+branch&cut) =   73.95 sec. (83992.80 ticks)
