Version identifier: 22.2.0.0 | 2026-05-04 | 5dff98e58
CPXPARAM_Read_DataCheck                          1
CPXPARAM_Threads                                 4
CPXPARAM_Parallel                                1
CPXPARAM_RandomSeed                              20260925
CPXPARAM_MIP_Strategy_Search                     1
CPXPARAM_Simplex_Tolerances_Optimality           1.0000000000000001e-09
CPXPARAM_Simplex_Tolerances_Feasibility          1.0000000000000001e-09
CPXPARAM_TimeLimit                               600
CPXPARAM_MIP_Tolerances_AbsMIPGap                1.0000000000000001e-09
CPXPARAM_MIP_Tolerances_Integrality              1.0000000000000001e-09
Legacy callback                                  iLUD
Lazy constraint(s) or lazy constraint/branch callback is present.
    Disabling dual reductions (CPX_PARAM_REDUCE) in presolve.
    Disabling presolve reductions that prevent crushing forms (CPX_PARAM_PREREFORM).
         Disabling repeat represolve because of lazy constraint/incumbent callback.
Warning: Effort level 'CheckFeas' is incompatible with lazy constraint/incumbent callback.
         Effort level increased to 'SolveFixed'.
1 of 1 MIP starts provided solutions.
MIP start 'm1' defined initial solution with objective 0.0201.
Tried aggregator 1 time.
MIP Presolve eliminated 917 rows and 0 columns.
Reduced MIP has 1085 rows, 1584 columns, and 11773 nonzeros.
Reduced MIP has 776 binaries, 0 generals, 0 SOSs, and 0 indicators.
Presolve time = 0.00 sec. (8.26 ticks)
Probing time = 0.02 sec. (0.19 ticks)
MIP emphasis: balance optimality and feasibility.
MIP search method: traditional branch-and-cut.
Parallel mode: deterministic, using up to 4 threads.
Root relaxation solution time = 0.00 sec. (12.00 ticks)

        Nodes                                         Cuts/
   Node  Left     Objective  IInf  Best Integer    Best Bound    ItCnt     Gap         Variable B NodeID Parent  Depth

*     0+    0                            0.0201        0.0000           100.00%
      0     0        0.0167    22        0.0201        0.0167      482   16.84%
*     0+    0                            0.0198        0.0167            15.54%
*     0+    0                            0.0190        0.0167            11.91%
*     0+    0                            0.0189        0.0167            11.68%
      0     0  -1.00000e+75     0        0.0189        0.0167      482   11.68%
      0     2        0.0167    22        0.0189        0.0167      482   11.68%                        0             0
Elapsed time = 0.16 sec. (149.07 ticks, tree = 0.02 MB, solutions = 4)
    277   168        0.0174     7        0.0189        0.0171     9038    9.50%            x573 D    347    343     13
    680   452        0.0175    10        0.0189        0.0172    18467    9.20%             x75 D    768    760     27
   1228   865        0.0175    10        0.0189        0.0172    27101    9.15%            x153 D   1130   1126     62
   1883  1299        0.0174     8        0.0189        0.0172    38626    9.12%             x74 D   2115   2111     35
   2637  1958        0.0175     8        0.0189        0.0172    52007    9.01%            x206 U   2530   2526     51
   3556  2797    infeasible              0.0189        0.0172    67629    8.90%            x290 U   3145   3133     34
*  3749+ 2919                            0.0189        0.0172             8.85%
   4309  3304        0.0175     8        0.0189        0.0172    80076    8.84%            x298 D   4723   4719     45
   5055  3832        0.0175     8        0.0189        0.0172    98308    8.81%            x774 D   5463   5459     59
   5724  4350        0.0173    13        0.0189        0.0173   114265    8.65%             x74 D   6028   6024     20
   8735  6300        0.0178    10        0.0189        0.0173   187292    8.31%            x282 D   8580   8576     54
Elapsed time = 5.48 sec. (3252.23 ticks, tree = 4.71 MB, solutions = 5)
  11115  8198        0.0175    13        0.0189        0.0174   266642    8.20%            x154 D  11771  11767     54
* 12491+ 8781                            0.0189        0.0174             7.99%
* 12491+ 8781                            0.0189        0.0174             7.96%
  12781  9041        0.0176     8        0.0189        0.0174   341878    7.93%            x356 U  12280   5783     25
  14287  9778        cutoff              0.0189        0.0174   420852    7.82%            x548 U  13913    389     37
* 15252+ 9945                            0.0189        0.0174             7.66%
  15350  9905    infeasible              0.0189        0.0174   509031    7.66%            x577 D  15858  15854     39
  16507 10216        0.0177    16        0.0189        0.0174   587464    7.55%            x454 D  15944  15940     48
  17742 10601        0.0178     8        0.0189        0.0175   668915    7.49%            x150 D  18403  18399     51
  18937 10917    infeasible              0.0189        0.0175   751155    7.42%            x577 U  17701   6385     25
  19972 11242    infeasible              0.0189        0.0175   829854    7.38%            x295 U  20855    780     30
  20801 11134        0.0177    14        0.0189        0.0175   934482    7.33%            x446 D  20600  20596     53
  21617 11169        0.0176     4        0.0189        0.0175  1009887    7.28%            x226 U  22186  13064     45
Elapsed time = 16.08 sec. (12796.59 ticks, tree = 10.63 MB, solutions = 8)
  22419 11081        cutoff              0.0189        0.0175  1107619    7.24%            x573 U  23166   3302     34
  23156 10901    infeasible              0.0189        0.0175  1177633    7.20%            x577 D  23028  23024     35
  23842 10655        cutoff              0.0189        0.0175  1290663    7.15%            x770 U  24558   5985     41
  24761 10627    infeasible              0.0189        0.0175  1354330    7.11%            x758 U  23645   9060     42
  25350 10328    infeasible              0.0189        0.0175  1451184    7.07%            x282 U  25986   5651     65
  26158 10211        cutoff              0.0189        0.0175  1553226    7.04%            x151 U  25920    926     50
  26804  9914        cutoff              0.0189        0.0176  1630666    6.99%            x301 U  25705   2217     51
  27490  9606        0.0176    13        0.0189        0.0176  1731817    6.94%            x550 D  28342   7505     57
  28436  9454        cutoff              0.0189        0.0176  1824351    6.90%            x446 U  29099   9673     58
  29279  9355        cutoff              0.0189        0.0176  1900569    6.84%             x70 U  29982  28647     29
Elapsed time = 24.64 sec. (22345.18 ticks, tree = 9.71 MB, solutions = 8)
  30107  9100    infeasible              0.0189        0.0176  2008272    6.79%            x446 U  30140  30132     37
  31020  8917        cutoff              0.0189        0.0176  2106489    6.73%            x302 U  31830  28486     33
* 31160+ 8936                            0.0187        0.0176             5.79%
* 31160+ 8936                            0.0186        0.0176             5.40%
  31925  8825        cutoff              0.0186        0.0176  2181649    5.33%            x238 U  30077  27134     42
  32837  8681    infeasible              0.0186        0.0176  2269134    5.28%            x562 D  30973  30965     59
  33666  8502        0.0181    15        0.0186        0.0176  2366488    5.22%            x356 D  34288  34284     48
  34733  8428        cutoff              0.0186        0.0176  2455623    5.17%            x222 U  35384  21637     47
  35591  8345        cutoff              0.0186        0.0177  2531591    5.11%            x302 U  33765  18946     34
  36434  8125        cutoff              0.0186        0.0177  2599314    5.06%             x62 U  36931  34016     45
  37215  7553        cutoff              0.0186        0.0177  2720847    5.02%             x62 U  38060  19915     27
  38025  7244        cutoff              0.0186        0.0177  2785556    4.97%            x562 D  38462  38458     58
Elapsed time = 34.06 sec. (31891.76 ticks, tree = 7.55 MB, solutions = 10)
  38881  6726        cutoff              0.0186        0.0177  2889892    4.92%            x226 U  39178  14592     27
  39692  6333        cutoff              0.0186        0.0177  2984201    4.87%            x158 U  39874  13837     69
  40511  5918        0.0179     9        0.0186        0.0177  3053015    4.81%            x290 D  38681  38677     18
  41390  5619        cutoff              0.0186        0.0177  3137337    4.76%            x302 U  42283  18212     37
  42213  5149        cutoff              0.0186        0.0177  3223560    4.70%            x762 U  42334  19264     49
  43218  4742        cutoff              0.0186        0.0177  3313442    4.62%            x770 U  43984  32335     51
  44150  4494        cutoff              0.0186        0.0178  3399714    4.54%            x108 D  44780  44776     34
  45403  4365        cutoff              0.0186        0.0178  3478431    4.44%             x70 U  43473  28287     18
  46757  4280        cutoff              0.0186        0.0178  3580314    4.36%            x545 U  47336  47332     30
  48773  4553        cutoff              0.0186        0.0178  3650621    4.26%            x108 D  50191  50183     50
Elapsed time = 45.22 sec. (41439.32 ticks, tree = 4.26 MB, solutions = 10)
  51139  5598        cutoff              0.0186        0.0178  3726869    4.10%            x352 U  52543  52535     27
  53721  6467        cutoff              0.0186        0.0179  3802728    3.91%            x356 U  55303  30410     48
  56597  7365        cutoff              0.0186        0.0179  3846440    3.69%            x462 U  58287  31968     34
  59453  8626        0.0182     8        0.0186        0.0179  3910178    3.53%            x549 U  59822  59818     21
  62282 10288        0.0185     5        0.0186        0.0180  3995942    3.34%            x508 D  59921  59917     31
  65216 11544        0.0182     6        0.0186        0.0180  4064759    3.18%            x561 U  63041  63037     22
  68010 12868        0.0183    13        0.0186        0.0180  4144498    3.05%            x579 D  68916  68912     19
  71132 14178        0.0183     9        0.0186        0.0181  4205036    2.94%            x462 D  68857  68849     38
  74086 15069        cutoff              0.0186        0.0181  4247066    2.82%            x762 U  71905  33914     28
  76946 16641        0.0183    19        0.0186        0.0181  4336923    2.71%            x574 D  78099  78095     34
Elapsed time = 65.06 sec. (50980.20 ticks, tree = 12.53 MB, solutions = 10)
  80036 17712        cutoff              0.0186        0.0181  4393815    2.63%            x406 U  81268  17224     40
  82888 18614        cutoff              0.0186        0.0181  4446170    2.54%            x263 U  84275  84271     25
  85828 19594        cutoff              0.0186        0.0181  4524294    2.45%            x263 D  83781  83773     27
  88791 20469        cutoff              0.0186        0.0182  4592625    2.37%            x263 U  86401  86397     28
  92051 21581        cutoff              0.0186        0.0182  4671780    2.27%            x348 D  93296  93288     34
  95051 22184        0.0186    13        0.0186        0.0182  4730107    2.18%            x302 D  96231  96227     27
  98138 22870        cutoff              0.0186        0.0182  4794116    2.09%            x103 D  98410  98406     67
 101160 23393        cutoff              0.0186        0.0182  4867618    2.00%            x561 D 101582  67569     29
 104171 23895        0.0184    12        0.0186        0.0182  4941611    1.93%            x562 U 104602 104598     48
 107079 24118        0.0184     7        0.0186        0.0183  5014849    1.85%            x360 U 107310  79488     27
Elapsed time = 84.48 sec. (60521.44 ticks, tree = 18.52 MB, solutions = 10)
 110262 24340        0.0184     6        0.0186        0.0183  5089261    1.78%            x520 U 110514  96144     31
 113194 24533        0.0184     6        0.0186        0.0183  5163100    1.70%            x356 U 113438  55105     25
 116539 24674        cutoff              0.0186        0.0183  5243194    1.65%            x263 D 117283 117275     31
 119790 24708        cutoff              0.0186        0.0183  5303760    1.59%            x263 D 121208 121196     38
 123149 24725        cutoff              0.0186        0.0183  5366113    1.53%            x263 U 120837 120829     30
 126536 24811        cutoff              0.0186        0.0183  5437766    1.46%            x263 U 124269 124261     44
 130090 24861        0.0185     6        0.0186        0.0183  5498377    1.41%            x579 U 131103 131099     39
 133620 24719        0.0184    11        0.0186        0.0184  5586557    1.35%            x356 D 133706 133702     28
 137385 24486        cutoff              0.0186        0.0184  5629504    1.30%            x352 U 137310 137302     20
 141013 24268        0.0184     8        0.0186        0.0184  5705512    1.24%            x356 D 141995 110270     40
Elapsed time = 102.47 sec. (70060.32 ticks, tree = 18.52 MB, solutions = 10)
 144876 23989        0.0184     9        0.0186        0.0184  5766425    1.18%            x364 D 144814 144810     30
 148685 23299        0.0186    11        0.0186        0.0184  5852000    1.11%            x142 D 146809 146805     44
 152444 22562        0.0185    11        0.0186        0.0184  5907723    1.05%            x238 U 153336 111734     29
 156179 21577        0.0186     7        0.0186        0.0184  5979730    0.97%            x508 U 154189  87687     31
 159994 20697        cutoff              0.0186        0.0184  6026291    0.92%            x263 U 158073 158069     27
 163907 18890        0.0185     5        0.0186        0.0185  6110801    0.82%            x450 D 164691 164687     38
 167813 17227        cutoff              0.0186        0.0185  6172901    0.74%            x685 D 168744 152650     46
 171816 15038        cutoff              0.0186        0.0185  6244106    0.64%            x206 D 169897 124075     44
 175954 12947        cutoff              0.0186        0.0185  6302659    0.53%            x263 D 176832 176824     39
 180334 10216        cutoff              0.0186        0.0185  6361568    0.42%            x206 D 178445 178437     44
Elapsed time = 118.12 sec. (79598.71 ticks, tree = 8.29 MB, solutions = 10)
 184758  6987        cutoff              0.0186        0.0185  6419011    0.30%            x348 U 185620  72820     29
 189505  3376        cutoff              0.0186        0.0186  6464581    0.17%            x516 U 190440 106431     78

Cover cuts applied:  16
User cuts applied:  5

Root node processing (before b&c):
  Real time             =    0.14 sec. (148.55 ticks)
Parallel b&c, 4 threads:
  Real time             =  121.16 sec. (82052.88 ticks)
  Sync time (average)   =    4.60 sec.
  Wait time (average)   =    0.00 sec.
                          ------------
Total (root+branch&cut) =  121.30 sec. (82201.43 ticks)
