Version identifier: 22.2.0.0 | 2026-05-04 | 5dff98e58
CPXPARAM_Read_DataCheck                          1
CPXPARAM_Threads                                 4
CPXPARAM_Parallel                                1
CPXPARAM_RandomSeed                              20260925
CPXPARAM_Simplex_Tolerances_Optimality           1.0000000000000001e-09
CPXPARAM_Simplex_Tolerances_Feasibility          1.0000000000000001e-09
CPXPARAM_TimeLimit                               600
CPXPARAM_MIP_Tolerances_AbsMIPGap                1.0000000000000001e-09
CPXPARAM_MIP_Tolerances_Integrality              1.0000000000000001e-09
Legacy callback                                  i
Found incumbent of value 0.000000 after 0.00 sec. (0.15 ticks)
Tried aggregator 1 time.
MIP Presolve eliminated 1350 rows and 2 columns.
MIP Presolve modified 3324 coefficients.
Reduced MIP has 3965 rows, 4686 columns, and 49173 nonzeros.
Reduced MIP has 1164 binaries, 0 generals, 0 SOSs, and 0 indicators.
Presolve time = 0.06 sec. (38.56 ticks)
Probing time = 0.02 sec. (0.68 ticks)
Tried aggregator 1 time.
Detecting symmetries...
MIP Presolve modified 96 coefficients.
Reduced MIP has 3965 rows, 4686 columns, and 49173 nonzeros.
Reduced MIP has 1164 binaries, 0 generals, 0 SOSs, and 0 indicators.
Presolve time = 0.02 sec. (21.08 ticks)
Probing time = 0.00 sec. (0.77 ticks)
MIP emphasis: balance optimality and feasibility.
MIP search method: dynamic search.
Parallel mode: deterministic, using up to 4 threads.
Root relaxation solution time = 0.20 sec. (179.45 ticks)

        Nodes                                         Cuts/
   Node  Left     Objective  IInf  Best Integer    Best Bound    ItCnt     Gap

*     0+    0                            0.0000       -1.0000              --- 
*     0+    0                           -0.0186       -1.0000              --- 
      0     0       -0.2246   104       -0.0186       -0.2246     3646     --- 
*     0+    0                           -0.0868       -0.2246           158.66%
      0     0       -0.2246    86       -0.0868   MIRcuts: 11     4448  158.66%
*     0+    0                           -0.0961       -0.2246           133.63%
      0     0       -0.2246    96       -0.0961      Cuts: 18     6106  133.63%
*     0+    0                           -0.1039       -0.2246           116.19%
*     0+    0                           -0.1812       -0.2246            23.96%
      0     0       -0.2246    92       -0.1812    MIRcuts: 3     6427   23.96%
*     0+    0                           -0.1841       -0.2246            21.99%
      0     0  -1.00000e+75     0       -0.1841       -0.2246     6427   21.99%
      0     2       -0.2246    77       -0.1841       -0.2246     6427   21.99%
Elapsed time = 8.02 sec. (7497.21 ticks, tree = 0.02 MB, solutions = 7)
      2     3       -0.2246    73       -0.1841       -0.2246    10249   21.99%
      6     8       -0.2246    92       -0.1841       -0.2246    17062   21.99%
      7     5       -0.2246    90       -0.1841       -0.2246    14160   21.99%
     15     9       -0.2246    89       -0.1841       -0.2246    23809   21.99%
     19    18       -0.2184    81       -0.1841       -0.2246    47770   21.99%
     25    26       -0.2184    87       -0.1841       -0.2246    62648   21.99%
     32    30       -0.2215    92       -0.1841       -0.2246    68998   21.99%
     41    38       -0.2246    96       -0.1841       -0.2246    74585   21.99%
     50    28       -0.2184    86       -0.1841       -0.2246    63552   21.99%
     78    64       -0.2246   101       -0.1841       -0.2246    97645   21.99%
Elapsed time = 11.58 sec. (11089.26 ticks, tree = 0.53 MB, solutions = 7)
    119   106       -0.2093    71       -0.1841       -0.2246   120952   21.99%
    179   159       -0.1953    43       -0.1841       -0.2246   139966   21.99%
    222   202       -0.2150    57       -0.1841       -0.2246   146899   21.99%
    277   259       -0.2065    54       -0.1841       -0.2246   154067   21.99%
    358   288       -0.1876    28       -0.1841       -0.2246   161911   21.99%
*   418+  334                           -0.1856       -0.2246            20.97%
*   418+  329                           -0.1872       -0.2246            19.97%
*   432+  328                           -0.1874       -0.2246            19.82%
*   438+  327                           -0.1887       -0.2246            18.99%
*   440+  327                           -0.1888       -0.2246            18.93%
*   441+  327                           -0.1889       -0.2246            18.88%
*   449+  327                           -0.1896       -0.2246            18.45%
    466   346       -0.2233    93       -0.1896       -0.2246   192718   18.45%
*   588+  377                           -0.1903       -0.2246            18.02%
*   591+  373                           -0.1918       -0.2246            17.06%
    645   426       -0.2070    57       -0.1918       -0.2246   203908   17.06%
    753   603       -0.1984    51       -0.1918       -0.2246   216314   17.06%
    808   681       -0.2246   102       -0.1918       -0.2246   235633   17.06%
    837   711       -0.2246    99       -0.1918       -0.2246   252026   17.06%
Elapsed time = 20.23 sec. (20821.23 ticks, tree = 15.00 MB, solutions = 20)
    871   752       -0.2246    90       -0.1918       -0.2246   277401   17.06%
    932   786       -0.2219    78       -0.1918       -0.2246   283291   17.06%
   1003   855       -0.2192    84       -0.1918       -0.2246   303512   17.06%
   1154   963       -0.2246    78       -0.1918       -0.2246   313691   17.06%
*  1206+ 1049                           -0.1934       -0.2246            16.13%
*  1207+ 1049                           -0.1936       -0.2246            16.02%
*  1207+ 1049                           -0.1949       -0.2246            15.20%
*  1208+ 1049                           -0.1951       -0.2246            15.10%
*  1211+ 1049                           -0.1967       -0.2246            14.19%
   1236  1024       -0.2097    69       -0.1967       -0.2246   315610   14.19%
   1321   976       -0.2243   102       -0.1967       -0.2246   331109   14.19%

Performing restart 1

Repeating presolve.
Tried aggregator 1 time.
Reduced MIP has 3965 rows, 4686 columns, and 49173 nonzeros.
Reduced MIP has 1164 binaries, 0 generals, 0 SOSs, and 0 indicators.
Presolve time = 0.02 sec. (13.87 ticks)
Tried aggregator 1 time.
Reduced MIP has 3965 rows, 4686 columns, and 49173 nonzeros.
Reduced MIP has 1164 binaries, 0 generals, 0 SOSs, and 0 indicators.
Presolve time = 0.02 sec. (21.34 ticks)
Represolve time = 0.05 sec. (46.57 ticks)
   1335     0       -0.2246    89       -0.1967    MIRcuts: 4   354871   14.19%
   1335     0       -0.2246    84       -0.1967       Cuts: 3   355040   14.19%
   1335     2       -0.2246    71       -0.1967       -0.2246   355040   14.19%
   1337     4       -0.2246    96       -0.1967       -0.2246   360582   14.19%
   1341     7       -0.2246    89       -0.1967       -0.2246   363770   14.19%
   1346     9       -0.2246   111       -0.1967       -0.2246   370333   14.19%
Elapsed time = 35.36 sec. (37128.41 ticks, tree = 0.05 MB, solutions = 25)
   1351    15       -0.2246   104       -0.1967       -0.2246   380301   14.19%
   1369    18       -0.2246   117       -0.1967       -0.2246   384468   14.19%
   1388    51       -0.2246   102       -0.1967       -0.2246   408114   14.19%
   1414    55       -0.2246   106       -0.1967       -0.2246   411600   14.19%
   1446   101       -0.2233   104       -0.1967       -0.2246   443225   14.19%
   1482   141       -0.2197    77       -0.1967       -0.2246   464568   14.19%
   1514   169       -0.2047    72       -0.1967       -0.2246   477931   14.19%
   1560   204       -0.2155    91       -0.1967       -0.2246   501570   14.19%
   1616   251       -0.1983    69       -0.1967       -0.2246   514097   14.19%
   1690   319       -0.2065    51       -0.1967       -0.2246   517498   14.19%
Elapsed time = 44.48 sec. (46893.58 ticks, tree = 7.13 MB, solutions = 25)
   1768   396       -0.2155    85       -0.1967       -0.2246   546813   14.19%
   1861   326       -0.2202    99       -0.1967       -0.2246   542801   14.19%
   1929   441       -0.2171    81       -0.1967       -0.2246   559326   14.19%
   2024   571       -0.2246   100       -0.1967       -0.2246   582739   14.19%
   2122   624       -0.2068    71       -0.1967       -0.2246   584403   14.19%
   2224   764       -0.1978    49       -0.1967       -0.2246   599643   14.19%
   2284   833       -0.1984    55       -0.1967       -0.2246   603336   14.19%
   2352   924       -0.2246    93       -0.1967       -0.2246   618944   14.19%
   2413  1005       -0.2057    48       -0.1967       -0.2246   627476   14.19%
   2481  1006       -0.2242   102       -0.1967       -0.2246   638202   14.19%
Elapsed time = 52.94 sec. (56554.33 ticks, tree = 28.29 MB, solutions = 25)
   2525  1063       -0.2243    97       -0.1967       -0.2246   650518   14.19%
   2569  1139       -0.2176    90       -0.1967       -0.2246   672127   14.19%
   2626  1177       -0.2246    95       -0.1967       -0.2246   682235   14.19%
   2731  1247       -0.2166    92       -0.1967       -0.2246   687272   14.19%
   2845  1390       -0.2183    90       -0.1967       -0.2246   711689   14.19%
   2960  1469       -0.2008    52       -0.1967       -0.2246   713491   14.19%
   3081  1574       -0.2191    81       -0.1967       -0.2246   727250   14.19%
   3153  1693       -0.2145    75       -0.1967       -0.2246   744246   14.19%
   3199  1741       -0.2165    71       -0.1967       -0.2246   756356   14.19%
   3315  1741       -0.2166    78       -0.1967       -0.2246   758706   14.19%
Elapsed time = 61.38 sec. (66306.34 ticks, tree = 51.61 MB, solutions = 25)
   3461  1876       -0.2084    64       -0.1967       -0.2246   773455   14.19%
   3648  2100       -0.1999    53       -0.1967       -0.2246   779954   14.19%
   3759  2189       -0.2205    84       -0.1967       -0.2246   794895   14.19%
   3884  2248       -0.2153    69       -0.1967       -0.2246   806057   14.19%
   4097  2488       -0.2016    47       -0.1967       -0.2246   819616   14.19%
   4289  2574       -0.2003    61       -0.1967       -0.2246   828478   14.19%
   4368  2863       -0.2002    42       -0.1967       -0.2246   857725   14.19%
   4442  2796       -0.2246   104       -0.1967       -0.2246   852297   14.19%
   4484  2887       -0.2188    92       -0.1967       -0.2246   867762   14.19%
   4527  2962       -0.2177    69       -0.1967       -0.2246   887540   14.19%
Elapsed time = 70.00 sec. (75941.23 ticks, tree = 90.44 MB, solutions = 25)
   4647  3027       -0.2143    70       -0.1967       -0.2246   898126   14.19%
   4877  3199       -0.2030    68       -0.1967       -0.2246   908026   14.19%
   5105  3294       -0.1979    38       -0.1967       -0.2246   913227   14.19%
   5207  3577       -0.2180    72       -0.1967       -0.2246   930625   14.19%
   5381  3615       -0.2180    59       -0.1967       -0.2246   940186   14.19%
   5581  3788       -0.2045    54       -0.1967       -0.2246   951055   14.19%
   5797  3924       -0.2054    46       -0.1967       -0.2246   959465   14.19%
   5950  4186       -0.2239    92       -0.1967       -0.2246   975194   14.19%
   6053  4219       -0.2161    75       -0.1967       -0.2246   979025   14.19%
   6287  4446       -0.2017    56       -0.1967       -0.2246   988435   14.19%
Elapsed time = 77.95 sec. (85579.22 ticks, tree = 137.92 MB, solutions = 25)
   6545  4543       -0.2070    50       -0.1967       -0.2246  1005217   14.19%
   6700  4726       -0.2246   104       -0.1967       -0.2246  1012526   14.19%
   6804  4930       -0.2199    90       -0.1967       -0.2246  1023647   14.19%
   6943  5230       -0.2004    53       -0.1967       -0.2246  1053882   14.19%
   7076  5171       -0.2153    69       -0.1967       -0.2246  1053233   14.19%
   7197  5347       -0.2067    67       -0.1967       -0.2246  1065427   14.19%
   7355  5574       -0.1982    55       -0.1967       -0.2246  1081610   14.19%
   7502  5630       -0.2125    65       -0.1967       -0.2246  1091658   14.19%
   7647  5893       -0.2125    62       -0.1967       -0.2246  1117234   14.19%
   7769  5903       -0.2246    91       -0.1967       -0.2246  1124387   14.19%
Elapsed time = 85.84 sec. (95204.72 ticks, tree = 184.24 MB, solutions = 25)
   7903  6042       -0.1990    57       -0.1967       -0.2246  1135899   14.19%
   8074  6283       -0.2155    82       -0.1967       -0.2246  1154651   14.19%
   8193  6369       -0.2168    71       -0.1967       -0.2246  1164220   14.19%
   8284  6467       -0.2115    62       -0.1967       -0.2246  1174314   14.19%
*  8347+ 6406                           -0.1967       -0.2246            14.16%
   8367  6608       -0.2060    57       -0.1967       -0.2246  1197616   14.16%
   8539  6660       -0.1998    53       -0.1967       -0.2246  1199719   14.16%
   8686  6772       -0.2084    65       -0.1967       -0.2246  1216413   14.16%
   8783  6810       -0.2025    52       -0.1967       -0.2246  1220331   14.16%
   8952  7065       -0.2101    65       -0.1967       -0.2246  1243208   14.16%
   9626  7783       -0.2153    57       -0.1967       -0.2246  1306096   14.16%
Elapsed time = 95.77 sec. (107658.76 ticks, tree = 244.16 MB, solutions = 26)
  10384  8422       -0.1982    47       -0.1967       -0.2246  1349317   14.16%
  11051  9064       -0.2215   101       -0.1967       -0.2246  1401528   14.16%
  11714  9510       -0.2171    71       -0.1967       -0.2246  1458899   14.16%
  12152 10077       -0.2210    76       -0.1967       -0.2246  1510376   14.16%
  12722 10567       -0.1992    53       -0.1967       -0.2246  1562615   14.16%
  13157 10958       -0.2078    63       -0.1967       -0.2246  1606194   14.16%
* 13432+11161                           -0.1980       -0.2246            13.40%
  13812 11055       -0.2190    79       -0.1980       -0.2246  1667396   13.40%
  14359 11521       -0.2142    83       -0.1980       -0.2246  1715338   13.40%
  14999 12260       -0.1998    50       -0.1980       -0.2246  1782694   13.40%
  15663 12884       -0.1998    48       -0.1980       -0.2246  1834515   13.40%
Elapsed time = 126.12 sec. (145871.03 ticks, tree = 406.67 MB, solutions = 27)
  16334 13333       -0.2184    76       -0.1980       -0.2246  1887026   13.40%
  17050 13858       -0.2168    77       -0.1980       -0.2246  1930415   13.40%
  17692 14512       -0.2056    64       -0.1980       -0.2246  1985194   13.40%
  18324 15473       -0.2140    77       -0.1980       -0.2246  2080175   13.40%
  18993 15733       -0.2151    65       -0.1980       -0.2246  2107303   13.40%
  19559 16367       -0.2154    87       -0.1980       -0.2246  2166038   13.40%
  20135 17049        cutoff             -0.1980       -0.2246  2228157   13.40%
  20790 17479       -0.2044    58       -0.1980       -0.2246  2272843   13.40%
  21286 18095       -0.2044    65       -0.1980       -0.2246  2348008   13.40%
  21919 18473       -0.1982    51       -0.1980       -0.2246  2381250   13.40%
Elapsed time = 155.50 sec. (184074.26 ticks, tree = 585.37 MB, solutions = 27)
  22591 18937       -0.2215   101       -0.1980       -0.2246  2433025   13.40%
  23069 19839       -0.2155    80       -0.1980       -0.2246  2514242   13.40%
  23799 20233       -0.2203    86       -0.1980       -0.2246  2540974   13.40%
  24471 21378       -0.1982    57       -0.1980       -0.2246  2657484   13.40%
  24791 21755       -0.2159    67       -0.1980       -0.2246  2703202   13.40%
  25093 21893       -0.2082    54       -0.1980       -0.2246  2722430   13.40%
  25445 22292       -0.2168    76       -0.1980       -0.2246  2761717   13.40%
  25808 22511       -0.2168    70       -0.1980       -0.2246  2783468   13.40%
  26073 22874       -0.2246    86       -0.1980       -0.2246  2827810   13.40%
  26244 23043       -0.2153    78       -0.1980       -0.2246  2854927   13.40%
Elapsed time = 187.91 sec. (222461.15 ticks, tree = 740.42 MB, solutions = 27)
  26607 23324       -0.2075    80       -0.1980       -0.2246  2883937   13.40%
  26812 23663       -0.1998    58       -0.1980       -0.2246  2924691   13.40%
  27035 23843       -0.2044    63       -0.1980       -0.2246  2957181   13.40%
  27278 24030       -0.2137    67       -0.1980       -0.2246  2985119   13.40%
  27435 24129       -0.2029    62       -0.1980       -0.2246  3002077   13.40%
  27626 24309       -0.1998    59       -0.1980       -0.2246  3032729   13.40%
  27835 24460       -0.2085    72       -0.1980       -0.2246  3062745   13.40%
  28089 24680       -0.2199    99       -0.1980       -0.2246  3097435   13.40%
  28577 25025       -0.1982    58       -0.1980       -0.2246  3135823   13.40%
  29221 25697       -0.2044    57       -0.1980       -0.2246  3207398   13.40%
Elapsed time = 220.55 sec. (260818.49 ticks, tree = 818.38 MB, solutions = 27)
  29842 25949       -0.2246   100       -0.1980       -0.2246  3241932   13.40%
  30495 26764       -0.2060    53       -0.1980       -0.2246  3334712   13.40%
  31143 27334       -0.2044    69       -0.1980       -0.2246  3394138   13.40%
  31754 27662       -0.1982    58       -0.1980       -0.2246  3427490   13.40%
  32495 28409       -0.2213    94       -0.1980       -0.2246  3530730   13.40%
  33009 29371       -0.2096    51       -0.1980       -0.2246  3629494   13.40%
  33518 29537       -0.2199    84       -0.1980       -0.2246  3660050   13.40%
  34069 30288       -0.2106    60       -0.1980       -0.2246  3741550   13.40%
  34735 30471       -0.2013    47       -0.1980       -0.2246  3769318   13.40%
  35225 30970       -0.2184    82       -0.1980       -0.2246  3830093   13.40%
Elapsed time = 250.31 sec. (299065.65 ticks, tree = 988.53 MB, solutions = 27)
  35832 31659       -0.2215    96       -0.1980       -0.2246  3915679   13.40%
  36493 32204       -0.2122    76       -0.1980       -0.2246  3976342   13.40%
  37137 32703       -0.2199    86       -0.1980       -0.2246  4038444   13.40%
  37749 33674       -0.1982    51       -0.1980       -0.2246  4141082   13.40%
  38763 34405       -0.1998    53       -0.1980       -0.2246  4198946   13.40%
  39331 34594       -0.2075    65       -0.1980       -0.2246  4221742   13.40%
  39926 35412       -0.2168    76       -0.1980       -0.2246  4309407   13.40%
  40611 36056       -0.2246    89       -0.1980       -0.2246  4379480   13.40%
  41294 36667       -0.2135    61       -0.1980       -0.2246  4448989   13.40%
  41827 37171       -0.2013    51       -0.1980       -0.2246  4501296   13.40%
Elapsed time = 280.03 sec. (337275.45 ticks, tree = 1190.13 MB, solutions = 27)
  42432 37782       -0.1989    52       -0.1980       -0.2246  4577856   13.40%
  43029 38079       -0.2091    69       -0.1980       -0.2246  4607362   13.40%
  43677 38904       -0.2044    60       -0.1980       -0.2246  4689840   13.40%
  44376 39202       -0.1988    54       -0.1980       -0.2246  4742718   13.40%
  44903 40107       -0.2044    74       -0.1980       -0.2246  4829260   13.40%
  45499 40617       -0.2021    59       -0.1980       -0.2246  4890987   13.40%
  46250 41467       -0.2122    64       -0.1980       -0.2246  4986328   13.40%
  47008 42070       -0.2106    79       -0.1980       -0.2246  5048714   13.40%
  47645 42589        cutoff             -0.1980       -0.2246  5099471   13.40%
  48499 43486       -0.2184    90       -0.1980       -0.2246  5185459   13.40%
Elapsed time = 309.84 sec. (375491.61 ticks, tree = 1393.91 MB, solutions = 27)
  49193 43676       -0.2246    93       -0.1980       -0.2246  5212699   13.40%
  49814 44232       -0.1982    52       -0.1980       -0.2246  5279155   13.40%
  50505 45172       -0.1988    40       -0.1980       -0.2246  5379352   13.40%
  51164 45896       -0.2186    74       -0.1980       -0.2246  5455464   13.40%
  51701 46450       -0.1982    51       -0.1980       -0.2246  5518058   13.40%
  52283 46817       -0.2106    61       -0.1980       -0.2246  5562447   13.40%
  52835 47596       -0.2215   104       -0.1980       -0.2246  5645358   13.40%
  53515 47982       -0.2137    88       -0.1980       -0.2246  5693672   13.40%
  54174 48764       -0.1982    55       -0.1980       -0.2246  5773621   13.40%
  54785 49282       -0.2184    84       -0.1980       -0.2246  5838249   13.40%
Elapsed time = 339.77 sec. (413736.33 ticks, tree = 1581.02 MB, solutions = 27)
  55283 49618       -0.2017    58       -0.1980       -0.2246  5871375   13.40%
  56004 50300       -0.1998    53       -0.1980       -0.2246  5966854   13.40%
  56816 50958       -0.1985    57       -0.1980       -0.2246  6027317   13.40%
  57464 51616       -0.2050    66       -0.1980       -0.2246  6084993   13.40%
  58177 52438       -0.1989    58       -0.1980       -0.2246  6166138   13.40%
  58804 52798       -0.2230    83       -0.1980       -0.2246  6206234   13.40%
  59420 53756       -0.2161    65       -0.1980       -0.2246  6310293   13.40%
  60062 53985       -0.2101    74       -0.1980       -0.2246  6338288   13.40%
  60567 54567       -0.2106    67       -0.1980       -0.2246  6400964   13.40%
  61201 55087       -0.2067    63       -0.1980       -0.2246  6471773   13.40%
Elapsed time = 369.59 sec. (451994.65 ticks, tree = 1768.50 MB, solutions = 27)
  61838 55524       -0.2075    74       -0.1980       -0.2246  6522955   13.40%
  62489 56364       -0.2098    68       -0.1980       -0.2246  6611455   13.40%
  63080 57161       -0.2029    57       -0.1980       -0.2246  6699141   13.40%
  63662 57587       -0.2184    89       -0.1980       -0.2246  6761788   13.40%
  64292 58322       -0.2135    61       -0.1980       -0.2246  6835516   13.40%
  64973 58817       -0.1990    47       -0.1980       -0.2246  6887063   13.40%
  65681 59560       -0.2013    52       -0.1980       -0.2246  6952522   13.40%
  66292 60003       -0.2029    56       -0.1980       -0.2246  7003384   13.40%
  67000 60792       -0.2081    57       -0.1980       -0.2246  7099166   13.40%
  67630 61175       -0.2026    52       -0.1980       -0.2246  7132976   13.40%
Elapsed time = 399.75 sec. (490293.13 ticks, tree = 1965.01 MB, solutions = 27)
  68247 61975       -0.2215    90       -0.1980       -0.2246  7223084   13.40%
  68880 62400       -0.2080    51       -0.1980       -0.2246  7270888   13.40%
  69505 63165       -0.2183    80       -0.1980       -0.2246  7351109   13.40%
  70038 63700       -0.1986    50       -0.1980       -0.2246  7418510   13.40%
  70462 63962       -0.2230    89       -0.1980       -0.2246  7467681   13.40%
  70987 64326       -0.2168    86       -0.1980       -0.2246  7518111   13.40%
  71467 65043       -0.2246    91       -0.1980       -0.2246  7615306   13.40%
  71942 65553       -0.2213    78       -0.1980       -0.2246  7689418   13.40%
  72444 65835       -0.2196    77       -0.1980       -0.2246  7729953   13.40%
  72948 66474       -0.2164    85       -0.1980       -0.2246  7816536   13.40%
Elapsed time = 430.95 sec. (528523.50 ticks, tree = 2135.90 MB, solutions = 27)
Nodefile size = 83.27 MB (56.59 MB after compression)
  73435 66806       -0.1982    59       -0.1980       -0.2246  7857831   13.40%
  73930 67225       -0.2184    79       -0.1980       -0.2246  7906803   13.40%
  74461 67775       -0.2112    75       -0.1980       -0.2246  7984643   13.40%
  75091 68188       -0.2199    81       -0.1980       -0.2246  8033489   13.40%
  75607 68979       -0.2230   106       -0.1980       -0.2246  8123801   13.40%
  76134 69297       -0.2198    78       -0.1980       -0.2246  8168246   13.40%
  76657 69911       -0.2122    71       -0.1980       -0.2246  8246308   13.40%
  77237 70337       -0.2059    70       -0.1980       -0.2246  8299940   13.40%
  77761 71006       -0.2168    78       -0.1980       -0.2246  8387768   13.40%
  78211 71165       -0.2230    86       -0.1980       -0.2246  8410299   13.40%
Elapsed time = 462.89 sec. (566829.78 ticks, tree = 2286.97 MB, solutions = 27)
Nodefile size = 232.46 MB (158.48 MB after compression)
  78588 71629       -0.2090    64       -0.1980       -0.2246  8486312   13.40%
  79222 72119       -0.2162    79       -0.1980       -0.2246  8542377   13.40%
  79743 72661       -0.2063    70       -0.1980       -0.2246  8605350   13.40%
  80333 73413       -0.2024    51       -0.1980       -0.2246  8693169   13.40%
  80866 73899       -0.2226    92       -0.1980       -0.2246  8760127   13.40%
  81377 74453       -0.2168    70       -0.1980       -0.2246  8827672   13.40%
  81897 74700       -0.2137    77       -0.1980       -0.2246  8862914   13.40%
  82457 75085       -0.2024    62       -0.1980       -0.2246  8910763   13.40%
  83016 75968       -0.2122    78       -0.1980       -0.2246  9027204   13.40%
  83602 76266        cutoff             -0.1980       -0.2246  9064686   13.40%
Elapsed time = 494.38 sec. (605023.20 ticks, tree = 2429.37 MB, solutions = 27)
Nodefile size = 376.36 MB (256.64 MB after compression)
  84083 76970       -0.2145    75       -0.1980       -0.2246  9143784   13.40%
  84660 77282       -0.2184    86       -0.1980       -0.2246  9177418   13.40%
  85196 77809       -0.2184    83       -0.1980       -0.2246  9241640   13.40%
  85826 78326       -0.2199    87       -0.1980       -0.2246  9307797   13.40%
  86427 78702       -0.2241    96       -0.1980       -0.2246  9353339   13.40%
  86951 79556       -0.2122    84       -0.1980       -0.2246  9447692   13.40%
  87564 80018       -0.2022    49       -0.1980       -0.2246  9501637   13.40%
  88018 80545       -0.2049    67       -0.1980       -0.2246  9571218   13.40%
  88545 80835       -0.2029    67       -0.1980       -0.2246  9611220   13.40%
  88994 81499       -0.2015    67       -0.1980       -0.2246  9699126   13.40%
Elapsed time = 526.05 sec. (643207.12 ticks, tree = 2597.91 MB, solutions = 27)
Nodefile size = 544.29 MB (371.37 MB after compression)
  89439 81792       -0.2206    87       -0.1980       -0.2246  9752080   13.40%
  90003 82124       -0.2227    82       -0.1980       -0.2246  9799240   13.40%
  90497 82655       -0.2213    85       -0.1980       -0.2246  9862817   13.40%
  91085 83066       -0.1985    49       -0.1980       -0.2246  9922386   13.40%
  91521 83835       -0.2168    83       -0.1980       -0.2246 10023652   13.40%
  91919 84021       -0.2199    87       -0.1980       -0.2246 10052075   13.40%
  92368 84470       -0.2109    75       -0.1980       -0.2246 10116372   13.40%
  92809 84853       -0.2246    91       -0.1980       -0.2246 10167682   13.40%
  93218 85294       -0.2230    89       -0.1980       -0.2246 10217597   13.40%
  93650 85788       -0.2214    91       -0.1980       -0.2246 10291442   13.40%
Elapsed time = 558.02 sec. (681486.93 ticks, tree = 2736.22 MB, solutions = 27)
Nodefile size = 681.41 MB (465.13 MB after compression)
  94060 85982       -0.2215    88       -0.1980       -0.2246 10310053   13.40%
  94405 86435       -0.2029    59       -0.1980       -0.2246 10381811   13.40%
  94835 86666       -0.2002    58       -0.1980       -0.2246 10406003   13.40%
  95231 87300       -0.2055    71       -0.1980       -0.2246 10484905   13.40%
  95704 87671        cutoff             -0.1980       -0.2246 10527227   13.40%
  96161 87894       -0.2022    59       -0.1980       -0.2246 10554173   13.40%
  96630 88616       -0.2194    81       -0.1980       -0.2246 10643946   13.40%
  97004 88980       -0.2041    62       -0.1980       -0.2246 10689827   13.40%
  97441 89298       -0.2246    93       -0.1980       -0.2246 10728763   13.40%
  97840 89684       -0.2111    56       -0.1980       -0.2246 10779900   13.40%
Elapsed time = 589.53 sec. (719720.56 ticks, tree = 2861.51 MB, solutions = 27)
Nodefile size = 806.07 MB (550.67 MB after compression)
  98218 89956       -0.2128    77       -0.1980       -0.2246 10815905   13.40%
  98591 90350       -0.2215    94       -0.1980       -0.2246 10868755   13.40%
  99059 90775       -0.2119    77       -0.1980       -0.2246 10926496   13.40%

Mixed integer rounding cuts applied:  16
Gomory fractional cuts applied:  2

Root node processing (before b&c):
  Real time             =    8.00 sec. (7493.66 ticks)
Parallel b&c, 4 threads:
  Real time             =  592.73 sec. (724798.63 ticks)
  Sync time (average)   =   30.20 sec.
  Wait time (average)   =    0.00 sec.
                          ------------
Total (root+branch&cut) =  600.73 sec. (732292.29 ticks)
