Version identifier: 22.2.0.0 | 2026-05-04 | 5dff98e58
CPXPARAM_Read_DataCheck                          1
CPXPARAM_Threads                                 4
CPXPARAM_Parallel                                1
CPXPARAM_RandomSeed                              20260925
CPXPARAM_Simplex_Tolerances_Optimality           1.0000000000000001e-09
CPXPARAM_Simplex_Tolerances_Feasibility          1.0000000000000001e-09
CPXPARAM_TimeLimit                               600
CPXPARAM_MIP_Tolerances_AbsMIPGap                1.0000000000000001e-09
CPXPARAM_MIP_Tolerances_Integrality              1.0000000000000001e-09
Legacy callback                                  i
1 of 27 MIP starts provided solutions.
MIP start 'm1' defined initial solution with objective 0.0000.
Tried aggregator 1 time.
MIP Presolve eliminated 1347 rows and 1 columns.
MIP Presolve modified 3324 coefficients.
Reduced MIP has 3969 rows, 4687 columns, and 49236 nonzeros.
Reduced MIP has 1164 binaries, 0 generals, 0 SOSs, and 0 indicators.
Presolve time = 0.03 sec. (38.55 ticks)
Probing time = 0.00 sec. (0.69 ticks)
Tried aggregator 1 time.
Detecting symmetries...
MIP Presolve modified 96 coefficients.
Reduced MIP has 3969 rows, 4687 columns, and 49236 nonzeros.
Reduced MIP has 1164 binaries, 0 generals, 0 SOSs, and 0 indicators.
Presolve time = 0.02 sec. (21.13 ticks)
Probing time = 0.00 sec. (0.77 ticks)
MIP emphasis: balance optimality and feasibility.
MIP search method: dynamic search.
Parallel mode: deterministic, using up to 4 threads.
Root relaxation solution time = 0.20 sec. (204.88 ticks)

        Nodes                                         Cuts/
   Node  Left     Objective  IInf  Best Integer    Best Bound    ItCnt     Gap

*     0+    0                            0.0000       -1.0000              --- 
      0     0       -0.2246   114        0.0000       -0.2246     3524     --- 
      0     0       -0.2246    91        0.0000    MIRcuts: 4     3695     --- 
      0     0       -0.2246    88        0.0000      Cuts: 11     4826     --- 
      0     0       -0.2246    94        0.0000    MIRcuts: 3     5275     --- 
      0     0       -0.2246    69        0.0000    MIRcuts: 1     5406     --- 
      0     0       -0.2246    75        0.0000   MIRcuts: 14     6528     --- 
      0     2       -0.2246    72        0.0000       -0.2246     6528     --- 
Elapsed time = 10.20 sec. (9321.54 ticks, tree = 0.02 MB, solutions = 1)
      1     3       -0.2246    84        0.0000       -0.2246     9327     --- 
      3     4       -0.2246    80        0.0000       -0.2246    11928     --- 
     13     8       -0.2215    88        0.0000       -0.2246    20994     --- 
     18    12       -0.2246    94        0.0000       -0.2246    31572     --- 
     21    20       -0.2246    82        0.0000       -0.2246    47568     --- 
     26    22       -0.2246    92        0.0000       -0.2246    56243     --- 
     34    27       -0.2246    89        0.0000       -0.2246    61988     --- 
     40    31       -0.2246    92        0.0000       -0.2246    69726     --- 
     50    47       -0.2246    80        0.0000       -0.2246    84506     --- 
     71    67       -0.2215    94        0.0000       -0.2246   103450     --- 
Elapsed time = 15.25 sec. (13650.96 ticks, tree = 0.44 MB, solutions = 1)
     91    89       -0.2246   106        0.0000       -0.2246   130866     --- 
     97    93       -0.2242    87        0.0000       -0.2246   137296     --- 
    120   106       -0.2199    89        0.0000       -0.2246   139039     --- 
    175   130       -0.2235   105        0.0000       -0.2246   161872     --- 
    191   187       -0.2199    93        0.0000       -0.2246   179857     --- 
    234   205       -0.2212    82        0.0000       -0.2246   187098     --- 
    293   242       -0.2219    88        0.0000       -0.2246   194523     --- 
    354   306       -0.2199    88        0.0000       -0.2246   203063     --- 
    387   339       -0.2031    46        0.0000       -0.2246   208394     --- 
    422   367       -0.2185    89        0.0000       -0.2246   221748     --- 
Elapsed time = 23.84 sec. (23437.92 ticks, tree = 8.52 MB, solutions = 1)
*   484+  377                           -0.1980       -0.2246            13.40%
    498   440       -0.2050    52       -0.1980       -0.2246   237316   13.40%
    578   497       -0.2032    35       -0.1980       -0.2246   250537   13.40%
    692   517       -0.2246    88       -0.1980       -0.2246   263619   13.40%
    721   592       -0.2227    84       -0.1980       -0.2246   272988   13.40%
    754   669       -0.2235    87       -0.1980       -0.2246   305006   13.40%
    803   680       -0.2243    97       -0.1980       -0.2246   313062   13.40%
    850   764       -0.2234   106       -0.1980       -0.2246   344618   13.40%
    909   770       -0.2246    94       -0.1980       -0.2246   343835   13.40%
    969   826       -0.2215    88       -0.1980       -0.2246   364609   13.40%
   1026   906       -0.2174    75       -0.1980       -0.2246   384124   13.40%
Elapsed time = 32.30 sec. (33228.22 ticks, tree = 21.26 MB, solutions = 2)
   1102   949       -0.2215    79       -0.1980       -0.2246   394837   13.40%
   1149  1013       -0.2106    67       -0.1980       -0.2246   407759   13.40%
   1200  1065       -0.2126    70       -0.1980       -0.2246   421410   13.40%
   1271  1180       -0.2246    82       -0.1980       -0.2246   444988   13.40%
   1290  1162       -0.2233   103       -0.1980       -0.2246   447764   13.40%

Performing restart 1

Repeating presolve.
Tried aggregator 1 time.
Reduced MIP has 3969 rows, 4687 columns, and 49236 nonzeros.
Reduced MIP has 1164 binaries, 0 generals, 0 SOSs, and 0 indicators.
Presolve time = 0.02 sec. (13.87 ticks)
Tried aggregator 1 time.
Reduced MIP has 3969 rows, 4687 columns, and 49236 nonzeros.
Reduced MIP has 1164 binaries, 0 generals, 0 SOSs, and 0 indicators.
Presolve time = 0.00 sec. (21.39 ticks)
Represolve time = 0.05 sec. (42.15 ticks)
   1294     0       -0.2246    81       -0.1980       Cuts: 2   464009   13.40%
   1294     0       -0.2246    84       -0.1980    MIRcuts: 3   464529   13.40%
   1294     0       -0.2246    81       -0.1980    MIRcuts: 4   465386   13.40%
   1294     0       -0.2246    86       -0.1980    MIRcuts: 2   465814   13.40%
   1294     2       -0.2246    83       -0.1980       -0.2246   465814   13.40%
   1296     3       -0.2246    80       -0.1980       -0.2246   469884   13.40%
   1299     6       -0.2246    92       -0.1980       -0.2246   478188   13.40%
   1308    10       -0.2246    99       -0.1980       -0.2246   483550   13.40%
   1319    17       -0.2246    87       -0.1980       -0.2246   498063   13.40%
Elapsed time = 49.39 sec. (53168.52 ticks, tree = 0.15 MB, solutions = 2)
   1334    36       -0.2246   114       -0.1980       -0.2246   522470   13.40%
   1360    49       -0.2246    88       -0.1980       -0.2246   533111   13.40%
   1384    70       -0.2238   104       -0.1980       -0.2246   545884   13.40%
   1408    99       -0.2215    88       -0.1980       -0.2246   561137   13.40%
   1448   134       -0.2236    99       -0.1980       -0.2246   582491   13.40%
   1476   167       -0.2155    86       -0.1980       -0.2246   589448   13.40%
   1537   204       -0.2155    76       -0.1980       -0.2246   591686   13.40%
   1573   258       -0.2093    69       -0.1980       -0.2246   614663   13.40%
   1614   285       -0.2022    65       -0.1980       -0.2246   621967   13.40%
   1660   337       -0.1990    59       -0.1980       -0.2246   638824   13.40%
Elapsed time = 57.92 sec. (63131.06 ticks, tree = 8.59 MB, solutions = 2)
   1723   394       -0.2153    79       -0.1980       -0.2246   649269   13.40%
   1768   432       -0.2075    51       -0.1980       -0.2246   656718   13.40%
   1785   454       -0.2145    77       -0.1980       -0.2246   671116   13.40%
   1887   503       -0.2044    42       -0.1980       -0.2246   684699   13.40%
   2017   531       -0.2044    44       -0.1980       -0.2246   688832   13.40%
   2060   696       -0.2180    85       -0.1980       -0.2246   699505   13.40%
   2166   726       -0.2093    68       -0.1980       -0.2246   703106   13.40%
   2243   843       -0.2078    69       -0.1980       -0.2246   717055   13.40%
   2294   867       -0.2118    86       -0.1980       -0.2246   727288   13.40%
   2407   885       -0.2100    66       -0.1980       -0.2246   731220   13.40%
Elapsed time = 66.22 sec. (72849.47 ticks, tree = 25.94 MB, solutions = 2)
   2550  1102       -0.2162    79       -0.1980       -0.2246   761169   13.40%
   2613  1171       -0.2189    72       -0.1980       -0.2246   772372   13.40%
   2667  1250       -0.2148    59       -0.1980       -0.2246   787299   13.40%
   2797  1301       -0.2106    64       -0.1980       -0.2246   794125   13.40%
   2883  1344       -0.2183    87       -0.1980       -0.2246   807720   13.40%
   2936  1441       -0.2178    95       -0.1980       -0.2246   819946   13.40%
   3017  1538       -0.2022    50       -0.1980       -0.2246   828844   13.40%
   3078  1617       -0.2066    53       -0.1980       -0.2246   850369   13.40%
   3121  1659       -0.2042    65       -0.1980       -0.2246   853925   13.40%
   3216  1712       -0.2007    55       -0.1980       -0.2246   868677   13.40%
Elapsed time = 74.83 sec. (82505.28 ticks, tree = 52.31 MB, solutions = 2)
   3300  1756       -0.2230    82       -0.1980       -0.2246   882304   13.40%
   3358  1815       -0.2245    87       -0.1980       -0.2246   898304   13.40%
   3405  1845       -0.2181    88       -0.1980       -0.2246   904256   13.40%
   3451  1922       -0.2211    91       -0.1980       -0.2246   917249   13.40%
   3611  1990       -0.2091    54       -0.1980       -0.2246   925372   13.40%
   3711  2052       -0.1999    38       -0.1980       -0.2246   934544   13.40%
   3807  2209       -0.2239    74       -0.1980       -0.2246   946502   13.40%
   3855  2208       -0.2223    70       -0.1980       -0.2246   955583   13.40%
   3913  2336       -0.2206    84       -0.1980       -0.2246   982573   13.40%
   3948  2381       -0.2143    80       -0.1980       -0.2246   992150   13.40%
Elapsed time = 83.75 sec. (92155.04 ticks, tree = 73.58 MB, solutions = 2)
   3992  2411       -0.2186    84       -0.1980       -0.2246  1000046   13.40%
   4127  2513       -0.2029    53       -0.1980       -0.2246  1012898   13.40%
   4207  2553       -0.2171    82       -0.1980       -0.2246  1022767   13.40%
   4317  2596       -0.2092    50       -0.1980       -0.2246  1025851   13.40%
   4475  2721       -0.2063    44       -0.1980       -0.2246  1040617   13.40%
   4599  2940       -0.2233    89       -0.1980       -0.2246  1064760   13.40%
   4680  2984       -0.2199    93       -0.1980       -0.2246  1073237   13.40%
   4788  3127       -0.2163    81       -0.1980       -0.2246  1090025   13.40%
   4857  3216       -0.2072    69       -0.1980       -0.2246  1096527   13.40%
   4903  3322       -0.2033    49       -0.1980       -0.2246  1119277   13.40%
Elapsed time = 92.05 sec. (101925.25 ticks, tree = 103.46 MB, solutions = 2)
   4997  3350       -0.2128    71       -0.1980       -0.2246  1125247   13.40%
   5143  3428       -0.2034    55       -0.1980       -0.2246  1130382   13.40%
   5326  3700       -0.2176    83       -0.1980       -0.2246  1153725   13.40%
   5446  3764       -0.2021    62       -0.1980       -0.2246  1162873   13.40%
   5582  3813       -0.1982    42       -0.1980       -0.2246  1166110   13.40%
   5661  3915       -0.2061    60       -0.1980       -0.2246  1176981   13.40%
   5812  4131       -0.2032    68       -0.1980       -0.2246  1192958   13.40%
   5899  4155       -0.1996    59       -0.1980       -0.2246  1195200   13.40%
   5993  4206       -0.2183    73       -0.1980       -0.2246  1204936   13.40%
   6527  4727       -0.2122    80       -0.1980       -0.2246  1257497   13.40%
Elapsed time = 102.00 sec. (114423.41 ticks, tree = 148.29 MB, solutions = 2)
   7050  5233       -0.1987    53       -0.1980       -0.2246  1308581   13.40%
   7535  5760       -0.2064    66       -0.1980       -0.2246  1365195   13.40%
   7984  6101       -0.2122    64       -0.1980       -0.2246  1404880   13.40%
   8327  6585       -0.2012    63       -0.1980       -0.2246  1477467   13.40%
   8931  6984       -0.2188    73       -0.1980       -0.2246  1528118   13.40%
   9490  7638       -0.2092    75       -0.1980       -0.2246  1581937   13.40%
   9904  7875       -0.2075    71       -0.1980       -0.2246  1614523   13.40%
  10353  8351       -0.2220    74       -0.1980       -0.2246  1666674   13.40%
  10861  8942       -0.2122    66       -0.1980       -0.2246  1742463   13.40%
  11324  9354       -0.2052    67       -0.1980       -0.2246  1797726   13.40%
Elapsed time = 137.86 sec. (152689.14 ticks, tree = 295.76 MB, solutions = 2)
  11962  9817       -0.2184    83       -0.1980       -0.2246  1853049   13.40%
  12507 10426       -0.2036    66       -0.1980       -0.2246  1924017   13.40%
  13020 10927       -0.2031    60       -0.1980       -0.2246  1976382   13.40%
  13441 11295       -0.2071    31       -0.1980       -0.2246  2027415   13.40%
  13803 11731       -0.2246   102       -0.1980       -0.2246  2084459   13.40%
  14458 12167       -0.2093    64       -0.1980       -0.2246  2142735   13.40%
  14950 12924       -0.2028    47       -0.1980       -0.2246  2211846   13.40%
  15410 13003       -0.2000    57       -0.1980       -0.2246  2229603   13.40%
  16023 13569       -0.2013    55       -0.1980       -0.2246  2286361   13.40%
  16631 14244       -0.2039    54       -0.1980       -0.2246  2366538   13.40%
Elapsed time = 171.70 sec. (190963.12 ticks, tree = 451.26 MB, solutions = 2)
  17048 14923       -0.2041    66       -0.1980       -0.2246  2444144   13.40%
  17428 15263       -0.2199    75       -0.1980       -0.2246  2494053   13.40%
  17804 15475       -0.2123    84       -0.1980       -0.2246  2531096   13.40%
  18440 15874       -0.2178    70       -0.1980       -0.2246  2588735   13.40%
  19012 16659       -0.2005    42       -0.1980       -0.2246  2661450   13.40%
  19435 16686       -0.2080    65       -0.1980       -0.2246  2679858   13.40%
  19868 17466       -0.2138    67       -0.1980       -0.2246  2765536   13.40%
  20418 17819       -0.2040    63       -0.1980       -0.2246  2802295   13.40%
  20867 18477       -0.2246    90       -0.1980       -0.2246  2882908   13.40%
  21206 18796       -0.2041    57       -0.1980       -0.2246  2941682   13.40%
Elapsed time = 209.34 sec. (229300.86 ticks, tree = 596.54 MB, solutions = 2)
  21635 19045       -0.2114    67       -0.1980       -0.2246  2976131   13.40%
  22032 19467       -0.2225    93       -0.1980       -0.2246  3033687   13.40%
  22580 20042       -0.2158    54       -0.1980       -0.2246  3107863   13.40%
  23115 20433       -0.2059    60       -0.1980       -0.2246  3161072   13.40%
  23684 20821       -0.2085    69       -0.1980       -0.2246  3206295   13.40%
  24301 21427       -0.2077    64       -0.1980       -0.2246  3266311   13.40%
  24522 21924       -0.2178    80       -0.1980       -0.2246  3333615   13.40%
  24828 22183       -0.2246    79       -0.1980       -0.2246  3366681   13.40%
  24991 22531       -0.2092    65       -0.1980       -0.2246  3414474   13.40%
  25211 22762       -0.2203    81       -0.1980       -0.2246  3446843   13.40%
Elapsed time = 246.36 sec. (267584.21 ticks, tree = 728.31 MB, solutions = 2)
  25607 22898       -0.2062    60       -0.1980       -0.2246  3475394   13.40%
  26028 23300       -0.2184    71       -0.1980       -0.2246  3525362   13.40%
  26551 23645       -0.2159    62       -0.1980       -0.2246  3571415   13.40%
  27097 24026       -0.2186    79       -0.1980       -0.2246  3623710   13.40%
  27578 24742       -0.2122    64       -0.1980       -0.2246  3707470   13.40%
  27947 24990       -0.2246    82       -0.1980       -0.2246  3751003   13.40%
  28466 25579       -0.2186    75       -0.1980       -0.2246  3831064   13.40%
  28864 25996       -0.2202    86       -0.1980       -0.2246  3881448   13.40%
  29500 26298       -0.1982    49       -0.1980       -0.2246  3923619   13.40%
  29916 26740       -0.2156    64       -0.1980       -0.2246  3989948   13.40%
Elapsed time = 279.72 sec. (305796.91 ticks, tree = 852.47 MB, solutions = 2)
  30451 27493       -0.1982    47       -0.1980       -0.2246  4085680   13.40%
  30974 28055       -0.2091    64       -0.1980       -0.2246  4154083   13.40%
  31358 28423       -0.2087    64       -0.1980       -0.2246  4207151   13.40%
  31803 28603       -0.2237    98       -0.1980       -0.2246  4237079   13.40%
  32318 29287       -0.1998    61       -0.1980       -0.2246  4323943   13.40%
  32756 29616       -0.2195    77       -0.1980       -0.2246  4369605   13.40%
  33118 30131       -0.2151    66       -0.1980       -0.2246  4441279   13.40%
  33719 30493       -0.2128    48       -0.1980       -0.2246  4501778   13.40%
  34178 30659       -0.2029    44       -0.1980       -0.2246  4519397   13.40%
  34634 31254       -0.2105    73       -0.1980       -0.2246  4579522   13.40%
Elapsed time = 313.02 sec. (344009.10 ticks, tree = 997.98 MB, solutions = 2)
  35197 31757       -0.2130    51       -0.1980       -0.2246  4640155   13.40%
  35570 32576       -0.2083    51       -0.1980       -0.2246  4751884   13.40%
  36069 32728       -0.2013    56       -0.1980       -0.2246  4775126   13.40%
  36507 33279       -0.2013    50       -0.1980       -0.2246  4853160   13.40%
  37165 33609       -0.2199    78       -0.1980       -0.2246  4900355   13.40%
  37734 34300       -0.2003    53       -0.1980       -0.2246  4965501   13.40%
  38234 34619       -0.2130    67       -0.1980       -0.2246  5023509   13.40%
  38919 35400       -0.2215    84       -0.1980       -0.2246  5111211   13.40%
  39167 36002       -0.2122    76       -0.1980       -0.2246  5172250   13.40%
  39603 36331       -0.2123    58       -0.1980       -0.2246  5229547   13.40%
Elapsed time = 345.27 sec. (382306.30 ticks, tree = 1163.08 MB, solutions = 2)
  40056 36611       -0.2121    45       -0.1980       -0.2246  5272530   13.40%
  40514 37076       -0.2206    80       -0.1980       -0.2246  5337116   13.40%
  40905 37423       -0.2199    75       -0.1980       -0.2246  5390224   13.40%
  41428 38014       -0.2013    48       -0.1980       -0.2246  5471795   13.40%
  41882 38517       -0.2118    61       -0.1980       -0.2246  5537852   13.40%
  42366 38773       -0.2009    46       -0.1980       -0.2246  5576980   13.40%
  43052 39306       -0.1987    43       -0.1980       -0.2246  5654012   13.40%
  43580 39652       -0.2033    45       -0.1980       -0.2246  5698345   13.40%
  44148 40417       -0.2110    61       -0.1980       -0.2246  5794620   13.40%
  44714 41011       -0.2201    73       -0.1980       -0.2246  5868619   13.40%
Elapsed time = 377.03 sec. (420570.89 ticks, tree = 1314.01 MB, solutions = 2)
  45305 41383       -0.2131    66       -0.1980       -0.2246  5918703   13.40%
  45849 42096       -0.2044    50       -0.1980       -0.2246  6006818   13.40%
  46307 42283       -0.2226    81       -0.1980       -0.2246  6031539   13.40%
  46821 43009       -0.2079    64       -0.1980       -0.2246  6121127   13.40%
  47424 43523       -0.2137    63       -0.1980       -0.2246  6184489   13.40%
  47971 43994       -0.2148    59       -0.1980       -0.2246  6237628   13.40%
  48565 44609       -0.2137    58       -0.1980       -0.2246  6303335   13.40%
  49100 45121       -0.2190    78       -0.1980       -0.2246  6361226   13.40%
  49606 45566       -0.2030    49       -0.1980       -0.2246  6413192   13.40%
  50169 46135       -0.2028    49       -0.1980       -0.2246  6478471   13.40%
Elapsed time = 408.44 sec. (458767.24 ticks, tree = 1479.16 MB, solutions = 2)
  50668 46785       -0.2102    53       -0.1980       -0.2246  6559560   13.40%
  51127 46838       -0.2230    82       -0.1980       -0.2246  6582445   13.40%
  51674 47325       -0.2242    90       -0.1980       -0.2246  6657725   13.40%
  52373 48274       -0.2004    49       -0.1980       -0.2246  6775521   13.40%
  52764 48649       -0.2035    47       -0.1980       -0.2246  6834616   13.40%
  53200 49198       -0.2065    52       -0.1980       -0.2246  6902197   13.40%
  53705 49468       -0.2148    72       -0.1980       -0.2246  6947924   13.40%
  54208 49749       -0.2230    92       -0.1980       -0.2246  6995913   13.40%
  54514 50272       -0.2093    69       -0.1980       -0.2246  7065277   13.40%
  55016 50619       -0.2194    71       -0.1980       -0.2246  7118087   13.40%
Elapsed time = 440.11 sec. (496996.45 ticks, tree = 1622.85 MB, solutions = 2)
  55488 51110       -0.2151    78       -0.1980       -0.2246  7199545   13.40%
  56015 51567       -0.1998    41       -0.1980       -0.2246  7258954   13.40%
  56402 52054       -0.2102    59       -0.1980       -0.2246  7330225   13.40%
  56955 52733       -0.2177    87       -0.1980       -0.2246  7425937   13.40%
  57428 52783       -0.2122    66       -0.1980       -0.2246  7440406   13.40%
  58008 53681       -0.2029    55       -0.1980       -0.2246  7561550   13.40%
  58640 54077       -0.2013    41       -0.1980       -0.2246  7604012   13.40%
  59282 54548       -0.1982    47       -0.1980       -0.2246  7674776   13.40%
  59858 55160       -0.2013    62       -0.1980       -0.2246  7731320   13.40%
  60377 55609       -0.2184    68       -0.1980       -0.2246  7793879   13.40%
Elapsed time = 473.17 sec. (535223.64 ticks, tree = 1783.65 MB, solutions = 2)
  61004 56172       -0.1984    43       -0.1980       -0.2246  7857064   13.40%
  61757 56846       -0.2230    81       -0.1980       -0.2246  7934214   13.40%
  62306 57818       -0.2075    62       -0.1980       -0.2246  8061555   13.40%
  62990 57963       -0.2175    75       -0.1980       -0.2246  8089822   13.40%
  63590 58732       -0.1982    44       -0.1980       -0.2246  8157397   13.40%
  64081 59293       -0.2215    95       -0.1980       -0.2246  8237024   13.40%
  64894 59894       -0.1982    49       -0.1980       -0.2246  8290888   13.40%
  65555 60228       -0.2100    64       -0.1980       -0.2246  8318644   13.40%
  66160 61354       -0.2122    58       -0.1980       -0.2246  8414322   13.40%
  66932 61930       -0.2149    73       -0.1980       -0.2246  8494106   13.40%
Elapsed time = 505.42 sec. (573444.53 ticks, tree = 1987.47 MB, solutions = 2)
  67692 62653       -0.2075    59       -0.1980       -0.2246  8550994   13.40%
  68521 63120       -0.2155    78       -0.1980       -0.2246  8588792   13.40%
  68909 64077       -0.2216    84       -0.1980       -0.2246  8678842   13.40%
  69520 64254       -0.1982    55       -0.1980       -0.2246  8695085   13.40%
  70308 64802       -0.2199    89       -0.1980       -0.2246  8767807   13.40%
  71096 65775       -0.2091    73       -0.1980       -0.2246  8847895   13.40%
  71627 65963       -0.2021    56       -0.1980       -0.2246  8878227   13.40%
  72369 66873       -0.2235    93       -0.1980       -0.2246  8962032   13.40%
  73110 67364       -0.2195    86       -0.1980       -0.2246  9012864   13.40%
  73808 68503       -0.2091    67       -0.1980       -0.2246  9115705   13.40%
Elapsed time = 539.64 sec. (611702.04 ticks, tree = 2199.16 MB, solutions = 2)
Nodefile size = 145.89 MB (100.22 MB after compression)
  74360 68764       -0.2227    81       -0.1980       -0.2246  9150131   13.40%
  74627 69281       -0.2013    58       -0.1980       -0.2246  9194141   13.40%
  75087 69751       -0.1982    45       -0.1980       -0.2246  9231551   13.40%
  75471 70115       -0.2239    90       -0.1980       -0.2246  9274859   13.40%
  75931 70248       -0.2153    83       -0.1980       -0.2246  9293077   13.40%
  76313 71007       -0.2106    71       -0.1980       -0.2246  9364368   13.40%
  76783 71232       -0.2241    88       -0.1980       -0.2246  9379454   13.40%
  77194 71376       -0.2029    51       -0.1980       -0.2246  9394433   13.40%
  77600 72263       -0.2199    78       -0.1980       -0.2246  9475284   13.40%
  78026 72427       -0.2215    97       -0.1980       -0.2246  9492827   13.40%
Elapsed time = 572.52 sec. (650104.01 ticks, tree = 2325.32 MB, solutions = 2)
Nodefile size = 269.93 MB (185.67 MB after compression)
  78587 72980       -0.2246    82       -0.1980       -0.2246  9532601   13.40%
  79020 73264       -0.2239    99       -0.1980       -0.2246  9563293   13.40%
  79430 73493       -0.2038    55       -0.1980       -0.2246  9590046   13.40%
  79743 74137       -0.2113    63       -0.1980       -0.2246  9652239   13.40%
  80284 74444       -0.1982    40       -0.1980       -0.2246  9682770   13.40%
  80776 74640       -0.2031    41       -0.1980       -0.2246  9707421   13.40%
  81085 75221       -0.2215    89       -0.1980       -0.2246  9755703   13.40%
  81576 75752       -0.2215    88       -0.1980       -0.2246  9804020   13.40%

Mixed integer rounding cuts applied:  7

Root node processing (before b&c):
  Real time             =   10.20 sec. (9317.27 ticks)
Parallel b&c, 4 threads:
  Real time             =  590.42 sec. (672825.04 ticks)
  Sync time (average)   =   21.62 sec.
  Wait time (average)   =    0.00 sec.
                          ------------
Total (root+branch&cut) =  600.62 sec. (682142.30 ticks)
