Version identifier: 22.2.0.0 | 2026-05-04 | 5dff98e58
CPXPARAM_Read_DataCheck                          1
CPXPARAM_Threads                                 4
CPXPARAM_Parallel                                1
CPXPARAM_RandomSeed                              20260925
CPXPARAM_Simplex_Tolerances_Optimality           1.0000000000000001e-09
CPXPARAM_Simplex_Tolerances_Feasibility          1.0000000000000001e-09
CPXPARAM_TimeLimit                               600
CPXPARAM_MIP_Tolerances_AbsMIPGap                1.0000000000000001e-09
CPXPARAM_MIP_Tolerances_Integrality              1.0000000000000001e-09
Legacy callback                                  i
1 of 1 MIP starts provided solutions.
MIP start 'm1' defined initial solution with objective 0.0291.
Tried aggregator 1 time.
MIP Presolve eliminated 1348 rows and 2 columns.
MIP Presolve modified 3414 coefficients.
Reduced MIP has 3969 rows, 4686 columns, and 49233 nonzeros.
Reduced MIP has 1164 binaries, 0 generals, 0 SOSs, and 0 indicators.
Presolve time = 0.03 sec. (32.64 ticks)
Probing time = 0.00 sec. (0.68 ticks)
Tried aggregator 1 time.
Detecting symmetries...
Reduced MIP has 3969 rows, 4686 columns, and 49233 nonzeros.
Reduced MIP has 1164 binaries, 0 generals, 0 SOSs, and 0 indicators.
Presolve time = 0.03 sec. (20.17 ticks)
Probing time = 0.00 sec. (0.78 ticks)
MIP emphasis: balance optimality and feasibility.
MIP search method: dynamic search.
Parallel mode: deterministic, using up to 4 threads.
Root relaxation solution time = 0.03 sec. (36.81 ticks)

        Nodes                                         Cuts/
   Node  Left     Objective  IInf  Best Integer    Best Bound    ItCnt     Gap

*     0+    0                            0.0291        0.0000           100.00%
      0     0        0.0241    62        0.0291        0.0241      756   17.31%
      0     0        0.0241    58        0.0291    MIRcuts: 6      872   17.31%
      0     0        0.0241    62        0.0291    MIRcuts: 5     1012   17.31%
      0     2        0.0241    59        0.0291        0.0241     1012   17.31%
Elapsed time = 2.12 sec. (1489.73 ticks, tree = 0.02 MB, solutions = 1)
     29    31        0.0255    63        0.0291        0.0241     2892   17.31%
     43    45        0.0255    61        0.0291        0.0241     3564   17.31%
     96    75        0.0258    54        0.0291        0.0241     6680   17.31%
    160   128        0.0241    59        0.0291        0.0241    11058   17.31%
    225   201        0.0241    56        0.0291        0.0241    15575   17.31%
    275   252        0.0263    31        0.0291        0.0241    20458   17.26%
    323   270        0.0241    60        0.0291        0.0241    22596   17.26%
    383   306        0.0242    58        0.0291        0.0241    26949   17.26%
    431   315    infeasible              0.0291        0.0241    29551   17.26%
    660   508        0.0262    34        0.0291        0.0241    58858   17.26%
Elapsed time = 5.47 sec. (4645.78 ticks, tree = 6.55 MB, solutions = 1)
    928   591        0.0243    56        0.0291        0.0241    81811   17.19%
   1115   809    infeasible              0.0291        0.0241   110037   17.19%
   1388   978        0.0248    63        0.0291        0.0241   139195   17.19%
   1619  1179        cutoff              0.0291        0.0241   168253   17.19%
   1895  1321        0.0267    87        0.0291        0.0241   196248   17.19%
   2191  1601        0.0253    52        0.0291        0.0241   226443   17.19%

Performing restart 1

Repeating presolve.
Tried aggregator 1 time.
Reduced MIP has 3969 rows, 4686 columns, and 49233 nonzeros.
Reduced MIP has 1164 binaries, 0 generals, 0 SOSs, and 0 indicators.
Presolve time = 0.00 sec. (13.86 ticks)
Tried aggregator 1 time.
Reduced MIP has 3969 rows, 4686 columns, and 49233 nonzeros.
Reduced MIP has 1164 binaries, 0 generals, 0 SOSs, and 0 indicators.
Presolve time = 0.02 sec. (20.45 ticks)
Represolve time = 0.03 sec. (40.47 ticks)
   2353     0        0.0241    61        0.0291       Cuts: 5   251247   17.19%
   2353     0        0.0241    64        0.0291      Cuts: 14   251425   17.19%
   2353     0        0.0241    61        0.0291       Cuts: 7   251607   17.19%
   2353     0        0.0241    64        0.0291       Cuts: 6   251725   17.19%
   2353     0        0.0241    62        0.0291       Cuts: 6   251857   17.19%
   2353     0        0.0241    61        0.0291       Cuts: 3   251949   17.19%
   2353     2        0.0241    61        0.0291        0.0241   251949   17.19%
   2364    13        0.0241    67        0.0291        0.0241   252989   17.19%
   2440    58        0.0266    73        0.0291        0.0241   257219   17.19%
   2588   191        0.0252    58        0.0291        0.0241   264944   17.19%
Elapsed time = 20.44 sec. (19574.36 ticks, tree = 3.43 MB, solutions = 1)
   2727   298        0.0269    57        0.0291        0.0241   275913   17.19%
   2943   508        0.0261    71        0.0291        0.0241   298819   17.19%
   3106   636        0.0279    74        0.0291        0.0241   308658   17.19%
   3298   824        0.0287    57        0.0291        0.0241   329411   17.19%
   3505  1021        0.0255    70        0.0291        0.0241   349239   17.19%
   3673  1179        0.0253    62        0.0291        0.0241   368401   17.19%
   3908  1335        0.0257    62        0.0291        0.0241   378357   17.19%
   4181  1601        0.0268    70        0.0291        0.0241   397905   17.19%
   4429  1711        0.0284    46        0.0291        0.0241   410796   17.19%
   4686  2032        0.0258    63        0.0291        0.0241   435146   17.19%
Elapsed time = 28.62 sec. (29153.59 ticks, tree = 52.40 MB, solutions = 1)
   4868  2216        0.0247    60        0.0291        0.0241   452514   17.19%
   5119  2383        0.0282    59        0.0291        0.0241   469260   17.19%
   5431  2643        0.0285    60        0.0291        0.0241   484456   17.19%
   5789  3037        0.0274    24        0.0291        0.0241   510892   17.19%
   6080  3327        0.0277    51        0.0291        0.0241   532539   17.19%
   6346  3472        0.0249    61        0.0291        0.0241   540438   17.19%
   6528  3634        0.0247    64        0.0291        0.0241   551637   17.19%
   6820  3902        0.0258    58        0.0291        0.0241   578789   17.19%
   7190  4181        0.0264    72        0.0291        0.0241   590492   17.19%
   7413  4387        0.0242    59        0.0291        0.0241   605006   17.19%
Elapsed time = 37.05 sec. (38730.57 ticks, tree = 127.39 MB, solutions = 1)
   7754  4693        0.0280    62        0.0291        0.0241   627111   17.19%
   8089  4998        0.0265    48        0.0291        0.0241   643668   17.19%
   8380  5286        0.0246    64        0.0291        0.0241   666712   17.19%
   8625  5573        0.0247    62        0.0291        0.0241   689587   17.19%
   8895  5669        0.0249    61        0.0291        0.0241   699778   17.19%
   9200  5997        0.0283    59        0.0291        0.0241   728136   17.19%
   9580  6458        0.0252    52        0.0291        0.0241   752025   17.19%
   9954  6654        0.0255    66        0.0291        0.0241   765466   17.19%
  10330  6841        0.0263    61        0.0291        0.0241   778286   17.19%
  10596  7308        0.0265    60        0.0291        0.0241   804773   17.19%
Elapsed time = 45.28 sec. (48311.42 ticks, tree = 220.29 MB, solutions = 1)
  10927  7536        0.0267    83        0.0291        0.0241   818898   17.19%
  11172  7816        0.0287    47        0.0291        0.0241   840818   17.19%
  11518  8061        0.0258    69        0.0291        0.0241   858076   17.19%
  11900  8357        0.0248    62        0.0291        0.0241   875638   17.19%
  12137  8661        0.0271    53        0.0291        0.0241   898894   17.19%
  12472  8911        0.0256    57        0.0291        0.0241   918729   17.19%
  12724  9127        0.0258    71        0.0291        0.0241   936456   17.19%
  12956  9346        0.0251    69        0.0291        0.0241   964858   17.19%
  13193  9619        0.0254    65        0.0291        0.0241  1002236   17.19%
  13593  9712        0.0271    63        0.0291        0.0241  1010258   17.19%
Elapsed time = 52.77 sec. (57875.41 ticks, tree = 291.79 MB, solutions = 1)
  13858 10156        0.0276    55        0.0291        0.0241  1039473   17.19%
  14228 10406        0.0276    54        0.0291        0.0241  1057443   17.19%
  14612 10604        0.0245    61        0.0291        0.0241  1066312   17.19%
  14920 10943        0.0244    61        0.0291        0.0241  1088486   17.19%
  15254 11207        0.0242    58        0.0291        0.0241  1103870   17.14%
  15618 11767        0.0259    57        0.0291        0.0241  1142019   17.13%
  15980 11888        0.0258    54        0.0291        0.0241  1152599   17.13%
  16215 12190        0.0245    63        0.0291        0.0241  1172045   17.13%
  16556 12292        0.0285    61        0.0291        0.0241  1184428   17.13%
  16908 12712        0.0279    31        0.0291        0.0241  1210331   17.13%
Elapsed time = 60.53 sec. (67445.34 ticks, tree = 387.28 MB, solutions = 1)
  17247 13093        0.0243    51        0.0291        0.0241  1242757   17.11%
  17586 13583        0.0270    23        0.0291        0.0241  1279937   17.11%
  17910 13742        0.0251    59        0.0291        0.0241  1293845   17.11%
  18250 14010        0.0259    52        0.0291        0.0241  1305411   17.08%
  18505 14180        0.0270    62        0.0291        0.0241  1321990   17.06%
  18763 14416        0.0250    68        0.0291        0.0241  1340212   17.06%
  19157 14795        0.0254    66        0.0291        0.0241  1361052   17.06%
  19446 14997        0.0251    62        0.0291        0.0241  1376296   17.06%
  19872 15196        0.0276    73        0.0291        0.0241  1394843   17.06%
  20171 15903        0.0259    72        0.0291        0.0241  1436639   17.06%
Elapsed time = 68.58 sec. (77044.62 ticks, tree = 488.71 MB, solutions = 1)
  20480 15870        0.0267    56        0.0291        0.0241  1439344   17.06%
  20929 16349        0.0249    63        0.0291        0.0241  1473536   17.06%
  21190 16602        0.0280    38        0.0291        0.0241  1493685   17.06%
  21455 16938        0.0267    76        0.0291        0.0241  1514987   17.06%
  21774 17146        0.0266    66        0.0291        0.0241  1537795   17.06%
  22053 17281        0.0272    48        0.0291        0.0241  1550640   17.06%
  22420 17576        0.0252    60        0.0291        0.0241  1570373   17.06%
  22875 18051        0.0253    63        0.0291        0.0241  1594415   17.06%
  23141 18232        0.0251    66        0.0291        0.0241  1605463   17.06%
  23674 18662        0.0246    62        0.0291        0.0241  1634165   17.06%
Elapsed time = 75.86 sec. (86609.60 ticks, tree = 577.28 MB, solutions = 1)
  24031 19079        0.0268    65        0.0291        0.0241  1662350   17.06%
  24327 19313        0.0257    65        0.0291        0.0241  1674394   17.06%
  24636 19811        0.0252    66        0.0291        0.0241  1710809   17.06%
  24872 19845        0.0241    66        0.0291        0.0241  1717395   17.06%
  25182 20230        0.0276    61        0.0291        0.0241  1741199   17.06%
* 25480+20368                            0.0289        0.0241            16.47%
  25542 20665        0.0274    56        0.0289        0.0241  1785677   16.47%
* 25670+20570                            0.0289        0.0241            16.47%
  25720 20739        0.0258    51        0.0289        0.0241  1790205   16.47%
  25807 20995        0.0266    54        0.0289        0.0241  1804683   16.47%
  25924 21027        0.0281    48        0.0289        0.0241  1810473   16.47%
* 26153+20368                            0.0289        0.0241            16.41%
  26573 21519        0.0286    64        0.0289        0.0241  1847836   16.41%
Elapsed time = 86.45 sec. (99061.52 ticks, tree = 677.05 MB, solutions = 1)
* 26610+20368                            0.0288        0.0241            16.32%
* 26748+20368                            0.0288        0.0241            16.18%
* 26760+20368                            0.0288        0.0241            16.05%
  27162 22115        0.0264    58        0.0288        0.0241  1894137   16.05%
  27760 22572        0.0271    60        0.0288        0.0241  1933843   16.05%
* 28050+20368                            0.0287        0.0241            16.02%
  28475 23313        0.0253    63        0.0287        0.0241  1980542   16.02%
  29154 23875        0.0270    43        0.0287        0.0241  2018026   16.02%
* 29605+20368                            0.0287        0.0241            15.92%
* 29624+20368                            0.0287        0.0241            15.77%
* 29700+20368                            0.0286        0.0241            15.63%
  29778 24408        cutoff              0.0286        0.0241  2058903   15.63%
  30439 24937        0.0256    66        0.0286        0.0241  2104464   15.63%
  31136 25565        0.0286    63        0.0286        0.0241  2152131   15.63%
  31782 26232        0.0243    64        0.0286        0.0241  2195819   15.63%
  32287 26617        0.0282    65        0.0286        0.0241  2230131   15.63%
  32956 27215        0.0251    61        0.0286        0.0241  2283091   15.63%
Elapsed time = 122.75 sec. (137265.53 ticks, tree = 861.04 MB, solutions = 1)
  33758 27232        0.0261    68        0.0286        0.0241  2326196   15.63%
  35011 28261        0.0271    24        0.0286        0.0241  2390723   15.63%
  36816 29829        0.0265    52        0.0286        0.0241  2467733   15.61%
  38419 31065        0.0260    48        0.0286        0.0242  2534043   15.58%
  40251 32815        0.0281    47        0.0286        0.0242  2620812   15.58%
  42007 34768        0.0243    62        0.0286        0.0242  2719656   15.58%
  43824 35889        0.0278    62        0.0286        0.0242  2773080   15.57%
  45703 37963        0.0248    64        0.0286        0.0242  2879636   15.55%
  47418 39585        0.0254    61        0.0286        0.0242  2960605   15.55%

Performing restart 2

Repeating presolve.
Tried aggregator 1 time.
Reduced MIP has 3969 rows, 4686 columns, and 49233 nonzeros.
Reduced MIP has 1164 binaries, 0 generals, 0 SOSs, and 0 indicators.
Presolve time = 0.02 sec. (13.86 ticks)
Tried aggregator 1 time.
Reduced MIP has 3969 rows, 4686 columns, and 49233 nonzeros.
Reduced MIP has 1164 binaries, 0 generals, 0 SOSs, and 0 indicators.
Presolve time = 0.02 sec. (20.45 ticks)
Represolve time = 0.06 sec. (47.94 ticks)
  48431     0        0.0241    67        0.0286      Cuts: 11  3026728   15.55%
  48431     0        0.0241    67        0.0286       Cuts: 7  3026874   15.55%
  48431     0        0.0241    65        0.0286       Cuts: 3  3027024   15.55%
  48431     0        0.0241    66        0.0286       Cuts: 3  3027066   15.55%
  48431     0        0.0241    61        0.0286       Cuts: 6  3027150   15.55%
  48431     0        0.0241    66        0.0286       Cuts: 7  3027282   15.55%
  48431     0        0.0241    61        0.0286    MIRcuts: 1  3027328   15.55%
  48431     0        0.0241    66        0.0286    Covers: 11  3027489   15.55%
  48431     2        0.0241    62        0.0286        0.0242  3027489   15.55%
Elapsed time = 158.80 sec. (182136.90 ticks, tree = 0.02 MB, solutions = 16)
  48632   184        0.0262    70        0.0286        0.0242  3039264   15.55%
  49161   591        0.0282    47        0.0286        0.0242  3076222   15.55%
  49954  1345        0.0244    58        0.0286        0.0242  3120329   15.55%
  51199  2493        0.0265    59        0.0286        0.0242  3201124   15.55%
  52387  3457        0.0283    58        0.0286        0.0242  3278984   15.55%
  53837  4785        0.0252    45        0.0286        0.0242  3364074   15.55%
  55140  5893        0.0248    66        0.0286        0.0242  3445327   15.55%
  56732  7303        0.0255    52        0.0286        0.0242  3542947   15.55%
  58436  8909        0.0241    62        0.0286        0.0242  3647668   15.55%
  60226 10623        0.0250    66        0.0286        0.0242  3761910   15.55%
Elapsed time = 189.14 sec. (220327.59 ticks, tree = 32.00 MB, solutions = 16)
  61623 11942        0.0256    73        0.0286        0.0242  3865988   15.55%
  63175 13125        0.0264    69        0.0286        0.0242  3957501   15.55%
  64459 14362        0.0251    62        0.0286        0.0242  4048789   15.55%
  65678 15575        0.0247    65        0.0286        0.0242  4153363   15.55%
  66943 16795        0.0243    61        0.0286        0.0242  4251413   15.55%
  68243 17642        0.0265    55        0.0286        0.0242  4334430   15.55%
  69546 18662        0.0266    48        0.0286        0.0242  4421023   15.55%
  70818 19864        0.0253    64        0.0286        0.0242  4516856   15.55%
  72341 20960        0.0242    61        0.0286        0.0242  4608557   15.55%
  73604 22340        0.0258    58        0.0286        0.0242  4699994   15.55%
Elapsed time = 218.23 sec. (258499.70 ticks, tree = 53.74 MB, solutions = 16)
  75307 23772        0.0245    61        0.0286        0.0242  4790825   15.55%
  76690 25436        0.0248    61        0.0286        0.0242  4915233   15.55%
  78107 26738        0.0263    72        0.0286        0.0242  5009185   15.55%
  79603 27567        0.0276    59        0.0286        0.0242  5088022   15.55%
  81043 29369        0.0278    55        0.0286        0.0242  5220139   15.55%
  82572 30697        0.0266    54        0.0286        0.0242  5306685   15.55%
  84127 31818        0.0246    62        0.0286        0.0242  5387578   15.55%
* 84634+32472                            0.0279        0.0242            13.27%
  85702 30250        0.0243    59        0.0279        0.0242  5505743   13.25%
  87311 31876        0.0263    49        0.0279        0.0242  5618002   13.23%
  89037 33561        0.0277    67        0.0279        0.0242  5723287   13.23%
Elapsed time = 247.17 sec. (296667.22 ticks, tree = 74.72 MB, solutions = 17)
  91011 35161        0.0256    35        0.0279        0.0242  5817047   13.21%
  92638 36534        0.0265    30        0.0279        0.0242  5917668   13.21%
  94099 38161        0.0244    55        0.0279        0.0242  6034490   13.20%
  95804 39842        0.0252    67        0.0279        0.0242  6142969   13.19%
  97305 40997        0.0251    66        0.0279        0.0242  6231327   13.19%
  98716 42363        0.0256    51        0.0279        0.0242  6340372   13.19%
 100253 43777        0.0261    76        0.0279        0.0242  6448838   13.19%
 101821 45133        0.0269    61        0.0279        0.0242  6546729   13.19%
 103283 46456        0.0257    45        0.0279        0.0242  6657832   13.19%
 104762 47695        0.0250    65        0.0279        0.0242  6745069   13.18%
Elapsed time = 275.67 sec. (334848.15 ticks, tree = 100.55 MB, solutions = 17)
 106311 49090        0.0273    52        0.0279        0.0242  6846806   13.18%
 108069 50945        0.0273    62        0.0279        0.0242  6982779   13.18%
 109555 52416        0.0253    52        0.0279        0.0242  7082072   13.18%
 111141 53616        0.0279    54        0.0279        0.0242  7167632   13.17%
 112743 54957        0.0265    57        0.0279        0.0242  7281019   13.17%
 114028 56654        0.0254    59        0.0279        0.0242  7407612   13.17%
 115731 58272        0.0269    56        0.0279        0.0242  7512387   13.16%
 117427 59638        0.0254    67        0.0279        0.0242  7605196   13.16%
 119286 61666        0.0248    65        0.0279        0.0242  7733015   13.16%
 121073 62944        0.0247    67        0.0279        0.0242  7816645   13.16%
Elapsed time = 303.75 sec. (373016.06 ticks, tree = 128.48 MB, solutions = 17)
 122958 64791        0.0252    66        0.0279        0.0242  7923416   13.16%
 124498 66242        0.0242    67        0.0279        0.0242  8019278   13.16%
 126071 67829        0.0254    61        0.0279        0.0242  8134857   13.15%
 127753 69252        0.0275    58        0.0279        0.0242  8240316   13.15%
 129646 71024        0.0264    29        0.0279        0.0242  8353504   13.15%
 131707 72749        0.0257    55        0.0279        0.0242  8449349   13.15%
 133424 74375        0.0263    57        0.0279        0.0242  8551927   13.14%
 135399 76348        0.0243    62        0.0279        0.0242  8684224   13.14%
 137011 78281        0.0271    62        0.0279        0.0242  8810266   13.14%
 138615 79175        0.0251    61        0.0279        0.0242  8868462   13.14%
Elapsed time = 331.78 sec. (411194.94 ticks, tree = 160.96 MB, solutions = 17)
 140343 80739        0.0265    66        0.0279        0.0242  8985196   13.14%
 142213 82936        0.0250    66        0.0279        0.0242  9121941   13.14%
 143977 84489        0.0246    63        0.0279        0.0242  9223092   13.14%
 145596 85741        0.0266    48        0.0279        0.0242  9316028   13.14%
 147160 87268        0.0244    61        0.0279        0.0242  9425971   13.14%
 148670 88807        0.0269    48        0.0279        0.0242  9540048   13.13%
 150360 90294        0.0246    58        0.0279        0.0242  9642309   13.13%
 151901 91847        0.0263    80        0.0279        0.0242  9761881   13.13%
 153431 93015        0.0278    58        0.0279        0.0242  9863521   13.13%
 155043 94829        0.0278    59        0.0279        0.0242  9991734   13.13%
Elapsed time = 359.22 sec. (449378.64 ticks, tree = 189.48 MB, solutions = 17)
 156663 96133        0.0252    63        0.0279        0.0242 10090796   13.13%
 158473 97843        0.0251    54        0.0279        0.0242 10208730   13.13%
 160196 99689        0.0256    59        0.0279        0.0242 10316809   13.12%
 161960 101140        0.0260    56        0.0279        0.0242 10420462   13.12%
 163958 103215        0.0261    60        0.0279        0.0242 10545379   13.12%
 165711 104738        0.0258    64        0.0279        0.0242 10655100   13.12%
*165716+104426                            0.0278        0.0242            13.02%
 167620 105927        0.0244    58        0.0278        0.0242 10759033   13.02%
 169387 107463        0.0265    56        0.0278        0.0242 10851665   13.02%
 171338 109416        0.0270    55        0.0278        0.0242 10979644   13.02%
 173212 111275        0.0269    53        0.0278        0.0242 11091228   13.02%
Elapsed time = 387.11 sec. (487549.08 ticks, tree = 219.49 MB, solutions = 18)
*173657+111882                            0.0278        0.0242            12.91%
 175213 112646        0.0249    71        0.0278        0.0242 11198373   12.91%
 176862 114209        0.0252    67        0.0278        0.0242 11303926   12.91%
 178602 115848        0.0276    51        0.0278        0.0242 11425140   12.91%
 180215 117401        0.0273    55        0.0278        0.0242 11543053   12.91%
 182100 119572        0.0257    62        0.0278        0.0242 11684061   12.91%
 183836 120456        0.0268    60        0.0278        0.0242 11756798   12.90%
 185971 122933        0.0248    62        0.0278        0.0242 11906796   12.90%
 187813 124126        0.0254    50        0.0278        0.0242 11975220   12.90%
 189495 125922        0.0266    55        0.0278        0.0242 12110225   12.90%
 191366 127455        cutoff              0.0278        0.0242 12213283   12.90%
Elapsed time = 415.16 sec. (525722.40 ticks, tree = 248.96 MB, solutions = 19)
 193111 128824        0.0248    53        0.0278        0.0242 12297842   12.89%
 195116 131292        0.0244    62        0.0278        0.0242 12463058   12.89%
 197150 133174        0.0278    51        0.0278        0.0242 12576380   12.89%
 198904 135116        0.0269    51        0.0278        0.0242 12706600   12.89%
 200522 136594        0.0246    57        0.0278        0.0242 12802734   12.89%
 202530 137828        0.0244    57        0.0278        0.0242 12874964   12.89%
 204468 140162        0.0267    57        0.0278        0.0242 13019823   12.88%
 206434 141496        0.0270    54        0.0278        0.0242 13112278   12.88%
 208235 143498        0.0272    63        0.0278        0.0242 13243238   12.88%
 210036 145300        0.0258    62        0.0278        0.0242 13362373   12.88%
Elapsed time = 443.47 sec. (563882.93 ticks, tree = 284.51 MB, solutions = 19)
 211924 147174        0.0266    45        0.0278        0.0242 13488102   12.88%
 213662 148730        0.0250    50        0.0278        0.0242 13593380   12.88%
 215612 150272        0.0247    57        0.0278        0.0242 13692588   12.88%
 217775 152062        0.0265    31        0.0278        0.0242 13814896   12.88%
 219517 154298        0.0274    51        0.0278        0.0242 13948619   12.87%
 221145 155261        0.0256    66        0.0278        0.0242 14019221   12.87%
 222953 157100        0.0252    62        0.0278        0.0242 14137455   12.87%
 224846 158864        0.0242    58        0.0278        0.0242 14256419   12.87%
 226536 160681        0.0255    69        0.0278        0.0242 14383157   12.87%
 228451 162566        0.0256    59        0.0278        0.0242 14511522   12.87%
Elapsed time = 475.14 sec. (602059.17 ticks, tree = 317.97 MB, solutions = 19)
 230413 164002        0.0269    57        0.0278        0.0242 14610032   12.86%
 232254 165598        0.0245    61        0.0278        0.0242 14705662   12.86%
 234030 167691        0.0253    64        0.0278        0.0242 14847425   12.86%
 235776 168860        0.0245    67        0.0278        0.0242 14916928   12.86%
 237262 170329        0.0262    61        0.0278        0.0242 15023852   12.86%
 238920 172023        0.0258    61        0.0278        0.0242 15154691   12.86%
 240614 173339        0.0269    68        0.0278        0.0242 15248258   12.86%
 242087 175078        0.0244    69        0.0278        0.0242 15370404   12.86%
 244003 176344        0.0246    55        0.0278        0.0242 15460076   12.86%
 245796 178502        0.0267    71        0.0278        0.0242 15601933   12.85%
Elapsed time = 507.20 sec. (640240.47 ticks, tree = 347.13 MB, solutions = 19)
 247406 180372        0.0253    57        0.0278        0.0242 15749562   12.85%
 249186 181648        0.0274    51        0.0278        0.0242 15829627   12.85%
 251050 183698        0.0266    40        0.0278        0.0242 15984519   12.85%
 252808 184986        0.0246    61        0.0278        0.0242 16063179   12.85%
 254559 186112        0.0243    57        0.0278        0.0242 16139982   12.84%
 256142 188322        0.0275    61        0.0278        0.0242 16303937   12.84%
 257701 189888        0.0249    64        0.0278        0.0242 16433441   12.84%
 259515 191448        0.0278    62        0.0278        0.0242 16549806   12.84%
 261423 193000        0.0277    49        0.0278        0.0242 16645151   12.84%
 262948 194100        cutoff              0.0278        0.0242 16738183   12.84%
Elapsed time = 537.52 sec. (678410.94 ticks, tree = 377.75 MB, solutions = 19)
 264426 195722        0.0266    68        0.0278        0.0242 16856339   12.84%
 265012 196657        0.0251    65        0.0278        0.0242 16932157   12.84%
 265543 197255        cutoff              0.0278        0.0242 16982335   12.84%
 266167 197791        0.0259    62        0.0278        0.0242 17021204   12.84%
 266931 198201        0.0264    56        0.0278        0.0242 17047786   12.84%
 267881 199199        0.0248    69        0.0278        0.0242 17125870   12.84%
 268497 199676        0.0269    70        0.0278        0.0242 17158245   12.84%
 269348 200413        0.0253    68        0.0278        0.0242 17221357   12.84%
 270034 201296        0.0247    52        0.0278        0.0242 17291611   12.84%
 270874 202239        0.0265    56        0.0278        0.0242 17354949   12.84%
Elapsed time = 569.12 sec. (716654.74 ticks, tree = 392.53 MB, solutions = 19)
 271704 202499        0.0255    53        0.0278        0.0242 17375068   12.84%
 272631 203218        0.0247    58        0.0278        0.0242 17421110   12.84%
 273444 204221        0.0247    54        0.0278        0.0242 17476985   12.83%
 274380 205217        0.0250    64        0.0278        0.0242 17529376   12.83%
 275095 205950        0.0259    67        0.0278        0.0242 17568526   12.83%
 276019 206828        0.0255    64        0.0278        0.0242 17635055   12.83%
 276974 207673        0.0244    66        0.0278        0.0242 17691663   12.83%
 277937 208652        0.0252    63        0.0278        0.0242 17759886   12.83%

Cover cuts applied:  2
Mixed integer rounding cuts applied:  4

Root node processing (before b&c):
  Real time             =    2.11 sec. (1488.17 ticks)
Parallel b&c, 4 threads:
  Real time             =  597.91 sec. (749346.50 ticks)
  Sync time (average)   =   27.04 sec.
  Wait time (average)   =    0.00 sec.
                          ------------
Total (root+branch&cut) =  600.02 sec. (750834.66 ticks)
