Version identifier: 22.2.0.0 | 2026-05-04 | 5dff98e58
CPXPARAM_Read_DataCheck                          1
CPXPARAM_Threads                                 4
CPXPARAM_Parallel                                1
CPXPARAM_RandomSeed                              20260925
CPXPARAM_Simplex_Tolerances_Optimality           1.0000000000000001e-09
CPXPARAM_Simplex_Tolerances_Feasibility          1.0000000000000001e-09
CPXPARAM_TimeLimit                               600
CPXPARAM_MIP_Tolerances_AbsMIPGap                1.0000000000000001e-09
CPXPARAM_MIP_Tolerances_Integrality              1.0000000000000001e-09
Legacy callback                                  i
1 of 17 MIP starts provided solutions.
MIP start 'm1' defined initial solution with objective -0.2031.
Tried aggregator 1 time.
MIP Presolve eliminated 1348 rows and 2 columns.
MIP Presolve modified 3414 coefficients.
Reduced MIP has 3968 rows, 4686 columns, and 49203 nonzeros.
Reduced MIP has 1164 binaries, 0 generals, 0 SOSs, and 0 indicators.
Presolve time = 0.02 sec. (32.64 ticks)
Probing time = 0.00 sec. (0.68 ticks)
Tried aggregator 1 time.
Detecting symmetries...
Reduced MIP has 3968 rows, 4686 columns, and 49203 nonzeros.
Reduced MIP has 1164 binaries, 0 generals, 0 SOSs, and 0 indicators.
Presolve time = 0.02 sec. (21.06 ticks)
Probing time = 0.00 sec. (0.78 ticks)
MIP emphasis: balance optimality and feasibility.
MIP search method: dynamic search.
Parallel mode: deterministic, using up to 4 threads.
Root relaxation solution time = 0.16 sec. (213.60 ticks)

        Nodes                                         Cuts/
   Node  Left     Objective  IInf  Best Integer    Best Bound    ItCnt     Gap

*     0+    0                           -0.2031       -1.0000           392.37%
      0     0       -0.2268   107       -0.2031       -0.2268     3856   11.68%
      0     0       -0.2268    75       -0.2031    MIRcuts: 4     4584   11.68%
      0     0       -0.2268    85       -0.2031      Cuts: 14     5404   11.68%
      0     0       -0.2268    85       -0.2031    MIRcuts: 6     6175   11.68%
      0     2       -0.2268    71       -0.2031       -0.2268     6175   11.68%
Elapsed time = 5.56 sec. (5568.57 ticks, tree = 0.02 MB, solutions = 1)
      2     4       -0.2268    88       -0.2031       -0.2268     9334   11.68%
     10     5       -0.2268    84       -0.2031       -0.2268     9639   11.68%
     16    15       -0.2217    82       -0.2031       -0.2268    18130   11.68%
     24    20       -0.2217    78       -0.2031       -0.2268    22242   11.68%
     33    32       -0.2245    88       -0.2031       -0.2268    31715   11.68%
     50    44       -0.2245    91       -0.2031       -0.2268    38193   11.68%
     62    51       -0.2245    85       -0.2031       -0.2268    45079   11.68%
     75    65       -0.2245    78       -0.2031       -0.2268    49510   11.68%
     97    75       -0.2217    80       -0.2031       -0.2268    58933   11.68%
    164   123       -0.2245    92       -0.2031       -0.2268    72905   11.68%
Elapsed time = 9.05 sec. (8958.99 ticks, tree = 2.09 MB, solutions = 1)
    242   206       -0.2188    82       -0.2031       -0.2268    87496   11.68%
    430   339       -0.2268    78       -0.2031       -0.2268   105981   11.68%
    527   411       -0.2085    56       -0.2031       -0.2268   121823   11.68%
    638   490       -0.2206    76       -0.2031       -0.2268   143792   11.68%
    704   555       -0.2078    37       -0.2031       -0.2268   159246   11.68%
    787   654       -0.2233    87       -0.2031       -0.2268   174572   11.68%
    864   692       -0.2237    78       -0.2031       -0.2268   183049   11.68%
    955   799       -0.2194    82       -0.2031       -0.2268   200715   11.68%
   1047   892       -0.2111    61       -0.2031       -0.2268   225540   11.68%
   1162   969       -0.2244    86       -0.2031       -0.2268   241886   11.68%
Elapsed time = 17.58 sec. (18631.90 ticks, tree = 27.78 MB, solutions = 1)
   1293  1088       -0.2203    67       -0.2031       -0.2268   256034   11.68%
   1466  1160       -0.2268    82       -0.2031       -0.2268   266841   11.68%
   1554  1321       -0.2206    64       -0.2031       -0.2268   285174   11.68%
   1673  1427       -0.2268    74       -0.2031       -0.2268   300089   11.68%
   1816  1571       -0.2239    72       -0.2031       -0.2268   324017   11.68%
   1881  1647       -0.2167    66       -0.2031       -0.2268   340394   11.68%
   1967  1703       -0.2268    76       -0.2031       -0.2268   357028   11.68%
   2073  1817       -0.2192    71       -0.2031       -0.2268   366809   11.68%
   2187  1873       -0.2161    67       -0.2031       -0.2268   376320   11.68%
   2276  2001       -0.2109    57       -0.2031       -0.2268   394813   11.68%
Elapsed time = 25.28 sec. (28242.63 ticks, tree = 60.85 MB, solutions = 1)
   2396  2060       -0.2220    69       -0.2031       -0.2268   400741   11.68%
   2517  2107       -0.2245    78       -0.2031       -0.2268   410973   11.68%

Performing restart 1

Repeating presolve.
Tried aggregator 1 time.
Reduced MIP has 3968 rows, 4686 columns, and 49203 nonzeros.
Reduced MIP has 1164 binaries, 0 generals, 0 SOSs, and 0 indicators.
Presolve time = 0.00 sec. (13.86 ticks)
Tried aggregator 1 time.
Reduced MIP has 3968 rows, 4686 columns, and 49203 nonzeros.
Reduced MIP has 1164 binaries, 0 generals, 0 SOSs, and 0 indicators.
Presolve time = 0.02 sec. (21.34 ticks)
Represolve time = 0.03 sec. (41.53 ticks)
   2519     0       -0.2268    84       -0.2031   MIRcuts: 15   431659   11.68%
   2519     0       -0.2268    89       -0.2031       Cuts: 7   431826   11.68%
   2519     0       -0.2268    71       -0.2031    MIRcuts: 4   432642   11.68%
   2519     0       -0.2268    74       -0.2031    MIRcuts: 7   433424   11.68%
   2519     0       -0.2268    80       -0.2031       Cuts: 5   434193   11.68%
   2519     0       -0.2268    83       -0.2031       Cuts: 8   435092   11.68%
   2519     2       -0.2268    69       -0.2031       -0.2268   435092   11.68%
   2523     6       -0.2268    82       -0.2031       -0.2268   437565   11.68%
   2531    11       -0.2237    89       -0.2031       -0.2268   444233   11.68%
   2554    25       -0.2245    81       -0.2031       -0.2268   454789   11.68%
   2572    46       -0.2231    79       -0.2031       -0.2268   465479   11.68%
   2591    67       -0.2209    94       -0.2031       -0.2268   487070   11.68%
   2624    89       -0.2209    89       -0.2031       -0.2268   498785   11.68%
   2672   112       -0.2156    74       -0.2031       -0.2268   502095   11.68%
Elapsed time = 41.59 sec. (47868.43 ticks, tree = 1.63 MB, solutions = 1)
   2734   156       -0.2156    82       -0.2031       -0.2268   511759   11.68%
   2808   224       -0.2055    69       -0.2031       -0.2268   524374   11.68%
   2897   297       -0.2137    52       -0.2031       -0.2268   532935   11.68%
   3066   423       -0.2221    84       -0.2031       -0.2268   557491   11.68%
   3152   481       -0.2229    86       -0.2031       -0.2268   566445   11.68%
   3211   584       -0.2198    82       -0.2031       -0.2268   582684   11.68%
   3294   658       -0.2175    74       -0.2031       -0.2268   590663   11.68%
   3342   723       -0.2124    76       -0.2031       -0.2268   606165   11.68%
   3412   775       -0.2152    78       -0.2031       -0.2268   623089   11.68%
   3476   790       -0.2214    83       -0.2031       -0.2268   628957   11.68%
Elapsed time = 49.66 sec. (57586.66 ticks, tree = 22.26 MB, solutions = 1)
   3612   857       -0.2079    59       -0.2031       -0.2268   641148   11.68%
   3724  1022       -0.2078    80       -0.2031       -0.2268   658994   11.68%
   3880  1080       -0.2198    88       -0.2031       -0.2268   662220   11.68%
   4039  1219       -0.2155    65       -0.2031       -0.2268   681911   11.68%
   4127  1310       -0.2222    85       -0.2031       -0.2268   694133   11.68%
   4179  1423       -0.2140    80       -0.2031       -0.2268   709850   11.68%
   4239  1492       -0.2044    43       -0.2031       -0.2268   721219   11.68%
   4367  1620       -0.2039    60       -0.2031       -0.2268   740002   11.68%
   4485  1648       -0.2101    63       -0.2031       -0.2268   746344   11.68%
   4621  1829       -0.2039    52       -0.2031       -0.2268   759603   11.68%
Elapsed time = 57.39 sec. (67205.64 ticks, tree = 55.47 MB, solutions = 1)
   4670  1875       -0.2163    78       -0.2031       -0.2268   772969   11.68%
   4734  1996       -0.2093    77       -0.2031       -0.2268   789346   11.68%
   4839  2025       -0.2061    47       -0.2031       -0.2268   796616   11.68%
   4966  2131       -0.2186    79       -0.2031       -0.2268   809566   11.68%
   5058  2221       -0.2189    68       -0.2031       -0.2268   821510   11.68%
   5151  2322       -0.2155    72       -0.2031       -0.2268   839503   11.68%
   5246  2338       -0.2185    72       -0.2031       -0.2268   847267   11.68%
   5337  2524       -0.2050    48       -0.2031       -0.2268   869777   11.68%
   5493  2597       -0.2148    72       -0.2031       -0.2268   878169   11.68%
   5613  2756       -0.2162    50       -0.2031       -0.2268   888397   11.68%
Elapsed time = 65.17 sec. (76904.66 ticks, tree = 85.12 MB, solutions = 1)
   5763  2902       -0.2256    90       -0.2031       -0.2268   906948   11.68%
   5820  2983       -0.2224    88       -0.2031       -0.2268   919782   11.68%
   5904  2996       -0.2195    77       -0.2031       -0.2268   920374   11.68%
   6073  3182       -0.2061    47       -0.2031       -0.2268   940229   11.68%
   6271  3243       -0.2237    82       -0.2031       -0.2268   944248   11.68%
   6372  3437       -0.2166    81       -0.2031       -0.2268   967040   11.68%
   6519  3521       -0.2164    61       -0.2031       -0.2268   972094   11.68%
   6631  3657       -0.2092    44       -0.2031       -0.2268   988689   11.68%
   6739  3682       -0.2256    90       -0.2031       -0.2268   991529   11.68%
   6839  3793       -0.2207    77       -0.2031       -0.2268  1008654   11.68%
Elapsed time = 72.86 sec. (86519.59 ticks, tree = 118.24 MB, solutions = 1)
   6933  3959       -0.2199    87       -0.2031       -0.2268  1026208   11.68%
   7037  4059       -0.2153    69       -0.2031       -0.2268  1042183   11.68%
   7157  4138       -0.2148    81       -0.2031       -0.2268  1057971   11.68%
   7287  4181       -0.2118    59       -0.2031       -0.2268  1062435   11.68%
   7349  4303       -0.2078    54       -0.2031       -0.2268  1074713   11.68%
   7453  4450       -0.2230    86       -0.2031       -0.2268  1097962   11.68%
   7540  4485       -0.2131    56       -0.2031       -0.2268  1104395   11.68%
   7624  4544       -0.2171    70       -0.2031       -0.2268  1115024   11.68%
   7764  4705       -0.2047    53       -0.2031       -0.2268  1140929   11.68%
   7856  4745       -0.2180    74       -0.2031       -0.2268  1146962   11.68%
Elapsed time = 80.56 sec. (96140.16 ticks, tree = 148.76 MB, solutions = 1)
   7959  4860       -0.2187    79       -0.2031       -0.2267  1166895   11.64%
   8044  4904       -0.2134    83       -0.2031       -0.2267  1171699   11.64%
   8161  5037       -0.2116    77       -0.2031       -0.2267  1194530   11.62%
   8256  5137       -0.2093    52       -0.2031       -0.2267  1209649   11.62%
   8366  5242       -0.2047    59       -0.2031       -0.2267  1218487   11.62%
   8536  5314        cutoff             -0.2031       -0.2267  1232984   11.62%
   8677  5386       -0.2205    77       -0.2031       -0.2263  1249394   11.43%
   8824  5548       -0.2194    75       -0.2031       -0.2263  1265783   11.43%
   8968  5630       -0.2160    67       -0.2031       -0.2263  1276712   11.43%
   9406  6095       -0.2134    55       -0.2031       -0.2260  1335379   11.30%
Elapsed time = 90.45 sec. (108611.92 ticks, tree = 191.71 MB, solutions = 1)
   9814  6406       -0.2079    56       -0.2031       -0.2260  1381317   11.30%
  10194  6804       -0.2047    75       -0.2031       -0.2260  1458512   11.30%
  10638  7116       -0.2093    59       -0.2031       -0.2260  1511720   11.28%
  11102  7576       -0.2181    58       -0.2031       -0.2260  1578072   11.28%
  11587  7933       -0.2047    47       -0.2031       -0.2260  1636982   11.28%
  12294  8540       -0.2061    47       -0.2031       -0.2260  1707870   11.28%
  12923  9049       -0.2094    60       -0.2031       -0.2260  1755388   11.28%
  13713  9728       -0.2214    71       -0.2031       -0.2260  1829310   11.28%
  14128 10261       -0.2153    58       -0.2031       -0.2259  1895380   11.24%
  14712 10678       -0.2225    86       -0.2031       -0.2259  1953528   11.23%
Elapsed time = 122.72 sec. (146938.16 ticks, tree = 336.55 MB, solutions = 1)
  15291 11223       -0.2225    78       -0.2031       -0.2256  2028479   11.10%
  15844 11763       -0.2093    63       -0.2031       -0.2256  2098963   11.07%
  16413 12094       -0.2210    87       -0.2031       -0.2256  2142952   11.07%
  16843 12676       -0.2053    47       -0.2031       -0.2256  2203586   11.07%
  17405 13013        cutoff             -0.2031       -0.2255  2244357   11.04%
  17926 13558       -0.2090    57       -0.2031       -0.2253  2324468   10.92%
  18532 14207       -0.2163    90       -0.2031       -0.2253  2412856   10.92%
  19140 14492       -0.2036    53       -0.2031       -0.2253  2461817   10.92%
  19744 15172       -0.2074    51       -0.2031       -0.2253  2532977   10.92%
  20165 15532       -0.2167    66       -0.2031       -0.2253  2598878   10.92%
Elapsed time = 156.23 sec. (185207.33 ticks, tree = 491.13 MB, solutions = 1)
  20598 16025       -0.2044    54       -0.2031       -0.2253  2698364   10.92%
  21163 16448       -0.2140    74       -0.2031       -0.2253  2756094   10.92%
  21647 16954       -0.2147    57       -0.2031       -0.2253  2825553   10.92%
  22341 17234       -0.2197    80       -0.2031       -0.2253  2855677   10.92%
  22870 18015       -0.2106    48       -0.2031       -0.2253  2949391   10.92%
  23403 18175       -0.2236    89       -0.2031       -0.2253  2973623   10.92%
  23896 18951       -0.2087    64       -0.2031       -0.2252  3086095   10.88%
  24660 19546       -0.2136    67       -0.2031       -0.2252  3151183   10.88%
  25219 20130       -0.2214    72       -0.2031       -0.2251  3219338   10.85%
  25712 20248       -0.2181    65       -0.2031       -0.2251  3242312   10.81%
Elapsed time = 188.30 sec. (223467.91 ticks, tree = 642.91 MB, solutions = 1)
  26019 20818       -0.2067    43       -0.2031       -0.2250  3313700   10.79%
  26430 21188       -0.2104    56       -0.2031       -0.2250  3362140   10.79%
  27048 21755       -0.2079    47       -0.2031       -0.2250  3423917   10.79%
  27653 22141       -0.2160    49       -0.2031       -0.2250  3467342   10.79%
  28259 22723       -0.2206    80       -0.2031       -0.2250  3539146   10.79%
  28801 23337       -0.2152    72       -0.2031       -0.2250  3602176   10.79%
  29414 23849       -0.2113    48       -0.2031       -0.2250  3666729   10.79%
  30170 24231       -0.2155    79       -0.2031       -0.2250  3732263   10.79%
  30661 24686       -0.2144    67       -0.2031       -0.2250  3785914   10.79%
  31199 25356       -0.2080    45       -0.2031       -0.2249  3875759   10.75%
Elapsed time = 220.41 sec. (261677.19 ticks, tree = 807.96 MB, solutions = 1)
  31921 25752       -0.2099    42       -0.2031       -0.2249  3929700   10.73%
  32572 26438       -0.2181    67       -0.2031       -0.2248  4012458   10.70%
  33351 27323       -0.2078    47       -0.2031       -0.2248  4103572   10.67%
  34049 27643       -0.2077    52       -0.2031       -0.2248  4146051   10.67%
  34704 28641       -0.2206    68       -0.2031       -0.2248  4243898   10.67%
  35131 28759       -0.2198    65       -0.2031       -0.2248  4269951   10.66%
  35622 29295       -0.2157    45       -0.2031       -0.2248  4352569   10.66%
  36242 29710       -0.2041    52       -0.2031       -0.2248  4410282   10.66%
  36838 30238       -0.2202    68       -0.2031       -0.2248  4471961   10.66%
  37401 30739       -0.2222    75       -0.2031       -0.2247  4541680   10.64%
Elapsed time = 251.61 sec. (299904.99 ticks, tree = 981.64 MB, solutions = 1)
  38036 31332       -0.2121    64       -0.2031       -0.2247  4618667   10.64%
  38592 32029       -0.2109    77       -0.2031       -0.2247  4707495   10.64%
  39259 32470       -0.2090    62       -0.2031       -0.2246  4762086   10.60%
  39838 33239       -0.2214    65       -0.2031       -0.2246  4856281   10.59%
  40569 33692       -0.2140    62       -0.2031       -0.2246  4907776   10.57%
  41317 34290       -0.2184    76       -0.2031       -0.2246  4977391   10.57%
  41981 35272       -0.2140    64       -0.2031       -0.2246  5091014   10.57%
  42606 35771       -0.2077    43       -0.2031       -0.2245  5143430   10.54%
  43182 36104       -0.2047    55       -0.2031       -0.2245  5201397   10.53%
  43732 36704       -0.2186    65       -0.2031       -0.2245  5269094   10.53%
Elapsed time = 282.86 sec. (338120.13 ticks, tree = 1175.85 MB, solutions = 1)
  44203 37303       -0.2245    74       -0.2031       -0.2245  5367191   10.53%
  44733 37638       -0.2130    54       -0.2031       -0.2245  5410322   10.53%
  45334 38224       -0.2054    41       -0.2031       -0.2245  5503250   10.53%
  45822 38707       -0.2093    56       -0.2031       -0.2245  5571319   10.53%
  46348 39023       -0.2059    28       -0.2031       -0.2245  5628360   10.53%
  46774 39619       -0.2093    50       -0.2031       -0.2245  5744542   10.53%
  47385 39914       -0.2035    33       -0.2031       -0.2245  5800403   10.53%
  47847 40588       -0.2202    66       -0.2031       -0.2245  5905982   10.53%
  48143 40849       -0.2171    72       -0.2031       -0.2245  5960636   10.53%

Performing restart 2

Repeating presolve.
Tried aggregator 1 time.
Reduced MIP has 3968 rows, 4686 columns, and 49203 nonzeros.
Reduced MIP has 1164 binaries, 0 generals, 0 SOSs, and 0 indicators.
Presolve time = 0.00 sec. (13.86 ticks)
Tried aggregator 1 time.
Reduced MIP has 3968 rows, 4686 columns, and 49203 nonzeros.
Reduced MIP has 1164 binaries, 0 generals, 0 SOSs, and 0 indicators.
Presolve time = 0.02 sec. (21.34 ticks)
Represolve time = 0.06 sec. (43.64 ticks)
  48144     0       -0.2268    89       -0.2031   MIRcuts: 10  6020039   10.53%
  48144     0       -0.2268   105       -0.2031      Cuts: 11  6020845   10.53%
  48144     0       -0.2268    83       -0.2031       Cuts: 3  6021611   10.53%
  48144     0       -0.2268    91       -0.2031       Cuts: 5  6022143   10.53%
  48144     0       -0.2268    79       -0.2031       Cuts: 3  6022773   10.53%
  48144     0       -0.2268    86       -0.2031       Cuts: 5  6023146   10.53%
  48144     0       -0.2268    67       -0.2031    MIRcuts: 1  6023198   10.53%
  48144     0       -0.2268    68       -0.2031    MIRcuts: 2  6023467   10.53%
  48144     0       -0.2268    72       -0.2031    MIRcuts: 2  6023624   10.53%
  48144     0       -0.2268    73       -0.2031       Cuts: 3  6024219   10.53%
  48144     2       -0.2268    70       -0.2031       -0.2245  6024219   10.53%
Elapsed time = 320.00 sec. (383415.60 ticks, tree = 0.02 MB, solutions = 1)
  48191    40       -0.2226    66       -0.2031       -0.2245  6054889   10.53%
  48262   103       -0.2152    67       -0.2031       -0.2245  6073077   10.53%
  48343   186       -0.2047    59       -0.2031       -0.2245  6099459   10.53%
  48471   274       -0.2067    56       -0.2031       -0.2245  6123859   10.53%
  48663   397       -0.2205    68       -0.2031       -0.2245  6155102   10.53%
  48883   544       -0.2149    52       -0.2031       -0.2245  6183980   10.53%
  49121   793       -0.2037    50       -0.2031       -0.2245  6232799   10.53%
  49419   987       -0.2093    70       -0.2031       -0.2245  6271347   10.53%
  49704  1284       -0.2064    60       -0.2031       -0.2245  6320472   10.53%
  50225  1751       -0.2136    57       -0.2031       -0.2245  6366481   10.53%
Elapsed time = 356.03 sec. (421732.31 ticks, tree = 52.50 MB, solutions = 1)
  50624  2132       -0.2094    57       -0.2031       -0.2245  6435490   10.53%
  50992  2359       -0.2095    64       -0.2031       -0.2245  6485463   10.53%
  51311  2636       -0.2103    55       -0.2031       -0.2245  6550035   10.53%
  51678  2917       -0.2192    71       -0.2031       -0.2245  6595610   10.53%
  52117  3368       -0.2214    65       -0.2031       -0.2245  6672698   10.53%
  52570  3750       -0.2051    41       -0.2031       -0.2245  6725477   10.53%
  53148  4098       -0.2167    71       -0.2031       -0.2245  6778910   10.53%
  53689  4767       -0.2142    84       -0.2031       -0.2245  6854663   10.53%
  54184  5071       -0.2062    51       -0.2031       -0.2245  6913106   10.53%
  54736  5761       -0.2175    59       -0.2031       -0.2245  7007752   10.53%
Elapsed time = 392.70 sec. (459981.25 ticks, tree = 180.43 MB, solutions = 1)
  55477  6219       -0.2092    48       -0.2031       -0.2245  7057321   10.53%
  56134  6952       -0.2145    69       -0.2031       -0.2245  7153301   10.53%
  56408  7218       -0.2164    66       -0.2031       -0.2245  7194128   10.53%
  56830  7618       -0.2075    60       -0.2031       -0.2245  7276973   10.53%
  57295  7859       -0.2102    54       -0.2031       -0.2245  7327293   10.53%
  57855  8411       -0.2202    82       -0.2031       -0.2245  7401168   10.53%
  58334  8799       -0.2221    81       -0.2031       -0.2245  7461575   10.53%
  58966  9347       -0.2083    54       -0.2031       -0.2245  7519561   10.53%
  59644  9979       -0.2109    63       -0.2031       -0.2245  7601147   10.53%
  60109 10413       -0.2232    70       -0.2031       -0.2245  7674854   10.53%
Elapsed time = 423.72 sec. (498403.02 ticks, tree = 328.57 MB, solutions = 1)
  60470 10730       -0.2034    55       -0.2031       -0.2245  7713142   10.53%
  60955 11088       -0.2103    62       -0.2031       -0.2245  7776818   10.53%
  61437 11478       -0.2229    83       -0.2031       -0.2245  7839920   10.53%
  61979 11852       -0.2124    60       -0.2031       -0.2245  7902601   10.53%
  62499 12415       -0.2090    64       -0.2031       -0.2245  7991027   10.53%
  62935 12913       -0.2186    76       -0.2031       -0.2245  8067991   10.53%
  63356 13312       -0.2062    64       -0.2031       -0.2245  8115328   10.53%
  63696 13523       -0.2068    57       -0.2031       -0.2245  8163248   10.53%
  64359 13937       -0.2065    38       -0.2031       -0.2245  8224100   10.53%
  64905 14557       -0.2098    62       -0.2031       -0.2245  8282968   10.53%
Elapsed time = 454.61 sec. (536644.87 ticks, tree = 460.12 MB, solutions = 1)
  65461 15310       -0.2041    33       -0.2031       -0.2245  8376240   10.53%
  65857 15467       -0.2047    60       -0.2031       -0.2245  8394092   10.53%
  66326 15856       -0.2189    61       -0.2031       -0.2245  8445620   10.53%
  66857 16227       -0.2066    60       -0.2031       -0.2245  8493910   10.53%
  67354 16746       -0.2074    45       -0.2031       -0.2245  8574160   10.53%
  67913 17284       -0.2052    48       -0.2031       -0.2245  8659572   10.53%
  68380 17571       -0.2217    69       -0.2031       -0.2245  8704836   10.53%
  68806 18117       -0.2202    59       -0.2031       -0.2245  8780987   10.53%
  69306 18420       -0.2124    59       -0.2031       -0.2245  8825779   10.53%
  69739 19082       -0.2216    65       -0.2031       -0.2245  8923037   10.53%
Elapsed time = 485.25 sec. (574880.04 ticks, tree = 605.38 MB, solutions = 1)
  70134 19455       -0.2193    80       -0.2031       -0.2245  8992260   10.53%
  70711 19721       -0.2152    53       -0.2031       -0.2245  9035829   10.53%
  71284 19949       -0.2140    56       -0.2031       -0.2245  9064541   10.53%
  71747 20596       -0.2143    50       -0.2031       -0.2245  9157468   10.53%
  72239 21046       -0.2047    51       -0.2031       -0.2245  9206772   10.53%
  72833 21705       -0.2223    71       -0.2031       -0.2245  9302573   10.53%
  73382 22168       -0.2136    61       -0.2031       -0.2245  9369317   10.53%
  73995 22492       -0.2161    55       -0.2031       -0.2245  9423403   10.53%
  74513 22970       -0.2083    51       -0.2031       -0.2245  9476582   10.53%
  74955 23544       -0.2113    68       -0.2031       -0.2245  9564174   10.53%
Elapsed time = 516.16 sec. (613153.60 ticks, tree = 749.04 MB, solutions = 1)
  75422 23852       -0.2238    74       -0.2031       -0.2245  9615025   10.53%
  76036 24228       -0.2071    44       -0.2031       -0.2245  9672457   10.53%
  76745 24825       -0.2171    70       -0.2031       -0.2245  9749662   10.53%
  77302 25673       -0.2113    54       -0.2031       -0.2245  9835808   10.53%
  77908 25828       -0.2212    69       -0.2031       -0.2245  9864545   10.53%
  78483 26567       -0.2093    53       -0.2031       -0.2245  9966999   10.53%
  79023 26828        cutoff             -0.2031       -0.2245 10013321   10.53%
  79608 27461       -0.2124    64       -0.2031       -0.2245 10099135   10.53%
  80037 27709       -0.2071    44       -0.2031       -0.2245 10146280   10.53%
  80348 27979       -0.2224    68       -0.2031       -0.2245 10167231   10.53%
Elapsed time = 547.19 sec. (651385.85 ticks, tree = 892.55 MB, solutions = 1)
  80712 28333       -0.2124    59       -0.2031       -0.2245 10200860   10.53%
  81132 28944       -0.2062    41       -0.2031       -0.2245 10307780   10.53%
  81456 29145       -0.2171    70       -0.2031       -0.2245 10339114   10.53%
  81910 29393       -0.2106    56       -0.2031       -0.2245 10373217   10.53%
  82436 29696       -0.2140    72       -0.2031       -0.2245 10423288   10.53%
  82809 30290       -0.2157    69       -0.2031       -0.2245 10514148   10.53%
  83090 30621       -0.2186    68       -0.2031       -0.2245 10565329   10.53%
  83500 30840       -0.2097    71       -0.2031       -0.2245 10601370   10.53%
  83945 31010       -0.2109    66       -0.2031       -0.2245 10635880   10.53%
  84344 31413       -0.2093    59       -0.2031       -0.2245 10693828   10.53%
Elapsed time = 578.86 sec. (690194.45 ticks, tree = 1003.50 MB, solutions = 1)
  84793 31738       -0.2171    68       -0.2031       -0.2245 10755698   10.53%
  85137 32295       -0.2186    85       -0.2031       -0.2245 10839665   10.53%
  85555 32615       -0.2067    70       -0.2031       -0.2245 10865794   10.53%
  85892 32924       -0.2115    62       -0.2031       -0.2245 10936864   10.53%
  86295 33275       -0.2140    68       -0.2031       -0.2245 10975023   10.53%
  86612 33607       -0.2047    63       -0.2031       -0.2245 11023206   10.53%

Mixed integer rounding cuts applied:  15
Gomory fractional cuts applied:  1

Root node processing (before b&c):
  Real time             =    5.55 sec. (5564.57 ticks)
Parallel b&c, 4 threads:
  Real time             =  594.47 sec. (710054.23 ticks)
  Sync time (average)   =   17.90 sec.
  Wait time (average)   =    0.01 sec.
                          ------------
Total (root+branch&cut) =  600.02 sec. (715618.80 ticks)
