Version identifier: 22.2.0.0 | 2026-05-04 | 5dff98e58
CPXPARAM_Read_DataCheck                          1
CPXPARAM_Threads                                 4
CPXPARAM_Parallel                                1
CPXPARAM_RandomSeed                              20260925
CPXPARAM_MIP_Strategy_Search                     1
CPXPARAM_Simplex_Tolerances_Optimality           1.0000000000000001e-09
CPXPARAM_Simplex_Tolerances_Feasibility          1.0000000000000001e-09
CPXPARAM_TimeLimit                               600
CPXPARAM_MIP_Tolerances_AbsMIPGap                1.0000000000000001e-09
CPXPARAM_MIP_Tolerances_Integrality              1.0000000000000001e-09
Legacy callback                                  iLUD
Lazy constraint(s) or lazy constraint/branch callback is present.
    Disabling dual reductions (CPX_PARAM_REDUCE) in presolve.
    Disabling presolve reductions that prevent crushing forms (CPX_PARAM_PREREFORM).
         Disabling repeat represolve because of lazy constraint/incumbent callback.
Warning: Effort level 'CheckFeas' is incompatible with lazy constraint/incumbent callback.
         Effort level increased to 'SolveFixed'.
1 of 1 MIP starts provided solutions.
MIP start 'm1' defined initial solution with objective 0.0260.
Tried aggregator 1 time.
MIP Presolve eliminated 1256 rows and 0 columns.
Reduced MIP has 1062 rows, 1448 columns, and 11350 nonzeros.
Reduced MIP has 708 binaries, 0 generals, 0 SOSs, and 0 indicators.
Presolve time = 0.00 sec. (7.68 ticks)
Probing time = 0.00 sec. (0.19 ticks)
MIP emphasis: balance optimality and feasibility.
MIP search method: traditional branch-and-cut.
Parallel mode: deterministic, using up to 4 threads.
Root relaxation solution time = 0.02 sec. (13.36 ticks)

        Nodes                                         Cuts/
   Node  Left     Objective  IInf  Best Integer    Best Bound    ItCnt     Gap         Variable B NodeID Parent  Depth

*     0+    0                            0.0260        0.0000           100.00%
      0     0        0.0219    23        0.0260        0.0219      589   15.82%
*     0+    0                            0.0249        0.0219            12.12%
      0     0  -1.00000e+75     0        0.0249        0.0219      589   12.12%
      0     2        0.0219    23        0.0249        0.0219      589   12.12%                        0             0
Elapsed time = 0.14 sec. (111.14 ticks, tree = 0.02 MB, solutions = 2)
*    11+    3                            0.0248        0.0219            11.83%
    226   160        0.0227    27        0.0248        0.0220     7588   11.59%             x94 D    237    233     12
    717   483        0.0232    19        0.0248        0.0221    21480   10.90%            x627 U    720    716     21
   1314   979        0.0231    24        0.0248        0.0223    38061   10.38%            x372 D   1202   1198     13
   1837  1349        0.0242    13        0.0248        0.0223    52973   10.21%            x371 D   1823   1819     26
   2407  1792        0.0237    16        0.0248        0.0224    69014   10.00%            x102 U   2409   2397     21
   2934  2196        0.0236    22        0.0248        0.0224    87890    9.90%            x620 U   2865   2861     19
   3562  2569        0.0227    23        0.0248        0.0224   102793    9.77%            x501 D   3483   3479      7
*  4032+ 2898                            0.0248        0.0225             9.33%
   4106  2962        0.0226    25        0.0248        0.0225   120249    9.33%            x370 D   4146   4142     12
   4697  3436        0.0229    25        0.0248        0.0225   141105    9.24%            x619 D   4652   1190     11
   7232  5191        0.0232    21        0.0248        0.0225   210988    9.00%            x620 U   7117   7113     20
Elapsed time = 5.89 sec. (3215.17 ticks, tree = 4.04 MB, solutions = 4)
  10125  7412        0.0236    18        0.0248        0.0226   284232    8.75%             x93 D  10282  10278     23
  12819  9315        0.0236    20        0.0248        0.0226   348280    8.58%             x23 U  13375  13371     12
  16005 11980        0.0236    27        0.0248        0.0227   419922    8.45%            x552 U  15461  15457     16
  18770 13880        0.0230    25        0.0248        0.0227   484192    8.35%            x549 U  18037  18033      9
  21768 16221        0.0235    18        0.0248        0.0227   549777    8.24%            x551 U  21487  21483     26
  24840 18707        0.0233    24        0.0248        0.0227   613627    8.15%            x547 U  25462  25458     13
* 24939+18567                            0.0245        0.0227             7.32%
  27757 20332        0.0239    14        0.0245        0.0228   672926    7.24%            x620 U  27395  27391     24
  30758 22514        0.0235    19        0.0245        0.0228   736375    7.14%            x372 D  31180  31176     20
  33632 24637        0.0232    27        0.0245        0.0228   798239    7.05%            x630 D  34990   7364     13
* 34670+25262                            0.0245        0.0228             6.89%
* 34671+25262                            0.0245        0.0228             6.87%
* 35162+25683                            0.0245        0.0228             6.83%
  37189 27353        0.0237    15        0.0245        0.0228   870335    6.78%            x330 D  36307  36303     42
Elapsed time = 28.05 sec. (12754.16 ticks, tree = 19.34 MB, solutions = 8)
  40466 30053        0.0237    21        0.0245        0.0229   939196    6.72%            x102 D  41698  41694     25
  43642 32234        0.0236    24        0.0245        0.0229  1003716    6.67%            x550 U  43760  43756     13
  46621 34460        0.0235    19        0.0245        0.0229  1062506    6.60%             x23 U  46264  46260     21
  49386 36360        0.0238    19        0.0245        0.0229  1128649    6.53%             x24 U  48933  48929     15
  52466 38991        0.0232    16        0.0245        0.0229  1195422    6.46%            x440 D  52292  52288     51
  55278 40927        0.0241    10        0.0245        0.0229  1243109    6.41%            x419 D  55324  55320     91
  58632 43730        0.0235    13        0.0245        0.0229  1301681    6.37%            x598 D  58516  58512     29
  61801 46046        0.0234    20        0.0245        0.0229  1342658    6.34%            x550 U  61295  61291     14
  64586 48337        0.0242    16        0.0245        0.0230  1403327    6.30%            x701 D  63729  63725     63
  67563 50491        0.0242    18        0.0245        0.0230  1456834    6.26%            x623 U  66795  66791     21
Elapsed time = 49.88 sec. (22293.85 ticks, tree = 47.99 MB, solutions = 8)
  70704 52664        0.0230    18        0.0245        0.0230  1501636    6.23%            x549 D  70325  12426     10
  73673 54998        0.0242    21        0.0245        0.0230  1553998    6.19%            x626 U  72915  72911     28
  76685 57563        0.0239    15        0.0245        0.0230  1611072    6.15%            x512 D  76564  76560     32
  79610 59615        0.0242    15        0.0245        0.0230  1657507    6.12%             x91 D  81210  81206     27
  82623 61453        0.0243    12        0.0245        0.0230  1701173    6.08%            x102 D  81937  81933     30
  85663 63808        0.0242    11        0.0245        0.0230  1750803    6.05%            x453 D  85105  85101     76
  88887 66578        cutoff              0.0245        0.0230  1810264    6.02%            x626 U  88332  88328     21
  92124 68697        0.0236    17        0.0245        0.0230  1850950    5.99%            x526 D  91161  91157     29
  95439 71697        0.0242    16        0.0245        0.0230  1909228    5.96%            x139 D  96982  96978     67
  98633 73667        0.0235    25        0.0245        0.0230  1949824    5.93%             x23 D  98192   9406     17
Elapsed time = 71.94 sec. (31835.40 ticks, tree = 202.88 MB, solutions = 8)
 102045 76345        0.0232    24        0.0245        0.0231  2001515    5.90%            x547 U 101412 101408     15
 105372 78752        cutoff              0.0245        0.0231  2051430    5.87%            x623 D 106850 106846     22
 109149 82057        0.0236    15        0.0245        0.0231  2100819    5.85%            x235 U 110110 110106     18
 112745 85209        0.0244    19        0.0245        0.0231  2154080    5.83%            x501 U 113206 113202     24
 116403 88403        0.0245    11        0.0245        0.0231  2207437    5.81%            x443 D 116750 116746     66
 119997 91227        cutoff              0.0245        0.0231  2254767    5.79%            x102 U 120503 120495     28
 123250 93045        0.0233     8        0.0245        0.0231  2289182    5.78%            x409 D 123173 123169     55
 126936 96031        0.0236     8        0.0245        0.0231  2342216    5.75%            x369 D 126272 126268     86
 130491 98820        0.0234     7        0.0245        0.0231  2385687    5.74%            x271 D 130930 130926     48
 133746 101512        0.0242    20        0.0245        0.0231  2431804    5.72%            x619 U 134135 134131     22
Elapsed time = 95.02 sec. (41375.31 ticks, tree = 357.13 MB, solutions = 8)
 136893 103800        0.0240    21        0.0245        0.0231  2479829    5.70%            x318 D 136629 136625     77
 140432 107129        0.0234     7        0.0245        0.0231  2539669    5.68%             x97 D 139520 139516     61
 143760 109304        0.0240    23        0.0245        0.0231  2578880    5.66%             x21 U 142944 142940     10
 147286 112442        0.0238    26        0.0245        0.0231  2633655    5.64%            x552 U 146404 146400     14
 150487 114365        0.0236    15        0.0245        0.0231  2674968    5.63%            x550 D 149640  69606     12
 154072 116791        0.0238    18        0.0245        0.0231  2716114    5.61%            x372 D 154975 154971     21
 157636 119683        0.0244    11        0.0245        0.0231  2764929    5.59%            x521 D 156681 156677     46
 160796 122904        0.0237    15        0.0245        0.0231  2830037    5.58%            x586 D 161188 161184     56
 164298 124785        0.0232    12        0.0245        0.0231  2864916    5.57%            x584 D 165199 165195     58
 168154 128371        0.0240    15        0.0245        0.0231  2920699    5.55%            x137 D 169015 169011     71
Elapsed time = 118.14 sec. (50913.99 ticks, tree = 499.47 MB, solutions = 8)
 171743 130660        0.0236     8        0.0245        0.0231  2959264    5.54%            x447 D 171650 171646    104
 175365 133818    infeasible              0.0245        0.0231  3014958    5.52%            x504 U 175860 175856     83
 178891 136594        0.0237     8        0.0245        0.0231  3063085    5.51%            x442 D 179827 179823     74
 182257 139484        0.0235    12        0.0245        0.0232  3110838    5.50%            x318 D 181633 181629     91
 185628 142034        0.0237    13        0.0245        0.0232  3164641    5.49%            x301 D 185382 185378     46
 189152 144694        0.0236    11        0.0245        0.0232  3205518    5.48%            x133 D 188860 188856     47
 192810 147463        0.0236    18        0.0245        0.0232  3252377    5.47%            x695 D 192770 192766     62
 196319 149956        0.0233    15        0.0245        0.0232  3300821    5.46%             x67 U 196991 107924     30
 199739 153167        0.0236    13        0.0245        0.0232  3355045    5.45%            x445 D 199908 199904     69
 203059 155036        0.0237     7        0.0245        0.0232  3394245    5.44%            x512 U 202325 202317    131
Elapsed time = 140.41 sec. (60452.58 ticks, tree = 517.58 MB, solutions = 8)
 206221 157990        0.0234    10        0.0245        0.0232  3449082    5.44%            x269 D 206723 206719     60
 209189 160045        cutoff              0.0245        0.0232  3489318    5.43%            x100 U 209222 209214     52
 212569 162947        0.0235    11        0.0245        0.0232  3546653    5.42%            x592 U 212556 110564     26
 216014 164863        cutoff              0.0245        0.0232  3582120    5.41%             x98 U 216903 216895     42
 219219 167407        0.0235    10        0.0245        0.0232  3634642    5.40%            x440 D 218953 218949    159
 222299 170000        0.0235     7        0.0245        0.0232  3694072    5.38%            x367 D 222971 222967     55
 225279 171774        0.0236    11        0.0245        0.0232  3733704    5.37%            x592 D 224980 224976     57
 228477 174672        0.0238    10        0.0245        0.0232  3794589    5.36%            x205 D 229017 229009     36
 232014 177306        0.0243    10        0.0245        0.0232  3846190    5.35%            x187 U 231788 231784     42
 235453 179930        0.0243    14        0.0245        0.0232  3896982    5.34%            x367 D 235640 235636     58
Elapsed time = 162.34 sec. (69991.51 ticks, tree = 740.40 MB, solutions = 8)
 238498 181571        0.0235    16        0.0245        0.0232  3932583    5.33%            x592 D 238535 238527     39
 241680 184032        0.0237    18        0.0245        0.0232  3988301    5.32%            x550 D 242169  87649     17
 244972 186647        0.0235     7        0.0245        0.0232  4038760    5.31%            x500 U 245468 245464     57
 248286 189129        0.0239    11        0.0245        0.0232  4090559    5.29%            x514 D 248880 248876     81
 251584 191401        0.0241    13        0.0245        0.0232  4140920    5.28%            x453 D 252101 252097     83
 254747 192940        0.0238    15        0.0245        0.0232  4175494    5.27%            x409 D 253894 253890     47
 258609 196033        0.0233    18        0.0245        0.0232  4228153    5.26%            x629 U 258271 258267     22
 261766 198357        0.0241    18        0.0245        0.0232  4270041    5.25%            x409 D 262297 262293     58
 264977 200833        0.0237     8        0.0245        0.0232  4322312    5.24%            x447 D 265090 265086     80
 268107 203034        cutoff              0.0245        0.0232  4368804    5.23%            x102 U 268593 268585     62
Elapsed time = 183.95 sec. (79531.58 ticks, tree = 926.19 MB, solutions = 8)
 271696 206096        0.0237    12        0.0245        0.0232  4428937    5.22%             x61 D 272042 272038     31
 275085 208358        0.0238    17        0.0245        0.0232  4467055    5.21%            x548 U 275477 275473     22
 278854 211392        cutoff              0.0245        0.0232  4518114    5.21%            x100 U 279109 279101     73
 281893 213390        cutoff              0.0245        0.0232  4557097    5.20%            x703 U 282538 282526     58
 284989 216064        0.0237    13        0.0245        0.0232  4614819    5.19%            x625 U 284204 284200     23
 288205 218006        0.0243    13        0.0245        0.0232  4652005    5.18%            x504 U 289014 289006     70
 291379 220303        0.0235    13        0.0245        0.0232  4707194    5.18%            x263 D 291565 291561     40
 294358 222241        0.0235     9        0.0245        0.0232  4747927    5.17%            x526 U 294227 246085     55
 297096 224657        0.0237    16        0.0245        0.0232  4811792    5.16%            x551 U 296316 296312     19
 309536 233414        cutoff              0.0245        0.0232  5005507    5.13%            x548 U 309427 309423     26
Elapsed time = 211.83 sec. (91934.43 ticks, tree = 1089.80 MB, solutions = 8)
 321791 242538        0.0235    11        0.0245        0.0232  5214132    5.11%            x269 D 321845 321841     43
 334871 251503        0.0235    11        0.0245        0.0233  5397753    5.09%             x67 U 335442  72908     44
 347764 261698        0.0238    20        0.0245        0.0233  5618179    5.07%            x691 D 346888 346884     48
 360086 270544        0.0234    22        0.0245        0.0233  5815776    5.05%            x622 D 360717  47967     17
 372227 278945        0.0237     8        0.0245        0.0233  6014451    5.03%            x445 D 373229 373225     90
 384398 287427        0.0235    23        0.0245        0.0233  6221301    5.01%            x143 D 384071 384067     59
 396451 296041        0.0235    18        0.0245        0.0233  6427962    4.99%            x133 D 396323 396319     54
 408371 304000        0.0235     7        0.0245        0.0233  6624449    4.97%            x592 U 408307 241238     68
 420223 312819        0.0238     8        0.0245        0.0233  6845717    4.95%            x500 U 421429 421425     70
 432606 320810        0.0237     7        0.0245        0.0233  7034330    4.93%            x370 D 432506 432502     69
Elapsed time = 293.88 sec. (130083.83 ticks, tree = 1127.76 MB, solutions = 8)
 444819 329508        0.0235     7        0.0245        0.0233  7240746    4.91%             x65 D 444231 444227     45
 457745 338734        cutoff              0.0245        0.0233  7440714    4.90%            x451 U 457402 457394     81
 470720 347572        0.0244    22        0.0245        0.0233  7627126    4.88%            x625 U 470182 470178     23
 483989 357673        0.0240    21        0.0245        0.0233  7818748    4.87%            x548 U 483936 483932     26
 497342 367939        0.0236    13        0.0245        0.0233  8023827    4.85%            x629 U 497585 497581     21
 509874 377057        cutoff              0.0245        0.0233  8211068    4.84%            x598 U 510345 510337     39
 522839 386875        cutoff              0.0245        0.0233  8419878    4.82%            x100 D 521298 521290     55
 535390 394678        0.0237    15        0.0245        0.0233  8588001    4.81%            x407 D 534126 534122     62
 548023 403691        cutoff              0.0245        0.0233  8777088    4.80%            x100 U 546880 546872    105
 560438 413154        0.0239    18        0.0245        0.0233  8989873    4.79%            x622 D 559502  57163     24
Elapsed time = 378.59 sec. (168234.14 ticks, tree = 1837.30 MB, solutions = 8)
 572761 420730        0.0235     7        0.0245        0.0233  9166838    4.77%            x370 D 571758 571754     45
 584807 430613        cutoff              0.0245        0.0233  9390040    4.76%            x592 U 583186 583178     33
 594160 436465        0.0236    13        0.0245        0.0233  9530957    4.76%            x518 U 593409 386177     36
 599320 440204        cutoff              0.0245        0.0233  9613061    4.75%            x100 U 598133 598125     64
 602285 442114        0.0237     7        0.0245        0.0233  9659999    4.75%            x127 D 601178 601174     66
 605067 444065        0.0239    21        0.0245        0.0233  9702922    4.75%            x622 D 609571 132221     18
 609989 447602        0.0237    16        0.0245        0.0233  9786099    4.74%            x209 D 607750 607746     37
 612434 449127        0.0237     9        0.0245        0.0233  9822213    4.74%            x526 U 617551 617547     55
 615390 451445        0.0239    14        0.0245        0.0233  9871463    4.74%            x703 D 612222 612218     65
 618938 453595        0.0237     7        0.0245        0.0233  9926790    4.74%            x415 D 616570 616566     64
Elapsed time = 425.64 sec. (206390.57 ticks, tree = 2218.60 MB, solutions = 8)
Nodefile size = 165.79 MB (71.98 MB after compression)
 621834 455623        0.0236    14        0.0245        0.0233  9976237    4.73%            x695 D 628007 628003     39
 626379 458835        0.0235    11        0.0245        0.0233 10046911    4.73%            x419 D 639552 639548     66
 630058 461067        0.0242    18        0.0245        0.0233 10099803    4.73%            x630 U 639039 639031     15
 637015 466317        0.0236    12        0.0245        0.0233 10211791    4.72%            x592 D 636614 636610     52
 640366 468715        0.0239    11        0.0245        0.0233 10267498    4.72%            x445 D 613733 613729     84
 643724 470932        cutoff              0.0245        0.0233 10323853    4.72%            x209 U 653427 653419    196
 647114 473201        cutoff              0.0245        0.0233 10377993    4.72%            x137 U 666524 666516     57
 649583 474763        0.0237    11        0.0245        0.0233 10415595    4.72%            x440 D 648278 648274     84
 653139 477399        0.0242    10        0.0245        0.0233 10473928    4.71%            x525 D 618053 618049     74
 659198 481648        0.0237     7        0.0245        0.0233 10573048    4.71%             x67 U 685276 186886     36
Elapsed time = 463.28 sec. (245163.63 ticks, tree = 2481.43 MB, solutions = 8)
Nodefile size = 427.19 MB (181.46 MB after compression)
 663048 484454    infeasible              0.0245        0.0233 10638170    4.70%             x98 D 690000 689996     84
 666979 487272        0.0237     7        0.0245        0.0233 10710069    4.70%             x94 D 695028 695024     68
 671613 489669        cutoff              0.0245        0.0233 10764340    4.69%            x133 U 688415 688403     66
 675109 492376        0.0240    21        0.0245        0.0233 10825559    4.69%            x625 U 670562 670558     20
 678174 494832        0.0236     7        0.0245        0.0233 10878367    4.69%             x65 U 695699 100219     49
 683226 498428        0.0237    11        0.0245        0.0234 10961325    4.68%            x415 D 700887 700879     41
 686528 500593    infeasible              0.0245        0.0234 11013427    4.68%            x100 D 722816 722812     61
 691920 504140        0.0242    14        0.0245        0.0234 11101034    4.68%            x440 D 728424 728420     74
 695408 506794        cutoff              0.0245        0.0234 11163615    4.68%            x100 D 734136 734132     42
 700200 509854        cutoff              0.0245        0.0234 11250237    4.67%            x370 U 696846 143592     50
Elapsed time = 502.78 sec. (283321.95 ticks, tree = 2746.17 MB, solutions = 8)
Nodefile size = 693.81 MB (290.03 MB after compression)
 705031 513184        cutoff              0.0245        0.0234 11326002    4.67%            x526 U 645845 645837     32
 708190 515445        cutoff              0.0245        0.0234 11382158    4.67%            x551 U 734095 734091     23
 714107 519435        0.0237    15        0.0245        0.0234 11471665    4.66%            x626 D 757852 479478     26
 718468 522418        0.0237     9        0.0245        0.0234 11543800    4.66%             x71 D 762796 762792     36
 722122 524765        0.0238     8        0.0245        0.0234 11605367    4.66%            x103 D 750835 750831     82
 727406 528262        0.0236    11        0.0245        0.0234 11703557    4.65%            x586 U 656533 704035     51
 731663 531304        0.0237     9        0.0245        0.0234 11764453    4.65%            x453 D 761687 761683     75
 735379 533769        0.0237     7        0.0245        0.0234 11818307    4.65%            x372 D 786016 786012     43
 740393 537383        cutoff              0.0245        0.0234 11901476    4.65%            x695 U 793128 793120     44
 743784 540821    infeasible              0.0245        0.0234 11983526    4.64%            x102 D 662617 662613     90
Elapsed time = 545.27 sec. (321690.65 ticks, tree = 3035.54 MB, solutions = 8)
Nodefile size = 984.78 MB (406.33 MB after compression)
 747109 542554        0.0240    12        0.0245        0.0234 12029123    4.63%            x100 D 783219 783215     88
 750834 545338        0.0237     9        0.0245        0.0234 12094374    4.63%            x372 D 786483 786479     31
 753890 547678        0.0237     8        0.0245        0.0234 12161049    4.63%            x500 U 807960 807956     58
 757466 549856        0.0239    10        0.0245        0.0234 12213858    4.62%            x143 D 793067 793063     92
 761240 552767        0.0241    16        0.0245        0.0234 12283389    4.62%            x695 D 814608 814604     62
 764599 554637        0.0239    12        0.0245        0.0234 12329174    4.62%            x133 D 755598 755594     78
 768105 557265        cutoff              0.0245        0.0234 12393564    4.62%            x591 U 802819 802811     82
 771711 559919    infeasible              0.0245        0.0234 12458412    4.61%            x100 D 826264 826260     43
 776613 562432        0.0235     8        0.0245        0.0234 12517902    4.61%            x590 U 695637 599112     99
 781824 566002    infeasible              0.0245        0.0234 12605147    4.61%            x103 D 818591 818587     71
Elapsed time = 595.14 sec. (359848.44 ticks, tree = 3271.52 MB, solutions = 8)
Nodefile size = 1219.01 MB (497.68 MB after compression)
 787579 569944        0.0236     8        0.0245        0.0234 12698184    4.61%            x442 D 842772 842768     68

Cover cuts applied:  16
User cuts applied:  9

Root node processing (before b&c):
  Real time             =    0.14 sec. (110.64 ticks)
Parallel b&c, 4 threads:
  Real time             =  601.80 sec. (367082.14 ticks)
  Sync time (average)   =   78.71 sec.
  Wait time (average)   =    0.00 sec.
                          ------------
Total (root+branch&cut) =  601.94 sec. (367192.79 ticks)
