Version identifier: 22.2.0.0 | 2026-05-04 | 5dff98e58
CPXPARAM_Read_DataCheck                          1
CPXPARAM_Threads                                 4
CPXPARAM_Parallel                                1
CPXPARAM_RandomSeed                              20260925
CPXPARAM_Simplex_Tolerances_Optimality           1.0000000000000001e-09
CPXPARAM_Simplex_Tolerances_Feasibility          1.0000000000000001e-09
CPXPARAM_TimeLimit                               3600
CPXPARAM_MIP_Tolerances_AbsMIPGap                1.0000000000000001e-09
CPXPARAM_MIP_Tolerances_Integrality              1.0000000000000001e-09
Legacy callback                                  i
1 of 1 MIP starts provided solutions.
MIP start 'm1' defined initial solution with objective 0.0593.
Tried aggregator 1 time.
MIP Presolve eliminated 3102 rows and 2 columns.
MIP Presolve modified 3120 coefficients.
Reduced MIP has 3891 rows, 4830 columns, and 38472 nonzeros.
Reduced MIP has 1200 binaries, 0 generals, 0 SOSs, and 0 indicators.
Presolve time = 0.03 sec. (30.87 ticks)
Probing time = 0.02 sec. (0.58 ticks)
Tried aggregator 1 time.
Detecting symmetries...
MIP Presolve modified 120 coefficients.
Reduced MIP has 3891 rows, 4830 columns, and 38472 nonzeros.
Reduced MIP has 1200 binaries, 0 generals, 0 SOSs, and 0 indicators.
Presolve time = 0.00 sec. (21.06 ticks)
Probing time = 0.00 sec. (0.65 ticks)
MIP emphasis: balance optimality and feasibility.
MIP search method: dynamic search.
Parallel mode: deterministic, using up to 4 threads.
Root relaxation solution time = 0.03 sec. (46.71 ticks)

        Nodes                                         Cuts/
   Node  Left     Objective  IInf  Best Integer    Best Bound    ItCnt     Gap

*     0+    0                            0.0593        0.0000           100.00%
      0     0        0.0506    22        0.0593        0.0506     1091   14.58%
*     0+    0                            0.0554        0.0506             8.72%
      0     0        0.0506    19        0.0554   MIRcuts: 34     1247    8.72%
      0     0        0.0506    16        0.0554      Cuts: 27     1340    8.72%
      0     0        0.0506    16        0.0554    MIRcuts: 7     1380    8.72%
      0     0        0.0506    13        0.0554    MIRcuts: 2     1436    8.72%
      0     2        0.0506    11        0.0554        0.0506     1436    8.72%
Elapsed time = 0.48 sec. (552.82 ticks, tree = 0.02 MB, solutions = 2)
*    25+    2                            0.0554        0.0506             8.72%
     31    26        0.0516    11        0.0554        0.0506     3468    8.72%
     98    61        cutoff              0.0554        0.0506     9375    8.72%
    168   100    infeasible              0.0554        0.0506    16103    8.72%
    255   124        0.0511    23        0.0554        0.0507    23592    8.49%
    331   158        cutoff              0.0554        0.0508    31828    8.37%
    406   178    infeasible              0.0554        0.0508    38792    8.37%
    454   179    infeasible              0.0554        0.0508    44578    8.37%
    527   169    infeasible              0.0554        0.0509    54938    8.19%
    607   160    infeasible              0.0554        0.0511    63268    7.85%
   1045   310        0.0554    18        0.0554        0.0516    99632    6.91%
Elapsed time = 2.67 sec. (3676.62 ticks, tree = 0.60 MB, solutions = 3)
*  1081   310      integral     0        0.0554        0.0516    99929    6.91%
*  1453+  410                            0.0553        0.0526             4.90%
   1513   384        0.0543    24        0.0553        0.0526   135098    4.75%
   2237   554        0.0552    24        0.0553        0.0539   162091    2.41%
   2793   762        0.0551    23        0.0553        0.0542   197524    1.86%
   3365  1020        0.0544    21        0.0553        0.0542   231667    1.86%

Performing restart 1

Repeating presolve.
Tried aggregator 1 time.
MIP Presolve modified 75 coefficients.
Reduced MIP has 3891 rows, 4830 columns, and 38472 nonzeros.
Reduced MIP has 1200 binaries, 0 generals, 0 SOSs, and 0 indicators.
Presolve time = 0.00 sec. (11.52 ticks)
Tried aggregator 1 time.
Reduced MIP has 3891 rows, 4830 columns, and 38472 nonzeros.
Reduced MIP has 1200 binaries, 0 generals, 0 SOSs, and 0 indicators.
Presolve time = 0.02 sec. (21.08 ticks)
Represolve time = 0.03 sec. (41.11 ticks)
   3664     0        0.0509    53        0.0553      Cuts: 54   256447    1.86%
   3664     0        0.0509    32        0.0553    MIRcuts: 5   256534    1.86%
   3664     0        0.0510    40        0.0553      Cuts: 13   256666    1.86%
   3664     0        0.0510    35        0.0553      Cuts: 13   256696    1.86%
*  3664+    0                            0.0553        0.0542             1.83%
*  3664+    0                            0.0553        0.0542             1.83%
   3664     0  -1.00000e+75     0        0.0553        0.0542   256696    1.83%
   3664     0        0.0510    41        0.0553      Cuts: 12   256732    1.83%
   3664     0        0.0510    37        0.0553      Cuts: 19   256854    1.83%
   3664     2        0.0510    37        0.0553        0.0542   256854    1.83%
   3830    84        cutoff              0.0553        0.0542   265881    1.83%
   4317   336        0.0530    21        0.0553        0.0542   279107    1.83%
   4864   688        0.0527    11        0.0553        0.0542   306982    1.83%
   5347   888    infeasible              0.0553        0.0542   330705    1.83%
   5868  1009        cutoff              0.0553        0.0542   359027    1.83%
Elapsed time = 11.52 sec. (16470.96 ticks, tree = 2.85 MB, solutions = 7)
   6334   999        0.0552    18        0.0553        0.0542   385438    1.83%
   6955  1313        0.0529    43        0.0553        0.0542   409644    1.83%
   7541  1621        cutoff              0.0553        0.0542   434513    1.83%
*  7802+ 1758                            0.0553        0.0542             1.83%
*  7814+ 1758                            0.0553        0.0542             1.83%
   8236  1965        cutoff              0.0553        0.0542   458207    1.83%
   8677  2071    infeasible              0.0553        0.0542   495427    1.83%
   9098  2153        0.0547     9        0.0553        0.0542   522828    1.83%
   9474  2164        cutoff              0.0553        0.0542   548084    1.83%
   9819  2075    infeasible              0.0553        0.0542   580080    1.83%
  10289  2022        0.0552    13        0.0553        0.0542   616907    1.83%
  10772  1810        0.0541    32        0.0553        0.0542   655855    1.83%
Elapsed time = 17.98 sec. (26014.85 ticks, tree = 5.26 MB, solutions = 9)
  11363  1830        0.0542     4        0.0553        0.0542   687035    1.83%
* 11802+ 1935                            0.0553        0.0542             1.83%
  11932  2064        0.0543     4        0.0553        0.0542   707171    1.83%
  12563  2449        cutoff              0.0553        0.0542   746666    1.83%
  13194  2700        cutoff              0.0553        0.0542   769049    1.83%
  13786  3165        0.0542     7        0.0553        0.0542   809995    1.83%
  14390  3473        0.0549    31        0.0553        0.0542   850856    1.83%
  14954  3714        0.0544     6        0.0553        0.0542   881237    1.83%
  15534  3908        0.0549    30        0.0553        0.0542   904914    1.83%
  16031  4207        0.0544     6        0.0553        0.0542   934501    1.83%
  16612  4525        cutoff              0.0553        0.0542   977407    1.83%
Elapsed time = 24.86 sec. (35575.98 ticks, tree = 11.50 MB, solutions = 10)
  17097  4782        0.0544    20        0.0553        0.0542  1019122    1.83%
  17580  4921    infeasible              0.0553        0.0542  1049755    1.83%
  18061  5086        0.0552    29        0.0553        0.0542  1076242    1.83%
  18466  5257        cutoff              0.0553        0.0542  1115956    1.83%
  18946  5393        cutoff              0.0553        0.0542  1161975    1.83%
  19456  5572        cutoff              0.0553        0.0542  1198820    1.83%
  19971  5718        0.0545    13        0.0553        0.0542  1223230    1.83%
  20646  5979        0.0542    14        0.0553        0.0542  1257192    1.83%
  21183  6291        cutoff              0.0553        0.0542  1290499    1.83%
  21727  6569        0.0544     4        0.0553        0.0542  1337803    1.83%
Elapsed time = 32.47 sec. (45142.99 ticks, tree = 16.21 MB, solutions = 10)
  22346  6869        0.0553    31        0.0553        0.0542  1379068    1.83%
  23002  7120        0.0542     9        0.0553        0.0542  1411753    1.83%
  23451  7299        cutoff              0.0553        0.0542  1446423    1.83%
  23899  7389        0.0542     4        0.0553        0.0542  1484879    1.83%
  24353  7508        0.0542     5        0.0553        0.0542  1512141    1.83%
  24887  7714        0.0542     4        0.0553        0.0542  1558725    1.83%
  25423  7924        cutoff              0.0553        0.0542  1606099    1.83%
  25939  7980        cutoff              0.0553        0.0542  1622979    1.83%
  26451  8209        0.0543     7        0.0553        0.0542  1672695    1.83%
  26833  8283        cutoff              0.0553        0.0542  1706143    1.83%
Elapsed time = 39.11 sec. (54691.77 ticks, tree = 19.29 MB, solutions = 10)
  27254  8383        0.0549    29        0.0553        0.0542  1746772    1.83%
  27513  8515        cutoff              0.0553        0.0542  1777654    1.83%
  27757  8573        cutoff              0.0553        0.0542  1798198    1.83%
  28033  8659        0.0543     5        0.0553        0.0542  1823156    1.83%
  28310  8682        0.0553    31        0.0553        0.0542  1838713    1.83%
  28557  8752        cutoff              0.0553        0.0542  1858845    1.83%
  28778  8830        0.0552    30        0.0553        0.0542  1883040    1.83%
  28975  8872        cutoff              0.0553        0.0542  1898102    1.83%
  29171  8882        cutoff              0.0553        0.0542  1922098    1.83%
  29324  8882        0.0550    30        0.0553        0.0542  1937431    1.83%
Elapsed time = 46.53 sec. (64350.63 ticks, tree = 21.56 MB, solutions = 10)
  29492  8895        0.0551    27        0.0553        0.0542  1957492    1.83%
  29712  8927        0.0550    27        0.0553        0.0542  1980369    1.83%
  29915  8942        0.0549    31        0.0553        0.0542  1997393    1.83%
  30229  8995        0.0550    30        0.0553        0.0542  2016432    1.83%
  30589  9075        0.0553    33        0.0553        0.0542  2042618    1.83%
  30935  9154        cutoff              0.0553        0.0542  2070835    1.83%
  31267  9221        0.0543     3        0.0553        0.0542  2091979    1.82%
  31662  9247        0.0544     6        0.0553        0.0542  2129746    1.82%
  32209  9382        cutoff              0.0553        0.0542  2174489    1.82%
  32552  9513        cutoff              0.0553        0.0542  2214242    1.82%
Elapsed time = 53.45 sec. (73941.86 ticks, tree = 22.33 MB, solutions = 10)
  32917  9548        0.0544     8        0.0553        0.0542  2263424    1.82%
  33405  9586        0.0552    33        0.0553        0.0542  2287219    1.82%
  33859  9734        cutoff              0.0553        0.0542  2337254    1.82%
  34172  9720        cutoff              0.0553        0.0542  2370791    1.82%
  34442  9692        cutoff              0.0553        0.0542  2413186    1.82%
  34737  9651        0.0543     7        0.0553        0.0542  2463711    1.82%
  35171  9651        0.0553    32        0.0553        0.0542  2473595    1.82%
  35603  9726        0.0543     8        0.0553        0.0543  2535551    1.82%
  36074  9837        cutoff              0.0553        0.0543  2572751    1.82%
  36441  9855        cutoff              0.0553        0.0543  2610774    1.82%
Elapsed time = 59.39 sec. (83495.89 ticks, tree = 23.19 MB, solutions = 10)
  36926  9936        cutoff              0.0553        0.0543  2654532    1.82%
  37301  9964        cutoff              0.0553        0.0543  2680062    1.82%
  37599 10011        0.0543     6        0.0553        0.0543  2724265    1.82%
  38060 10018        cutoff              0.0553        0.0543  2758024    1.82%
  38594 10070        cutoff              0.0553        0.0543  2794534    1.82%
  38901 10128        cutoff              0.0553        0.0543  2835722    1.82%
  39221 10152        cutoff              0.0553        0.0543  2896864    1.82%
  39491 10117        cutoff              0.0553        0.0543  2915625    1.82%
  39892 10059        cutoff              0.0553        0.0543  2977869    1.82%
  41687 10353        0.0544    11        0.0553        0.0543  3138357    1.82%
Elapsed time = 67.08 sec. (95914.94 ticks, tree = 23.93 MB, solutions = 10)
  43361 10524        0.0544     6        0.0553        0.0543  3295905    1.82%
  44770 10552        0.0543     5        0.0553        0.0543  3470456    1.82%
  46499 10763    infeasible              0.0553        0.0543  3616653    1.82%
  47981 10697        0.0543     4        0.0553        0.0543  3772683    1.82%
  49603 10754        cutoff              0.0553        0.0543  3935802    1.82%
  51064 10542        cutoff              0.0553        0.0543  4104089    1.82%
  52289 10219        cutoff              0.0553        0.0543  4288207    1.82%
  53898 10168        0.0550    31        0.0553        0.0543  4439977    1.81%
  55815 10541        cutoff              0.0553        0.0543  4616953    1.77%
  57461 10775        0.0550    30        0.0553        0.0543  4776280    1.77%
Elapsed time = 90.56 sec. (134085.88 ticks, tree = 24.48 MB, solutions = 10)
  59112 10961        cutoff              0.0553        0.0543  4912818    1.77%
  60623 11064        0.0544    10        0.0553        0.0543  5093157    1.77%
  62071 11096        cutoff              0.0553        0.0543  5237352    1.77%
  63486 11048        0.0550    30        0.0553        0.0543  5418045    1.77%
  64963 10906        cutoff              0.0553        0.0543  5606370    1.76%
  66434 10822        cutoff              0.0553        0.0543  5744331    1.76%
  67889 10711        0.0543     3        0.0553        0.0543  5932162    1.76%
  69209 10567        0.0543     3        0.0553        0.0543  6087878    1.76%
  70486 10289        cutoff              0.0553        0.0543  6273001    1.76%
  71852  9978        0.0543     6        0.0553        0.0543  6456584    1.76%
Elapsed time = 114.16 sec. (172256.72 ticks, tree = 22.51 MB, solutions = 10)
  73300  9837        cutoff              0.0553        0.0543  6609922    1.73%
  75225  9943        cutoff              0.0553        0.0543  6782979    1.70%
  76695 10052        cutoff              0.0553        0.0543  6933905    1.65%
  78192  9983        cutoff              0.0553        0.0543  7068164    1.65%
  79888  9947        cutoff              0.0553        0.0544  7258606    1.64%
  81949 10329        cutoff              0.0553        0.0544  7399975    1.61%
  83700 10534        cutoff              0.0553        0.0544  7554365    1.60%
  85438 10644        cutoff              0.0553        0.0544  7722550    1.60%
  87127 10783        cutoff              0.0553        0.0544  7896426    1.59%
  88705 10888        0.0551    29        0.0553        0.0544  8039633    1.59%
Elapsed time = 138.02 sec. (210455.48 ticks, tree = 24.58 MB, solutions = 10)
  90298 10874        cutoff              0.0553        0.0544  8209999    1.59%
  91647 10746        cutoff              0.0553        0.0544  8408649    1.59%
  92936 10585        cutoff              0.0553        0.0544  8539764    1.59%
  94304 10400        0.0544     9        0.0553        0.0544  8729147    1.59%
  95650 10167        cutoff              0.0553        0.0544  8887463    1.58%
  96993  9977        cutoff              0.0553        0.0544  9049623    1.58%
  98659  9692        cutoff              0.0553        0.0544  9223643    1.58%
 100516  9799        cutoff              0.0553        0.0544  9341578    1.56%
 102498 10058        0.0544     6        0.0553        0.0544  9540742    1.54%
 104210 10203        0.0551    31        0.0553        0.0544  9665666    1.53%
Elapsed time = 162.11 sec. (248657.85 ticks, tree = 22.74 MB, solutions = 10)
 105852 10314        0.0551    30        0.0553        0.0544  9845345    1.53%
 107367 10290        cutoff              0.0553        0.0544 10015692    1.53%
 108913 10306        cutoff              0.0553        0.0544 10162565    1.53%
 110429 10286        cutoff              0.0553        0.0544 10349110    1.53%
 111921 10206        cutoff              0.0553        0.0544 10528075    1.52%
 113327 10029        0.0545     7        0.0553        0.0544 10697369    1.52%
 114625  9662        cutoff              0.0553        0.0544 10851047    1.52%
 116576  9632        0.0549     4        0.0553        0.0544 11017080    1.51%
 118275  9704        cutoff              0.0553        0.0544 11212091    1.47%
 119829  9630        cutoff              0.0553        0.0544 11357175    1.47%
Elapsed time = 185.80 sec. (286828.17 ticks, tree = 21.09 MB, solutions = 10)
 121321  9341        cutoff              0.0553        0.0544 11552895    1.47%
 123019  9180        0.0545     3        0.0553        0.0544 11750607    1.46%
 124516  9098        0.0545     9        0.0553        0.0545 11868139    1.45%
 125966  8943        cutoff              0.0553        0.0545 12065426    1.41%
 127716  8666        0.0545    24        0.0553        0.0545 12213974    1.41%
 129619  8728        cutoff              0.0553        0.0545 12340408    1.40%
 131131  8744        0.0545    10        0.0553        0.0545 12552403    1.35%
 132588  8458        cutoff              0.0553        0.0545 12685413    1.35%
 134610  8586        cutoff              0.0553        0.0545 12845710    1.34%
 136346  8764        0.0545    11        0.0553        0.0545 13025628    1.30%
Elapsed time = 209.05 sec. (324990.30 ticks, tree = 18.94 MB, solutions = 10)
 138060  8905        cutoff              0.0553        0.0545 13171948    1.30%
 139454  8770        cutoff              0.0553        0.0545 13358178    1.29%
 140732  8490        cutoff              0.0553        0.0545 13530804    1.29%
 142352  8319        cutoff              0.0553        0.0545 13675293    1.29%
 143818  8150        cutoff              0.0553        0.0546 13873155    1.25%
 145547  7843        cutoff              0.0553        0.0546 14014793    1.22%
 147565  7956        cutoff              0.0553        0.0546 14150228    1.21%
 149137  8005        cutoff              0.0553        0.0546 14306443    1.12%
 150959  7733        cutoff              0.0553        0.0546 14482328    1.12%
 152682  7365        cutoff              0.0553        0.0546 14640984    1.10%
Elapsed time = 232.59 sec. (363193.90 ticks, tree = 15.54 MB, solutions = 10)
 154838  6554        0.0550     8        0.0553        0.0548 14791058    0.90%
 156810  6349        cutoff              0.0553        0.0548 14939080    0.82%
 158886  6391        cutoff              0.0553        0.0548 15079840    0.78%
 161205  5860        cutoff              0.0553        0.0549 15272586    0.67%
 163782  5715        cutoff              0.0553        0.0549 15376929    0.61%
 166267  6473        0.0551    21        0.0553        0.0549 15500019    0.56%
 168668  6986        0.0550     6        0.0553        0.0550 15651253    0.55%
 170823  7300        cutoff              0.0553        0.0550 15797857    0.54%
 173656  6575        0.0551    14        0.0553        0.0550 15936468    0.54%
 176737  7418        0.0551    14        0.0553        0.0550 16065780    0.51%
Elapsed time = 256.67 sec. (401351.26 ticks, tree = 14.69 MB, solutions = 10)
 179421  7991        0.0550     8        0.0553        0.0550 16171952    0.48%
 182065  8538        cutoff              0.0553        0.0550 16326708    0.48%
 184368  8816        cutoff              0.0553        0.0550 16480559    0.48%
 186880  8492        0.0552    12        0.0553        0.0550 16645882    0.47%
 189971  8486        cutoff              0.0553        0.0550 16739017    0.43%
 192114  8242        0.0552    19        0.0553        0.0550 16909347    0.42%
 194416  7731        0.0551    13        0.0553        0.0550 17061755    0.38%
 197222  6615        cutoff              0.0553        0.0551 17199450    0.28%
 199814  5922        cutoff              0.0553        0.0551 17334242    0.26%
 202687  5340        cutoff              0.0553        0.0551 17437645    0.25%
Elapsed time = 281.67 sec. (439507.26 ticks, tree = 10.52 MB, solutions = 10)
 206068  4057        0.0552    18        0.0553        0.0551 17596685    0.21%
 209857  2434        cutoff              0.0553        0.0552 17747107    0.15%
 215401  1430        0.0552     4        0.0553        0.0552 17850556    0.05%
 221421  1172        cutoff              0.0553        0.0552 17983797    0.05%

Cover cuts applied:  43
Mixed integer rounding cuts applied:  27

Root node processing (before b&c):
  Real time             =    0.47 sec. (550.95 ticks)
Parallel b&c, 4 threads:
  Real time             =  292.38 sec. (455306.63 ticks)
  Sync time (average)   =   11.28 sec.
  Wait time (average)   =    0.00 sec.
                          ------------
Total (root+branch&cut) =  292.84 sec. (455857.58 ticks)
