Version identifier: 22.2.0.0 | 2026-05-04 | 5dff98e58
CPXPARAM_Read_DataCheck                          1
CPXPARAM_Threads                                 4
CPXPARAM_Parallel                                1
CPXPARAM_RandomSeed                              20260925
CPXPARAM_MIP_Strategy_Search                     1
CPXPARAM_Simplex_Tolerances_Optimality           1.0000000000000001e-09
CPXPARAM_Simplex_Tolerances_Feasibility          1.0000000000000001e-09
CPXPARAM_TimeLimit                               600
CPXPARAM_MIP_Tolerances_AbsMIPGap                1.0000000000000001e-09
CPXPARAM_MIP_Tolerances_Integrality              1.0000000000000001e-09
Legacy callback                                  iLUD
Lazy constraint(s) or lazy constraint/branch callback is present.
    Disabling dual reductions (CPX_PARAM_REDUCE) in presolve.
    Disabling presolve reductions that prevent crushing forms (CPX_PARAM_PREREFORM).
         Disabling repeat represolve because of lazy constraint/incumbent callback.
Warning: Effort level 'CheckFeas' is incompatible with lazy constraint/incumbent callback.
         Effort level increased to 'SolveFixed'.
1 of 1 MIP starts provided solutions.
MIP start 'm1' defined initial solution with objective 0.0789.
Tried aggregator 1 time.
MIP Presolve eliminated 8999 rows and 0 columns.
MIP Presolve modified 940 coefficients.
Reduced MIP has 4695 rows, 7232 columns, and 59228 nonzeros.
Reduced MIP has 3600 binaries, 0 generals, 0 SOSs, and 0 indicators.
Presolve time = 0.03 sec. (39.37 ticks)
Probing time = 0.02 sec. (0.94 ticks)
MIP emphasis: balance optimality and feasibility.
MIP search method: traditional branch-and-cut.
Parallel mode: deterministic, using up to 4 threads.
Root relaxation solution time = 0.12 sec. (180.43 ticks)

        Nodes                                         Cuts/
   Node  Left     Objective  IInf  Best Integer    Best Bound    ItCnt     Gap         Variable B NodeID Parent  Depth

*     0+    0                            0.0789        0.0000           100.00%
      0     0        0.0456   129        0.0789        0.0456     2453   42.20%
      0     0        0.0456   129        0.0789 UserPurge1: 1     2488   42.19%
*     0+    0                            0.0472        0.0456             3.26%
      0     0  -1.00000e+75     0        0.0472        0.0456     2488    3.26%
      0     2        0.0456   129        0.0472        0.0456     2488    3.26%                        0             0
Elapsed time = 4.08 sec. (3367.19 ticks, tree = 0.02 MB, solutions = 2)
      3     5        0.0457   131        0.0472        0.0456     3671    3.25%           x2801 U     12      8      3
     19    16        0.0457   113        0.0472        0.0456     4415    3.25%             x84 U     39     31      9
     20    13        0.0457   122        0.0472        0.0456     3977    3.25%             x12 D     40     36     10
*    21+    2                            0.0468        0.0456             2.48%
     29    28        0.0457   122        0.0468        0.0456     5438    2.48%             x51 U     22     14      6
     43    39        0.0458    49        0.0468        0.0457     7657    2.40%              x2 U     68     64     14
     75    51        0.0457   133        0.0468        0.0457     9609    2.40%              x6 D     21     17      7
     93    80        0.0457   125        0.0468        0.0457    12088    2.40%           x2533 D     45     41     12
    120    93        0.0458    66        0.0468        0.0457    13241    2.40%             x71 D    138    134     30
*   137   115      integral     0        0.0467        0.0457    15355    2.31%           x1005 U    152    148     29
*   285   202      integral     0        0.0467        0.0457    21955    2.20%
    316   228        0.0466     4        0.0467        0.0457    24631    2.20%            x996 D    322    318     61
Elapsed time = 12.11 sec. (6706.63 ticks, tree = 5.78 MB, solutions = 8)
    526   292        0.0457   112        0.0467        0.0457    30818    2.20%           x1721 N    465      1      4
    691   471        0.0466    15        0.0467        0.0457    43685    2.20%           x2799 D    731    727     93
    942   632        0.0463    10        0.0467        0.0457    55295    2.20%            x953 D   1028   1024     84
   1195   833        0.0463    27        0.0467        0.0457    64416    2.20%           x3497 D   1155   1151     95
   1423  1054        0.0464     4        0.0467        0.0457    75750    2.19%           x3351 N   1517   1513    100
   1676  1261        0.0458   103        0.0467        0.0457    89251    2.18%           x2618 U   1475   1471     17
   1857  1369        0.0459    95        0.0467        0.0457   100433    2.18%           x2797 U   1861   1857     13
   2030  1572        0.0460    93        0.0467        0.0457   117613    2.18%            x945 U   1783   1775     31
   2198  1669        0.0458    72        0.0467        0.0457   129690    2.18%           x2716 U   2420   2416     20
   2422  1881        cutoff              0.0467        0.0457   147655    2.18%           x3470 U   2481   2473     95
Elapsed time = 41.47 sec. (16312.94 ticks, tree = 36.78 MB, solutions = 8)
*  2442  1860      integral     0        0.0467        0.0457   147047    2.16%
   2695  1976        0.0465    11        0.0467        0.0457   157603    2.16%            x993 D   2810   2806    140
*  2819+ 2045                            0.0464        0.0457             1.65%
   2824  2103        0.0459   107        0.0464        0.0457   172814    1.65%           x2614 U   2908   2904     22
   3002  1696        0.0459   117        0.0464        0.0457   186140    1.65%           x2799 U   2795   2791      5
   3154  1855        0.0459    22        0.0464        0.0457   204349    1.65%              x9 D   2947   2943     14
   3476  2055        0.0464     4        0.0464        0.0457   219756    1.64%           x3084 D   3500   3496     76
   3605  2221        0.0464    10        0.0464        0.0457   231297    1.64%           x3088 D   3595   3591     53
   3774  2315        0.0458    82        0.0464        0.0457   246306    1.64%           x2612 D   4006   3998     20
   3920  2450        0.0464    15        0.0464        0.0457   261844    1.62%           x1749 D   3987   3983     33
   4115  2595        0.0463    14        0.0464        0.0457   274069    1.62%           x1086 U   4121   4117     72
   4346  2735        0.0464    11        0.0464        0.0457   289516    1.62%           x1108 D   4261   4257     28
Elapsed time = 61.89 sec. (25911.87 ticks, tree = 55.46 MB, solutions = 10)
   4538  2857        0.0464    11        0.0464        0.0457   301312    1.61%           x3083 D   4521   4517     68
*  4686+ 2917                            0.0464        0.0457             1.61%
   4792  3110        0.0461    12        0.0464        0.0457   316626    1.61%           x1051 D   4720   4716    169
   5031  3231        0.0463    14        0.0464        0.0457   326711    1.61%           x1024 D   4972   4968    232
   5206  3436        0.0463    30        0.0464        0.0457   342871    1.60%           x1127 D   5367   5363     73
   5395  3538        cutoff              0.0464        0.0457   354978    1.60%           x2709 U   5563   5559     38
   5569  3634        0.0458   119        0.0464        0.0457   365174    1.60%           x2538 U   5650   5646     21
   5781  3808        0.0463    17        0.0464        0.0457   378889    1.60%            x341 U   6103   6099     95
   5985  3980        0.0463    13        0.0464        0.0457   396507    1.60%           x2610 D   5893   5885     60
   6291  4098        0.0458    36        0.0464        0.0457   410269    1.60%           x1717 D   6081   6077     27
   6528  4320        0.0462    11        0.0464        0.0457   418710    1.59%             x59 U   6288   6284     60
Elapsed time = 83.06 sec. (35491.82 ticks, tree = 78.14 MB, solutions = 11)
   6697  4574        0.0460    17        0.0464        0.0457   436878    1.59%           x3422 U   7263   7259     33
   6864  4688        0.0461    19        0.0464        0.0457   446693    1.59%           x2716 D   6661   6657     33
   7077  4829        cutoff              0.0464        0.0457   464201    1.59%           x1745 D   6862   6854     48
   7278  5075        0.0462    11        0.0464        0.0457   479047    1.59%            x468 D   7192   7188     85
   7466  5108        0.0460    30        0.0464        0.0457   485724    1.59%           x2654 D   7121   7117     38
   7616  5299        0.0461    49        0.0464        0.0457   501338    1.59%             x75 D   8207   8203     49
   7943  5435        0.0463    28        0.0464        0.0457   511419    1.59%           x1727 U   7709   7705    153
   8265  5727        0.0463    12        0.0464        0.0457   529248    1.59%           x1749 N   8959   8955    149
   8374  5920        0.0457   119        0.0464        0.0457   547772    1.59%           x2627 U   7894   7890     22
   8583  6025        0.0464     9        0.0464        0.0457   559562    1.59%           x1086 U   8313   8309     80
Elapsed time = 104.25 sec. (45065.03 ticks, tree = 124.28 MB, solutions = 11)
   8782  6135        cutoff              0.0464        0.0457   571746    1.59%           x2757 U   8497   8493     53
   9018  6317        0.0460    29        0.0464        0.0457   588836    1.59%           x1092 D   9643   9639     53
   9222  6407        0.0459    40        0.0464        0.0457   595722    1.59%           x2716 U   8630   8626     26
   9465  6517        0.0459    72        0.0464        0.0457   607751    1.59%           x2795 U   9943   9939     30
   9660  6684        0.0458    57        0.0464        0.0457   618850    1.59%           x2797 U  10235  10231     24
   9849  6841        0.0460    60        0.0464        0.0457   636314    1.59%           x2660 U   9485   9481     35
   9965  7036    infeasible              0.0464        0.0457   661758    1.59%           x2867 U   9517   9513     41
  10185  7082        0.0463     7        0.0464        0.0457   660218    1.59%             x71 U   9642   9638     83
  10355  7248        0.0464    17        0.0464        0.0457   681804    1.59%           x1092 D   9997   9993     75
  10542  7374        0.0464     4        0.0464        0.0457   696498    1.59%           x3186 D  10106  10102     88
Elapsed time = 124.73 sec. (54645.16 ticks, tree = 169.11 MB, solutions = 11)
  10677  7445        0.0459    42        0.0464        0.0457   707098    1.59%           x2795 U  11000  10996     18
  10809  7644        cutoff              0.0464        0.0457   730621    1.59%           x2656 U  10478  10474     74
  10968  7686        0.0463     4        0.0464        0.0457   738531    1.59%           x1097 D  10433  10425     75
  11212  7920        0.0462    33        0.0464        0.0457   759050    1.59%           x2668 U  11280  11276     53
  11404  7964        0.0460    20        0.0464        0.0457   762629    1.59%           x2538 U  11552  11548     37
  11635  8089        0.0462    23        0.0464        0.0457   772913    1.59%           x2811 U  11334  11330     72
  11819  8406        0.0461    28        0.0464        0.0457   799744    1.59%           x2622 U  12088  12084     20
  12015  8466        0.0460    35        0.0464        0.0457   806794    1.59%           x2799 U  12371  12367     32
  12233  8600        0.0462    83        0.0464        0.0457   814660    1.59%             x25 D  11998  11994     72
  12408  8891        0.0462    13        0.0464        0.0457   842373    1.59%           x3087 D  12664  12656     58
Elapsed time = 143.69 sec. (64297.73 ticks, tree = 206.42 MB, solutions = 11)
  12582  8973        cutoff              0.0464        0.0457   847401    1.59%            x191 D  13103  13099     80
  12703  9020        0.0463    31        0.0464        0.0457   853961    1.59%           x2799 U  13068  13064     28
  12834  9099        0.0461   119        0.0464        0.0457   867089    1.59%           x2531 U  12306  12302     44
  12983  9255        0.0463    51        0.0464        0.0457   891149    1.59%           x2622 U  13499  13495     26
  13130  9321        cutoff              0.0464        0.0457   897259    1.59%           x2674 U  13620  13616     81
  13264  9370        0.0461    85        0.0464        0.0457   904419    1.59%           x2847 U  12833  12829     50
  13400  9527        0.0463    26        0.0464        0.0457   924476    1.59%            x906 U  12925  12921     64
  13556  9643        0.0464    14        0.0464        0.0457   939314    1.59%             x78 U  14000  13996     84
  13728  9789        0.0461    34        0.0464        0.0457   959206    1.59%           x3146 D  14407  14399     65
  13981  9983        0.0460   101        0.0464        0.0457   976617    1.59%           x2640 U  13386  13382     23
Elapsed time = 160.34 sec. (73888.19 ticks, tree = 220.29 MB, solutions = 11)
  14209  9959        0.0460    28        0.0464        0.0457   974597    1.59%            x455 D  13673  13669     58
  14320 10102        0.0458   115        0.0464        0.0457   988422    1.59%           x2847 U  14911  14907     45
  14451 10233        0.0457   113        0.0464        0.0457   999385    1.59%           x2716 D  14876  13787     30
  14567 10428        0.0461    67        0.0464        0.0457  1017113    1.59%           x2656 U  14125  14121     61
  14716 10514        0.0463    32        0.0464        0.0457  1031250    1.59%             x73 D  14258  14254     66
  14881 10593        0.0464    14        0.0464        0.0457  1042941    1.59%           x2251 D  14513  14509     73
  15130 10814        0.0464     2        0.0464        0.0457  1072834    1.59%           x1506 D  15512  15508     95
  15244 11004        0.0458   119        0.0464        0.0457  1085909    1.59%           x2873 U  15931  15927     32
  15397 11084        0.0463    17        0.0464        0.0457  1098420    1.59%           x2624 U  15776  15772     36
  15491 11126        0.0460   101        0.0464        0.0457  1106880    1.59%           x2847 U  15030  15026     45
Elapsed time = 178.11 sec. (83556.04 ticks, tree = 249.77 MB, solutions = 11)
  15634 11248        0.0463    71        0.0464        0.0457  1122469    1.59%           x2841 D  16007  16003     51
  15719 11205        0.0457   106        0.0464        0.0457  1117306    1.59%           x2829 U  15257  11800     34
  15886 11436        0.0463     9        0.0464        0.0457  1138951    1.59%           x3176 D  15561  15557    110
  16031 11487        0.0462     6        0.0464        0.0457  1148202    1.59%           x2634 U  16664  16660     84
  16239 11485        cutoff              0.0464        0.0457  1164810    1.59%           x3455 U  15534  15530     75
  16430 11771        0.0462    23        0.0464        0.0457  1173679    1.59%           x1085 D  17148  17144     53
  16558 11908        0.0463    19        0.0464        0.0457  1194122    1.59%           x3071 U  16305  16301     49
  16785 11998        0.0461    97        0.0464        0.0457  1202843    1.59%           x2538 D  17432  17424     41
  16947 12071        0.0463    40        0.0464        0.0457  1211898    1.59%           x2773 D  17211  17207     61
  17546 12605        0.0464    38        0.0464        0.0457  1267122    1.59%           x2867 D  18236  18232     57
Elapsed time = 202.78 sec. (96024.99 ticks, tree = 270.98 MB, solutions = 11)
* 18128+13034                            0.0464        0.0457             1.51%
  18130 13186        0.0462    72        0.0464        0.0457  1349259    1.51%             x23 U  17110  17102     64
  18731 12621        0.0462    25        0.0464        0.0457  1401959    1.51%            x906 U  18887  18883     59
  19258 12997        0.0457   128        0.0464        0.0457  1455667    1.51%           x2821 D  19748  19744     30
* 19570+13053                            0.0464        0.0457             1.50%
  19814 13232        0.0462     8        0.0464        0.0457  1486255    1.50%           x2863 U  20129  20125     60
* 19937+13441                            0.0464        0.0457             1.50%
* 20061+13420                            0.0464        0.0457             1.50%
  20303 13738        0.0464    61        0.0464        0.0457  1560148    1.50%             x27 D  19442  19438     64
  20820 14076        0.0462    22        0.0464        0.0457  1607260    1.50%           x2593 D  20795  20791     63
  21350 14506        0.0460    46        0.0464        0.0457  1658213    1.50%           x2613 U  21700  21696     48
  21924 14865        0.0463     7        0.0464        0.0457  1700299    1.50%           x3185 D  22524  22520     88
  22770 15515        0.0460    79        0.0464        0.0457  1760759    1.50%             x30 U  22271  22259     61
  23447 16280        0.0464    19        0.0464        0.0457  1810739    1.50%           x2268 D  22702  22694    153
Elapsed time = 270.05 sec. (134245.30 ticks, tree = 322.59 MB, solutions = 14)
  24143 16755        0.0461    68        0.0464        0.0457  1854015    1.50%           x2620 U  25145  25141     45
  24956 17332        0.0458   121        0.0464        0.0457  1903488    1.50%           x2538 U  25548  25544     48
  25584 18132        0.0461    99        0.0464        0.0457  1955543    1.50%           x2531 U  26308  26304     52
  26047 18475        0.0464    35        0.0464        0.0457  1986677    1.50%             x85 U  24771  24763     52
  26612 18983        0.0461    20        0.0464        0.0457  2047345    1.50%           x1404 D  25563  25559     86
  27180 19169        cutoff              0.0464        0.0457  2077156    1.50%           x2863 U  28513  28509     62
  27784 19749        0.0463     4        0.0464        0.0457  2130149    1.49%            x939 D  26974  26970     75
  28374 20410        0.0462    41        0.0464        0.0457  2191440    1.49%             x23 D  27690  27686     44
  28862 20577        0.0464    24        0.0464        0.0457  2221320    1.49%             x71 U  29380  29376     64
  29477 21093        0.0463    43        0.0464        0.0457  2276569    1.49%           x3503 D  28299  28291     57
Elapsed time = 339.83 sec. (172534.33 ticks, tree = 422.36 MB, solutions = 14)
  30147 21398        0.0462    38        0.0464        0.0457  2306125    1.49%           x1754 D  31397  31393     53
  30810 22110        0.0464    21        0.0464        0.0457  2369552    1.49%             x87 D  32213  32209     73
  31394 22538        0.0462    21        0.0464        0.0457  2413602    1.49%           x2783 D  30575  30567     43
  31933 22878        0.0462    82        0.0464        0.0457  2457217    1.49%             x12 U  32392  32388     47
  32499 23330        0.0461    32        0.0464        0.0457  2517882    1.49%             x85 D  31311  31307     40
  33086 23661        0.0462    65        0.0464        0.0457  2550128    1.49%           x2656 U  34373  34369     36
  33701 24006        cutoff              0.0464        0.0457  2589318    1.49%            x464 U  32227  32219     69
  34279 24675        0.0464    70        0.0464        0.0457  2652845    1.49%             x30 D  32963  32959     43
  34653 25020        0.0460    38        0.0464        0.0457  2689583    1.49%           x2831 U  33339  33335     45
  35129 25297        0.0463    19        0.0464        0.0457  2729641    1.48%           x2780 D  35828  35824     98
Elapsed time = 405.91 sec. (210729.98 ticks, tree = 433.15 MB, solutions = 14)
  35747 25817        cutoff              0.0464        0.0457  2794139    1.48%           x2556 U  36272  36268     71
  36215 26149        0.0461    50        0.0464        0.0457  2817132    1.48%           x2636 U  37809  37805     56
  36633 26485        0.0461    58        0.0464        0.0457  2868238    1.48%           x2531 D  36872  36868     52
* 37095 26876      integral     0        0.0464        0.0457  2916592    1.48%
  37133 26930        0.0457   101        0.0464        0.0457  2925628    1.48%           x2678 D  38865  30811     43
* 37433+27013                            0.0464        0.0457             1.48%
  37792 27118        0.0462     4        0.0464        0.0457  2953233    1.48%           x2556 D  36778  36770     63
  38379 27556        0.0463    40        0.0464        0.0457  2998482    1.47%           x2692 D  37191  37183     60
  38954 28000        0.0461    55        0.0464        0.0457  3041812    1.47%           x2627 U  39520  39516     37
  39594 28523        0.0461    31        0.0464        0.0457  3096190    1.47%             x85 U  41465  41457     51
  40083 28980        0.0460    21        0.0464        0.0457  3150851    1.47%           x2654 U  40792  40788     32
  40824 29446        0.0458   142        0.0464        0.0457  3194994    1.47%           x2538 U  39770  39766     27
Elapsed time = 473.27 sec. (248931.26 ticks, tree = 519.05 MB, solutions = 16)
  41344 29814    infeasible              0.0464        0.0457  3238323    1.47%           x2656 U  43057  43053     60
  41883 30206        0.0463    18        0.0464        0.0457  3272489    1.47%             x82 D  43641  43637     98
  42335 30588        0.0463    28        0.0464        0.0457  3320304    1.47%           x2674 D  43304  43296     74
  42779 30873        0.0463    18        0.0464        0.0457  3353487    1.47%           x3068 D  43764  43756     82
  43267 31107        0.0461    51        0.0464        0.0457  3381656    1.47%           x2529 U  41691  41683     58
  43870 31511        cutoff              0.0464        0.0457  3429154    1.47%           x1121 U  42666  42658     79
  44284 31860        0.0463    83        0.0464        0.0457  3473264    1.47%           x2711 D  45965  45961     42
  44859 32251        0.0459    49        0.0464        0.0457  3523891    1.46%           x2676 D  45860  45852     29
  45330 32563        0.0461    84        0.0464        0.0457  3550680    1.46%             x12 U  43767  43763     56
  45637 33141        0.0464    22        0.0464        0.0457  3619007    1.46%             x41 D  46760  46752     88
Elapsed time = 531.55 sec. (287228.89 ticks, tree = 551.11 MB, solutions = 16)
  45984 33353        0.0458   148        0.0464        0.0457  3653443    1.46%           x2793 U  47128  47124     25
  46331 33487        cutoff              0.0464        0.0457  3674213    1.46%           x2620 U  48057  48053     53
  46813 33802        0.0463    83        0.0464        0.0457  3726830    1.46%           x2658 U  47916  47912     53
  47054 34052        0.0459   121        0.0464        0.0457  3753796    1.46%           x2871 U  48344  48340     51
  47438 34328        cutoff              0.0464        0.0457  3793624    1.46%           x2620 U  48748  48744     57
* 47806+34400                            0.0464        0.0457             1.46%
  47937 34576        cutoff              0.0464        0.0457  3826594    1.46%           x3137 U  46714  46710     67
  48231 34797        0.0464    21        0.0464        0.0457  3855797    1.46%           x3156 D  49813  49809     82
  48538 35112        0.0462    24        0.0464        0.0457  3893031    1.46%           x2634 U  47394  47390     59
  48750 35159        0.0463    79        0.0464        0.0457  3898529    1.46%           x2799 U  47007  47003     40
  48924 35317        0.0462    28        0.0464        0.0457  3923108    1.46%             x81 D  47323  47315     73
Elapsed time = 580.39 sec. (325572.37 ticks, tree = 572.78 MB, solutions = 18)
  49168 35575        0.0464    64        0.0464        0.0457  3964430    1.46%           x2603 D  50340  50332     30
  49399 35641        0.0459   116        0.0464        0.0457  3978865    1.46%           x2871 D  50929  50921     51
  49751 35860        0.0462    25        0.0464        0.0457  4019721    1.45%           x2694 U  48566  48562     53
  50076 36025        0.0462    25        0.0464        0.0457  4038747    1.45%           x2711 D  51561  51557     50

Cover cuts applied:  32
Mixed integer rounding cuts applied:  1
User cuts applied:  547

Root node processing (before b&c):
  Real time             =    4.08 sec. (3364.48 ticks)
Parallel b&c, 4 threads:
  Real time             =  595.94 sec. (340386.64 ticks)
  Sync time (average)   =   47.67 sec.
  Wait time (average)   =    0.00 sec.
                          ------------
Total (root+branch&cut) =  600.02 sec. (343751.12 ticks)
