Version identifier: 22.2.0.0 | 2026-05-04 | 5dff98e58
CPXPARAM_Read_DataCheck                          1
CPXPARAM_Threads                                 4
CPXPARAM_Parallel                                1
CPXPARAM_RandomSeed                              20260925
CPXPARAM_Simplex_Tolerances_Optimality           1.0000000000000001e-09
CPXPARAM_Simplex_Tolerances_Feasibility          1.0000000000000001e-09
CPXPARAM_TimeLimit                               600
CPXPARAM_MIP_Tolerances_AbsMIPGap                1.0000000000000001e-09
CPXPARAM_MIP_Tolerances_Integrality              1.0000000000000001e-09
Legacy callback                                  i
1 of 1 MIP starts provided solutions.
MIP start 'm1' defined initial solution with objective 0.0189.
Tried aggregator 1 time.
MIP Presolve eliminated 1347 rows and 2 columns.
MIP Presolve modified 3462 coefficients.
Reduced MIP has 3968 rows, 4686 columns, and 49203 nonzeros.
Reduced MIP has 1164 binaries, 0 generals, 0 SOSs, and 0 indicators.
Presolve time = 0.03 sec. (38.78 ticks)
Probing time = 0.00 sec. (0.68 ticks)
Tried aggregator 1 time.
Detecting symmetries...
MIP Presolve modified 60 coefficients.
Reduced MIP has 3968 rows, 4686 columns, and 49203 nonzeros.
Reduced MIP has 1164 binaries, 0 generals, 0 SOSs, and 0 indicators.
Presolve time = 0.02 sec. (20.18 ticks)
Probing time = 0.00 sec. (0.78 ticks)
MIP emphasis: balance optimality and feasibility.
MIP search method: dynamic search.
Parallel mode: deterministic, using up to 4 threads.
Root relaxation solution time = 0.02 sec. (26.67 ticks)

        Nodes                                         Cuts/
   Node  Left     Objective  IInf  Best Integer    Best Bound    ItCnt     Gap

*     0+    0                            0.0189        0.0000           100.00%
      0     0        0.0125    55        0.0189        0.0125      618   33.52%
      0     0        0.0125    55        0.0189    MIRcuts: 8      672   33.52%
      0     0        0.0125    59        0.0189   MIRcuts: 10      797   33.52%
      0     2        0.0125    59        0.0189        0.0126      797   33.24%
Elapsed time = 1.38 sec. (1520.50 ticks, tree = 0.02 MB, solutions = 1)
     20    22        0.0133    47        0.0189        0.0126     1605   33.24%
     84    62        0.0127    47        0.0189        0.0126     3641   33.24%
    135    92        0.0142    22        0.0189        0.0126     5977   33.24%
*   189   152      integral     0        0.0166        0.0126     8815   24.12%
    233   214        0.0138    34        0.0166        0.0126    12909   24.12%
    291   262        0.0142    39        0.0166        0.0126    15991   24.12%
    359   331        0.0153    12        0.0166        0.0126    22545   24.12%
    457   371        0.0128    52        0.0166        0.0127    28737   23.47%
    503   459        0.0131    54        0.0166        0.0127    34243   23.40%
*   608+  510                            0.0164        0.0127            22.31%
*   620+  510                            0.0162        0.0127            21.70%
*   623+  510                            0.0162        0.0127            21.42%
    768   698        0.0151    62        0.0162        0.0127    57704   21.23%
Elapsed time = 4.41 sec. (4563.82 ticks, tree = 4.46 MB, solutions = 6)
   1021   914        0.0151    48        0.0162        0.0127    77786   21.23%

Performing restart 1

Repeating presolve.
Tried aggregator 1 time.
Reduced MIP has 3968 rows, 4686 columns, and 49203 nonzeros.
Reduced MIP has 1164 binaries, 0 generals, 0 SOSs, and 0 indicators.
Presolve time = 0.02 sec. (13.87 ticks)
Tried aggregator 1 time.
Reduced MIP has 3968 rows, 4686 columns, and 49203 nonzeros.
Reduced MIP has 1164 binaries, 0 generals, 0 SOSs, and 0 indicators.
Presolve time = 0.02 sec. (20.45 ticks)
Represolve time = 0.05 sec. (42.86 ticks)
   1173     0        0.0126    57        0.0162       Cuts: 7    92916   21.23%
   1173     0        0.0126    55        0.0162       Cuts: 5    92945   21.23%
   1173     0        0.0126    54        0.0162     Covers: 1    92959   21.23%
   1173     0        0.0126    55        0.0162       Cuts: 2    92973   21.23%
   1173     0        0.0126    56        0.0162       Cuts: 3    92999   21.23%
   1173     0        0.0126    54        0.0162       Cuts: 3    93038   21.23%
   1173     2        0.0126    54        0.0162        0.0127    93038   21.23%
   1193    18        0.0128    55        0.0162        0.0127    93756   21.23%
   1400   207        0.0141    47        0.0162        0.0127   102872   21.23%
   1563   337        0.0132    42        0.0162        0.0127   116808   21.23%
   1775   508        0.0127    50        0.0162        0.0127   131456   21.23%
   2013   732        0.0127    48        0.0162        0.0127   154697   21.23%
   2230   879        0.0141    58        0.0162        0.0127   170469   21.23%
   2511  1193        0.0150    61        0.0162        0.0127   200565   21.23%
   2779  1363        0.0140    55        0.0162        0.0127   218703   21.23%
Elapsed time = 17.44 sec. (19343.35 ticks, tree = 7.94 MB, solutions = 6)
   2983  1589        0.0162    53        0.0162        0.0127   245920   21.23%
   3187  1784        0.0158    55        0.0162        0.0127   267014   21.23%
   3387  1922        0.0130    49        0.0162        0.0127   281386   21.23%
   3638  2153        0.0137    56        0.0162        0.0127   305341   21.23%
   3845  2360        0.0158    34        0.0162        0.0127   330765   21.23%
   4136  2563        0.0129    50        0.0162        0.0127   354306   21.23%
   4394  2847        0.0142    54        0.0162        0.0127   381854   21.23%
   4642  3064        0.0145    58        0.0162        0.0127   407835   21.23%
   4910  3252        0.0134    47        0.0162        0.0127   427001   21.23%
   5167  3556        0.0157    47        0.0162        0.0127   456789   21.23%
Elapsed time = 24.44 sec. (28922.38 ticks, tree = 12.95 MB, solutions = 6)
   5426  3755        0.0155    55        0.0162        0.0127   479072   21.23%
   5730  3990        0.0133    40        0.0162        0.0127   501984   21.23%
   6012  4213        0.0153    49        0.0162        0.0127   527480   21.23%
   6284  4482        0.0128    45        0.0162        0.0127   554550   21.23%
   6642  4787        0.0151    55        0.0162        0.0127   578339   21.23%
   6970  5006        0.0155    30        0.0162        0.0127   600075   21.23%
   7250  5373        0.0152    60        0.0162        0.0127   640783   21.23%
   7611  5573        0.0143    60        0.0162        0.0127   657780   21.23%
   7916  5801        0.0151    36        0.0162        0.0127   679288   21.23%
   8244  6092        0.0141    56        0.0162        0.0127   708772   21.23%
Elapsed time = 31.22 sec. (38477.75 ticks, tree = 17.48 MB, solutions = 6)
   8506  6481        cutoff              0.0162        0.0127   748831   21.23%
   8799  6759        0.0138    32        0.0162        0.0127   777296   21.23%
   9041  6959        0.0145    61        0.0162        0.0127   799898   21.23%
   9312  7162        0.0154    51        0.0162        0.0127   823807   21.23%
   9635  7422        0.0142    58        0.0162        0.0127   851681   21.23%
   9955  7688        0.0129    50        0.0162        0.0127   882633   21.23%
  10314  7876        0.0149    54        0.0162        0.0127   901412   21.23%
  10663  8197        0.0142    43        0.0162        0.0127   933379   21.23%
  10939  8651        0.0140    56        0.0162        0.0127   979170   21.23%
  11238  8876        0.0157    56        0.0162        0.0127  1005454   21.23%
Elapsed time = 37.89 sec. (48075.51 ticks, tree = 22.87 MB, solutions = 6)
  11576  9103        0.0142    53        0.0162        0.0127  1029323   21.23%
  11879  9424        0.0155    60        0.0162        0.0127  1066054   21.23%
  12194  9636        0.0129    49        0.0162        0.0127  1088840   21.23%
  12530  9989        0.0137    50        0.0162        0.0127  1125101   21.23%
  12831 10195        0.0158    51        0.0162        0.0127  1146057   21.23%
  13154 10568        0.0157    58        0.0162        0.0127  1188038   21.23%
  13431 10813        0.0157    36        0.0162        0.0127  1214606   21.23%
  13711 11027        0.0149    48        0.0162        0.0127  1239470   21.23%
  13981 11130        0.0153    49        0.0162        0.0127  1251167   21.23%
  14279 11518        0.0153    69        0.0162        0.0127  1294678   21.23%
Elapsed time = 44.64 sec. (57647.56 ticks, tree = 27.55 MB, solutions = 6)
  14607 11867        0.0141    45        0.0162        0.0127  1334427   21.23%
  14936 12063        0.0137    47        0.0162        0.0127  1354418   21.23%
  15266 12256        0.0161    58        0.0162        0.0127  1374705   21.23%
  15596 12614        0.0135    53        0.0162        0.0127  1410564   21.23%
  15893 12748        0.0154    52        0.0162        0.0127  1424411   21.23%
  16195 13197        cutoff              0.0162        0.0127  1476674   21.23%
  16509 13400        0.0129    47        0.0162        0.0127  1500586   21.23%
  16768 13694        0.0131    46        0.0162        0.0127  1532640   21.23%
  17088 13942        0.0146    57        0.0162        0.0127  1560035   21.23%
  17384 14205        0.0147    55        0.0162        0.0127  1589216   21.23%
Elapsed time = 51.31 sec. (67209.65 ticks, tree = 32.65 MB, solutions = 6)
  17703 14354        0.0138    43        0.0162        0.0127  1604254   21.23%
  18059 14652        0.0144    48        0.0162        0.0127  1636846   21.23%
  18393 15035        0.0156    57        0.0162        0.0127  1676482   21.23%
  18701 15414        0.0141    29        0.0162        0.0127  1719333   21.22%
  19044 15483        0.0159    57        0.0162        0.0127  1726694   21.22%
  19395 15818        0.0144    54        0.0162        0.0127  1759840   21.21%
  19717 16198        cutoff              0.0162        0.0127  1800896   21.21%
  20029 16365        0.0132    51        0.0162        0.0127  1820151   21.21%
  20374 16702        0.0144    58        0.0162        0.0127  1851386   21.20%
  20669 17112        0.0145    42        0.0162        0.0127  1897579   21.18%
Elapsed time = 58.08 sec. (76793.34 ticks, tree = 38.49 MB, solutions = 6)
  20934 17416        0.0152    49        0.0162        0.0127  1928152   21.18%
  21308 17550        0.0139    54        0.0162        0.0127  1941668   21.17%
  21648 17876        0.0143    53        0.0162        0.0127  1974651   21.17%
  22001 18341        0.0132    48        0.0162        0.0127  2023317   21.16%
  22335 18413        0.0153    20        0.0162        0.0127  2032310   21.15%
  22668 18703        0.0140    55        0.0162        0.0127  2056183   21.15%
  23019 19150        0.0132    53        0.0162        0.0128  2104033   21.14%
  23361 19379        0.0148    25        0.0162        0.0128  2128571   21.14%
  23687 19547        0.0135    51        0.0162        0.0128  2145083   21.12%
  23972 20151        0.0150    16        0.0162        0.0128  2204785   21.12%
Elapsed time = 64.73 sec. (86377.65 ticks, tree = 44.03 MB, solutions = 6)
* 24159+20343                            0.0162        0.0128            21.10%
* 24172+20343                            0.0160        0.0128            20.53%
  24202 20242        0.0144    60        0.0160        0.0128  2211660   20.53%
  24346 20534        0.0141    37        0.0160        0.0128  2247751   20.53%
  24494 20723        0.0136    33        0.0160        0.0128  2264856   20.53%
  24690 20816        0.0144    46        0.0160        0.0128  2272900   20.53%
  24830 21110        cutoff              0.0160        0.0128  2304357   20.53%
  24988 21192        0.0155    52        0.0160        0.0128  2312994   20.53%
  25172 21271        0.0136    48        0.0160        0.0128  2319326   20.53%
  25348 21573        0.0140    50        0.0160        0.0128  2350361   20.53%
  25490 21643        0.0130    48        0.0160        0.0128  2358630   20.53%
* 25561+20343                            0.0160        0.0128            20.20%
  26297 22395        0.0158    24        0.0160        0.0128  2438278   20.20%
Elapsed time = 74.72 sec. (98819.22 ticks, tree = 48.26 MB, solutions = 6)
* 26307+20343                            0.0159        0.0128            19.91%
  27248 23159        0.0142    58        0.0159        0.0128  2520315   19.91%
  28163 24082        0.0137    39        0.0159        0.0128  2622390   19.91%
  29279 24989        0.0133    49        0.0159        0.0128  2708124   19.91%
  30282 25709        0.0140    50        0.0159        0.0128  2779270   19.91%
  31288 26634        0.0156    49        0.0159        0.0128  2871855   19.91%
  32598 27158        0.0146    27        0.0159        0.0128  2965714   19.83%
  33879 28502        0.0139    56        0.0159        0.0128  3103178   19.82%
  35169 29583        0.0153    45        0.0159        0.0128  3216304   19.81%
  36511 30630        0.0139    46        0.0159        0.0128  3330147   19.80%
  37885 32249        0.0134    48        0.0159        0.0128  3494725   19.79%
Elapsed time = 104.00 sec. (136993.96 ticks, tree = 65.86 MB, solutions = 10)
  39186 33308        0.0141    55        0.0159        0.0128  3600115   19.77%
  40601 34608        0.0129    44        0.0159        0.0128  3718549   19.77%
  41979 35531        0.0141    53        0.0159        0.0128  3816852   19.76%
  43281 36847        0.0132    46        0.0159        0.0128  3958708   19.75%
  44645 38098        0.0131    47        0.0159        0.0128  4093138   19.74%
* 44789+37945                            0.0159        0.0128            19.39%
* 44793+37945                            0.0157        0.0128            18.80%
  46037 38491        0.0149    45        0.0157        0.0128  4226544   18.79%
  47493 39667        0.0134    44        0.0157        0.0128  4342700   18.78%
  48948 41018        0.0152    35        0.0157        0.0128  4473277   18.76%
  50354 42329        0.0142    39        0.0157        0.0128  4598247   18.75%
  51803 43630        0.0139    32        0.0157        0.0128  4724766   18.73%
Elapsed time = 130.28 sec. (175177.58 ticks, tree = 87.59 MB, solutions = 12)
  53182 44463        0.0132    41        0.0157        0.0128  4813929   18.72%
  54549 45860        0.0136    43        0.0157        0.0128  4960812   18.72%
  55841 46937        0.0136    38        0.0157        0.0128  5078049   18.70%
  57245 48175        0.0131    45        0.0157        0.0128  5205493   18.70%
  58640 49573        0.0131    42        0.0157        0.0128  5342760   18.69%
  59944 50548        0.0143    27        0.0157        0.0128  5451712   18.68%
  61270 51557        0.0130    46        0.0157        0.0128  5548868   18.68%
  62668 52723        0.0139    36        0.0157        0.0128  5671061   18.67%
  64105 54391        0.0131    40        0.0157        0.0128  5828281   18.66%
  65513 55394        0.0128    43        0.0157        0.0128  5929499   18.65%
Elapsed time = 156.05 sec. (213339.87 ticks, tree = 109.55 MB, solutions = 12)
  66839 56455        0.0135    44        0.0157        0.0128  6045737   18.64%
  68220 57436        0.0132    31        0.0157        0.0128  6148305   18.64%
  69534 59005        0.0132    41        0.0157        0.0128  6312310   18.63%
  70988 60299        0.0135    37        0.0157        0.0128  6436950   18.62%
  72378 61049        0.0137    38        0.0157        0.0128  6514174   18.61%
  73765 62416        0.0141    46        0.0157        0.0128  6653114   18.60%
  75130 63641        0.0141    44        0.0157        0.0128  6779993   18.59%
  76445 65015        0.0136    39        0.0157        0.0128  6926452   18.59%
  77798 65931        0.0132    43        0.0157        0.0128  7014431   18.59%
  79166 67094        0.0149    37        0.0157        0.0128  7145261   18.58%
Elapsed time = 181.25 sec. (251531.15 ticks, tree = 133.96 MB, solutions = 12)
  80560 68182        0.0151    42        0.0157        0.0128  7253265   18.57%
  81927 69351        0.0135    34        0.0157        0.0128  7371121   18.57%
  83309 70706        0.0136    35        0.0157        0.0128  7506497   18.56%
  84787 71854        0.0134    38        0.0157        0.0128  7626440   18.56%
  86194 72998        0.0154    15        0.0157        0.0128  7734373   18.55%
  87628 74380        0.0137    32        0.0157        0.0128  7870881   18.54%
  89059 75688        0.0155    23        0.0157        0.0128  8000842   18.54%
  90467 76834        0.0138    35        0.0157        0.0128  8108268   18.53%
  91776 77846        0.0135    28        0.0157        0.0128  8210978   18.53%

Performing restart 2

Repeating presolve.
Tried aggregator 1 time.
Reduced MIP has 3968 rows, 4686 columns, and 49203 nonzeros.
Reduced MIP has 1164 binaries, 0 generals, 0 SOSs, and 0 indicators.
Presolve time = 0.02 sec. (13.87 ticks)
Tried aggregator 1 time.
Reduced MIP has 3968 rows, 4686 columns, and 49203 nonzeros.
Reduced MIP has 1164 binaries, 0 generals, 0 SOSs, and 0 indicators.
Presolve time = 0.02 sec. (20.45 ticks)
Represolve time = 0.05 sec. (47.40 ticks)
  92118     0        0.0126    55        0.0157       Cuts: 6  8299550   18.53%
  92118     0        0.0126    57        0.0157       Cuts: 4  8299566   18.53%
  92118     0        0.0126    52        0.0157      Fract: 1  8299581   18.53%
  92118     0        0.0126    52        0.0157     Covers: 3  8299595   18.53%
  92118     0        0.0126    52        0.0157     Covers: 2  8299615   18.53%
  92118     0        0.0126    53        0.0157       Cuts: 3  8299634   18.53%
  92118     0        0.0126    53        0.0157       Cuts: 4  8299664   18.53%
  92118     0        0.0126    54        0.0157      Fract: 1  8299676   18.53%
  92118     2        0.0126    54        0.0157        0.0128  8299676   18.53%
Elapsed time = 212.31 sec. (297228.11 ticks, tree = 0.02 MB, solutions = 12)
  92564   383        0.0135    35        0.0157        0.0128  8324122   18.53%
  93490  1170        0.0137    37        0.0157        0.0128  8399973   18.53%
  94630  2080        0.0133    43        0.0157        0.0128  8501386   18.53%
  95796  3164        0.0141    45        0.0157        0.0128  8611976   18.53%
  96922  4090        0.0133    40        0.0157        0.0128  8704198   18.53%
  98075  5091        0.0131    48        0.0157        0.0128  8808149   18.53%
  99336  6084    infeasible              0.0157        0.0128  8903468   18.53%
 100556  6990        0.0138    33        0.0157        0.0128  8990586   18.53%
 101851  8164    infeasible              0.0157        0.0128  9107397   18.53%
 103156  9191        0.0145    38        0.0157        0.0128  9209037   18.53%
Elapsed time = 238.33 sec. (335411.46 ticks, tree = 18.65 MB, solutions = 12)
 104454 10240        0.0136    43        0.0157        0.0128  9310342   18.53%
 105736 11320        0.0142    43        0.0157        0.0128  9413094   18.53%
 106961 12366        0.0130    49        0.0157        0.0128  9517464   18.53%
 108285 13510        0.0135    42        0.0157        0.0128  9638350   18.53%
 109491 14363        0.0132    41        0.0157        0.0128  9723609   18.53%
 110786 15508        0.0139    39        0.0157        0.0128  9836158   18.53%
 112166 16745        0.0135    34        0.0157        0.0128  9956674   18.53%
 113550 18022        0.0141    32        0.0157        0.0128 10069186   18.53%
 114851 19183        0.0134    50        0.0157        0.0128 10175797   18.53%
 116174 20420        0.0137    38        0.0157        0.0128 10289538   18.53%
Elapsed time = 264.80 sec. (373592.41 ticks, tree = 40.34 MB, solutions = 12)
 117458 21417        0.0135    28        0.0157        0.0128 10390760   18.53%
 118832 22687        0.0129    48        0.0157        0.0128 10512237   18.53%
 120196 23503        0.0134    38        0.0157        0.0128 10585414   18.53%
 121595 24904        0.0139    41        0.0157        0.0128 10711304   18.53%
 123015 26163        0.0137    32        0.0157        0.0128 10826377   18.53%
 124311 27247        0.0130    45        0.0157        0.0128 10930478   18.53%
 125604 28542        0.0136    39        0.0157        0.0128 11056239   18.53%
 126910 29661        0.0134    44        0.0157        0.0128 11173864   18.53%
 128128 30725        0.0139    36        0.0157        0.0128 11278074   18.53%
 129337 31798        0.0138    41        0.0157        0.0128 11389838   18.53%
Elapsed time = 290.09 sec. (411768.60 ticks, tree = 61.36 MB, solutions = 12)
 130666 32601        0.0131    35        0.0157        0.0128 11467272   18.53%
 131995 33921        0.0138    35        0.0157        0.0128 11602583   18.53%
 133299 35098        0.0128    49        0.0157        0.0128 11713116   18.53%
 134726 36323        cutoff              0.0157        0.0128 11821125   18.53%
 136033 37549        0.0138    41        0.0157        0.0128 11940150   18.53%
 137439 38578        0.0141    51        0.0157        0.0128 12031684   18.53%
 138805 39675        0.0130    40        0.0157        0.0128 12128285   18.53%
 140175 40872        0.0131    35        0.0157        0.0128 12238902   18.53%
 141603 42408        0.0143    37        0.0157        0.0128 12376293   18.53%
 142969 43420        0.0135    42        0.0157        0.0128 12478447   18.53%
Elapsed time = 315.62 sec. (449961.88 ticks, tree = 86.04 MB, solutions = 12)
 144329 44826        0.0138    41        0.0157        0.0128 12610154   18.53%
 145708 45519        0.0134    46        0.0157        0.0128 12671579   18.53%
 147039 46702        0.0129    40        0.0157        0.0128 12786594   18.53%
 148366 48001        0.0142    21        0.0157        0.0128 12908583   18.53%
 149710 49306        0.0135    36        0.0157        0.0128 13036798   18.53%
 151129 50480        0.0138    49        0.0157        0.0128 13143622   18.53%
 152546 51766        0.0134    40        0.0157        0.0128 13259881   18.53%
 153925 52686        0.0148    24        0.0157        0.0128 13350247   18.52%
 155328 54208        0.0137    44        0.0157        0.0128 13486525   18.51%
 156679 55340        0.0138    34        0.0157        0.0128 13592345   18.50%
Elapsed time = 340.64 sec. (488150.59 ticks, tree = 107.98 MB, solutions = 12)
 158088 56674        0.0140    41        0.0157        0.0128 13719853   18.49%
 159427 57659        0.0137    39        0.0157        0.0128 13810193   18.49%
 160925 59022        0.0140    35        0.0157        0.0128 13933452   18.48%
 162334 60082        0.0137    31        0.0157        0.0128 14031786   18.47%
 163679 61357        0.0130    47        0.0157        0.0128 14145117   18.46%
 165074 62780        0.0136    36        0.0157        0.0128 14282888   18.45%
 166506 63816        0.0129    48        0.0157        0.0128 14378954   18.44%
 167837 64928        0.0130    46        0.0157        0.0128 14479590   18.44%
 169262 66302        0.0129    41        0.0157        0.0128 14614996   18.43%
 170645 67560        0.0132    35        0.0157        0.0128 14732774   18.42%
Elapsed time = 366.03 sec. (526327.14 ticks, tree = 132.82 MB, solutions = 12)
 172089 68739        0.0130    52        0.0157        0.0128 14842452   18.41%
 173414 69556        0.0139    45        0.0157        0.0128 14916466   18.41%
 174959 71230        0.0135    43        0.0157        0.0128 15064997   18.40%
 176383 72549        0.0135    46        0.0157        0.0128 15183520   18.40%
 177684 73389        0.0155    35        0.0157        0.0128 15263876   18.39%
 179057 74792        0.0133    37        0.0157        0.0128 15403667   18.38%
 180511 76050        0.0144    23        0.0157        0.0128 15516857   18.38%
 181906 77031        0.0144    28        0.0157        0.0128 15612939   18.37%
 183305 78305        0.0135    30        0.0157        0.0128 15725967   18.37%
 184747 79539        0.0133    52        0.0157        0.0128 15837220   18.36%
Elapsed time = 391.56 sec. (564526.20 ticks, tree = 154.50 MB, solutions = 12)
 186141 80703        0.0140    40        0.0157        0.0129 15941092   18.35%
 187533 81881        0.0130    37        0.0157        0.0129 16046860   18.35%
 188887 83272        cutoff              0.0157        0.0129 16186957   18.34%
 190263 84414        0.0136    43        0.0157        0.0129 16290090   18.34%
 191659 85665        0.0144    41        0.0157        0.0129 16408788   18.33%
 192994 87090    infeasible              0.0157        0.0129 16545047   18.33%
 194336 88030        0.0140    35        0.0157        0.0129 16638004   18.32%
 195685 89039        0.0138    41        0.0157        0.0129 16737085   18.32%
 197128 90403        0.0139    31        0.0157        0.0129 16868539   18.31%
 198565 91441        0.0143    36        0.0157        0.0129 16965598   18.31%
Elapsed time = 416.84 sec. (602696.36 ticks, tree = 177.13 MB, solutions = 12)
 199927 92859        0.0133    42        0.0157        0.0129 17097529   18.30%
 201386 94146        0.0136    44        0.0157        0.0129 17216462   18.30%
 202808 95575        0.0134    41        0.0157        0.0129 17346168   18.29%
 204185 96656        0.0134    32        0.0157        0.0129 17449624   18.29%
 205675 97899        0.0138    39        0.0157        0.0129 17564565   18.28%
 207219 99246        0.0146    23        0.0157        0.0129 17683433   18.28%
 208676 100587        0.0148    42        0.0157        0.0129 17799383   18.27%
 210111 101598        0.0130    38        0.0157        0.0129 17890601   18.27%
 211435 102796        0.0137    36        0.0157        0.0129 18009950   18.26%
 212823 103980        0.0133    45        0.0157        0.0129 18128568   18.26%
Elapsed time = 441.88 sec. (640874.51 ticks, tree = 199.77 MB, solutions = 12)
 214156 105343        0.0138    41        0.0157        0.0129 18259339   18.25%
 215629 106367        0.0136    38        0.0157        0.0129 18356341   18.25%
 217126 107431        0.0130    49        0.0157        0.0129 18454696   18.24%
 218534 108712        0.0133    35        0.0157        0.0129 18578543   18.24%
 219967 110403        0.0139    41        0.0157        0.0129 18727585   18.24%
 221389 111586        0.0149    23        0.0157        0.0129 18837946   18.23%
 222846 112916        0.0140    36        0.0157        0.0129 18966708   18.23%
 224225 113873        0.0133    45        0.0157        0.0129 19059732   18.22%
 225475 115269        0.0138    42        0.0157        0.0129 19185748   18.22%
 227040 116461        0.0132    40        0.0157        0.0129 19290586   18.21%
Elapsed time = 466.80 sec. (679045.34 ticks, tree = 222.36 MB, solutions = 12)
 228504 117530        0.0140    45        0.0157        0.0129 19382921   18.21%
 229965 118577        0.0135    32        0.0157        0.0129 19481189   18.20%
 231297 120128        0.0138    25        0.0157        0.0129 19632788   18.20%
 232720 121131        0.0138    41        0.0157        0.0129 19724613   18.19%
 234154 122775        0.0143    35        0.0157        0.0129 19878595   18.19%
 235645 123878        0.0156    31        0.0157        0.0129 19979010   18.18%
 237003 124766        0.0136    40        0.0157        0.0129 20061899   18.18%
 238416 126301        0.0140    35        0.0157        0.0129 20210831   18.18%
 239808 127497        0.0147    24        0.0157        0.0129 20329376   18.18%
 241269 128700        0.0133    46        0.0157        0.0129 20438010   18.17%
Elapsed time = 491.97 sec. (717229.30 ticks, tree = 244.53 MB, solutions = 12)
 242732 130314        0.0130    44        0.0157        0.0129 20579015   18.17%
 244237 130993        0.0136    41        0.0157        0.0129 20639812   18.16%
 245665 132508        0.0140    49        0.0157        0.0129 20780801   18.16%
 247093 133927        0.0130    39        0.0157        0.0129 20914920   18.16%
 248453 135142        cutoff              0.0157        0.0129 21032293   18.15%
 249875 136297        0.0139    38        0.0157        0.0129 21143596   18.15%
 251339 137619        0.0145    47        0.0157        0.0129 21263656   18.15%
 252798 138744        cutoff              0.0157        0.0129 21363969   18.14%
 254186 139975        0.0139    39        0.0157        0.0129 21478890   18.14%
 255603 141224        0.0155    18        0.0157        0.0129 21598120   18.14%
Elapsed time = 516.80 sec. (755399.53 ticks, tree = 270.19 MB, solutions = 12)
 257084 142692        0.0138    31        0.0157        0.0129 21725300   18.13%
 258538 143809        0.0138    42        0.0157        0.0129 21828621   18.13%
 260052 145090        0.0151    35        0.0157        0.0129 21945917   18.12%
 261348 145972        cutoff              0.0157        0.0129 22025979   18.12%
 262790 147769        0.0139    39        0.0157        0.0129 22199896   18.12%
 264248 148706        0.0132    46        0.0157        0.0129 22288133   18.11%
 265620 150351        0.0134    48        0.0157        0.0129 22442186   18.11%
 266924 151322        0.0134    42        0.0157        0.0129 22542547   18.11%
 268324 152314        0.0136    42        0.0157        0.0129 22634213   18.10%
 269302 153373        0.0141    41        0.0157        0.0129 22738213   18.10%
Elapsed time = 542.30 sec. (793590.68 ticks, tree = 292.15 MB, solutions = 12)
 269963 154271        0.0137    33        0.0157        0.0129 22822972   18.10%
 270587 154564        0.0138    43        0.0157        0.0129 22849452   18.10%
 271264 155234        0.0133    42        0.0157        0.0129 22914934   18.10%
 272210 155766        0.0138    43        0.0157        0.0129 22964947   18.09%
 272865 156640        0.0141    37        0.0157        0.0129 23042825   18.09%
 273684 157196        0.0130    43        0.0157        0.0129 23090718   18.09%
 274415 157775        0.0139    35        0.0157        0.0129 23142107   18.09%
 275200 158673        0.0136    49        0.0157        0.0129 23223525   18.08%
 275814 159221        0.0142    50        0.0157        0.0129 23273831   18.08%
 276397 159802        0.0135    38        0.0157        0.0129 23331554   18.08%
Elapsed time = 570.41 sec. (831759.80 ticks, tree = 305.46 MB, solutions = 12)
 277038 160341        0.0133    31        0.0157        0.0129 23387519   18.08%
 277529 160517        0.0134    42        0.0157        0.0129 23400411   18.08%
 278157 161138        0.0141    19        0.0157        0.0129 23460984   18.08%
 278868 161831        0.0136    44        0.0157        0.0129 23526421   18.08%
 279574 162268        0.0145    23        0.0157        0.0129 23565346   18.07%
 280318 162881        0.0138    40        0.0157        0.0129 23626236   18.07%
 281074 163620        0.0138    39        0.0157        0.0129 23691987   18.07%
 281726 164293        0.0132    45        0.0157        0.0129 23746820   18.07%
 282419 164928        0.0139    35        0.0157        0.0129 23801711   18.07%
 283223 165532        0.0139    41        0.0157        0.0129 23855722   18.07%
Elapsed time = 598.50 sec. (870061.88 ticks, tree = 315.91 MB, solutions = 12)

Cover cuts applied:  8
Mixed integer rounding cuts applied:  14
Gomory fractional cuts applied:  2

Root node processing (before b&c):
  Real time             =    1.36 sec. (1518.74 ticks)
Parallel b&c, 4 threads:
  Real time             =  598.66 sec. (870724.08 ticks)
  Sync time (average)   =   25.41 sec.
  Wait time (average)   =    0.00 sec.
                          ------------
Total (root+branch&cut) =  600.02 sec. (872242.82 ticks)
