Version identifier: 22.2.0.0 | 2026-05-04 | 5dff98e58
CPXPARAM_Read_DataCheck                          1
CPXPARAM_Threads                                 4
CPXPARAM_Parallel                                1
CPXPARAM_RandomSeed                              20260925
CPXPARAM_Simplex_Tolerances_Optimality           1.0000000000000001e-09
CPXPARAM_Simplex_Tolerances_Feasibility          1.0000000000000001e-09
CPXPARAM_TimeLimit                               600
CPXPARAM_MIP_Tolerances_AbsMIPGap                1.0000000000000001e-09
CPXPARAM_MIP_Tolerances_Integrality              1.0000000000000001e-09
Legacy callback                                  i
Tried aggregator 2 times.
MIP Presolve eliminated 73 rows and 2 columns.
MIP Presolve modified 300 coefficients.
Aggregator did 3 substitutions.
Reduced MIP has 371 rows, 393 columns, and 2049 nonzeros.
Reduced MIP has 96 binaries, 0 generals, 0 SOSs, and 0 indicators.
Presolve time = 0.00 sec. (1.61 ticks)
Probing time = 0.00 sec. (0.07 ticks)
Tried aggregator 1 time.
Detecting symmetries...
MIP Presolve modified 66 coefficients.
Reduced MIP has 371 rows, 393 columns, and 2049 nonzeros.
Reduced MIP has 96 binaries, 0 generals, 0 SOSs, and 0 indicators.
Presolve time = 0.00 sec. (0.93 ticks)
Probing time = 0.00 sec. (0.07 ticks)
MIP emphasis: balance optimality and feasibility.
MIP search method: dynamic search.
Parallel mode: deterministic, using up to 4 threads.
Root relaxation solution time = 0.00 sec. (1.33 ticks)

        Nodes                                         Cuts/
   Node  Left     Objective  IInf  Best Integer    Best Bound    ItCnt     Gap

      0     0        0.0169     8                      0.0169      117         
      0     0        0.0169    11                    Cuts: 14      154         
      0     0        0.0169     8                     Cuts: 7      178         
      0     0        0.0169    16                    Cuts: 13      229         
Detecting symmetries...
      0     2        0.0169    13                      0.0169      229         
Elapsed time = 0.11 sec. (121.29 ticks, tree = 0.02 MB, solutions = 0)
*   291   182      integral     0        0.0175        0.0170     4367    2.74%

Cover cuts applied:  3
Mixed integer rounding cuts applied:  17
Lift and project cuts applied:  4

Root node processing (before b&c):
  Real time             =    0.11 sec. (121.11 ticks)
Parallel b&c, 4 threads:
  Real time             =    0.06 sec. (53.62 ticks)
  Sync time (average)   =    0.00 sec.
  Wait time (average)   =    0.00 sec.
                          ------------
Total (root+branch&cut) =    0.17 sec. (174.73 ticks)
