Version identifier: 22.2.0.0 | 2026-05-04 | 5dff98e58
CPXPARAM_Read_DataCheck                          1
CPXPARAM_Threads                                 4
CPXPARAM_Parallel                                1
CPXPARAM_RandomSeed                              20260925
CPXPARAM_Simplex_Tolerances_Optimality           1.0000000000000001e-09
CPXPARAM_Simplex_Tolerances_Feasibility          1.0000000000000001e-09
CPXPARAM_TimeLimit                               600
CPXPARAM_MIP_Tolerances_AbsMIPGap                1.0000000000000001e-09
CPXPARAM_MIP_Tolerances_Integrality              1.0000000000000001e-09
Legacy callback                                  i
2 of 3 MIP starts provided solutions.
MIP start 'm3' defined initial solution with objective 0.0572.
Tried aggregator 1 time.
MIP Presolve eliminated 3105 rows and 4 columns.
MIP Presolve modified 3120 coefficients.
Reduced MIP has 3895 rows, 4830 columns, and 38562 nonzeros.
Reduced MIP has 1200 binaries, 0 generals, 0 SOSs, and 0 indicators.
Presolve time = 0.05 sec. (33.78 ticks)
Probing time = 0.00 sec. (0.58 ticks)
Tried aggregator 1 time.
Detecting symmetries...
MIP Presolve modified 120 coefficients.
Reduced MIP has 3895 rows, 4830 columns, and 38562 nonzeros.
Reduced MIP has 1200 binaries, 0 generals, 0 SOSs, and 0 indicators.
Presolve time = 0.02 sec. (21.05 ticks)
Probing time = 0.00 sec. (0.65 ticks)
MIP emphasis: balance optimality and feasibility.
MIP search method: dynamic search.
Parallel mode: deterministic, using up to 4 threads.
Root relaxation solution time = 0.05 sec. (59.60 ticks)

        Nodes                                         Cuts/
   Node  Left     Objective  IInf  Best Integer    Best Bound    ItCnt     Gap

*     0+    0                            0.0572        0.0000           100.00%
      0     0        0.0506    34        0.0572        0.0506     1050   11.56%
      0     0        0.0506    18        0.0572      Cuts: 55     1156   11.56%
      0     0        0.0506    20        0.0572   MIRcuts: 24     1212   11.56%
*     0+    0                            0.0553        0.0506             8.45%
      0     0        0.0506    15        0.0553    MIRcuts: 9     1237    8.45%
      0     0        0.0506    17        0.0553   MIRcuts: 11     1295    8.45%
      0     2        0.0506    15        0.0553        0.0506     1295    8.45%
Elapsed time = 0.62 sec. (575.32 ticks, tree = 0.02 MB, solutions = 3)
*    20+    2                            0.0553        0.0506             8.45%
     20     4        0.0508    21        0.0553        0.0506     1675    8.45%
    109    72        0.0519    19        0.0553        0.0506     7446    8.45%
    181   106        0.0506    23        0.0553        0.0506    13900    8.45%
    258   149        0.0515    23        0.0553        0.0506    21263    8.45%
    353   202        0.0520    21        0.0553        0.0506    27477    8.44%
    460   235        cutoff              0.0553        0.0506    33582    8.44%
    575   283        0.0511    28        0.0553        0.0508    40586    8.10%
    665   322        cutoff              0.0553        0.0508    51330    8.10%
    733   349        0.0511    30        0.0553        0.0509    60929    7.91%
   1042   376    infeasible              0.0553        0.0511    92188    7.65%
Elapsed time = 3.33 sec. (3717.50 ticks, tree = 2.02 MB, solutions = 4)
   1307   317        0.0526    27        0.0553        0.0513   129740    7.29%
   1744   505        0.0547    20        0.0553        0.0516   167031    6.65%
   2206   677        0.0527    23        0.0553        0.0516   193613    6.65%
   2769   973        0.0520    33        0.0553        0.0519   230662    6.13%
   3581  1317        0.0543     5        0.0553        0.0522   261858    5.62%

Performing restart 1

Repeating presolve.
Tried aggregator 1 time.
MIP Presolve modified 30 coefficients.
Reduced MIP has 3895 rows, 4830 columns, and 38562 nonzeros.
Reduced MIP has 1200 binaries, 0 generals, 0 SOSs, and 0 indicators.
Presolve time = 0.02 sec. (11.51 ticks)
Tried aggregator 1 time.
Reduced MIP has 3895 rows, 4830 columns, and 38562 nonzeros.
Reduced MIP has 1200 binaries, 0 generals, 0 SOSs, and 0 indicators.
Presolve time = 0.02 sec. (21.16 ticks)
Represolve time = 0.03 sec. (39.79 ticks)
   3680     0        0.0506    48        0.0553      Cuts: 44   278097    5.59%
   3680     0        0.0506    43        0.0553      Cuts: 13   278434    5.59%
   3680     0        0.0507    41        0.0553      Cuts: 25   278548    5.59%
   3680     0        0.0507    36        0.0553   MIRcuts: 14   278589    5.59%
   3680     0        0.0507    40        0.0553      Cuts: 20   278653    5.59%
   3680     0        0.0507    44        0.0553      Cuts: 12   278791    5.59%
*  3680+    0                            0.0553        0.0522             5.57%
   3680     0  -1.00000e+75     0        0.0553        0.0522   278791    5.57%
   3680     2        0.0507    39        0.0553        0.0522   278791    5.57%
*  3682+    1                            0.0553        0.0522             5.56%
*  3693+    3                            0.0553        0.0522             5.56%
   3782    40        cutoff              0.0553        0.0522   288244    5.56%
   4052   132    infeasible              0.0553        0.0522   305858    5.56%
   4317   168        0.0552     6        0.0553        0.0523   333004    5.29%
*  4383+  163                            0.0553        0.0524             5.24%
*  4630+  249                            0.0553        0.0528             4.44%
   4900   324        cutoff              0.0553        0.0530   354547    4.13%
Elapsed time = 13.39 sec. (16728.07 ticks, tree = 3.55 MB, solutions = 9)
   5597   690        0.0542    12        0.0553        0.0532   380784    3.70%
   6317   993        cutoff              0.0553        0.0542   397775    1.83%
   6952  1233        0.0542    10        0.0553        0.0542   424271    1.83%
   7562  1420        0.0542     8        0.0553        0.0542   450863    1.83%
   8167  1537        cutoff              0.0553        0.0542   474045    1.83%
   8756  1619        0.0543     8        0.0553        0.0542   503166    1.83%
   9399  1729        0.0543     8        0.0553        0.0542   531310    1.82%
  10018  1735        cutoff              0.0553        0.0543   560160    1.82%
  10587  1760        cutoff              0.0553        0.0543   586283    1.77%
  11249  1723        cutoff              0.0553        0.0543   614149    1.77%
Elapsed time = 20.39 sec. (26277.63 ticks, tree = 34.49 MB, solutions = 9)
  11927  1683        cutoff              0.0553        0.0543   643386    1.76%
  12570  1699        cutoff              0.0553        0.0543   665114    1.71%
  13192  1679        0.0544     8        0.0553        0.0544   694490    1.54%
  13838  1698        cutoff              0.0553        0.0544   720324    1.53%
  14429  1636        0.0544     8        0.0553        0.0544   745938    1.53%
  15011  1460        0.0544     6        0.0553        0.0544   777456    1.53%
  15698  1362        0.0544    10        0.0553        0.0544   806357    1.48%
  16380  1103        0.0552    11        0.0553        0.0545   840487    1.30%
  17236   679        0.0552    12        0.0553        0.0551   870518    0.23%
  18186   789        cutoff              0.0553        0.0552   883511    0.18%
Elapsed time = 27.47 sec. (35826.62 ticks, tree = 11.44 MB, solutions = 9)
  19111   939        0.0552     9        0.0553        0.0552   904094    0.08%
  20160   982        cutoff              0.0553        0.0552   923772    0.08%
  21216   924        0.0552     6        0.0553        0.0552   942940    0.08%
  22299   784        cutoff              0.0553        0.0552   971993    0.07%
  23398   880        0.0552     9        0.0553        0.0552   985429    0.06%
  24478   972        0.0552     7        0.0553        0.0552  1004179    0.05%
  25643  1070        cutoff              0.0553        0.0552  1029068    0.05%
  26812  1135        0.0552     4        0.0553        0.0552  1050155    0.05%
  27837  1200        cutoff              0.0553        0.0552  1076959    0.05%
  28412  1214        cutoff              0.0553        0.0552  1086750    0.05%
Elapsed time = 35.17 sec. (45370.63 ticks, tree = 13.11 MB, solutions = 9)
  29063  1237        0.0552    10        0.0553        0.0552  1091982    0.05%
  29729  1224        0.0552     4        0.0553        0.0552  1105955    0.05%
  30336  1228        0.0552    11        0.0553        0.0552  1119568    0.05%
  30972  1240        cutoff              0.0553        0.0552  1129785    0.05%
  31588  1175        0.0552    12        0.0553        0.0552  1139804    0.05%
  32252  1161        cutoff              0.0553        0.0552  1149849    0.05%
  32885  1137        cutoff              0.0553        0.0552  1158657    0.05%
  33545  1109        0.0552     6        0.0553        0.0552  1176564    0.05%
  34253  1049        cutoff              0.0553        0.0552  1185788    0.05%
  34891   985        cutoff              0.0553        0.0552  1194847    0.05%
Elapsed time = 43.56 sec. (54921.19 ticks, tree = 9.18 MB, solutions = 9)
  35547   872        0.0552     4        0.0553        0.0552  1208437    0.05%
  36235   768        cutoff              0.0553        0.0552  1217996    0.05%
  36939   619        0.0552     4        0.0553        0.0552  1229638    0.05%
  37612   517        cutoff              0.0553        0.0552  1237643    0.05%
  38289   310        cutoff              0.0553        0.0552  1250414    0.05%
  38858   192        cutoff              0.0553        0.0552  1260461    0.05%
  39632    77        cutoff              0.0553        0.0552  1272955    0.05%

Cover cuts applied:  19
Flow cuts applied:  1
Mixed integer rounding cuts applied:  22
Gomory fractional cuts applied:  1

Root node processing (before b&c):
  Real time             =    0.62 sec. (573.57 ticks)
Parallel b&c, 4 threads:
  Real time             =   50.39 sec. (61403.36 ticks)
  Sync time (average)   =    3.71 sec.
  Wait time (average)   =    0.00 sec.
                          ------------
Total (root+branch&cut) =   51.02 sec. (61976.93 ticks)
