Version identifier: 22.2.0.0 | 2026-05-04 | 5dff98e58
CPXPARAM_Read_DataCheck                          1
CPXPARAM_Threads                                 4
CPXPARAM_Parallel                                1
CPXPARAM_RandomSeed                              20260925
CPXPARAM_MIP_Strategy_Search                     1
CPXPARAM_Simplex_Tolerances_Optimality           1.0000000000000001e-09
CPXPARAM_Simplex_Tolerances_Feasibility          1.0000000000000001e-09
CPXPARAM_TimeLimit                               600
CPXPARAM_MIP_Tolerances_AbsMIPGap                1.0000000000000001e-09
CPXPARAM_MIP_Tolerances_Integrality              1.0000000000000001e-09
Legacy callback                                  iLUD
Lazy constraint(s) or lazy constraint/branch callback is present.
    Disabling dual reductions (CPX_PARAM_REDUCE) in presolve.
    Disabling presolve reductions that prevent crushing forms (CPX_PARAM_PREREFORM).
         Disabling repeat represolve because of lazy constraint/incumbent callback.
Warning: Effort level 'CheckFeas' is incompatible with lazy constraint/incumbent callback.
         Effort level increased to 'SolveFixed'.
1 of 1 MIP starts provided solutions.
MIP start 'm1' defined initial solution with objective -0.1976.
Tried aggregator 1 time.
MIP Presolve eliminated 40 rows and 0 columns.
Reduced MIP has 254 rows, 278 columns, and 1580 nonzeros.
Reduced MIP has 132 binaries, 0 generals, 0 SOSs, and 0 indicators.
Presolve time = 0.00 sec. (0.78 ticks)
Probing time = 0.00 sec. (0.06 ticks)
MIP emphasis: balance optimality and feasibility.
MIP search method: traditional branch-and-cut.
Parallel mode: deterministic, using up to 4 threads.
Root relaxation solution time = 0.00 sec. (4.18 ticks)

        Nodes                                         Cuts/
   Node  Left     Objective  IInf  Best Integer    Best Bound    ItCnt     Gap         Variable B NodeID Parent  Depth

*     0+    0                           -0.1976       -0.7809           295.16%
      0     0       -0.2679    21       -0.1976       -0.2679      299   35.54%
      0     0       -0.2677    26       -0.1976       Cuts: 7      305   35.46%
      0     0       -0.2668    31       -0.1976    MIRcuts: 2      338   34.99%
*     0+    0                           -0.2143       -0.2668            24.49%
      0     0       -0.2654    37       -0.2143       Cuts: 4      362   23.85%
*     0+    0                           -0.2333       -0.2654            13.74%
      0     0       -0.2644    37       -0.2333       Cuts: 4      387   13.30%
*     0+    0                           -0.2429       -0.2644             8.85%
*     0+    0                           -0.2452       -0.2644             7.80%
*     0+    0                           -0.2476       -0.2644             6.76%
      0     0  -1.00000e+75     0       -0.2476       -0.2644      387    6.76%
      0     2       -0.2644    37       -0.2476       -0.2644      387    6.76%                        0             0
Elapsed time = 0.08 sec. (44.69 ticks, tree = 0.02 MB, solutions = 6)
*     1+    1                           -0.2571       -0.2644             2.80%
*     1+    1                           -0.2595       -0.2644             1.86%

Flow cuts applied:  1
Mixed integer rounding cuts applied:  8
User cuts applied:  1

Root node processing (before b&c):
  Real time             =    0.08 sec. (44.52 ticks)
Parallel b&c, 4 threads:
  Real time             =    0.03 sec. (22.65 ticks)
  Sync time (average)   =    0.01 sec.
  Wait time (average)   =    0.00 sec.
                          ------------
Total (root+branch&cut) =    0.11 sec. (67.18 ticks)
