Version identifier: 22.2.0.0 | 2026-05-04 | 5dff98e58
CPXPARAM_Read_DataCheck                          1
CPXPARAM_Threads                                 4
CPXPARAM_Parallel                                1
CPXPARAM_RandomSeed                              20260925
CPXPARAM_MIP_Strategy_Search                     1
CPXPARAM_Simplex_Tolerances_Optimality           1.0000000000000001e-09
CPXPARAM_Simplex_Tolerances_Feasibility          1.0000000000000001e-09
CPXPARAM_TimeLimit                               600
CPXPARAM_MIP_Tolerances_AbsMIPGap                1.0000000000000001e-09
CPXPARAM_MIP_Tolerances_Integrality              1.0000000000000001e-09
Legacy callback                                  iLUD
Lazy constraint(s) or lazy constraint/branch callback is present.
    Disabling dual reductions (CPX_PARAM_REDUCE) in presolve.
    Disabling presolve reductions that prevent crushing forms (CPX_PARAM_PREREFORM).
         Disabling repeat represolve because of lazy constraint/incumbent callback.
Warning: Effort level 'CheckFeas' is incompatible with lazy constraint/incumbent callback.
         Effort level increased to 'SolveFixed'.
1 of 1 MIP starts provided solutions.
MIP start 'm1' defined initial solution with objective -0.1806.
Tried aggregator 1 time.
MIP Presolve eliminated 3106 rows and 0 columns.
Reduced MIP has 1469 rows, 2432 columns, and 14799 nonzeros.
Reduced MIP has 1200 binaries, 0 generals, 0 SOSs, and 0 indicators.
Presolve time = 0.02 sec. (11.78 ticks)
Probing time = 0.00 sec. (0.25 ticks)
MIP emphasis: balance optimality and feasibility.
MIP search method: traditional branch-and-cut.
Parallel mode: deterministic, using up to 4 threads.
Root relaxation solution time = 0.05 sec. (35.92 ticks)

        Nodes                                         Cuts/
   Node  Left     Objective  IInf  Best Integer    Best Bound    ItCnt     Gap         Variable B NodeID Parent  Depth

*     0+    0                           -0.1806       -0.6489           259.38%
      0     0       -0.2347    36       -0.1806       -0.2347     1155   30.00%
*     0+    0                           -0.2000       -0.2347            17.36%
      0     0       -0.2347    27       -0.2000      Fract: 1     1156   17.36%
*     0+    0                           -0.2056       -0.2347            14.19%
*     0+    0                           -0.2222       -0.2347             5.62%
*     0+    0                           -0.2250       -0.2347             4.32%
*     0+    0                           -0.2264       -0.2347             3.68%
      0     0  -1.00000e+75     0       -0.2264       -0.2347     1156    3.68%
      0     2       -0.2347    26       -0.2264       -0.2347     1156    3.68%                        0             0
Elapsed time = 1.23 sec. (458.82 ticks, tree = 0.02 MB, solutions = 6)
*    22+    3                           -0.2292       -0.2333             1.82%
     39    26       -0.2333    22       -0.2292       -0.2333     5019    1.82%            x730 D     18     14      6
    110    83       -0.2329    49       -0.2292       -0.2333     9428    1.82%             x63 D     69     65     17
*   179+  123                           -0.2306       -0.2333             1.20%
    212   138       -0.2333    24       -0.2306       -0.2333    17336    1.20%             x95 D    279    275     30
    392   291       -0.2321    39       -0.2306       -0.2333    25027    1.20%            x887 U    288    284     25
    662   425       -0.2328    15       -0.2306       -0.2333    29250    1.20%            x174 D    669    665     32
    865   609       -0.2318    30       -0.2306       -0.2333    36218    1.20%            x174 D    894    890     46
   1089   756       -0.2333    22       -0.2306       -0.2333    44203    1.20%            x462 D   1130   1126     13
   1390   967       -0.2318    12       -0.2306       -0.2333    53665    1.20%            x669 D   1427   1423     37
   1728  1328       -0.2329    34       -0.2306       -0.2333    64365    1.20%            x667 D   1741   1729     27
   3198  2414       -0.2333    25       -0.2306       -0.2333   102606    1.20%            x899 D   3189   3185     16
Elapsed time = 26.61 sec. (3574.45 ticks, tree = 27.25 MB, solutions = 8)
   4821  3606       -0.2310    22       -0.2306       -0.2333   139962    1.20%            x762 D   4999   4991     55
   6818  5192       -0.2330    18       -0.2306       -0.2333   179823    1.20%            x222 D   7002   6998     17
   8925  6893       -0.2308    42       -0.2306       -0.2333   222566    1.20%            x534 D   9531   9527     69
  11241  8522       -0.2326    33       -0.2306       -0.2333   261988    1.20%            x587 D  11426  11418     30
  13064 10004       -0.2316    31       -0.2306       -0.2333   304344    1.20%            x330 D  13506  13502     39
  14919 11472       -0.2316    26       -0.2306       -0.2333   344485    1.20%            x831 U  14241  14237     49
  16509 12826       -0.2314    44       -0.2306       -0.2333   382526    1.20%            x216 U  16728  16720     28
  18637 14591       -0.2333    22       -0.2306       -0.2333   421678    1.20%             x15 D  18465  18461     12
  20424 15734       -0.2331    47       -0.2306       -0.2333   455694    1.20%            x585 U  20277  20269     31
  22319 16989       -0.2333    35       -0.2306       -0.2333   497931    1.20%            x663 D  22200  22196     36
Elapsed time = 150.16 sec. (13122.63 ticks, tree = 204.68 MB, solutions = 8)
  23985 18351       -0.2330    29       -0.2306       -0.2333   544791    1.20%            x828 U  23753  22836     24
  25634 19609       -0.2324    29       -0.2306       -0.2333   583754    1.20%             x63 U  26250  26246     27
  27264 20975        cutoff             -0.2306       -0.2333   627030    1.20%            x186 U  27047  27039     55
  28805 22065       -0.2311    22       -0.2306       -0.2333   668603    1.20%            x681 D  28089  28085     43
  30253 23048       -0.2309    29       -0.2306       -0.2333   707802    1.20%            x210 D  30602  30598     56
  31734 24175       -0.2321    37       -0.2306       -0.2333   748778    1.20%            x735 D  31001  30997     41
  33088 25077       -0.2308    19       -0.2306       -0.2333   782508    1.20%            x892 U  32533  32525     68
  34526 26315       -0.2333    22       -0.2306       -0.2333   829028    1.20%            x820 D  35180  35176     74
  36148 27356       -0.2333    41       -0.2306       -0.2333   861688    1.20%            x675 D  36620  36616     17
  37802 28716       -0.2333    28       -0.2306       -0.2333   902933    1.20%            x840 D  37458  37454     16
Elapsed time = 249.66 sec. (22669.50 ticks, tree = 348.61 MB, solutions = 8)
  39462 29889       -0.2319    19       -0.2306       -0.2333   942409    1.20%            x690 D  39712  39708     44
  40722 30710       -0.2333    20       -0.2306       -0.2333   972859    1.20%            x728 U  41332  30485     38
  42480 32083       -0.2331    29       -0.2306       -0.2333  1019740    1.20%            x894 D  42936  42932     45
  44276 33508       -0.2321    34       -0.2306       -0.2333  1056709    1.20%            x882 D  43771  43767     43
  45956 34810       -0.2310    29       -0.2306       -0.2333  1095859    1.20%             x81 D  45982  45978     30
  47746 36272       -0.2324    39       -0.2306       -0.2333  1137732    1.20%            x893 D  47785  47781     48
  49598 37053       -0.2330    17       -0.2306       -0.2333  1162604    1.20%            x162 D  48859  48855     56
  51256 38967       -0.2319    18       -0.2306       -0.2333  1214612    1.20%            x168 U  51414  51406     39
  52992 40244       -0.2333    20       -0.2306       -0.2333  1253895    1.20%            x731 D  53740  53736     36
  54822 41510       -0.2333    10       -0.2306       -0.2333  1289361    1.20%            x777 D  55512  55508     50
Elapsed time = 353.83 sec. (32210.92 ticks, tree = 507.20 MB, solutions = 8)
  56659 43232       -0.2330    28       -0.2306       -0.2333  1336565    1.20%            x216 D  57464  57460     47
  58512 44466       -0.2318    24       -0.2306       -0.2333  1371692    1.20%            x739 D  59016  59012     56
  60488 45773       -0.2328    31       -0.2306       -0.2333  1405771    1.20%            x180 D  60616  60612     40
  62459 47268       -0.2319    16       -0.2306       -0.2333  1438723    1.20%            x240 U  62744  62736     57
  64393 48811       -0.2319    14       -0.2306       -0.2333  1483765    1.20%            x216 D  64574  64570     65
  66365 50174       -0.2319    20       -0.2306       -0.2333  1522800    1.20%            x216 U  66000  65992     56
  68648 51832       -0.2322    47       -0.2306       -0.2333  1558584    1.20%            x587 U  68253  68249     50
  70460 53124       -0.2319    12       -0.2306       -0.2333  1594524    1.20%            x174 U  69861  69857     55
  72290 54365       -0.2330    38       -0.2306       -0.2333  1630116    1.20%            x754 D  71673  71669     43
  74339 55856       -0.2330    22       -0.2306       -0.2333  1666741    1.20%            x180 D  74942  74938     51
Elapsed time = 464.69 sec. (41753.17 ticks, tree = 681.92 MB, solutions = 8)
  76427 57695       -0.2314    15       -0.2306       -0.2333  1710369    1.20%            x210 D  75724  75720     71
  78299 59098       -0.2328    45       -0.2306       -0.2333  1747772    1.20%             x63 U  77401  77397     57
  80204 60235       -0.2319    10       -0.2306       -0.2333  1776877    1.20%            x216 D  79720  79716     34
  82100 61757       -0.2332    43       -0.2306       -0.2333  1818577    1.20%            x240 D  80853  80849     44
  83786 63071       -0.2310    33       -0.2306       -0.2333  1851626    1.20%            x472 D  83512  83504     66
  85704 64668       -0.2330    22       -0.2306       -0.2333  1895151    1.20%            x216 D  85999  85995     57
  87301 65751       -0.2332    40       -0.2306       -0.2333  1925086    1.20%            x759 U  86033  85825     30
  87956 66451       -0.2322     9       -0.2306       -0.2333  1943564    1.20%            x689 D  88231  88227     36
  88399 66538       -0.2312    33       -0.2306       -0.2333  1946207    1.20%            x721 D  87201  87197     46
  88968 67098       -0.2312    43       -0.2306       -0.2333  1963134    1.20%            x828 U  88276  88268     51
Elapsed time = 559.75 sec. (51401.50 ticks, tree = 822.64 MB, solutions = 8)
  89299 67365       -0.2311    38       -0.2306       -0.2333  1968893    1.20%            x386 D  89200  89196     55
  89599 67537       -0.2326    32       -0.2306       -0.2333  1973584    1.20%            x240 D  89603  89599     45
  90136 68018       -0.2316    47       -0.2306       -0.2333  1986317    1.20%            x767 D  90151  90147     66
  90499 67991       -0.2324    23       -0.2306       -0.2333  1985437    1.20%            x234 D  91202  91198     56
  91091 68741       -0.2329    29       -0.2306       -0.2333  2005433    1.20%             x89 D  92168  91616     24
  91798 69271       -0.2309    57       -0.2306       -0.2333  2020383    1.20%            x729 D  93046  93042     66
  92816 70240       -0.2319     8       -0.2306       -0.2333  2049745    1.20%            x216 D  92843  92839     33
  93799 70901       -0.2333     6       -0.2306       -0.2333  2067786    1.20%            x425 D  94494  94370     29
  94960 71115       -0.2324    33       -0.2306       -0.2333  2075105    1.20%            x642 D  92801  92797     63

Gomory fractional cuts applied:  1

Root node processing (before b&c):
  Real time             =    1.23 sec. (458.02 ticks)
Parallel b&c, 4 threads:
  Real time             =  598.78 sec. (60718.24 ticks)
  Sync time (average)   =   55.62 sec.
  Wait time (average)   =    0.00 sec.
                          ------------
Total (root+branch&cut) =  600.02 sec. (61176.26 ticks)
