Version identifier: 22.2.0.0 | 2026-05-04 | 5dff98e58
CPXPARAM_Read_DataCheck                          1
CPXPARAM_Threads                                 4
CPXPARAM_Parallel                                1
CPXPARAM_RandomSeed                              20260925
CPXPARAM_MIP_Strategy_Search                     1
CPXPARAM_Simplex_Tolerances_Optimality           1.0000000000000001e-09
CPXPARAM_Simplex_Tolerances_Feasibility          1.0000000000000001e-09
CPXPARAM_TimeLimit                               600
CPXPARAM_MIP_Tolerances_AbsMIPGap                1.0000000000000001e-09
CPXPARAM_MIP_Tolerances_Integrality              1.0000000000000001e-09
Legacy callback                                  iLUD
Lazy constraint(s) or lazy constraint/branch callback is present.
    Disabling dual reductions (CPX_PARAM_REDUCE) in presolve.
    Disabling presolve reductions that prevent crushing forms (CPX_PARAM_PREREFORM).
         Disabling repeat represolve because of lazy constraint/incumbent callback.
Warning: Effort level 'CheckFeas' is incompatible with lazy constraint/incumbent callback.
         Effort level increased to 'SolveFixed'.
1 of 1 MIP starts provided solutions.
MIP start 'm1' defined initial solution with objective 0.0625.
Tried aggregator 1 time.
MIP Presolve eliminated 2789 rows and 0 columns.
Reduced MIP has 966 rows, 1472 columns, and 8021 nonzeros.
Reduced MIP has 720 binaries, 0 generals, 0 SOSs, and 0 indicators.
Presolve time = 0.02 sec. (6.86 ticks)
Probing time = 0.00 sec. (0.32 ticks)
MIP emphasis: balance optimality and feasibility.
MIP search method: traditional branch-and-cut.
Parallel mode: deterministic, using up to 4 threads.
Root relaxation solution time = 0.02 sec. (17.73 ticks)

        Nodes                                         Cuts/
   Node  Left     Objective  IInf  Best Integer    Best Bound    ItCnt     Gap         Variable B NodeID Parent  Depth

*     0+    0                            0.0625        0.0000           100.00%
      0     0        0.0522    10        0.0625        0.0522      745   16.55%
*     0+    0                            0.0567        0.0522             7.88%
      0     0  -1.00000e+75     0        0.0567        0.0522      745    7.88%
      0     2        0.0522    10        0.0567        0.0522      745    7.88%                        0             0
Elapsed time = 0.20 sec. (82.81 ticks, tree = 0.02 MB, solutions = 2)
*     5+    2                            0.0567        0.0523             7.71%
*     8+    1                            0.0567        0.0523             7.71%
*    49+   16                            0.0553        0.0536             2.96%
*    84    31      integral     0        0.0553        0.0536     2920    2.95%            x330 D     79     75     16
*   212+   92                            0.0553        0.0548             0.92%
*   224+  117                            0.0553        0.0548             0.92%
*   610+  239                            0.0553        0.0548             0.89%
    916   230        cutoff              0.0553        0.0548    11457    0.75%            x605 D    909    905     19

Cover cuts applied:  2

Root node processing (before b&c):
  Real time             =    0.19 sec. (82.36 ticks)
Parallel b&c, 4 threads:
  Real time             =    1.44 sec. (419.72 ticks)
  Sync time (average)   =    0.12 sec.
  Wait time (average)   =    0.00 sec.
                          ------------
Total (root+branch&cut) =    1.62 sec. (502.08 ticks)
