Version identifier: 22.2.0.0 | 2026-05-04 | 5dff98e58
CPXPARAM_Read_DataCheck                          1
CPXPARAM_Threads                                 4
CPXPARAM_Parallel                                1
CPXPARAM_RandomSeed                              20260925
CPXPARAM_Simplex_Tolerances_Optimality           1.0000000000000001e-09
CPXPARAM_Simplex_Tolerances_Feasibility          1.0000000000000001e-09
CPXPARAM_TimeLimit                               600
CPXPARAM_MIP_Tolerances_AbsMIPGap                1.0000000000000001e-09
CPXPARAM_MIP_Tolerances_Integrality              1.0000000000000001e-09
Legacy callback                                  i
1 of 10 MIP starts provided solutions.
MIP start 'm1' defined initial solution with objective -0.2171.
Tried aggregator 2 times.
MIP Presolve eliminated 71 rows and 2 columns.
MIP Presolve modified 300 coefficients.
Aggregator did 3 substitutions.
Reduced MIP has 373 rows, 393 columns, and 2049 nonzeros.
Reduced MIP has 96 binaries, 0 generals, 0 SOSs, and 0 indicators.
Presolve time = 0.00 sec. (1.38 ticks)
Probing time = 0.00 sec. (0.07 ticks)
Tried aggregator 1 time.
Detecting symmetries...
MIP Presolve modified 66 coefficients.
Reduced MIP has 373 rows, 393 columns, and 2049 nonzeros.
Reduced MIP has 96 binaries, 0 generals, 0 SOSs, and 0 indicators.
Presolve time = 0.00 sec. (0.93 ticks)
Probing time = 0.00 sec. (0.07 ticks)
MIP emphasis: balance optimality and feasibility.
MIP search method: dynamic search.
Parallel mode: deterministic, using up to 4 threads.
Root relaxation solution time = 0.00 sec. (2.89 ticks)

        Nodes                                         Cuts/
   Node  Left     Objective  IInf  Best Integer    Best Bound    ItCnt     Gap

*     0+    0                           -0.2171       -0.9438           334.82%
      0     0       -0.2967    38       -0.2171       -0.2967      327   36.71%
      0     0       -0.2691    48       -0.2171      Cuts: 49      520   23.98%
      0     0       -0.2312    28       -0.2171      Cuts: 39      654    6.51%
      0     0       -0.2269    20       -0.2171   MIRcuts: 10      717    4.52%
      0     0       -0.2251    20       -0.2171    MIRcuts: 9      754    3.73%
      0     0       -0.2245    26       -0.2171      Cuts: 11      779    3.43%
Detecting symmetries...
      0     0       -0.2244    28       -0.2171    MIRcuts: 5      805    3.39%
      0     0       -0.2242    23       -0.2171    MIRcuts: 5      831    3.31%
      0     0       -0.2239    28       -0.2171    MIRcuts: 4      855    3.13%
      0     0       -0.2238    13       -0.2171    MIRcuts: 2      871    3.10%
      0     0       -0.2238    14       -0.2171    MIRcuts: 1      872    3.10%
      0     0       -0.2232    18       -0.2171    MIRcuts: 2      900    2.81%
      0     0       -0.2217    21       -0.2171    MIRcuts: 2      921    2.12%
      0     0       -0.2216    20       -0.2171       Cuts: 5      960    2.11%
Detecting symmetries...
      0     2       -0.2216    20       -0.2171       -0.2216      960    2.11%
Elapsed time = 0.23 sec. (159.59 ticks, tree = 0.02 MB, solutions = 1)

Flow cuts applied:  1
Mixed integer rounding cuts applied:  68
Lift and project cuts applied:  11
Gomory fractional cuts applied:  5

Root node processing (before b&c):
  Real time             =    0.23 sec. (159.30 ticks)
Parallel b&c, 4 threads:
  Real time             =    0.03 sec. (10.25 ticks)
  Sync time (average)   =    0.02 sec.
  Wait time (average)   =    0.00 sec.
                          ------------
Total (root+branch&cut) =    0.27 sec. (169.55 ticks)
