Version identifier: 22.2.0.0 | 2026-05-04 | 5dff98e58
CPXPARAM_Read_DataCheck                          1
CPXPARAM_Threads                                 4
CPXPARAM_Parallel                                1
CPXPARAM_RandomSeed                              20260925
CPXPARAM_Simplex_Tolerances_Optimality           1.0000000000000001e-09
CPXPARAM_Simplex_Tolerances_Feasibility          1.0000000000000001e-09
CPXPARAM_TimeLimit                               600
CPXPARAM_MIP_Tolerances_AbsMIPGap                1.0000000000000001e-09
CPXPARAM_MIP_Tolerances_Integrality              1.0000000000000001e-09
Legacy callback                                  i
1 of 18 MIP starts provided solutions.
MIP start 'm1' defined initial solution with objective 0.1389.
Tried aggregator 2 times.
MIP Presolve eliminated 41 rows and 1 columns.
MIP Presolve modified 504 coefficients.
Aggregator did 12 substitutions.
Reduced MIP has 656 rows, 697 columns, and 5658 nonzeros.
Reduced MIP has 174 binaries, 0 generals, 0 SOSs, and 0 indicators.
Presolve time = 0.00 sec. (3.06 ticks)
Probing time = 0.00 sec. (0.17 ticks)
Tried aggregator 1 time.
Detecting symmetries...
Reduced MIP has 656 rows, 697 columns, and 5658 nonzeros.
Reduced MIP has 174 binaries, 0 generals, 0 SOSs, and 0 indicators.
Presolve time = 0.00 sec. (2.22 ticks)
Probing time = 0.00 sec. (0.17 ticks)
MIP emphasis: balance optimality and feasibility.
MIP search method: dynamic search.
Parallel mode: deterministic, using up to 4 threads.
Root relaxation solution time = 0.02 sec. (9.25 ticks)

        Nodes                                         Cuts/
   Node  Left     Objective  IInf  Best Integer    Best Bound    ItCnt     Gap

*     0+    0                            0.1389        0.0000           100.00%
      0     0        0.1318    23        0.1389        0.1318      493    5.10%
      0     0        0.1318    26        0.1389      Cuts: 26      603    5.10%
      0     0        0.1318    25        0.1389       Cuts: 8      669    5.10%
*     0+    0                            0.1385        0.1318             4.83%
*     0+    0                            0.1373        0.1318             3.99%
      0     0  -1.00000e+75     0        0.1373        0.1318      669    3.99%
Detecting symmetries...
      0     2        0.1318    25        0.1373        0.1318      669    3.99%
Elapsed time = 0.25 sec. (227.75 ticks, tree = 0.02 MB, solutions = 3)
    187   141        0.1343     9        0.1373        0.1318    14144    3.96%
    538   337        0.1331    25        0.1373        0.1318    32366    3.96%
    959   674        0.1347    17        0.1373        0.1320    53651    3.86%
   1448  1110        0.1323    22        0.1373        0.1321    79653    3.76%
   1902  1437        0.1372    25        0.1373        0.1321   101516    3.75%
   2316  1775        0.1368    19        0.1373        0.1322   126461    3.69%

Performing restart 1

Repeating presolve.
Tried aggregator 1 time.
MIP Presolve modified 264 coefficients.
Reduced MIP has 656 rows, 697 columns, and 5606 nonzeros.
Reduced MIP has 174 binaries, 0 generals, 0 SOSs, and 0 indicators.
Presolve time = 0.00 sec. (2.39 ticks)
Tried aggregator 1 time.
Reduced MIP has 656 rows, 697 columns, and 5606 nonzeros.
Reduced MIP has 174 binaries, 0 generals, 0 SOSs, and 0 indicators.
Presolve time = 0.00 sec. (2.16 ticks)
Represolve time = 0.00 sec. (6.72 ticks)
   2477     0        0.1318    39        0.1373      Cuts: 14   138800    3.64%
   2477     0        0.1318    30        0.1373    MIRcuts: 6   138898    3.64%
   2477     0        0.1318    38        0.1373      Cuts: 24   139059    3.64%
   2477     0        0.1318    31        0.1373      Cuts: 13   139145    3.64%
   2477     0        0.1319    43        0.1373      Cuts: 15   139397    3.64%
   2477     0        0.1319    47        0.1373      Cuts: 19   139565    3.64%
   2477     0        0.1319    45        0.1373      Cuts: 14   139802    3.64%
   2477     2        0.1319    36        0.1373        0.1323   139802    3.64%
   2558    66        0.1347    31        0.1373        0.1323   144448    3.64%
   2834   245        0.1334    25        0.1373        0.1323   161561    3.64%
   4483  1530        0.1358    20        0.1373        0.1327   239932    3.33%
Elapsed time = 4.11 sec. (4162.45 ticks, tree = 6.31 MB, solutions = 3)
   6294  2883        0.1336    20        0.1373        0.1328   326921    3.27%
   8099  4295        0.1357    22        0.1373        0.1329   418643    3.18%
  10236  5900        0.1353    19        0.1373        0.1329   503218    3.18%
  12430  7533        cutoff              0.1373        0.1329   595551    3.15%
  14356  8879        cutoff              0.1373        0.1330   691500    3.12%
  16086 10001        0.1363    27        0.1373        0.1330   787610    3.10%
  17913 11178        0.1370    19        0.1373        0.1331   888632    3.05%
  19848 12533        0.1343    18        0.1373        0.1331   990180    3.01%
  21932 13952        0.1341    24        0.1373        0.1332  1089856    2.99%
  23840 15116    infeasible              0.1373        0.1332  1173299    2.97%
Elapsed time = 12.98 sec. (13705.38 ticks, tree = 74.59 MB, solutions = 3)
  25888 16684        0.1338    15        0.1373        0.1332  1284790    2.95%
  27078 17602        0.1349    18        0.1373        0.1332  1348490    2.95%
  28087 18233        0.1335    26        0.1373        0.1332  1393854    2.95%
  29019 18861        0.1357    25        0.1373        0.1332  1442999    2.95%
  30025 19551        0.1343    17        0.1373        0.1332  1501633    2.95%
  31515 20135        0.1367    28        0.1373        0.1333  1541203    2.92%
  33343 21561        0.1350    12        0.1373        0.1333  1647038    2.90%
  35426 22932        0.1348    15        0.1373        0.1333  1749479    2.88%
  37183 23961        0.1365    27        0.1373        0.1333  1833983    2.87%
  39019 25381        0.1369    13        0.1373        0.1333  1963908    2.85%
Elapsed time = 21.33 sec. (23249.83 ticks, tree = 129.59 MB, solutions = 3)
  40971 26298        0.1354    18        0.1373        0.1334  2047116    2.84%
  42848 27556        0.1358    18        0.1373        0.1334  2144521    2.82%
  44767 28819        0.1339    13        0.1373        0.1334  2253436    2.80%
  46590 30148        0.1343    17        0.1373        0.1334  2354143    2.79%
  48337 31061        0.1335    21        0.1373        0.1334  2429228    2.78%
  49931 32080        cutoff              0.1373        0.1335  2522669    2.78%

Performing restart 2

Repeating presolve.
Tried aggregator 1 time.
MIP Presolve modified 96 coefficients.
Reduced MIP has 656 rows, 697 columns, and 5606 nonzeros.
Reduced MIP has 174 binaries, 0 generals, 0 SOSs, and 0 indicators.
Presolve time = 0.00 sec. (1.54 ticks)
Tried aggregator 1 time.
Reduced MIP has 656 rows, 697 columns, and 5606 nonzeros.
Reduced MIP has 174 binaries, 0 generals, 0 SOSs, and 0 indicators.
Presolve time = 0.00 sec. (2.16 ticks)
Represolve time = 0.03 sec. (10.26 ticks)
* 49937+    0                            0.1373        0.1335             2.77%
  49937     0        0.1319    40        0.1373      Cuts: 29  2549854    2.77%
  49937     0        0.1320    34        0.1373      Cuts: 23  2550069    2.77%
  49937     0        0.1321    38        0.1373      Cuts: 10  2550189    2.77%
  49937     0        0.1321    33        0.1373      Cuts: 19  2550296    2.77%
  49937     0        0.1321    42        0.1373       Cuts: 9  2550450    2.77%
  49937     0        0.1321    34        0.1373      Cuts: 12  2550507    2.77%
  49937     0        0.1321    34        0.1373      Cuts: 15  2550619    2.77%
  49937     0        0.1321    38        0.1373      Cuts: 13  2550733    2.77%
  49937     0        0.1321    39        0.1373       Cuts: 9  2550816    2.77%
  49937     0        0.1321    35        0.1373      Cuts: 15  2550924    2.77%
  49937     2        0.1321    34        0.1373        0.1335  2550924    2.77%
  50342   277        0.1342    26        0.1373        0.1335  2577548    2.77%
  51905  1430        0.1339    17        0.1373        0.1335  2649516    2.77%
  53840  2689        0.1366    23        0.1373        0.1335  2737302    2.77%
Elapsed time = 30.52 sec. (34118.63 ticks, tree = 12.99 MB, solutions = 3)
  55564  4028        0.1343    27        0.1373        0.1335  2822749    2.77%
  57361  5181        0.1340    22        0.1373        0.1335  2907430    2.77%
  59149  6635        0.1363    25        0.1373        0.1335  3000869    2.77%
  61076  7766        0.1336    19        0.1373        0.1335  3078536    2.77%
  62785  9014        0.1348    17        0.1373        0.1335  3171860    2.77%
  64619 10327        0.1365    25        0.1373        0.1335  3275952    2.77%
  66495 11592        0.1371    21        0.1373        0.1335  3366616    2.77%
  68259 12711        0.1347    18        0.1373        0.1335  3451530    2.77%
  70029 13955        0.1353    19        0.1373        0.1335  3549158    2.77%
  71960 15098        0.1352    28        0.1373        0.1335  3639271    2.77%
Elapsed time = 38.50 sec. (43659.25 ticks, tree = 76.28 MB, solutions = 3)
  73864 16418        cutoff              0.1373        0.1335  3736013    2.77%
  75716 17811        cutoff              0.1373        0.1335  3833243    2.77%
  77641 19040        0.1344    15        0.1373        0.1335  3922160    2.77%
  79589 20307        0.1352    21        0.1373        0.1335  4005458    2.75%
  81635 21999        0.1337    25        0.1373        0.1335  4123198    2.74%
  83503 22918        0.1336    29        0.1373        0.1335  4188685    2.72%
  85527 24536        0.1348    12        0.1373        0.1335  4296600    2.71%
  87248 25817        0.1360    23        0.1373        0.1335  4392435    2.71%
  89165 27022        0.1358    27        0.1373        0.1336  4478357    2.70%
  90987 28137        0.1360    26        0.1373        0.1336  4556026    2.69%
Elapsed time = 46.22 sec. (53199.35 ticks, tree = 142.13 MB, solutions = 3)
  92850 29513        0.1345    27        0.1373        0.1336  4658281    2.68%
  94644 30878        cutoff              0.1373        0.1336  4756271    2.68%
  96436 31920        0.1337    20        0.1373        0.1336  4846191    2.67%
  98148 33204        0.1363    22        0.1373        0.1336  4945947    2.66%
 100018 34626        cutoff              0.1373        0.1336  5050179    2.65%
 101824 35402        0.1367    24        0.1373        0.1336  5112820    2.64%
 103795 36990        0.1349    20        0.1373        0.1336  5232248    2.63%
 105587 38100        0.1358    16        0.1373        0.1337  5327206    2.63%
 107206 39202        0.1345    25        0.1373        0.1337  5429845    2.62%
 108903 40494        0.1345    29        0.1373        0.1337  5536628    2.62%
Elapsed time = 53.78 sec. (62741.29 ticks, tree = 204.10 MB, solutions = 3)
 110679 41420        cutoff              0.1373        0.1337  5614846    2.61%
 112431 42865        cutoff              0.1373        0.1337  5724883    2.60%
 114077 43639        0.1344    29        0.1373        0.1337  5789416    2.60%
 115797 44739        0.1344    19        0.1373        0.1337  5884993    2.59%
 117527 46140        cutoff              0.1373        0.1337  6001031    2.58%
 118915 46952        cutoff              0.1373        0.1337  6078315    2.58%
 120776 47774        0.1338    34        0.1373        0.1337  6144070    2.57%
 122198 49115        0.1345    33        0.1373        0.1337  6255562    2.57%
 123867 50238        cutoff              0.1373        0.1337  6357796    2.56%
 125578 51420        0.1356    34        0.1373        0.1338  6451666    2.56%
Elapsed time = 61.25 sec. (72285.53 ticks, tree = 265.04 MB, solutions = 3)
 127205 52107        0.1357    21        0.1373        0.1338  6510346    2.55%
 128996 53521        0.1352    26        0.1373        0.1338  6624762    2.55%
 130617 54610        0.1345    34        0.1373        0.1338  6713593    2.54%
 132371 55986        0.1357    24        0.1373        0.1338  6821318    2.54%
 134001 56901        0.1357    27        0.1373        0.1338  6898570    2.53%
 135733 58047        0.1355    14        0.1373        0.1338  6997600    2.53%
 137421 59175        0.1350    19        0.1373        0.1338  7095579    2.53%
 139136 60011        0.1364    29        0.1373        0.1338  7167685    2.52%
 140912 61260        cutoff              0.1373        0.1338  7281279    2.52%
 142634 62535        0.1348    26        0.1373        0.1338  7389995    2.51%
Elapsed time = 68.59 sec. (81829.90 ticks, tree = 325.48 MB, solutions = 3)
 144304 63318        cutoff              0.1373        0.1338  7460106    2.51%
 145960 64745        0.1361    23        0.1373        0.1338  7578299    2.50%
 147496 65496        0.1341    21        0.1373        0.1338  7648997    2.49%
 149145 66429        0.1349    28        0.1373        0.1338  7743790    2.49%
 150665 67660        cutoff              0.1373        0.1339  7857027    2.48%
 152318 68522        0.1365    25        0.1373        0.1339  7937950    2.48%
 153831 69113        0.1347    26        0.1373        0.1339  8014257    2.47%
 155557 70512        0.1361    23        0.1373        0.1339  8139506    2.47%
 157303 71512        0.1347    24        0.1373        0.1339  8224196    2.46%
 163815 75762        0.1343    27        0.1373        0.1339  8615136    2.45%
Elapsed time = 78.39 sec. (94233.39 ticks, tree = 400.93 MB, solutions = 3)
 170586 79644        0.1354    22        0.1373        0.1339  8944155    2.43%
 177579 84130        0.1348    23        0.1373        0.1339  9329264    2.42%
 184455 88300        0.1348    24        0.1373        0.1340  9688079    2.40%
 191051 92409        0.1347    22        0.1373        0.1340 10056013    2.39%
 197552 96775        0.1356    23        0.1373        0.1340 10454799    2.38%
 204268 100640        0.1362    27        0.1373        0.1340 10790524    2.37%
 210552 104872        0.1347    24        0.1373        0.1340 11196268    2.36%
 217198 108441        0.1369    12        0.1373        0.1340 11539373    2.35%
 223272 112019        0.1360    24        0.1373        0.1341 11897511    2.33%
 229578 116093        0.1344    19        0.1373        0.1341 12281447    2.32%
Elapsed time = 109.31 sec. (132384.87 ticks, tree = 615.30 MB, solutions = 3)
 235778 119978        0.1356    24        0.1373        0.1341 12658133    2.31%
 241955 123370        cutoff              0.1373        0.1341 12976813    2.30%
 247909 126553        0.1354    26        0.1373        0.1341 13334858    2.29%
 253791 130247        0.1362    32        0.1373        0.1341 13712505    2.28%
 259673 133236        0.1351    30        0.1373        0.1341 14047381    2.27%
 265413 136416        0.1350    18        0.1373        0.1342 14416225    2.26%
 271368 139834        0.1343    17        0.1373        0.1342 14765129    2.25%
 277173 142986        0.1351    15        0.1373        0.1342 15113904    2.24%
 282554 145797        0.1365    24        0.1373        0.1342 15467531    2.24%
 288311 148776        0.1356    36        0.1373        0.1342 15798391    2.23%
Elapsed time = 140.44 sec. (170538.92 ticks, tree = 791.69 MB, solutions = 3)
 294005 152060        0.1347    20        0.1373        0.1342 16160791    2.22%
 299546 155058        0.1367    26        0.1373        0.1342 16514663    2.21%
 304931 157749        cutoff              0.1373        0.1342 16851629    2.20%
 310524 160566        0.1352    35        0.1373        0.1343 17181947    2.19%
 316159 164071        0.1344    15        0.1373        0.1343 17559477    2.18%
 321527 166828        0.1356    32        0.1373        0.1343 17886738    2.18%
 327173 169795        0.1361    19        0.1373        0.1343 18231022    2.17%
 332553 172354        0.1360    20        0.1373        0.1343 18536508    2.16%
 338454 175769        0.1360    23        0.1373        0.1343 18896080    2.16%
 343935 178716        0.1350    22        0.1373        0.1343 19235419    2.15%
Elapsed time = 169.22 sec. (208692.55 ticks, tree = 960.41 MB, solutions = 3)
 349482 181799        0.1363    14        0.1373        0.1343 19560422    2.14%
 354903 184845        0.1360    18        0.1373        0.1343 19893476    2.14%
 360288 187926        0.1365    20        0.1373        0.1343 20260860    2.13%
 365718 190202        0.1368    27        0.1373        0.1343 20536332    2.13%
 371184 193290        0.1360    25        0.1373        0.1344 20884829    2.12%
 376699 196401        0.1367    15        0.1373        0.1344 21244495    2.11%
 381972 198973        0.1367    17        0.1373        0.1344 21536090    2.11%
 387156 201918        0.1353    27        0.1373        0.1344 21884334    2.10%
 392574 204723        0.1349    27        0.1373        0.1344 22227385    2.10%
 397701 207289        cutoff              0.1373        0.1344 22519765    2.09%
Elapsed time = 198.45 sec. (246850.49 ticks, tree = 1134.02 MB, solutions = 3)
 402987 210556        0.1347    19        0.1373        0.1344 22903447    2.09%
 408370 213085        0.1369    30        0.1373        0.1344 23192135    2.08%
 413447 215777        cutoff              0.1373        0.1344 23517017    2.07%
 418593 218577        0.1345    29        0.1373        0.1344 23846406    2.07%
 424056 221804        0.1348    20        0.1373        0.1344 24191645    2.07%
 429189 224482        0.1362    19        0.1373        0.1344 24512874    2.06%
 434268 227068        0.1362    23        0.1373        0.1344 24826038    2.06%
 439653 229728        0.1360    18        0.1373        0.1344 25122820    2.05%
 444828 232215        0.1356    22        0.1373        0.1344 25429701    2.05%
 450005 234993        0.1358    27        0.1373        0.1345 25799537    2.05%
Elapsed time = 227.02 sec. (285008.89 ticks, tree = 1305.18 MB, solutions = 3)
 455057 237682        cutoff              0.1373        0.1345 26106221    2.04%
 460339 240316        cutoff              0.1373        0.1345 26433082    2.04%
 465193 242824        0.1352    27        0.1373        0.1345 26736695    2.03%
 470565 245957        cutoff              0.1373        0.1345 27066231    2.03%
 475536 248512        0.1372    29        0.1373        0.1345 27384008    2.02%
 480631 250707        0.1347    34        0.1373        0.1345 27675745    2.02%
 485621 253482        0.1353    23        0.1373        0.1345 28035260    2.01%
 490826 256202        0.1365    25        0.1373        0.1345 28363222    2.01%
 495568 258531        0.1346    29        0.1373        0.1345 28686234    2.01%
 500684 261329        cutoff              0.1373        0.1345 29014035    2.00%
Elapsed time = 255.67 sec. (323162.10 ticks, tree = 1469.70 MB, solutions = 3)
 505774 263491        0.1364    27        0.1373        0.1345 29248795    2.00%
 510482 265813        0.1361    32        0.1373        0.1345 29556249    1.99%
 515223 268275        0.1369    25        0.1373        0.1345 29890824    1.99%
 520555 271528        0.1371    22        0.1373        0.1345 30267557    1.99%
 525688 273657        0.1367    23        0.1373        0.1345 30512222    1.98%
 530750 276743        0.1372    17        0.1373        0.1345 30887350    1.98%
 535580 278673        0.1351    22        0.1373        0.1346 31128292    1.98%
 540535 281116        0.1361    23        0.1373        0.1346 31451920    1.97%
 545202 283861        0.1351    21        0.1373        0.1346 31789400    1.97%
 549869 286529        0.1359    20        0.1373        0.1346 32124560    1.96%
Elapsed time = 284.23 sec. (361324.88 ticks, tree = 1632.51 MB, solutions = 3)
 554450 288472    infeasible              0.1373        0.1346 32382312    1.96%
 559270 290678        cutoff              0.1373        0.1346 32683311    1.96%
 564095 293361        0.1351    20        0.1373        0.1346 33001432    1.95%
 568851 295743        0.1356    25        0.1373        0.1346 33286843    1.95%
 573270 297834        cutoff              0.1373        0.1346 33552090    1.95%
 577736 299796        0.1346    28        0.1373        0.1346 33827103    1.94%
 582504 302301        0.1373    29        0.1373        0.1346 34129723    1.94%
 586987 304728        0.1372    24        0.1373        0.1346 34423828    1.94%
 591341 307201        cutoff              0.1373        0.1346 34748123    1.94%
 595660 309294    infeasible              0.1373        0.1346 35054416    1.93%
Elapsed time = 312.45 sec. (399480.42 ticks, tree = 1787.88 MB, solutions = 3)
 600211 311364        0.1349    14        0.1373        0.1346 35363266    1.93%
 604418 313018        0.1371    29        0.1373        0.1346 35608325    1.93%
 608581 314978        0.1371    26        0.1373        0.1346 35883208    1.92%
 612729 316619        0.1359    16        0.1373        0.1346 36159832    1.92%
 616797 318624        cutoff              0.1373        0.1346 36460405    1.92%
 621320 320298        0.1368    19        0.1373        0.1346 36689887    1.91%
 625412 322732        0.1350    20        0.1373        0.1346 37018572    1.91%
 629547 324389        0.1361    19        0.1373        0.1346 37280935    1.91%
 633711 326485        0.1371    27        0.1373        0.1346 37572544    1.91%
 637989 328197        0.1354    13        0.1373        0.1347 37838346    1.90%
Elapsed time = 340.66 sec. (437637.01 ticks, tree = 1926.92 MB, solutions = 3)
 642476 330133        0.1351    17        0.1373        0.1347 38098441    1.90%
 646806 332526        0.1370    29        0.1373        0.1347 38416657    1.90%
 650824 334264        cutoff              0.1373        0.1347 38678420    1.90%
 655074 336329        0.1348    24        0.1373        0.1347 38967896    1.89%
 659559 338795        0.1355    23        0.1373        0.1347 39289251    1.89%
 663928 340503    infeasible              0.1373        0.1347 39499517    1.89%
 668163 343020        0.1348    18        0.1373        0.1347 39844107    1.88%
 672147 344824        0.1368    17        0.1373        0.1347 40101474    1.88%
 676467 346737        0.1372    26        0.1373        0.1347 40375667    1.88%
 680574 348687        cutoff              0.1373        0.1347 40664947    1.88%
Elapsed time = 370.27 sec. (475793.42 ticks, tree = 2071.82 MB, solutions = 3)
Nodefile size = 21.52 MB (11.71 MB after compression)
 684786 350208        cutoff              0.1373        0.1347 40903842    1.87%
 688935 352051        0.1372    19        0.1373        0.1347 41188818    1.87%
*692714+353803                            0.1372        0.1347             1.85%
 692940 353768        0.1357    19        0.1372        0.1347 41428318    1.85%
 697149 354606        0.1350    29        0.1372        0.1347 41712076    1.85%
 701069 356485        0.1369    17        0.1372        0.1347 41996548    1.85%
 705307 358386        cutoff              0.1372        0.1347 42276834    1.84%
 709168 359831        0.1361    17        0.1372        0.1347 42490839    1.84%
 713468 361448        cutoff              0.1372        0.1347 42730962    1.84%
 717769 363898        0.1358    28        0.1372        0.1347 43040778    1.84%
 721792 365859        0.1359    23        0.1372        0.1347 43295522    1.83%
Elapsed time = 405.53 sec. (513950.99 ticks, tree = 2193.79 MB, solutions = 4)
Nodefile size = 143.25 MB (78.14 MB after compression)
 725929 367817        0.1354    15        0.1372        0.1347 43585925    1.83%
 729889 369335        0.1367    27        0.1372        0.1347 43803400    1.83%
 733989 371114        0.1367    23        0.1372        0.1347 44078994    1.82%
 737588 373524        0.1362    18        0.1372        0.1347 44371766    1.82%
 741525 374914        0.1350    31        0.1372        0.1347 44582340    1.82%
 745462 377118        0.1371    26        0.1372        0.1347 44876493    1.82%
 749495 379034        0.1351    29        0.1372        0.1347 45119505    1.82%
 753276 380791        0.1356    23        0.1372        0.1347 45361290    1.82%
 757086 382121        0.1350    20        0.1372        0.1348 45578279    1.81%
 760903 384040        0.1355    13        0.1372        0.1348 45851152    1.81%
Elapsed time = 440.08 sec. (552106.70 ticks, tree = 2328.94 MB, solutions = 4)
Nodefile size = 278.52 MB (152.18 MB after compression)
 764895 386187        0.1363    18        0.1372        0.1348 46178995    1.81%
 768817 387778        0.1359    16        0.1372        0.1348 46427880    1.80%
 772284 388859        0.1348    23        0.1372        0.1348 46578886    1.80%
 775991 391010        0.1354    19        0.1372        0.1348 46907681    1.80%
 779999 392049        0.1366    23        0.1372        0.1348 47078052    1.80%
 783804 394065        0.1365    27        0.1372        0.1348 47424585    1.80%
 787614 395580        0.1359    21        0.1372        0.1348 47650534    1.80%
 791642 397118        cutoff              0.1372        0.1348 47870175    1.79%
 795290 398813        0.1369    21        0.1372        0.1348 48143761    1.79%
 798944 400148        cutoff              0.1372        0.1348 48330719    1.79%
Elapsed time = 474.03 sec. (590259.59 ticks, tree = 2445.15 MB, solutions = 4)
Nodefile size = 393.43 MB (215.32 MB after compression)
 802777 402304        0.1351    37        0.1372        0.1348 48656542    1.79%
 806610 404068        0.1350    24        0.1372        0.1348 48905478    1.78%
 810330 405478        0.1372    29        0.1372        0.1348 49126422    1.78%
 814196 407533        0.1372    32        0.1372        0.1348 49403271    1.78%
 818177 409465        0.1362    20        0.1372        0.1348 49655579    1.78%
 822009 411171        0.1369    28        0.1372        0.1348 49871731    1.78%
 825728 412982        0.1370    29        0.1372        0.1348 50157846    1.77%
 829341 414157        0.1353    23        0.1372        0.1348 50318717    1.77%
 833428 416669        cutoff              0.1372        0.1348 50636571    1.77%
 837076 417773        0.1365    28        0.1372        0.1348 50758336    1.77%
Elapsed time = 507.47 sec. (628414.54 ticks, tree = 2570.85 MB, solutions = 4)
Nodefile size = 518.10 MB (284.47 MB after compression)
 840535 419619        0.1358    22        0.1372        0.1348 51038431    1.77%
 844308 422013        0.1371    33        0.1372        0.1348 51347046    1.77%
 848011 423675        0.1355    28        0.1372        0.1348 51578644    1.76%
 851655 424893        cutoff              0.1372        0.1348 51778320    1.76%
 855484 426331        0.1359    32        0.1372        0.1348 51999497    1.76%
 859035 428300        0.1356    25        0.1372        0.1348 52278966    1.76%
 862710 429357        0.1358    22        0.1372        0.1348 52475313    1.76%
 866533 430923        0.1349    22        0.1372        0.1348 52708058    1.76%
 870332 433023        0.1371    26        0.1372        0.1348 53027727    1.75%
 873849 433915        0.1369    28        0.1372        0.1348 53151141    1.75%
Elapsed time = 540.45 sec. (666571.06 ticks, tree = 2698.03 MB, solutions = 4)
Nodefile size = 644.78 MB (354.97 MB after compression)
 876321 435797        0.1366    28        0.1372        0.1348 53394788    1.75%
 878137 436421        0.1369    20        0.1372        0.1348 53497598    1.75%
 879764 437434        0.1369    25        0.1372        0.1348 53642729    1.75%
 881524 437964        0.1354    23        0.1372        0.1348 53726389    1.74%
 883208 439072        cutoff              0.1372        0.1348 53877064    1.74%
 884622 439578        0.1371    34        0.1372        0.1348 53948740    1.74%
 885937 440142        0.1356    34        0.1372        0.1348 54036543    1.74%
 887717 440952        cutoff              0.1372        0.1348 54175857    1.74%
 889520 441792        0.1358    29        0.1372        0.1348 54289603    1.74%
 890937 442107        0.1362    20        0.1372        0.1349 54341672    1.74%
Elapsed time = 574.62 sec. (704967.20 ticks, tree = 2760.75 MB, solutions = 4)
Nodefile size = 709.71 MB (391.29 MB after compression)
 892064 442858        0.1357    26        0.1372        0.1349 54465326    1.74%
 893363 443394        cutoff              0.1372        0.1349 54548204    1.74%
 894829 443858        0.1365    18        0.1372        0.1349 54619514    1.74%
 896231 444630        0.1368    32        0.1372        0.1349 54732527    1.74%
 897729 445119        0.1371    29        0.1372        0.1349 54801474    1.74%
 899190 445833        cutoff              0.1372        0.1349 54894677    1.74%
 900604 446830        0.1362    27        0.1372        0.1349 55014785    1.73%

Cover cuts applied:  596
Flow cuts applied:  1
Mixed integer rounding cuts applied:  19
Gomory fractional cuts applied:  1

Root node processing (before b&c):
  Real time             =    0.25 sec. (227.45 ticks)
Parallel b&c, 4 threads:
  Real time             =  601.30 sec. (737250.30 ticks)
  Sync time (average)   =   47.73 sec.
  Wait time (average)   =    0.00 sec.
                          ------------
Total (root+branch&cut) =  601.55 sec. (737477.75 ticks)
