Version identifier: 22.2.0.0 | 2026-05-04 | 5dff98e58
CPXPARAM_Read_DataCheck                          1
CPXPARAM_Threads                                 4
CPXPARAM_Parallel                                1
CPXPARAM_RandomSeed                              20260925
CPXPARAM_MIP_Strategy_Search                     1
CPXPARAM_Simplex_Tolerances_Optimality           1.0000000000000001e-09
CPXPARAM_Simplex_Tolerances_Feasibility          1.0000000000000001e-09
CPXPARAM_TimeLimit                               600
CPXPARAM_MIP_Tolerances_AbsMIPGap                1.0000000000000001e-09
CPXPARAM_MIP_Tolerances_Integrality              1.0000000000000001e-09
Legacy callback                                  iLUD
Lazy constraint(s) or lazy constraint/branch callback is present.
    Disabling dual reductions (CPX_PARAM_REDUCE) in presolve.
    Disabling presolve reductions that prevent crushing forms (CPX_PARAM_PREREFORM).
         Disabling repeat represolve because of lazy constraint/incumbent callback.
Warning: Effort level 'CheckFeas' is incompatible with lazy constraint/incumbent callback.
         Effort level increased to 'SolveFixed'.
1 of 1 MIP starts provided solutions.
MIP start 'm1' defined initial solution with objective 0.0413.
Tried aggregator 1 time.
MIP Presolve eliminated 1354 rows and 0 columns.
Reduced MIP has 1615 rows, 2360 columns, and 18068 nonzeros.
Reduced MIP has 1164 binaries, 0 generals, 0 SOSs, and 0 indicators.
Presolve time = 0.02 sec. (12.24 ticks)
Probing time = 0.00 sec. (0.29 ticks)
MIP emphasis: balance optimality and feasibility.
MIP search method: traditional branch-and-cut.
Parallel mode: deterministic, using up to 4 threads.
Root relaxation solution time = 0.03 sec. (33.70 ticks)

        Nodes                                         Cuts/
   Node  Left     Objective  IInf  Best Integer    Best Bound    ItCnt     Gap         Variable B NodeID Parent  Depth

*     0+    0                            0.0413        0.0000           100.00%
      0     0        0.0371    49        0.0413        0.0371     1051   10.07%
      0     0        0.0371    50        0.0413       Cuts: 6     1180   10.00%
      0     0        0.0372    64        0.0413       Cuts: 3     1242    9.83%
*     0+    0                            0.0397        0.0372             6.26%
*     0+    0                            0.0397        0.0372             6.15%
      0     0  -1.00000e+75     0        0.0397        0.0372     1242    6.15%
      0     2        0.0372    64        0.0397        0.0372     1242    6.15%                        0             0
Elapsed time = 0.47 sec. (494.25 ticks, tree = 0.02 MB, solutions = 3)
*    20+    2                            0.0393        0.0374             4.95%
*    22+    1                            0.0393        0.0374             4.95%
     33    22        0.0379    40        0.0393        0.0374     2817    4.90%             x33 U     11      7      3
    133    75        cutoff              0.0393        0.0376     9555    4.52%           x1032 D    196    188     10
    267   146        cutoff              0.0393        0.0377    14704    4.11%            x162 D    352    348     25
    433   223        0.0388    30        0.0393        0.0379    21472    3.64%            x612 D    357    353     20
    572   278        0.0391    43        0.0393        0.0380    28364    3.35%            x394 D    481    225      8
    741   337        0.0393    42        0.0393        0.0381    34194    3.07%           x1037 U    804    800     11
*   925+  479                            0.0393        0.0382             2.83%
    963   511        0.0386    24        0.0393        0.0382    42041    2.83%           x1033 U   1044   1040     27
   1142   570        cutoff              0.0393        0.0382    47379    2.83%             x36 U   1154   1150     11
   1335   712        cutoff              0.0393        0.0383    54574    2.60%            x162 U   1359   1355     12
   2147  1158    infeasible              0.0393        0.0384    84263    2.35%           x1034 U   2306   2302     77
Elapsed time = 6.42 sec. (3610.86 ticks, tree = 9.75 MB, solutions = 6)
   2896  1442    infeasible              0.0393        0.0384   119449    2.24%            x917 U   2473   2469     40
   3650  1522        0.0387    21        0.0393        0.0385   161938    2.09%             x31 U   3834   3830     56
   4417  1768        0.0389    28        0.0393        0.0385   210902    1.97%           x1033 U   4512   4508     24
   5287  1679        cutoff              0.0393        0.0386   251806    1.87%            x853 U   5334   4105     59
   6246  1753        0.0392    38        0.0393        0.0386   291493    1.78%           x1033 U   5837   5833     19
   7137  1875        cutoff              0.0393        0.0387   326626    1.68%             x31 D   7391   3934     55
   8029  2036        0.0391    38        0.0393        0.0387   366779    1.62%            x911 U   8100   1053     13
   8933  1905        0.0389    43        0.0393        0.0387   404274    1.51%            x817 U   8377   3638     15
   9972  1954        cutoff              0.0393        0.0388   448766    1.32%            x156 U  10052   9004     36
  11017  1835        0.0390    29        0.0393        0.0389   484504    1.17%            x819 D  11172  11168     37
Elapsed time = 22.98 sec. (13155.85 ticks, tree = 12.34 MB, solutions = 6)
  12039  2022        0.0390    16        0.0393        0.0389   516950    1.06%            x484 U  12395  12387     85
  13519  2891        0.0391    19        0.0393        0.0389   554026    0.95%            x862 D  13800  13796     71
  15045  4156        0.0391    14        0.0393        0.0389   588337    0.94%            x832 D  15478  15470     79
  16705  5090        0.0393    15        0.0393        0.0389   618441    0.94%            x830 D  16819  16815    109
  18209  6359        0.0390    12        0.0393        0.0389   654538    0.94%           x1034 U  18570  18566     66
  19621  7462        0.0390    13        0.0393        0.0389   689072    0.94%           x1033 U  20006  20002     60
  21159  8883        0.0392    15        0.0393        0.0389   731720    0.94%           x1137 D  21784  21780     87
  22682 10093        0.0390    15        0.0393        0.0389   765428    0.94%            x846 D  21189  21185     69
  24309 11026        0.0392    11        0.0393        0.0390   798397    0.93%            x794 D  24590  24586    100
  25744 11947        0.0392    20        0.0393        0.0390   827036    0.93%            x154 D  26632  26628     69
Elapsed time = 46.19 sec. (22696.88 ticks, tree = 140.81 MB, solutions = 6)
  27170 12858        cutoff              0.0393        0.0390   871836    0.92%            x915 D  27454  11340     43
  28600 13589        0.0393    13        0.0393        0.0390   903963    0.92%            x710 U  28367  28363     97
  29944 14420        cutoff              0.0393        0.0390   938594    0.91%            x829 U  31160  31152    116
  31326 15227        0.0393    15        0.0393        0.0390   975062    0.90%            x865 D  32368  32364    125
  32770 16030        0.0393    14        0.0393        0.0390  1010285    0.90%            x710 U  31777  31769     82
  33584 16614        0.0390    12        0.0393        0.0390  1055705    0.89%            x742 D  33707  33703     81
  34694 16942        0.0393     6        0.0393        0.0390  1085603    0.89%            x865 D  34638  34634    139
  36234 17466        cutoff              0.0393        0.0390  1120201    0.89%            x834 U  36363  36355    112
  37801 18893        0.0393     6        0.0393        0.0390  1159935    0.89%            x865 D  37826  37822    136
  39357 20020        0.0392     9        0.0393        0.0390  1188465    0.89%           x1135 D  39495  39491    121
Elapsed time = 70.92 sec. (32245.68 ticks, tree = 233.76 MB, solutions = 6)
  40774 21430        0.0392    11        0.0393        0.0390  1224378    0.89%           x1150 D  40642  40638    102
  42350 22900        0.0391    16        0.0393        0.0390  1263835    0.89%            x733 D  43172  43168     96
  43878 24078        0.0390    13        0.0393        0.0390  1294726    0.89%            x735 D  43085  43081     88
  45269 25112        0.0391     7        0.0393        0.0390  1326696    0.89%            x788 D  44145  44141     85
  46744 26021        0.0391    18        0.0393        0.0390  1358188    0.89%            x840 D  47074  47070     76
  48473 27290        0.0390    17        0.0393        0.0390  1389834    0.89%            x508 D  48950  48946     77
  50219 28549        0.0393    20        0.0393        0.0390  1416865    0.89%            x910 D  50003  49999     23
  51547 29604        0.0391    13        0.0393        0.0390  1449803    0.89%            x556 D  51579  51575     79
  52826 30366        0.0392    16        0.0393        0.0390  1478044    0.89%            x832 D  51293  51289    103
  54167 31555        cutoff              0.0393        0.0390  1516833    0.89%            x864 U  55188  55180     85
Elapsed time = 102.14 sec. (41789.16 ticks, tree = 386.94 MB, solutions = 6)
  54896 31858        0.0390    19        0.0393        0.0390  1555927    0.89%           x1144 U  53353  20494     73
  55931 32046        0.0392    14        0.0393        0.0390  1586319    0.88%            x868 D  57040  57032     96
  57037 32811        0.0390    17        0.0393        0.0390  1637491    0.88%            x854 D  55577  55573     72
  58031 33343        0.0391    18        0.0393        0.0390  1673184    0.88%            x728 D  58722  58718     88
  59365 33862        0.0393    18        0.0393        0.0390  1697117    0.87%            x861 D  60202  60198    130
  60903 35351        0.0390    19        0.0393        0.0390  1737853    0.87%            x848 D  62160  62156     84
  61939 35926        0.0393    21        0.0393        0.0390  1770729    0.87%            x796 U  62774  62762    100
  63070 36385        0.0392    15        0.0393        0.0390  1805943    0.87%            x794 U  64204  64196    105
  64582 37288        0.0391     8        0.0393        0.0390  1838906    0.86%           x1034 U  62849  62845     67
  66068 38615        cutoff              0.0393        0.0390  1875059    0.86%            x829 D  64389  64385    134
Elapsed time = 123.41 sec. (51337.58 ticks, tree = 457.00 MB, solutions = 6)
  67601 40127        0.0393     5        0.0393        0.0390  1914313    0.86%           x1151 D  68716  68712    112
  68842 40846        cutoff              0.0393        0.0390  1939252    0.86%           x1034 D  68607  47855     63
  69966 41380        0.0391    13        0.0393        0.0390  1977189    0.86%            x700 U  71388  71384     81
  71034 41879        0.0391    11        0.0393        0.0390  2021396    0.86%           x1033 U  70795  70791     66
  72496 42579        0.0390     9        0.0393        0.0390  2049927    0.85%            x846 D  72674  72670     71
  74224 43718        0.0392    11        0.0393        0.0390  2082039    0.85%            x832 D  74379  74375     90
  76014 45149        0.0392    11        0.0393        0.0390  2108229    0.85%           x1162 D  74061  74057     94
  77374 46642        0.0393     5        0.0393        0.0390  2149713    0.85%            x850 D  78804  78800     76
  78674 47465        0.0391    16        0.0393        0.0390  2182401    0.84%            x462 U  79030  79026     84
  79980 48544        0.0392    14        0.0393        0.0390  2213803    0.84%           x1142 U  80079  80067     88
Elapsed time = 149.03 sec. (60879.70 ticks, tree = 573.49 MB, solutions = 6)
  81069 49208        cutoff              0.0393        0.0390  2245355    0.84%            x860 U  79277  67781     91
  82094 49872        0.0393     4        0.0393        0.0390  2293754    0.84%           x1160 D  83560  83556    112
  83549 50656        0.0393    11        0.0393        0.0390  2319777    0.84%            x118 D  83495  83491    117
  85023 51749        0.0393    22        0.0393        0.0390  2355141    0.84%           x1033 U  86428  86424    100
  86503 53066        0.0391    20        0.0393        0.0390  2390616    0.84%            x723 U  87864  87860     86
  87920 53997        0.0393    15        0.0393        0.0390  2414576    0.84%            x790 D  87907  87899    124
  89289 55258        0.0393     7        0.0393        0.0390  2446586    0.84%           x1156 D  89107  89103    121
  90919 56338        0.0392    11        0.0393        0.0390  2475812    0.84%            x491 D  89353  89349    121
  92080 57427        cutoff              0.0393        0.0390  2526176    0.84%            x862 U  93724  52176     71
  93517 58147        0.0393     6        0.0393        0.0390  2550645    0.84%            x830 D  93411  93407    118
Elapsed time = 178.22 sec. (70432.52 ticks, tree = 685.53 MB, solutions = 6)
  94928 59327        0.0392    12        0.0393        0.0390  2588489    0.84%            x485 D  96612  96608    106
  96159 60283        0.0393    14        0.0393        0.0390  2625235    0.83%            x481 D  94845  94841     81
  97462 61163        0.0391    15        0.0393        0.0390  2658878    0.83%            x808 D  97170  97166     89
  98736 61912        0.0391    18        0.0393        0.0390  2685938    0.83%           x1035 U  97329  97325     70
  99818 62601        0.0392    13        0.0393        0.0390  2724669    0.83%            x717 U  99542  99534    100
 100797 63259        0.0392    19        0.0393        0.0390  2760955    0.83%            x466 D 100559 100555    120
 101691 63638        0.0391    20        0.0393        0.0390  2801827    0.83%            x554 D 103868 103864     83
 102928 64055        0.0391    13        0.0393        0.0390  2824412    0.83%            x514 D 101781 101773     98
 104326 65218        0.0392    15        0.0393        0.0390  2871949    0.83%            x119 U 106384 106380    106
 105724 66173        0.0392    16        0.0393        0.0390  2906889    0.83%            x511 D 104733 104725     60
Elapsed time = 204.47 sec. (79972.91 ticks, tree = 759.01 MB, solutions = 6)
 106971 66851        cutoff              0.0393        0.0390  2941077    0.82%           x1035 D 106707 106699     43
 108425 67883        0.0392    12        0.0393        0.0390  2970961    0.82%            x858 D 107966 107962     96
 109998 69114        0.0390    16        0.0393        0.0390  3008211    0.82%           x1033 U 109635 109631     78
 111603 70148        0.0391    13        0.0393        0.0390  3036959    0.82%            x459 D 111266 111258     84
 113123 71340        0.0392    11        0.0393        0.0390  3071307    0.82%           x1135 D 115124 115120     94
 114572 72639        0.0392    12        0.0393        0.0390  3106467    0.82%            x858 D 113465 113461     95
 116279 74127        0.0391    14        0.0393        0.0390  3143248    0.82%            x548 U 115882 115878     80
 117483 75303        0.0393    11        0.0393        0.0390  3183772    0.82%            x868 D 116939 116935    100
 118750 75960        0.0391    13        0.0393        0.0390  3208412    0.82%            x556 D 118247 118239     71
 123726 79537        0.0392    21        0.0393        0.0390  3348065    0.82%            x462 U 122929 122925     99
Elapsed time = 240.19 sec. (92378.81 ticks, tree = 902.36 MB, solutions = 6)
 128812 82248        0.0392    11        0.0393        0.0390  3484050    0.81%            x479 D 128323 128319    121
 134776 86772        0.0393    10        0.0393        0.0390  3632620    0.81%            x936 U 134381 134377    141
 140719 90573        0.0392     9        0.0393        0.0390  3755948    0.80%            x721 U 142588 142584    113
 147045 95639        cutoff              0.0393        0.0390  3889981    0.80%            x459 U 147069 147061    102
 152790 99753        0.0392    10        0.0393        0.0390  4018628    0.80%            x442 D 151842 151838    103
 159325 104921        0.0392    15        0.0393        0.0390  4155359    0.80%            x548 U 158318 158306     93
 165896 109335        0.0393    12        0.0393        0.0390  4260261    0.80%            x870 D 164933 164925    114
 171980 114112        0.0391    18        0.0393        0.0390  4399029    0.80%           x1034 U 174000 173996     65
 178243 119147        0.0391    16        0.0393        0.0390  4532072    0.80%            x862 D 177266 177262    105
 183770 122592        cutoff              0.0393        0.0390  4654889    0.80%            x866 U 183559  58491     84
Elapsed time = 361.62 sec. (130529.95 ticks, tree = 1431.17 MB, solutions = 6)
 188366 125433        0.0393    16        0.0393        0.0390  4815056    0.79%            x431 D 188175 188171    100
 192906 127375        0.0391    11        0.0393        0.0390  4965838    0.78%           x1044 D 192142 192134     80
 198423 130172        0.0392    14        0.0393        0.0390  5082866    0.77%            x434 D 200184 200180     88
 204628 134746        0.0392    14        0.0393        0.0390  5205772    0.77%            x701 U 203481 203469     92
 210503 139359        0.0392    15        0.0393        0.0390  5337834    0.77%            x724 U 209553 209549     81
 214596 141067        cutoff              0.0393        0.0390  5493438    0.77%           x1033 D 213625  17891     81
 218172 141993        0.0392    10        0.0393        0.0390  5643413    0.76%            x832 D 218167 218163    111
 222767 143692        cutoff              0.0393        0.0390  5792107    0.75%           x1141 U 224236 224228    104
 229045 147940        cutoff              0.0393        0.0390  5930336    0.74%           x1033 U 230748 230744     72
 233613 150158        0.0391    13        0.0393        0.0390  6086398    0.74%            x790 D 235544 235540     87
Elapsed time = 460.45 sec. (168684.96 ticks, tree = 1704.44 MB, solutions = 6)
 239023 151554        0.0393    11        0.0393        0.0390  6220135    0.73%            x858 D 237517 237513    105
 245096 155843        0.0392    11        0.0393        0.0390  6381319    0.72%            x431 U 245791 245787     81
 250476 158414        0.0391    27        0.0393        0.0390  6512412    0.71%            x724 U 251599  18246     78
 256489 162278        0.0392    14        0.0393        0.0390  6634626    0.70%            x448 D 255706 255702    114
 260970 164546        0.0392    17        0.0393        0.0390  6785263    0.70%            x850 D 262467 262463     94
 265328 166548        cutoff              0.0393        0.0390  6927915    0.70%           x1035 U 266304 266296     78
 269220 168176        0.0393    12        0.0393        0.0390  7067117    0.69%            x427 D 269940 269936     84
 273262 169519        cutoff              0.0393        0.0391  7242600    0.68%            x864 U 274775 111480     77
 276593 170023        0.0393    17        0.0393        0.0391  7408437    0.68%            x753 D 278351 278347     93
 278279 170388        0.0393    12        0.0393        0.0391  7512740    0.67%            x830 D 277125 277121     80
Elapsed time = 546.53 sec. (206841.06 ticks, tree = 1854.11 MB, solutions = 6)
 279729 170706        0.0393    10        0.0393        0.0391  7581956    0.67%            x548 U 278293 122814     75
 280904 171015        0.0393    15        0.0393        0.0391  7653081    0.67%            x548 U 280017 121893     79
 282232 171498        0.0393    15        0.0393        0.0391  7719635    0.66%            x548 U 283328 108191     79
 283550 171875        0.0393    15        0.0393        0.0391  7766321    0.66%            x548 U 282933 117320     79
 285533 172033        0.0393    15        0.0393        0.0391  7895359    0.66%            x701 D 285563 285559     89
 287700 172162        0.0393     9        0.0393        0.0391  7986819    0.66%            x935 U 289600 289596     72
 289966 172575        cutoff              0.0393        0.0391  8114706    0.65%            x864 U 288637 169276     85
 292186 172989        cutoff              0.0393        0.0391  8216745    0.65%            x711 D 292263 292259     92
 294109 173112        0.0392    13        0.0393        0.0391  8310377    0.65%            x830 D 294198 294194     87

Cover cuts applied:  19
Flow cuts applied:  4
Gomory fractional cuts applied:  3

Root node processing (before b&c):
  Real time             =    0.47 sec. (493.26 ticks)
Parallel b&c, 4 threads:
  Real time             =  599.55 sec. (244535.13 ticks)
  Sync time (average)   =   32.31 sec.
  Wait time (average)   =    0.00 sec.
                          ------------
Total (root+branch&cut) =  600.02 sec. (245028.39 ticks)
