Version identifier: 22.2.0.0 | 2026-05-04 | 5dff98e58
CPXPARAM_Read_DataCheck                          1
CPXPARAM_Threads                                 4
CPXPARAM_Parallel                                1
CPXPARAM_RandomSeed                              20260925
CPXPARAM_Simplex_Tolerances_Optimality           1.0000000000000001e-09
CPXPARAM_Simplex_Tolerances_Feasibility          1.0000000000000001e-09
CPXPARAM_TimeLimit                               600
CPXPARAM_MIP_Tolerances_AbsMIPGap                1.0000000000000001e-09
CPXPARAM_MIP_Tolerances_Integrality              1.0000000000000001e-09
Legacy callback                                  i
Found incumbent of value 0.000000 after 0.00 sec. (0.08 ticks)
Tried aggregator 2 times.
MIP Presolve eliminated 40 rows and 1 columns.
MIP Presolve modified 504 coefficients.
Aggregator did 12 substitutions.
Reduced MIP has 656 rows, 697 columns, and 5658 nonzeros.
Reduced MIP has 174 binaries, 0 generals, 0 SOSs, and 0 indicators.
Presolve time = 0.00 sec. (3.08 ticks)
Probing time = 0.00 sec. (0.17 ticks)
Tried aggregator 1 time.
Detecting symmetries...
Reduced MIP has 656 rows, 697 columns, and 5658 nonzeros.
Reduced MIP has 174 binaries, 0 generals, 0 SOSs, and 0 indicators.
Presolve time = 0.00 sec. (2.25 ticks)
Probing time = 0.00 sec. (0.17 ticks)
MIP emphasis: balance optimality and feasibility.
MIP search method: dynamic search.
Parallel mode: deterministic, using up to 4 threads.
Root relaxation solution time = 0.02 sec. (13.40 ticks)

        Nodes                                         Cuts/
   Node  Left     Objective  IInf  Best Integer    Best Bound    ItCnt     Gap

*     0+    0                            0.0000       -1.0000              --- 
      0     0       -0.2820    43        0.0000       -0.2820      528     --- 
*     0+    0                           -0.0658       -0.2820           328.65%
*     0+    0                           -0.0658       -0.2820           328.65%
      0     0       -0.2811    58       -0.0658   MIRcuts: 42     1109  327.35%
      0     0       -0.2809    67       -0.0658   MIRcuts: 41     1570  327.08%
*     0+    0                           -0.1151       -0.2809           144.05%
      0     0       -0.2789    72       -0.1151   MIRcuts: 37     2212  142.26%
      0     0       -0.2784    75       -0.1151      Cuts: 27     2901  141.80%
*     0+    0                           -0.1291       -0.2784           115.58%
      0     0  -1.00000e+75     0       -0.1291       -0.2784     2901  115.58%
      0     0       -0.2771    85       -0.1291   MIRcuts: 27     3504  114.60%
Detecting symmetries...
      0     0       -0.2744    90       -0.1291   MIRcuts: 27     3878  112.48%
      0     0       -0.2735    94       -0.1291      Cuts: 17     4030  111.81%
*     0+    0                           -0.1398       -0.2735            95.64%
      0     0       -0.2720    92       -0.1398   MIRcuts: 26     4223   94.61%
      0     0       -0.2707    84       -0.1398   MIRcuts: 22     4467   93.62%
*     0+    0                           -0.1399       -0.2707            93.41%
*     0+    0                           -0.1645       -0.2707            64.58%
*     0+    0                           -0.1688       -0.2707            60.38%
*     0+    0                           -0.1778       -0.2707            52.23%
*     0+    0                           -0.1786       -0.2707            51.52%
*     0+    0                           -0.1815       -0.2707            49.14%
      0     0  -1.00000e+75     0       -0.1815       -0.2707     4467   49.14%
*     0+    0                           -0.1929       -0.2707            40.34%
      0     0       -0.2696    84       -0.1929   MIRcuts: 15     4595   39.81%
      0     0       -0.2692    93       -0.1929   MIRcuts: 12     4707   39.60%
      0     0       -0.2688    94       -0.1929   MIRcuts: 13     4848   39.37%
      0     0       -0.2686    93       -0.1929    MIRcuts: 7     4967   39.27%
      0     0       -0.2686    92       -0.1929    MIRcuts: 3     4992   39.26%
      0     0       -0.2686    92       -0.1929    MIRcuts: 3     5039   39.25%
*     0+    0                           -0.1954       -0.2686            37.41%
Detecting symmetries...
      0     2       -0.2686    92       -0.1954       -0.2650     5039   35.56%
Elapsed time = 1.14 sec. (1175.46 ticks, tree = 0.02 MB, solutions = 13)
     25    17       -0.2653    86       -0.1954       -0.2650    10678   35.56%
*    27+   12                           -0.1972       -0.2650            34.36%
    110    71       -0.2386    24       -0.1972       -0.2650    23153   34.36%
*   192+  154                           -0.2093       -0.2650            26.59%
    244   182       -0.2163    18       -0.2093       -0.2650    43219   26.59%
    317   226       -0.2099    17       -0.2093       -0.2650    51781   26.59%
    437   332       -0.2234    23       -0.2093       -0.2647    72041   26.47%
    542   403       -0.2393    50       -0.2093       -0.2647    81408   26.47%
*   557+  402                           -0.2099       -0.2647            26.10%
*   559+  402                           -0.2106       -0.2647            25.70%
    636   463       -0.2479    71       -0.2106       -0.2638    90878   25.25%
    734   547       -0.2524    64       -0.2106       -0.2635    99765   25.12%
    878   680       -0.2231    41       -0.2106       -0.2635   111104   25.12%

Performing restart 1

Repeating presolve.
Tried aggregator 1 time.
MIP Presolve modified 168 coefficients.
Reduced MIP has 656 rows, 697 columns, and 5606 nonzeros.
Reduced MIP has 174 binaries, 0 generals, 0 SOSs, and 0 indicators.
Presolve time = 0.00 sec. (2.52 ticks)
Tried aggregator 1 time.
Reduced MIP has 656 rows, 697 columns, and 5606 nonzeros.
Reduced MIP has 174 binaries, 0 generals, 0 SOSs, and 0 indicators.
Presolve time = 0.00 sec. (2.25 ticks)
Represolve time = 0.00 sec. (13.66 ticks)
   1227     0       -0.2672    85       -0.2106   MIRcuts: 19   142623   24.57%
   1227     0       -0.2661    84       -0.2106      Cuts: 24   142820   24.57%
   1227     0       -0.2660    84       -0.2106      Cuts: 19   142909   24.57%
   1227     0       -0.2659    84       -0.2106   MIRcuts: 15   143001   24.57%
   1227     0       -0.2658    90       -0.2106    MIRcuts: 5   143074   24.57%
   1227     0       -0.2656    90       -0.2106    MIRcuts: 9   143184   24.57%
   1227     2       -0.2656    89       -0.2106       -0.2623   143184   24.57%
Elapsed time = 4.89 sec. (5272.63 ticks, tree = 0.02 MB, solutions = 17)
   1316    68       -0.2275    44       -0.2106       -0.2623   163318   24.57%
   1655   338       -0.2569    80       -0.2106       -0.2621   205501   24.44%
   2140   782       -0.2288    57       -0.2106       -0.2599   253895   23.42%
   2474  1025       -0.2573    84       -0.2106       -0.2586   296142   22.79%
   2858  1327       -0.2422    70       -0.2106       -0.2579   355086   22.46%
   3369  1855       -0.2390    62       -0.2106       -0.2570   401605   22.05%
   3912  2322       -0.2294    45       -0.2106       -0.2565   450986   21.80%
   4454  2859       -0.2321    57       -0.2106       -0.2558   502954   21.48%
   5007  3289       -0.2521    79       -0.2106       -0.2554   551732   21.30%
*  5403+ 3562                           -0.2124       -0.2553            20.16%
   5592  3651       -0.2452    64       -0.2124       -0.2552   597930   20.11%
Elapsed time = 12.81 sec. (14860.32 ticks, tree = 13.13 MB, solutions = 18)
   6034  4051       -0.2419    68       -0.2124       -0.2548   649576   19.95%
   6585  4593       -0.2283    54       -0.2124       -0.2545   702280   19.78%
   7114  5032       -0.2393    63       -0.2124       -0.2542   754292   19.67%
   7634  5508       -0.2169    27       -0.2124       -0.2540   798946   19.54%
   8205  6005       -0.2166    51       -0.2124       -0.2538   858048   19.45%
   8657  6493       -0.2341    59       -0.2124       -0.2536   920660   19.36%
   9232  6865       -0.2134    36       -0.2124       -0.2534   961916   19.26%
   9783  7317       -0.2186    46       -0.2124       -0.2530  1017840   19.11%
  10289  7906       -0.2326    58       -0.2124       -0.2528  1079505   19.01%
  10839  8355       -0.2200    39       -0.2124       -0.2526  1131405   18.91%
Elapsed time = 20.52 sec. (24420.28 ticks, tree = 36.15 MB, solutions = 18)
  11411  8724       -0.2445    79       -0.2124       -0.2525  1171590   18.86%
  12045  9270       -0.2354    60       -0.2124       -0.2521  1232802   18.68%
  12525  9733       -0.2254    51       -0.2124       -0.2520  1282734   18.60%
  13061 10257       -0.2489    76       -0.2124       -0.2519  1348178   18.58%
  13621 10704       -0.2290    44       -0.2124       -0.2517  1407191   18.47%
  14110 11223       -0.2282    48       -0.2124       -0.2516  1464681   18.42%
  14661 11530       -0.2301    47       -0.2124       -0.2514  1509260   18.35%
  15215 11974       -0.2305    46       -0.2124       -0.2513  1563269   18.30%
  15700 12604       -0.2369    73       -0.2124       -0.2512  1644578   18.26%
  16290 12939       -0.2266    44       -0.2124       -0.2511  1680836   18.19%
Elapsed time = 28.12 sec. (33983.18 ticks, tree = 56.96 MB, solutions = 18)
  16797 13508       -0.2389    79       -0.2124       -0.2509  1753183   18.12%
  17294 13886       -0.2136    52       -0.2124       -0.2508  1793504   18.07%
  17794 14320       -0.2232    42       -0.2124       -0.2507  1853309   18.02%
  18316 14807       -0.2279    45       -0.2124       -0.2506  1923282   17.98%
  18929 15191       -0.2184    27       -0.2124       -0.2506  1966436   17.94%
  19484 15671       -0.2420    60       -0.2124       -0.2504  2027832   17.89%
  19972 16049       -0.2167    45       -0.2124       -0.2503  2068801   17.83%
  20422 16513       -0.2374    63       -0.2124       -0.2502  2136169   17.76%
  20916 16906       -0.2329    63       -0.2124       -0.2500  2187024   17.70%
  21410 17339       -0.2176    48       -0.2124       -0.2500  2237626   17.66%
Elapsed time = 36.00 sec. (43541.74 ticks, tree = 79.78 MB, solutions = 18)
  21883 17684       -0.2421    66       -0.2124       -0.2499  2284349   17.61%
  22429 18234       -0.2335    59       -0.2124       -0.2498  2352104   17.58%
  22929 18581       -0.2195    53       -0.2124       -0.2497  2390151   17.53%
  23486 19310       -0.2174    49       -0.2124       -0.2496  2481301   17.47%
  23933 19728       -0.2146    27       -0.2124       -0.2495  2533041   17.45%
  24340 20090       -0.2232    65       -0.2124       -0.2494  2587468   17.42%
  24867 20325       -0.2294    55       -0.2124       -0.2494  2620191   17.40%
  25156 20823       -0.2182    45       -0.2124       -0.2493  2676366   17.36%
  25375 20951       -0.2295    55       -0.2124       -0.2493  2693755   17.36%
* 25437+20391                           -0.2137       -0.2493            16.67%
  25658 21244       -0.2434    56       -0.2137       -0.2493  2729773   16.67%
Elapsed time = 44.23 sec. (53121.73 ticks, tree = 102.06 MB, solutions = 18)
  25954 21516       -0.2226    46       -0.2137       -0.2493  2757900   16.67%
  26215 21676       -0.2292    56       -0.2137       -0.2493  2775181   16.67%
  26494 21916       -0.2158    34       -0.2137       -0.2493  2802859   16.67%
  26744 22153       -0.2159    47       -0.2137       -0.2493  2831902   16.67%
  27098 21735       -0.2218    29       -0.2137       -0.2493  2858103   16.67%
  27465 22121       -0.2451    77       -0.2137       -0.2490  2907860   16.50%
  27932 22436       -0.2279    69       -0.2137       -0.2489  2946874   16.48%
  28443 22654       -0.2263    55       -0.2137       -0.2488  2976388   16.44%
  28912 23356       -0.2297    51       -0.2137       -0.2487  3066959   16.40%
  29348 23666       -0.2398    72       -0.2137       -0.2487  3107970   16.38%
Elapsed time = 52.75 sec. (62673.40 ticks, tree = 114.86 MB, solutions = 19)
  29837 24059       -0.2369    63       -0.2137       -0.2486  3165699   16.34%
  30274 24291       -0.2146    48       -0.2137       -0.2486  3195278   16.32%
  30688 24699       -0.2321    63       -0.2137       -0.2484  3251833   16.26%
  31193 25397       -0.2339    63       -0.2137       -0.2484  3342158   16.22%
  31725 25725       -0.2417    74       -0.2137       -0.2483  3384712   16.19%
  32210 26055       -0.2162    37       -0.2137       -0.2482  3428671   16.16%
  32704 26512       -0.2327    46       -0.2137       -0.2482  3486895   16.13%
  33200 26945       -0.2196    39       -0.2137       -0.2481  3545099   16.11%
  33655 27269       -0.2206    47       -0.2137       -0.2480  3590994   16.07%
  34114 27974       -0.2258    33       -0.2137       -0.2479  3688862   16.02%
Elapsed time = 60.31 sec. (72236.16 ticks, tree = 139.11 MB, solutions = 19)
  34612 27965       -0.2427    59       -0.2137       -0.2479  3687552   16.01%
  35128 28496       -0.2332    69       -0.2137       -0.2479  3760108   15.99%
  35663 28898       -0.2321    60       -0.2137       -0.2478  3806105   15.97%
  36172 29487       -0.2374    71       -0.2137       -0.2478  3881789   15.95%
  36726 29910       -0.2155    51       -0.2137       -0.2477  3935618   15.92%
  37169 30099       -0.2329    72       -0.2137       -0.2477  3955393   15.90%
  37692 30784       -0.2409    75       -0.2137       -0.2476  4055185   15.87%
  38141 31253       -0.2318    61       -0.2137       -0.2475  4113871   15.85%
  38720 31492       -0.2211    52       -0.2137       -0.2475  4143792   15.82%
  39248 32076       -0.2170    47       -0.2137       -0.2475  4214765   15.80%
Elapsed time = 68.25 sec. (81796.68 ticks, tree = 164.12 MB, solutions = 19)
  39713 32339       -0.2161    37       -0.2137       -0.2474  4247501   15.78%
  40216 32983       -0.2181    47       -0.2137       -0.2474  4332655   15.76%
  40757 33193       -0.2259    53       -0.2137       -0.2473  4367046   15.73%
  41262 33685       -0.2404    82       -0.2137       -0.2473  4427886   15.71%
  41701 34340        cutoff             -0.2137       -0.2472  4510952   15.69%
  42211 34541       -0.2350    63       -0.2137       -0.2472  4538555   15.67%
  42720 35130       -0.2232    62       -0.2137       -0.2471  4616343   15.65%
  43213 35508       -0.2414    64       -0.2137       -0.2471  4666574   15.64%
  43762 35723       -0.2215    51       -0.2137       -0.2470  4692650   15.60%
  45736 37688       -0.2237    41       -0.2137       -0.2469  4942943   15.54%
Elapsed time = 78.97 sec. (94213.93 ticks, tree = 195.06 MB, solutions = 19)
  47599 39293       -0.2406    72       -0.2137       -0.2467  5164724   15.46%

Performing restart 2

Repeating presolve.
Tried aggregator 1 time.
Reduced MIP has 656 rows, 697 columns, and 5606 nonzeros.
Reduced MIP has 174 binaries, 0 generals, 0 SOSs, and 0 indicators.
Presolve time = 0.00 sec. (1.60 ticks)
Tried aggregator 1 time.
Reduced MIP has 656 rows, 697 columns, and 5606 nonzeros.
Reduced MIP has 174 binaries, 0 generals, 0 SOSs, and 0 indicators.
Presolve time = 0.00 sec. (2.25 ticks)
Represolve time = 0.03 sec. (19.12 ticks)
  48365     0       -0.2616   103       -0.2137       Cuts: 7  5291731   15.42%
  48365     0       -0.2614   102       -0.2137    MIRcuts: 5  5291807   15.42%
  48365     0       -0.2606    96       -0.2137    MIRcuts: 5  5292017   15.42%
  48365     0       -0.2603    93       -0.2137   MIRcuts: 14  5292141   15.42%
  48365     0       -0.2602    89       -0.2137       Cuts: 4  5292193   15.42%
  48365     0       -0.2601    90       -0.2137      Cuts: 13  5292277   15.42%
  48365     0       -0.2600    95       -0.2137    MIRcuts: 5  5292339   15.42%
  48365     2       -0.2600    95       -0.2137       -0.2466  5292339   15.42%
* 48422+   39                           -0.2163       -0.2466            14.04%
  48935   400       -0.2418    72       -0.2163       -0.2466  5373721   14.04%
  50921  2164       -0.2471    68       -0.2163       -0.2466  5582164   14.04%
* 52519+ 3490                           -0.2179       -0.2466            13.20%
  53381  3957       -0.2226    50       -0.2179       -0.2466  5795236   13.20%
  55894  6212       -0.2358    54       -0.2179       -0.2466  6036248   13.20%
  58540  8399       -0.2342    60       -0.2179       -0.2466  6269026   13.20%
  61196 10677       -0.2365    57       -0.2179       -0.2466  6515161   13.20%
  64019 12845       -0.2189    38       -0.2179       -0.2466  6742722   13.20%
* 64319+13272                           -0.2186       -0.2466            12.83%
* 64320+13270                           -0.2224       -0.2466            10.92%
  65874 12692       -0.2333    61       -0.2224       -0.2466  6937394   10.92%
Elapsed time = 110.61 sec. (132685.07 ticks, tree = 70.57 MB, solutions = 23)
  67613 14128       -0.2228    55       -0.2224       -0.2466  7155164   10.92%
  69415 15456       -0.2349    65       -0.2224       -0.2466  7353922   10.92%
  71131 16870       -0.2260    69       -0.2224       -0.2465  7575302   10.87%
* 71923+17432                           -0.2226       -0.2464            10.69%
  72908 18191       -0.2361    58       -0.2226       -0.2463  7802692   10.64%
  74639 19504       -0.2385    58       -0.2226       -0.2462  8007909   10.57%
  76312 20704       -0.2244    49       -0.2226       -0.2460  8200087   10.48%
  77983 22066       -0.2262    55       -0.2226       -0.2458  8428583   10.39%
  79680 23204       -0.2247    64       -0.2226       -0.2456  8616185   10.32%
  81292 24364       -0.2357    66       -0.2226       -0.2454  8810243   10.23%
  82971 25786       -0.2374    75       -0.2226       -0.2453  9037251   10.17%
Elapsed time = 141.66 sec. (170849.87 ticks, tree = 140.15 MB, solutions = 24)
  84709 26941       -0.2285    55       -0.2226       -0.2451  9221747   10.11%
  86385 28370       -0.2337    57       -0.2226       -0.2450  9445079   10.05%
  88053 29764       -0.2260    58       -0.2226       -0.2448  9674094    9.97%
* 88806+30260                           -0.2263       -0.2448             8.15%
  89737 25381       -0.2309    33       -0.2263       -0.2447  9874788    8.12%
  91384 26580       -0.2363    59       -0.2263       -0.2446 10094405    8.05%
  93033 27654       -0.2403    84       -0.2263       -0.2444 10298349    7.97%
  94566 28723       -0.2270    59       -0.2263       -0.2442 10498644    7.91%
  96177 29722       -0.2325    66       -0.2263       -0.2441 10694079    7.84%
  97721 30821       -0.2298    68       -0.2263       -0.2439 10902970    7.77%
  99322 31918        cutoff             -0.2263       -0.2437 11113209    7.68%
Elapsed time = 172.41 sec. (209024.22 ticks, tree = 175.69 MB, solutions = 25)
 100879 33137        cutoff             -0.2263       -0.2435 11363143    7.60%
 102581 34297       -0.2332    56       -0.2263       -0.2433 11582630    7.51%
 104241 35238       -0.2355    89       -0.2263       -0.2432 11756241    7.44%
 105791 36330       -0.2356    52       -0.2263       -0.2430 11986963    7.36%
 107430 37477       -0.2289    69       -0.2263       -0.2428 12213022    7.29%
 109010 38509       -0.2382    59       -0.2263       -0.2427 12432891    7.21%
 110601 39570       -0.2325    74       -0.2263       -0.2425 12663540    7.14%
 112188 40408       -0.2365    77       -0.2263       -0.2424 12837431    7.08%
 113821 41379        cutoff             -0.2263       -0.2422 13042812    7.01%
 115478 42390       -0.2329    66       -0.2263       -0.2420 13257853    6.93%
Elapsed time = 203.09 sec. (247203.09 ticks, tree = 237.06 MB, solutions = 25)
 117268 43740       -0.2267    59       -0.2263       -0.2419 13490271    6.88%
 118899 44842       -0.2373    75       -0.2263       -0.2418 13703777    6.81%
 120327 45656       -0.2325    63       -0.2263       -0.2417 13893599    6.76%
 121836 46650       -0.2266    56       -0.2263       -0.2415 14101420    6.72%
 123375 47633       -0.2291    58       -0.2263       -0.2415 14316988    6.68%
 124932 48426       -0.2291    55       -0.2263       -0.2413 14497296    6.62%
 126550 49482       -0.2282    42       -0.2263       -0.2412 14707013    6.58%
 128086 50679       -0.2265    60       -0.2263       -0.2411 14963623    6.53%
 129670 51521       -0.2341    43       -0.2263       -0.2410 15151630    6.48%
 131293 52571       -0.2286    51       -0.2263       -0.2409 15369091    6.43%
Elapsed time = 231.73 sec. (285382.71 ticks, tree = 293.84 MB, solutions = 25)
 132926 53634       -0.2363    57       -0.2263       -0.2408 15577147    6.39%
 134529 54748        cutoff             -0.2263       -0.2407 15806826    6.35%
 136194 55775       -0.2360    75       -0.2263       -0.2406 16012941    6.30%
 137610 56742       -0.2292    50       -0.2263       -0.2405 16212547    6.25%
 139146 57722       -0.2273    72       -0.2263       -0.2404 16432815    6.22%
 140663 58472       -0.2328    62       -0.2263       -0.2403 16626610    6.18%
 142262 59428       -0.2339    59       -0.2263       -0.2402 16831994    6.14%
 143716 60273       -0.2283    46       -0.2263       -0.2402 17013697    6.11%
 145364 61518       -0.2305    49       -0.2263       -0.2401 17299113    6.07%
 146913 62122       -0.2330    67       -0.2263       -0.2400 17438425    6.03%
Elapsed time = 260.31 sec. (323584.27 ticks, tree = 342.19 MB, solutions = 25)
 148431 63033       -0.2309    64       -0.2263       -0.2399 17658838    5.99%
 150047 64048       -0.2344    57       -0.2263       -0.2398 17891486    5.96%
 151602 65029        cutoff             -0.2263       -0.2397 18109481    5.91%
*152222+65503                           -0.2263       -0.2397             5.90%
 153179 66124       -0.2332    58       -0.2263       -0.2396 18335843    5.87%
 154778 66943       -0.2326    84       -0.2263       -0.2396 18513055    5.84%
 156362 67972       -0.2268    59       -0.2263       -0.2395 18737681    5.80%
 157891 68984        cutoff             -0.2263       -0.2394 18970423    5.77%
 159476 69850       -0.2340    68       -0.2263       -0.2393 19150415    5.74%
 161035 70785        cutoff             -0.2263       -0.2393 19364389    5.71%
 162543 71676       -0.2314    51       -0.2263       -0.2392 19578233    5.69%
Elapsed time = 288.78 sec. (361755.31 ticks, tree = 392.96 MB, solutions = 26)
 164100 72572       -0.2289    66       -0.2263       -0.2391 19789510    5.65%
 165645 73433       -0.2343    88       -0.2263       -0.2391 19998959    5.63%
 167222 74525       -0.2347    84       -0.2263       -0.2390 20247416    5.60%
 168844 75341       -0.2303    73       -0.2263       -0.2389 20414500    5.57%
 170517 76299       -0.2340    65       -0.2263       -0.2389 20636820    5.54%
 172139 77262       -0.2337    74       -0.2263       -0.2388 20855981    5.51%
 173702 78025       -0.2275    50       -0.2263       -0.2388 21030083    5.49%
 175356 79029       -0.2370    67       -0.2263       -0.2387 21265985    5.46%
 176967 80035       -0.2298    63       -0.2263       -0.2386 21474356    5.43%
 178652 81039       -0.2340    55       -0.2263       -0.2386 21706228    5.40%
Elapsed time = 317.16 sec. (399925.92 ticks, tree = 438.74 MB, solutions = 26)
 180158 81893       -0.2268    67       -0.2263       -0.2385 21925628    5.37%
 181794 82904       -0.2270    72       -0.2263       -0.2384 22155272    5.35%
 183367 83495       -0.2272    62       -0.2263       -0.2384 22306284    5.33%
 185015 84456       -0.2316    46       -0.2263       -0.2383 22520911    5.30%
 186559 85207       -0.2268    60       -0.2263       -0.2383 22714871    5.28%
 188103 86096       -0.2302    66       -0.2263       -0.2382 22932227    5.26%
 189711 87043        cutoff             -0.2263       -0.2382 23157297    5.24%
 191333 88193       -0.2337    50       -0.2263       -0.2381 23412174    5.21%
 192945 88802       -0.2299    71       -0.2263       -0.2381 23550042    5.19%
 194512 89902       -0.2306    62       -0.2263       -0.2380 23822027    5.17%
Elapsed time = 345.67 sec. (438110.77 ticks, tree = 479.88 MB, solutions = 26)
 196056 90644       -0.2264    47       -0.2263       -0.2380 24019241    5.15%
 197673 91614       -0.2279    35       -0.2263       -0.2380 24241669    5.13%
 199245 92349        cutoff             -0.2263       -0.2379 24444814    5.11%
 200894 93081       -0.2347    66       -0.2263       -0.2379 24629984    5.09%
 202476 93992        cutoff             -0.2263       -0.2378 24830933    5.07%
 204008 95025       -0.2267    59       -0.2263       -0.2378 25107045    5.05%
 205685 95781       -0.2309    54       -0.2263       -0.2377 25280898    5.02%
 207313 96730       -0.2297    74       -0.2263       -0.2377 25518292    5.01%
 208992 97623       -0.2292    74       -0.2263       -0.2376 25709989    4.98%
 210709 98856       -0.2285    60       -0.2263       -0.2376 25974885    4.96%
Elapsed time = 374.09 sec. (476282.15 ticks, tree = 519.20 MB, solutions = 26)
 212393 99515       -0.2323    67       -0.2263       -0.2375 26123088    4.94%
 214001 100443        cutoff             -0.2263       -0.2375 26329810    4.92%
 215720 101256       -0.2294    47       -0.2263       -0.2374 26537920    4.90%
 217398 102464       -0.2278    62       -0.2263       -0.2374 26806705    4.88%
 219083 103193        cutoff             -0.2263       -0.2373 26975031    4.86%
 220622 104203       -0.2353    58       -0.2263       -0.2373 27228314    4.84%
 222263 105075       -0.2335    36       -0.2263       -0.2373 27444931    4.82%
 223985 106049       -0.2287    34       -0.2263       -0.2372 27671122    4.80%
 225742 106795       -0.2299    55       -0.2263       -0.2372 27845885    4.79%
 227333 107599       -0.2278    51       -0.2263       -0.2371 28039643    4.77%
Elapsed time = 402.55 sec. (514454.17 ticks, tree = 556.98 MB, solutions = 26)
 228800 108568       -0.2342    59       -0.2263       -0.2371 28270449    4.75%
 230176 109183       -0.2282    36       -0.2263       -0.2371 28446936    4.73%
 231757 110008       -0.2264    67       -0.2263       -0.2370 28675974    4.71%
 233268 110769        cutoff             -0.2263       -0.2370 28865351    4.70%
 234811 111484       -0.2300    59       -0.2263       -0.2369 29057635    4.68%
 236296 112256       -0.2284    72       -0.2263       -0.2369 29272690    4.67%
 237773 113051       -0.2325    67       -0.2263       -0.2369 29484237    4.65%
 239153 113810       -0.2320    69       -0.2263       -0.2368 29721476    4.63%
 240433 114535       -0.2316    77       -0.2263       -0.2368 29933373    4.62%
 241895 114985       -0.2305    60       -0.2263       -0.2368 30065047    4.60%
Elapsed time = 431.30 sec. (552658.75 ticks, tree = 593.17 MB, solutions = 26)
 243263 115931       -0.2358    67       -0.2263       -0.2367 30329832    4.59%
 244590 116373       -0.2311    60       -0.2263       -0.2367 30462322    4.57%
 245938 117154       -0.2296    46       -0.2263       -0.2367 30699309    4.56%
 247347 117981        cutoff             -0.2263       -0.2366 30936263    4.54%
 248698 118696       -0.2316    60       -0.2263       -0.2366 31152878    4.52%
 250125 119363       -0.2269    64       -0.2263       -0.2365 31365547    4.50%
 251564 120082       -0.2303    69       -0.2263       -0.2365 31561120    4.49%
 252821 120622        cutoff             -0.2263       -0.2365 31726771    4.47%
 254129 121255       -0.2280    73       -0.2263       -0.2364 31938303    4.46%
 255401 121811       -0.2266    45       -0.2263       -0.2364 32152819    4.45%
Elapsed time = 460.14 sec. (590832.20 ticks, tree = 622.08 MB, solutions = 26)
 256711 122314       -0.2312    73       -0.2263       -0.2364 32323072    4.43%
 258007 122765       -0.2279    46       -0.2263       -0.2363 32504718    4.42%
 259407 123372        cutoff             -0.2263       -0.2363 32702547    4.40%
 260928 123941       -0.2273    74       -0.2263       -0.2363 32875615    4.39%
 262254 124735       -0.2292    57       -0.2263       -0.2362 33099127    4.37%
 263626 125432       -0.2283    58       -0.2263       -0.2362 33341465    4.36%
 264893 125981       -0.2310    63       -0.2263       -0.2362 33540765    4.35%
 266266 126513        cutoff             -0.2263       -0.2362 33722463    4.33%
 267628 127227       -0.2316    69       -0.2263       -0.2361 33969924    4.32%
 268998 127651        cutoff             -0.2263       -0.2361 34109294    4.30%
Elapsed time = 488.55 sec. (629009.60 ticks, tree = 649.14 MB, solutions = 26)
 270290 128355       -0.2281    35       -0.2263       -0.2361 34347112    4.29%
 271622 128963       -0.2268    75       -0.2263       -0.2360 34558120    4.28%
 272938 129322       -0.2285    68       -0.2263       -0.2360 34696508    4.26%
 274222 129874       -0.2300    61       -0.2263       -0.2360 34924387    4.25%
 275472 130326       -0.2308    71       -0.2263       -0.2359 35079257    4.23%
 276721 130938       -0.2300    67       -0.2263       -0.2359 35331017    4.22%
 278201 131502       -0.2279    54       -0.2263       -0.2359 35523319    4.20%
 279490 132121       -0.2284    52       -0.2263       -0.2358 35729046    4.19%
 280938 132799       -0.2271    66       -0.2263       -0.2358 35962162    4.18%
 282276 133475       -0.2268    52       -0.2263       -0.2358 36171361    4.16%
Elapsed time = 516.73 sec. (667176.96 ticks, tree = 679.67 MB, solutions = 26)
 283713 133865        cutoff             -0.2263       -0.2357 36310343    4.15%
 285117 134674       -0.2322    76       -0.2263       -0.2357 36576291    4.14%
 286426 135309        cutoff             -0.2263       -0.2357 36808670    4.13%
 287809 135607       -0.2278    63       -0.2263       -0.2357 36925463    4.12%
 289135 136193       -0.2302    68       -0.2263       -0.2356 37162979    4.10%
 290492 136732       -0.2290    52       -0.2263       -0.2356 37349699    4.09%
 291784 137112       -0.2327    70       -0.2263       -0.2356 37543016    4.08%
Starting limited solution polishing.
 293083 137862        cutoff             -0.2263       -0.2355 37806388    4.06%
 294336 138157       -0.2281    56       -0.2263       -0.2355 37919814    4.05%
 295130 138694       -0.2303    64       -0.2263       -0.2355 38116574    4.04%
Elapsed time = 546.42 sec. (705362.60 ticks, tree = 703.54 MB, solutions = 26)
 295863 138977       -0.2320    48       -0.2263       -0.2355 38208274    4.03%
 296622 139386       -0.2296    60       -0.2263       -0.2354 38340822    4.02%
 297321 139671       -0.2301    70       -0.2263       -0.2354 38444919    4.01%
 297903 139882       -0.2302    51       -0.2263       -0.2354 38508429    4.01%
 298510 140040        cutoff             -0.2263       -0.2354 38592400    4.00%
 299155 140412        cutoff             -0.2263       -0.2354 38697399    3.99%
 300244 140718       -0.2320    59       -0.2263       -0.2354 38803486    3.99%
 301027 141088        cutoff             -0.2263       -0.2354 38963826    3.98%
 301455 141365        cutoff             -0.2263       -0.2353 39059042    3.98%
 302263 141638       -0.2323    40       -0.2263       -0.2353 39140725    3.97%
Elapsed time = 576.97 sec. (744372.68 ticks, tree = 717.83 MB, solutions = 26)
 302821 141908       -0.2330    60       -0.2263       -0.2353 39227067    3.96%
 303378 142178       -0.2280    46       -0.2263       -0.2353 39334500    3.96%
 304007 142390       -0.2273    65       -0.2263       -0.2353 39415664    3.95%
 304663 142555       -0.2332    67       -0.2263       -0.2353 39482370    3.95%
 305434 143002       -0.2290    60       -0.2263       -0.2353 39641822    3.94%
 306114 143282       -0.2318    73       -0.2263       -0.2353 39721457    3.94%
 306997 143609       -0.2278    48       -0.2263       -0.2352 39843928    3.93%

Mixed integer rounding cuts applied:  325
Lift and project cuts applied:  3

Root node processing (before b&c):
  Real time             =    1.14 sec. (1174.73 ticks)
Parallel b&c, 4 threads:
  Real time             =  598.88 sec. (772712.59 ticks)
  Sync time (average)   =   15.02 sec.
  Wait time (average)   =    0.00 sec.
                          ------------
Total (root+branch&cut) =  600.02 sec. (773887.32 ticks)
