Version identifier: 22.2.0.0 | 2026-05-04 | 5dff98e58
CPXPARAM_Read_DataCheck                          1
CPXPARAM_Threads                                 4
CPXPARAM_Parallel                                1
CPXPARAM_RandomSeed                              20260925
CPXPARAM_Simplex_Tolerances_Optimality           1.0000000000000001e-09
CPXPARAM_Simplex_Tolerances_Feasibility          1.0000000000000001e-09
CPXPARAM_TimeLimit                               600
CPXPARAM_MIP_Tolerances_AbsMIPGap                1.0000000000000001e-09
CPXPARAM_MIP_Tolerances_Integrality              1.0000000000000001e-09
Legacy callback                                  i
2 of 26 MIP starts provided solutions.
MIP start 'm1' defined initial solution with objective 0.1435.
Tried aggregator 2 times.
MIP Presolve eliminated 41 rows and 1 columns.
MIP Presolve modified 504 coefficients.
Aggregator did 12 substitutions.
Reduced MIP has 656 rows, 697 columns, and 5658 nonzeros.
Reduced MIP has 174 binaries, 0 generals, 0 SOSs, and 0 indicators.
Presolve time = 0.00 sec. (3.06 ticks)
Probing time = 0.00 sec. (0.17 ticks)
Tried aggregator 1 time.
Detecting symmetries...
Reduced MIP has 656 rows, 697 columns, and 5658 nonzeros.
Reduced MIP has 174 binaries, 0 generals, 0 SOSs, and 0 indicators.
Presolve time = 0.00 sec. (2.22 ticks)
Probing time = 0.00 sec. (0.17 ticks)
MIP emphasis: balance optimality and feasibility.
MIP search method: dynamic search.
Parallel mode: deterministic, using up to 4 threads.
Root relaxation solution time = 0.00 sec. (5.69 ticks)

        Nodes                                         Cuts/
   Node  Left     Objective  IInf  Best Integer    Best Bound    ItCnt     Gap

*     0+    0                            0.1435        0.0000           100.00%
      0     0        0.1373    26        0.1435        0.1373      306    4.32%
      0     0        0.1373    39        0.1435      Cuts: 23      442    4.32%
      0     0        0.1373    38        0.1435      Cuts: 27      619    4.32%
*     0+    0                            0.1433        0.1373             4.17%
Detecting symmetries...
      0     2        0.1373    31        0.1433        0.1373      619    4.17%
Elapsed time = 0.55 sec. (478.32 ticks, tree = 0.02 MB, solutions = 3)
    185   130        0.1381    27        0.1433        0.1373    14060    4.17%
    555   421        0.1394    31        0.1433        0.1373    37857    4.17%
    929   714        0.1381    36        0.1433        0.1374    59194    4.14%

Performing restart 1

Repeating presolve.
Tried aggregator 1 time.
MIP Presolve modified 258 coefficients.
Reduced MIP has 656 rows, 697 columns, and 5606 nonzeros.
Reduced MIP has 174 binaries, 0 generals, 0 SOSs, and 0 indicators.
Presolve time = 0.00 sec. (2.39 ticks)
Tried aggregator 1 time.
Reduced MIP has 656 rows, 697 columns, and 5606 nonzeros.
Reduced MIP has 174 binaries, 0 generals, 0 SOSs, and 0 indicators.
Presolve time = 0.00 sec. (2.16 ticks)
Represolve time = 0.00 sec. (6.43 ticks)
   1262     0        0.1373    35        0.1433      Cuts: 17    76279    4.08%
   1262     0        0.1373    42        0.1433      Cuts: 11    76405    4.08%
   1262     0        0.1373    40        0.1433      Cuts: 10    76609    4.08%
   1262     0        0.1373    40        0.1433       Cuts: 6    76874    4.08%
   1262     0        0.1374    41        0.1433      Cuts: 26    76996    4.08%
   1262     0        0.1374    46        0.1433      Cuts: 18    77157    4.08%
   1262     2        0.1374    38        0.1433        0.1375    77157    4.08%
   1312    22        0.1385    32        0.1433        0.1375    78490    4.08%
   1502   186        0.1401    22        0.1433        0.1375    96250    4.08%
   1765   347        0.1375    39        0.1433        0.1375   113880    4.08%
   2130   631        0.1382    28        0.1433        0.1375   133468    4.03%
   2510   994        0.1409    23        0.1433        0.1376   155092    3.97%
   4054  2199        0.1393    19        0.1433        0.1378   239604    3.84%
Elapsed time = 4.92 sec. (5107.98 ticks, tree = 11.06 MB, solutions = 3)
   5878  3690        0.1416    24        0.1433        0.1380   322905    3.73%
   7526  4931        0.1384    33        0.1433        0.1381   407528    3.66%
   9155  6114        0.1400    28        0.1433        0.1382   496505    3.60%
  10943  7475        0.1411    25        0.1433        0.1382   584853    3.55%
  12862  9048        0.1398    20        0.1433        0.1383   678957    3.51%
  14695 10382        0.1403    19        0.1433        0.1384   761346    3.47%
  16441 11892        0.1416    21        0.1433        0.1384   868105    3.45%
  18402 13430        0.1389    21        0.1433        0.1384   965398    3.40%
  20353 14985        0.1402    19        0.1433        0.1384  1062647    3.40%
  22279 16057        0.1403    23        0.1433        0.1384  1137947    3.40%
Elapsed time = 13.16 sec. (14649.51 ticks, tree = 86.97 MB, solutions = 3)
  24067 17450        0.1408    23        0.1433        0.1385  1235475    3.39%
  25414 18886        0.1414    19        0.1433        0.1385  1335102    3.38%
  26302 19500        0.1408    18        0.1433        0.1385  1380639    3.38%
  27362 20479        0.1406    22        0.1433        0.1385  1438957    3.38%
  28376 21194        0.1393    19        0.1433        0.1385  1483770    3.38%
  29346 21837        0.1412    28        0.1433        0.1385  1525010    3.38%
  30343 22776        0.1428    27        0.1433        0.1385  1577757    3.38%
  31299 23488        0.1424    25        0.1433        0.1385  1627695    3.38%
  32724 24388        0.1386    19        0.1433        0.1386  1688415    3.32%
  34403 25616        0.1400    18        0.1433        0.1386  1786298    3.31%
Elapsed time = 20.92 sec. (24190.93 ticks, tree = 140.63 MB, solutions = 3)
  36074 26630        cutoff              0.1433        0.1386  1873344    3.30%
  38003 27964        0.1428    22        0.1433        0.1386  1959066    3.26%
  39660 29445        0.1409    20        0.1433        0.1387  2070917    3.24%
  41461 30533        0.1406    23        0.1433        0.1387  2155741    3.23%
  43110 31648        0.1401    19        0.1433        0.1387  2235522    3.22%
  44725 32845        0.1414    37        0.1433        0.1387  2338102    3.21%
  46523 34120        0.1388    16        0.1433        0.1387  2438160    3.20%
  48089 35095        cutoff              0.1433        0.1388  2523571    3.18%

Performing restart 2

Repeating presolve.
Tried aggregator 1 time.
MIP Presolve modified 90 coefficients.
Reduced MIP has 656 rows, 697 columns, and 5606 nonzeros.
Reduced MIP has 174 binaries, 0 generals, 0 SOSs, and 0 indicators.
Presolve time = 0.00 sec. (1.54 ticks)
Tried aggregator 1 time.
Reduced MIP has 656 rows, 697 columns, and 5606 nonzeros.
Reduced MIP has 174 binaries, 0 generals, 0 SOSs, and 0 indicators.
Presolve time = 0.00 sec. (2.16 ticks)
Represolve time = 0.02 sec. (9.33 ticks)
  48447     0        0.1374    37        0.1433      Cuts: 19  2591006    3.18%
  48447     0        0.1374    47        0.1433      Cuts: 11  2591122    3.18%
  48447     0        0.1374    34        0.1433      Cuts: 17  2591299    3.18%
  48447     0        0.1374    41        0.1433      Cuts: 21  2591386    3.18%
  48447     2        0.1374    32        0.1433        0.1388  2591386    3.18%
* 48452+    2                            0.1433        0.1388             3.18%
  48881   239        0.1408    24        0.1433        0.1388  2618092    3.18%
Elapsed time = 28.72 sec. (33805.65 ticks, tree = 0.51 MB, solutions = 3)
  50468  1552        0.1411    24        0.1433        0.1388  2696638    3.18%
  52269  2828        0.1396    21        0.1433        0.1388  2790851    3.18%
  53981  4109        cutoff              0.1433        0.1388  2880245    3.18%
  55603  4987        0.1420    17        0.1433        0.1388  2960643    3.18%
  57472  6247        0.1394    17        0.1433        0.1388  3057763    3.18%
  59458  7724        0.1389    18        0.1433        0.1388  3152206    3.18%
  61181  8755        0.1399    14        0.1433        0.1388  3247728    3.18%
  62868  9756        0.1425    16        0.1433        0.1388  3336808    3.14%
  64609 10893        0.1404    18        0.1433        0.1389  3436240    3.11%
  66359 11798        0.1399    19        0.1433        0.1389  3512001    3.09%
Elapsed time = 36.33 sec. (43349.45 ticks, tree = 59.92 MB, solutions = 3)
  68313 13133    infeasible              0.1433        0.1389  3619694    3.09%
  70078 13909        0.1397    20        0.1433        0.1389  3697656    3.08%
  71877 15301        0.1395    15        0.1433        0.1389  3807952    3.05%
  73486 16353        0.1415    21        0.1433        0.1390  3899993    3.03%
  75358 17210    infeasible              0.1433        0.1390  3972171    3.01%
  76889 18249        cutoff              0.1433        0.1390  4070528    3.00%
  78337 19271        0.1418    20        0.1433        0.1390  4173869    2.99%
  79834 20308        0.1408    14        0.1433        0.1390  4270930    2.98%
  81435 21232        0.1393    16        0.1433        0.1391  4360784    2.98%
  83061 21996        0.1420    30        0.1433        0.1391  4439744    2.97%
Elapsed time = 43.89 sec. (52891.84 ticks, tree = 116.58 MB, solutions = 3)
  84683 23082        0.1432    27        0.1433        0.1391  4544535    2.95%
  86325 24173        0.1393    19        0.1433        0.1391  4635302    2.95%
  87897 25151    infeasible              0.1433        0.1391  4728192    2.93%
  89504 25947        0.1407    17        0.1433        0.1391  4809277    2.92%
  91194 27059        0.1403    15        0.1433        0.1391  4898241    2.92%
  92818 28061        0.1432    21        0.1433        0.1392  4994694    2.90%
  94202 29081        cutoff              0.1433        0.1392  5114694    2.89%
  95572 29679        cutoff              0.1433        0.1392  5190322    2.89%
  97196 30767        0.1428    29        0.1433        0.1392  5301188    2.88%
  98747 31545        0.1399    25        0.1433        0.1392  5377495    2.87%
Elapsed time = 51.44 sec. (62435.45 ticks, tree = 168.33 MB, solutions = 3)
 100365 32565        0.1423    32        0.1433        0.1392  5481122    2.86%
 101721 33115        cutoff              0.1433        0.1392  5554359    2.86%
 103231 33874        cutoff              0.1433        0.1393  5659537    2.84%
 104520 34475        0.1404    19        0.1433        0.1393  5746180    2.84%
 105848 35195        0.1423    30        0.1433        0.1393  5838097    2.84%
 107250 36034        cutoff              0.1433        0.1393  5942601    2.84%
 108596 36401        cutoff              0.1433        0.1393  6003763    2.83%
 110003 37043        0.1397    19        0.1433        0.1393  6093895    2.82%
 111467 37831        0.1413    27        0.1433        0.1393  6176787    2.81%
 113001 38849        0.1399    19        0.1433        0.1393  6276179    2.79%
Elapsed time = 58.98 sec. (71977.13 ticks, tree = 215.26 MB, solutions = 3)
 114455 39826        0.1403    17        0.1433        0.1393  6372360    2.79%
 116024 40632        0.1413    25        0.1433        0.1393  6460581    2.78%
 117463 41423        0.1393    29        0.1433        0.1393  6555512    2.78%
 119011 42079        0.1416    22        0.1433        0.1393  6623591    2.77%
 120644 43048        cutoff              0.1433        0.1394  6711165    2.77%
 122255 44073        0.1399    16        0.1433        0.1394  6817960    2.76%
 123822 44996        0.1408    23        0.1433        0.1394  6909959    2.76%
 125430 46016        0.1394    18        0.1433        0.1394  7005923    2.75%
 127032 46876        0.1412    17        0.1433        0.1394  7084477    2.75%
 128324 47776        0.1407    16        0.1433        0.1394  7186189    2.75%
Elapsed time = 66.33 sec. (81519.44 ticks, tree = 269.84 MB, solutions = 3)
 129729 48452        0.1405    18        0.1433        0.1394  7280928    2.74%
 131056 49075    infeasible              0.1433        0.1394  7369975    2.74%
 132516 49617        cutoff              0.1433        0.1394  7451015    2.74%
 133991 50336        0.1416    19        0.1433        0.1394  7526618    2.74%
 135502 51219        cutoff              0.1433        0.1394  7613914    2.73%
 136970 51897        0.1412    26        0.1433        0.1394  7696950    2.73%
 138570 52833        0.1425    17        0.1433        0.1394  7795406    2.73%
 140135 53897        0.1398    18        0.1433        0.1394  7899256    2.72%
 141579 54493        cutoff              0.1433        0.1394  7963815    2.72%
 146966 57230    infeasible              0.1433        0.1395  8323871    2.70%
Elapsed time = 75.83 sec. (93922.08 ticks, tree = 329.70 MB, solutions = 3)
 152557 60002        0.1413    23        0.1433        0.1395  8648041    2.68%
 158161 62895        0.1423    24        0.1433        0.1395  9000867    2.67%
 164257 66361        0.1420    23        0.1433        0.1395  9330274    2.66%
 169545 69390        cutoff              0.1433        0.1395  9678584    2.66%
 175026 71853        0.1400    15        0.1433        0.1395  9994484    2.65%
 180234 74504        0.1433    28        0.1433        0.1395 10327782    2.64%
 185347 76944        0.1396    21        0.1433        0.1396 10628235    2.62%
 189905 79012        0.1403    24        0.1433        0.1396 10978488    2.61%
 195101 81127        0.1413    19        0.1433        0.1396 11265840    2.61%
 200339 83941        0.1397    20        0.1433        0.1396 11584006    2.60%
Elapsed time = 105.12 sec. (132078.42 ticks, tree = 513.66 MB, solutions = 3)
 205413 86192        cutoff              0.1433        0.1396 11923007    2.59%
 209757 88355        0.1408    23        0.1433        0.1396 12217105    2.58%
 214601 91013        0.1396    19        0.1433        0.1396 12494372    2.58%
 219387 93361        0.1419    23        0.1433        0.1396 12825988    2.57%
 224285 95990        0.1423    32        0.1433        0.1396 13111172    2.56%
 228902 98889        0.1406    19        0.1433        0.1397 13412578    2.56%
 233402 100943        0.1403    22        0.1433        0.1397 13688246    2.55%
 237924 103067        0.1397    19        0.1433        0.1397 13983920    2.55%
 242435 105086        0.1404    20        0.1433        0.1397 14270758    2.54%
 247100 107146    infeasible              0.1433        0.1397 14586519    2.54%
Elapsed time = 133.77 sec. (170239.56 ticks, tree = 685.27 MB, solutions = 3)
 251899 109387        cutoff              0.1433        0.1397 14893529    2.53%
 256843 111846        0.1403    25        0.1433        0.1397 15193955    2.52%
 261354 113878        0.1402    15        0.1433        0.1397 15458833    2.52%
 266245 116339        0.1422    25        0.1433        0.1397 15733303    2.51%
 270725 118618        0.1408    20        0.1433        0.1397 16058390    2.50%
 274900 120275        0.1412    31        0.1433        0.1397 16314648    2.50%
 279385 122237        0.1400    27        0.1433        0.1397 16581142    2.49%
 283966 124393        0.1418    20        0.1433        0.1397 16851032    2.49%
 288282 126755        0.1413    24        0.1433        0.1398 17144728    2.49%
 292835 129042        0.1400    10        0.1433        0.1398 17433205    2.48%
Elapsed time = 162.47 sec. (208393.68 ticks, tree = 861.45 MB, solutions = 3)
 297990 131662        0.1413    34        0.1433        0.1398 17724675    2.48%
 302231 133471    infeasible              0.1433        0.1398 17968755    2.47%
 306633 135664        0.1409    21        0.1433        0.1398 18248012    2.47%
 311825 138779        0.1412    19        0.1433        0.1398 18553403    2.47%
 316426 140858        0.1410    22        0.1433        0.1398 18829615    2.46%
 320863 143023        cutoff              0.1433        0.1398 19106089    2.46%
 325145 144817        cutoff              0.1433        0.1398 19373413    2.45%
 329136 146700        0.1412    27        0.1433        0.1398 19607413    2.45%
 333351 149060        0.1401    18        0.1433        0.1398 19899306    2.44%
 337551 150873        0.1399    18        0.1433        0.1398 20141114    2.44%
Elapsed time = 190.70 sec. (246553.87 ticks, tree = 1046.09 MB, solutions = 3)
 341912 152851        cutoff              0.1433        0.1398 20407090    2.43%
 346028 154855        0.1398    19        0.1433        0.1398 20683375    2.43%
 350914 157549        0.1402    22        0.1433        0.1398 20948781    2.42%
 355117 159620        cutoff              0.1433        0.1398 21200846    2.42%
 358976 161061        0.1422    22        0.1433        0.1399 21414740    2.42%
 363069 163094        0.1405    24        0.1433        0.1399 21721195    2.41%
 367146 164816        cutoff              0.1433        0.1399 21946862    2.41%
 371023 166390        0.1408    25        0.1433        0.1399 22203641    2.41%
 375052 168349        cutoff              0.1433        0.1399 22455424    2.40%
 379022 170243        0.1431    29        0.1433        0.1399 22695581    2.40%
Elapsed time = 218.98 sec. (284717.18 ticks, tree = 1226.90 MB, solutions = 3)
 383394 172686        cutoff              0.1433        0.1399 22943769    2.40%
 387587 174774        0.1426    22        0.1433        0.1399 23181126    2.39%
 391889 177792        0.1432    28        0.1433        0.1399 23422325    2.39%
 395657 180253        0.1417    25        0.1433        0.1399 23693502    2.39%
 399881 182601        0.1419    26        0.1433        0.1399 23919205    2.39%
 404323 185326        cutoff              0.1433        0.1399 24176951    2.39%
 408200 187145        cutoff              0.1433        0.1399 24415886    2.39%
 412345 189029        cutoff              0.1433        0.1399 24645713    2.38%
 416470 190708        0.1412    13        0.1433        0.1399 24865625    2.38%
 420110 192798        cutoff              0.1433        0.1399 25143671    2.38%
Elapsed time = 246.95 sec. (322871.50 ticks, tree = 1450.60 MB, solutions = 3)
 423907 194233        0.1399    21        0.1433        0.1399 25351902    2.37%
 427895 196376        0.1407    19        0.1433        0.1399 25600027    2.37%
 431327 198030        0.1399    24        0.1433        0.1399 25859446    2.37%
 435000 199456        cutoff              0.1433        0.1399 26084347    2.37%
 438762 201072        0.1421    17        0.1433        0.1399 26315032    2.36%
 442235 202480        0.1402    20        0.1433        0.1399 26526824    2.36%
 446094 204277        0.1413    15        0.1433        0.1399 26798817    2.36%
 449973 206228        0.1422    26        0.1433        0.1399 27030053    2.35%
 453602 207781        0.1404    22        0.1433        0.1399 27252812    2.35%
 457368 209614        0.1405    21        0.1433        0.1400 27481795    2.35%
Elapsed time = 274.41 sec. (361025.27 ticks, tree = 1616.68 MB, solutions = 3)
 460955 211383        0.1411    24        0.1433        0.1400 27713567    2.34%
 464523 213292        cutoff              0.1433        0.1400 27965754    2.34%
 468475 215260        0.1425    28        0.1433        0.1400 28170319    2.34%
 472187 217162        0.1406    22        0.1433        0.1400 28395922    2.34%
 475696 219353        0.1400    19        0.1433        0.1400 28629782    2.34%
 479194 220845        0.1421    25        0.1433        0.1400 28844989    2.34%
 482786 222758        0.1409    26        0.1433        0.1400 29099492    2.34%
 486337 224250        0.1400    27        0.1433        0.1400 29316616    2.33%
 489984 225813        0.1401    25        0.1433        0.1400 29542149    2.33%
 493425 227174        0.1408    24        0.1433        0.1400 29766222    2.33%
Elapsed time = 302.16 sec. (399187.77 ticks, tree = 1789.54 MB, solutions = 3)
 496783 228793        cutoff              0.1433        0.1400 30015969    2.33%
 500266 230186        0.1405    30        0.1433        0.1400 30221702    2.32%
 504162 231614        cutoff              0.1433        0.1400 30433601    2.32%
 507826 233650        cutoff              0.1433        0.1400 30660604    2.32%
 511248 235323        cutoff              0.1433        0.1400 30898102    2.32%
 515266 236808        0.1419    14        0.1433        0.1400 31090800    2.31%
 519851 240133        0.1412    17        0.1433        0.1400 31376833    2.31%
 523328 241465        0.1423    24        0.1433        0.1400 31562049    2.31%
 526879 242997        0.1405    24        0.1433        0.1400 31779482    2.31%
 530056 244446        0.1405    11        0.1433        0.1400 32008231    2.30%
Elapsed time = 330.00 sec. (437339.76 ticks, tree = 1970.54 MB, solutions = 3)
 533248 245652        0.1403    16        0.1433        0.1400 32211833    2.30%
 536872 247683        0.1415    25        0.1433        0.1400 32469525    2.30%
 540329 249377        0.1403    21        0.1433        0.1400 32684654    2.30%
 543802 250955    infeasible              0.1433        0.1400 32895953    2.30%
 547302 252241        0.1402    28        0.1433        0.1400 33102041    2.29%
 550725 254111        0.1404    31        0.1433        0.1400 33321503    2.29%
 554095 255228        cutoff              0.1433        0.1400 33510651    2.29%
 557595 256947        0.1414    22        0.1433        0.1400 33726323    2.28%
 561278 258662        0.1413    23        0.1433        0.1400 33933941    2.28%
 564158 260514        0.1427    21        0.1433        0.1400 34173926    2.28%
Elapsed time = 360.89 sec. (475512.74 ticks, tree = 2143.44 MB, solutions = 3)
Nodefile size = 92.77 MB (55.59 MB after compression)
 567294 261896        0.1420    26        0.1433        0.1400 34390448    2.28%
 570432 262943        0.1401    24        0.1433        0.1401 34558573    2.28%
 573966 264421        0.1420    33        0.1433        0.1401 34766435    2.28%
 577187 266118        0.1401    28        0.1433        0.1401 34988219    2.28%
 580268 267383        cutoff              0.1433        0.1401 35201451    2.27%
 583722 269126        cutoff              0.1433        0.1401 35437658    2.27%
 586961 270627        0.1401    23        0.1433        0.1401 35661252    2.27%
 590345 271830        0.1427    29        0.1433        0.1401 35860108    2.27%
 593731 272997        0.1405    16        0.1433        0.1401 36026918    2.27%
 596926 274691        0.1405    17        0.1433        0.1401 36231308    2.26%
Elapsed time = 393.75 sec. (513667.38 ticks, tree = 2283.62 MB, solutions = 3)
Nodefile size = 232.44 MB (137.79 MB after compression)
 600696 276955        0.1414    21        0.1433        0.1401 36497094    2.26%
 604043 278534        0.1422    27        0.1433        0.1401 36687219    2.26%
 607415 279694        0.1408    14        0.1433        0.1401 36858526    2.26%
 610545 281282        cutoff              0.1433        0.1401 37088988    2.26%
 613804 282598        0.1421    11        0.1433        0.1401 37273756    2.25%
 616797 283856        cutoff              0.1433        0.1401 37498443    2.25%
 620213 284956        0.1410    26        0.1433        0.1401 37667674    2.25%
 623034 286520        0.1415    23        0.1433        0.1401 37912291    2.25%
 626016 287651        0.1418    26        0.1433        0.1401 38077476    2.25%
 629059 288835        cutoff              0.1433        0.1401 38288313    2.24%
Elapsed time = 426.44 sec. (551821.35 ticks, tree = 2429.79 MB, solutions = 3)
Nodefile size = 377.58 MB (222.04 MB after compression)
 632168 290266        0.1410    35        0.1433        0.1401 38488660    2.24%
 635114 291604        0.1408    22        0.1433        0.1401 38674666    2.24%
 638235 292889        0.1402    22        0.1433        0.1401 38886938    2.24%
 641273 294215        0.1409    24        0.1433        0.1401 39081718    2.24%
 644490 295519        0.1418    18        0.1433        0.1401 39257876    2.24%
 647411 297235        0.1406    22        0.1433        0.1401 39500968    2.23%
 650506 298608        0.1419    33        0.1433        0.1401 39691788    2.23%
 653741 299850        0.1410    22        0.1433        0.1401 39849975    2.23%
 656318 300810        cutoff              0.1433        0.1401 40042641    2.23%
 659344 302306        0.1412    24        0.1433        0.1401 40274523    2.23%
Elapsed time = 460.20 sec. (589985.39 ticks, tree = 2585.18 MB, solutions = 3)
Nodefile size = 533.02 MB (311.33 MB after compression)
 661944 303492        0.1425    24        0.1433        0.1401 40432924    2.23%
 665306 304677        0.1401    22        0.1433        0.1401 40610878    2.23%
 668262 306205        0.1416    23        0.1433        0.1401 40808980    2.23%
 671145 307728        0.1405     9        0.1433        0.1401 41035134    2.23%
 674191 308796        0.1408    23        0.1433        0.1401 41199795    2.22%
 677250 310275        0.1418    21        0.1433        0.1401 41430010    2.22%
 679971 311423        0.1405    25        0.1433        0.1401 41627431    2.22%
 682674 312251        0.1407    24        0.1433        0.1401 41784522    2.22%
 685495 313213        0.1407    19        0.1433        0.1401 41942175    2.22%
 688374 314481        0.1403    16        0.1433        0.1401 42135425    2.22%
Elapsed time = 493.12 sec. (628140.82 ticks, tree = 2731.37 MB, solutions = 3)
Nodefile size = 677.21 MB (394.04 MB after compression)
 691269 315823        0.1423    27        0.1433        0.1401 42386865    2.22%
 694079 317065        cutoff              0.1433        0.1401 42547681    2.21%
 696912 318031        cutoff              0.1433        0.1401 42718099    2.21%
 699629 319114        0.1407    31        0.1433        0.1401 42918990    2.21%
 702343 320459        0.1428    21        0.1433        0.1401 43149591    2.21%
 705355 321455        cutoff              0.1433        0.1402 43331152    2.21%
 708270 322925        0.1411    24        0.1433        0.1402 43525761    2.21%
 711430 323576        0.1411    22        0.1433        0.1402 43627159    2.21%
 714635 325611        0.1420    29        0.1433        0.1402 43888522    2.20%
 717651 326916        cutoff              0.1433        0.1402 44073199    2.20%
Elapsed time = 526.19 sec. (666303.95 ticks, tree = 2875.82 MB, solutions = 3)
Nodefile size = 824.17 MB (477.66 MB after compression)
 720851 328585        0.1402    12        0.1433        0.1402 44287007    2.20%
 723429 329320        cutoff              0.1433        0.1402 44384664    2.20%
 726210 330383        0.1408    34        0.1433        0.1402 44564086    2.20%
 729056 331724        0.1404    20        0.1433        0.1402 44811352    2.20%
 731597 332699        0.1411    28        0.1433        0.1402 44980208    2.20%
 732987 333217        0.1425    31        0.1433        0.1402 45065560    2.19%
 734046 333600        cutoff              0.1433        0.1402 45155945    2.19%
 735212 334210        0.1402    20        0.1433        0.1402 45256900    2.19%
 736750 334596        0.1416    23        0.1433        0.1402 45336448    2.19%
 738124 335217    infeasible              0.1433        0.1402 45448772    2.19%
Elapsed time = 559.03 sec. (704462.77 ticks, tree = 2984.00 MB, solutions = 3)
Nodefile size = 931.23 MB (538.36 MB after compression)
 739511 335752        cutoff              0.1433        0.1402 45522900    2.19%
 740507 336116        0.1404    15        0.1433        0.1402 45588709    2.19%
 741742 336573        0.1403    25        0.1433        0.1402 45668674    2.19%
 743049 337044        0.1414    18        0.1433        0.1402 45737458    2.19%
 744103 337546        0.1425    23        0.1433        0.1402 45815861    2.19%
 745150 337935        0.1415    16        0.1433        0.1402 45877358    2.19%
 746284 338456        0.1415    26        0.1433        0.1402 45965099    2.19%
 747147 338883        cutoff              0.1433        0.1402 46030318    2.19%
 748342 339315    infeasible              0.1433        0.1402 46109470    2.19%
 749505 339674        0.1423    17        0.1433        0.1402 46163091    2.19%
Elapsed time = 591.41 sec. (742662.53 ticks, tree = 3038.31 MB, solutions = 3)
Nodefile size = 987.40 MB (570.05 MB after compression)
 750547 340293        0.1402    27        0.1433        0.1402 46234585    2.18%
 752186 340822        cutoff              0.1433        0.1402 46311405    2.18%

Cover cuts applied:  1211
Mixed integer rounding cuts applied:  17

Root node processing (before b&c):
  Real time             =    0.55 sec. (478.06 ticks)
Parallel b&c, 4 threads:
  Real time             =  600.72 sec. (754142.50 ticks)
  Sync time (average)   =   46.26 sec.
  Wait time (average)   =    0.01 sec.
                          ------------
Total (root+branch&cut) =  601.27 sec. (754620.56 ticks)
