Version identifier: 22.2.0.0 | 2026-05-04 | 5dff98e58
CPXPARAM_Read_DataCheck                          1
CPXPARAM_Threads                                 4
CPXPARAM_Parallel                                1
CPXPARAM_RandomSeed                              20260925
CPXPARAM_Simplex_Tolerances_Optimality           1.0000000000000001e-09
CPXPARAM_Simplex_Tolerances_Feasibility          1.0000000000000001e-09
CPXPARAM_TimeLimit                               600
CPXPARAM_MIP_Tolerances_AbsMIPGap                1.0000000000000001e-09
CPXPARAM_MIP_Tolerances_Integrality              1.0000000000000001e-09
Legacy callback                                  i
Tried aggregator 1 time.
MIP Presolve eliminated 1350 rows and 2 columns.
MIP Presolve modified 3414 coefficients.
Reduced MIP has 3966 rows, 4686 columns, and 49203 nonzeros.
Reduced MIP has 1164 binaries, 0 generals, 0 SOSs, and 0 indicators.
Presolve time = 0.02 sec. (32.63 ticks)
Probing time = 0.00 sec. (0.68 ticks)
Tried aggregator 1 time.
Detecting symmetries...
Reduced MIP has 3966 rows, 4686 columns, and 49203 nonzeros.
Reduced MIP has 1164 binaries, 0 generals, 0 SOSs, and 0 indicators.
Presolve time = 0.02 sec. (20.17 ticks)
Probing time = 0.00 sec. (0.77 ticks)
MIP emphasis: balance optimality and feasibility.
MIP search method: dynamic search.
Parallel mode: deterministic, using up to 4 threads.
Root relaxation solution time = 0.03 sec. (41.25 ticks)

        Nodes                                         Cuts/
   Node  Left     Objective  IInf  Best Integer    Best Bound    ItCnt     Gap

      0     0        0.0240    63                      0.0240      984         
      0     0        0.0240    58                  MIRcuts: 9     1038         
      0     0        0.0240    58                  MIRcuts: 2     1061         
      0     0        0.0240    55                  MIRcuts: 1     1077         
      0     0        0.0240    56                  MIRcuts: 6     1135         
      0     2        0.0240    56                      0.0240     1135         
Elapsed time = 2.12 sec. (2747.51 ticks, tree = 0.02 MB, solutions = 0)
     50    30        0.0247    61                      0.0240     3463         
    148    94        0.0247    58                      0.0240     5576         
    190   165        0.0255    46                      0.0240     8759         
    248   218        0.0255    49                      0.0240    11366         
    288   280        0.0249    51                      0.0240    16147         
    331   310        0.0271    25                      0.0240    21576         
    360   342    infeasible                            0.0240    30256         
    396   347    infeasible                            0.0240    39121         
    438   351    infeasible                            0.0240    44302         
    723   539        0.0272    28                      0.0240    67865         
Elapsed time = 4.70 sec. (5968.41 ticks, tree = 7.94 MB, solutions = 0)
   1002   762        0.0257    64                      0.0240    98196         
   1296  1018    infeasible                            0.0240   134188         
   1595  1250        0.0256    41                      0.0240   160118         
   1988  1589        0.0241    62                      0.0240   195963         
   2267  1865        0.0240    59                      0.0240   240761         

Performing restart 1

Repeating presolve.
Tried aggregator 1 time.
Reduced MIP has 3966 rows, 4686 columns, and 49203 nonzeros.
Reduced MIP has 1164 binaries, 0 generals, 0 SOSs, and 0 indicators.
Presolve time = 0.02 sec. (13.86 ticks)
Tried aggregator 1 time.
Reduced MIP has 3966 rows, 4686 columns, and 49203 nonzeros.
Reduced MIP has 1164 binaries, 0 generals, 0 SOSs, and 0 indicators.
Presolve time = 0.02 sec. (20.44 ticks)
Represolve time = 0.05 sec. (39.99 ticks)
   2349     0        0.0240    61                    Cuts: 19   252398         
   2349     0        0.0240    60                     Cuts: 4   252447         
   2349     0        0.0240    57                   Covers: 1   252495         
   2349     0        0.0240    61                    Cuts: 10   252617         
   2349     0        0.0240    60                     Cuts: 4   252671         
   2349     2        0.0240    56                      0.0240   252671         
   2467    95        0.0258    64                      0.0240   256261         
   2600   236        0.0256    57                      0.0240   263585         
   2710   338        0.0240    57                      0.0240   277925         
   2921   498        0.0254    57                      0.0240   291950         
Elapsed time = 15.38 sec. (20529.34 ticks, tree = 4.14 MB, solutions = 0)
   3156   723        0.0277    39                      0.0240   309897         
   3362   946        0.0258    66                      0.0240   330378         
   3593  1162        0.0242    52                      0.0240   355192         
   3871  1392        0.0243    57                      0.0240   379218         
   4171  1655        0.0249    60                      0.0240   399188         
   4471  1854        0.0273    56                      0.0240   421596         
   4695  2170        0.0268    29                      0.0240   455141         
   4911  2324        0.0255    57                      0.0240   474972         
   5097  2489        0.0265    33                      0.0240   499651         
   5359  2730        0.0256    49                      0.0240   511727         
Elapsed time = 22.83 sec. (30128.84 ticks, tree = 20.85 MB, solutions = 0)
   5537  2924        0.0243    55                      0.0240   528724         
   5816  3137        0.0264    38                      0.0240   541068         
   6105  3370        0.0260    41                      0.0240   557873         
   6366  3571    infeasible                            0.0240   571022         
   6571  3822        0.0242    62                      0.0240   588023         
   6830  4067        0.0244    53                      0.0240   604348         
   7083  4284        0.0242    56                      0.0240   621927         
   7319  4554        0.0244    60                      0.0240   640637         
   7600  4664        0.0244    53                      0.0240   652665         
   7846  4973        0.0267    52                      0.0240   673147         
Elapsed time = 30.44 sec. (39717.35 ticks, tree = 90.77 MB, solutions = 0)
   8089  5137        0.0249    57                      0.0240   684624         
   8382  5538        0.0259    43                      0.0240   709426         
   8675  5686        0.0277    48                      0.0240   722025         
   8964  5939        0.0243    57                      0.0240   739238         
   9180  6256        0.0247    60                      0.0240   764793         
   9514  6381        0.0251    55                      0.0240   772136         
   9823  6643    infeasible                            0.0240   788283         
  10126  7053        0.0252    58                      0.0240   814631         
  10373  7166        0.0255    47                      0.0240   823034         
  10556  7459        0.0264    51                      0.0240   852480         
Elapsed time = 38.56 sec. (49311.37 ticks, tree = 170.07 MB, solutions = 0)
  10761  7531        0.0275    61                      0.0240   859584         
  11096  7837        0.0281    54                      0.0240   878284         
  11441  8101        0.0260    43                      0.0240   894401         
  11721  8419        0.0266    39                      0.0240   916186         
  11941  8760        0.0255    51                      0.0240   934987         
  12175  8982        0.0251    48                      0.0240   950146         
  12499  9089        0.0242    62                      0.0240   960863         
  12745  9447        0.0248    53                      0.0240   982619         
  12924  9567        0.0247    44                      0.0240  1000246         
  13157  9799    infeasible                            0.0240  1018997         
Elapsed time = 46.70 sec. (58883.78 ticks, tree = 245.27 MB, solutions = 0)
  13478 10108        0.0243    61                      0.0240  1037368         
  13734 10249        0.0247    51                      0.0240  1049555         

Performing restart 2

Repeating presolve.
Tried aggregator 1 time.
Reduced MIP has 3966 rows, 4686 columns, and 49203 nonzeros.
Reduced MIP has 1164 binaries, 0 generals, 0 SOSs, and 0 indicators.
Presolve time = 0.02 sec. (13.86 ticks)
Tried aggregator 1 time.
Reduced MIP has 3966 rows, 4686 columns, and 49203 nonzeros.
Reduced MIP has 1164 binaries, 0 generals, 0 SOSs, and 0 indicators.
Presolve time = 0.00 sec. (20.44 ticks)
Represolve time = 0.05 sec. (41.72 ticks)
  13788     0        0.0240    59                     Cuts: 7  1069587         
  13788     0        0.0240    60                    Cuts: 14  1069707         
  13788     0        0.0240    61                     Cuts: 6  1069795         
  13788     0        0.0240    65                    Cuts: 14  1069980         
  13788     0        0.0240    56                  MIRcuts: 1  1070002         
  13788     0        0.0240    57                     Cuts: 7  1070104         
  13788     0        0.0240    60                     Cuts: 6  1070217         
  13788     0        0.0240    57                  MIRcuts: 2  1070229         
  13788     2        0.0240    55                      0.0241  1070229         
  13837    51        0.0241    52                      0.0241  1072440         
  13935   134        0.0242    62                      0.0241  1074733         
  14021   198        0.0246    51                      0.0241  1077642         
  14096   284        0.0252    45                      0.0241  1086370         
  14193   349        0.0263    43                      0.0241  1096593         
  14285   441        0.0279    46                      0.0241  1108996         
  14525   578        0.0266    44                      0.0241  1123083         
Elapsed time = 59.11 sec. (75282.64 ticks, tree = 6.08 MB, solutions = 0)
  14664   790        0.0270    19                      0.0241  1143753         
  14957  1021        0.0268    45                      0.0241  1165746         
  15214  1195        0.0253    41                      0.0241  1187762         
  15576  1496        0.0259    49                      0.0241  1215280         
  15842  1848        0.0243    60                      0.0241  1248602         
  16073  2056        0.0264    48                      0.0241  1267068         
  16418  2302        0.0243    58                      0.0241  1292688         
  16776  2634        0.0252    41                      0.0241  1326235         
  17220  2918        0.0272    53                      0.0241  1343166         
  17581  3380        0.0242    59                      0.0241  1383348         
Elapsed time = 66.66 sec. (84862.53 ticks, tree = 16.04 MB, solutions = 0)
  18045  3794        0.0245    51                      0.0241  1403740         
  18518  4187        0.0242    56                      0.0241  1432054         
  18862  4551        0.0260    50                      0.0241  1457338         
  19291  5030        0.0253    41                      0.0241  1497255         
  19552  5165        0.0241    60                      0.0241  1512058         
  19930  5625        0.0254    47                      0.0241  1555042         
  20374  5769        0.0242    58                      0.0241  1570387         
  20643  6233        0.0243    52                      0.0241  1610793         
  21157  6569        0.0255    38                      0.0241  1636296         
  21658  7026        0.0251    47                      0.0241  1665922         
Elapsed time = 73.95 sec. (94425.70 ticks, tree = 22.83 MB, solutions = 0)
  21960  7474        0.0251    42                      0.0241  1705159         
  22368  7791        0.0247    61                      0.0241  1729150         
  22889  8202        0.0244    58                      0.0241  1755842         
  23316  8584        0.0260    33                      0.0241  1780180         
  23747  8822        0.0246    48                      0.0241  1801872         
  24087  9323        0.0250    44                      0.0241  1845197         
  24494  9501        0.0246    56                      0.0241  1867646         
  25026 10024        0.0243    56                      0.0241  1906497         
  25584 10451        0.0246    59                      0.0241  1934540         
  27221 11971        0.0262    51                      0.0241  2053901         
Elapsed time = 82.95 sec. (106844.42 ticks, tree = 31.86 MB, solutions = 0)
  28676 13402        0.0244    63                      0.0241  2159687         
  30151 14687        0.0250    46                      0.0241  2257108         
  31552 15925        0.0243    51                      0.0241  2374578         
  33146 17268        0.0241    52                      0.0241  2490101         
  34556 18703        0.0266    46                      0.0241  2629696         
  35824 19837        0.0245    51                      0.0241  2739605         
  37484 21219        0.0267    55                      0.0241  2857977         
  38860 22396    infeasible                            0.0241  2964206         
  40588 24085        0.0243    59                      0.0241  3104022         
  42523 26054        0.0253    52                      0.0241  3260971         
Elapsed time = 109.80 sec. (145059.49 ticks, tree = 58.15 MB, solutions = 0)
  44247 27696        0.0267    29                      0.0241  3399114         
  46089 28938        0.0269    35                      0.0241  3501698         
  47848 30656        0.0241    55                      0.0241  3627790         
  49579 32366        0.0246    55                      0.0241  3769740         
  51124 33686        0.0269    51                      0.0241  3881956         
  52847 35269    infeasible                            0.0241  4009838         
  54465 36755        0.0248    54                      0.0241  4140082         
  56265 38370        0.0245    53                      0.0241  4267714         
  58304 40132        0.0248    56                      0.0241  4399794         
  59879 41714        0.0250    47                      0.0241  4528188         
Elapsed time = 139.50 sec. (183239.62 ticks, tree = 88.21 MB, solutions = 0)
  61411 43048        0.0257    51                      0.0241  4643714         
  62920 44362        0.0259    38                      0.0241  4764154         
  64469 46062        0.0250    60                      0.0241  4917024         
  66048 47341    infeasible                            0.0241  5025200         
  67732 49056        0.0243    59                      0.0241  5156346         
  69445 50567        0.0245    61                      0.0241  5293323         
  71040 52155        0.0248    57                      0.0241  5425379         
  72668 53509        0.0242    61                      0.0241  5531033         
  74368 54735        0.0254    35                      0.0241  5630851         
  75929 56293        0.0257    42                      0.0241  5770706         
Elapsed time = 167.75 sec. (221405.35 ticks, tree = 114.78 MB, solutions = 0)
  77686 58166        0.0241    55                      0.0241  5929824         
  79731 59626    infeasible                            0.0241  6053946         
  81642 61792        0.0264    41                      0.0241  6207883         
  83302 63124        0.0244    52                      0.0241  6326638         
  85126 64654        0.0260    25                      0.0241  6446321         
  87019 66117        0.0269    56                      0.0241  6571939         
  88798 68114        0.0264    43                      0.0241  6726124         
  90427 69574        0.0291    54                      0.0241  6866345         
  92283 71014        0.0268    46                      0.0241  6995733         
  93712 72344        0.0244    59                      0.0241  7126147         
Elapsed time = 194.34 sec. (259584.32 ticks, tree = 147.00 MB, solutions = 0)
  95460 74159    infeasible                            0.0241  7298741         
  97396 75447        0.0250    38                      0.0241  7414978         
  99070 77183    infeasible                            0.0241  7549220         
 100728 78604        0.0256    43                      0.0241  7684030         
 102518 79906        0.0249    52                      0.0241  7807811         
 104097 82016        0.0243    56                      0.0241  7982574         
 105972 83495        0.0265    50                      0.0241  8097886         
 107702 84814        0.0248    61                      0.0241  8215526         
 109223 86090        0.0243    52                      0.0241  8312884         
 110750 87930        0.0261    52                      0.0241  8487036         
Elapsed time = 220.41 sec. (297746.94 ticks, tree = 175.32 MB, solutions = 0)
 112277 89253    infeasible                            0.0241  8616318         
 114067 90814        0.0245    55                      0.0241  8753747         
 115700 91913        0.0252    40                      0.0241  8860174         
 117492 93651        0.0268    29                      0.0241  9010200         
 119287 95281        0.0248    51                      0.0241  9144016         
 121063 97222        0.0244    57                      0.0241  9303588         
 123137 99109        0.0253    56                      0.0241  9450670         
 124822 100390        0.0243    51                      0.0241  9561438         
 126684 101839        0.0243    58                      0.0241  9684833         
 128497 103798    infeasible                            0.0241  9837559         
Elapsed time = 246.53 sec. (335926.05 ticks, tree = 204.23 MB, solutions = 0)
 130620 105553        0.0260    41                      0.0241  9981812         
 132481 107170        0.0267    51                      0.0241 10105540         
 134131 108827        0.0246    60                      0.0241 10250852         
 135915 110112        0.0249    59                      0.0241 10363197         
 137463 112015    infeasible                            0.0241 10528124         
 138982 113292        0.0280    54                      0.0241 10654001         
 140611 114747        0.0260    37                      0.0241 10786508         
 141993 115923        0.0262    52                      0.0241 10903808         
 143557 117400        0.0246    51                      0.0241 11051580         
 145386 118829        0.0262    54                      0.0241 11177453         
Elapsed time = 273.08 sec. (374095.59 ticks, tree = 231.83 MB, solutions = 0)
 147221 120336        0.0261    33                      0.0241 11303824         
 149164 122262        0.0242    55                      0.0241 11452284         
 150805 123725        0.0252    45                      0.0241 11588827         
 152536 124967        0.0256    36                      0.0241 11709135         
 154230 126847        0.0248    57                      0.0241 11875845         
 155985 128192        0.0257    60                      0.0241 11993755         
 157560 129998        0.0254    32                      0.0241 12159016         
 159331 131414        0.0251    48                      0.0241 12276937         
 160872 132636        0.0249    57                      0.0241 12396314         
 162580 134343        0.0251    43                      0.0241 12546232         
Elapsed time = 301.17 sec. (412267.26 ticks, tree = 263.04 MB, solutions = 0)
 164514 135865        0.0263    47                      0.0241 12680657         
 166191 137638        0.0254    58                      0.0241 12848436         
 167742 138818        0.0270    58                      0.0241 12955476         
 169159 140135        0.0249    58                      0.0241 13084482         
 170894 141625        0.0268    53                      0.0241 13225626         
 172405 143000        0.0246    57                      0.0241 13343565         
 173771 144522        0.0248    57                      0.0241 13493112         
 175396 145658    infeasible                            0.0241 13609303         
 176898 147407        0.0252    38                      0.0241 13777861         
 178812 149039        0.0250    54                      0.0241 13918315         
Elapsed time = 329.98 sec. (450429.25 ticks, tree = 290.00 MB, solutions = 0)
 180421 149995        0.0247    46                      0.0241 14005646         
 182181 151487        0.0250    61                      0.0241 14143491         
 184090 153341        0.0259    57                      0.0241 14307403         
 185940 155062        0.0257    48                      0.0241 14444872         
 187658 156469    infeasible                            0.0241 14567230         
 189299 157849        0.0253    56                      0.0241 14702508         
 190980 159413        0.0243    55                      0.0241 14844408         
 192381 160821        0.0250    56                      0.0241 14973143         
 194229 162322        0.0244    57                      0.0241 15120835         
 195924 163805        0.0244    55                      0.0241 15249993         
Elapsed time = 358.73 sec. (488618.30 ticks, tree = 318.54 MB, solutions = 0)
 198114 165985        0.0249    57                      0.0241 15422652         
 199799 167803        0.0243    55                      0.0241 15577080         
 201698 168961        0.0242    56                      0.0241 15678182         
 203300 171048        0.0273    34                      0.0241 15856364         
 205177 172162        0.0242    55                      0.0241 15958728         
 206824 174297        0.0255    55                      0.0241 16153657         
 208351 175226        0.0260    53                      0.0241 16247585         
 209686 176842        0.0281    57                      0.0241 16410695         
 211170 178135        0.0268    32                      0.0241 16538267         
 213079 179285    infeasible                            0.0241 16656841         
Elapsed time = 386.98 sec. (526782.84 ticks, tree = 346.82 MB, solutions = 0)
 214918 181045        0.0259    31                      0.0241 16797152         
 216819 182456        0.0253    52                      0.0241 16921574         
 218660 184733        0.0268    33                      0.0241 17108374         
 220457 186346        0.0243    51                      0.0241 17266292         
 221782 187425        0.0260    53                      0.0241 17383654         
 223531 188585        0.0242    47                      0.0241 17499233         
 225264 190292        0.0254    37                      0.0241 17657855         
 227151 191678        0.0269    56                      0.0241 17784769         
 228841 193293    infeasible                            0.0241 17915427         
 230510 195299        0.0253    57                      0.0241 18101074         
Elapsed time = 415.08 sec. (564956.97 ticks, tree = 378.09 MB, solutions = 0)
 232445 197186        0.0243    56                      0.0241 18260672         
 234382 198432        0.0261    28                      0.0241 18361718         
 236104 200395        0.0250    50                      0.0241 18519726         
 237898 201830        0.0268    32                      0.0241 18645766         
 239746 203275        0.0271    36                      0.0241 18775439         
 241435 205101        0.0247    52                      0.0241 18943641         
 243182 206110        0.0260    40                      0.0241 19037420         
 244556 207855        0.0242    53                      0.0241 19203281         
 246071 208850        0.0274    66                      0.0241 19305789         
 247787 210677        0.0243    58                      0.0241 19484906         
Elapsed time = 451.98 sec. (603117.56 ticks, tree = 406.10 MB, solutions = 0)
 249543 212125        0.0255    55                      0.0241 19615218         
 251063 213675        0.0254    40                      0.0241 19769410         
 252869 214775        0.0251    54                      0.0241 19864834         
 254700 216480        0.0246    46                      0.0241 20011964         
 256606 218083        0.0255    45                      0.0241 20143981         
 258434 220101        0.0257    51                      0.0241 20319914         
 260162 221629        0.0255    34                      0.0241 20450871         
 261975 223126        0.0244    56                      0.0241 20585402         
 263598 224487        0.0248    50                      0.0241 20713595         
 265456 226458        0.0253    50                      0.0241 20885591         
Elapsed time = 482.12 sec. (641292.66 ticks, tree = 434.93 MB, solutions = 0)
 266917 227787        0.0259    60                      0.0241 21014960         
 268671 228838        0.0268    51                      0.0241 21121838         
 270152 230619        0.0242    51                      0.0241 21283419         
 271929 231806        0.0244    51                      0.0241 21386421         
 273547 233654        0.0252    44                      0.0241 21562378         
 275238 235021        0.0247    57                      0.0241 21698667         
 276910 236766        0.0245    52                      0.0241 21857581         
 278460 237767        0.0248    47                      0.0241 21960332         
 280097 239836        0.0242    52                      0.0241 22142431         
 281907 240625        0.0244    55                      0.0241 22220922         
Elapsed time = 512.50 sec. (679450.71 ticks, tree = 463.27 MB, solutions = 0)
 283956 242580        0.0242    61                      0.0241 22387532         
 285547 244204        0.0247    51                      0.0241 22510989         
 287369 246116    infeasible                            0.0241 22689928         
 288971 247221        0.0260    63                      0.0241 22794438         
 290806 249172        0.0255    48                      0.0241 22967680         
 292545 250823    infeasible                            0.0241 23117029         
 294070 252259        0.0247    50                      0.0241 23244938         
 295848 253459        0.0243    48                      0.0241 23349367         
 297543 255395        0.0252    55                      0.0241 23534289         
 299335 256630        0.0270    54                      0.0241 23639614         
Elapsed time = 543.36 sec. (717615.98 ticks, tree = 492.55 MB, solutions = 0)
 301170 258038        0.0252    47                      0.0241 23755981         
 302722 259772        0.0261    52                      0.0241 23902993         
 304143 261168        0.0241    52                      0.0241 24033923         
 305489 262109        0.0247    53                      0.0241 24146337         
 307327 264266        0.0243    58                      0.0241 24348224         
 309030 264939        0.0245    50                      0.0241 24411785         
 310924 266841        0.0248    48                      0.0241 24583533         
 312675 268849        0.0247    51                      0.0241 24753592         
 314131 269894        0.0254    49                      0.0241 24851194         
 315776 271873        0.0266    41                      0.0241 25057800         
Elapsed time = 573.16 sec. (755802.86 ticks, tree = 520.41 MB, solutions = 0)
 317380 272606        0.0271    32                      0.0241 25132091         
 319092 274517        0.0256    38                      0.0241 25320721         
 320671 276200        0.0242    46                      0.0241 25481571         
 322224 277661        0.0241    58                      0.0241 25617250         
 324133 279214        0.0262    45                      0.0241 25755627         
 326073 280450        0.0280    34                      0.0241 25866039         
 327922 282037        0.0251    47                      0.0241 26000597         
 329797 283975        0.0244    59                      0.0241 26168834         
 331299 285705    infeasible                            0.0241 26331157         

Mixed integer rounding cuts applied:  11
Gomory fractional cuts applied:  2

Root node processing (before b&c):
  Real time             =    2.12 sec. (2745.31 ticks)
Parallel b&c, 4 threads:
  Real time             =  597.89 sec. (790221.84 ticks)
  Sync time (average)   =   19.66 sec.
  Wait time (average)   =    0.01 sec.
                          ------------
Total (root+branch&cut) =  600.02 sec. (792967.14 ticks)
