Version identifier: 22.2.0.0 | 2026-05-04 | 5dff98e58
CPXPARAM_Read_DataCheck                          1
CPXPARAM_Threads                                 4
CPXPARAM_Parallel                                1
CPXPARAM_RandomSeed                              20260925
CPXPARAM_Simplex_Tolerances_Optimality           1.0000000000000001e-09
CPXPARAM_Simplex_Tolerances_Feasibility          1.0000000000000001e-09
CPXPARAM_TimeLimit                               600
CPXPARAM_MIP_Tolerances_AbsMIPGap                1.0000000000000001e-09
CPXPARAM_MIP_Tolerances_Integrality              1.0000000000000001e-09
Legacy callback                                  i
1 of 6 MIP starts provided solutions.
MIP start 'm1' defined initial solution with objective 0.0519.
Tried aggregator 2 times.
MIP Presolve eliminated 3106 rows and 1 columns.
MIP Presolve modified 4325 coefficients.
Aggregator did 30 substitutions.
Reduced MIP has 3888 rows, 4801 columns, and 38442 nonzeros.
Reduced MIP has 1200 binaries, 0 generals, 0 SOSs, and 0 indicators.
Presolve time = 0.05 sec. (50.88 ticks)
Probing time = 0.00 sec. (0.57 ticks)
Tried aggregator 1 time.
Detecting symmetries...
MIP Presolve modified 240 coefficients.
Reduced MIP has 3888 rows, 4801 columns, and 38442 nonzeros.
Reduced MIP has 1200 binaries, 0 generals, 0 SOSs, and 0 indicators.
Presolve time = 0.02 sec. (20.33 ticks)
Probing time = 0.00 sec. (0.65 ticks)
MIP emphasis: balance optimality and feasibility.
MIP search method: dynamic search.
Parallel mode: deterministic, using up to 4 threads.
Root relaxation solution time = 0.03 sec. (51.94 ticks)

        Nodes                                         Cuts/
   Node  Left     Objective  IInf  Best Integer    Best Bound    ItCnt     Gap

*     0+    0                            0.0519        0.0000           100.00%
      0     0        0.0473    35        0.0519        0.0473     1109    8.73%
      0     0        0.0473    32        0.0519       Cuts: 7     1219    8.73%
      0     0        0.0473    30        0.0519      Cuts: 13     1297    8.73%
      0     0        0.0473    31        0.0519    MIRcuts: 3     1338    8.73%
*     0+    0                            0.0500        0.0473             5.35%
*     0+    0                            0.0480        0.0473             1.44%
      0     0  -1.00000e+75     0        0.0480        0.0473     1338    1.44%
      0     2        0.0473    30        0.0480        0.0473     1338    1.44%
Elapsed time = 1.19 sec. (1191.33 ticks, tree = 0.02 MB, solutions = 3)
*    30+    1                            0.0480        0.0473             1.32%
     30    32        0.0474    23        0.0480        0.0473     2613    1.32%
*    31+    1                            0.0480        0.0473             1.32%
*    40+    2                            0.0480        0.0473             1.31%
*    45+    2                            0.0480        0.0473             1.31%
*    51+    1                            0.0479        0.0473             1.20%
     83    76        0.0475    19        0.0479        0.0473     3725    1.20%
    145   134        0.0473    27        0.0479        0.0473     6374    1.20%
*   203+  139                            0.0479        0.0473             1.20%
    227   177        0.0473    25        0.0479        0.0473     8521    1.20%
    347   282        0.0474    24        0.0479        0.0473    14198    1.20%
    457   369        0.0475    20        0.0479        0.0473    20173    1.20%
    580   496        0.0478    26        0.0479        0.0473    26731    1.20%
    729   550        0.0473    24        0.0479        0.0473    32044    1.20%
    888   696        0.0473    24        0.0479        0.0473    40127    1.20%
*  1247+  998                            0.0479        0.0473             1.16%
*  1248+  998                            0.0477        0.0473             0.83%
*  1254+  998                            0.0477        0.0473             0.83%
*  1255+  998                            0.0477        0.0473             0.81%
   1522   938        0.0474    19        0.0477        0.0473    64968    0.81%
Elapsed time = 4.20 sec. (4452.89 ticks, tree = 5.79 MB, solutions = 20)
   2240  1545        0.0475    30        0.0477        0.0473    94021    0.81%

Performing restart 1

Repeating presolve.
Tried aggregator 1 time.
MIP Presolve modified 2325 coefficients.
Reduced MIP has 3888 rows, 4801 columns, and 38442 nonzeros.
Reduced MIP has 1200 binaries, 0 generals, 0 SOSs, and 0 indicators.
Presolve time = 0.00 sec. (11.02 ticks)
Tried aggregator 1 time.
Reduced MIP has 3888 rows, 4801 columns, and 38442 nonzeros.
Reduced MIP has 1200 binaries, 0 generals, 0 SOSs, and 0 indicators.
Presolve time = 0.02 sec. (20.49 ticks)
Represolve time = 0.03 sec. (42.45 ticks)
*  2629+    0                            0.0477        0.0473             0.69%
   2629     0        0.0473    37        0.0477      Cuts: 12   113527    0.69%
   2629     0        0.0473    40        0.0477      Cuts: 10   113614    0.69%
   2629     0        0.0473    24        0.0477    MIRcuts: 2   113640    0.69%
   2629     0        0.0473    24        0.0477       Cuts: 5   113682    0.69%
   2629     0        0.0473    25        0.0477     Covers: 3   113756    0.69%
   2629     0        0.0473    26        0.0477       Cuts: 3   113796    0.69%
   2629     2        0.0473    26        0.0477        0.0473   113796    0.69%
*  2636+    1                            0.0477        0.0473             0.69%
*  2637+    1                            0.0476        0.0473             0.58%
*  2637+    1                            0.0476        0.0473             0.58%
*  2639+    1                            0.0476        0.0473             0.52%
*  2644+    2                            0.0476        0.0473             0.52%
   2757   118        0.0473    24        0.0476        0.0473   117876    0.52%
   3059   325        0.0476    25        0.0476        0.0473   126503    0.52%
*  3099+  378                            0.0476        0.0473             0.52%
*  3113+  378                            0.0476        0.0473             0.51%
*  3116+  378                            0.0476        0.0473             0.51%
*  3270+  463                            0.0476        0.0473             0.51%
   3503   681        0.0476    23        0.0476        0.0473   142397    0.51%
   3983  1005        0.0475    30        0.0476        0.0473   156861    0.51%
   4732  1544        0.0473    22        0.0476        0.0473   175019    0.51%
   5386  2117        0.0474    26        0.0476        0.0473   199491    0.51%
   6253  2777        0.0476    18        0.0476        0.0473   224870    0.51%
   6876  3241        0.0474    25        0.0476        0.0473   247153    0.51%
Elapsed time = 14.17 sec. (16385.99 ticks, tree = 9.36 MB, solutions = 38)
   7755  3810        0.0474    29        0.0476        0.0473   268212    0.51%
   8594  4448        0.0473    29        0.0476        0.0473   292120    0.51%
   9383  5071        0.0475    31        0.0476        0.0473   314424    0.51%
  10341  5734        0.0473    22        0.0476        0.0473   338816    0.51%
  11010  6315        0.0476    25        0.0476        0.0473   361530    0.51%
  11863  7029        0.0475    36        0.0476        0.0473   388311    0.51%
  12859  7795        0.0474    26        0.0476        0.0473   421520    0.51%
  13663  8234        0.0474    20        0.0476        0.0473   441226    0.51%
  14437  8797        0.0474    19        0.0476        0.0473   464429    0.51%
  15172  9535        0.0475    18        0.0476        0.0473   494248    0.51%
Elapsed time = 21.69 sec. (25942.65 ticks, tree = 21.93 MB, solutions = 38)
  16138 10025        0.0476    26        0.0476        0.0473   512991    0.51%
  17176 11024        0.0475    27        0.0476        0.0473   555173    0.51%
  17955 11656        0.0476    31        0.0476        0.0473   577739    0.51%
  18856 12055        cutoff              0.0476        0.0473   594907    0.51%
  19780 12737        0.0474    27        0.0476        0.0473   621890    0.51%
  20569 13406        0.0475    22        0.0476        0.0473   650765    0.51%
  21386 13924        0.0473    24        0.0476        0.0473   674524    0.51%
  22464 14694        0.0474    21        0.0476        0.0473   705156    0.51%
  23372 15319        0.0475    25        0.0476        0.0473   728365    0.51%
  24064 15970        0.0475    23        0.0476        0.0473   758286    0.51%
Elapsed time = 28.98 sec. (35495.27 ticks, tree = 37.79 MB, solutions = 38)
  24882 16443        0.0474    22        0.0476        0.0473   778085    0.51%
  25598 17148        0.0474    27        0.0476        0.0473   810076    0.51%
  26065 17796        0.0475    28        0.0476        0.0473   835733    0.51%
  26584 18080        0.0474    28        0.0476        0.0473   849165    0.51%
  27072 18477        cutoff              0.0476        0.0473   865398    0.51%
  27491 18858        0.0473    24        0.0476        0.0473   881300    0.51%
  27993 19163        0.0476    28        0.0476        0.0473   894383    0.51%
  28523 19566        0.0475    24        0.0476        0.0473   910023    0.51%
  28904 19905        0.0475    23        0.0476        0.0473   922512    0.51%
  29452 20245        0.0475    25        0.0476        0.0473   937893    0.51%
Elapsed time = 37.30 sec. (45045.04 ticks, tree = 47.12 MB, solutions = 38)
  29873 20625        cutoff              0.0476        0.0473   952210    0.51%
  30367 20930        0.0476    27        0.0476        0.0473   962805    0.51%
  30774 21229        0.0476    18        0.0476        0.0473   977704    0.51%
  31201 21562        cutoff              0.0476        0.0473   992508    0.51%
  31577 21858        0.0475    33        0.0476        0.0473  1004732    0.51%
  32043 22230        cutoff              0.0476        0.0473  1019380    0.51%
  32573 22580        0.0476    24        0.0476        0.0473  1031164    0.51%
  32976 23021        0.0476    18        0.0476        0.0473  1046533    0.51%
  33462 23361        0.0474    28        0.0476        0.0473  1059853    0.51%
  33961 23735        0.0473    23        0.0476        0.0473  1076169    0.51%
Elapsed time = 46.17 sec. (54723.43 ticks, tree = 73.72 MB, solutions = 38)
  34450 24077        0.0476    24        0.0476        0.0473  1089821    0.51%
  35029 24467        0.0474    24        0.0476        0.0473  1102099    0.51%
  35421 24752        0.0473    25        0.0476        0.0473  1113889    0.51%
  35948 25149        cutoff              0.0476        0.0473  1128527    0.51%
  36519 25675        0.0473    28        0.0476        0.0473  1148282    0.51%
  36932 25916        0.0476    27        0.0476        0.0473  1159592    0.51%
  37440 26305        0.0474    21        0.0476        0.0473  1174022    0.51%
  37920 26685        0.0476    21        0.0476        0.0473  1188687    0.51%
  38289 27026        0.0475    24        0.0476        0.0473  1202644    0.51%
  38755 27256        cutoff              0.0476        0.0473  1211162    0.51%
Elapsed time = 54.91 sec. (64277.01 ticks, tree = 80.23 MB, solutions = 38)
  39276 27697        0.0476    33        0.0476        0.0473  1229319    0.51%
  39681 28067        0.0474    30        0.0476        0.0473  1244670    0.51%
  40046 28378        0.0474    27        0.0476        0.0473  1258633    0.51%
  40533 28701        0.0474    33        0.0476        0.0473  1273252    0.51%
  40981 28960        0.0475    33        0.0476        0.0473  1280810    0.51%
  41403 29310        0.0475    24        0.0476        0.0473  1295871    0.51%
  42199 29767        0.0476    16        0.0476        0.0473  1313696    0.51%
  43249 30265        0.0475    22        0.0476        0.0473  1332125    0.51%
  44112 31251        0.0476    26        0.0476        0.0473  1375176    0.51%
  44944 31700        0.0475    23        0.0476        0.0473  1392631    0.51%
Elapsed time = 63.11 sec. (73835.40 ticks, tree = 87.47 MB, solutions = 38)
  45828 32514        0.0475    33        0.0476        0.0473  1425843    0.51%
  46734 33177        0.0475    33        0.0476        0.0473  1451747    0.51%
  47513 33965        0.0475    30        0.0476        0.0473  1482728    0.51%
  48462 34402        cutoff              0.0476        0.0473  1498953    0.51%
  49367 35308        cutoff              0.0476        0.0473  1534347    0.51%
  50430 35731        0.0474    27        0.0476        0.0473  1549263    0.51%
  51268 36839        0.0474    22        0.0476        0.0473  1594446    0.51%
  52157 37424        0.0476    22        0.0476        0.0473  1615956    0.51%
  53148 37873        0.0475    34        0.0476        0.0473  1635778    0.51%
  54098 38990        0.0475    19        0.0476        0.0473  1682082    0.51%
Elapsed time = 70.70 sec. (83381.60 ticks, tree = 102.49 MB, solutions = 38)
  54920 39609        0.0476    24        0.0476        0.0473  1706606    0.51%
  55812 39981        0.0473    23        0.0476        0.0473  1719597    0.51%
  56789 40673        0.0475    22        0.0476        0.0473  1748206    0.51%
  57774 41502        0.0476    37        0.0476        0.0473  1777866    0.51%
  58766 42276        0.0476    28        0.0476        0.0473  1809433    0.51%
  59604 42957        0.0473    25        0.0476        0.0473  1837619    0.51%
  60566 43446        0.0473    24        0.0476        0.0473  1857678    0.51%
  61550 44209        0.0474    25        0.0476        0.0473  1886969    0.51%
  62532 45174        0.0474    33        0.0476        0.0473  1922025    0.51%
  66254 47880        cutoff              0.0476        0.0473  2028220    0.51%
Elapsed time = 80.48 sec. (95787.95 ticks, tree = 118.86 MB, solutions = 38)
  69825 50809        0.0475    30        0.0476        0.0473  2143960    0.51%
  73373 53508        0.0475    26        0.0476        0.0473  2259505    0.51%
  77157 56273        0.0475    20        0.0476        0.0473  2375684    0.51%
  80844 59343        0.0476    16        0.0476        0.0473  2500260    0.51%
  84791 62083        0.0473    28        0.0476        0.0473  2604601    0.51%
  88792 65354        0.0474    23        0.0476        0.0473  2726399    0.51%
  92406 68391        0.0475    28        0.0476        0.0473  2844541    0.51%
  96224 70946        0.0475    21        0.0476        0.0473  2948028    0.51%
  99946 73759        0.0473    22        0.0476        0.0473  3059069    0.51%
 103844 76892        0.0473    29        0.0476        0.0473  3178959    0.51%
Elapsed time = 108.44 sec. (133943.10 ticks, tree = 186.18 MB, solutions = 38)
 107525 79689        0.0476    26        0.0476        0.0473  3297413    0.51%
 111474 82431        0.0476    28        0.0476        0.0473  3403342    0.51%
 115257 85439        0.0476    29        0.0476        0.0473  3521295    0.51%
 118974 88221        0.0475    21        0.0476        0.0473  3640692    0.51%
 122683 91134        0.0474    28        0.0476        0.0473  3757208    0.51%
 126264 93967        0.0474    23        0.0476        0.0473  3874133    0.51%
 129572 96710        0.0475    21        0.0476        0.0473  3991473    0.51%
 133855 99503        0.0473    25        0.0476        0.0473  4095376    0.51%
 137323 102184        0.0473    23        0.0476        0.0473  4205674    0.51%
 141049 105430        0.0476    31        0.0476        0.0473  4335486    0.51%
Elapsed time = 136.34 sec. (172105.50 ticks, tree = 241.16 MB, solutions = 38)
 144860 108253        0.0475    16        0.0476        0.0473  4442832    0.51%
*148333+110971                            0.0476        0.0473             0.47%
*148638+95162                            0.0475        0.0473             0.44%
*148643+95162                            0.0475        0.0473             0.42%
 148805 82403        0.0475    20        0.0475        0.0473  4568662    0.42%
*149006+82418                            0.0475        0.0473             0.38%
*149355+75484                            0.0475        0.0473             0.37%
*149750+75365                            0.0475        0.0473             0.37%
*149755+75363                            0.0475        0.0473             0.37%
*149964+75782                            0.0475        0.0473             0.37%
*150912+75374                            0.0475        0.0473             0.37%
 152313 76497        0.0475    21        0.0475        0.0473  4666084    0.37%
 155862 78928        0.0473    26        0.0475        0.0473  4765450    0.37%
 159965 81987        0.0474    24        0.0475        0.0473  4881789    0.37%
 164039 85208        0.0473    22        0.0475        0.0473  5010839    0.37%
 168296 88075        0.0475    25        0.0475        0.0473  5115524    0.37%
 172352 91241        0.0475    25        0.0475        0.0473  5236612    0.37%
 176520 94129        0.0474    23        0.0475        0.0473  5344572    0.37%
 180736 97100        0.0473    24        0.0475        0.0473  5454725    0.37%
Elapsed time = 164.17 sec. (210269.31 ticks, tree = 212.80 MB, solutions = 49)
 184994 100376        0.0475    17        0.0475        0.0473  5574421    0.37%
 189167 103497        0.0475    25        0.0475        0.0473  5684394    0.37%
 193222 106882        0.0475    26        0.0475        0.0473  5815594    0.37%
 197472 109601        0.0475    31        0.0475        0.0473  5919939    0.37%
 201911 113220        0.0474    14        0.0475        0.0473  6045565    0.37%
 205959 116433        0.0473    25        0.0475        0.0473  6155475    0.37%
 210508 119290        0.0473    24        0.0475        0.0473  6255293    0.37%
 214743 123258        0.0473    23        0.0475        0.0473  6383325    0.37%
 218861 125825        0.0474    28        0.0475        0.0473  6478711    0.37%
 223012 129464        cutoff              0.0475        0.0473  6621811    0.37%
Elapsed time = 191.03 sec. (248420.90 ticks, tree = 273.03 MB, solutions = 49)
 227153 132380        0.0473    23        0.0475        0.0473  6724972    0.37%
 231155 135316        0.0474    22        0.0475        0.0473  6839573    0.37%
 235651 139121        0.0475    17        0.0475        0.0473  6975465    0.37%
 239686 141880        0.0475    33        0.0475        0.0473  7082950    0.37%
 243973 144794        cutoff              0.0475        0.0473  7192057    0.37%
 248133 147841        0.0474    22        0.0475        0.0473  7300831    0.37%
 252371 151001        0.0474    21        0.0475        0.0473  7420265    0.37%
 256644 154451        0.0474    24        0.0475        0.0473  7550930    0.37%
 260938 157704        cutoff              0.0475        0.0473  7668408    0.37%
 265234 160742        0.0474    25        0.0475        0.0473  7779295    0.37%
Elapsed time = 218.00 sec. (286577.19 ticks, tree = 335.97 MB, solutions = 49)
 269441 163599        0.0475    22        0.0475        0.0473  7884170    0.37%
 273454 166757        0.0475    21        0.0475        0.0473  8011686    0.37%
 277533 169964        0.0473    22        0.0475        0.0473  8132368    0.37%
 281608 172632        0.0473    24        0.0475        0.0473  8239047    0.37%
 285942 175669        0.0475    24        0.0475        0.0473  8358273    0.37%
 290215 179192        0.0473    24        0.0475        0.0473  8489296    0.37%
 294487 182253        0.0473    22        0.0475        0.0473  8595638    0.37%
 298920 185627        0.0475    23        0.0475        0.0473  8708472    0.37%
 303378 189042        0.0475    21        0.0475        0.0473  8821997    0.37%
 307759 192463        0.0475    29        0.0475        0.0473  8940768    0.37%
Elapsed time = 245.03 sec. (324734.06 ticks, tree = 397.02 MB, solutions = 49)
 312107 195750        0.0475    16        0.0475        0.0473  9067210    0.37%
 316377 198853        0.0475    25        0.0475        0.0473  9180097    0.37%
 320372 201425        0.0474    26        0.0475        0.0473  9281309    0.37%
 324245 204865        0.0474    26        0.0475        0.0473  9424417    0.37%
 328293 207011        0.0475    23        0.0475        0.0473  9516932    0.37%
 332304 210483        0.0474    28        0.0475        0.0473  9643571    0.37%
 336123 213348        0.0474    21        0.0475        0.0473  9762833    0.37%
 340019 216453        0.0475    30        0.0475        0.0473  9886042    0.37%
 344137 219687        0.0475    17        0.0475        0.0473 10013896    0.37%
 348270 222538        cutoff              0.0475        0.0473 10131766    0.37%
Elapsed time = 272.06 sec. (362885.60 ticks, tree = 452.83 MB, solutions = 49)
 352541 225385        0.0475    20        0.0475        0.0473 10239646    0.37%
 356354 227917        0.0473    25        0.0475        0.0473 10333921    0.37%
 360423 231454        0.0474    30        0.0475        0.0473 10474658    0.37%
 364587 234293        0.0474    25        0.0475        0.0473 10585904    0.37%
 368815 236967        cutoff              0.0475        0.0473 10690031    0.37%
 372911 239886        0.0474    31        0.0475        0.0473 10804349    0.37%
 376428 243361        cutoff              0.0475        0.0473 10940391    0.37%
 380376 246023        0.0475    27        0.0475        0.0473 11056830    0.37%
 384564 248487        cutoff              0.0475        0.0473 11147579    0.37%
 388536 251828        0.0474    23        0.0475        0.0473 11275288    0.37%
Elapsed time = 299.06 sec. (401041.87 ticks, tree = 509.69 MB, solutions = 49)
 392620 254642        0.0475    33        0.0475        0.0473 11390315    0.37%
 396844 257668        0.0473    26        0.0475        0.0473 11512706    0.37%
 400891 261291        0.0473    24        0.0475        0.0473 11641821    0.37%
 405063 264687        0.0474    24        0.0475        0.0473 11775071    0.37%
 409181 266768        0.0474    24        0.0475        0.0473 11859659    0.37%
 413098 269928        0.0475    25        0.0475        0.0473 11988882    0.37%
 417251 273489        0.0474    26        0.0475        0.0473 12131995    0.37%
 421471 276394        0.0473    24        0.0475        0.0473 12251343    0.37%
 425156 278923        0.0473    26        0.0475        0.0473 12351862    0.37%
 428824 282016        0.0473    24        0.0475        0.0473 12484683    0.37%
Elapsed time = 326.27 sec. (439198.58 ticks, tree = 568.63 MB, solutions = 49)
 432913 284672        0.0474    26        0.0475        0.0473 12596233    0.37%
 436750 287027        0.0474    25        0.0475        0.0473 12692221    0.37%
 440669 290314        0.0474    27        0.0475        0.0473 12827607    0.37%
 444728 293456        0.0473    19        0.0475        0.0473 12949046    0.37%
 448813 295801        0.0475    24        0.0475        0.0473 13047079    0.37%
 452485 298684        0.0475    29        0.0475        0.0473 13167869    0.37%
 456414 301673        0.0475    25        0.0475        0.0473 13288082    0.37%
 460551 305015        0.0474    25        0.0475        0.0473 13417663    0.37%
 464319 307655        0.0474    27        0.0475        0.0473 13522511    0.37%
 468675 311287        0.0474    30        0.0475        0.0473 13661272    0.37%
Elapsed time = 353.20 sec. (477350.81 ticks, tree = 622.90 MB, solutions = 49)
 472781 313356        0.0474    28        0.0475        0.0473 13742331    0.37%
 476407 316435        cutoff              0.0475        0.0473 13868195    0.37%
 481082 319948        cutoff              0.0475        0.0473 13989493    0.37%
 485277 323329        0.0475    31        0.0475        0.0473 14114902    0.37%
 489225 325984        0.0474    26        0.0475        0.0473 14208644    0.37%
 493781 329386        0.0475    28        0.0475        0.0473 14330048    0.37%
 497560 332579        cutoff              0.0475        0.0473 14459533    0.37%
 501695 335146        0.0475    29        0.0475        0.0473 14560057    0.37%
 506175 338671        0.0474    26        0.0475        0.0473 14689328    0.37%
 510262 341742        cutoff              0.0475        0.0473 14794887    0.37%
Elapsed time = 380.36 sec. (515505.50 ticks, tree = 682.81 MB, solutions = 49)
 514786 344975        0.0475    25        0.0475        0.0473 14904084    0.37%
 519007 347933        0.0475    19        0.0475        0.0473 15014837    0.37%
 522686 351289        0.0475    22        0.0475        0.0473 15143870    0.37%
 527416 355067        0.0475    27        0.0475        0.0473 15276932    0.37%
 531660 358260        0.0475    19        0.0475        0.0473 15387274    0.37%
 535549 361365        0.0474    24        0.0475        0.0473 15506529    0.37%
 540042 363704        0.0475    35        0.0475        0.0473 15601712    0.37%
 544254 366973        0.0474    24        0.0475        0.0473 15725100    0.37%
 548362 370362        0.0475    24        0.0475        0.0473 15842587    0.37%
 552693 373196        0.0475    25        0.0475        0.0473 15941406    0.37%
Elapsed time = 407.38 sec. (553658.56 ticks, tree = 741.23 MB, solutions = 49)
 556262 376316        0.0474    27        0.0475        0.0473 16071605    0.37%
 560545 379322        0.0474    21        0.0475        0.0473 16197301    0.37%
 564495 381950        0.0474    25        0.0475        0.0473 16301471    0.37%
 568702 385662        0.0473    23        0.0475        0.0473 16432295    0.37%
 573114 388257        cutoff              0.0475        0.0473 16529577    0.37%
 577064 391807        0.0474    29        0.0475        0.0473 16669525    0.37%
 581459 394448        0.0473    23        0.0475        0.0473 16774300    0.37%
 585073 397919        0.0474    22        0.0475        0.0473 16909320    0.37%
 589422 401077        0.0475    25        0.0475        0.0473 17034901    0.37%
 593239 403586        0.0473    26        0.0475        0.0473 17138441    0.37%
Elapsed time = 435.34 sec. (591812.89 ticks, tree = 801.89 MB, solutions = 49)
 597225 406782        0.0475    16        0.0475        0.0473 17268940    0.37%
 600936 408863        0.0474    35        0.0475        0.0473 17357306    0.37%
 605158 411654        0.0475    20        0.0475        0.0473 17471379    0.37%
 609145 414793        0.0474    24        0.0475        0.0473 17592871    0.37%
 613464 417968        0.0475    32        0.0475        0.0473 17711316    0.37%
 617190 420743        0.0473    25        0.0475        0.0473 17824375    0.37%
 621397 423434        0.0475    25        0.0475        0.0473 17946828    0.37%
 625078 426383        cutoff              0.0475        0.0473 18071495    0.37%
 629399 429397        0.0475    32        0.0475        0.0473 18193071    0.37%
 632863 432129        0.0475    28        0.0475        0.0473 18301254    0.37%
Elapsed time = 462.39 sec. (629965.30 ticks, tree = 865.28 MB, solutions = 49)
 637323 435704        0.0474    24        0.0475        0.0473 18428344    0.37%
 641404 437778        0.0474    23        0.0475        0.0473 18507416    0.37%
 645802 442159        0.0474    22        0.0475        0.0473 18674060    0.37%
 650126 444668        0.0475    26        0.0475        0.0473 18761293    0.37%
 654355 448730        0.0473    26        0.0475        0.0473 18903919    0.37%
 658597 451021        0.0474    28        0.0475        0.0473 18989865    0.37%
 662561 454198        0.0474    27        0.0475        0.0473 19112139    0.37%
 666957 456758        cutoff              0.0475        0.0473 19214398    0.37%
 670771 460808        0.0474    24        0.0475        0.0473 19363317    0.37%
 675356 462616        0.0473    28        0.0475        0.0473 19432837    0.37%
Elapsed time = 489.47 sec. (668118.76 ticks, tree = 921.80 MB, solutions = 49)
 679328 466922        0.0473    28        0.0475        0.0473 19587971    0.37%
 683577 469386        0.0473    25        0.0475        0.0473 19683099    0.37%
 687393 472667        0.0475    19        0.0475        0.0473 19816632    0.37%
 692261 475756        0.0475    35        0.0475        0.0473 19927549    0.37%
 695912 478581        0.0474    13        0.0475        0.0473 20036556    0.37%
 700536 482189        0.0474    26        0.0475        0.0473 20177190    0.37%
 704136 485184        0.0475    25        0.0475        0.0473 20294213    0.37%
 708524 487939        0.0474    23        0.0475        0.0473 20405218    0.37%
 712564 491709        0.0473    25        0.0475        0.0473 20550574    0.37%
 717063 494732        0.0475    20        0.0475        0.0473 20660389    0.37%
Elapsed time = 516.59 sec. (706271.28 ticks, tree = 986.38 MB, solutions = 49)
 721052 497475        0.0475    21        0.0475        0.0473 20769590    0.37%
 725476 500125        0.0475    22        0.0475        0.0473 20868698    0.37%
 729674 503375        0.0475    24        0.0475        0.0473 20992726    0.37%
 734268 506915        0.0473    25        0.0475        0.0473 21117367    0.37%
 738284 510735        0.0474    18        0.0475        0.0473 21255271    0.37%
 742618 512993        0.0474    20        0.0475        0.0473 21340365    0.37%
 746680 516024        0.0474    30        0.0475        0.0473 21462923    0.37%
 750540 519198        0.0475    32        0.0475        0.0473 21591294    0.37%
 754485 522247        0.0475    25        0.0475        0.0473 21710803    0.37%
 756088 523824        0.0474    26        0.0475        0.0473 21770165    0.37%
Elapsed time = 543.70 sec. (744427.29 ticks, tree = 1040.47 MB, solutions = 49)
 757704 525050        cutoff              0.0475        0.0473 21819930    0.37%
*758273+525714                            0.0475        0.0473             0.37%
 759396 526511        cutoff              0.0475        0.0473 21873051    0.37%
 760872 527747        cutoff              0.0475        0.0473 21920372    0.37%
 762376 528752        0.0475    28        0.0475        0.0473 21960648    0.37%
 764325 529615        0.0475    25        0.0475        0.0473 21991826    0.37%
 765925 531400        0.0475    24        0.0475        0.0473 22066158    0.37%
 767977 532722        0.0475    19        0.0475        0.0473 22121024    0.37%
 769813 533945        0.0475    23        0.0475        0.0473 22172297    0.37%
 771595 535459        0.0475    17        0.0475        0.0473 22238039    0.37%
 773679 536874        0.0475    20        0.0475        0.0473 22286809    0.37%
Elapsed time = 572.95 sec. (782823.34 ticks, tree = 1064.82 MB, solutions = 49)
 775224 537972        0.0473    23        0.0475        0.0473 22328895    0.37%
 776910 539447        0.0473    22        0.0475        0.0473 22387336    0.37%
 778907 540147        0.0473    27        0.0475        0.0473 22413883    0.37%
 780775 541583        0.0474    28        0.0475        0.0473 22472882    0.37%
 782693 543480        0.0474    28        0.0475        0.0473 22550736    0.37%
 784325 544662        0.0475    26        0.0475        0.0473 22597297    0.37%
 785858 545600        0.0475    31        0.0475        0.0473 22639711    0.37%
 787535 546743        0.0475    25        0.0475        0.0473 22684376    0.37%
 789485 548044        0.0473    26        0.0475        0.0473 22737173    0.37%

Cover cuts applied:  2
Implied bound cuts applied:  13
Mixed integer rounding cuts applied:  3
Gomory fractional cuts applied:  2

Root node processing (before b&c):
  Real time             =    1.17 sec. (1190.77 ticks)
Parallel b&c, 4 threads:
  Real time             =  598.84 sec. (816898.56 ticks)
  Sync time (average)   =   33.85 sec.
  Wait time (average)   =    0.00 sec.
                          ------------
Total (root+branch&cut) =  600.02 sec. (818089.33 ticks)
