Version identifier: 22.2.0.0 | 2026-05-04 | 5dff98e58
CPXPARAM_Read_DataCheck                          1
CPXPARAM_Threads                                 4
CPXPARAM_Parallel                                1
CPXPARAM_RandomSeed                              20260925
CPXPARAM_MIP_Strategy_Search                     1
CPXPARAM_Simplex_Tolerances_Optimality           1.0000000000000001e-09
CPXPARAM_Simplex_Tolerances_Feasibility          1.0000000000000001e-09
CPXPARAM_TimeLimit                               600
CPXPARAM_MIP_Tolerances_AbsMIPGap                1.0000000000000001e-09
CPXPARAM_MIP_Tolerances_Integrality              1.0000000000000001e-09
Legacy callback                                  iLUD
Lazy constraint(s) or lazy constraint/branch callback is present.
    Disabling dual reductions (CPX_PARAM_REDUCE) in presolve.
    Disabling presolve reductions that prevent crushing forms (CPX_PARAM_PREREFORM).
         Disabling repeat represolve because of lazy constraint/incumbent callback.
Warning: Effort level 'CheckFeas' is incompatible with lazy constraint/incumbent callback.
         Effort level increased to 'SolveFixed'.
1 of 1 MIP starts provided solutions.
MIP start 'm1' defined initial solution with objective 0.0438.
Tried aggregator 1 time.
MIP Presolve eliminated 2116 rows and 0 columns.
Reduced MIP has 985 rows, 1632 columns, and 9063 nonzeros.
Reduced MIP has 800 binaries, 0 generals, 0 SOSs, and 0 indicators.
Presolve time = 0.02 sec. (7.60 ticks)
Probing time = 0.00 sec. (0.36 ticks)
MIP emphasis: balance optimality and feasibility.
MIP search method: traditional branch-and-cut.
Parallel mode: deterministic, using up to 4 threads.
Root relaxation solution time = 0.02 sec. (18.72 ticks)

        Nodes                                         Cuts/
   Node  Left     Objective  IInf  Best Integer    Best Bound    ItCnt     Gap         Variable B NodeID Parent  Depth

*     0+    0                            0.0438        0.0000           100.00%
      0     0        0.0380    14        0.0438        0.0380      683   13.20%
      0     0        0.0380    13        0.0438     Covers: 1      685   13.20%
      0     0        0.0380    16        0.0438     Covers: 1      690   13.20%
*     0+    0                            0.0425        0.0380            10.50%
      0     0  -1.00000e+75     0        0.0425        0.0380      690   10.50%
      0     2        0.0380    13        0.0425        0.0380      690   10.50%                        0             0
Elapsed time = 0.17 sec. (142.82 ticks, tree = 0.02 MB, solutions = 2)
*    13+    1                            0.0425        0.0381            10.49%
*    22+    3                            0.0425        0.0381            10.49%
    325   142        0.0408    20        0.0425        0.0382     6596   10.25%            x476 D    272    268     14
*   326   172      integral     0        0.0423        0.0382     7307    9.91%
*   604   309      integral     0        0.0423        0.0395    11691    6.68%
*   747   370      integral     0        0.0423        0.0396    16344    6.53%
*   812+  372                            0.0423        0.0398             6.11%
    831   381        cutoff              0.0423        0.0400    18780    5.55%            x587 D    818    814     22
    984   331        0.0418    41        0.0423        0.0408    34445    3.66%             x56 D    792    788     11
*  1091+  323                            0.0423        0.0408             3.59%
   1161   292        0.0419    42        0.0423        0.0408    52263    3.59%            x671 U   1218    631     13
   1447   140        0.0419    44        0.0423        0.0417    69120    1.50%            x667 D   1280    998     16

Cover cuts applied:  12

Root node processing (before b&c):
  Real time             =    0.17 sec. (142.33 ticks)
Parallel b&c, 4 threads:
  Real time             =    1.89 sec. (1266.05 ticks)
  Sync time (average)   =    0.23 sec.
  Wait time (average)   =    0.00 sec.
                          ------------
Total (root+branch&cut) =    2.06 sec. (1408.38 ticks)
