Version identifier: 22.2.0.0 | 2026-05-04 | 5dff98e58
CPXPARAM_Read_DataCheck                          1
CPXPARAM_Threads                                 4
CPXPARAM_Parallel                                1
CPXPARAM_RandomSeed                              20260925
CPXPARAM_MIP_Strategy_Search                     1
CPXPARAM_Simplex_Tolerances_Optimality           1.0000000000000001e-09
CPXPARAM_Simplex_Tolerances_Feasibility          1.0000000000000001e-09
CPXPARAM_TimeLimit                               600
CPXPARAM_MIP_Tolerances_AbsMIPGap                1.0000000000000001e-09
CPXPARAM_MIP_Tolerances_Integrality              1.0000000000000001e-09
Legacy callback                                  iLUD
Lazy constraint(s) or lazy constraint/branch callback is present.
    Disabling dual reductions (CPX_PARAM_REDUCE) in presolve.
    Disabling presolve reductions that prevent crushing forms (CPX_PARAM_PREREFORM).
         Disabling repeat represolve because of lazy constraint/incumbent callback.
Warning: Effort level 'CheckFeas' is incompatible with lazy constraint/incumbent callback.
         Effort level increased to 'SolveFixed'.
1 of 1 MIP starts provided solutions.
MIP start 'm1' defined initial solution with objective -0.1917.
Tried aggregator 1 time.
MIP Presolve eliminated 3106 rows and 0 columns.
Reduced MIP has 1472 rows, 2462 columns, and 13912 nonzeros.
Reduced MIP has 1200 binaries, 0 generals, 0 SOSs, and 0 indicators.
Presolve time = 0.02 sec. (11.41 ticks)
Probing time = 0.00 sec. (0.24 ticks)
MIP emphasis: balance optimality and feasibility.
MIP search method: traditional branch-and-cut.
Parallel mode: deterministic, using up to 4 threads.
Root relaxation solution time = 0.05 sec. (46.52 ticks)

        Nodes                                         Cuts/
   Node  Left     Objective  IInf  Best Integer    Best Bound    ItCnt     Gap         Variable B NodeID Parent  Depth

*     0+    0                           -0.1917       -0.6337           230.62%
      0     0       -0.2380    59       -0.1917       -0.2380     1465   24.15%
*     0+    0                           -0.2056       -0.2380            15.77%
      0     0       -0.2380    15       -0.2056      Fract: 1     1466   15.77%
*     0+    0                           -0.2222       -0.2380             7.08%
*     0+    0                           -0.2278       -0.2380             4.47%
*     0+    0                           -0.2333       -0.2380             1.98%
      0     2       -0.2380    15       -0.2333       -0.2380     1466    1.98%                        0             0
Elapsed time = 0.86 sec. (268.92 ticks, tree = 0.02 MB, solutions = 5)
    189    67       -0.2347    28       -0.2333       -0.2361     6087    1.19%           x1128 U    205     23      6
*   322   157      integral     0       -0.2352       -0.2361    13837    0.39%
    330    71        cutoff             -0.2352       -0.2361    15674    0.39%           x1134 U    260    229     11
*   452    60      integral     0       -0.2361       -0.2361    19684    0.00%           x1158 D    360    356     33

Gomory fractional cuts applied:  1
User cuts applied:  2

Root node processing (before b&c):
  Real time             =    0.86 sec. (268.03 ticks)
Parallel b&c, 4 threads:
  Real time             =    4.41 sec. (689.71 ticks)
  Sync time (average)   =    0.50 sec.
  Wait time (average)   =    0.00 sec.
                          ------------
Total (root+branch&cut) =    5.27 sec. (957.75 ticks)
