Version identifier: 22.2.0.0 | 2026-05-04 | 5dff98e58
CPXPARAM_Read_DataCheck                          1
CPXPARAM_Threads                                 4
CPXPARAM_Parallel                                1
CPXPARAM_RandomSeed                              20260925
CPXPARAM_MIP_Strategy_Search                     1
CPXPARAM_Simplex_Tolerances_Optimality           1.0000000000000001e-09
CPXPARAM_Simplex_Tolerances_Feasibility          1.0000000000000001e-09
CPXPARAM_TimeLimit                               600
CPXPARAM_MIP_Tolerances_AbsMIPGap                1.0000000000000001e-09
CPXPARAM_MIP_Tolerances_Integrality              1.0000000000000001e-09
Legacy callback                                  iLUD
Lazy constraint(s) or lazy constraint/branch callback is present.
    Disabling dual reductions (CPX_PARAM_REDUCE) in presolve.
    Disabling presolve reductions that prevent crushing forms (CPX_PARAM_PREREFORM).
         Disabling repeat represolve because of lazy constraint/incumbent callback.
Warning: Effort level 'CheckFeas' is incompatible with lazy constraint/incumbent callback.
         Effort level increased to 'SolveFixed'.
1 of 1 MIP starts provided solutions.
MIP start 'm1' defined initial solution with objective 0.0598.
Tried aggregator 1 time.
MIP Presolve eliminated 3106 rows and 0 columns.
MIP Presolve modified 66 coefficients.
Reduced MIP has 1474 rows, 2462 columns, and 14366 nonzeros.
Reduced MIP has 1200 binaries, 0 generals, 0 SOSs, and 0 indicators.
Presolve time = 0.02 sec. (11.47 ticks)
Probing time = 0.00 sec. (0.25 ticks)
MIP emphasis: balance optimality and feasibility.
MIP search method: traditional branch-and-cut.
Parallel mode: deterministic, using up to 4 threads.
Root relaxation solution time = 0.03 sec. (28.51 ticks)

        Nodes                                         Cuts/
   Node  Left     Objective  IInf  Best Integer    Best Bound    ItCnt     Gap         Variable B NodeID Parent  Depth

*     0+    0                            0.0598        0.0000           100.00%
      0     0        0.0522    10        0.0598        0.0522      892   12.71%
      0     0        0.0524    27        0.0598     Covers: 1      910   12.43%
*     0+    0                            0.0565        0.0524             7.32%
      0     0  -1.00000e+75     0        0.0565        0.0524      910    7.32%
      0     2        0.0524    27        0.0565        0.0524      910    7.32%                        0             0
Elapsed time = 0.39 sec. (178.82 ticks, tree = 0.02 MB, solutions = 2)
    234   116        0.0538    21        0.0565        0.0524     4538    7.25%            x180 U    240     10      5
*   487+  235                            0.0554        0.0532             3.98%
*   635+  294                            0.0553        0.0534             3.34%
    664   306        0.0552    13        0.0553        0.0534    13695    3.34%            x366 D    667    663      9
*   748+  325                            0.0553        0.0534             3.34%
*   792+  356                            0.0553        0.0535             3.12%
   1079   433        0.0548    15        0.0553        0.0538    22095    2.62%            x162 D    990    986     17
*  1602+  549                            0.0553        0.0540             2.19%
   1630   587        cutoff              0.0553        0.0541    31867    2.14%            x840 U   1676   1672     16
*  1635+  573                            0.0553        0.0541             2.14%
   2262   745        cutoff              0.0553        0.0545    42380    1.34%           x1116 U   2270   2226     19
   2985   518        0.0552    18        0.0553        0.0551    57143    0.25%            x378 D   2899   2895     13

Cover cuts applied:  11
User cuts applied:  1

Root node processing (before b&c):
  Real time             =    0.39 sec. (178.09 ticks)
Parallel b&c, 4 threads:
  Real time             =    7.55 sec. (1557.12 ticks)
  Sync time (average)   =    0.38 sec.
  Wait time (average)   =    0.00 sec.
                          ------------
Total (root+branch&cut) =    7.94 sec. (1735.22 ticks)
