Version identifier: 22.2.0.0 | 2026-05-04 | 5dff98e58
CPXPARAM_Read_DataCheck                          1
CPXPARAM_Threads                                 4
CPXPARAM_Parallel                                1
CPXPARAM_RandomSeed                              20260925
CPXPARAM_MIP_Strategy_Search                     1
CPXPARAM_Simplex_Tolerances_Optimality           1.0000000000000001e-09
CPXPARAM_Simplex_Tolerances_Feasibility          1.0000000000000001e-09
CPXPARAM_TimeLimit                               600
CPXPARAM_MIP_Tolerances_AbsMIPGap                1.0000000000000001e-09
CPXPARAM_MIP_Tolerances_Integrality              1.0000000000000001e-09
Legacy callback                                  iLUD
Lazy constraint(s) or lazy constraint/branch callback is present.
    Disabling dual reductions (CPX_PARAM_REDUCE) in presolve.
    Disabling presolve reductions that prevent crushing forms (CPX_PARAM_PREREFORM).
         Disabling repeat represolve because of lazy constraint/incumbent callback.
Warning: Effort level 'CheckFeas' is incompatible with lazy constraint/incumbent callback.
         Effort level increased to 'SolveFixed'.
1 of 1 MIP starts provided solutions.
MIP start 'm1' defined initial solution with objective 0.0237.
Tried aggregator 1 time.
MIP Presolve eliminated 1348 rows and 0 columns.
Reduced MIP has 1621 rows, 2360 columns, and 18218 nonzeros.
Reduced MIP has 1164 binaries, 0 generals, 0 SOSs, and 0 indicators.
Presolve time = 0.02 sec. (12.62 ticks)
Probing time = 0.00 sec. (0.29 ticks)
MIP emphasis: balance optimality and feasibility.
MIP search method: traditional branch-and-cut.
Parallel mode: deterministic, using up to 4 threads.
Root relaxation solution time = 0.02 sec. (20.89 ticks)

        Nodes                                         Cuts/
   Node  Left     Objective  IInf  Best Integer    Best Bound    ItCnt     Gap         Variable B NodeID Parent  Depth

*     0+    0                            0.0237        0.0000           100.00%
      0     0        0.0211    43        0.0237        0.0211      619   11.21%
      0     0        0.0212    35        0.0237     Covers: 1      628   10.76%
*     0+    0                            0.0229        0.0212             7.48%
*     0+    0                            0.0228        0.0212             6.88%
      0     0  -1.00000e+75     0        0.0228        0.0212      628    6.88%
      0     2        0.0212    35        0.0228        0.0212      628    6.88%                        0             0
Elapsed time = 0.25 sec. (241.05 ticks, tree = 0.02 MB, solutions = 3)
*    11+    3                            0.0226        0.0213             5.80%
*    12+    1                            0.0225        0.0213             5.36%
    142   117        0.0217    20        0.0225        0.0214     3898    4.81%            x820 D    146    138     13
*   229+  171                            0.0224        0.0214             4.49%
*   293+  186                            0.0223        0.0214             4.04%
    386   233        cutoff              0.0223        0.0215    11099    3.81%            x933 U    333    329     22
*   586+  323                            0.0223        0.0215             3.81%
    697   490        0.0221    14        0.0223        0.0215    22182    3.81%           x1032 U    784    780     25
    988   645        0.0223    13        0.0223        0.0215    30400    3.79%           x1034 U   1034   1030     34
   1411   920        0.0222     9        0.0223        0.0215    40784    3.64%           x1035 U   1377   1373     22
   1844  1189        0.0216    34        0.0223        0.0215    49835    3.57%            x908 U   1820    235      8
   2186  1426        0.0223    14        0.0223        0.0216    65134    3.37%            x819 U   2201   2197     17
   2761  1709        0.0216    21        0.0223        0.0216    74554    3.21%            x823 U   2876   2632     13
   3505  2134        0.0222     9        0.0223        0.0216    85298    3.21%           x1031 U   3255   3251     18
   5828  3646        0.0221    14        0.0223        0.0216   140923    3.12%            x823 U   5946   5942     13
Elapsed time = 4.75 sec. (3345.77 ticks, tree = 4.95 MB, solutions = 10)
   8718  4778        0.0217    22        0.0223        0.0216   196552    3.01%            x843 U   8574   4629     19
  11020  6049        0.0217    14        0.0223        0.0217   265332    2.90%            x827 U  10679  11077     12
  12700  7102        0.0217    19        0.0223        0.0217   325949    2.88%            x826 U  13005  11824     15
  14457  8064        0.0222    10        0.0223        0.0217   390608    2.78%           x1035 U  14584  14580     23
  16394  9308        0.0218    16        0.0223        0.0217   456104    2.74%            x820 U  16158  11347     16
  18432 10273        0.0222    20        0.0223        0.0217   515381    2.67%             x33 U  18070  18066     15
  20161 11140        0.0221    10        0.0223        0.0217   577416    2.56%           x1029 U  20002  19998     22
  21849 12095        0.0223     9        0.0223        0.0218   656540    2.45%           x1038 U  21784  21776     26
  23615 12899        0.0219    21        0.0223        0.0218   717771    2.42%            x827 D  23917  10514     17
  25292 13774        0.0223     3        0.0223        0.0218   781536    2.39%            x797 D  25498  25494     42
Elapsed time = 18.11 sec. (12884.75 ticks, tree = 14.97 MB, solutions = 10)
  26992 14880        0.0221    20        0.0223        0.0218   844982    2.33%           x1041 U  27084  27080     19
  28802 15712        cutoff              0.0223        0.0218   911879    2.29%           x1034 U  28504  28500     25
  31236 16872        0.0220    22        0.0223        0.0218   979527    2.26%            x908 U  30879  20697     19
  32992 18031        0.0222    16        0.0223        0.0218  1058142    2.25%           x1034 U  33082  33078     24
  34894 19032        0.0222    15        0.0223        0.0218  1123972    2.20%           x1037 D  34148  34136     28
  36621 19991        0.0220    19        0.0223        0.0218  1191390    2.14%            x912 U  36423  11022     19
  38223 20597        0.0220    18        0.0223        0.0219  1259435    2.05%           x1028 U  38154  38150     21
  39668 21128        0.0221    16        0.0223        0.0219  1320879    2.05%           x1028 U  40945  40941     18
  41118 21786        0.0221    13        0.0223        0.0219  1399998    2.04%           x1044 D  40152  40148     24
  42817 22353        0.0219    18        0.0223        0.0219  1458480    2.02%            x844 D  44377  44373     25
Elapsed time = 29.97 sec. (22425.67 ticks, tree = 24.69 MB, solutions = 10)
  44535 23081        0.0223    10        0.0223        0.0219  1530400    1.98%           x1035 D  43488  43480     29
  46059 23665        0.0219    22        0.0223        0.0219  1612799    1.96%            x846 D  47697  43739     22
  47624 24140        0.0219    26        0.0223        0.0219  1683406    1.95%           x1036 D  47806  47794     16
  48768 24264        0.0223     8        0.0223        0.0219  1737607    1.95%           x1034 U  48199  48195     31
  50383 24726        0.0221    14        0.0223        0.0219  1816793    1.94%            x926 D  49847  49843     23
  51980 25236        0.0220    17        0.0223        0.0219  1877197    1.91%            x837 U  51603  23300     22
  53823 25969        0.0223     8        0.0223        0.0219  1956727    1.89%            x120 D  55317  55313     23
  55642 26860        0.0223    11        0.0223        0.0219  2013330    1.87%           x1034 U  57029  57025     27
  57413 27781        cutoff              0.0223        0.0219  2097269    1.85%           x1035 D  58821  58813     32
  59262 28633        0.0220    17        0.0223        0.0219  2169009    1.84%           x1038 U  59526  59522     20
Elapsed time = 42.22 sec. (31967.63 ticks, tree = 31.23 MB, solutions = 10)
  60958 29295        cutoff              0.0223        0.0219  2237798    1.82%           x1041 U  62457  62453     20
  62658 30136        cutoff              0.0223        0.0219  2308641    1.75%            x935 D  62954  62942     41
  64294 30740        0.0221    15        0.0223        0.0219  2363882    1.74%            x846 D  63963  63959     29
  66082 31287        cutoff              0.0223        0.0219  2430386    1.73%           x1039 D  64316  64312     29
  67747 31953        0.0223    17        0.0223        0.0219  2500302    1.71%           x1032 U  69429  69425     13
  69579 32738        cutoff              0.0223        0.0219  2572666    1.66%           x1042 U  70314  70310     23
  71115 33084        0.0221    14        0.0223        0.0219  2626652    1.64%            x934 U  70623  70619     18
  72901 33862        0.0221    11        0.0223        0.0220  2710270    1.62%            x819 U  71192  71188     22
  74730 34420        0.0223    12        0.0223        0.0220  2768381    1.60%           x1032 U  72880  72876     26
  76229 34888        cutoff              0.0223        0.0220  2846479    1.57%           x1029 D  76910  76902     22
Elapsed time = 55.11 sec. (41507.03 ticks, tree = 39.23 MB, solutions = 10)
  77775 35382        0.0222    22        0.0223        0.0220  2913117    1.56%           x1029 U  79493  79489     22
  79309 35670        0.0220    18        0.0223        0.0220  2967275    1.52%           x1033 U  78883  78879     19
  80913 35922        0.0223    16        0.0223        0.0220  3033021    1.51%            x910 D  80523  80519     18
  82329 36388        0.0221    15        0.0223        0.0220  3112667    1.51%            x828 D  84285  76463     21
  83854 36799        cutoff              0.0223        0.0220  3201487    1.49%           x1035 D  84426  84422     27
  85518 37325        0.0223    14        0.0223        0.0220  3258581    1.48%            x932 U  86078  86074     16
  86955 37568        0.0223     5        0.0223        0.0220  3326386    1.45%           x1035 U  87522  87518     29
  88858 38433        0.0221    16        0.0223        0.0220  3394222    1.42%            x844 U  88319  88315     22
  90110 38994        0.0222    15        0.0223        0.0220  3468398    1.41%           x1037 U  89527  89523     21
  91612 39434        0.0220    13        0.0223        0.0220  3541868    1.39%           x1038 U  93629  93625     22
Elapsed time = 67.45 sec. (51050.05 ticks, tree = 43.91 MB, solutions = 10)
  93164 39887        0.0222    15        0.0223        0.0220  3615425    1.37%           x1029 U  91228  91224     24
  94543 40044        cutoff              0.0223        0.0220  3679207    1.35%           x1034 D  96625  96617     29
  96175 40226        cutoff              0.0223        0.0220  3757246    1.34%           x1040 D  94128  94120     26
  97773 40410        0.0221    16        0.0223        0.0220  3812836    1.32%            x844 U  96987  92296     23
  99567 41096        0.0222    18        0.0223        0.0220  3888439    1.30%            x932 U 101693 101689     23
 101264 41889        0.0222    13        0.0223        0.0220  3967392    1.29%           x1038 U  99280  99276     26
 103189 42353        0.0222    16        0.0223        0.0220  4013957    1.28%           x1038 D 103962   1274     19
 105076 43295        cutoff              0.0223        0.0220  4101704    1.27%           x1033 D 103360 103352     27
 106819 43669        0.0222    10        0.0223        0.0220  4154096    1.27%           x1031 U 108669 108665     26
 108408 44335        0.0221    13        0.0223        0.0220  4242141    1.25%            x845 U 106596  81014     26
Elapsed time = 79.64 sec. (60595.28 ticks, tree = 48.99 MB, solutions = 10)
 109958 44527        0.0223    15        0.0223        0.0220  4295300    1.24%           x1037 D 110826 110822     26
 111726 44876        0.0222    11        0.0223        0.0220  4356601    1.23%            x818 U 109796 109792     21
 113403 45490        cutoff              0.0223        0.0220  4441131    1.21%           x1034 U 114997 114993     28
 115074 46114        0.0221    15        0.0223        0.0220  4507357    1.19%            x823 U 116282 116278     17
 117133 46665        cutoff              0.0223        0.0221  4554374    1.18%            x934 U 118601 118597     23
 118976 47616        0.0222    20        0.0223        0.0221  4638929    1.16%            x931 U 118483 118479     16
 120578 47964        0.0223     8        0.0223        0.0221  4695633    1.15%           x1035 U 121697 121693     29
 122302 48454        0.0222    14        0.0223        0.0221  4781006    1.14%           x1037 U 121707 121703     27
 124013 48848        cutoff              0.0223        0.0221  4864211    1.12%            x548 U 125062 125054     28
 125854 49202        0.0223     8        0.0223        0.0221  4908714    1.11%           x1034 U 126910 126906     26
Elapsed time = 94.25 sec. (70140.53 ticks, tree = 54.75 MB, solutions = 10)
 127198 49944        cutoff              0.0223        0.0221  4974347    1.10%            x817 D 126835 126831     26
 128425 50156        0.0221    15        0.0223        0.0221  5039886    1.08%           x1029 D 127012  17655     22
 129744 50251        0.0223     8        0.0223        0.0221  5106574    1.07%           x1036 U 130665 130661     28
 131521 50724        0.0222    22        0.0223        0.0221  5187462    1.07%           x1034 D 130168   1471     13
 133197 51253        0.0221    17        0.0223        0.0221  5253916    1.07%            x826 D 134077 122606     18
 135120 52077        cutoff              0.0223        0.0221  5330219    1.06%           x1034 D 135773 135765     27
 136499 52651        0.0223    18        0.0223        0.0221  5400406    1.04%           x1034 U 137574 137570     19
 138018 53048        0.0223    30        0.0223        0.0221  5478124    1.04%           x1035 U 139218 139214     12
 139710 53592        cutoff              0.0223        0.0221  5553581    1.04%           x1032 U 140806 140802     22
 141302 53886        0.0221    15        0.0223        0.0221  5613906    1.03%            x821 D 140204 130525     22
Elapsed time = 106.92 sec. (79679.63 ticks, tree = 59.88 MB, solutions = 10)
 143161 54458        cutoff              0.0223        0.0221  5677878    1.02%            x727 D 144270 144266     38
 145046 55122        cutoff              0.0223        0.0221  5723219    1.00%            x819 U 145325 145321     23
 147033 55865        0.0222    18        0.0223        0.0221  5817345    0.98%           x1031 U 146551 146547     26
 148854 56223        0.0223    15        0.0223        0.0221  5860183    0.98%           x1029 U 148279 148275     23
 150068 56608        0.0222     9        0.0223        0.0221  5957114    0.97%           x1030 D 150465  20752     20
 151465 56692        0.0222    19        0.0223        0.0221  6009489    0.95%            x844 D 151873 151869     28
 153068 57095        0.0222    19        0.0223        0.0221  6071766    0.95%            x931 U 152691 152687     22
 154802 57641        0.0223     7        0.0223        0.0221  6159818    0.94%           x1037 U 153536 153532     28
 156668 58394        0.0223    11        0.0223        0.0221  6232268    0.93%            x820 D 155304 155296     19
 162251 59228        0.0221    11        0.0223        0.0221  6501405    0.91%           x1034 D 163061  16548     21
Elapsed time = 122.53 sec. (92084.31 ticks, tree = 65.33 MB, solutions = 10)
 169654 60164        0.0223    20        0.0223        0.0221  6770086    0.88%            x936 U 169407 169403     26
 177977 63275        0.0223    11        0.0223        0.0221  7041471    0.83%            x836 D 175572 175568     26
 185020 64804        cutoff              0.0223        0.0221  7311432    0.81%            x558 U 185769 185761     32
 192302 66073        0.0223     7        0.0223        0.0221  7599275    0.79%            x522 U 192231 192227     23
 198954 67181        0.0223     4        0.0223        0.0221  7861032    0.75%           x1044 D 196712 196704     45
 206728 69299        0.0223    11        0.0223        0.0222  8121871    0.71%           x1033 U 207834 207830     24
 213818 70437        0.0222    14        0.0223        0.0222  8380300    0.69%            x820 D 213729 159792     27
 220243 70215        0.0223    16        0.0223        0.0222  8662339    0.66%            x839 U 218496 156152     22
 228027 70219        0.0222    15        0.0223        0.0222  8946083    0.63%           x1043 U 228931 228927     26
 234898 69459        0.0223     6        0.0223        0.0222  9220103    0.62%            x933 U 235998 235994     69
Elapsed time = 172.12 sec. (130234.02 ticks, tree = 78.11 MB, solutions = 10)
 242638 73390        0.0222    14        0.0223        0.0222  9518361    0.60%           x1041 D 243902 243898     30
 249329 74019        0.0222    13        0.0223        0.0222  9765765    0.59%            x817 U 250746 250742     27
 258315 72854        0.0223    10        0.0223        0.0222 10074134    0.58%           x1036 U 256552 256548     23
 265771 73120        0.0223     8        0.0223        0.0222 10379870    0.56%            x561 D 263992 263988     32
 273212 73452        0.0223    16        0.0223        0.0222 10641950    0.54%            x839 U 271264 201641     23
 280450 73488        0.0223    12        0.0223        0.0222 10906494    0.51%            x827 D 278128 278124     18
 288158 74784        0.0223     4        0.0223        0.0222 11159443    0.48%            x914 U 287153 287149     48
 296585 77795        cutoff              0.0223        0.0222 11417383    0.47%           x1038 D 295729 263845     25
 304145 77481        0.0223    10        0.0223        0.0222 11730480    0.46%            x821 U 301204 301200     24
 312120 78418        cutoff              0.0223        0.0222 11974381    0.43%           x1033 D 314986 314978     24
Elapsed time = 222.23 sec. (168385.36 ticks, tree = 87.24 MB, solutions = 10)
 321145 78320        cutoff              0.0223        0.0222 12271083    0.40%           x1035 D 322039 304945     24
 329406 77663        0.0223    12        0.0223        0.0222 12500449    0.38%            x827 U 331922 331918     17
 338222 76367        0.0223     7        0.0223        0.0222 12798633    0.36%            x730 D 337221 337217     22
 347729 76911        0.0223    16        0.0223        0.0222 13050202    0.32%            x819 D 350086 270142     27
 356643 76278        cutoff              0.0223        0.0223 13286317    0.28%           x1036 D 355797 355789     25
 365678 81481        cutoff              0.0223        0.0223 13548617    0.25%            x552 U 366915 366907     29
 373709 86994        0.0223     6        0.0223        0.0223 13835423    0.25%            x552 D 372048 372044     28
 382884 92521        0.0223     7        0.0223        0.0223 14123537    0.25%            x802 D 384546 384542     37
 391171 96959        0.0223     5        0.0223        0.0223 14346983    0.25%            x546 D 389677 389669     51
 398940 102048        cutoff              0.0223        0.0223 14566064    0.25%            x552 U 396977 396965     27
Elapsed time = 276.77 sec. (206535.87 ticks, tree = 111.46 MB, solutions = 10)
 406621 106496        0.0223     8        0.0223        0.0223 14761602    0.25%           x1033 U 408686 408682     30
 413955 111388        0.0223     7        0.0223        0.0223 15002096    0.25%            x478 D 413192   9518     18
 421130 114429        0.0223     2        0.0223        0.0223 15246125    0.25%           x1038 U 420428 420420     44
 428622 118602        0.0223     6        0.0223        0.0223 15508559    0.25%           x1035 U 426721 426717     29
 436057 121822        0.0223     3        0.0223        0.0223 15727034    0.25%            x731 U 434305 434297     29
 443828 122546        0.0223     8        0.0223        0.0223 15964695    0.25%            x700 D 444938 444934     34
 453521 126844        cutoff              0.0223        0.0223 16207021    0.24%            x731 D 452765 452761     41
 463276 131779        0.0223     6        0.0223        0.0223 16512020    0.24%            x812 D 463059 463055     43
 473175 136854        cutoff              0.0223        0.0223 16835382    0.24%            x799 U 473780 473768     37
 481065 138491        cutoff              0.0223        0.0223 17075565    0.24%            x558 U 481772 481764     37
Elapsed time = 332.70 sec. (244686.29 ticks, tree = 152.13 MB, solutions = 10)
 489748 141403        0.0223     5        0.0223        0.0223 17369198    0.24%            x576 D 489815 489811     40
 497716 144327        cutoff              0.0223        0.0223 17633282    0.23%            x561 U 498190 460205     33
 506607 146744        0.0223     8        0.0223        0.0223 17926925    0.23%           x1033 U 506385 506381     29
 514379 148454        0.0223    19        0.0223        0.0223 18201990    0.23%           x1033 D 515128 515120     21
 521522 146684        cutoff              0.0223        0.0223 18479284    0.23%            x697 U 521107 521099     34
 527456 144706        cutoff              0.0223        0.0223 18831085    0.22%            x788 U 527343 335664     37
 532605 142784        0.0223    11        0.0223        0.0223 19145966    0.22%            x562 U 531706 475033     31
 537597 140821        0.0223     8        0.0223        0.0223 19459875    0.22%            x732 D 537527 537523     35
 545735 144047        cutoff              0.0223        0.0223 19729594    0.21%            x735 U 547428 547424     30
 555064 148842        0.0223     5        0.0223        0.0223 19956317    0.21%            x512 U 555239 545586     28
Elapsed time = 381.19 sec. (282836.96 ticks, tree = 162.67 MB, solutions = 10)
 563579 153935        0.0223     6        0.0223        0.0223 20229869    0.21%            x707 U 561918 561914     38
 571074 158128        cutoff              0.0223        0.0223 20502422    0.21%            x768 U 571645 571641     50
 577200 160724        0.0223     7        0.0223        0.0223 20790519    0.21%            x120 D 577993 577989     40
 585035 164186        cutoff              0.0223        0.0223 21096096    0.21%           x1033 D 586604 586596     36
 592369 165928        cutoff              0.0223        0.0223 21412453    0.21%            x929 D 591823 591819     28
 598072 163597        0.0223     7        0.0223        0.0223 21754660    0.20%           x1041 U 596766 596762     28
 605831 162990        cutoff              0.0223        0.0223 21988673    0.20%            x808 U 605171 536098     37
 611862 162411        cutoff              0.0223        0.0223 22285832    0.20%           x1038 U 611423 611419     42
 618047 161481        cutoff              0.0223        0.0223 22606106    0.20%            x552 U 619280 340667     32
 623393 160291        0.0223     8        0.0223        0.0223 22947288    0.19%            x934 U 620978 620974     29
Elapsed time = 427.81 sec. (320988.95 ticks, tree = 176.04 MB, solutions = 10)
 629774 161054        0.0223    11        0.0223        0.0223 23290443    0.19%            x548 D 629579 629575     26
 637444 162701        0.0223     6        0.0223        0.0223 23592410    0.19%            x727 D 637411 637407     22
 643810 163438        cutoff              0.0223        0.0223 23900797    0.19%           x1036 U 644171 644167     39
 650579 165192        0.0223     6        0.0223        0.0223 24157361    0.19%           x1037 U 647210 647206     38
 658882 167996        0.0223     8        0.0223        0.0223 24478083    0.19%            x576 D 658619 658615     42
 665887 169530        cutoff              0.0223        0.0223 24785482    0.19%            x729 D 665623 665619     47
 671256 169211        0.0223     5        0.0223        0.0223 25063844    0.19%            x918 U 672520 672512     41
 676784 169559        cutoff              0.0223        0.0223 25330275    0.18%            x558 U 678429 268594     40
 681589 168453        cutoff              0.0223        0.0223 25729432    0.18%            x558 U 678966 504361     42
 688256 168825        0.0223     5        0.0223        0.0223 26030856    0.18%            x729 U 689884 689876     45
Elapsed time = 472.91 sec. (359138.57 ticks, tree = 185.41 MB, solutions = 10)
 698105 170741        cutoff              0.0223        0.0223 26286376    0.18%            x730 D 697287 697283     45
 708319 174734        0.0223     7        0.0223        0.0223 26559547    0.18%            x570 D 708139 708135     36
 719013 178553        0.0223     7        0.0223        0.0223 26801555    0.18%            x498 U 716858 716854     41
 729081 182700        cutoff              0.0223        0.0223 27073880    0.18%            x935 U 726486 726482     43
 739086 185938        0.0223     8        0.0223        0.0223 27302542    0.18%            x792 D 738949 738945     35
 749447 189187        0.0223     7        0.0223        0.0223 27532950    0.18%           x1034 U 749243 749239     29
 758670 193494        0.0223     8        0.0223        0.0223 27826471    0.18%            x931 U 758799 758795     31
 764174 192444        0.0223    13        0.0223        0.0223 28158784    0.18%            x932 U 763225 763221     29
 770974 193999        cutoff              0.0223        0.0223 28445225    0.18%            x558 U 773488 651211     30
 776417 193441        cutoff              0.0223        0.0223 28775232    0.18%            x558 U 776391 558175     35
Elapsed time = 525.73 sec. (397289.93 ticks, tree = 212.85 MB, solutions = 10)
 782820 191514        cutoff              0.0223        0.0223 29144803    0.17%            x932 D 782627 180063     42
 791517 191668        0.0223     6        0.0223        0.0223 29379448    0.17%            x727 U 791071 791067     48
 798277 191183        cutoff              0.0223        0.0223 29723385    0.17%            x120 U 797571 454201     29
 802474 190400        0.0223    10        0.0223        0.0223 30016643    0.17%            x461 D 804952 804948     47
 804211 190688        0.0223     7        0.0223        0.0223 30142545    0.17%            x509 D 806056 412553     35
 806121 190942        cutoff              0.0223        0.0223 30238499    0.17%            x570 U 808020 414779     34
 808957 190320        0.0223     7        0.0223        0.0223 30402633    0.17%            x576 D 807842 807838     47
 810593 190531        0.0223     4        0.0223        0.0223 30492560    0.17%            x780 D 810385 810377     50
 812197 191184        0.0223     3        0.0223        0.0223 30548174    0.17%            x729 U 812001 811993     38
 813837 192013        0.0223     8        0.0223        0.0223 30597287    0.17%            x786 D 812963 812955     49
Elapsed time = 562.31 sec. (435489.30 ticks, tree = 211.37 MB, solutions = 10)
 815704 193030        0.0223     6        0.0223        0.0223 30653582    0.17%            x730 U 815229 815225     28
 819555 194506        cutoff              0.0223        0.0223 30730833    0.17%            x798 U 817895 817883     36
 824509 196814        cutoff              0.0223        0.0223 30971370    0.17%            x699 U 825597 541018     38
 829254 196191        cutoff              0.0223        0.0223 31277669    0.17%            x570 U 827450 699913     36
 832971 194928        0.0223     7        0.0223        0.0223 31525398    0.16%           x1041 U 831263 831259     38
 838158 193656        0.0223     2        0.0223        0.0223 31862481    0.16%            x465 D 836635 836627     54
 842614 193654        0.0223    10        0.0223        0.0223 32035650    0.16%            x510 U 843425 843421     33
 849329 196269        0.0223     6        0.0223        0.0223 32235296    0.16%            x762 D 847291 847287     38
 854754 199739        cutoff              0.0223        0.0223 32403824    0.16%            x774 U 858228 858224     52

Cover cuts applied:  15

Root node processing (before b&c):
  Real time             =    0.23 sec. (240.30 ticks)
Parallel b&c, 4 threads:
  Real time             =  599.78 sec. (470298.81 ticks)
  Sync time (average)   =   22.15 sec.
  Wait time (average)   =    0.00 sec.
                          ------------
Total (root+branch&cut) =  600.02 sec. (470539.11 ticks)
