Version identifier: 22.2.0.0 | 2026-05-04 | 5dff98e58
CPXPARAM_Read_DataCheck                          1
CPXPARAM_Threads                                 4
CPXPARAM_Parallel                                1
CPXPARAM_RandomSeed                              20260925
CPXPARAM_MIP_Strategy_Search                     1
CPXPARAM_Simplex_Tolerances_Optimality           1.0000000000000001e-09
CPXPARAM_Simplex_Tolerances_Feasibility          1.0000000000000001e-09
CPXPARAM_TimeLimit                               600
CPXPARAM_MIP_Tolerances_AbsMIPGap                1.0000000000000001e-09
CPXPARAM_MIP_Tolerances_Integrality              1.0000000000000001e-09
Legacy callback                                  iLUD
Lazy constraint(s) or lazy constraint/branch callback is present.
    Disabling dual reductions (CPX_PARAM_REDUCE) in presolve.
    Disabling presolve reductions that prevent crushing forms (CPX_PARAM_PREREFORM).
         Disabling repeat represolve because of lazy constraint/incumbent callback.
Warning: Effort level 'CheckFeas' is incompatible with lazy constraint/incumbent callback.
         Effort level increased to 'SolveFixed'.
1 of 1 MIP starts provided solutions.
MIP start 'm1' defined initial solution with objective 0.0276.
Tried aggregator 1 time.
MIP Presolve eliminated 1353 rows and 0 columns.
Reduced MIP has 1617 rows, 2360 columns, and 18195 nonzeros.
Reduced MIP has 1164 binaries, 0 generals, 0 SOSs, and 0 indicators.
Presolve time = 0.00 sec. (12.31 ticks)
Probing time = 0.00 sec. (0.30 ticks)
MIP emphasis: balance optimality and feasibility.
MIP search method: traditional branch-and-cut.
Parallel mode: deterministic, using up to 4 threads.
Root relaxation solution time = 0.02 sec. (25.18 ticks)

        Nodes                                         Cuts/
   Node  Left     Objective  IInf  Best Integer    Best Bound    ItCnt     Gap         Variable B NodeID Parent  Depth

*     0+    0                            0.0276        0.0000           100.00%
      0     0        0.0253    51        0.0276        0.0253      786    8.25%
*     0+    0                            0.0273        0.0253             7.19%
*     0+    0                            0.0269        0.0253             5.96%
      0     0  -1.00000e+75     0        0.0269        0.0253      786    5.96%
      0     2        0.0253    37        0.0269        0.0253      786    5.96%                        0             0
Elapsed time = 0.31 sec. (277.53 ticks, tree = 0.02 MB, solutions = 3)
*    62+    3                            0.0269        0.0254             5.49%
     62    52        0.0263    21        0.0269        0.0254     4541    5.49%           x1032 U    108    104     20
*    64+    3                            0.0268        0.0254             4.94%
    182   135        0.0255    38        0.0268        0.0254    11746    4.94%            x909 D    154    150     10
    385   280        0.0264    20        0.0268        0.0255    18942    4.87%           x1035 U    443    439     18
    616   432        0.0263    23        0.0268        0.0255    27568    4.87%           x1032 U    639    635     29
    880   580        cutoff              0.0268        0.0255    37321    4.75%           x1033 D    789    785     23
   1059   743        0.0257    23        0.0268        0.0255    48639    4.60%           x1031 U   1014   1010     16
   1300   891        0.0258    24        0.0268        0.0255    58852    4.56%            x820 D   1311   1307     11
   1570  1089        0.0260    21        0.0268        0.0256    71500    4.41%             x35 U   1481   1477     24
   1798  1286        0.0264     9        0.0268        0.0256    86217    4.37%            x917 U   1721   1717     28
   2813  1998        0.0260    28        0.0268        0.0257   136748    4.08%            x927 D   2804   2800     20
Elapsed time = 4.44 sec. (3401.56 ticks, tree = 2.21 MB, solutions = 5)
   3859  2782        0.0264    12        0.0268        0.0257   193908    3.98%           x1036 U   3805   3801     25
*  4111+ 2956                            0.0267        0.0257             3.64%
*  4126+ 2956                            0.0266        0.0257             3.52%
   4844  3306        0.0265    18        0.0266        0.0257   246503    3.44%           x1028 U   4851   4847     28
   5854  4028        0.0258    30        0.0266        0.0257   308205    3.37%            x842 D   5649   5645     18
   6825  4591        0.0258    32        0.0266        0.0258   361280    3.33%            x826 U   6815   5693     14
   7885  5364        0.0258    30        0.0266        0.0258   423653    3.29%            x821 D   7561   7557     20
   8794  5833        cutoff              0.0266        0.0258   472507    3.28%           x1030 U   8305   8301     28
   9809  6592        0.0264    16        0.0266        0.0258   537189    3.26%            x822 D   9381   9377     26
  10841  7182        0.0260    17        0.0266        0.0258   593969    3.23%           x1028 U  10361  10357     18
  11905  7863        0.0261    18        0.0266        0.0258   653190    3.20%           x1028 U  11381  11377     25
  12917  8647        0.0260    21        0.0266        0.0258   720048    3.18%           x1031 U  12970  12966     24
Elapsed time = 18.66 sec. (12948.57 ticks, tree = 9.02 MB, solutions = 7)
  14003  9252        0.0260    21        0.0266        0.0258   769952    3.17%           x1027 U  14162  14158     27
  15104  9977        0.0264    15        0.0266        0.0258   835146    3.14%           x1032 U  14581  14577     27
  16372 10664        0.0261    26        0.0266        0.0258   881747    3.12%            x843 D  16475  16471     25
  17480 11699        0.0263    17        0.0266        0.0258   964016    3.12%           x1030 U  16881  16877     25
  18580 12173        cutoff              0.0266        0.0258  1005920    3.11%           x1037 D  18486  18478     38
  19577 13051        0.0262    23        0.0266        0.0258  1083738    3.09%           x1032 U  19189  19185     16
  20500 13385        0.0260    28        0.0266        0.0258  1120758    3.06%            x936 D  20113  20109     21
  21465 14095        0.0262    21        0.0266        0.0258  1193976    3.04%           x1037 U  21932  21928     26
  22407 14521        cutoff              0.0266        0.0258  1240831    3.01%           x1030 D  22575  22571     36
  23301 15065        0.0261    24        0.0266        0.0259  1298514    2.97%           x1031 U  23828  23824     19
Elapsed time = 30.92 sec. (22490.97 ticks, tree = 15.40 MB, solutions = 7)
  24093 15636        0.0260    30        0.0266        0.0259  1369205    2.95%            x933 D  24171  19818     16
  24909 16047        0.0266    14        0.0266        0.0259  1427717    2.94%           x1036 U  25392  25388     25
  25795 16493        0.0264    18        0.0266        0.0259  1488262    2.93%           x1031 U  25782  25778     30
  26553 16993        0.0259    17        0.0266        0.0259  1557325    2.93%            x933 U  26518  26514     27
  27368 17366        cutoff              0.0266        0.0259  1613079    2.92%           x1032 D  27423  27415     29
  28131 17648        cutoff              0.0266        0.0259  1663956    2.91%            x843 U  27549  27541     33
  28981 18153        0.0260    26        0.0266        0.0259  1738916    2.90%            x925 D  29010  29006     20
  29857 18559        0.0261    23        0.0266        0.0259  1786743    2.88%            x925 D  30404  30400     24
  30702 19095        0.0259    30        0.0266        0.0259  1857042    2.87%            x827 U  31376  31372     18
  31573 19375        0.0263    19        0.0266        0.0259  1899182    2.85%            x826 U  32220  32216     20
Elapsed time = 42.22 sec. (32041.70 ticks, tree = 20.46 MB, solutions = 7)
  32351 19999        0.0265    17        0.0266        0.0259  1980127    2.84%            x914 U  31789  31781     41
  33319 20294        0.0260    26        0.0266        0.0259  2022172    2.82%           x1028 U  32653  32649     18
  34210 21020        0.0261    30        0.0266        0.0259  2098674    2.82%            x931 U  34162  34158     17
  35180 21580        0.0260    31        0.0266        0.0259  2162007    2.80%            x911 U  34365   6939     17
  35964 22079        0.0261    16        0.0266        0.0259  2225005    2.78%           x1028 U  35847  35843     23
  36746 22432        0.0266    14        0.0266        0.0259  2275228    2.76%           x1033 U  35969  35965     30
  37514 22886        0.0263    21        0.0266        0.0259  2339081    2.76%           x1032 U  37507  37503     16
  38287 23193        0.0262    14        0.0266        0.0259  2390910    2.75%           x1030 U  37405  37401     20
  39223 23800        0.0261    22        0.0266        0.0259  2473948    2.74%            x844 D  39294  39290     30
  40147 24213        0.0260    27        0.0266        0.0259  2524516    2.73%            x819 D  40996  40992     22
Elapsed time = 53.86 sec. (41586.01 ticks, tree = 26.70 MB, solutions = 7)
  41133 24749        0.0261    18        0.0266        0.0259  2585142    2.72%            x822 D  40381  40377     25
  42061 25386        0.0259    23        0.0266        0.0259  2659867    2.72%            x933 U  41337  41333     23
  42844 25666        0.0263    23        0.0266        0.0259  2697507    2.71%           x1036 U  42811  42807     30
  43621 26144        0.0259    23        0.0266        0.0259  2771810    2.71%            x915 U  43531  43527     29
  44421 26552        0.0261    24        0.0266        0.0259  2830954    2.70%            x845 D  44354  44350     33
  45256 26867        0.0262    20        0.0266        0.0259  2875820    2.70%            x930 D  45190  45186     24
  46131 27331        cutoff              0.0266        0.0259  2944928    2.69%             x34 D  45393  45385     31
  46906 27720        0.0261    23        0.0266        0.0259  2998263    2.69%            x841 D  46854  46850     31
  47705 28249        0.0260    22        0.0266        0.0259  3080900    2.69%            x918 D  48636  42633     27
  48535 28572        cutoff              0.0266        0.0259  3136218    2.68%           x1028 U  48191  48187     31
Elapsed time = 64.44 sec. (51129.96 ticks, tree = 30.97 MB, solutions = 7)
  49313 29039        0.0263    19        0.0266        0.0259  3205473    2.68%           x1030 U  50168  50164     29
  50124 29409        0.0260    23        0.0266        0.0259  3262295    2.67%            x932 D  49799  44469     31
  50828 29730        cutoff              0.0266        0.0259  3317430    2.67%           x1035 U  50345  50341     34
  51620 30093        0.0261    22        0.0266        0.0259  3397451    2.67%           x1035 D  51121  40689     23
  52480 30285        0.0266    12        0.0266        0.0259  3425977    2.67%            x907 D  52175  52171     21
  53237 30711        0.0265    20        0.0266        0.0259  3495884    2.66%           x1037 U  53242  53238     25
  54096 31083        0.0264    14        0.0266        0.0259  3556239    2.66%            x842 U  54972  54968     26
  54933 31598        0.0262    26        0.0266        0.0259  3636418    2.65%            x844 D  55660  55656     29
  55781 31897        cutoff              0.0266        0.0259  3683651    2.65%           x1028 U  56512  56508     35
  56716 32322        0.0262    25        0.0266        0.0259  3737919    2.65%           x1031 U  56165  56161     17
Elapsed time = 75.08 sec. (60672.88 ticks, tree = 36.96 MB, solutions = 7)
  57607 32959        0.0260    22        0.0266        0.0259  3826978    2.64%            x828 D  57486  57482     20
  58441 33320        0.0261    23        0.0266        0.0259  3874692    2.63%            x819 U  58362  58358     22
  59302 33657        0.0262    21        0.0266        0.0259  3929914    2.63%           x1028 U  58931  58927     20
  60232 34063        0.0262    17        0.0266        0.0259  3989222    2.63%            x916 U  61212  61208     28
  61139 34560        0.0263    17        0.0266        0.0259  4058072    2.62%           x1029 U  60759  60755     23
  62009 34915        0.0263    20        0.0266        0.0259  4106719    2.61%           x1028 U  61595  61591     34
  62849 35352        0.0262    25        0.0266        0.0259  4174086    2.60%           x1035 D  62237  13137     24
  63702 35790        0.0261    24        0.0266        0.0260  4247441    2.60%            x835 D  64840  64836     26
  64561 36028        cutoff              0.0266        0.0260  4284606    2.59%            x841 D  64183  64179     29
  65457 36670        0.0261    36        0.0266        0.0260  4374120    2.57%            x841 D  66628  66624     20
Elapsed time = 89.41 sec. (70228.68 ticks, tree = 42.36 MB, solutions = 7)
  66335 37074        0.0264    22        0.0266        0.0260  4430694    2.56%            x931 D  65845  65837     22
  67341 37649        0.0263    22        0.0266        0.0260  4505253    2.55%            x835 D  68428  68424     21
  68158 38010        cutoff              0.0266        0.0260  4553420    2.54%           x1037 D  69348  69336     28
  69083 38341        cutoff              0.0266        0.0260  4602570    2.53%           x1037 U  70304  70296     35
  70004 38880        cutoff              0.0266        0.0260  4675239    2.53%           x1032 D  69467  69459     34
  70927 39406        0.0261    22        0.0266        0.0260  4746268    2.52%            x932 U  70381  70377     29
  71904 39611        0.0260    28        0.0266        0.0260  4776754    2.51%            x845 D  71387  52386     21
  72872 40209        cutoff              0.0266        0.0260  4851856    2.51%           x1041 D  72594  72590     27
  73803 40640        0.0261    24        0.0266        0.0260  4906805    2.50%            x827 D  73295  73207     21
  74779 41245        cutoff              0.0266        0.0260  4983837    2.49%            x914 D  74462  74450     39
Elapsed time = 103.19 sec. (79776.10 ticks, tree = 46.73 MB, solutions = 7)
  75752 41814        0.0260    27        0.0266        0.0260  5051792    2.48%            x934 D  77064  18685     13
  76619 42247        0.0264    15        0.0266        0.0260  5110944    2.48%           x1039 D  76221  76217     27
  77526 42597        0.0261    19        0.0266        0.0260  5161058    2.47%           x1027 U  77065  77061     27
  78465 43099        0.0261    22        0.0266        0.0260  5227826    2.47%           x1038 U  77959  77955     24
  79394 43483        cutoff              0.0266        0.0260  5278455    2.46%           x1034 U  78919  78915     28
  80338 44001        cutoff              0.0266        0.0260  5338639    2.46%            x913 U  81756  81752     26
  81296 44407        0.0261    27        0.0266        0.0260  5398683    2.45%            x828 U  80577  57482     20
  82294 44949        cutoff              0.0266        0.0260  5463901    2.44%           x1033 D  81871  81863     31
  83248 45575        0.0260    28        0.0266        0.0260  5539467    2.44%            x828 U  83034  83030     17
  86942 47268        0.0261    21        0.0266        0.0260  5762142    2.41%            x817 U  88340  88336     20
Elapsed time = 121.81 sec. (92188.26 ticks, tree = 52.51 MB, solutions = 7)
  90823 49319        0.0262    27        0.0266        0.0260  6028343    2.39%           x1033 U  90023  90019     27
  94398 51021        0.0262    19        0.0266        0.0260  6284237    2.37%           x1028 U  95860  95856     30
  98104 52642        0.0262    21        0.0266        0.0260  6508030    2.35%            x936 U  97822  97818     23
 101888 54381        0.0262    17        0.0266        0.0260  6761646    2.34%            x843 U 101219 101195     29
 105603 56114        cutoff              0.0266        0.0260  6996023    2.32%            x928 U 105041 105033     32
 109340 57604        cutoff              0.0266        0.0260  7229284    2.31%           x1035 U 108811 108807     32
 113131 59450        0.0262    17        0.0266        0.0260  7512120    2.29%             x34 U 112850 112846     25
 116976 61111        0.0262    18        0.0266        0.0260  7762040    2.27%            x835 U 116045  42601     28
 120797 62745        cutoff              0.0266        0.0260  8013814    2.26%           x1035 D 122652 122644     36
 124407 64088        0.0263    22        0.0266        0.0260  8241978    2.24%            x933 D 126396 126392     28
Elapsed time = 185.17 sec. (130349.54 ticks, tree = 68.79 MB, solutions = 7)
 128187 65727        0.0264    14        0.0266        0.0260  8491691    2.23%           x1029 U 127867 127863     25
 131937 67314        0.0264    16        0.0266        0.0261  8717064    2.21%            x918 U 131707 131703     31
 136033 69227        0.0265    12        0.0266        0.0261  8976652    2.20%           x1034 U 135550 135546     33
 139706 70805        0.0263    16        0.0266        0.0261  9227070    2.18%           x1034 U 141660 141656     34
 143371 72246        cutoff              0.0266        0.0261  9478123    2.17%           x1032 U 142838 142834     32
 147063 73667        0.0265    20        0.0266        0.0261  9721834    2.16%           x1030 U 146739 146735     27
 150592 75115        0.0263    15        0.0266        0.0261  9978371    2.15%           x1033 U 149117 149113     37
 154268 76337        0.0266    18        0.0266        0.0261 10202922    2.13%           x1031 U 156636 156628     28
 157587 77563        0.0265    15        0.0266        0.0261 10460789    2.12%           x1031 U 156790 156786     31
 161176 78864        0.0262    28        0.0266        0.0261 10725412    2.11%            x841 D 163476 147001     20
Elapsed time = 243.45 sec. (168502.27 ticks, tree = 85.96 MB, solutions = 7)
 164533 79965        0.0262    23        0.0266        0.0261 10947482    2.10%            x840 U 164019  41659     24
 167831 80986        0.0265    19        0.0266        0.0261 11130831    2.09%           x1030 U 167274 167270     30
 170904 82016        0.0261    21        0.0266        0.0261 11375553    2.08%            x936 U 170446 170442     22
 174131 82936        cutoff              0.0266        0.0261 11622299    2.08%           x1031 U 173638 173634     35
 176811 83697        0.0262    20        0.0266        0.0261 11885350    2.06%            x839 U 176191  57801     34
 179915 84400        0.0265    21        0.0266        0.0261 12131719    2.06%           x1027 U 179194 179190     34
 183279 85475        cutoff              0.0266        0.0261 12399117    2.05%           x1035 D 182979 182971     38
 186332 86276        0.0264    13        0.0266        0.0261 12634861    2.04%           x1029 U 185549 185545     30
 189243 87043        0.0261    21        0.0266        0.0261 12894802    2.03%            x936 D 188385 114615     21
 192256 87594        0.0262    21        0.0266        0.0261 13133639    2.02%            x933 D 191871 146986     31
Elapsed time = 296.14 sec. (206659.37 ticks, tree = 102.10 MB, solutions = 7)
 195027 88254        0.0266    19        0.0266        0.0261 13414535    2.01%           x1032 U 197272 197268     40
 198378 88952        0.0262    17        0.0266        0.0261 13643195    2.01%            x918 D 197417  90675     19
 201972 90013        0.0265    16        0.0266        0.0261 13878364    2.00%           x1032 U 201655 201651     38
 205274 90999        cutoff              0.0266        0.0261 14146673    1.99%           x1035 D 204907  31608     23
 208524 91705        0.0262    25        0.0266        0.0261 14379764    1.97%           x1027 U 210380 210376     19
 211943 92750        0.0264    16        0.0266        0.0261 14621778    1.96%           x1027 U 211186 211182     33
 215397 93836        0.0261    24        0.0266        0.0261 14890952    1.95%           x1028 U 214582 108368     19
 219126 94879        0.0264    18        0.0266        0.0261 15097364    1.94%            x840 D 218357 218353     30
 222832 96097        0.0264    24        0.0266        0.0261 15339784    1.93%            x915 D 222535  24291     23
 226661 97407        0.0263    18        0.0266        0.0261 15605166    1.92%            x846 D 225926 225918     27
Elapsed time = 357.78 sec. (244815.41 ticks, tree = 112.79 MB, solutions = 7)
 230663 98640        0.0265    16        0.0266        0.0261 15827248    1.90%            x824 U 230050 230046     23
 234321 99965        0.0262    25        0.0266        0.0261 16105175    1.89%            x827 D 233762 233714     26
 237950 100960        0.0262    28        0.0266        0.0261 16327216    1.88%            x934 D 237346 127390     15
 241450 102000        0.0266    20        0.0266        0.0261 16582961    1.87%            x928 D 243012 243008     26
 244771 102846        0.0266    13        0.0266        0.0261 16800780    1.85%            x817 U 244675 244671     26
 248265 103991        cutoff              0.0266        0.0262 17072444    1.84%           x1040 U 247698 247694     32
 251929 105197        0.0263    16        0.0266        0.0262 17332304    1.83%           x1031 U 253736 253732     26
 255404 106067        0.0264    20        0.0266        0.0262 17551923    1.82%           x1031 U 255111 255107     25
 259005 106987        0.0263    20        0.0266        0.0262 17770979    1.81%            x931 U 258662 258658     24
 262548 108181        0.0265    20        0.0266        0.0262 18063303    1.79%            x842 D 262202 262198     30
Elapsed time = 430.81 sec. (282971.72 ticks, tree = 123.21 MB, solutions = 7)
 266390 109094        0.0262    28        0.0266        0.0262 18269907    1.78%           x1035 D 268116  54604     19
 270072 110147        cutoff              0.0266        0.0262 18508354    1.77%           x1032 D 271896 271892     30
 273499 111220        0.0264    26        0.0266        0.0262 18762234    1.76%            x838 U 272289 272285     17
 276797 112017        0.0265    16        0.0266        0.0262 19016159    1.75%           x1032 U 276678 276674     25
 280013 112862        0.0263    18        0.0266        0.0262 19261951    1.74%           x1030 U 279950 279946     33
 283388 113750        0.0263    17        0.0266        0.0262 19483978    1.73%           x1031 U 285576 285572     24
 286624 114458        0.0263    20        0.0266        0.0262 19636341    1.72%            x845 U 285265 209363     25
 289663 115198        0.0266    16        0.0266        0.0262 19831403    1.71%           x1032 U 289446 289442     39
 293043 115949        0.0264    15        0.0266        0.0262 20038864    1.70%           x1033 U 292383 292375     32
 296430 116516        0.0263    24        0.0266        0.0262 20194330    1.69%            x936 D 298672 116999     26
Elapsed time = 497.41 sec. (321131.94 ticks, tree = 166.35 MB, solutions = 7)
 299817 117491        0.0264    16        0.0266        0.0262 20363840    1.68%            x842 D 299367 299363     30
 303235 118499        0.0266     2        0.0266        0.0262 20576246    1.67%           x1038 U 302149 302145     39
 306750 119331        0.0263    33        0.0266        0.0262 20767244    1.66%           x1027 D 305789  30216     16
 309843 119887        cutoff              0.0266        0.0262 20935059    1.65%            x930 D 309027 309023     30
 313292 120632        0.0263    19        0.0266        0.0262 21137539    1.64%            x828 U 315420 308425     25
 316663 121384        0.0266    10        0.0266        0.0262 21301451    1.63%           x1035 U 316358 316354     39
 320114 122070        0.0264    23        0.0266        0.0262 21454041    1.62%           x1031 U 319463 319459     24
 322963 122999        0.0263    10        0.0266        0.0262 21640691    1.61%            x933 U 325456 325452     26
 324260 123345        0.0264    28        0.0266        0.0262 21696167    1.61%            x822 U 323139 323135     21
 325493 123674        0.0263    21        0.0266        0.0262 21782485    1.60%            x930 U 324779 160370     25
Elapsed time = 553.17 sec. (359317.77 ticks, tree = 245.06 MB, solutions = 7)
 326699 123835        0.0264    18        0.0266        0.0262 21819516    1.60%           x1032 U 325602 325598     32
 327986 124222        cutoff              0.0266        0.0262 21906415    1.59%           x1030 U 327151 327147     37
 329394 124486        0.0266    17        0.0266        0.0262 21964634    1.59%           x1032 U 328747 328743     32
 330799 124797        0.0265    30        0.0266        0.0262 22041133    1.59%            x931 D 330803 330799     19
 332212 125122        0.0265    21        0.0266        0.0262 22124600    1.58%           x1033 D 331182  47236     33
 334439 125386        cutoff              0.0266        0.0262 22194208    1.58%            x913 U 334935 334931     34
 337338 125957        0.0266    24        0.0266        0.0262 22365916    1.58%           x1035 D 337659  48603     30
 340327 126604        0.0266    11        0.0266        0.0262 22522913    1.57%           x1032 U 341496 341492     25

Cover cuts applied:  11
User cuts applied:  1

Root node processing (before b&c):
  Real time             =    0.31 sec. (276.72 ticks)
Parallel b&c, 4 threads:
  Real time             =  599.70 sec. (393849.02 ticks)
  Sync time (average)   =   24.57 sec.
  Wait time (average)   =    0.00 sec.
                          ------------
Total (root+branch&cut) =  600.02 sec. (394125.74 ticks)
