Version identifier: 22.2.0.0 | 2026-05-04 | 5dff98e58
CPXPARAM_Read_DataCheck                          1
CPXPARAM_Threads                                 4
CPXPARAM_Parallel                                1
CPXPARAM_RandomSeed                              20260925
CPXPARAM_MIP_Strategy_Search                     1
CPXPARAM_Simplex_Tolerances_Optimality           1.0000000000000001e-09
CPXPARAM_Simplex_Tolerances_Feasibility          1.0000000000000001e-09
CPXPARAM_TimeLimit                               600
CPXPARAM_MIP_Tolerances_AbsMIPGap                1.0000000000000001e-09
CPXPARAM_MIP_Tolerances_Integrality              1.0000000000000001e-09
Legacy callback                                  iLUD
Lazy constraint(s) or lazy constraint/branch callback is present.
    Disabling dual reductions (CPX_PARAM_REDUCE) in presolve.
    Disabling presolve reductions that prevent crushing forms (CPX_PARAM_PREREFORM).
         Disabling repeat represolve because of lazy constraint/incumbent callback.
Warning: Effort level 'CheckFeas' is incompatible with lazy constraint/incumbent callback.
         Effort level increased to 'SolveFixed'.
1 of 1 MIP starts provided solutions.
MIP start 'm1' defined initial solution with objective 0.0452.
Tried aggregator 1 time.
MIP Presolve eliminated 3744 rows and 0 columns.
MIP Presolve modified 536 coefficients.
Reduced MIP has 5240 rows, 7016 columns, and 76380 nonzeros.
Reduced MIP has 3492 binaries, 0 generals, 0 SOSs, and 0 indicators.
Presolve time = 0.02 sec. (35.98 ticks)
Probing time = 0.00 sec. (1.14 ticks)
MIP emphasis: balance optimality and feasibility.
MIP search method: traditional branch-and-cut.
Parallel mode: deterministic, using up to 4 threads.
Root relaxation solution time = 0.14 sec. (208.50 ticks)

        Nodes                                         Cuts/
   Node  Left     Objective  IInf  Best Integer    Best Bound    ItCnt     Gap         Variable B NodeID Parent  Depth

*     0+    0                            0.0452        0.0000           100.00%
      0     0        0.0395    54        0.0452        0.0395     2964   12.54%
      0     0        0.0395    34        0.0452 UserPurge1: 1     3152   12.54%
      0     0        0.0395    34        0.0452 UserPurge1: 1     3155   12.54%
*     0+    0                            0.0401        0.0395             1.39%
*     0+    0                            0.0401        0.0395             1.36%
      0     0  -1.00000e+75     0        0.0401        0.0395     3155    1.36%
      0     2        0.0395    29        0.0401        0.0395     3155    1.36%                        0             0
Elapsed time = 1.33 sec. (1065.54 ticks, tree = 0.02 MB, solutions = 3)
     22    18        0.0398    14        0.0401        0.0396     3433    1.24%           x3108 U     68     60     14
     84    44        0.0400    10        0.0401        0.0396     4065    1.24%           x2728 U    134    126     26
    176    97        cutoff              0.0401        0.0396     6055    1.24%           x3087 D    129    125     25
    305   169        0.0397    20        0.0401        0.0396     8357    1.24%           x3087 D    279    275      9
    430   249        cutoff              0.0401        0.0396     9801    1.24%            x920 U    373    365     31
    607   383        0.0401     9        0.0401        0.0396    13085    1.24%           x3081 U    672    668     30
    778   499        0.0400    11        0.0401        0.0396    15076    1.24%           x2468 D    737    733     25
    957   612        0.0400    11        0.0401        0.0396    17199    1.24%           x3121 D   1000    992     30
   1159   765        0.0399    13        0.0401        0.0396    20418    1.24%           x2753 D   1238   1230     25
   1925  1291        0.0400    16        0.0401        0.0397    32867    1.07%           x2739 U   2074   2066     25
Elapsed time = 10.03 sec. (4180.35 ticks, tree = 3.76 MB, solutions = 3)
   2643  1779        0.0398    16        0.0401        0.0397    47756    1.07%            x927 D   2448   2444     10
   3560  2345        cutoff              0.0401        0.0397    65354    1.07%            x925 U   3559   3555     35
   4434  2805        0.0400    10        0.0401        0.0397    79315    1.07%           x3116 U   4152   4148     21
   5321  3383        0.0400    12        0.0401        0.0397    96685    1.07%           x2748 U   5221   5217     27
   6141  3994        0.0398    18        0.0401        0.0397   114059    1.07%            x925 D   6131   6127     25
   7084  4568        0.0398    15        0.0401        0.0397   127409    1.07%           x2733 D   7001   6997     19
   7877  5092        0.0399    14        0.0401        0.0397   141998    1.00%           x3103 U   8118   8114     28
   8629  5603        0.0397    20        0.0401        0.0397   157598    1.00%           x3110 D   8497   8493     13
   9531  6313        0.0398    16        0.0401        0.0397   176556    1.00%            x935 D   9786   9782     25
  10334  6651        0.0400    14        0.0401        0.0397   186730    1.00%           x2473 D  10283  10279     44
Elapsed time = 52.31 sec. (13722.41 ticks, tree = 20.00 MB, solutions = 3)
  11125  7263        0.0399    13        0.0401        0.0397   206277    1.00%           x2453 D  11450  11442     20
  11924  7733        0.0399    17        0.0401        0.0397   219187    1.00%            x921 D  12310  12306     19
  12595  8257        0.0397    20        0.0401        0.0397   237113    1.00%            x932 U  12503   2473     18
  13280  8623        0.0398    15        0.0401        0.0397   249224    1.00%           x2753 U  13021  13017     24
  14079  9070        0.0400    16        0.0401        0.0397   264711    1.00%            x929 D  13964  13960     22
  14826  9562        0.0397    18        0.0401        0.0397   280519    1.00%           x2727 D  14608  14604     25
  15576 10196        0.0397    15        0.0401        0.0397   300270    1.00%           x3080 U  15321  15317     19
  16464 10711        0.0397    19        0.0401        0.0397   313121    1.00%           x3082 U  16439  16435     20
  17235 11334        0.0398    18        0.0401        0.0397   328191    1.00%            x927 U  17267  17263     21
  18067 11673        0.0399     9        0.0401        0.0397   338236    1.00%           x3110 D  18239  18231     23
Elapsed time = 97.05 sec. (23266.28 ticks, tree = 34.51 MB, solutions = 3)
  18838 12269        0.0400    15        0.0401        0.0397   354321    1.00%           x2473 D  19039  19035     38
  19609 12859        0.0400    14        0.0401        0.0397   366853    1.00%           x2743 D  19316  19312     29
  20366 13354        0.0397    23        0.0401        0.0397   380373    1.00%           x3105 D  20774  19759     15
  21038 13711        0.0399    12        0.0401        0.0397   393800    1.00%           x2753 U  20605  20601     23
  21715 14013        cutoff              0.0401        0.0397   403660    1.00%            x925 U  21237  21233     44
  22395 14640        cutoff              0.0401        0.0397   423272    1.00%            x925 D  22136  22128     45
  22978 14964        0.0399    20        0.0401        0.0397   437103    1.00%            x935 D  23047  23043     38
  23596 15318        0.0398    17        0.0401        0.0397   453281    1.00%           x2735 D  23324  23320     38
  24301 15591        0.0399    17        0.0401        0.0397   462763    1.00%            x933 D  23973  23965     36
  24977 16107        0.0398    16        0.0401        0.0397   478101    1.00%           x2735 D  25490  25482     31
Elapsed time = 134.41 sec. (32815.81 ticks, tree = 47.47 MB, solutions = 3)
  25642 16408        0.0397    20        0.0401        0.0397   488716    1.00%            x935 D  26134  26126     34
  26295 16915        0.0398    17        0.0401        0.0397   506894    1.00%            x935 U  26754  26750     26
  26904 17224        0.0399    12        0.0401        0.0397   520568    1.00%           x3090 U  26441  26437     26
  27497 17537        0.0397    21        0.0401        0.0397   531191    1.00%           x3084 D  27069  27017     19
  27999 17941        0.0399    11        0.0401        0.0397   546731    1.00%           x3107 U  27569  27565     36
  28525 18214        0.0401     2        0.0401        0.0397   556548    1.00%           x1819 U  28065  28061     41
  29120 18515        0.0397    20        0.0401        0.0397   565600    1.00%           x3107 U  28761  28757     35
  29729 18890        0.0401     2        0.0401        0.0397   577673    1.00%           x1183 U  29855  29851     45
  30298 19441        cutoff              0.0401        0.0397   597176    1.00%           x3118 U  30112  30108     37
  30927 19659        0.0399    10        0.0401        0.0397   602461    1.00%           x3128 U  30557  30553     38
Elapsed time = 160.70 sec. (42372.89 ticks, tree = 58.83 MB, solutions = 3)
  31557 20025        0.0398    15        0.0401        0.0397   613272    1.00%            x930 U  31747  31743     35
  32131 20537        0.0398    10        0.0401        0.0397   629807    1.00%           x2735 D  32355  32351     27
  32690 20949        0.0400     8        0.0401        0.0397   641214    1.00%           x3106 D  32548  32540     38
  33277 21204        cutoff              0.0401        0.0397   649024    1.00%           x3111 D  33647  33643     36
  33868 21662        0.0399     7        0.0401        0.0397   665554    1.00%           x3108 D  33205  33201     36
  34438 22046        cutoff              0.0401        0.0397   681305    1.00%            x932 D  34408  34404     48
  35103 22411        0.0400    15        0.0401        0.0397   692974    1.00%           x3105 D  35450  35446     46
  35787 22667        cutoff              0.0401        0.0397   700352    1.00%            x936 U  36223  36215     43
  36403 23331        0.0398    14        0.0401        0.0397   720442    1.00%           x2735 D  36268  36264     36
  37039 23531        0.0398    10        0.0401        0.0397   727099    1.00%           x3108 U  36421  36413     31
Elapsed time = 185.36 sec. (51918.60 ticks, tree = 70.19 MB, solutions = 3)
  37724 24023        0.0399    10        0.0401        0.0397   743653    1.00%           x2727 U  37616  37612     47
  38300 24319        0.0399    19        0.0401        0.0397   752736    1.00%            x930 D  38779  38771     36
  38936 24835        0.0400    10        0.0401        0.0397   771918    1.00%            x932 U  39443  39439     38
  39552 25022        0.0397    20        0.0401        0.0397   779634    1.00%           x2730 U  39746  39674     34
  40109 25531        0.0398    14        0.0401        0.0397   797183    1.00%           x2735 D  40040  40036     31
  40718 25902        cutoff              0.0401        0.0397   811992    1.00%            x936 U  40061  40049     43
  41349 26358        0.0399     8        0.0401        0.0397   829505    1.00%            x932 U  41336  41328     34
  41901 26557        0.0399     9        0.0401        0.0397   837877    1.00%           x3106 D  42395  42387     46
  42485 26869        0.0397    23        0.0401        0.0397   852106    1.00%           x3098 D  42496  42428     28
  43176 27259        0.0399    17        0.0401        0.0397   866516    1.00%           x3110 U  43378  43374     41
Elapsed time = 207.58 sec. (61476.18 ticks, tree = 80.76 MB, solutions = 3)
  43695 27572        0.0397    20        0.0401        0.0397   880365    1.00%           x2733 U  43021  42953     30
  44221 27731        0.0399    17        0.0401        0.0397   892814    1.00%           x2751 U  43585  43581     22
  44816 28019        0.0399    14        0.0401        0.0397   905466    1.00%           x2753 U  45315  45311     16
  45395 28393        0.0401     2        0.0401        0.0397   920705    1.00%           x3097 D  45518  45514     54
  46055 28703        0.0400    12        0.0401        0.0397   931097    1.00%           x3093 U  46150  46142     35
  46758 29059        cutoff              0.0401        0.0397   942372    1.00%            x933 U  46830  46822     29
  47364 29393        0.0400     8        0.0401        0.0397   952642    1.00%           x2453 D  47406  47402     32
  47988 29828        0.0397    14        0.0401        0.0397   969279    1.00%           x3096 U  47808  47804     26
  48643 29959        0.0400    12        0.0401        0.0397   974481    1.00%           x2722 U  48750  48742     36
  49241 30440        cutoff              0.0401        0.0397   994248    1.00%            x922 U  49056  49044     39
Elapsed time = 234.52 sec. (71025.58 ticks, tree = 89.83 MB, solutions = 3)
  49818 30611        0.0399    11        0.0401        0.0397  1000699    1.00%           x3087 D  49225  49213     33
  50442 31095        0.0400    11        0.0401        0.0397  1021444    1.00%            x935 D  49805  49801     32
  50974 31352        0.0400    13        0.0401        0.0397  1032621    1.00%            x925 U  51038  51030     41
  51510 31761        0.0399    15        0.0401        0.0397  1051101    1.00%            x924 U  51396  51392     41
  52124 31938        0.0401     8        0.0401        0.0397  1058276    1.00%            x930 U  51541  51533     46
  52707 32318        cutoff              0.0401        0.0397  1072845    1.00%            x926 D  52592  52588     45
  53266 32596        0.0398    12        0.0401        0.0397  1085241    1.00%            x925 D  53196  53192     32
  53876 32878        0.0398    14        0.0401        0.0397  1096493    1.00%            x925 D  53840  53836     37
  54465 33252        0.0399    15        0.0401        0.0397  1113031    1.00%            x928 D  55135  55131     36
  55001 33482        0.0401     2        0.0401        0.0397  1123440    1.00%            x486 U  54936  54932     48
Elapsed time = 253.69 sec. (80579.97 ticks, tree = 99.90 MB, solutions = 3)
  55643 33921    infeasible              0.0401        0.0397  1140888    1.00%            x922 D  54901  54897     33
  56250 34242        0.0399    10        0.0401        0.0397  1152211    1.00%            x924 D  55573  55569     35
  56805 34708        0.0400    11        0.0401        0.0397  1169597    1.00%            x933 U  57563  57555     41
  57299 34899        0.0399    14        0.0401        0.0397  1177395    1.00%           x2725 D  57188  57184     40
  57911 35196        0.0400    10        0.0401        0.0397  1188727    1.00%            x933 D  58587  58583     37
  58524 35379        cutoff              0.0401        0.0397  1197036    1.00%            x921 D  58666  58658     42
  59037 35771        cutoff              0.0401        0.0397  1212095    1.00%            x926 U  58309  58305     42
  59554 36089        0.0398    15        0.0401        0.0397  1225028    1.00%           x2738 U  59456  59452     36
  60145 36444        0.0399    14        0.0401        0.0397  1240429    1.00%            x922 D  60843  60839     36
  62196 37616        cutoff              0.0401        0.0397  1298976    1.00%            x925 U  62723  62719     34
Elapsed time = 281.64 sec. (92991.62 ticks, tree = 111.89 MB, solutions = 3)
  64138 38052        0.0400    18        0.0401        0.0397  1357318    0.99%           x2726 D  64779  64771     29
  66483 38999        0.0398    21        0.0401        0.0397  1400367    0.95%           x3118 U  66500  66496     16
  68720 40022        cutoff              0.0401        0.0397  1442467    0.88%            x925 D  68650  68646     34
  70845 41376        0.0398    18        0.0401        0.0397  1499886    0.88%           x3085 U  70772  70768     22
  73002 42358        cutoff              0.0401        0.0397  1544523    0.88%            x930 D  73070  73066     29
  75281 43621        0.0398    14        0.0401        0.0397  1591859    0.88%           x2721 D  75406  75342     11
  77570 44967        0.0399    13        0.0401        0.0397  1640366    0.88%           x3095 D  77688  77680     17
  79826 46112        0.0399    14        0.0401        0.0397  1682633    0.88%           x3110 U  80026  80022     24
  81959 47284        cutoff              0.0401        0.0397  1728950    0.88%            x920 D  82078  82074     34
  84165 48419        0.0398    16        0.0401        0.0397  1773206    0.88%            x923 U  84118  84114     21
Elapsed time = 380.38 sec. (131153.55 ticks, tree = 142.90 MB, solutions = 3)
  86240 49565        0.0397    17        0.0401        0.0397  1819300    0.88%           x3102 D  87595  87591     19
  88312 50686        0.0397    19        0.0401        0.0397  1861640    0.88%           x2736 U  88326  88239     16
  90372 51774        0.0397    19        0.0401        0.0397  1908126    0.88%           x3105 D  88669  88926     14
  92465 53030        0.0400    13        0.0401        0.0397  1956399    0.88%            x925 U  92498  92490     33
  94369 53808        0.0400    10        0.0401        0.0397  1995310    0.88%           x2727 U  92965  92957     29
  96177 55049        0.0398    16        0.0401        0.0397  2046485    0.88%            x935 U  96430  96422     21
  98122 56113        0.0400    16        0.0401        0.0397  2095348    0.88%            x933 D  97904  97900     27
 100111 57165        0.0398    14        0.0401        0.0397  2138204    0.88%           x3108 U  98993  98989     31
 102205 58321        0.0398    13        0.0401        0.0397  2187204    0.88%           x3083 U 101728 101724     16
 104401 59492        0.0401     2        0.0401        0.0397  2226971    0.88%           x1819 U 105715 105711     38
Elapsed time = 468.64 sec. (169313.96 ticks, tree = 175.88 MB, solutions = 3)
 106472 60923        0.0398    11        0.0401        0.0397  2282135    0.88%           x3111 D 106100 106096     23
 108456 61889        0.0399    10        0.0401        0.0397  2317359    0.88%            x926 D 108698 108690     39
 110579 63226        0.0397    16        0.0401        0.0397  2372012    0.88%           x3107 U 111939 109580     29
 112462 64160        0.0399    11        0.0401        0.0397  2417412    0.88%            x935 D 112008 112004     36
 114550 65122        0.0399    14        0.0401        0.0397  2453106    0.88%            x935 D 114974 114970     35
 116573 66515        0.0398    10        0.0401        0.0397  2507463    0.88%           x3089 U 117250 117246     21
 118688 67736        0.0398    13        0.0401        0.0397  2547521    0.88%           x3111 D 119458 119454     32
 120552 68739        0.0401     2        0.0401        0.0397  2589266    0.88%           x1819 U 121302 121298     39
 122273 69896        0.0398    14        0.0401        0.0397  2631144    0.88%            x935 D 123231 123227     30
 123710 70578        0.0398    15        0.0401        0.0397  2659981    0.88%           x3100 U 124506 124502     24
Elapsed time = 552.06 sec. (207477.77 ticks, tree = 211.70 MB, solutions = 3)
 125045 71521        0.0401     2        0.0401        0.0397  2696081    0.88%            x921 D 126183 126179     40
 126525 72355        0.0398    16        0.0401        0.0397  2727392    0.88%            x927 U 127726 127722     21
 128108 73299        0.0398    14        0.0401        0.0397  2764141    0.88%           x3092 D 129494 126736     32
 129484 74068        0.0398    13        0.0401        0.0397  2793315    0.88%           x3086 U 130982 130978     27
 130842 74790        0.0399    15        0.0401        0.0397  2819615    0.88%            x921 D 132542 132538     20
 132202 75530        0.0400    14        0.0401        0.0397  2850338    0.88%           x3085 U 133139 133135     34

Cover cuts applied:  1
User cuts applied:  269

Root node processing (before b&c):
  Real time             =    1.31 sec. (1056.90 ticks)
Parallel b&c, 4 threads:
  Real time             =  598.70 sec. (232614.86 ticks)
  Sync time (average)   =   32.54 sec.
  Wait time (average)   =    0.00 sec.
                          ------------
Total (root+branch&cut) =  600.02 sec. (233671.76 ticks)
