Version identifier: 22.2.0.0 | 2026-05-04 | 5dff98e58
CPXPARAM_Read_DataCheck                          1
CPXPARAM_Threads                                 4
CPXPARAM_Parallel                                1
CPXPARAM_RandomSeed                              20260925
CPXPARAM_MIP_Strategy_Search                     1
CPXPARAM_Simplex_Tolerances_Optimality           1.0000000000000001e-09
CPXPARAM_Simplex_Tolerances_Feasibility          1.0000000000000001e-09
CPXPARAM_TimeLimit                               600
CPXPARAM_MIP_Tolerances_AbsMIPGap                1.0000000000000001e-09
CPXPARAM_MIP_Tolerances_Integrality              1.0000000000000001e-09
Legacy callback                                  iLUD
Lazy constraint(s) or lazy constraint/branch callback is present.
    Disabling dual reductions (CPX_PARAM_REDUCE) in presolve.
    Disabling presolve reductions that prevent crushing forms (CPX_PARAM_PREREFORM).
         Disabling repeat represolve because of lazy constraint/incumbent callback.
Warning: Effort level 'CheckFeas' is incompatible with lazy constraint/incumbent callback.
         Effort level increased to 'SolveFixed'.
1 of 1 MIP starts provided solutions.
MIP start 'm1' defined initial solution with objective -0.2056.
Tried aggregator 1 time.
MIP Presolve eliminated 3105 rows and 0 columns.
Reduced MIP has 1470 rows, 2462 columns, and 13969 nonzeros.
Reduced MIP has 1200 binaries, 0 generals, 0 SOSs, and 0 indicators.
Presolve time = 0.02 sec. (11.37 ticks)
Probing time = 0.00 sec. (0.24 ticks)
MIP emphasis: balance optimality and feasibility.
MIP search method: traditional branch-and-cut.
Parallel mode: deterministic, using up to 4 threads.
Root relaxation solution time = 0.05 sec. (60.19 ticks)

        Nodes                                         Cuts/
   Node  Left     Objective  IInf  Best Integer    Best Bound    ItCnt     Gap         Variable B NodeID Parent  Depth

*     0+    0                           -0.2056       -0.8106           294.36%
      0     0       -0.2380    47       -0.2056       -0.2380     1679   15.77%
*     0+    0                           -0.2167       -0.2380             9.83%
*     0+    0                           -0.2222       -0.2380             7.08%
*     0+    0                           -0.2278       -0.2380             4.47%
*     0+    0                           -0.2333       -0.2380             1.98%
      0     0  -1.00000e+75     0       -0.2333       -0.2380     1679    1.98%
      0     2       -0.2380    32       -0.2333       -0.2380     1679    1.98%                        0             0
Elapsed time = 1.25 sec. (314.71 ticks, tree = 0.02 MB, solutions = 5)
*    96+   49                           -0.2361       -0.2361             0.00%
*    96    40      integral     0       -0.2361       -0.2361     5430    0.00%
     99    36  -1.00000e+75     0       -0.2361       -0.2361     5344    0.00%
     99    35       -0.2361     0       -0.2361       -0.2361     5344    0.00%            x402 D     75     71     16

Root node processing (before b&c):
  Real time             =    1.27 sec. (313.91 ticks)
Parallel b&c, 4 threads:
  Real time             =    1.19 sec. (249.31 ticks)
  Sync time (average)   =    0.11 sec.
  Wait time (average)   =    0.00 sec.
                          ------------
Total (root+branch&cut) =    2.45 sec. (563.23 ticks)
