Version identifier: 22.2.0.0 | 2026-05-04 | 5dff98e58
CPXPARAM_Read_DataCheck                          1
CPXPARAM_Threads                                 4
CPXPARAM_Parallel                                1
CPXPARAM_RandomSeed                              20260925
CPXPARAM_MIP_Strategy_Search                     1
CPXPARAM_Simplex_Tolerances_Optimality           1.0000000000000001e-09
CPXPARAM_Simplex_Tolerances_Feasibility          1.0000000000000001e-09
CPXPARAM_TimeLimit                               600
CPXPARAM_MIP_Tolerances_AbsMIPGap                1.0000000000000001e-09
CPXPARAM_MIP_Tolerances_Integrality              1.0000000000000001e-09
Legacy callback                                  iLUD
Lazy constraint(s) or lazy constraint/branch callback is present.
    Disabling dual reductions (CPX_PARAM_REDUCE) in presolve.
    Disabling presolve reductions that prevent crushing forms (CPX_PARAM_PREREFORM).
         Disabling repeat represolve because of lazy constraint/incumbent callback.
Warning: Effort level 'CheckFeas' is incompatible with lazy constraint/incumbent callback.
         Effort level increased to 'SolveFixed'.
1 of 1 MIP starts provided solutions.
MIP start 'm1' defined initial solution with objective 0.0282.
Tried aggregator 1 time.
MIP Presolve eliminated 1353 rows and 0 columns.
Reduced MIP has 1615 rows, 2360 columns, and 18165 nonzeros.
Reduced MIP has 1164 binaries, 0 generals, 0 SOSs, and 0 indicators.
Presolve time = 0.02 sec. (12.30 ticks)
Probing time = 0.00 sec. (0.29 ticks)
MIP emphasis: balance optimality and feasibility.
MIP search method: traditional branch-and-cut.
Parallel mode: deterministic, using up to 4 threads.
Root relaxation solution time = 0.03 sec. (37.43 ticks)

        Nodes                                         Cuts/
   Node  Left     Objective  IInf  Best Integer    Best Bound    ItCnt     Gap         Variable B NodeID Parent  Depth

*     0+    0                            0.0282        0.0000           100.00%
      0     0        0.0263    38        0.0282        0.0263     1018    6.58%
*     0+    0                            0.0274        0.0263             3.91%
      0     0  -1.00000e+75     0        0.0274        0.0263     1018    3.91%
      0     2        0.0263    38        0.0274        0.0263     1018    3.91%                        0             0
Elapsed time = 0.34 sec. (363.92 ticks, tree = 0.02 MB, solutions = 2)
*    10+    2                            0.0274        0.0266             2.92%
*    11+    3                            0.0274        0.0266             2.92%
*    11+    3                            0.0273        0.0266             2.80%
     31    16        0.0268    22        0.0273        0.0266     2806    2.80%            x828 U     56     52     11
    142    62        0.0273    18        0.0273        0.0266     9691    2.54%            x841 U    147    143     22
    286   134        0.0271     9        0.0273        0.0267    15975    2.29%           x1028 U    269    265     23
    478   263        0.0271     9        0.0273        0.0268    23007    2.08%            x715 D    598    594     41
    665   358        0.0270    16        0.0273        0.0268    32316    1.94%            x825 D    685    681     19
    864   413        0.0271    13        0.0273        0.0268    37197    1.80%            x843 D    747    743     19
   1070   551        cutoff              0.0273        0.0269    46715    1.74%            x612 U   1165   1161     15
   1319   688        cutoff              0.0273        0.0269    53968    1.67%            x836 D   1348   1344     18
   1563   814        0.0270     9        0.0273        0.0269    59120    1.59%            x840 D   1359   1355     19
*  1989+ 1024                            0.0273        0.0269             1.27%
*  2149+ 1123                            0.0273        0.0269             1.27%
   2599  1240        0.0272     9        0.0273        0.0269    93672    1.21%            x703 D   2629   2625     38
Elapsed time = 5.45 sec. (3476.48 ticks, tree = 8.05 MB, solutions = 8)
   4080  2161        cutoff              0.0273        0.0270   126290    1.03%            x836 D   4023   4019     22
   5632  2820        0.0273     4        0.0273        0.0270   160327    0.88%            x501 D   5745   5741     34
   7116  3408        cutoff              0.0273        0.0271   194489    0.78%            x751 D   6794   6790     55
   8930  4556        0.0272    10        0.0273        0.0271   227017    0.73%           x1136 D   8843   8839     65
  10690  5593        0.0271    10        0.0273        0.0271   261132    0.71%            x465 D  10739  10731     36
  12492  6740        0.0271    11        0.0273        0.0271   296889    0.67%            x475 U  12451   9089     30
  14137  7867        0.0272    11        0.0273        0.0271   336451    0.64%             x35 U  14339  14335     21
  16068  8973        0.0271    13        0.0273        0.0271   367682    0.63%           x1028 U  16440  16436     29
  17942 10392        0.0271    10        0.0273        0.0271   404040    0.62%            x483 D  18235  18231     42
  19847 11636        0.0271     7        0.0273        0.0271   432681    0.61%            x907 D  19773  19769     41
Elapsed time = 25.03 sec. (13017.41 ticks, tree = 121.86 MB, solutions = 8)
  21567 12818        0.0272     6        0.0273        0.0271   470999    0.60%            x441 D  21784  21776     61
  23377 13938        0.0271     9        0.0273        0.0271   512316    0.60%            x494 D  22826  22822     47
  25018 14925        0.0271     8        0.0273        0.0271   541128    0.60%            x910 D  24477  24473     39
  26877 16311        0.0271    14        0.0273        0.0271   581691    0.60%            x477 U  27519  11468     35
  28711 17457        0.0272    12        0.0273        0.0271   611510    0.60%            x786 D  27981  27973     44
  30659 19099        cutoff              0.0273        0.0271   646900    0.60%            x865 U  31179  31171     48
  32712 20851        0.0271    10        0.0273        0.0271   682900    0.60%            x774 D  33191  33187     50
  34668 22225        0.0272     9        0.0273        0.0271   710191    0.60%            x705 D  33849  33841     78
  36592 23638        0.0273     4        0.0273        0.0271   743075    0.60%           x1154 D  37140  37136     62
  38415 24774        cutoff              0.0273        0.0271   770392    0.60%            x740 D  38948  38944     60
Elapsed time = 48.03 sec. (22559.69 ticks, tree = 268.62 MB, solutions = 8)
  40070 26043        cutoff              0.0273        0.0271   801983    0.60%            x712 D  39269  39265     50
  41781 27357        cutoff              0.0273        0.0271   833448    0.60%            x739 U  42108  42100     81
  43666 28622        0.0272     9        0.0273        0.0271   866305    0.60%            x733 D  42869  42865     56
  45589 29904        0.0272     9        0.0273        0.0271   890136    0.60%            x487 D  44765  44761     45
  47334 31250        0.0272    10        0.0273        0.0271   924276    0.60%            x734 D  47058  47054     62
  48850 32496        0.0272     9        0.0273        0.0271   963532    0.59%            x720 D  48770  48766     67
  50677 33305        0.0272    10        0.0273        0.0271   992455    0.59%           x1143 D  50524  50520     59
  52573 34881        0.0272    11        0.0273        0.0271  1026386    0.59%            x709 D  52041  52037     51
  54288 36072        0.0272    12        0.0273        0.0271  1057014    0.59%           x1162 D  53997  53993     69
  55853 37288        0.0272     9        0.0273        0.0271  1094958    0.59%            x460 D  55630  55626     43
Elapsed time = 70.27 sec. (32100.29 ticks, tree = 275.35 MB, solutions = 8)
  57574 38207        0.0272    10        0.0273        0.0271  1124181    0.59%            x505 D  57509  57505     55
  59575 40173        cutoff              0.0273        0.0271  1168532    0.58%            x723 D  59647  59643     47
  61483 41008        0.0271    10        0.0273        0.0271  1187995    0.58%            x477 D  61448  61440     46
  63468 42496        0.0271     7        0.0273        0.0271  1221432    0.58%            x908 D  63553  63549     42
  65154 43750        0.0272     4        0.0273        0.0271  1254238    0.58%            x908 D  64578  64574     61
  67041 45375        cutoff              0.0273        0.0271  1293939    0.58%            x752 U  67311  67303     69
  68867 46653        0.0272    10        0.0273        0.0271  1328216    0.58%            x434 D  68370  68366     71
  71214 47642        0.0272    12        0.0273        0.0271  1348762    0.57%           x1161 D  70948  70944     74
  73166 49580        cutoff              0.0273        0.0271  1384975    0.57%            x506 U  73291  24374     50
  75197 51409        0.0271    13        0.0273        0.0271  1421604    0.57%           x1029 U  75465  75461     46
Elapsed time = 93.25 sec. (41643.81 ticks, tree = 284.01 MB, solutions = 8)
  76863 52551        cutoff              0.0273        0.0271  1453543    0.57%            x840 U  77143  77139     41
  78867 53514        0.0272    10        0.0273        0.0271  1477366    0.57%            x112 D  78600  78596     53
  80732 54967        0.0272    10        0.0273        0.0271  1507009    0.57%            x448 D  80624  80620     55
  83054 56963        0.0271     9        0.0273        0.0271  1546664    0.57%            x511 D  82952  82948     59
  85051 58408        0.0272     8        0.0273        0.0271  1573202    0.57%            x110 D  84784  84780     49
  87245 59844        0.0271    12        0.0273        0.0271  1602633    0.57%            x492 D  86986  86982     44
  88981 61448        0.0272    10        0.0273        0.0271  1634128    0.56%            x722 D  89455  89451     65
  90967 62709        0.0271    11        0.0273        0.0271  1664010    0.56%            x744 D  90464  90460     44
  92727 64191        0.0271    12        0.0273        0.0271  1701635    0.56%            x477 D  92677  18575     42
  94878 65604        0.0272     5        0.0273        0.0271  1733851    0.56%            x726 U  94837  94829     45
Elapsed time = 117.17 sec. (51184.23 ticks, tree = 292.91 MB, solutions = 8)
  96862 67290        0.0271    13        0.0273        0.0271  1768541    0.56%            x479 D  97054  97050     33
  98812 68413        0.0272     9        0.0273        0.0271  1798958    0.56%             x35 U  98902  98898     36
 100626 69633        0.0272    10        0.0273        0.0271  1827333    0.56%            x722 D 100749 100745     64
 102396 70866        0.0271    12        0.0273        0.0271  1861372    0.56%            x702 D 102414  68312     33
 104290 72024        0.0272     8        0.0273        0.0271  1900966    0.55%            x461 U 103792 103788     64
 106138 72889        0.0273     4        0.0273        0.0271  1931266    0.55%            x674 D 106338 106334     80
 108066 73851        0.0272     9        0.0273        0.0271  1964026    0.55%            x501 D 108545 108541     57
 110089 75394        0.0272    11        0.0273        0.0271  2003082    0.55%            x774 U 109576 109572     51
 112028 76481        0.0271    13        0.0273        0.0271  2030943    0.55%            x762 U 111675 111667     42
 113834 77792        0.0271     7        0.0273        0.0271  2068029    0.55%            x762 U 113962 113954     45
Elapsed time = 139.75 sec. (60723.69 ticks, tree = 348.51 MB, solutions = 8)
 115928 78689        0.0272     6        0.0273        0.0271  2094772    0.55%            x680 D 116417 116413     68
 117956 80164        0.0272     4        0.0273        0.0271  2137819    0.55%            x485 D 118174 118170     48
 119929 81394        cutoff              0.0273        0.0271  2172180    0.55%            x865 D 120262 120258     55
 121836 82809        0.0271    11        0.0273        0.0271  2206359    0.55%            x485 D 121576 121572     45
 123883 84145        0.0272    11        0.0273        0.0271  2235340    0.55%           x1144 D 124066 124058     84
 125909 85176        0.0272     9        0.0273        0.0271  2261750    0.55%            x479 D 126078 126074     46
 127789 86464        0.0272     9        0.0273        0.0271  2297185    0.55%            x708 D 127572 127568     46
 129613 87704        0.0273     7        0.0273        0.0271  2330768    0.55%            x682 D 130225 130221     65
 131697 89044        0.0272     9        0.0273        0.0271  2364771    0.55%            x703 D 132329 132325     56
 133371 90164        0.0272     9        0.0273        0.0271  2391392    0.54%            x710 D 132798 132794     56
Elapsed time = 164.12 sec. (70262.59 ticks, tree = 521.03 MB, solutions = 8)
 135336 91503        0.0271    11        0.0273        0.0271  2428506    0.54%            x479 D 135224 135216     41
 137247 92498        0.0271    11        0.0273        0.0271  2454778    0.54%            x467 D 138321 138317     42
 139353 94207        0.0272     9        0.0273        0.0271  2496594    0.54%            x716 D 139042 139038     66
 141431 95570        0.0272    10        0.0273        0.0271  2522612    0.54%            x722 D 142493 142489     62
 143420 97257        0.0271    11        0.0273        0.0271  2561805    0.54%            x473 D 143158 143154     50
 145069 98118        0.0272     9        0.0273        0.0271  2587029    0.54%            x694 D 144820 144816     64
 146656 99240        0.0272     4        0.0273        0.0271  2630573    0.54%             x99 D 147665 147657     43
 148234 100009        0.0272     6        0.0273        0.0271  2662331    0.54%            x110 D 147802 147794     45
 149867 100920        cutoff              0.0273        0.0271  2696802    0.54%            x430 U 150993 150989     51
 151416 102054        0.0272     7        0.0273        0.0271  2740961    0.54%           x1148 D 151039 151035     53
Elapsed time = 185.73 sec. (79802.07 ticks, tree = 685.44 MB, solutions = 8)
 152909 102932        0.0272     6        0.0273        0.0271  2776085    0.54%            x356 D 153973 153969     55
 154453 103640        0.0272     4        0.0273        0.0271  2810701    0.54%           x1144 D 154022 154018     57
 155990 104590        0.0271    10        0.0273        0.0271  2849018    0.54%             x93 D 155483 155479     44
 157501 105252        0.0272     4        0.0273        0.0271  2880622    0.54%            x682 D 157232 157228     65
 159171 106069        0.0271     9        0.0273        0.0271  2917654    0.54%            x471 U 158374 157115     35
 160783 107108        cutoff              0.0273        0.0271  2959366    0.54%            x104 U 159843 159839     48
 162432 108087        0.0271     9        0.0273        0.0271  2990370    0.54%            x476 U 162672 162592     37
 164218 109094        0.0272     9        0.0273        0.0271  3028529    0.54%            x674 D 163038 163034     59
 165729 110468        0.0272     4        0.0273        0.0271  3073205    0.54%            x670 D 166224 166220     66
 171925 114083        0.0272     6        0.0273        0.0271  3221187    0.54%            x440 D 170994 170990     46
Elapsed time = 210.02 sec. (92205.54 ticks, tree = 847.80 MB, solutions = 8)
 178681 118059        0.0271     9        0.0273        0.0271  3381540    0.54%            x710 D 180457 180449     51
 185370 122038        0.0272    14        0.0273        0.0271  3522087    0.54%            x477 D 187629 187625     50
 192257 126346        cutoff              0.0273        0.0271  3676058    0.53%            x747 U 192188  20030     60
 198525 129045        0.0272     6        0.0273        0.0271  3811160    0.53%            x430 D 197670 197662     63
 205466 133924        0.0272     9        0.0273        0.0271  3962072    0.53%            x734 D 204627 204623     76
 212546 137899        0.0272    11        0.0273        0.0271  4086692    0.53%            x710 D 214617 214609     61
 220452 142925        0.0272     9        0.0273        0.0271  4229795    0.53%            x106 D 218992 218988     49
 227808 147195        0.0271     9        0.0273        0.0271  4349239    0.53%            x722 D 226516 226512     60
 235781 153341        0.0272     2        0.0273        0.0271  4475675    0.53%             x98 D 234172 234164     52
 243533 157539        cutoff              0.0273        0.0271  4606066    0.52%            x726 D 242618 242610     43
Elapsed time = 296.02 sec. (130356.46 ticks, tree = 1431.97 MB, solutions = 8)
 252607 163363        0.0271    10        0.0273        0.0271  4720025    0.52%             x93 D 254561 254557     45
 261530 169936        0.0272    10        0.0273        0.0271  4854016    0.52%            x340 D 263013 263009     56
 269346 175367        0.0272    12        0.0273        0.0271  4980573    0.52%            x714 D 270727 270723     46
 275201 178434        0.0272     9        0.0273        0.0271  5136567    0.52%            x705 D 276881 276877     62
 281549 180836        0.0272    13        0.0273        0.0271  5273171    0.52%            x510 D 279148 279140     56
 288409 185047        cutoff              0.0273        0.0271  5422267    0.51%            x461 U 289581 289577     44
 292700 185227        0.0272    10        0.0273        0.0271  5583970    0.51%            x756 D 295055 295051     62
 299764 188516        0.0272     9        0.0273        0.0271  5735246    0.51%            x110 D 302187 302183     40
 305418 189970        cutoff              0.0273        0.0271  5886542    0.50%            x510 U 306353 270405     45
 310959 191635        0.0272    12        0.0273        0.0271  6064801    0.50%            x464 U 313231  50730     40
Elapsed time = 373.58 sec. (168509.84 ticks, tree = 1829.07 MB, solutions = 8)
 316339 193011        cutoff              0.0273        0.0271  6212418    0.50%            x498 U 318883 318787     41
 323776 196909        cutoff              0.0273        0.0271  6376102    0.50%            x467 U 321552 215540     48
 331094 200648        cutoff              0.0273        0.0271  6528246    0.49%            x485 U 330622 330614     58
 339197 205842        0.0272     9        0.0273        0.0271  6679696    0.49%            x752 D 336732 336728     66
 346482 210028        cutoff              0.0273        0.0271  6785384    0.49%            x504 U 346737 346729     35
 353592 214917        0.0272     9        0.0273        0.0271  6927641    0.49%            x907 D 354041 354037     50
 360936 219211        cutoff              0.0273        0.0271  7059653    0.49%            x473 D 360134 360130     51
 369342 224407        cutoff              0.0273        0.0271  7172897    0.49%            x746 U 368066 368058     65
 377675 230915        0.0272     9        0.0273        0.0271  7291601    0.49%            x739 D 375908 375904     62
 384177 235407        cutoff              0.0273        0.0271  7441945    0.49%            x460 U 386611 143582     44
Elapsed time = 461.00 sec. (206665.54 ticks, tree = 1872.65 MB, solutions = 8)
 391014 237880        0.0272     2        0.0273        0.0271  7584275    0.49%            x106 D 393619 393611     42
 395802 238447        cutoff              0.0273        0.0271  7735052    0.48%            x865 U 396161 396153     42
 402229 241213        0.0271     9        0.0273        0.0271  7910753    0.48%            x476 D 401040 401036     56
 408661 243030        0.0271    11        0.0273        0.0271  8049474    0.48%            x750 D 407866 407862     50
 416189 247513        0.0271    11        0.0273        0.0271  8204661    0.48%            x910 D 415344 415340     36
 423224 251122        0.0272     9        0.0273        0.0271  8336003    0.48%            x340 D 422266 422262     65
 429496 254989        0.0272    10        0.0273        0.0271  8496820    0.48%            x110 D 431731 431723     63
 435934 257615        0.0272    13        0.0273        0.0271  8606720    0.48%            x478 D 435162 435158     50
 441037 260300        cutoff              0.0273        0.0271  8783089    0.48%             x93 U 440181 440177     42
 447773 262707        0.0272     2        0.0273        0.0271  8924083    0.48%            x702 U 447802 447798     59
Elapsed time = 532.53 sec. (244819.89 ticks, tree = 2180.75 MB, solutions = 8)
Nodefile size = 130.10 MB (48.80 MB after compression)
 454791 267078        0.0272     8        0.0273        0.0271  9055888    0.48%            x428 D 453456 453448     71
 457038 268772        0.0272     4        0.0273        0.0271  9096300    0.48%            x104 D 455752 455744     56
 458800 270208        0.0272    12        0.0273        0.0271  9129432    0.48%            x473 D 457600 457596     42
 460100 270962        0.0271    13        0.0273        0.0271  9143889    0.48%            x744 D 459202 459198     43
 461762 272021        0.0271    17        0.0273        0.0271  9181074    0.48%            x702 U 464251 464247     41
 462869 272483        cutoff              0.0273        0.0271  9210969    0.48%            x485 D 462242 462238     51
 464076 272926        cutoff              0.0273        0.0271  9228630    0.48%            x702 U 461905 461901     49
 465171 273798        cutoff              0.0273        0.0271  9250898    0.48%            x823 D 463085 463077     46
 466900 274503        0.0272     7        0.0273        0.0271  9274368    0.48%           x1154 D 467200 467196     57
 469035 275651        0.0271    10        0.0273        0.0271  9314710    0.48%            x739 D 472235 472231     63
Elapsed time = 581.98 sec. (284199.00 ticks, tree = 2327.21 MB, solutions = 8)
Nodefile size = 277.71 MB (103.00 MB after compression)
 472392 277523        cutoff              0.0273        0.0271  9382225    0.48%            x482 U 473568 473500     48
 475614 280016        0.0271     9        0.0273        0.0271  9456610    0.48%            x512 D 473125 473121     52
 478887 281873        0.0272     8        0.0273        0.0271  9513975    0.48%           x1154 D 479304 479300     52

Cover cuts applied:  12

Root node processing (before b&c):
  Real time             =    0.33 sec. (363.09 ticks)
Parallel b&c, 4 threads:
  Real time             =  600.30 sec. (297074.48 ticks)
  Sync time (average)   =   34.55 sec.
  Wait time (average)   =    0.00 sec.
                          ------------
Total (root+branch&cut) =  600.62 sec. (297437.57 ticks)
