Version identifier: 22.2.0.0 | 2026-05-04 | 5dff98e58
CPXPARAM_Read_DataCheck                          1
CPXPARAM_Threads                                 4
CPXPARAM_Parallel                                1
CPXPARAM_RandomSeed                              20260925
CPXPARAM_MIP_Strategy_Search                     1
CPXPARAM_Simplex_Tolerances_Optimality           1.0000000000000001e-09
CPXPARAM_Simplex_Tolerances_Feasibility          1.0000000000000001e-09
CPXPARAM_TimeLimit                               600
CPXPARAM_MIP_Tolerances_AbsMIPGap                1.0000000000000001e-09
CPXPARAM_MIP_Tolerances_Integrality              1.0000000000000001e-09
Legacy callback                                  iLUD
Lazy constraint(s) or lazy constraint/branch callback is present.
    Disabling dual reductions (CPX_PARAM_REDUCE) in presolve.
    Disabling presolve reductions that prevent crushing forms (CPX_PARAM_PREREFORM).
         Disabling repeat represolve because of lazy constraint/incumbent callback.
Warning: Effort level 'CheckFeas' is incompatible with lazy constraint/incumbent callback.
         Effort level increased to 'SolveFixed'.
1 of 1 MIP starts provided solutions.
MIP start 'm1' defined initial solution with objective 0.0226.
Tried aggregator 1 time.
MIP Presolve eliminated 1353 rows and 0 columns.
Reduced MIP has 1616 rows, 2360 columns, and 18098 nonzeros.
Reduced MIP has 1164 binaries, 0 generals, 0 SOSs, and 0 indicators.
Presolve time = 0.00 sec. (12.27 ticks)
Probing time = 0.00 sec. (0.29 ticks)
MIP emphasis: balance optimality and feasibility.
MIP search method: traditional branch-and-cut.
Parallel mode: deterministic, using up to 4 threads.
Root relaxation solution time = 0.02 sec. (13.06 ticks)

        Nodes                                         Cuts/
   Node  Left     Objective  IInf  Best Integer    Best Bound    ItCnt     Gap         Variable B NodeID Parent  Depth

*     0+    0                            0.0226        0.0000           100.00%
      0     0        0.0152    20        0.0226        0.0152      420   32.50%
*     0+    0                            0.0161        0.0152             5.70%
*     0+    0                            0.0161        0.0152             5.45%
*     0+    0                            0.0161        0.0152             5.16%
*     0+    0                            0.0160        0.0152             5.14%
      0     0  -1.00000e+75     0        0.0160        0.0152      420    5.14%
      0     2        0.0152    19        0.0160        0.0152      420    5.14%                        0             0
Elapsed time = 0.30 sec. (211.45 ticks, tree = 0.02 MB, solutions = 5)
*     6+    2                            0.0160        0.0152             4.97%
*     6+    2                            0.0160        0.0152             4.81%
*    10+    3                            0.0160        0.0152             4.57%
*    10+    3                            0.0159        0.0152             4.29%
*    13+    3                            0.0159        0.0152             3.92%
*   191   156      integral     0        0.0158        0.0152     3303    3.68%
    269   211        0.0155    12        0.0158        0.0153     4705    3.57%            x824 U    313    305     17
*   566+  397                            0.0158        0.0153             3.06%
*   566+  397                            0.0157        0.0153             2.94%
*   566+  387                            0.0157        0.0153             2.94%
*   566+  397                            0.0157        0.0153             2.78%
*   566+  397                            0.0157        0.0153             2.77%
*   575+  370                            0.0157        0.0153             2.77%
    771   455        0.0157     8        0.0157        0.0153    11573    2.46%            x819 D    727    723     26
   1507   919        0.0155    16        0.0157        0.0154    20141    2.21%            x929 D   1548   1544      9
   2328  1521        0.0156    11        0.0157        0.0154    31239    2.08%            x312 U   2285   2281     22
   3233  2109        0.0157    14        0.0157        0.0154    41120    2.04%            x827 D   3161   3157     16
   4052  2628        0.0155    16        0.0157        0.0154    52697    1.95%            x933 U   3953   3949      7
   4840  3124        0.0156    14        0.0157        0.0154    66626    1.88%            x912 D   4883   4875     16
   5684  3546        0.0155    13        0.0157        0.0154    77866    1.77%            x935 U   5834   5830     15
   6627  4206        0.0157    10        0.0157        0.0155    92863    1.69%            x912 D   6560   6556     13
*  7958+ 5002                            0.0157        0.0155             1.58%
  10184  6214        0.0156    15        0.0157        0.0155   145472    1.46%            x312 D  10542  10538     20
Elapsed time = 6.59 sec. (3313.12 ticks, tree = 6.54 MB, solutions = 17)
  13896  8136        cutoff              0.0157        0.0155   194765    1.36%            x312 D  13713  13705     23
  17671 10330        0.0155    14        0.0157        0.0155   247991    1.29%            x824 U  17588   8923     16
  21085 12033        cutoff              0.0157        0.0155   295759    1.23%             x35 U  20973  20965     24
  24492 13781        0.0156    13        0.0157        0.0155   351605    1.16%            x312 D  24343  16426     16
  28083 15358        0.0155    12        0.0157        0.0155   402412    1.11%            x817 U  27861  22506     21
  31530 16885        cutoff              0.0157        0.0155   455693    1.07%            x910 U  31301  31293     24
  35018 18388        0.0156    14        0.0157        0.0155   510137    1.04%            x818 U  34725  21083     22
  38271 19671        0.0157    10        0.0157        0.0156   560187    1.01%            x908 D  38766  38762     24
  41731 21236        0.0157     9        0.0157        0.0156   617797    0.98%            x929 U  41273  41265     23
  45023 22539        0.0156    14        0.0157        0.0156   668632    0.96%            x817 D  45782  15722     18
Elapsed time = 23.81 sec. (12852.17 ticks, tree = 34.54 MB, solutions = 17)
  48460 23783        0.0157    14        0.0157        0.0156   723473    0.93%            x820 D  47771  47767     18
  52007 25238        0.0157    10        0.0157        0.0156   783225    0.91%            x908 D  52566  52562     16
  55615 26414        0.0156    11        0.0157        0.0156   833624    0.89%            x907 D  56144  56140     22
  59122 27595        0.0157     3        0.0157        0.0156   881932    0.86%            x426 U  58515  58511     28
  62640 28860        0.0156    14        0.0157        0.0156   936802    0.84%            x822 D  63280  63232     19
  66020 30107        0.0156    10        0.0157        0.0156   989829    0.83%            x823 D  65081  65073     21
  69636 31388        0.0156     9        0.0157        0.0156  1042939    0.82%            x826 U  69984  21037     26
  73160 32818        0.0157    12        0.0157        0.0156  1101932    0.80%            x907 D  73636  73632     17
  76410 33638        0.0157    12        0.0157        0.0156  1143020    0.79%            x909 D  75117  75113     21
  79918 34793        cutoff              0.0157        0.0156  1195901    0.77%            x907 D  80752  80748     18
Elapsed time = 40.56 sec. (22391.43 ticks, tree = 46.77 MB, solutions = 17)
  83336 35887        0.0157    12        0.0157        0.0156  1253344    0.76%            x308 U  84690  84686     17
  86789 36981        0.0157    12        0.0157        0.0156  1307078    0.75%            x827 D  87828  87824     17
  90135 37852        cutoff              0.0157        0.0156  1358154    0.74%            x908 D  91044  91040     23
  93643 38728        cutoff              0.0157        0.0156  1403311    0.72%            x910 D  94994  94990     21
  97019 39758        0.0156    14        0.0157        0.0156  1467172    0.71%            x309 D  95097  19199     21
 100388 40608        0.0157    11        0.0157        0.0156  1519283    0.70%            x907 D 102082 102078     23
 103739 41304        cutoff              0.0157        0.0156  1562293    0.69%            x926 D 101733 101729     28
 107052 42183        0.0157    10        0.0157        0.0156  1625200    0.68%            x826 D 108742 108738     23
 110265 42806        0.0157     8        0.0157        0.0156  1668376    0.67%            x819 U 108001 107997     18
 113710 43589        cutoff              0.0157        0.0156  1723635    0.66%            x819 D 111545 111537     20
Elapsed time = 56.42 sec. (31931.56 ticks, tree = 54.56 MB, solutions = 17)
 116692 44412        cutoff              0.0157        0.0156  1780776    0.65%            x910 D 117200 117196     23
 120212 45071        0.0156    14        0.0157        0.0156  1828033    0.65%            x818 D 117761 117749     22
 123546 45763        cutoff              0.0157        0.0156  1885703    0.64%            x935 D 124292   7834     14
 126776 46393        cutoff              0.0157        0.0156  1937840    0.63%            x911 U 124053 124045     18
 130302 46990        0.0156    13        0.0157        0.0156  1986985    0.62%            x825 U 130867  50362     21
 133689 47491        0.0157    12        0.0157        0.0156  2038605    0.61%            x311 U 134048 134044     21
 137155 48271        cutoff              0.0157        0.0156  2092572    0.60%            x310 U 137188 137184     23
 140517 49119        0.0156    11        0.0157        0.0156  2151543    0.59%            x910 U 141519  21851     17
 143720 49429        0.0156     9        0.0157        0.0156  2196218    0.59%            x822 D 144671  89084     25
 146956 49881        0.0157    14        0.0157        0.0156  2257089    0.58%            x828 D 149210 149206     15
Elapsed time = 70.94 sec. (41471.04 ticks, tree = 61.15 MB, solutions = 17)
 150296 50208        0.0157     9        0.0157        0.0156  2298863    0.57%            x309 U 152674 152670     17
 153888 50776        0.0157     9        0.0157        0.0156  2346011    0.56%            x820 U 151093 151085     20
 157144 51341        0.0156     8        0.0157        0.0156  2410132    0.56%            x821 U 156516 156512     22
 160561 51783        cutoff              0.0157        0.0156  2461758    0.55%             x34 U 157381 157373     27
 164040 52294        cutoff              0.0157        0.0156  2512435    0.54%            x101 D 163132 163128     26
 167307 52662        0.0157    13        0.0157        0.0156  2551596    0.53%            x824 D 168583 168579     20
 171172 53417        0.0157    12        0.0157        0.0156  2604507    0.52%            x817 D 168641 168637     18
 174659 53866        cutoff              0.0157        0.0156  2653458    0.52%             x34 U 173388 173380     20
 178195 54148        0.0157    12        0.0157        0.0156  2697976    0.51%            x311 U 176656 176652     17
 181388 54489        0.0157    10        0.0157        0.0156  2760122    0.51%            x911 D 179928 179924     21
Elapsed time = 85.16 sec. (51008.91 ticks, tree = 64.84 MB, solutions = 17)
 184724 54706        0.0156    16        0.0157        0.0156  2803801    0.50%            x822 U 183228  22379     14
 187810 55129        cutoff              0.0157        0.0156  2870270    0.49%            x933 D 190654 190646     13
 191286 55355        0.0157    15        0.0157        0.0156  2914262    0.49%            x907 D 189744 189740     18
 194351 55740        0.0157    13        0.0157        0.0156  2964377    0.48%            x908 U 197142 197134     19
 197742 56248        0.0157    12        0.0157        0.0156  3026724    0.48%            x311 U 200502 185463     14
 201146 56525        cutoff              0.0157        0.0156  3064655    0.47%            x311 U 203139 203135     22
 204568 56887        0.0157    13        0.0157        0.0156  3125669    0.47%             x31 D 206675 206671     23
 207856 57048        0.0157     8        0.0157        0.0156  3160214    0.46%            x821 U 205356 205348     28
 211134 57326        0.0157     5        0.0157        0.0156  3230496    0.45%            x309 U 214106 214102     29
 214493 57637        0.0157     9        0.0157        0.0156  3279526    0.45%            x828 U 217542 185740     25
Elapsed time = 98.80 sec. (60547.72 ticks, tree = 67.49 MB, solutions = 17)
 217810 57937        cutoff              0.0157        0.0156  3329445    0.44%            x909 D 215365 215361     24
 221247 58106        0.0157    12        0.0157        0.0156  3375156    0.44%            x819 U 218673 218669     19
 224530 58412        0.0157    13        0.0157        0.0156  3420635    0.43%            x824 U 221857 221849     25
 227914 58715        0.0157     4        0.0157        0.0156  3473772    0.43%            x818 U 224849 224845     20
 231454 58922        cutoff              0.0157        0.0156  3525985    0.42%            x925 D 234658 234650     30
 234967 59083        0.0156    10        0.0157        0.0156  3574204    0.42%            x907 U 238122  67440     24
 238501 59166        0.0157    18        0.0157        0.0156  3615328    0.41%            x823 D 235653 235649     18
 241920 59436        cutoff              0.0157        0.0156  3664162    0.41%            x308 D 239181 119073     16
 245464 59510        0.0157    16        0.0157        0.0156  3717392    0.40%            x823 U 248766 228060     18
 248946 59508        0.0157    10        0.0157        0.0156  3764257    0.40%            x925 D 252286 161500     25
Elapsed time = 113.03 sec. (70087.07 ticks, tree = 68.71 MB, solutions = 17)
 252540 59419        cutoff              0.0157        0.0157  3811445    0.39%            x308 D 248880  74060     15
 255922 59284        cutoff              0.0157        0.0157  3874394    0.39%            x909 D 252465 252461     20
 259564 59378        cutoff              0.0157        0.0157  3909452    0.38%            x908 D 255988 255984     18
 263209 59692        0.0157     7        0.0157        0.0157  3967253    0.38%            x908 D 267479 267475     24
 266595 59613        cutoff              0.0157        0.0157  4010322    0.37%            x310 U 269970 269966     28
 269929 59613        0.0157    10        0.0157        0.0157  4063363    0.37%            x311 D 274467 193225     24
 273006 59484        0.0157     6        0.0157        0.0157  4102739    0.36%            x311 U 268844 268836     27
 276507 59125        0.0157    12        0.0157        0.0157  4160983    0.36%            x930 D 281475 281471     18
 279876 59063        0.0157    12        0.0157        0.0157  4219969    0.35%            x826 D 282914 282910     17
 283231 58934        0.0157    11        0.0157        0.0157  4252124    0.35%            x828 D 285958 285954     21
Elapsed time = 126.44 sec. (79625.68 ticks, tree = 67.24 MB, solutions = 17)
 286767 58569        0.0157     8        0.0157        0.0157  4309412    0.34%            x821 D 282977 282973     21
 290244 58196        cutoff              0.0157        0.0157  4361045    0.34%            x935 D 286549 159063     23
 293866 57840        cutoff              0.0157        0.0157  4411639    0.33%            x102 U 290281 290273     26
 297527 57632        0.0157    12        0.0157        0.0157  4459108    0.33%            x819 U 299538 200310     18
 300990 57317        0.0157    12        0.0157        0.0157  4513937    0.32%            x821 D 303066 303062     25
 304444 56947        cutoff              0.0157        0.0157  4567423    0.32%            x907 D 306286 306282     24
 308062 56851        cutoff              0.0157        0.0157  4593233    0.32%            x909 D 313715 313711     20
 311432 56406        0.0157    12        0.0157        0.0157  4663558    0.31%            x819 D 307440 307428     20
 315059 56109        cutoff              0.0157        0.0157  4697980    0.31%            x824 D 311116 311108     23
 329242 54423        cutoff              0.0157        0.0157  4910583    0.29%            x100 D 331298 331294     31
Elapsed time = 144.12 sec. (92026.05 ticks, tree = 61.77 MB, solutions = 17)
 344241 52919        0.0157    12        0.0157        0.0157  5100105    0.27%            x824 D 346170 336402     21
 358924 50764        cutoff              0.0157        0.0157  5299396    0.25%            x312 U 361134 361126     28
 373570 49504        0.0157     3        0.0157        0.0157  5489799    0.23%            x421 U 369925 369921     27
 386698 49876        0.0157     3        0.0157        0.0157  5676488    0.22%             x98 U 380964 385943     23
 400336 49976        0.0157     3        0.0157        0.0157  5862597    0.21%             x92 D 396601 396597     28
 415361 47370        0.0157    12        0.0157        0.0157  6072549    0.19%            x310 D 417186 417178     20
 430220 44283        cutoff              0.0157        0.0157  6253087    0.18%            x423 U 438339 438335     32
 445337 41746        0.0157    11        0.0157        0.0157  6457806    0.16%            x819 D 446678 446670     20
 460997 37538        0.0157     8        0.0157        0.0157  6664615    0.14%            x827 U 469515 373932     23
 477901 34655        cutoff              0.0157        0.0157  6843685    0.12%            x102 D 471676 471672     29
Elapsed time = 197.23 sec. (130174.72 ticks, tree = 39.14 MB, solutions = 17)
 494817 29693        0.0157     8        0.0157        0.0157  7056781    0.11%            x825 U 503291 503287     25
 511708 24516        cutoff              0.0157        0.0157  7247747    0.08%            x930 U 507481 479056     25
 530075 17244        cutoff              0.0157        0.0157  7425564    0.06%            x825 U 525917 331363     23
 548801 12629        0.0157    15        0.0157        0.0157  7592868    0.04%            x826 D 557547 411845     12

User cuts applied:  5

Root node processing (before b&c):
  Real time             =    0.30 sec. (210.81 ticks)
Parallel b&c, 4 threads:
  Real time             =  219.81 sec. (148214.10 ticks)
  Sync time (average)   =    8.16 sec.
  Wait time (average)   =    0.00 sec.
                          ------------
Total (root+branch&cut) =  220.11 sec. (148424.91 ticks)
