Version identifier: 22.2.0.0 | 2026-05-04 | 5dff98e58
CPXPARAM_Read_DataCheck                          1
CPXPARAM_Threads                                 4
CPXPARAM_Parallel                                1
CPXPARAM_RandomSeed                              20260925
CPXPARAM_Simplex_Tolerances_Optimality           1.0000000000000001e-09
CPXPARAM_Simplex_Tolerances_Feasibility          1.0000000000000001e-09
CPXPARAM_TimeLimit                               600
CPXPARAM_MIP_Tolerances_AbsMIPGap                1.0000000000000001e-09
CPXPARAM_MIP_Tolerances_Integrality              1.0000000000000001e-09
Legacy callback                                  i
1 of 10 MIP starts provided solutions.
MIP start 'm1' defined initial solution with objective 0.0000.
Tried aggregator 1 time.
MIP Presolve eliminated 37 rows and 1 columns.
MIP Presolve modified 504 coefficients.
Reduced MIP has 660 rows, 709 columns, and 5685 nonzeros.
Reduced MIP has 174 binaries, 0 generals, 0 SOSs, and 0 indicators.
Presolve time = 0.00 sec. (2.27 ticks)
Probing time = 0.00 sec. (0.17 ticks)
Tried aggregator 1 time.
Detecting symmetries...
Reduced MIP has 660 rows, 709 columns, and 5685 nonzeros.
Reduced MIP has 174 binaries, 0 generals, 0 SOSs, and 0 indicators.
Presolve time = 0.02 sec. (2.27 ticks)
Probing time = 0.00 sec. (0.17 ticks)
MIP emphasis: balance optimality and feasibility.
MIP search method: dynamic search.
Parallel mode: deterministic, using up to 4 threads.
Root relaxation solution time = 0.00 sec. (12.63 ticks)

        Nodes                                         Cuts/
   Node  Left     Objective  IInf  Best Integer    Best Bound    ItCnt     Gap

*     0+    0                            0.0000       -1.0000              --- 
      0     0       -0.3048    38        0.0000       -0.3048      515     --- 
      0     0       -0.3028    61        0.0000      Cuts: 81     1522     --- 
      0     0       -0.2994    74        0.0000      Cuts: 68     2137     --- 
      0     0       -0.2966    77        0.0000      Cuts: 52     2604     --- 
*     0+    0                           -0.2595       -0.2966            14.30%
      0     0  -1.00000e+75     0       -0.2595       -0.2966     2604   14.30%
      0     0       -0.2949    81       -0.2595   MIRcuts: 32     2835   13.62%
      0     0       -0.2941    80       -0.2595   MIRcuts: 16     3028   13.34%
Detecting symmetries...
      0     0       -0.2933    80       -0.2595   MIRcuts: 19     3204   13.03%
      0     0       -0.2920    84       -0.2595      Cuts: 15     3482   12.53%
      0     0       -0.2910    80       -0.2595   MIRcuts: 18     3662   12.11%
      0     0       -0.2902    84       -0.2595      Cuts: 23     3859   11.83%
      0     0       -0.2897    82       -0.2595   MIRcuts: 15     3966   11.64%
      0     0       -0.2888    83       -0.2595    MIRcuts: 8     4147   11.27%
      0     0       -0.2883    84       -0.2595    MIRcuts: 9     4294   11.10%
      0     0       -0.2873    88       -0.2595   MIRcuts: 12     4480   10.70%
      0     0       -0.2867    86       -0.2595    MIRcuts: 5     4619   10.46%
      0     0       -0.2863    92       -0.2595   MIRcuts: 13     4744   10.30%
      0     0       -0.2860    85       -0.2595      Cuts: 11     4925   10.21%
      0     0       -0.2860    81       -0.2595    MIRcuts: 4     5004   10.18%
      0     0       -0.2858    82       -0.2595    MIRcuts: 3     5078   10.12%
      0     0       -0.2855    80       -0.2595    MIRcuts: 2     5162   10.02%
      0     0       -0.2850    74       -0.2595    MIRcuts: 4     5275    9.83%
      0     0       -0.2850    78       -0.2595    MIRcuts: 5     5322    9.82%
Detecting symmetries...
      0     2       -0.2850    78       -0.2595       -0.2849     5322    9.78%
Elapsed time = 1.05 sec. (966.86 ticks, tree = 0.02 MB, solutions = 2)
     81    46       -0.2764    65       -0.2595       -0.2825    19601    8.85%
    149    84       -0.2615    36       -0.2595       -0.2811    29205    8.31%
    255   170       -0.2751    65       -0.2595       -0.2809    43507    8.23%
    375   269       -0.2616    50       -0.2595       -0.2801    57897    7.91%
    508   326       -0.2791    70       -0.2595       -0.2792    65327    7.57%
    635   455       -0.2724    45       -0.2595       -0.2791    83174    7.55%
    776   533       -0.2629    50       -0.2595       -0.2786    94181    7.36%
    915   666        cutoff             -0.2595       -0.2779   112199    7.09%
   1087   695       -0.2668    52       -0.2595       -0.2779   118378    7.07%
   1859  1301       -0.2722    51       -0.2595       -0.2767   184581    6.60%
Elapsed time = 3.94 sec. (4083.80 ticks, tree = 6.04 MB, solutions = 2)

Performing restart 1

Repeating presolve.
Tried aggregator 1 time.
MIP Presolve modified 168 coefficients.
Reduced MIP has 660 rows, 709 columns, and 5637 nonzeros.
Reduced MIP has 174 binaries, 0 generals, 0 SOSs, and 0 indicators.
Presolve time = 0.00 sec. (2.54 ticks)
Tried aggregator 1 time.
Reduced MIP has 660 rows, 709 columns, and 5637 nonzeros.
Reduced MIP has 174 binaries, 0 generals, 0 SOSs, and 0 indicators.
Presolve time = 0.00 sec. (2.28 ticks)
Represolve time = 0.02 sec. (15.00 ticks)
   2492     0       -0.2841    85       -0.2595      Cuts: 12   244584    6.39%
   2492     0       -0.2825    82       -0.2595       Cuts: 9   244819    6.39%
   2492     0       -0.2822    85       -0.2595       Cuts: 7   244907    6.39%
   2492     0       -0.2816    82       -0.2595      Cuts: 10   245049    6.39%
   2492     0       -0.2811    84       -0.2595      Cuts: 10   245239    6.39%
   2492     2       -0.2811    84       -0.2595       -0.2761   245239    6.39%
   2582    69       -0.2604    50       -0.2595       -0.2761   267181    6.39%
   2979   284       -0.2619    58       -0.2595       -0.2761   307075    6.39%
   3400   662       -0.2651    51       -0.2595       -0.2761   352982    6.39%
   3887  1014       -0.2689    60       -0.2595       -0.2753   392294    6.08%
   4326  1345       -0.2643    24       -0.2595       -0.2746   432468    5.82%
   4779  1756       -0.2649    62       -0.2595       -0.2739   486129    5.52%
   5202  1998       -0.2671    65       -0.2595       -0.2736   521174    5.42%
   5735  2380       -0.2637    66       -0.2595       -0.2731   568612    5.23%
   6117  2726       -0.2615    81       -0.2595       -0.2727   618395    5.07%
Elapsed time = 13.00 sec. (14735.50 ticks, tree = 11.70 MB, solutions = 2)
   6537  2983       -0.2629    52       -0.2595       -0.2722   663029    4.90%
   6990  3354       -0.2613    48       -0.2595       -0.2719   712634    4.79%
   7451  3684       -0.2630    54       -0.2595       -0.2715   749455    4.61%
   7901  3957       -0.2637    52       -0.2595       -0.2711   797111    4.48%
   8380  4237       -0.2600    53       -0.2595       -0.2709   839705    4.39%
   8885  4586       -0.2595    35       -0.2595       -0.2707   895414    4.29%
   9439  4946       -0.2668    67       -0.2595       -0.2704   947890    4.20%
   9961  5339       -0.2632    58       -0.2595       -0.2702  1007113    4.11%
  10439  5572       -0.2598    43       -0.2595       -0.2699  1038970    4.00%
  10943  5974       -0.2623    79       -0.2595       -0.2698  1095789    3.95%
Elapsed time = 21.23 sec. (24291.60 ticks, tree = 27.03 MB, solutions = 2)
  11516  6358       -0.2632    37       -0.2595       -0.2695  1148898    3.85%
  11951  6699       -0.2605    61       -0.2595       -0.2692  1195297    3.72%
  12495  7097        cutoff             -0.2595       -0.2690  1256076    3.65%
  12997  7347        cutoff             -0.2595       -0.2688  1293905    3.58%
  13464  7686       -0.2608    50       -0.2595       -0.2687  1352870    3.53%
  14001  8045        cutoff             -0.2595       -0.2685  1404364    3.47%
  14534  8386        cutoff             -0.2595       -0.2684  1456088    3.42%
  15045  8636       -0.2618    60       -0.2595       -0.2682  1494097    3.34%
  15518  8914        cutoff             -0.2595       -0.2681  1545189    3.29%
  15993  9233       -0.2599    44       -0.2595       -0.2679  1603169    3.22%
Elapsed time = 29.64 sec. (33846.32 ticks, tree = 40.53 MB, solutions = 2)
  16453  9428       -0.2629    36       -0.2595       -0.2678  1644521    3.18%
  16990  9771        cutoff             -0.2595       -0.2676  1711949    3.12%
  17463 10012       -0.2624    53       -0.2595       -0.2674  1749209    3.04%
  18031 10363       -0.2612    45       -0.2595       -0.2673  1811969    2.99%
  18629 10674        cutoff             -0.2595       -0.2671  1856933    2.92%
  19179 11013       -0.2611    44       -0.2595       -0.2670  1903851    2.88%
  19689 11417       -0.2617    60       -0.2595       -0.2668  1965828    2.81%
  20133 11657       -0.2607    28       -0.2595       -0.2667  2014063    2.77%
  20579 11962       -0.2610    66       -0.2595       -0.2667  2067404    2.75%
  20940 12173       -0.2596    64       -0.2595       -0.2666  2109603    2.74%
Elapsed time = 37.47 sec. (43402.08 ticks, tree = 52.58 MB, solutions = 2)
  21282 12399       -0.2608    38       -0.2595       -0.2666  2169349    2.72%
  21655 12522       -0.2636    43       -0.2595       -0.2665  2191804    2.69%
  22000 12643       -0.2620    42       -0.2595       -0.2664  2229302    2.65%
  22307 12825       -0.2600    53       -0.2595       -0.2663  2303655    2.62%
  22646 12869       -0.2616    46       -0.2595       -0.2663  2324236    2.60%
  22992 13003        cutoff             -0.2595       -0.2662  2373132    2.56%
  23344 13158       -0.2605    53       -0.2595       -0.2661  2421309    2.54%
  23678 13288       -0.2618    59       -0.2595       -0.2660  2477454    2.51%
  24057 13415       -0.2616    67       -0.2595       -0.2659  2528116    2.47%
  24443 13447       -0.2612    29       -0.2595       -0.2658  2540754    2.44%
Elapsed time = 45.27 sec. (52960.12 ticks, tree = 58.02 MB, solutions = 2)
  24874 13679       -0.2612    60       -0.2595       -0.2658  2627711    2.40%
  25307 13791       -0.2622    43       -0.2595       -0.2657  2648714    2.37%
  25658 14012       -0.2607    66       -0.2595       -0.2656  2734902    2.35%
  26055 14082       -0.2621    51       -0.2595       -0.2655  2764376    2.32%
  26423 14178        cutoff             -0.2595       -0.2655  2805904    2.30%
  26614 14330       -0.2596    51       -0.2595       -0.2654  2858219    2.27%
  26843 14370       -0.2629    59       -0.2595       -0.2654  2875427    2.27%
  27020 14500       -0.2601    56       -0.2595       -0.2654  2911343    2.27%
  27242 14591       -0.2606    75       -0.2595       -0.2654  2937534    2.27%
  27468 14596       -0.2607    49       -0.2595       -0.2654  2942914    2.27%
Elapsed time = 53.58 sec. (62529.24 ticks, tree = 64.20 MB, solutions = 2)
  27750 14744       -0.2606    64       -0.2595       -0.2654  2994372    2.27%
  28086 14848        cutoff             -0.2595       -0.2654  3034313    2.27%
  28409 14911       -0.2610    64       -0.2595       -0.2654  3056443    2.27%
  28692 15015        cutoff             -0.2595       -0.2650  3087890    2.13%
  29012 15035       -0.2602    49       -0.2595       -0.2650  3104014    2.11%
  29406 15150        cutoff             -0.2595       -0.2649  3171540    2.08%
  29809 15306        cutoff             -0.2595       -0.2649  3224329    2.06%
  30222 15429        cutoff             -0.2595       -0.2648  3266064    2.04%
  30619 15531       -0.2620    31       -0.2595       -0.2647  3307685    2.00%
  30966 15711       -0.2612    60       -0.2595       -0.2647  3384938    1.98%
Elapsed time = 61.02 sec. (72087.82 ticks, tree = 68.37 MB, solutions = 2)
  31358 15769       -0.2611    52       -0.2595       -0.2646  3411551    1.96%
  31759 15885        cutoff             -0.2595       -0.2646  3483545    1.94%
  32110 16012        cutoff             -0.2595       -0.2645  3529394    1.93%
  32426 16064        cutoff             -0.2595       -0.2645  3563031    1.90%
  32694 16102        cutoff             -0.2595       -0.2644  3620720    1.88%
  32902 16126        cutoff             -0.2595       -0.2643  3658721    1.86%
  33121 16238       -0.2605    63       -0.2595       -0.2643  3761817    1.84%
  33341 16276       -0.2623    69       -0.2595       -0.2643  3793663    1.83%
  33641 16361        cutoff             -0.2595       -0.2643  3834769    1.83%
  33945 16434       -0.2603    54       -0.2595       -0.2643  3875080    1.83%
Elapsed time = 68.42 sec. (81675.13 ticks, tree = 71.38 MB, solutions = 2)
  34300 16502       -0.2625    67       -0.2595       -0.2643  3916430    1.83%
  34744 16646       -0.2621    72       -0.2595       -0.2643  3986851    1.83%
  35245 16685        cutoff             -0.2595       -0.2642  4021599    1.81%
  35713 16800       -0.2603    67       -0.2595       -0.2642  4042453    1.80%
  36099 16932        cutoff             -0.2595       -0.2642  4134867    1.78%
  36483 16947       -0.2602    50       -0.2595       -0.2641  4187264    1.76%
  36841 16957       -0.2612    84       -0.2595       -0.2640  4233010    1.74%
  37257 17006        cutoff             -0.2595       -0.2640  4289596    1.71%
  37619 16994        cutoff             -0.2595       -0.2639  4302637    1.70%
  39245 17066       -0.2601    34       -0.2595       -0.2636  4531343    1.57%
Elapsed time = 77.97 sec. (94094.02 ticks, tree = 75.90 MB, solutions = 2)
  40678 16862        cutoff             -0.2595       -0.2634  4719715    1.48%
  42453 16899       -0.2604    42       -0.2595       -0.2631  4887002    1.39%
  44111 16743        cutoff             -0.2595       -0.2629  5086687    1.30%
  45825 16148       -0.2597    55       -0.2595       -0.2626  5323532    1.19%
  47695 15577        cutoff             -0.2595       -0.2623  5509804    1.07%
  48636 15222       -0.2608    57       -0.2595       -0.2620  5728701    0.97%
  49424 15126        cutoff             -0.2595       -0.2619  5919249    0.92%
  51517 14367        cutoff             -0.2595       -0.2619  6118660    0.90%
  53674 13260        cutoff             -0.2595       -0.2615  6288260    0.78%
  56105 11524        cutoff             -0.2595       -0.2612  6497717    0.65%
Elapsed time = 107.98 sec. (132275.59 ticks, tree = 50.12 MB, solutions = 2)
  58869  9865        cutoff             -0.2595       -0.2609  6644190    0.53%
  62053  7366        cutoff             -0.2595       -0.2605  6870196    0.39%
  67677  2297        cutoff             -0.2595       -0.2599  7060456    0.13%

Flow cuts applied:  1
Mixed integer rounding cuts applied:  271
Lift and project cuts applied:  19
Gomory fractional cuts applied:  2

Root node processing (before b&c):
  Real time             =    1.05 sec. (966.05 ticks)
Parallel b&c, 4 threads:
  Real time             =  117.45 sec. (143594.70 ticks)
  Sync time (average)   =    4.14 sec.
  Wait time (average)   =    0.00 sec.
                          ------------
Total (root+branch&cut) =  118.50 sec. (144560.74 ticks)
