Version identifier: 22.2.0.0 | 2026-05-04 | 5dff98e58
CPXPARAM_Read_DataCheck                          1
CPXPARAM_Threads                                 4
CPXPARAM_Parallel                                1
CPXPARAM_RandomSeed                              20260925
CPXPARAM_Simplex_Tolerances_Optimality           1.0000000000000001e-09
CPXPARAM_Simplex_Tolerances_Feasibility          1.0000000000000001e-09
CPXPARAM_TimeLimit                               600
CPXPARAM_MIP_Tolerances_AbsMIPGap                1.0000000000000001e-09
CPXPARAM_MIP_Tolerances_Integrality              1.0000000000000001e-09
Legacy callback                                  i
1 of 2 MIP starts provided solutions.
MIP start 'm1' defined initial solution with objective 0.1509.
Tried aggregator 1 time.
MIP Presolve eliminated 38 rows and 2 columns.
MIP Presolve modified 504 coefficients.
Reduced MIP has 660 rows, 708 columns, and 5682 nonzeros.
Reduced MIP has 174 binaries, 0 generals, 0 SOSs, and 0 indicators.
Presolve time = 0.00 sec. (2.27 ticks)
Probing time = 0.00 sec. (0.17 ticks)
Tried aggregator 1 time.
Detecting symmetries...
Reduced MIP has 660 rows, 708 columns, and 5682 nonzeros.
Reduced MIP has 174 binaries, 0 generals, 0 SOSs, and 0 indicators.
Presolve time = 0.00 sec. (2.24 ticks)
Probing time = 0.00 sec. (0.17 ticks)
MIP emphasis: balance optimality and feasibility.
MIP search method: dynamic search.
Parallel mode: deterministic, using up to 4 threads.
Root relaxation solution time = 0.02 sec. (8.71 ticks)

        Nodes                                         Cuts/
   Node  Left     Objective  IInf  Best Integer    Best Bound    ItCnt     Gap

*     0+    0                            0.1509        0.0000           100.00%
      0     0        0.1305    28        0.1509        0.1305      397   13.50%
      0     0        0.1306    37        0.1509      Cuts: 36      515   13.43%
      0     0        0.1306    42        0.1509      Cuts: 26      570   13.41%
      0     0        0.1307    46        0.1509   MIRcuts: 26      723   13.40%
      0     0        0.1307    48        0.1509      Cuts: 13      784   13.40%
*     0+    0                            0.1506        0.1307            13.26%
Detecting symmetries...
      0     2        0.1307    44        0.1506        0.1309      784   13.09%
Elapsed time = 0.19 sec. (166.60 ticks, tree = 0.02 MB, solutions = 2)
    312   202    infeasible              0.1506        0.1310    22404   13.06%
    803   570        0.1336    22        0.1506        0.1316    42891   12.64%
   1295   934        0.1389    21        0.1506        0.1320    60755   12.35%
   1829  1339        0.1361    25        0.1506        0.1328    83820   11.82%
   2342  1700        0.1371    34        0.1506        0.1331   107612   11.65%

Performing restart 1

Repeating presolve.
Tried aggregator 1 time.
MIP Presolve modified 168 coefficients.
Reduced MIP has 660 rows, 708 columns, and 5634 nonzeros.
Reduced MIP has 174 binaries, 0 generals, 0 SOSs, and 0 indicators.
Presolve time = 0.00 sec. (2.54 ticks)
Tried aggregator 1 time.
Reduced MIP has 660 rows, 708 columns, and 5634 nonzeros.
Reduced MIP has 174 binaries, 0 generals, 0 SOSs, and 0 indicators.
Presolve time = 0.00 sec. (2.25 ticks)
Represolve time = 0.00 sec. (7.26 ticks)
*  2483+    0                            0.1504        0.1331            11.49%
   2483     0        0.1307    47        0.1504      Cuts: 19   121696   11.49%
   2483     0        0.1307    55        0.1504      Cuts: 16   121809   11.49%
   2483     0        0.1307    55        0.1504      Cuts: 17   121959   11.49%
   2483     0        0.1307    67        0.1504      Cuts: 23   122050   11.49%
   2483     2        0.1307    66        0.1504        0.1331   122050   11.49%
   2503    20        0.1466    25        0.1504        0.1331   124013   11.49%
   2665   105        0.1461    26        0.1504        0.1331   135959   11.49%
   2934   229        0.1333    41        0.1504        0.1331   150056   11.49%
   3978  1031        0.1385    33        0.1504        0.1331   218056   11.48%
Elapsed time = 4.33 sec. (4671.52 ticks, tree = 3.86 MB, solutions = 3)
   4871  1661        cutoff              0.1504        0.1337   285224   11.11%
   5754  2295        0.1365    34        0.1504        0.1341   347594   10.80%
   6639  2876        0.1421    27        0.1504        0.1349   413527   10.34%
   7453  3507        0.1402    43        0.1504        0.1352   480005   10.10%
   8235  4032        0.1388    41        0.1504        0.1356   550803    9.84%
   9192  4686        0.1474    28        0.1504        0.1360   622109    9.56%
  10040  5323        0.1381    50        0.1504        0.1363   689428    9.40%
  10984  5968        0.1387    54        0.1504        0.1365   758775    9.26%
  11837  6447        0.1401    42        0.1504        0.1367   811195    9.10%
  12740  7006        0.1387    33        0.1504        0.1369   883551    8.94%
Elapsed time = 12.48 sec. (14220.30 ticks, tree = 27.53 MB, solutions = 3)
  13652  7646        cutoff              0.1504        0.1372   960604    8.79%
  14273  7980        0.1398    47        0.1504        0.1373  1018462    8.72%
  14930  8360        0.1448    49        0.1504        0.1374  1081579    8.65%
  15620  8849        0.1465    38        0.1504        0.1375  1145403    8.56%
  16358  9296        0.1430    48        0.1504        0.1377  1208970    8.47%
  16998  9713        0.1443    43        0.1504        0.1378  1265633    8.41%
  17660  9964        0.1416    40        0.1504        0.1379  1309062    8.33%
  18351 10520        0.1427    35        0.1504        0.1379  1384129    8.28%
  18971 10910        0.1478    49        0.1504        0.1380  1442199    8.22%
  19628 11278        0.1406    32        0.1504        0.1382  1504439    8.14%
Elapsed time = 20.31 sec. (23777.32 ticks, tree = 46.26 MB, solutions = 3)
  20378 11820        0.1449    63        0.1504        0.1382  1575956    8.09%
  21083 12107        0.1479    29        0.1504        0.1383  1610991    8.04%
  21727 12491        0.1416    36        0.1504        0.1384  1666585    8.01%
  22329 12943        cutoff              0.1504        0.1384  1749066    7.95%
  22925 13308        0.1478    43        0.1504        0.1385  1814780    7.90%
  23568 13615        0.1489    54        0.1504        0.1386  1862719    7.85%
  24209 13895        0.1411    40        0.1504        0.1387  1913466    7.81%
  24943 14595        0.1473    31        0.1504        0.1387  2013350    7.76%
  25680 14805        0.1417    33        0.1504        0.1388  2044301    7.72%
  26365 15341        cutoff              0.1504        0.1388  2111615    7.70%
Elapsed time = 28.25 sec. (33325.46 ticks, tree = 65.24 MB, solutions = 3)
* 26453+15495                            0.1502        0.1389             7.58%
* 26468+15450                            0.1499        0.1389             7.38%
  26701 15729        0.1421    48        0.1499        0.1389  2171717    7.38%
  27075 15900        0.1487    39        0.1499        0.1389  2199061    7.38%
  27305 16099        0.1435    49        0.1499        0.1389  2233280    7.38%
  27611 16272        0.1419    72        0.1499        0.1389  2259388    7.38%
  27911 16435        cutoff              0.1499        0.1389  2282524    7.38%
* 27942+15495                            0.1498        0.1389             7.29%
  28237 16671        0.1455    43        0.1498        0.1389  2318133    7.29%
  28544 16827        0.1417    56        0.1498        0.1389  2343193    7.29%
  28861 17124        0.1424    39        0.1498        0.1389  2389124    7.29%
  29203 17244        0.1433    36        0.1498        0.1389  2404404    7.29%
  29682 17550        0.1468    45        0.1498        0.1389  2441991    7.29%
Elapsed time = 36.92 sec. (42911.12 ticks, tree = 76.20 MB, solutions = 5)
  30288 17711        cutoff              0.1498        0.1392  2488635    7.06%
  30800 18045        0.1466    71        0.1498        0.1392  2553609    7.03%
  31456 18339        0.1435    49        0.1498        0.1393  2603169    7.00%
  32057 18851        0.1465    45        0.1498        0.1393  2685011    6.95%
  32569 18973        0.1446    28        0.1498        0.1394  2714678    6.92%
  33178 19324        0.1453    65        0.1498        0.1395  2783952    6.88%
  33789 19577        0.1467    48        0.1498        0.1395  2829964    6.83%
  34424 20003        0.1423    38        0.1498        0.1396  2902051    6.81%
  35061 20298        0.1461    57        0.1498        0.1396  2951920    6.77%
  35726 20791        0.1447    48        0.1498        0.1397  3035832    6.74%
Elapsed time = 44.67 sec. (52459.69 ticks, tree = 89.80 MB, solutions = 6)
  36301 21011    infeasible              0.1498        0.1397  3074261    6.72%
  36966 21463        0.1423    46        0.1498        0.1398  3145802    6.68%
  37641 21832        0.1457    32        0.1498        0.1398  3195991    6.65%
  38283 22208        0.1493    26        0.1498        0.1398  3260434    6.63%
  38887 22642        0.1444    49        0.1498        0.1399  3333562    6.60%
  39453 22916        cutoff              0.1498        0.1399  3386458    6.57%
  40029 23139        0.1434    53        0.1498        0.1400  3434838    6.54%
  40687 23462        0.1415    30        0.1498        0.1400  3487613    6.51%
  41274 23781        0.1452    41        0.1498        0.1400  3550617    6.49%
  41807 24095        0.1455    49        0.1498        0.1401  3627617    6.46%
Elapsed time = 52.56 sec. (62014.07 ticks, tree = 103.39 MB, solutions = 6)
  42374 24325        0.1485    32        0.1498        0.1401  3675059    6.44%
  42976 24596        0.1443    52        0.1498        0.1402  3736690    6.42%
  43594 24954        0.1420    52        0.1498        0.1402  3815647    6.39%
  44189 25248        cutoff              0.1498        0.1402  3864087    6.36%
  44832 25696        0.1446    38        0.1498        0.1403  3955434    6.34%
  45413 25930        cutoff              0.1498        0.1403  3998593    6.32%
  46019 26245        0.1464    49        0.1498        0.1403  4057464    6.30%
  46653 26513        0.1466    31        0.1498        0.1404  4101433    6.27%
  47236 26874        0.1463    41        0.1498        0.1404  4181040    6.25%
  47851 27177        0.1456    51        0.1498        0.1404  4233335    6.22%
Elapsed time = 61.02 sec. (71567.08 ticks, tree = 116.06 MB, solutions = 6)
  48421 27557        0.1428    40        0.1498        0.1405  4308214    6.20%
  49070 27838        0.1489    44        0.1498        0.1405  4352156    6.18%
  49661 28138        0.1443    52        0.1498        0.1405  4416561    6.16%

Performing restart 2

Repeating presolve.
Tried aggregator 1 time.
Reduced MIP has 660 rows, 708 columns, and 5634 nonzeros.
Reduced MIP has 174 binaries, 0 generals, 0 SOSs, and 0 indicators.
Presolve time = 0.00 sec. (1.61 ticks)
Tried aggregator 1 time.
Reduced MIP has 660 rows, 708 columns, and 5634 nonzeros.
Reduced MIP has 174 binaries, 0 generals, 0 SOSs, and 0 indicators.
Presolve time = 0.00 sec. (2.25 ticks)
Represolve time = 0.03 sec. (10.47 ticks)
  50084     0        0.1321    67        0.1498      Cuts: 28  4498127    6.14%
  50084     0        0.1326    67        0.1498      Cuts: 14  4498227    6.14%
  50084     0        0.1330    65        0.1498      Cuts: 13  4498315    6.14%
  50084     0        0.1331    64        0.1498      Cuts: 10  4498373    6.14%
  50084     0        0.1333    59        0.1498    MIRcuts: 9  4498445    6.14%
  50084     0        0.1333    71        0.1498      Cuts: 11  4498488    6.14%
  50084     0        0.1333    70        0.1498    MIRcuts: 4  4498510    6.14%
  50084     2        0.1333    68        0.1498        0.1406  4498510    6.14%
  50165    69        0.1408    40        0.1498        0.1406  4507562    6.14%
  50546   292        cutoff              0.1498        0.1406  4540475    6.14%
  51231   772        0.1372    64        0.1498        0.1406  4601064    6.14%
  52126  1404        0.1377    50        0.1498        0.1406  4679303    6.14%
  53018  2060        0.1462    36        0.1498        0.1406  4755272    6.14%
  53962  2664        0.1372    43        0.1498        0.1406  4826928    6.14%
Elapsed time = 70.73 sec. (82683.45 ticks, tree = 1.95 MB, solutions = 6)
  54825  3388        cutoff              0.1498        0.1406  4906974    6.14%
  55699  3881        0.1433    50        0.1498        0.1406  4976146    6.14%
  56573  4521        cutoff              0.1498        0.1406  5070225    6.14%
  57481  5054        0.1452    16        0.1498        0.1406  5140596    6.14%
  58360  5685        0.1396    34        0.1498        0.1406  5226832    6.14%
  59281  6276        0.1445    29        0.1498        0.1406  5306748    6.14%
  60305  6909        0.1416    47        0.1498        0.1406  5381927    6.14%
  61251  7535        0.1408    25        0.1498        0.1406  5459798    6.14%
  62086  8154        0.1445    21        0.1498        0.1406  5553829    6.14%
  65671 10090        cutoff              0.1498        0.1406  5866455    6.14%
Elapsed time = 81.41 sec. (95091.74 ticks, tree = 5.24 MB, solutions = 6)
  69322 12614        0.1418    37        0.1498        0.1406  6227978    6.14%
  73190 14789        cutoff              0.1498        0.1406  6514876    6.14%
  77028 17181        0.1410    28        0.1498        0.1406  6777043    6.14%
  79182 18300        cutoff              0.1498        0.1406  6990875    6.14%
  80884 18852        0.1486    56        0.1498        0.1406  7268942    6.14%
  82596 19387        cutoff              0.1498        0.1406  7499536    6.14%
  84353 20083        cutoff              0.1498        0.1406  7771306    6.14%
  86030 20619        0.1466    58        0.1498        0.1406  8035638    6.14%
  87639 21038        cutoff              0.1498        0.1406  8276682    6.14%
  89307 21583        0.1467    49        0.1498        0.1407  8534943    6.08%
Elapsed time = 111.06 sec. (133253.79 ticks, tree = 37.67 MB, solutions = 6)
  90988 22063        0.1481    48        0.1498        0.1408  8799364    6.00%
  92744 22544        0.1451    42        0.1498        0.1409  9026486    5.91%
  94468 23032        cutoff              0.1498        0.1410  9297677    5.82%
  96140 23405        0.1493    55        0.1498        0.1412  9556172    5.72%
  97952 23679        cutoff              0.1498        0.1414  9824611    5.62%
  99679 23778        0.1457    39        0.1498        0.1415 10098176    5.51%
 101375 23859        0.1468    52        0.1498        0.1416 10346775    5.43%
 103281 23697        0.1491    61        0.1498        0.1418 10583439    5.30%
 105011 23937        0.1451    63        0.1498        0.1420 10861645    5.19%
 106752 24064        cutoff              0.1498        0.1421 11109701    5.09%
Elapsed time = 140.14 sec. (171424.44 ticks, tree = 49.10 MB, solutions = 6)
 108515 24242        0.1456    55        0.1498        0.1423 11372890    4.97%
 110238 24327        0.1480    44        0.1498        0.1425 11629146    4.87%
 112141 24479        cutoff              0.1498        0.1426 11852925    4.77%
 114051 24663        0.1473    57        0.1498        0.1428 12124093    4.66%
 115929 24824        0.1475    35        0.1498        0.1429 12364689    4.56%
 117909 25011        cutoff              0.1498        0.1431 12614842    4.46%
 119920 25195        0.1468    52        0.1498        0.1432 12875751    4.35%
 122041 25288        cutoff              0.1498        0.1434 13080856    4.25%
 124246 25644        cutoff              0.1498        0.1436 13353328    4.15%
 126345 25845        0.1476    48        0.1498        0.1437 13594972    4.04%
Elapsed time = 171.09 sec. (209590.94 ticks, tree = 59.26 MB, solutions = 6)
 128494 26070        cutoff              0.1498        0.1439 13839507    3.93%
 130547 26073        cutoff              0.1498        0.1440 14039723    3.84%
 132671 26271        0.1487    62        0.1498        0.1442 14316836    3.73%
 134721 26375        0.1478    34        0.1498        0.1443 14522909    3.62%
 136932 26412        cutoff              0.1498        0.1445 14748036    3.53%
 139171 26413        cutoff              0.1498        0.1446 14983799    3.43%
 141408 26381        0.1491    58        0.1498        0.1448 15220517    3.34%
 143713 26437        cutoff              0.1498        0.1449 15404690    3.24%
 146104 26482        cutoff              0.1498        0.1451 15603755    3.14%
 148480 26478        cutoff              0.1498        0.1452 15818331    3.06%
Elapsed time = 200.00 sec. (247751.25 ticks, tree = 74.97 MB, solutions = 6)
 150741 26244        cutoff              0.1498        0.1453 16030283    2.96%
 153086 26033        0.1485    55        0.1498        0.1455 16267521    2.86%
 155561 25778        0.1489    50        0.1498        0.1456 16494020    2.76%
 158027 25558        cutoff              0.1498        0.1458 16662937    2.67%
 160478 25115        0.1488    41        0.1498        0.1459 16886781    2.56%
 162851 24660        0.1494    40        0.1498        0.1461 17084467    2.46%
 165367 24026        0.1480    56        0.1498        0.1462 17282646    2.35%
 167943 23249        cutoff              0.1498        0.1464 17480542    2.25%
 170560 22114        0.1473    55        0.1498        0.1466 17708274    2.12%
 173260 20985        cutoff              0.1498        0.1468 17906369    1.99%
Elapsed time = 229.03 sec. (285910.12 ticks, tree = 70.27 MB, solutions = 6)
 176120 19571        cutoff              0.1498        0.1470 18104641    1.86%
 179185 17876        0.1492    53        0.1498        0.1472 18305928    1.68%
 182781 15028        cutoff              0.1498        0.1476 18553771    1.43%
 187074 11574        cutoff              0.1498        0.1481 18777402    1.14%
 193181  5977        cutoff              0.1498        0.1488 18981390    0.65%

Cover cuts applied:  196
Mixed integer rounding cuts applied:  168
Gomory fractional cuts applied:  2

Root node processing (before b&c):
  Real time             =    0.19 sec. (166.28 ticks)
Parallel b&c, 4 threads:
  Real time             =  245.23 sec. (306918.12 ticks)
  Sync time (average)   =    8.21 sec.
  Wait time (average)   =    0.01 sec.
                          ------------
Total (root+branch&cut) =  245.42 sec. (307084.40 ticks)
