Version identifier: 22.2.0.0 | 2026-05-04 | 5dff98e58
CPXPARAM_Read_DataCheck                          1
CPXPARAM_Threads                                 4
CPXPARAM_Parallel                                1
CPXPARAM_RandomSeed                              20260925
CPXPARAM_Simplex_Tolerances_Optimality           1.0000000000000001e-09
CPXPARAM_Simplex_Tolerances_Feasibility          1.0000000000000001e-09
CPXPARAM_TimeLimit                               600
CPXPARAM_MIP_Tolerances_AbsMIPGap                1.0000000000000001e-09
CPXPARAM_MIP_Tolerances_Integrality              1.0000000000000001e-09
Legacy callback                                  i
1 of 1 MIP starts provided solutions.
MIP start 'm1' defined initial solution with objective 0.0293.
Tried aggregator 1 time.
MIP Presolve eliminated 1347 rows and 2 columns.
MIP Presolve modified 3414 coefficients.
Reduced MIP has 3968 rows, 4686 columns, and 49203 nonzeros.
Reduced MIP has 1164 binaries, 0 generals, 0 SOSs, and 0 indicators.
Presolve time = 0.03 sec. (32.62 ticks)
Probing time = 0.00 sec. (0.68 ticks)
Tried aggregator 1 time.
Detecting symmetries...
Reduced MIP has 3968 rows, 4686 columns, and 49203 nonzeros.
Reduced MIP has 1164 binaries, 0 generals, 0 SOSs, and 0 indicators.
Presolve time = 0.02 sec. (20.17 ticks)
Probing time = 0.00 sec. (0.78 ticks)
MIP emphasis: balance optimality and feasibility.
MIP search method: dynamic search.
Parallel mode: deterministic, using up to 4 threads.
Root relaxation solution time = 0.05 sec. (42.34 ticks)

        Nodes                                         Cuts/
   Node  Left     Objective  IInf  Best Integer    Best Bound    ItCnt     Gap

*     0+    0                            0.0293        0.0000           100.00%
      0     0        0.0240    65        0.0293        0.0240      963   18.20%
      0     0        0.0240    56        0.0293    MIRcuts: 8     1002   18.20%
      0     0        0.0240    57        0.0293    MIRcuts: 4     1056   18.20%
      0     0        0.0240    56        0.0293    MIRcuts: 1     1083   18.20%
      0     2        0.0240    54        0.0293        0.0240     1083   18.20%
Elapsed time = 1.23 sec. (1116.59 ticks, tree = 0.02 MB, solutions = 1)
     20    22        0.0254    65        0.0293        0.0240     2054   18.20%
     68    50        0.0240    55        0.0293        0.0240     4420   18.20%
    131    94        0.0264    68        0.0293        0.0240     6907   18.20%
    185   160        0.0240    57        0.0293        0.0240     9919   18.20%
    207   186        0.0241    52        0.0293        0.0240    11053   18.20%
    228   203        0.0264    44        0.0293        0.0240    12997   18.20%
    289   240        0.0248    41        0.0293        0.0240    15502   18.20%
    342   296        cutoff              0.0293        0.0240    22093   18.20%
    370   332        cutoff              0.0293        0.0240    28013   18.20%
*   438+  350                            0.0293        0.0240            18.20%
*   459+  357                            0.0293        0.0240            18.20%
    642   455        0.0252    41        0.0293        0.0240    55194   18.11%
Elapsed time = 4.47 sec. (4351.29 ticks, tree = 5.54 MB, solutions = 2)
    971   651        0.0244    61        0.0293        0.0240    83172   18.07%
   1213   936        0.0286    72        0.0293        0.0240   101627   18.07%

Performing restart 1

Repeating presolve.
Tried aggregator 1 time.
Reduced MIP has 3968 rows, 4686 columns, and 49203 nonzeros.
Reduced MIP has 1164 binaries, 0 generals, 0 SOSs, and 0 indicators.
Presolve time = 0.02 sec. (13.86 ticks)
Tried aggregator 1 time.
Reduced MIP has 3968 rows, 4686 columns, and 49203 nonzeros.
Reduced MIP has 1164 binaries, 0 generals, 0 SOSs, and 0 indicators.
Presolve time = 0.03 sec. (20.45 ticks)
Represolve time = 0.05 sec. (40.33 ticks)
   1215     0        0.0240    59        0.0293       Cuts: 7   105546   18.07%
   1215     0        0.0240    62        0.0293       Cuts: 8   105648   18.07%
   1215     0        0.0240    60        0.0293       Cuts: 4   105696   18.07%
   1215     0        0.0240    58        0.0293     Covers: 2   105780   18.07%
   1215     0        0.0240    59        0.0293       Cuts: 7   105877   18.07%
   1215     2        0.0240    59        0.0293        0.0240   105877   18.07%
   1227     3        0.0246    59        0.0293        0.0240   106283   18.07%
   1373   141        0.0243    60        0.0293        0.0240   113928   18.07%
   1526   281        0.0254    70        0.0293        0.0240   124848   18.07%
   1691   403        0.0251    64        0.0293        0.0240   134694   18.07%
   1912   588        0.0264    72        0.0293        0.0240   154038   18.07%
   2161   823        0.0248    61        0.0293        0.0240   172439   18.07%
   2521  1141        0.0286    66        0.0293        0.0240   182871   18.07%
Elapsed time = 18.02 sec. (18974.57 ticks, tree = 31.46 MB, solutions = 2)
   2874  1411        0.0257    59        0.0293        0.0240   196483   18.07%
   3354  1893        0.0256    66        0.0293        0.0240   214174   18.07%
   3766  2313        0.0265    67        0.0293        0.0240   232905   18.07%
   4035  2579        0.0261    62        0.0293        0.0240   253083   18.07%
   4433  2834        0.0247    60        0.0293        0.0240   271635   18.07%
   4885  3230        0.0271    67        0.0293        0.0240   286042   18.07%
   5163  3623        0.0247    58        0.0293        0.0240   302980   18.07%
   5712  4167        0.0282    49        0.0293        0.0240   324111   18.07%
   6001  4425        0.0255    52        0.0293        0.0240   343414   18.07%
   6446  4791        0.0273    49        0.0293        0.0240   357198   18.07%
Elapsed time = 25.58 sec. (28531.12 ticks, tree = 146.36 MB, solutions = 2)
   6969  5146        0.0289    70        0.0293        0.0240   378255   18.07%
   7481  5589        0.0241    60        0.0293        0.0240   394929   18.07%
   7936  6201        0.0254    65        0.0293        0.0240   418165   18.07%
   8288  6497        0.0291    70        0.0293        0.0240   437707   18.07%
   8725  6752        0.0271    43        0.0293        0.0240   449283   18.07%
   9191  7316        0.0249    65        0.0293        0.0240   475515   18.07%
   9515  7718        0.0274    21        0.0293        0.0240   490783   18.07%
  10074  7965        0.0255    54        0.0293        0.0240   501350   18.07%
  10400  8584        0.0256    55        0.0293        0.0240   537518   18.06%
  10780  8771        0.0286    67        0.0293        0.0240   548922   18.06%
Elapsed time = 34.38 sec. (38098.12 ticks, tree = 263.72 MB, solutions = 2)
  11375  9095        0.0259    58        0.0293        0.0240   567443   18.06%
  11989  9972        0.0256    60        0.0293        0.0240   595091   18.06%
  12644 10292        0.0255    51        0.0293        0.0240   607245   18.06%
  13012 10878        0.0281    48        0.0293        0.0240   628525   18.06%
  13375 11242        0.0286    59        0.0293        0.0240   649907   18.06%
  13897 11714        0.0249    65        0.0293        0.0240   670319   18.02%
  14560 11856        0.0245    56        0.0293        0.0240   677496   18.02%
  14950 12588        0.0259    43        0.0293        0.0240   702764   18.02%
  15313 12884        0.0241    60        0.0293        0.0240   719231   18.02%
  15934 13411        0.0295    54        0.0293        0.0241   749082   18.00%
Elapsed time = 43.41 sec. (47657.36 ticks, tree = 411.16 MB, solutions = 2)
  16580 14244        0.0286    53        0.0293        0.0241   780979   17.97%
  17038 14612        0.0247    62        0.0293        0.0241   796760   17.96%
  17395 14973        0.0251    69        0.0293        0.0241   818586   17.94%
  17892 15400        0.0258    33        0.0293        0.0241   836382   17.94%
  18377 15668        0.0274    32        0.0293        0.0241   847655   17.94%
  18865 16413        0.0249    70        0.0293        0.0241   872425   17.94%
  19377 16501        0.0279    73        0.0293        0.0241   878255   17.94%
  19821 17335        0.0289    67        0.0293        0.0241   913507   17.94%
  20103 17309        0.0264    65        0.0293        0.0241   914167   17.94%
  20521 17761        0.0261    62        0.0293        0.0241   936548   17.94%
Elapsed time = 51.34 sec. (57217.05 ticks, tree = 550.24 MB, solutions = 2)
  20970 18223        0.0293    60        0.0293        0.0241   961967   17.94%
  21536 18731        0.0290    66        0.0293        0.0241   985963   17.94%
  22121 19294        0.0249    57        0.0293        0.0241  1004572   17.94%
  22483 19874        0.0243    63        0.0293        0.0241  1033269   17.94%
  23000 19999        0.0252    67        0.0293        0.0241  1037849   17.94%
  23580 20258        0.0250    61        0.0293        0.0241  1050175   17.94%
  24132 20640        0.0265    55        0.0293        0.0241  1066097   17.94%
  24446 21305        0.0288    61        0.0293        0.0241  1090537   17.94%
* 24452+21306                            0.0290        0.0241            16.92%
  24695 21892        0.0242    62        0.0290        0.0241  1114371   16.92%
  24924 22100        0.0250    66        0.0290        0.0241  1126695   16.92%
Elapsed time = 59.41 sec. (66784.26 ticks, tree = 697.14 MB, solutions = 2)
  25198 22480        0.0247    60        0.0290        0.0241  1141564   16.92%
  25401 22562        0.0284    76        0.0290        0.0241  1145574   16.92%
* 25450+21306                            0.0289        0.0241            16.76%
  25625 22706        0.0241    63        0.0289        0.0241  1150961   16.76%
  25915 23011        0.0255    64        0.0289        0.0241  1162886   16.76%
  26130 23369        0.0249    61        0.0289        0.0241  1181597   16.76%
  26352 23531        0.0256    66        0.0289        0.0241  1193123   16.76%
* 26447+21306                            0.0289        0.0241            16.70%
  26633 23834        0.0260    70        0.0289        0.0241  1205433   16.70%
  26842 24024        0.0270    64        0.0289        0.0241  1210998   16.70%
  26990 24224        cutoff              0.0289        0.0241  1228560   16.70%
* 27276+21306                            0.0289        0.0241            16.66%
  27314 24428        0.0271    57        0.0289        0.0241  1234026   16.66%
Elapsed time = 68.25 sec. (76397.76 ticks, tree = 772.19 MB, solutions = 2)
  27604 24744        0.0249    63        0.0289        0.0241  1244342   16.66%
  27795 24726        0.0241    63        0.0289        0.0241  1246774   16.66%
  27990 25104        0.0290    72        0.0289        0.0241  1259087   16.66%
  28265 25425        0.0287    65        0.0289        0.0241  1276911   16.66%
  28456 25630        0.0288    70        0.0289        0.0241  1288266   16.66%
  28713 25864        0.0281    64        0.0289        0.0241  1298334   16.66%
  28967 25996        0.0244    61        0.0289        0.0241  1305102   16.66%
  29161 26201        0.0278    58        0.0289        0.0241  1317529   16.66%
  29386 26404        0.0273    63        0.0289        0.0241  1326702   16.66%
* 29549+21306                            0.0289        0.0241            16.58%
* 29596+21306                            0.0287        0.0241            16.19%
* 29601+21306                            0.0287        0.0241            16.07%
  29607 26512        0.0274    52        0.0287        0.0241  1333936   16.07%
Elapsed time = 76.58 sec. (86027.25 ticks, tree = 839.26 MB, solutions = 2)
  29922 26934        0.0257    57        0.0287        0.0241  1351054   16.07%
  30114 27064        0.0270    58        0.0287        0.0241  1355563   16.07%
* 30131+21306                            0.0286        0.0241            15.97%
  30407 27257        0.0249    67        0.0286        0.0241  1361578   15.97%
  30641 27500        0.0254    52        0.0286        0.0241  1373958   15.97%
  30785 27815        0.0253    72        0.0286        0.0241  1389447   15.97%
  30972 27873        0.0273    64        0.0286        0.0241  1395273   15.97%
  31165 28174        0.0264    62        0.0286        0.0241  1409359   15.97%
  31398 28329        0.0275    64        0.0286        0.0241  1413503   15.97%
  31563 28509        0.0265    68        0.0286        0.0241  1424711   15.97%
* 32378+21306                            0.0286        0.0241            15.94%
  32661 29480        0.0267    61        0.0286        0.0241  1464081   15.94%
Elapsed time = 87.38 sec. (98441.90 ticks, tree = 934.95 MB, solutions = 2)
  33585 30425        0.0275    49        0.0286        0.0241  1510275   15.94%
  34622 31187        0.0273    39        0.0286        0.0241  1547189   15.94%
* 34734+31212                            0.0283        0.0241            15.08%
* 34738+31211                            0.0283        0.0241            14.98%
* 35322+28847                            0.0281        0.0241            14.43%
  35701 28249        0.0266    59        0.0281        0.0241  1593055   14.43%
  37829 30082        0.0267    51        0.0281        0.0241  1665440   14.41%
  40007 32026        cutoff              0.0281        0.0241  1750597   14.40%
  42130 34110        0.0253    60        0.0281        0.0241  1840561   14.39%
  44153 36172        0.0253    73        0.0281        0.0241  1935455   14.37%
  46296 38108        0.0250    57        0.0281        0.0241  2020724   14.37%

Performing restart 2

Repeating presolve.
Tried aggregator 1 time.
Reduced MIP has 3968 rows, 4686 columns, and 49203 nonzeros.
Reduced MIP has 1164 binaries, 0 generals, 0 SOSs, and 0 indicators.
Presolve time = 0.00 sec. (13.86 ticks)
Tried aggregator 1 time.
Reduced MIP has 3968 rows, 4686 columns, and 49203 nonzeros.
Reduced MIP has 1164 binaries, 0 generals, 0 SOSs, and 0 indicators.
Presolve time = 0.02 sec. (20.45 ticks)
Represolve time = 0.06 sec. (47.02 ticks)
  47196     0        0.0240    61        0.0281       Cuts: 5  2079018   14.36%
  47196     0        0.0240    60        0.0281       Cuts: 4  2079092   14.36%
  47196     0        0.0240    58        0.0281       Cuts: 4  2079147   14.36%
  47196     0        0.0240    61        0.0281       Cuts: 9  2079255   14.36%
  47196     0        0.0240    63        0.0281       Cuts: 4  2079329   14.36%
  47196     0        0.0240    59        0.0281       Cuts: 3  2079351   14.36%
  47196     0        0.0240    61        0.0281      Cuts: 11  2079445   14.36%
  47196     2        0.0240    58        0.0281        0.0241  2079445   14.36%
  47458   229        0.0265    54        0.0281        0.0241  2093596   14.36%
Elapsed time = 122.27 sec. (140265.14 ticks, tree = 3.27 MB, solutions = 22)
  48038   690        0.0272    59        0.0281        0.0241  2135637   14.36%
  48908  1513        0.0253    69        0.0281        0.0241  2195742   14.36%
  50284  2660        0.0278    58        0.0281        0.0241  2263704   14.36%
  51767  3981        0.0267    58        0.0281        0.0241  2325281   14.36%
  53584  5629        0.0244    55        0.0281        0.0241  2398858   14.36%
  55287  7063        0.0243    60        0.0281        0.0241  2461490   14.36%
  57303  9079        0.0272    53        0.0281        0.0241  2561128   14.36%
  59519 10927        0.0254    60        0.0281        0.0241  2639471   14.36%
  61459 12689        0.0270    39        0.0281        0.0241  2716650   14.36%
  63011 14258        0.0243    64        0.0281        0.0241  2792700   14.36%
Elapsed time = 151.42 sec. (178447.60 ticks, tree = 443.43 MB, solutions = 22)
  64580 15782        0.0251    56        0.0281        0.0241  2858056   14.36%
  66464 17354        0.0270    65        0.0281        0.0241  2934646   14.36%
  68222 19213        0.0264    58        0.0281        0.0241  3015296   14.36%
  69943 20860        0.0252    62        0.0281        0.0241  3093752   14.36%
  71995 22618        0.0247    59        0.0281        0.0241  3166366   14.36%
  74087 24639        0.0250    64        0.0281        0.0241  3259435   14.36%
  75963 26155        0.0259    54        0.0281        0.0241  3327375   14.36%
  78088 27864        0.0244    60        0.0281        0.0241  3408528   14.36%
  80045 30108        0.0249    58        0.0281        0.0241  3500103   14.35%
  82222 32085        0.0241    61        0.0281        0.0241  3587163   14.34%
Elapsed time = 179.94 sec. (216607.32 ticks, tree = 1015.39 MB, solutions = 22)
* 82987+32427                            0.0273        0.0241            11.74%
  84198 28394        0.0265    56        0.0273        0.0241  3673334   11.73%
  86284 30380        0.0244    63        0.0273        0.0241  3762566   11.71%
  88320 32034        0.0269    58        0.0273        0.0241  3839940   11.71%
  90299 34098        0.0270    40        0.0273        0.0241  3939884   11.69%
  92430 36012        0.0272    68        0.0273        0.0241  4015252   11.69%
  94789 37951        0.0255    61        0.0273        0.0241  4090122   11.69%
  96839 40025        0.0271    37        0.0273        0.0241  4179609   11.69%
  99005 42124        0.0257    63        0.0273        0.0241  4260626   11.69%
 101055 43919        0.0244    54        0.0273        0.0241  4342476   11.69%
 103010 45739        0.0261    44        0.0273        0.0241  4432289   11.68%
Elapsed time = 207.84 sec. (254761.97 ticks, tree = 1455.55 MB, solutions = 23)
 105120 47801        0.0267    39        0.0273        0.0241  4526018   11.67%
 107225 49894        0.0254    60        0.0273        0.0241  4616786   11.67%
 109716 51729        0.0260    55        0.0273        0.0241  4688119   11.67%
 111552 53564        0.0252    47        0.0273        0.0241  4770039   11.66%
 113384 55372        0.0254    52        0.0273        0.0241  4863595   11.66%
 115171 57216        0.0265    41        0.0273        0.0241  4955103   11.65%
 116850 58603        0.0254    40        0.0273        0.0241  5032087   11.65%
 118809 60658        0.0249    61        0.0273        0.0241  5144533   11.65%
 120554 62036        0.0261    44        0.0273        0.0241  5214593   11.65%
 122355 63651        0.0246    45        0.0273        0.0241  5304130   11.64%
Elapsed time = 236.09 sec. (292940.09 ticks, tree = 2030.25 MB, solutions = 23)
 123890 65324        0.0241    59        0.0273        0.0241  5401571   11.63%
 125688 66809        0.0269    44        0.0273        0.0241  5479860   11.63%
 127450 68372        0.0253    39        0.0273        0.0241  5568576   11.63%
 129198 69772        0.0270    34        0.0273        0.0241  5637033   11.62%
 131076 71712        0.0263    37        0.0273        0.0241  5734207   11.61%
 132804 73069        0.0258    46        0.0273        0.0241  5807077   11.61%
 134615 74943        0.0244    60        0.0273        0.0241  5903091   11.61%
 136183 76324        0.0254    61        0.0273        0.0241  5981757   11.61%
 137896 77819        0.0265    36        0.0273        0.0241  6061768   11.60%
 139351 79391        0.0271    36        0.0273        0.0241  6154696   11.60%
Elapsed time = 270.08 sec. (331113.65 ticks, tree = 2534.83 MB, solutions = 23)
Nodefile size = 480.67 MB (306.02 MB after compression)
 140765 80411        0.0243    53        0.0273        0.0241  6227623   11.60%
 142824 82215        0.0265    45        0.0273        0.0241  6321908   11.59%
*143449+83173                            0.0273        0.0241            11.48%
 144587 83687        0.0253    47        0.0273        0.0241  6420202   11.48%
 146081 85201        0.0262    33        0.0273        0.0241  6508024   11.47%
 147445 86225        0.0250    62        0.0273        0.0241  6587674   11.47%
 149181 87590        0.0269    50        0.0273        0.0241  6664401   11.47%
 151012 89253        0.0251    38        0.0273        0.0241  6758444   11.47%
 152776 91241        0.0248    45        0.0273        0.0241  6856412   11.47%
 154530 92636        0.0252    63        0.0273        0.0241  6930242   11.47%
 156358 94087        0.0264    48        0.0273        0.0241  7005263   11.47%
Elapsed time = 302.52 sec. (369301.15 ticks, tree = 2988.86 MB, solutions = 24)
Nodefile size = 931.63 MB (592.20 MB after compression)
 158402 96377        0.0270    29        0.0273        0.0241  7115071   11.47%
 160087 97825        0.0247    58        0.0273        0.0241  7191604   11.47%
 161748 99307        0.0264    57        0.0273        0.0241  7275412   11.47%
 163430 100995        0.0259    35        0.0273        0.0241  7368821   11.47%
 165462 102368        0.0263    34        0.0273        0.0241  7441453   11.47%
 167373 104214        0.0248    68        0.0273        0.0241  7537014   11.47%
 169102 106305        0.0258    33        0.0273        0.0241  7651184   11.47%
 170740 107530        0.0243    54        0.0273        0.0241  7725548   11.47%
 172452 109078        0.0264    42        0.0273        0.0241  7817805   11.46%
 174230 110386        0.0249    56        0.0273        0.0241  7883212   11.46%
Elapsed time = 335.84 sec. (407468.32 ticks, tree = 3480.77 MB, solutions = 24)
Nodefile size = 1422.12 MB (902.01 MB after compression)
 175790 111919        0.0261    35        0.0273        0.0241  7987051   11.45%
 177562 113445        0.0263    31        0.0273        0.0241  8072727   11.45%
 179407 115430        0.0243    63        0.0273        0.0241  8173549   11.44%
 180812 116849        0.0244    66        0.0273        0.0241  8255312   11.44%
 182346 118085        0.0255    36        0.0273        0.0241  8323749   11.44%
 183839 119505        0.0263    33        0.0273        0.0241  8411945   11.44%
 185297 120903        0.0268    37        0.0273        0.0241  8500128   11.44%
 186820 122001        0.0267    35        0.0273        0.0241  8574205   11.44%
 188604 123682        0.0259    30        0.0273        0.0241  8668150   11.44%
 190238 125156        0.0268    41        0.0273        0.0241  8748437   11.43%
Elapsed time = 369.39 sec. (445638.99 ticks, tree = 3951.38 MB, solutions = 24)
Nodefile size = 1892.69 MB (1200.39 MB after compression)
 192028 126737        0.0268    28        0.0273        0.0241  8839317   11.43%
 193589 128466        0.0255    39        0.0273        0.0241  8936253   11.42%
 195100 129507        0.0244    53        0.0273        0.0241  8997221   11.42%
 196519 130890        0.0253    65        0.0273        0.0241  9091487   11.42%
 198213 132252        0.0242    65        0.0273        0.0241  9173199   11.42%
 199586 133929        0.0253    52        0.0273        0.0241  9273088   11.42%
 200979 134922        0.0249    59        0.0273        0.0241  9342430   11.42%
 203042 136424        0.0243    53        0.0273        0.0242  9433197   11.42%
 205009 138507        0.0256    39        0.0273        0.0242  9563380   11.42%
 206930 140042        0.0269    35        0.0273        0.0242  9680374   11.42%
Elapsed time = 401.66 sec. (483809.17 ticks, tree = 4311.72 MB, solutions = 24)
Nodefile size = 2257.61 MB (1430.35 MB after compression)
 208594 142003        0.0242    51        0.0273        0.0242  9821270   11.42%
 210717 143429        0.0260    33        0.0273        0.0242  9910076   11.41%
 212559 145511        0.0245    58        0.0273        0.0242 10055582   11.41%
 214555 147096        0.0248    43        0.0273        0.0242 10171138   11.41%
 216453 148746        0.0263    41        0.0273        0.0242 10282293   11.41%
 218054 150213        0.0248    42        0.0273        0.0242 10403630   11.41%
 219533 151769        0.0267    44        0.0273        0.0242 10528917   11.41%
 221080 153280        cutoff              0.0273        0.0242 10635815   11.41%
 222654 154465        0.0269    35        0.0273        0.0242 10710876   11.40%
 224291 155943        0.0242    62        0.0273        0.0242 10803438   11.40%
Elapsed time = 432.31 sec. (521973.38 ticks, tree = 4457.96 MB, solutions = 24)
Nodefile size = 2403.18 MB (1517.87 MB after compression)
 225574 157331        0.0261    38        0.0273        0.0242 10893013   11.40%
 227008 158612        0.0256    49        0.0273        0.0242 10987992   11.40%
 228679 159802        0.0250    68        0.0273        0.0242 11060549   11.40%
 230196 161285        0.0269    34        0.0273        0.0242 11159506   11.40%
 231942 162615        0.0243    57        0.0273        0.0242 11252205   11.40%
 233738 164397        0.0269    40        0.0273        0.0242 11359034   11.40%
 235585 165794        0.0251    63        0.0273        0.0242 11430183   11.40%
 237134 167750        0.0253    43        0.0273        0.0242 11543003   11.40%
 238982 169257        0.0266    30        0.0273        0.0242 11626685   11.39%
 240891 170644        0.0272    46        0.0273        0.0242 11699911   11.39%
Elapsed time = 464.61 sec. (560145.05 ticks, tree = 4822.39 MB, solutions = 24)
Nodefile size = 2762.92 MB (1743.39 MB after compression)
 242722 172719        0.0242    62        0.0273        0.0242 11805445   11.39%
 244564 174187        0.0266    34        0.0273        0.0242 11879273   11.39%
 246219 175905        0.0267    32        0.0273        0.0242 11975074   11.39%
 247985 177702        0.0248    55        0.0273        0.0242 12066525   11.39%
 249565 178956        0.0266    42        0.0273        0.0242 12138029   11.39%
 251369 180306        0.0264    38        0.0273        0.0242 12207585   11.39%
 253086 182455        0.0256    37        0.0273        0.0242 12345514   11.39%
 254777 183747        0.0256    31        0.0273        0.0242 12427238   11.39%
 256348 185186        0.0268    51        0.0273        0.0242 12511068   11.38%
 257925 186510        0.0248    41        0.0273        0.0242 12590652   11.38%
Elapsed time = 497.75 sec. (598319.95 ticks, tree = 5278.59 MB, solutions = 24)
Nodefile size = 3217.89 MB (2030.50 MB after compression)
 259699 188085        0.0250    36        0.0273        0.0242 12683526   11.38%
 261311 189608        0.0254    37        0.0273        0.0242 12785693   11.38%
 262870 191464        0.0247    51        0.0273        0.0242 12911330   11.38%
 264415 192657        0.0242    59        0.0273        0.0242 12994433   11.38%
 266180 194328        0.0272    46        0.0273        0.0242 13097846   11.38%
 267677 195418        0.0242    60        0.0273        0.0242 13180069   11.37%
 269680 197371        0.0253    58        0.0273        0.0242 13306166   11.37%
 271525 198709        0.0244    50        0.0273        0.0242 13401059   11.37%
 273381 200310        0.0260    45        0.0273        0.0242 13512257   11.37%
 275575 202859        0.0272    42        0.0273        0.0242 13670157   11.37%
Elapsed time = 529.69 sec. (636505.49 ticks, tree = 5522.15 MB, solutions = 24)
Nodefile size = 3468.41 MB (2184.51 MB after compression)
 277434 204354        0.0261    38        0.0273        0.0242 13772862   11.37%
 279314 206036        0.0272    44        0.0273        0.0242 13892862   11.37%
 281080 207867        0.0269    31        0.0273        0.0242 14031603   11.36%
 282195 208974        0.0248    62        0.0273        0.0242 14118573   11.36%
 282995 209376        0.0270    43        0.0273        0.0242 14150028   11.36%
 283857 210669        0.0271    24        0.0273        0.0242 14225508   11.36%
 284684 211296        0.0264    38        0.0273        0.0242 14261105   11.36%
 285484 211949        0.0248    62        0.0273        0.0242 14303795   11.36%
 286295 212330        0.0267    39        0.0273        0.0242 14339004   11.36%
 287224 213571        0.0247    43        0.0273        0.0242 14423798   11.36%
Elapsed time = 561.55 sec. (675433.13 ticks, tree = 5539.62 MB, solutions = 24)
Nodefile size = 3486.14 MB (2190.49 MB after compression)
 287965 214380        0.0267    42        0.0273        0.0242 14480986   11.36%
 288880 215033        0.0247    53        0.0273        0.0242 14526407   11.36%
 289725 215954        0.0244    52        0.0273        0.0242 14589030   11.36%
 290580 216656        0.0244    47        0.0273        0.0242 14631534   11.35%
 291422 217377        0.0263    29        0.0273        0.0242 14679099   11.35%
 292223 218065        0.0270    18        0.0273        0.0242 14725721   11.35%
 292995 218624        0.0243    45        0.0273        0.0242 14766343   11.35%
 293960 219659        0.0271    32        0.0273        0.0242 14828939   11.35%
 294765 220527        0.0256    33        0.0273        0.0242 14881824   11.35%
 295656 221129        0.0260    37        0.0273        0.0242 14918670   11.35%
Elapsed time = 593.39 sec. (713894.88 ticks, tree = 5551.98 MB, solutions = 24)
Nodefile size = 3497.67 MB (2194.15 MB after compression)
 296361 221833        0.0246    50        0.0273        0.0242 14972256   11.35%
 297200 222456        0.0261    44        0.0273        0.0242 15015041   11.35%

Cover cuts applied:  2
Mixed integer rounding cuts applied:  2

Root node processing (before b&c):
  Real time             =    1.22 sec. (1115.14 ticks)
Parallel b&c, 4 threads:
  Real time             =  599.47 sec. (721379.85 ticks)
  Sync time (average)   =   58.73 sec.
  Wait time (average)   =    0.00 sec.
                          ------------
Total (root+branch&cut) =  600.69 sec. (722495.00 ticks)
