Version identifier: 22.2.0.0 | 2026-05-04 | 5dff98e58
CPXPARAM_Read_DataCheck                          1
CPXPARAM_Threads                                 4
CPXPARAM_Parallel                                1
CPXPARAM_RandomSeed                              20260925
CPXPARAM_MIP_Strategy_Search                     1
CPXPARAM_Simplex_Tolerances_Optimality           1.0000000000000001e-09
CPXPARAM_Simplex_Tolerances_Feasibility          1.0000000000000001e-09
CPXPARAM_TimeLimit                               600
CPXPARAM_MIP_Tolerances_AbsMIPGap                1.0000000000000001e-09
CPXPARAM_MIP_Tolerances_Integrality              1.0000000000000001e-09
Legacy callback                                  iLUD
Lazy constraint(s) or lazy constraint/branch callback is present.
    Disabling dual reductions (CPX_PARAM_REDUCE) in presolve.
    Disabling presolve reductions that prevent crushing forms (CPX_PARAM_PREREFORM).
         Disabling repeat represolve because of lazy constraint/incumbent callback.
Warning: Effort level 'CheckFeas' is incompatible with lazy constraint/incumbent callback.
         Effort level increased to 'SolveFixed'.
1 of 1 MIP starts provided solutions.
MIP start 'm1' defined initial solution with objective -0.2262.
Tried aggregator 1 time.
MIP Presolve eliminated 37 rows and 0 columns.
Reduced MIP has 297 rows, 362 columns, and 2153 nonzeros.
Reduced MIP has 174 binaries, 0 generals, 0 SOSs, and 0 indicators.
Presolve time = 0.00 sec. (0.88 ticks)
Probing time = 0.00 sec. (0.08 ticks)
MIP emphasis: balance optimality and feasibility.
MIP search method: traditional branch-and-cut.
Parallel mode: deterministic, using up to 4 threads.
Root relaxation solution time = 0.00 sec. (5.13 ticks)

        Nodes                                         Cuts/
   Node  Left     Objective  IInf  Best Integer    Best Bound    ItCnt     Gap         Variable B NodeID Parent  Depth

*     0+    0                           -0.2262       -0.9684           328.13%
      0     0       -0.2691    32       -0.2262       -0.2691      354   18.95%
      0     0       -0.2658    37       -0.2262       Cuts: 7      429   17.51%
*     0+    0                           -0.2333       -0.2658            13.92%
*     0+    0                           -0.2405       -0.2658            10.53%
*     0+    0                           -0.2476       -0.2658             7.34%
*     0+    0                           -0.2500       -0.2658             6.32%
      0     0  -1.00000e+75     0       -0.2500       -0.2658      429    6.32%
      0     2       -0.2658    37       -0.2500       -0.2658      429    6.32%                        0             0
Elapsed time = 0.06 sec. (49.67 ticks, tree = 0.02 MB, solutions = 5)
*     2+    1                           -0.2571       -0.2649             3.02%
*     3+    2                           -0.2571       -0.2645             2.84%
*   957   345      integral     0       -0.2595       -0.2609     9740    0.54%

Mixed integer rounding cuts applied:  5

Root node processing (before b&c):
  Real time             =    0.06 sec. (49.48 ticks)
Parallel b&c, 4 threads:
  Real time             =    0.47 sec. (181.65 ticks)
  Sync time (average)   =    0.06 sec.
  Wait time (average)   =    0.00 sec.
                          ------------
Total (root+branch&cut) =    0.53 sec. (231.13 ticks)
