Version identifier: 22.2.0.0 | 2026-05-04 | 5dff98e58
CPXPARAM_Read_DataCheck                          1
CPXPARAM_Threads                                 4
CPXPARAM_Parallel                                1
CPXPARAM_RandomSeed                              20260925
CPXPARAM_MIP_Strategy_Search                     1
CPXPARAM_Simplex_Tolerances_Optimality           1.0000000000000001e-09
CPXPARAM_Simplex_Tolerances_Feasibility          1.0000000000000001e-09
CPXPARAM_TimeLimit                               600
CPXPARAM_MIP_Tolerances_AbsMIPGap                1.0000000000000001e-09
CPXPARAM_MIP_Tolerances_Integrality              1.0000000000000001e-09
Legacy callback                                  iLUD
Lazy constraint(s) or lazy constraint/branch callback is present.
    Disabling dual reductions (CPX_PARAM_REDUCE) in presolve.
    Disabling presolve reductions that prevent crushing forms (CPX_PARAM_PREREFORM).
         Disabling repeat represolve because of lazy constraint/incumbent callback.
Warning: Effort level 'CheckFeas' is incompatible with lazy constraint/incumbent callback.
         Effort level increased to 'SolveFixed'.
1 of 1 MIP starts provided solutions.
MIP start 'm1' defined initial solution with objective -0.1982.
Tried aggregator 1 time.
MIP Presolve eliminated 37 rows and 0 columns.
Reduced MIP has 299 rows, 362 columns, and 2165 nonzeros.
Reduced MIP has 174 binaries, 0 generals, 0 SOSs, and 0 indicators.
Presolve time = 0.00 sec. (0.88 ticks)
Probing time = 0.00 sec. (0.08 ticks)
MIP emphasis: balance optimality and feasibility.
MIP search method: traditional branch-and-cut.
Parallel mode: deterministic, using up to 4 threads.
Root relaxation solution time = 0.00 sec. (6.17 ticks)

        Nodes                                         Cuts/
   Node  Left     Objective  IInf  Best Integer    Best Bound    ItCnt     Gap         Variable B NodeID Parent  Depth

*     0+    0                           -0.1982       -0.8120           309.65%
      0     0       -0.2675    27       -0.1982       -0.2675      378   34.98%
      0     0       -0.2651    31       -0.1982       Cuts: 5      420   33.77%
*     0+    0                           -0.2048       -0.2651            29.49%
      0     0       -0.2639    37       -0.2048       Cuts: 7      470   28.87%
*     0+    0                           -0.2095       -0.2639            25.94%
      0     0       -0.2637    36       -0.2095       Cuts: 3      491   25.85%
*     0+    0                           -0.2143       -0.2637            23.06%
*     0+    0                           -0.2357       -0.2637            11.87%
*     0+    0                           -0.2476       -0.2637             6.49%
      0     2       -0.2637    36       -0.2476       -0.2637      491    6.49%                        0             0
Elapsed time = 0.08 sec. (60.07 ticks, tree = 0.02 MB, solutions = 6)
*    10+    3                           -0.2500       -0.2626             5.04%
*    19+    3                           -0.2524       -0.2626             4.04%
*   113    58      integral     0       -0.2530       -0.2613     1964    3.30%            x100 D    105    101     21
*   440+  171                           -0.2536       -0.2592             2.22%
*   530   195      integral     0       -0.2554       -0.2588     6716    1.34%

Flow cuts applied:  3
Mixed integer rounding cuts applied:  5
Gomory fractional cuts applied:  2
User cuts applied:  5

Root node processing (before b&c):
  Real time             =    0.08 sec. (59.88 ticks)
Parallel b&c, 4 threads:
  Real time             =    0.47 sec. (163.31 ticks)
  Sync time (average)   =    0.06 sec.
  Wait time (average)   =    0.00 sec.
                          ------------
Total (root+branch&cut) =    0.55 sec. (223.19 ticks)
