Version identifier: 22.2.0.0 | 2026-05-04 | 5dff98e58
CPXPARAM_Read_DataCheck                          1
CPXPARAM_Threads                                 4
CPXPARAM_Parallel                                1
CPXPARAM_RandomSeed                              20260925
CPXPARAM_Simplex_Tolerances_Optimality           1.0000000000000001e-09
CPXPARAM_Simplex_Tolerances_Feasibility          1.0000000000000001e-09
CPXPARAM_TimeLimit                               600
CPXPARAM_MIP_Tolerances_AbsMIPGap                1.0000000000000001e-09
CPXPARAM_MIP_Tolerances_Integrality              1.0000000000000001e-09
Legacy callback                                  i
1 of 13 MIP starts provided solutions.
MIP start 'm1' defined initial solution with objective 0.0296.
Tried aggregator 1 time.
MIP Presolve eliminated 1350 rows and 2 columns.
MIP Presolve modified 3414 coefficients.
Reduced MIP has 3966 rows, 4686 columns, and 49203 nonzeros.
Reduced MIP has 1164 binaries, 0 generals, 0 SOSs, and 0 indicators.
Presolve time = 0.03 sec. (32.64 ticks)
Probing time = 0.00 sec. (0.68 ticks)
Tried aggregator 1 time.
Detecting symmetries...
Reduced MIP has 3966 rows, 4686 columns, and 49203 nonzeros.
Reduced MIP has 1164 binaries, 0 generals, 0 SOSs, and 0 indicators.
Presolve time = 0.02 sec. (20.15 ticks)
Probing time = 0.00 sec. (0.77 ticks)
MIP emphasis: balance optimality and feasibility.
MIP search method: dynamic search.
Parallel mode: deterministic, using up to 4 threads.
Root relaxation solution time = 0.08 sec. (99.13 ticks)

        Nodes                                         Cuts/
   Node  Left     Objective  IInf  Best Integer    Best Bound    ItCnt     Gap

*     0+    0                            0.0296        0.0000           100.00%
      0     0        0.0240    75        0.0296        0.0240     1538   19.03%
      0     0        0.0240    75        0.0296       Cuts: 8     1590   19.03%
      0     0        0.0240    79        0.0296       Cuts: 9     1797   18.98%
      0     0        0.0240    85        0.0296    MIRcuts: 9     1900   18.93%
      0     2        0.0240    83        0.0296        0.0243     1900   18.12%
Elapsed time = 2.59 sec. (2407.87 ticks, tree = 0.02 MB, solutions = 1)
     17    19        0.0253    72        0.0296        0.0243     3465   18.12%
     30     3        0.0240    83        0.0296        0.0243     1937   18.12%
     65    54        0.0259    80        0.0296        0.0243     6544   18.12%
    120   104        0.0253    64        0.0296        0.0243    11288   18.12%
    179   135        0.0274    62        0.0296        0.0243    14886   18.12%
    210   178        0.0285    50        0.0296        0.0243    18886   18.12%
    290   243        0.0269    73        0.0296        0.0243    23224   18.12%
*   302+  242                            0.0296        0.0243            18.12%
    344   300        0.0261    57        0.0296        0.0243    26853   18.12%
    366   318        0.0245    64        0.0296        0.0243    29408   18.12%
    575   456        0.0253    72        0.0296        0.0243    45852   18.12%
Elapsed time = 5.59 sec. (5647.21 ticks, tree = 1.29 MB, solutions = 2)
    875   754        0.0270    38        0.0296        0.0243    71623   18.12%
   1126   961        0.0261    87        0.0296        0.0243    89512   18.12%

Performing restart 1

Repeating presolve.
Tried aggregator 1 time.
Reduced MIP has 3966 rows, 4686 columns, and 49203 nonzeros.
Reduced MIP has 1164 binaries, 0 generals, 0 SOSs, and 0 indicators.
Presolve time = 0.02 sec. (13.86 ticks)
Tried aggregator 1 time.
Reduced MIP has 3966 rows, 4686 columns, and 49203 nonzeros.
Reduced MIP has 1164 binaries, 0 generals, 0 SOSs, and 0 indicators.
Presolve time = 0.02 sec. (20.43 ticks)
Represolve time = 0.05 sec. (40.26 ticks)
   1206     0        0.0241    89        0.0296       Cuts: 8   105964   18.12%
   1206     0        0.0241    94        0.0296       Cuts: 5   106008   18.12%
   1206     0        0.0241    89        0.0296    MIRcuts: 5   106035   18.12%
   1206     0        0.0241    88        0.0296       Cuts: 7   106280   18.12%
   1206     0        0.0241    89        0.0296    MIRcuts: 3   106407   18.12%
   1206     0        0.0242    87        0.0296    MIRcuts: 1   106455   18.12%
   1206     0        0.0242    81        0.0296    MIRcuts: 2   106520   18.12%
   1206     0        0.0242    81        0.0296      Fract: 1   106529   18.12%
   1206     2        0.0242    81        0.0296        0.0243   106529   18.12%
   1214     3        0.0242    87        0.0296        0.0243   106688   18.12%
   1329    85        0.0263    79        0.0296        0.0243   111423   18.12%
   1428   171        0.0268    68        0.0296        0.0243   116778   18.12%
   1561   295        cutoff              0.0296        0.0243   129682   18.12%
   1732   473        0.0248    80        0.0296        0.0243   141305   18.12%
   1932   616        0.0246    87        0.0296        0.0243   153012   18.12%
   2175   792        0.0284    73        0.0296        0.0243   169364   18.01%
Elapsed time = 16.28 sec. (18488.21 ticks, tree = 5.66 MB, solutions = 2)
   2455  1085        0.0290    31        0.0296        0.0243   192976   17.87%
   2741  1358        0.0248    84        0.0296        0.0244   210671   17.76%
   2986  1593        0.0264    73        0.0296        0.0244   223762   17.69%
   3345  1826        0.0284    65        0.0296        0.0244   240932   17.66%
   3663  2247        0.0270    61        0.0296        0.0244   269853   17.60%
   4008  2433        0.0248    81        0.0296        0.0244   281473   17.60%
   4363  2795        0.0284    31        0.0296        0.0244   306388   17.55%
   4635  3079        0.0282    80        0.0296        0.0244   329776   17.54%
   4934  3355        0.0245    90        0.0296        0.0244   347059   17.53%
   5247  3607        0.0288    50        0.0296        0.0244   360803   17.53%
Elapsed time = 23.61 sec. (28047.40 ticks, tree = 10.82 MB, solutions = 2)
   5571  3869        0.0281    63        0.0296        0.0245   378268   17.48%
   5888  4229        cutoff              0.0296        0.0245   398988   17.46%
   6308  4433        0.0271    50        0.0296        0.0245   412696   17.43%
   6594  4835        0.0290    83        0.0296        0.0245   437830   17.43%
   6904  5196        0.0261    80        0.0296        0.0245   465889   17.40%
   7206  5430        0.0265    72        0.0296        0.0245   483535   17.40%
   7566  5710        0.0268    76        0.0296        0.0245   504542   17.39%
   7896  5977        0.0266    69        0.0296        0.0245   518324   17.38%
   8220  6222        0.0295    60        0.0296        0.0245   532102   17.36%
   8543  6629        0.0283    61        0.0296        0.0245   558906   17.35%
Elapsed time = 30.98 sec. (37621.07 ticks, tree = 16.54 MB, solutions = 2)
   8927  7025        0.0246    84        0.0296        0.0245   583025   17.34%
   9239  7302        0.0260    69        0.0296        0.0245   605263   17.33%
   9570  7428        0.0273    67        0.0296        0.0245   618169   17.33%
   9903  7797        0.0256    76        0.0296        0.0245   641001   17.33%
  10346  8154        0.0264    56        0.0296        0.0245   665857   17.32%
  10722  8609        0.0288    31        0.0296        0.0245   685218   17.32%
  11183  8868        0.0286    19        0.0296        0.0245   694692   17.31%
  11594  9379        0.0277    71        0.0296        0.0245   710590   17.30%
  12055  9898        0.0262    71        0.0296        0.0245   738613   17.28%
  12383 10277        0.0282    64        0.0296        0.0245   769498   17.28%
Elapsed time = 38.28 sec. (47181.50 ticks, tree = 23.49 MB, solutions = 2)
  12767 10413        0.0270    75        0.0296        0.0245   779651   17.26%
  13211 10723        0.0262    78        0.0296        0.0245   799900   17.25%
  13555 11276        0.0282    72        0.0296        0.0245   834912   17.25%
  13837 11390        0.0270    66        0.0296        0.0245   841992   17.25%
  14201 11823        0.0293    57        0.0296        0.0245   863997   17.24%
  14572 12332        0.0256    81        0.0296        0.0245   893878   17.24%
  14883 12628        0.0283    58        0.0296        0.0245   920692   17.23%
  15291 12954        0.0295    56        0.0296        0.0245   940795   17.23%
  15665 13357        0.0274    51        0.0296        0.0245   964423   17.21%
  16184 13511        0.0290    51        0.0296        0.0245   973359   17.21%
Elapsed time = 45.53 sec. (56743.91 ticks, tree = 29.25 MB, solutions = 2)
  16534 13900        0.0261    82        0.0296        0.0245   996069   17.20%
  16960 14332        0.0249    74        0.0296        0.0245  1022197   17.20%
  17274 14641        0.0290    37        0.0296        0.0245  1043607   17.19%
  17647 14991        0.0286    68        0.0296        0.0245  1069563   17.18%
  18077 15207        0.0270    70        0.0296        0.0245  1083263   17.18%
  18633 15448        0.0278    66        0.0296        0.0245  1096483   17.17%
  19206 16028        0.0279    66        0.0296        0.0245  1126285   17.16%
  19660 16985        0.0252    71        0.0296        0.0246  1175764   17.15%
  19973 17055        0.0293    35        0.0296        0.0246  1183273   17.15%
  20255 17488        0.0286    71        0.0296        0.0246  1216661   17.15%
Elapsed time = 52.88 sec. (66301.54 ticks, tree = 37.11 MB, solutions = 2)
  20572 17696        0.0279    30        0.0296        0.0246  1232185   17.15%
  21112 18338        0.0286    29        0.0296        0.0246  1266570   17.15%
  21563 18623        0.0284    58        0.0296        0.0246  1279994   17.14%
  22054 18757        0.0283    68        0.0296        0.0246  1287260   17.14%
  22499 19550        0.0254    75        0.0296        0.0246  1327190   17.13%
  22803 19876        0.0264    70        0.0296        0.0246  1351670   17.12%
  23164 19834        0.0288    68        0.0296        0.0246  1348937   17.12%
  23533 20665        0.0292    49        0.0296        0.0246  1403803   17.11%
  23971 20911        0.0281    70        0.0296        0.0246  1421541   17.11%
  24278 21533        0.0255    72        0.0296        0.0246  1456803   17.11%
Elapsed time = 60.62 sec. (75862.47 ticks, tree = 44.89 MB, solutions = 2)
  24477 21637        0.0256    82        0.0296        0.0246  1463767   17.11%
  24614 21740        0.0280    40        0.0296        0.0246  1471288   17.11%
  24765 21881        0.0288    52        0.0296        0.0246  1480254   17.11%
  24960 22073        0.0280    68        0.0296        0.0246  1496775   17.11%
  25092 22173        0.0272    78        0.0296        0.0246  1503147   17.11%
* 25180+21265                            0.0295        0.0246            16.67%
* 25220+21265                            0.0295        0.0246            16.62%
  25321 22389        0.0258    83        0.0295        0.0246  1517359   16.62%
  25575 22550        0.0267    84        0.0295        0.0246  1527497   16.62%
  25803 22935        0.0290    52        0.0295        0.0246  1549787   16.62%
* 26012+21119                            0.0294        0.0246            16.49%
  26018 23068        0.0273    74        0.0294        0.0246  1559640   16.49%
  26183 23166        0.0262    74        0.0294        0.0246  1566472   16.49%
Elapsed time = 68.67 sec. (85451.44 ticks, tree = 47.90 MB, solutions = 2)
  26338 23443        0.0253    79        0.0294        0.0246  1587434   16.49%
  26564 23488        0.0281    69        0.0294        0.0246  1586030   16.49%
  26756 23668        0.0255    80        0.0294        0.0246  1597549   16.49%
* 26937+21119                            0.0294        0.0246            16.34%
  27009 23922        0.0249    87        0.0294        0.0246  1612339   16.34%
  27204 24133        0.0287    38        0.0294        0.0246  1629635   16.34%
  27395 24259        0.0277    30        0.0294        0.0246  1635636   16.34%
  27701 24575        0.0261    79        0.0294        0.0246  1647762   16.34%
  27930 24969        0.0268    74        0.0294        0.0246  1667713   16.34%
  28136 24847        0.0285    74        0.0294        0.0246  1668326   16.34%
  28930 25764        0.0289    71        0.0294        0.0246  1713256   16.34%
Elapsed time = 79.44 sec. (97871.62 ticks, tree = 52.67 MB, solutions = 2)
  29749 26456        0.0281    71        0.0294        0.0246  1759333   16.34%
  30569 27453        0.0270    82        0.0294        0.0246  1816903   16.34%
  31427 27998        0.0246    83        0.0294        0.0246  1846336   16.34%
  32220 28896        0.0269    68        0.0294        0.0246  1906696   16.34%
  32935 29524        0.0269    72        0.0294        0.0246  1950029   16.34%
  33914 30443        0.0254    81        0.0294        0.0246  2001682   16.34%
  34656 31126        0.0287    59        0.0294        0.0246  2046245   16.34%
  35473 31913        0.0271    74        0.0294        0.0246  2099874   16.34%
  36630 31710        0.0291    69        0.0294        0.0246  2166066   16.23%
* 36913+31961                            0.0292        0.0246            15.78%
  38142 31725        0.0255    78        0.0292        0.0246  2235537   15.78%
Elapsed time = 110.61 sec. (136062.76 ticks, tree = 62.96 MB, solutions = 9)
  39995 33531        0.0285    68        0.0292        0.0246  2342718   15.77%
  41770 35121        0.0280    60        0.0292        0.0246  2432442   15.76%
  43450 36684        0.0291    53        0.0292        0.0246  2526674   15.75%
  45039 38513        0.0273    50        0.0292        0.0246  2639355   15.74%
  46449 39829        0.0251    72        0.0292        0.0246  2737234   15.73%
  48148 41332        0.0260    84        0.0292        0.0246  2841504   15.72%
  49775 42694        0.0291    66        0.0292        0.0246  2919028   15.71%
  51461 44525        0.0258    76        0.0292        0.0246  3027940   15.71%
  52943 45830        0.0287    65        0.0292        0.0246  3118149   15.70%
  54555 47430        0.0265    81        0.0292        0.0246  3229722   15.70%
Elapsed time = 140.27 sec. (174226.59 ticks, tree = 93.05 MB, solutions = 9)
  56322 49065        0.0283    78        0.0292        0.0246  3327144   15.69%
  57866 50423        0.0276    32        0.0292        0.0246  3413977   15.68%
  59639 52217        0.0283    64        0.0292        0.0246  3520783   15.68%
  61273 53683        0.0279    77        0.0292        0.0246  3605387   15.67%
  63010 55429        0.0280    58        0.0292        0.0246  3718224   15.66%
  64457 56898        0.0288    60        0.0292        0.0246  3816916   15.66%
  65990 58416        0.0277    68        0.0292        0.0246  3918681   15.65%
  67967 60026        0.0291    54        0.0292        0.0246  4012228   15.65%
  69420 61641        0.0261    68        0.0292        0.0246  4107418   15.65%
  71179 63192        0.0251    80        0.0292        0.0246  4199383   15.64%
Elapsed time = 168.94 sec. (212403.77 ticks, tree = 121.74 MB, solutions = 9)
  72885 64777        0.0252    68        0.0292        0.0246  4302361   15.64%
  74475 65988        0.0265    70        0.0292        0.0246  4384106   15.63%
  76281 68043        0.0287    70        0.0292        0.0246  4510847   15.63%
  77962 69617        0.0275    53        0.0292        0.0246  4611037   15.62%
  79637 71141        0.0276    69        0.0292        0.0246  4706517   15.61%
  81210 72384        0.0277    70        0.0292        0.0246  4765606   15.60%
  82812 73643        0.0278    69        0.0292        0.0246  4832835   15.60%
  84386 75456        0.0274    63        0.0292        0.0247  4953211   15.60%
  85990 77050        0.0280    73        0.0292        0.0247  5051684   15.59%
  87888 78777        0.0248    82        0.0292        0.0247  5151260   15.59%
Elapsed time = 198.47 sec. (250564.43 ticks, tree = 237.39 MB, solutions = 9)
  89465 80201        0.0268    71        0.0292        0.0247  5243071   15.58%
  91260 81813        0.0268    66        0.0292        0.0247  5350469   15.58%

Performing restart 2

Repeating presolve.
Tried aggregator 1 time.
Reduced MIP has 3966 rows, 4686 columns, and 49203 nonzeros.
Reduced MIP has 1164 binaries, 0 generals, 0 SOSs, and 0 indicators.
Presolve time = 0.00 sec. (13.86 ticks)
Tried aggregator 1 time.
Reduced MIP has 3966 rows, 4686 columns, and 49203 nonzeros.
Reduced MIP has 1164 binaries, 0 generals, 0 SOSs, and 0 indicators.
Presolve time = 0.02 sec. (20.43 ticks)
Represolve time = 0.05 sec. (45.44 ticks)
  92194     0        0.0242    85        0.0292       Cuts: 3  5441140   15.57%
  92194     0        0.0242    85        0.0292    MIRcuts: 1  5441141   15.57%
  92194     0        0.0242    88        0.0292    MIRcuts: 1  5441193   15.57%
  92194     2        0.0242    88        0.0292        0.0247  5441193   15.57%
  92289    67        0.0253    81        0.0292        0.0247  5445211   15.57%
  92651   397        0.0246    87        0.0292        0.0247  5468195   15.57%
  93330  1003        0.0281    72        0.0292        0.0247  5519141   15.57%
  94536  2012        0.0281    65        0.0292        0.0247  5566726   15.57%
  95856  3244        0.0289    57        0.0292        0.0247  5632582   15.57%
  97541  4698        0.0257    69        0.0292        0.0247  5698727   15.57%
  98862  5931        0.0248    87        0.0292        0.0247  5760385   15.57%
Elapsed time = 230.58 sec. (290506.50 ticks, tree = 57.86 MB, solutions = 9)
 100320  7251        0.0281    64        0.0292        0.0247  5819844   15.57%
 102023  8748        0.0260    56        0.0292        0.0247  5885551   15.57%
 103745 10422        0.0249    90        0.0292        0.0247  5957844   15.57%
 105238 11673        0.0291    59        0.0292        0.0247  6012403   15.57%
 106852 13166        0.0290    65        0.0292        0.0247  6082239   15.57%
 108265 14422        0.0291    30        0.0292        0.0247  6139961   15.57%
 109650 15718        0.0283    63        0.0292        0.0247  6204235   15.57%
 111191 16884        0.0252    72        0.0292        0.0247  6255928   15.57%
 112718 18723        0.0252    80        0.0292        0.0247  6328465   15.57%
 114256 20018        0.0284    54        0.0292        0.0247  6381683   15.57%
Elapsed time = 262.14 sec. (328671.16 ticks, tree = 406.46 MB, solutions = 9)
 115837 21468        0.0271    55        0.0292        0.0247  6450694   15.57%
 117305 22595        0.0283    68        0.0292        0.0247  6508893   15.57%
 118854 24142        0.0276    61        0.0292        0.0247  6576214   15.57%
 120364 25574        0.0249    87        0.0292        0.0247  6641843   15.57%
 122072 27101        0.0257    70        0.0292        0.0247  6711104   15.56%
 123833 28542        0.0279    49        0.0292        0.0247  6772143   15.55%
 125243 29998        0.0260    71        0.0292        0.0247  6835709   15.54%
 126922 31381        0.0248    86        0.0292        0.0247  6904515   15.52%
 128498 33224        0.0277    61        0.0292        0.0247  6989167   15.51%
 130019 34617        0.0277    38        0.0292        0.0247  7054773   15.50%
Elapsed time = 294.88 sec. (366839.87 ticks, tree = 842.45 MB, solutions = 9)
 131637 35501        cutoff              0.0292        0.0247  7100987   15.49%
 133097 37368        0.0267    60        0.0292        0.0247  7190692   15.48%
 134570 38663        0.0251    84        0.0292        0.0247  7252115   15.47%
 136248 40112        0.0248    87        0.0292        0.0247  7319890   15.46%
 137787 41515        0.0284    47        0.0292        0.0247  7383944   15.45%
 139221 43014        0.0282    59        0.0292        0.0247  7456515   15.44%
 140686 44278        0.0252    75        0.0292        0.0247  7511579   15.44%
 142467 45934        0.0279    36        0.0292        0.0247  7585372   15.44%
 143958 47385        0.0284    25        0.0292        0.0247  7642392   15.43%
 145781 49083        0.0273    71        0.0292        0.0247  7722341   15.42%
Elapsed time = 326.41 sec. (405001.65 ticks, tree = 1238.94 MB, solutions = 9)
 147366 50283        0.0285    58        0.0292        0.0247  7778842   15.42%
 148828 51926        0.0275    78        0.0292        0.0247  7858608   15.41%
 150615 53381        0.0268    74        0.0292        0.0247  7923160   15.41%
 152261 54768        0.0268    64        0.0292        0.0247  7981647   15.40%
 153789 56484        0.0249    89        0.0292        0.0247  8051334   15.39%
 155430 58120        0.0266    71        0.0292        0.0247  8127455   15.39%
 157109 59626        0.0262    76        0.0292        0.0247  8192830   15.38%
 158815 60969        0.0279    68        0.0292        0.0247  8257014   15.37%
 160306 62760        0.0283    67        0.0292        0.0247  8336006   15.37%
 161957 64205        0.0283    51        0.0292        0.0247  8398080   15.36%
Elapsed time = 355.89 sec. (443162.49 ticks, tree = 1711.95 MB, solutions = 9)
 163665 65707        0.0284    54        0.0292        0.0247  8471683   15.36%
 165360 67111        0.0249    87        0.0292        0.0247  8530069   15.36%
 167087 69164        0.0291    42        0.0292        0.0247  8622894   15.35%
 168535 70101        0.0290    55        0.0292        0.0247  8666722   15.35%
 170158 71629        0.0280    27        0.0292        0.0247  8733832   15.34%
 171886 73580        0.0281    64        0.0292        0.0247  8823645   15.34%
 173814 75054        0.0284    31        0.0292        0.0247  8879002   15.34%
 175447 76640        0.0253    84        0.0292        0.0247  8945040   15.33%
 176865 78247        0.0280    72        0.0292        0.0247  9024883   15.33%
 178387 79513        0.0285    68        0.0292        0.0247  9082502   15.32%
Elapsed time = 390.16 sec. (481329.75 ticks, tree = 2132.27 MB, solutions = 9)
Nodefile size = 78.96 MB (53.54 MB after compression)
 179890 80938        0.0285    38        0.0292        0.0247  9147589   15.32%
 181501 82421        0.0268    70        0.0292        0.0247  9222121   15.32%
 183107 83849        0.0289    45        0.0292        0.0247  9283295   15.31%
 184552 85124        0.0282    70        0.0292        0.0247  9343134   15.31%
 185925 86497        0.0258    89        0.0292        0.0247  9408935   15.31%
 187404 87766        0.0255    84        0.0292        0.0247  9474064   15.30%
 188910 89175        0.0290    53        0.0292        0.0247  9541207   15.30%
 190610 90918        0.0253    78        0.0292        0.0247  9615480   15.30%
 192342 92308        0.0289    28        0.0292        0.0247  9677981   15.29%
 193955 93849        0.0267    70        0.0292        0.0247  9745003   15.29%
Elapsed time = 427.69 sec. (519512.45 ticks, tree = 2572.05 MB, solutions = 9)
Nodefile size = 516.77 MB (348.27 MB after compression)
 195335 95306        0.0285    51        0.0292        0.0247  9810677   15.28%
 197010 97122        0.0271    79        0.0292        0.0247  9893393   15.28%
 198640 98362        0.0283    54        0.0292        0.0247  9951621   15.28%
 200227 99843        0.0267    42        0.0292        0.0247 10026310   15.28%
 201979 101543        0.0254    78        0.0292        0.0247 10092930   15.27%
 203454 102749        0.0262    76        0.0292        0.0247 10150226   15.27%
 205044 104264        0.0250    85        0.0292        0.0247 10209925   15.27%
 206622 105493        0.0272    63        0.0292        0.0247 10270057   15.27%
 208142 107315        0.0270    60        0.0292        0.0247 10355347   15.26%
 209893 109055        0.0290    64        0.0292        0.0248 10429097   15.26%
Elapsed time = 465.12 sec. (557684.53 ticks, tree = 2966.26 MB, solutions = 9)
Nodefile size = 914.02 MB (613.74 MB after compression)
 211488 110581        0.0278    31        0.0292        0.0248 10497353   15.25%
 213063 112072        0.0278    38        0.0292        0.0248 10564291   15.25%
*214078+112512                            0.0292        0.0248            15.13%
 214560 112896        0.0276    67        0.0292        0.0248 10621351   15.13%
 216121 114617        0.0274    67        0.0292        0.0248 10701431   15.13%
 217720 116106        0.0283    46        0.0292        0.0248 10766933   15.13%
 219225 117104        0.0288    69        0.0292        0.0248 10813892   15.12%
 220811 118700        0.0278    62        0.0292        0.0248 10891230   15.12%
*222370+119761                            0.0291        0.0248            15.02%
*222374+119754                            0.0288        0.0248            14.19%
 222613 114240        0.0262    71        0.0288        0.0248 10973818   14.19%
*223118+114559                            0.0285        0.0248            13.19%
*223121+114559                            0.0285        0.0248            13.04%
 224065 100691        0.0283    50        0.0285        0.0248 11037461   13.04%
 225557 102070        0.0281    60        0.0285        0.0248 11105652   13.04%
Elapsed time = 502.47 sec. (595853.52 ticks, tree = 2802.81 MB, solutions = 14)
Nodefile size = 749.34 MB (499.99 MB after compression)
 227094 103706        0.0249    82        0.0285        0.0248 11190546   13.04%
 228652 105119        0.0274    48        0.0285        0.0248 11260430   13.04%
 230229 106086        0.0281    49        0.0285        0.0248 11311256   13.03%
 231612 107669        0.0248    84        0.0285        0.0248 11389727   13.03%
 233334 109092        0.0270    71        0.0285        0.0248 11461945   13.03%
 235014 110551        0.0267    71        0.0285        0.0248 11531868   13.03%
 236584 111830        0.0250    79        0.0285        0.0248 11592190   13.02%
 237982 113528        0.0248    88        0.0285        0.0248 11679662   13.02%
 239445 115022        0.0279    51        0.0285        0.0248 11755976   13.02%
 241092 116185        0.0252    88        0.0285        0.0248 11818735   13.01%
Elapsed time = 539.55 sec. (634018.29 ticks, tree = 3205.98 MB, solutions = 14)
Nodefile size = 1147.83 MB (765.48 MB after compression)
 241945 117310        0.0281    65        0.0285        0.0248 11878231   13.01%
 242594 117623        0.0273    66        0.0285        0.0248 11891996   13.01%
*242734+118173                            0.0284        0.0248            12.90%
 243408 117109        0.0263    69        0.0284        0.0248 11951122   12.90%
 244187 117541        0.0279    66        0.0284        0.0248 11974963   12.90%
 244909 118555        0.0274    57        0.0284        0.0248 12018088   12.90%
 245631 119202        0.0280    57        0.0284        0.0248 12053420   12.90%
 246347 119903        0.0276    65        0.0284        0.0248 12093051   12.90%
 247104 120633        0.0256    68        0.0284        0.0248 12130883   12.90%
 247950 121131        0.0258    86        0.0284        0.0248 12158313   12.90%
 248751 121969        cutoff              0.0284        0.0248 12200998   12.89%
Elapsed time = 575.20 sec. (672293.87 ticks, tree = 3401.51 MB, solutions = 15)
Nodefile size = 1346.82 MB (897.93 MB after compression)
 249546 122730        0.0271    80        0.0284        0.0248 12236408   12.89%
*249894+123028                            0.0284        0.0248            12.84%
 250239 122415        0.0273    44        0.0284        0.0248 12275339   12.84%
 250903 123029        0.0263    64        0.0284        0.0248 12304369   12.84%
 251723 123776        0.0279    44        0.0284        0.0248 12340160   12.84%
 252478 124625        0.0256    80        0.0284        0.0248 12381194   12.83%
 253344 125366        0.0251    78        0.0284        0.0248 12418536   12.83%
 254200 126082        0.0284    70        0.0284        0.0248 12461351   12.83%

Mixed integer rounding cuts applied:  33
Lift and project cuts applied:  1
Gomory fractional cuts applied:  8

Root node processing (before b&c):
  Real time             =    2.59 sec. (2406.09 ticks)
Parallel b&c, 4 threads:
  Real time             =  598.11 sec. (698362.11 ticks)
  Sync time (average)   =   37.48 sec.
  Wait time (average)   =    0.01 sec.
                          ------------
Total (root+branch&cut) =  600.70 sec. (700768.20 ticks)
