Version identifier: 22.2.0.0 | 2026-05-04 | 5dff98e58
CPXPARAM_Read_DataCheck                          1
CPXPARAM_Threads                                 4
CPXPARAM_Parallel                                1
CPXPARAM_RandomSeed                              20260925
CPXPARAM_MIP_Strategy_Search                     1
CPXPARAM_Simplex_Tolerances_Optimality           1.0000000000000001e-09
CPXPARAM_Simplex_Tolerances_Feasibility          1.0000000000000001e-09
CPXPARAM_TimeLimit                               600
CPXPARAM_MIP_Tolerances_AbsMIPGap                1.0000000000000001e-09
CPXPARAM_MIP_Tolerances_Integrality              1.0000000000000001e-09
Legacy callback                                  iLUD
Lazy constraint(s) or lazy constraint/branch callback is present.
    Disabling dual reductions (CPX_PARAM_REDUCE) in presolve.
    Disabling presolve reductions that prevent crushing forms (CPX_PARAM_PREREFORM).
         Disabling repeat represolve because of lazy constraint/incumbent callback.
Warning: Effort level 'CheckFeas' is incompatible with lazy constraint/incumbent callback.
         Effort level increased to 'SolveFixed'.
1 of 1 MIP starts provided solutions.
MIP start 'm1' defined initial solution with objective 0.0596.
Tried aggregator 1 time.
MIP Presolve eliminated 3106 rows and 0 columns.
Reduced MIP has 1469 rows, 2432 columns, and 13759 nonzeros.
Reduced MIP has 1200 binaries, 0 generals, 0 SOSs, and 0 indicators.
Presolve time = 0.00 sec. (11.36 ticks)
Probing time = 0.00 sec. (0.24 ticks)
MIP emphasis: balance optimality and feasibility.
MIP search method: traditional branch-and-cut.
Parallel mode: deterministic, using up to 4 threads.
Root relaxation solution time = 0.03 sec. (27.31 ticks)

        Nodes                                         Cuts/
   Node  Left     Objective  IInf  Best Integer    Best Bound    ItCnt     Gap         Variable B NodeID Parent  Depth

*     0+    0                            0.0596        0.0000           100.00%
      0     0        0.0522    12        0.0596        0.0522      875   12.42%
*     0+    0                            0.0565        0.0522             7.61%
      0     0  -1.00000e+75     0        0.0565        0.0522      875    7.61%
      0     2        0.0522    10        0.0565        0.0522      875    7.61%                        0             0
Elapsed time = 0.31 sec. (188.24 ticks, tree = 0.02 MB, solutions = 2)
*     8+    2                            0.0565        0.0522             7.60%
*    72+   39                            0.0553        0.0522             5.56%
    190   112        0.0550     6        0.0553        0.0532     5325    3.68%            x330 U    210    198     25
*   438+  245                            0.0553        0.0536             2.98%
*   451   237      integral     0        0.0553        0.0536    11986    2.96%
*   530+  278                            0.0553        0.0536             2.92%
    615   343        0.0547    21        0.0553        0.0536    15788    2.92%            x180 U    677     47     12
*   841+  476                            0.0553        0.0540             2.25%
   1146   728        0.0552    12        0.0553        0.0544    25640    1.53%            x732 U   1051   1043     13
   1786   957        0.0552    16        0.0553        0.0547    35105    0.97%           x1013 D   1584   1580     20
   2389  1193        0.0552    10        0.0553        0.0547    46975    0.93%           x1001 D   2164   2160     17
   2965  1291        0.0552    16        0.0553        0.0548    62742    0.88%           x1007 D   3106   3102     21
   3538  1195        0.0549    12        0.0553        0.0548    74130    0.82%           x1019 D   3459   3455     15
   4412  1329        cutoff              0.0553        0.0549    86856    0.71%           x1019 D   4303   4299     34
   5362  1110        0.0550    17        0.0553        0.0550   102005    0.48%            x995 D   5633   5629     22
  10263   207        0.0552    17        0.0553        0.0552   131742    0.07%           x1013 U  10705   2187     27
Elapsed time = 11.39 sec. (3290.80 ticks, tree = 0.25 MB, solutions = 9)

Cover cuts applied:  3

Root node processing (before b&c):
  Real time             =    0.31 sec. (187.47 ticks)
Parallel b&c, 4 threads:
  Real time             =   11.12 sec. (3146.64 ticks)
  Sync time (average)   =    0.81 sec.
  Wait time (average)   =    0.00 sec.
                          ------------
Total (root+branch&cut) =   11.44 sec. (3334.11 ticks)
