Version identifier: 22.2.0.0 | 2026-05-04 | 5dff98e58
CPXPARAM_Read_DataCheck                          1
CPXPARAM_Threads                                 4
CPXPARAM_Parallel                                1
CPXPARAM_RandomSeed                              20260925
CPXPARAM_Simplex_Tolerances_Optimality           1.0000000000000001e-09
CPXPARAM_Simplex_Tolerances_Feasibility          1.0000000000000001e-09
CPXPARAM_TimeLimit                               600
CPXPARAM_MIP_Tolerances_AbsMIPGap                1.0000000000000001e-09
CPXPARAM_MIP_Tolerances_Integrality              1.0000000000000001e-09
Legacy callback                                  i
1 of 7 MIP starts provided solutions.
MIP start 'm1' defined initial solution with objective 0.0000.
Tried aggregator 2 times.
MIP Presolve eliminated 70 rows and 1 columns.
MIP Presolve modified 300 coefficients.
Aggregator did 1 substitutions.
Reduced MIP has 376 rows, 396 columns, and 2079 nonzeros.
Reduced MIP has 96 binaries, 0 generals, 0 SOSs, and 0 indicators.
Presolve time = 0.00 sec. (1.55 ticks)
Probing time = 0.00 sec. (0.08 ticks)
Tried aggregator 1 time.
Detecting symmetries...
MIP Presolve modified 66 coefficients.
Reduced MIP has 376 rows, 396 columns, and 2079 nonzeros.
Reduced MIP has 96 binaries, 0 generals, 0 SOSs, and 0 indicators.
Presolve time = 0.00 sec. (0.94 ticks)
Probing time = 0.00 sec. (0.07 ticks)
MIP emphasis: balance optimality and feasibility.
MIP search method: dynamic search.
Parallel mode: deterministic, using up to 4 threads.
Root relaxation solution time = 0.00 sec. (6.62 ticks)

        Nodes                                         Cuts/
   Node  Left     Objective  IInf  Best Integer    Best Bound    ItCnt     Gap

*     0+    0                            0.0000       -0.7709              --- 
      0     0       -0.2952    31        0.0000       -0.2952      478     --- 
      0     0       -0.2660    37        0.0000      Cuts: 29      680     --- 
      0     0       -0.2551    39        0.0000      Cuts: 34      774     --- 
      0     0       -0.2414    44        0.0000   MIRcuts: 19      900     --- 
      0     0       -0.2356    40        0.0000   MIRcuts: 24      994     --- 
      0     0       -0.2320    36        0.0000   MIRcuts: 18     1060     --- 
Detecting symmetries...
      0     0       -0.2303    39        0.0000   MIRcuts: 15     1099     --- 
      0     0       -0.2301    35        0.0000    MIRcuts: 7     1121     --- 
      0     0       -0.2299    30        0.0000    MIRcuts: 7     1139     --- 
      0     0       -0.2288    36        0.0000    MIRcuts: 6     1164     --- 
      0     0       -0.2282    29        0.0000    MIRcuts: 7     1188     --- 
*     0+    0                           -0.2171       -0.2282             5.13%
      0     0       -0.2277    29       -0.2171    MIRcuts: 3     1198    4.92%
      0     0       -0.2277    31       -0.2171    MIRcuts: 1     1200    4.92%
Detecting symmetries...
      0     2       -0.2277    29       -0.2171       -0.2272     1200    4.68%
Elapsed time = 0.11 sec. (99.92 ticks, tree = 0.02 MB, solutions = 2)

Mixed integer rounding cuts applied:  99
Lift and project cuts applied:  8
Gomory fractional cuts applied:  5

Root node processing (before b&c):
  Real time             =    0.11 sec. (99.62 ticks)
Parallel b&c, 4 threads:
  Real time             =    0.03 sec. (24.13 ticks)
  Sync time (average)   =    0.00 sec.
  Wait time (average)   =    0.00 sec.
                          ------------
Total (root+branch&cut) =    0.14 sec. (123.75 ticks)
