Version identifier: 22.2.0.0 | 2026-05-04 | 5dff98e58
CPXPARAM_Read_DataCheck                          1
CPXPARAM_Threads                                 4
CPXPARAM_Parallel                                1
CPXPARAM_RandomSeed                              20260925
CPXPARAM_MIP_Strategy_Search                     1
CPXPARAM_Simplex_Tolerances_Optimality           1.0000000000000001e-09
CPXPARAM_Simplex_Tolerances_Feasibility          1.0000000000000001e-09
CPXPARAM_TimeLimit                               600
CPXPARAM_MIP_Tolerances_AbsMIPGap                1.0000000000000001e-09
CPXPARAM_MIP_Tolerances_Integrality              1.0000000000000001e-09
Legacy callback                                  iLUD
Lazy constraint(s) or lazy constraint/branch callback is present.
    Disabling dual reductions (CPX_PARAM_REDUCE) in presolve.
    Disabling presolve reductions that prevent crushing forms (CPX_PARAM_PREREFORM).
         Disabling repeat represolve because of lazy constraint/incumbent callback.
Warning: Effort level 'CheckFeas' is incompatible with lazy constraint/incumbent callback.
         Effort level increased to 'SolveFixed'.
1 of 1 MIP starts provided solutions.
MIP start 'm1' defined initial solution with objective 0.0580.
Tried aggregator 1 time.
MIP Presolve eliminated 3106 rows and 0 columns.
Reduced MIP has 1472 rows, 2432 columns, and 15252 nonzeros.
Reduced MIP has 1200 binaries, 0 generals, 0 SOSs, and 0 indicators.
Presolve time = 0.02 sec. (11.76 ticks)
Probing time = 0.00 sec. (0.27 ticks)
MIP emphasis: balance optimality and feasibility.
MIP search method: traditional branch-and-cut.
Parallel mode: deterministic, using up to 4 threads.
Root relaxation solution time = 0.02 sec. (25.37 ticks)

        Nodes                                         Cuts/
   Node  Left     Objective  IInf  Best Integer    Best Bound    ItCnt     Gap         Variable B NodeID Parent  Depth

*     0+    0                            0.0580        0.0000           100.00%
      0     0        0.0522    11        0.0580        0.0522      815   10.08%
      0     0        0.0522    11        0.0580 UserPurge1: 1      817   10.08%
*     0+    0                            0.0558        0.0522             6.42%
      0     0  -1.00000e+75     0        0.0558        0.0522      817    6.42%
      0     2        0.0522    10        0.0558        0.0522      817    6.42%                        0             0
Elapsed time = 0.56 sec. (201.25 ticks, tree = 0.02 MB, solutions = 2)
*    10+    1                            0.0556        0.0522             6.11%
*    15+    3                            0.0556        0.0522             6.11%
*   101+   64                            0.0554        0.0522             5.86%
*   181   105      integral     0        0.0554        0.0522     4408    5.84%            x876 D    236    232     32
*   247+  150                            0.0554        0.0532             3.93%
*   439+  246                            0.0553        0.0536             3.02%
*   504+  270                            0.0553        0.0536             3.02%
    604   315        0.0548    24        0.0553        0.0540    11503    2.39%            x750 D    601    597     20
*   611+  338                            0.0553        0.0540             2.32%
*   851+  548                            0.0553        0.0540             2.24%
*   877+  520                            0.0553        0.0540             2.23%
   1006   576        cutoff              0.0553        0.0541    20172    2.02%            x660 D   1037   1029     33
   1474   820        0.0549    20        0.0553        0.0543    28290    1.69%            x310 D   1427   1423     27
   1983  1025        0.0552    21        0.0553        0.0546    42796    1.23%           x1128 D   1872   1868     19
   2482  1140        0.0552    25        0.0553        0.0546    51973    1.14%             x11 U   2463   2134     18
*  2530  1140      integral     0        0.0553        0.0547    52875    1.10%            x876 D   2558   2554     13
   3076  1001        0.0552    18        0.0553        0.0548    68990    0.91%            x324 D   3157   3149     15
   3958  1049        0.0549    21        0.0553        0.0549    76553    0.72%            x742 D   4081   4077     29
   6926  1001        0.0550    16        0.0553        0.0549   135999    0.57%            x113 D   6844   6840     41
Elapsed time = 9.58 sec. (3068.89 ticks, tree = 1.31 MB, solutions = 16)
  10591   537        0.0552    23        0.0553        0.0551   185366    0.21%           x1161 D  10462  10458     37

Cover cuts applied:  10

Root node processing (before b&c):
  Real time             =    0.56 sec. (200.60 ticks)
Parallel b&c, 4 threads:
  Real time             =   12.27 sec. (4088.37 ticks)
  Sync time (average)   =    0.90 sec.
  Wait time (average)   =    0.00 sec.
                          ------------
Total (root+branch&cut) =   12.83 sec. (4288.98 ticks)
