Version identifier: 22.2.0.0 | 2026-05-04 | 5dff98e58
CPXPARAM_Read_DataCheck                          1
CPXPARAM_Threads                                 4
CPXPARAM_Parallel                                1
CPXPARAM_RandomSeed                              20260925
CPXPARAM_Simplex_Tolerances_Optimality           1.0000000000000001e-09
CPXPARAM_Simplex_Tolerances_Feasibility          1.0000000000000001e-09
CPXPARAM_TimeLimit                               600
CPXPARAM_MIP_Tolerances_AbsMIPGap                1.0000000000000001e-09
CPXPARAM_MIP_Tolerances_Integrality              1.0000000000000001e-09
Legacy callback                                  i
1 of 4 MIP starts provided solutions.
MIP start 'm1' defined initial solution with objective 0.0000.
Tried aggregator 1 time.
MIP Presolve eliminated 3102 rows and 1 columns.
MIP Presolve modified 3120 coefficients.
Reduced MIP has 3892 rows, 4831 columns, and 38505 nonzeros.
Reduced MIP has 1200 binaries, 0 generals, 0 SOSs, and 0 indicators.
Presolve time = 0.03 sec. (30.88 ticks)
Probing time = 0.00 sec. (0.58 ticks)
Tried aggregator 1 time.
Detecting symmetries...
MIP Presolve modified 120 coefficients.
Reduced MIP has 3892 rows, 4831 columns, and 38505 nonzeros.
Reduced MIP has 1200 binaries, 0 generals, 0 SOSs, and 0 indicators.
Presolve time = 0.02 sec. (26.40 ticks)
Probing time = 0.00 sec. (0.65 ticks)
MIP emphasis: balance optimality and feasibility.
MIP search method: dynamic search.
Parallel mode: deterministic, using up to 4 threads.
Root relaxation solution time = 0.11 sec. (107.67 ticks)

        Nodes                                         Cuts/
   Node  Left     Objective  IInf  Best Integer    Best Bound    ItCnt     Gap

*     0+    0                            0.0000       -1.0000              --- 
      0     0       -0.2389    21        0.0000       -0.2389     2242     --- 
*     0+    0                           -0.2361       -0.2389             1.18%
      0     0       -0.2389    23       -0.2361      Cuts: 35     2596    1.18%
      0     0       -0.2389    19       -0.2361   MIRcuts: 21     3056    1.18%
      0     0       -0.2389    23       -0.2361    MIRcuts: 3     3175    1.18%
      0     2       -0.2389    18       -0.2361       -0.2389     3175    1.18%
Elapsed time = 0.80 sec. (850.14 ticks, tree = 0.02 MB, solutions = 2)
     10     5       -0.2370    24       -0.2361       -0.2389     4855    1.18%
     40    38       -0.2389    18       -0.2361       -0.2389    10995    1.18%
     95    63       -0.2389    22       -0.2361       -0.2389    17742    1.18%
    145   101       -0.2365    22       -0.2361       -0.2389    26328    1.18%
    209   120       -0.2365    23       -0.2361       -0.2389    32012    1.18%
    274   139       -0.2362    28       -0.2361       -0.2389    39482    1.18%
    348   158       -0.2376    23       -0.2361       -0.2389    47500    1.18%
    425   179       -0.2365    29       -0.2361       -0.2389    54979    1.18%
    525   201       -0.2377    24       -0.2361       -0.2389    59640    1.18%
    893   311       -0.2383    23       -0.2361       -0.2389    92836    1.18%
Elapsed time = 3.91 sec. (3997.44 ticks, tree = 4.50 MB, solutions = 2)
   1218   332       -0.2370    23       -0.2361       -0.2370   119694    0.39%
   1526   273       -0.2365    29       -0.2361       -0.2370   146537    0.39%
   1824   316       -0.2365    22       -0.2361       -0.2365   175177    0.17%
   2170   403       -0.2365    24       -0.2361       -0.2365   204063    0.17%
   2423   485       -0.2365    25       -0.2361       -0.2365   229860    0.17%
   2770   496        cutoff             -0.2361       -0.2365   262604    0.17%
   3080   539       -0.2365    30       -0.2361       -0.2365   288425    0.17%
   3480   578       -0.2365    24       -0.2361       -0.2365   319770    0.17%
   3771   596       -0.2362    25       -0.2361       -0.2365   346453    0.17%
   4091   635       -0.2365    34       -0.2361       -0.2365   373304    0.17%
Elapsed time = 12.25 sec. (13565.03 ticks, tree = 13.96 MB, solutions = 2)
   4425   673       -0.2365    21       -0.2361       -0.2365   399638    0.17%
   4787   712       -0.2365    28       -0.2361       -0.2365   429891    0.17%

Performing restart 1

Repeating presolve.
Tried aggregator 1 time.
MIP Presolve eliminated 3 rows and 1 columns.
MIP Presolve modified 1035 coefficients.
Reduced MIP has 3889 rows, 4830 columns, and 38498 nonzeros.
Reduced MIP has 1199 binaries, 0 generals, 0 SOSs, and 0 indicators.
Presolve time = 0.00 sec. (11.55 ticks)
Tried aggregator 1 time.
Reduced MIP has 3889 rows, 4830 columns, and 38498 nonzeros.
Reduced MIP has 1199 binaries, 0 generals, 0 SOSs, and 0 indicators.
Presolve time = 0.02 sec. (25.82 ticks)
Represolve time = 0.03 sec. (43.10 ticks)
   4822     0       -0.2389    36       -0.2361      Cuts: 56   446022    0.17%
   4822     0       -0.2389    19       -0.2361      Cuts: 23   446224    0.17%
   4822     0       -0.2389    26       -0.2361       Cuts: 3   446702    0.17%
   4822     0       -0.2389    20       -0.2361       Cuts: 9   446879    0.17%
   4822     0       -0.2389    23       -0.2361       Cuts: 7   447155    0.17%
   4822     0       -0.2389    23       -0.2361    MIRcuts: 3   447337    0.17%
   4822     2       -0.2389    19       -0.2361       -0.2365   447337    0.17%
   4872    23       -0.2364    30       -0.2361       -0.2365   453635    0.17%
   4963    60       -0.2389    17       -0.2361       -0.2365   473123    0.17%
   5132   116       -0.2389    17       -0.2361       -0.2365   490243    0.17%
   5274   147       -0.2370    23       -0.2361       -0.2365   511126    0.17%
   5473   188       -0.2389    21       -0.2361       -0.2365   547476    0.17%
   5658   206       -0.2373    25       -0.2361       -0.2365   566605    0.17%
   5891   250        cutoff             -0.2361       -0.2365   589994    0.17%
Elapsed time = 24.31 sec. (27314.18 ticks, tree = 4.90 MB, solutions = 2)
   6044   323       -0.2375    27       -0.2361       -0.2365   618704    0.17%
   6296   398       -0.2375    34       -0.2361       -0.2365   640461    0.17%
   6511   449       -0.2375    34       -0.2361       -0.2365   661226    0.17%
   6772   479        cutoff             -0.2361       -0.2365   679595    0.17%
   7071   482       -0.2368    34       -0.2361       -0.2365   703520    0.17%
   7362   484       -0.2370    51       -0.2361       -0.2365   726593    0.17%
   7635   515        cutoff             -0.2361       -0.2365   747345    0.17%
   7928   465       -0.2363    36       -0.2361       -0.2365   765105    0.17%
   8192   437        cutoff             -0.2361       -0.2365   790978    0.17%
   8456   412       -0.2370    49       -0.2361       -0.2365   807842    0.17%
Elapsed time = 32.88 sec. (36895.39 ticks, tree = 8.49 MB, solutions = 2)
   8725   419       -0.2368    27       -0.2361       -0.2365   831771    0.17%
   8960   392       -0.2368    24       -0.2361       -0.2365   856215    0.17%
   9199   403       -0.2368    27       -0.2361       -0.2365   876559    0.17%
   9445   379       -0.2368    24       -0.2361       -0.2365   908691    0.17%
   9664   374       -0.2368    41       -0.2361       -0.2365   919866    0.17%
   9840   387        cutoff             -0.2361       -0.2365   948905    0.17%
  10059   405       -0.2368    33       -0.2361       -0.2365   962374    0.17%
  10303   405       -0.2368    26       -0.2361       -0.2365   985527    0.17%
  10490   423       -0.2368    27       -0.2361       -0.2365  1016221    0.17%
  10705   439       -0.2368    33       -0.2361       -0.2365  1037101    0.17%
Elapsed time = 41.08 sec. (46455.34 ticks, tree = 8.05 MB, solutions = 2)
  10945   443       -0.2368    16       -0.2361       -0.2365  1063188    0.17%
  11184   453        cutoff             -0.2361       -0.2365  1084385    0.17%
  11473   446        cutoff             -0.2361       -0.2365  1103633    0.17%
  11747   470        cutoff             -0.2361       -0.2365  1132662    0.17%
  12016   480       -0.2368    28       -0.2361       -0.2365  1156191    0.17%
  12242   471        cutoff             -0.2361       -0.2365  1177406    0.17%
  12443   465       -0.2368    28       -0.2361       -0.2365  1203068    0.17%
  12722   480       -0.2368    39       -0.2361       -0.2365  1223103    0.17%
  13003   513       -0.2368    24       -0.2361       -0.2365  1256458    0.17%
  13239   507       -0.2368    23       -0.2361       -0.2365  1273792    0.17%
Elapsed time = 49.28 sec. (56044.32 ticks, tree = 9.25 MB, solutions = 2)
  13462   509       -0.2363    50       -0.2361       -0.2365  1290330    0.17%
  13682   508       -0.2368    24       -0.2361       -0.2365  1326561    0.17%
  13948   499        cutoff             -0.2361       -0.2365  1355957    0.17%
  14148   506       -0.2368    31       -0.2361       -0.2365  1372817    0.17%
  14383   524       -0.2368    19       -0.2361       -0.2365  1394233    0.17%
  14601   524       -0.2368    42       -0.2361       -0.2365  1428244    0.17%
  14829   536       -0.2368    22       -0.2361       -0.2365  1451341    0.17%
  15053   558       -0.2368    32       -0.2361       -0.2365  1479145    0.17%
  15337   578       -0.2368    24       -0.2361       -0.2365  1511381    0.17%
  15585   582       -0.2368    23       -0.2361       -0.2365  1518009    0.17%
Elapsed time = 57.41 sec. (65622.87 ticks, tree = 10.71 MB, solutions = 2)
  15817   612       -0.2368    23       -0.2361       -0.2365  1547168    0.17%
  16014   608        cutoff             -0.2361       -0.2365  1576795    0.17%
  16225   634       -0.2368    25       -0.2361       -0.2365  1607731    0.17%
  16456   640        cutoff             -0.2361       -0.2365  1630554    0.17%
  16695   653        cutoff             -0.2361       -0.2365  1651648    0.17%
  16936   680        cutoff             -0.2361       -0.2365  1686210    0.17%
  17166   670        cutoff             -0.2361       -0.2365  1698960    0.17%
  17404   665       -0.2368    30       -0.2361       -0.2365  1752290    0.17%
  17643   671       -0.2368    35       -0.2361       -0.2365  1758722    0.17%
  17888   655       -0.2368    30       -0.2361       -0.2365  1796863    0.17%
Elapsed time = 65.58 sec. (75197.43 ticks, tree = 11.88 MB, solutions = 2)
  18085   645        cutoff             -0.2361       -0.2365  1823944    0.17%
  18296   605        cutoff             -0.2361       -0.2365  1848466    0.17%
  18510   618       -0.2368    28       -0.2361       -0.2365  1855950    0.17%
  18763   606       -0.2368    26       -0.2361       -0.2365  1910686    0.17%
  18985   605        cutoff             -0.2361       -0.2365  1928686    0.17%
  19166   587        cutoff             -0.2361       -0.2365  1956498    0.17%
  19431   574        cutoff             -0.2361       -0.2365  1973787    0.17%
  19704   533       -0.2366    38       -0.2361       -0.2365  1998076    0.17%
  19978   464       -0.2366    32       -0.2361       -0.2365  2039917    0.17%
  20255   449       -0.2364    29       -0.2361       -0.2365  2048114    0.17%
Elapsed time = 74.02 sec. (84771.51 ticks, tree = 7.30 MB, solutions = 2)
  20598   446       -0.2365    41       -0.2361       -0.2365  2081570    0.17%
  20954   439       -0.2364    45       -0.2361       -0.2365  2085953    0.16%
  21367   471       -0.2364    22       -0.2361       -0.2365  2119599    0.15%
  21777   468       -0.2364    42       -0.2361       -0.2365  2133392    0.15%
  22142   454       -0.2364    45       -0.2361       -0.2364  2170341    0.13%
  22542   446       -0.2364    30       -0.2361       -0.2364  2180369    0.13%
  22891   427       -0.2364    46       -0.2361       -0.2364  2195306    0.13%
  23333   361        cutoff             -0.2361       -0.2364  2241633    0.13%
  23700   356       -0.2363    45       -0.2361       -0.2364  2254195    0.13%
  25268   202       -0.2362    41       -0.2361       -0.2363  2356723    0.07%
Elapsed time = 84.58 sec. (97227.40 ticks, tree = 3.47 MB, solutions = 2)
  26701   370       -0.2362    44       -0.2361       -0.2362  2428562    0.03%
  28237   512       -0.2362    49       -0.2361       -0.2362  2528496    0.03%
  29203   593       -0.2362    45       -0.2361       -0.2362  2616087    0.03%
  30014   627       -0.2362    44       -0.2361       -0.2362  2665820    0.03%
  30786   589       -0.2362    48       -0.2361       -0.2362  2697892    0.03%
  31723   596       -0.2362    47       -0.2361       -0.2362  2748389    0.03%
  32947   584       -0.2362    45       -0.2361       -0.2362  2816748    0.03%
  34328   570       -0.2362    51       -0.2361       -0.2362  2881344    0.03%
  35974   563    infeasible             -0.2361       -0.2362  2968983    0.03%
  37545   457       -0.2362    46       -0.2361       -0.2362  3084459    0.03%
Elapsed time = 115.53 sec. (135419.84 ticks, tree = 7.87 MB, solutions = 2)
  38840   435       -0.2362    47       -0.2361       -0.2362  3157511    0.03%
  40366   360       -0.2362    51       -0.2361       -0.2362  3264222    0.03%
  41958   352       -0.2362    49       -0.2361       -0.2362  3346722    0.03%
  43561   369       -0.2362    49       -0.2361       -0.2362  3420542    0.03%
  45060   371        cutoff             -0.2361       -0.2362  3514253    0.03%
  46540   333       -0.2362    51       -0.2361       -0.2362  3642117    0.03%
  48092   303       -0.2362    52       -0.2361       -0.2362  3729762    0.03%
  49652   201       -0.2362    55       -0.2361       -0.2362  3811129    0.03%

Cover cuts applied:  1
Mixed integer rounding cuts applied:  8

Root node processing (before b&c):
  Real time             =    0.80 sec. (846.83 ticks)
Parallel b&c, 4 threads:
  Real time             =  139.95 sec. (168678.52 ticks)
  Sync time (average)   =    5.85 sec.
  Wait time (average)   =    0.00 sec.
                          ------------
Total (root+branch&cut) =  140.75 sec. (169525.35 ticks)
