Version identifier: 22.2.0.0 | 2026-05-04 | 5dff98e58
CPXPARAM_Read_DataCheck                          1
CPXPARAM_Threads                                 4
CPXPARAM_Parallel                                1
CPXPARAM_RandomSeed                              20260925
CPXPARAM_MIP_Strategy_Search                     1
CPXPARAM_Simplex_Tolerances_Optimality           1.0000000000000001e-09
CPXPARAM_Simplex_Tolerances_Feasibility          1.0000000000000001e-09
CPXPARAM_TimeLimit                               600
CPXPARAM_MIP_Tolerances_AbsMIPGap                1.0000000000000001e-09
CPXPARAM_MIP_Tolerances_Integrality              1.0000000000000001e-09
Legacy callback                                  iLUD
Lazy constraint(s) or lazy constraint/branch callback is present.
    Disabling dual reductions (CPX_PARAM_REDUCE) in presolve.
    Disabling presolve reductions that prevent crushing forms (CPX_PARAM_PREREFORM).
         Disabling repeat represolve because of lazy constraint/incumbent callback.
Warning: Effort level 'CheckFeas' is incompatible with lazy constraint/incumbent callback.
         Effort level increased to 'SolveFixed'.
1 of 1 MIP starts provided solutions.
MIP start 'm1' defined initial solution with objective 0.0596.
Tried aggregator 1 time.
MIP Presolve eliminated 3106 rows and 0 columns.
MIP Presolve modified 129 coefficients.
Reduced MIP has 1474 rows, 2432 columns, and 15346 nonzeros.
Reduced MIP has 1200 binaries, 0 generals, 0 SOSs, and 0 indicators.
Presolve time = 0.00 sec. (11.79 ticks)
Probing time = 0.00 sec. (0.27 ticks)
MIP emphasis: balance optimality and feasibility.
MIP search method: traditional branch-and-cut.
Parallel mode: deterministic, using up to 4 threads.
Root relaxation solution time = 0.03 sec. (38.78 ticks)

        Nodes                                         Cuts/
   Node  Left     Objective  IInf  Best Integer    Best Bound    ItCnt     Gap         Variable B NodeID Parent  Depth

*     0+    0                            0.0596        0.0000           100.00%
      0     0        0.0522    11        0.0596        0.0522     1113   12.48%
      0     0        0.0522    10        0.0596 UserPurge1: 1     1115   12.48%
      0     0        0.0522    11        0.0596 UserPurge1: 1     1116   12.48%
      0     0        0.0522    15        0.0596 UserPurge1: 1     1122   12.48%
      0     0        0.0522    10        0.0596 UserPurge1: 1     1123   12.48%
      0     0        0.0522    12        0.0596 UserPurge1: 1     1124   12.48%
      0     0        0.0522    11        0.0596 UserPurge1: 1     1125   12.48%
      0     0        0.0522    11        0.0596 UserPurge1: 1     1127   12.48%
      0     0        0.0522    12        0.0596 UserPurge1: 1     1129   12.48%
      0     0        0.0522    10        0.0596 UserPurge1: 1     1131   12.48%
      0     0        0.0522    11        0.0596 UserPurge1: 1     1132   12.48%
      0     0        0.0522    10        0.0596 UserPurge1: 1     1133   12.48%
      0     0        0.0522    10        0.0596 UserPurge1: 1     1134   12.48%
      0     0        0.0522    11        0.0596 UserPurge1: 1     1135   12.48%
      0     0        0.0522    12        0.0596 UserPurge1: 1     1136   12.48%
      0     0        0.0522    10        0.0596 UserPurge1: 1     1137   12.48%
      0     0        0.0522    10        0.0596 UserPurge1: 1     1138   12.48%
      0     0        0.0522    12        0.0596 UserPurge1: 1     1139   12.48%
*     0+    0                            0.0567        0.0522             7.88%
      0     0  -1.00000e+75     0        0.0567        0.0522     1139    7.88%
      0     2        0.0522    10        0.0567        0.0522     1139    7.88%                        0             0
Elapsed time = 1.20 sec. (701.91 ticks, tree = 0.02 MB, solutions = 2)
*    10+    1                            0.0567        0.0522             7.87%
*    10+    2                            0.0567        0.0522             7.87%
*    11+    2                            0.0567        0.0522             7.87%
*   132+   87                            0.0553        0.0523             5.44%
    150   106        0.0552    20        0.0553        0.0523     5757    5.44%           x1155 U    180    172     27
*   470+  268                            0.0553        0.0526             4.86%
    523   312        0.0547    20        0.0553        0.0526    12381    4.86%            x960 U    527    515     15
*   530+  299                            0.0553        0.0526             4.86%
*   565+  294                            0.0553        0.0526             4.86%
   1017   623        0.0541    22        0.0553        0.0528    19324    4.49%            x168 U   1052    495     10
*  1302   842      integral     0        0.0553        0.0536    25063    2.95%
*  1433+  865                            0.0553        0.0540             2.37%
   1482   886        0.0549    21        0.0553        0.0541    28409    2.08%            x960 U   1601   1597     17
   1979  1154        cutoff              0.0553        0.0541    35834    2.01%            x480 U   2101   2089     25
   2610  1491        0.0547    18        0.0553        0.0542    44010    1.93%            x936 D   2574   2570     13
   3281  1879        0.0550    25        0.0553        0.0542    52671    1.85%            x414 D   3441   3437     18
   3908  2254        cutoff              0.0553        0.0543    60639    1.76%           x1116 U   4017   4009     17
   4516  2494        0.0550    13        0.0553        0.0544    69430    1.54%           x1116 D   4302   4298     24
   7153  3036        0.0552    19        0.0553        0.0547   108465    1.02%           x1134 D   6894   6890     15
Elapsed time = 15.14 sec. (3805.20 ticks, tree = 17.35 MB, solutions = 9)
   9700  3413        cutoff              0.0553        0.0548   140297    0.77%           x1122 U   9908   5259     25
  11563  3537        0.0552    12        0.0553        0.0549   182879    0.60%            x732 U  11230   1743     19
  13816  2781        cutoff              0.0553        0.0552   209620    0.13%           x1122 U  13659   9611     21

Cover cuts applied:  11
User cuts applied:  45

Root node processing (before b&c):
  Real time             =    1.20 sec. (701.19 ticks)
Parallel b&c, 4 threads:
  Real time             =   22.45 sec. (6804.68 ticks)
  Sync time (average)   =    1.35 sec.
  Wait time (average)   =    0.00 sec.
                          ------------
Total (root+branch&cut) =   23.66 sec. (7505.87 ticks)
