Version identifier: 22.2.0.0 | 2026-05-04 | 5dff98e58
CPXPARAM_Read_DataCheck                          1
CPXPARAM_Threads                                 4
CPXPARAM_Parallel                                1
CPXPARAM_RandomSeed                              20260925
CPXPARAM_Simplex_Tolerances_Optimality           1.0000000000000001e-09
CPXPARAM_Simplex_Tolerances_Feasibility          1.0000000000000001e-09
CPXPARAM_TimeLimit                               600
CPXPARAM_MIP_Tolerances_AbsMIPGap                1.0000000000000001e-09
CPXPARAM_MIP_Tolerances_Integrality              1.0000000000000001e-09
Legacy callback                                  i
1 of 9 MIP starts provided solutions.
MIP start 'm1' defined initial solution with objective 0.0000.
Tried aggregator 2 times.
MIP Presolve eliminated 70 rows and 1 columns.
MIP Presolve modified 300 coefficients.
Aggregator did 1 substitutions.
Reduced MIP has 376 rows, 396 columns, and 2079 nonzeros.
Reduced MIP has 96 binaries, 0 generals, 0 SOSs, and 0 indicators.
Presolve time = 0.00 sec. (1.54 ticks)
Probing time = 0.00 sec. (0.08 ticks)
Tried aggregator 1 time.
Detecting symmetries...
MIP Presolve modified 66 coefficients.
Reduced MIP has 376 rows, 396 columns, and 2079 nonzeros.
Reduced MIP has 96 binaries, 0 generals, 0 SOSs, and 0 indicators.
Presolve time = 0.00 sec. (0.94 ticks)
Probing time = 0.02 sec. (0.07 ticks)
MIP emphasis: balance optimality and feasibility.
MIP search method: dynamic search.
Parallel mode: deterministic, using up to 4 threads.
Root relaxation solution time = 0.00 sec. (4.51 ticks)

        Nodes                                         Cuts/
   Node  Left     Objective  IInf  Best Integer    Best Bound    ItCnt     Gap

*     0+    0                            0.0000       -0.7648              --- 
      0     0       -0.2967    35        0.0000       -0.2967      398     --- 
      0     0       -0.2691    40        0.0000      Cuts: 37      703     --- 
      0     0       -0.2549    44        0.0000      Cuts: 31      843     --- 
      0     0       -0.2405    43        0.0000   MIRcuts: 27      941     --- 
      0     0       -0.2344    39        0.0000   MIRcuts: 11      995     --- 
      0     0       -0.2305    29        0.0000   MIRcuts: 13     1054     --- 
Detecting symmetries...
      0     0       -0.2289    32        0.0000   MIRcuts: 11     1099     --- 
      0     0       -0.2280    22        0.0000    MIRcuts: 5     1126     --- 
*     0+    0                           -0.2171       -0.2280             5.05%
      0     0       -0.2276    22       -0.2171    MIRcuts: 1     1132    4.85%
*     0+    0                           -0.2171       -0.2276             4.85%
Detecting symmetries...
      0     2       -0.2276    22       -0.2171       -0.2276     1132    4.85%
Elapsed time = 0.14 sec. (100.90 ticks, tree = 0.02 MB, solutions = 2)

Mixed integer rounding cuts applied:  77
Lift and project cuts applied:  7
Gomory fractional cuts applied:  9

Root node processing (before b&c):
  Real time             =    0.14 sec. (100.59 ticks)
Parallel b&c, 4 threads:
  Real time             =    0.03 sec. (16.87 ticks)
  Sync time (average)   =    0.01 sec.
  Wait time (average)   =    0.00 sec.
                          ------------
Total (root+branch&cut) =    0.17 sec. (117.46 ticks)
