Version identifier: 22.2.0.0 | 2026-05-04 | 5dff98e58
CPXPARAM_Read_DataCheck                          1
CPXPARAM_Threads                                 4
CPXPARAM_Parallel                                1
CPXPARAM_RandomSeed                              20260925
CPXPARAM_Simplex_Tolerances_Optimality           1.0000000000000001e-09
CPXPARAM_Simplex_Tolerances_Feasibility          1.0000000000000001e-09
CPXPARAM_TimeLimit                               600
CPXPARAM_MIP_Tolerances_AbsMIPGap                1.0000000000000001e-09
CPXPARAM_MIP_Tolerances_Integrality              1.0000000000000001e-09
Legacy callback                                  i
1 of 2 MIP starts provided solutions.
MIP start 'm1' defined initial solution with objective 0.0175.
Tried aggregator 2 times.
MIP Presolve eliminated 71 rows and 2 columns.
MIP Presolve modified 300 coefficients.
Aggregator did 1 substitutions.
Reduced MIP has 376 rows, 395 columns, and 2076 nonzeros.
Reduced MIP has 96 binaries, 0 generals, 0 SOSs, and 0 indicators.
Presolve time = 0.00 sec. (1.53 ticks)
Probing time = 0.00 sec. (0.07 ticks)
Tried aggregator 1 time.
Detecting symmetries...
MIP Presolve modified 66 coefficients.
Reduced MIP has 376 rows, 395 columns, and 2076 nonzeros.
Reduced MIP has 96 binaries, 0 generals, 0 SOSs, and 0 indicators.
Presolve time = 0.02 sec. (0.94 ticks)
Probing time = 0.00 sec. (0.07 ticks)
MIP emphasis: balance optimality and feasibility.
MIP search method: dynamic search.
Parallel mode: deterministic, using up to 4 threads.
Root relaxation solution time = 0.00 sec. (1.07 ticks)

        Nodes                                         Cuts/
   Node  Left     Objective  IInf  Best Integer    Best Bound    ItCnt     Gap

*     0+    0                            0.0175        0.0000           100.00%
      0     0        0.0169     8        0.0175        0.0169       85    3.02%
      0     0        0.0169    10        0.0175      Cuts: 13      146    3.02%
      0     0        0.0169    10        0.0175      Cuts: 10      184    3.02%
*     0+    0                            0.0175        0.0169             3.02%
Detecting symmetries...
      0     2        0.0169    10        0.0175        0.0171      184    2.01%
Elapsed time = 0.08 sec. (49.66 ticks, tree = 0.02 MB, solutions = 1)

Cover cuts applied:  1
Mixed integer rounding cuts applied:  12
Lift and project cuts applied:  6

Root node processing (before b&c):
  Real time             =    0.08 sec. (49.47 ticks)
Parallel b&c, 4 threads:
  Real time             =    0.03 sec. (10.53 ticks)
  Sync time (average)   =    0.02 sec.
  Wait time (average)   =    0.00 sec.
                          ------------
Total (root+branch&cut) =    0.11 sec. (60.00 ticks)
