Version identifier: 22.2.0.0 | 2026-05-04 | 5dff98e58
CPXPARAM_Read_DataCheck                          1
CPXPARAM_Threads                                 4
CPXPARAM_Parallel                                1
CPXPARAM_RandomSeed                              20260925
CPXPARAM_Simplex_Tolerances_Optimality           1.0000000000000001e-09
CPXPARAM_Simplex_Tolerances_Feasibility          1.0000000000000001e-09
CPXPARAM_TimeLimit                               600
CPXPARAM_MIP_Tolerances_AbsMIPGap                1.0000000000000001e-09
CPXPARAM_MIP_Tolerances_Integrality              1.0000000000000001e-09
Legacy callback                                  i
1 of 27 MIP starts provided solutions.
MIP start 'm1' defined initial solution with objective 0.0281.
Tried aggregator 1 time.
MIP Presolve eliminated 1350 rows and 2 columns.
MIP Presolve modified 3324 coefficients.
Reduced MIP has 3966 rows, 4686 columns, and 49203 nonzeros.
Reduced MIP has 1164 binaries, 0 generals, 0 SOSs, and 0 indicators.
Presolve time = 0.03 sec. (38.55 ticks)
Probing time = 0.00 sec. (0.69 ticks)
Tried aggregator 1 time.
Detecting symmetries...
MIP Presolve modified 96 coefficients.
Reduced MIP has 3966 rows, 4686 columns, and 49203 nonzeros.
Reduced MIP has 1164 binaries, 0 generals, 0 SOSs, and 0 indicators.
Presolve time = 0.02 sec. (20.18 ticks)
Probing time = 0.00 sec. (0.77 ticks)
MIP emphasis: balance optimality and feasibility.
MIP search method: dynamic search.
Parallel mode: deterministic, using up to 4 threads.
Root relaxation solution time = 0.02 sec. (33.61 ticks)

        Nodes                                         Cuts/
   Node  Left     Objective  IInf  Best Integer    Best Bound    ItCnt     Gap

*     0+    0                            0.0281        0.0000           100.00%
      0     0        0.0230    71        0.0281        0.0230      732   18.45%
      0     0        0.0230    67        0.0281       Cuts: 5      763   18.45%
      0     0        0.0230    69        0.0281    MIRcuts: 5      807   18.45%
      0     0        0.0230    63        0.0281    MIRcuts: 1      817   18.45%
      0     0        0.0230    63        0.0281    MIRcuts: 2      838   18.45%
      0     2        0.0230    63        0.0281        0.0230      838   18.45%
Elapsed time = 1.66 sec. (1392.14 ticks, tree = 0.02 MB, solutions = 1)
     10    12        0.0236    68        0.0281        0.0230     1605   18.45%
     30    32        0.0233    71        0.0281        0.0230     2759   18.45%
     66    65        0.0230    65        0.0281        0.0230     4213   18.45%
    119   108        0.0230    63        0.0281        0.0230     6089   18.45%
    180   144        0.0230    63        0.0281        0.0230     9056   18.45%
    260   188        0.0262    33        0.0281        0.0230    13146   18.45%
    336   311        0.0232    62        0.0281        0.0230    20851   18.45%
    398   336        0.0242    37        0.0281        0.0230    22889   18.45%
*   453+  387                            0.0281        0.0230            18.45%
    468   412        0.0242    40        0.0281        0.0230    31191   18.45%
    820   664        0.0241    70        0.0281        0.0230    62259   18.45%
Elapsed time = 4.56 sec. (4573.94 ticks, tree = 4.98 MB, solutions = 2)
   1175   972        0.0263    58        0.0281        0.0230    97006   18.45%
   1777  1455        0.0271    30        0.0281        0.0230   121633   18.45%
   2279  1902        0.0248    31        0.0281        0.0230   152337   18.36%

Performing restart 1

Repeating presolve.
Tried aggregator 1 time.
Reduced MIP has 3966 rows, 4686 columns, and 49203 nonzeros.
Reduced MIP has 1164 binaries, 0 generals, 0 SOSs, and 0 indicators.
Presolve time = 0.00 sec. (13.86 ticks)
Tried aggregator 1 time.
Reduced MIP has 3966 rows, 4686 columns, and 49203 nonzeros.
Reduced MIP has 1164 binaries, 0 generals, 0 SOSs, and 0 indicators.
Presolve time = 0.02 sec. (20.44 ticks)
Represolve time = 0.03 sec. (41.78 ticks)
   2388     2        0.0230    64        0.0281        0.0230   164051   18.36%
   2448    47        0.0231    66        0.0281        0.0230   166229   18.36%
   2628   163        0.0242    55        0.0281        0.0230   170619   18.36%
   2852   398        0.0232    60        0.0281        0.0230   192262   18.36%
   3149   641        0.0232    64        0.0281        0.0230   210411   18.36%
   3396   857        0.0231    58        0.0281        0.0230   231471   18.36%
   3833  1269        0.0267    22        0.0281        0.0230   248458   18.36%
Elapsed time = 13.06 sec. (15042.31 ticks, tree = 8.70 MB, solutions = 2)
   4404  1690        0.0266    36        0.0281        0.0230   262868   18.36%
   4951  2255        0.0230    63        0.0281        0.0230   290886   18.31%
   5417  2803        0.0272    30        0.0281        0.0230   317627   18.31%
   5747  3068        0.0252    33        0.0281        0.0230   343354   18.31%
   6347  3536        0.0271    40        0.0281        0.0230   360443   18.31%
   6873  4049        0.0265    32        0.0281        0.0230   385831   18.31%
   7428  4566        0.0279    43        0.0281        0.0230   412007   18.31%
   7919  5066        0.0256    27        0.0281        0.0230   437689   18.31%
   8518  5590        0.0254    34        0.0281        0.0230   464801   18.31%
   8968  6159        0.0249    40        0.0281        0.0230   499167   18.31%
Elapsed time = 20.17 sec. (24600.99 ticks, tree = 18.03 MB, solutions = 2)
   9532  6531        0.0273    40        0.0281        0.0230   515474   18.25%
  10087  7077        0.0249    35        0.0281        0.0230   541772   18.23%
  10614  7488        0.0246    34        0.0281        0.0230   567746   18.23%
  11190  8050        0.0261    31        0.0281        0.0230   588368   18.23%
  11705  8636        0.0266    22        0.0281        0.0230   619971   18.18%
  12309  8992        0.0241    44        0.0281        0.0230   640814   18.18%
  12757  9593        0.0265    39        0.0281        0.0230   668730   18.18%
  13276 10088        0.0256    42        0.0281        0.0230   697881   18.18%
  13917 10694        0.0256    43        0.0281        0.0230   726482   18.18%
  14333 10894        0.0276    36        0.0281        0.0230   741758   18.18%
Elapsed time = 27.27 sec. (34157.31 ticks, tree = 26.81 MB, solutions = 2)
  14831 11558        0.0247    40        0.0281        0.0230   773089   18.18%
  15440 12113        0.0233    64        0.0281        0.0230   800588   18.18%
  15842 12387        0.0260    32        0.0281        0.0230   816096   18.18%
  16383 12805        0.0231    64        0.0281        0.0230   846396   18.18%
  16979 13222        0.0258    56        0.0281        0.0230   869207   18.18%
  17484 13769        0.0277    43        0.0281        0.0230   898231   18.18%
  18139 14442        0.0259    38        0.0281        0.0230   934443   18.18%
  18663 14868        0.0252    35        0.0281        0.0230   954065   18.18%
  19064 15579        0.0277    46        0.0281        0.0230   996356   18.18%
  19631 15974        0.0238    48        0.0281        0.0230  1017519   18.15%
Elapsed time = 34.44 sec. (43726.36 ticks, tree = 36.04 MB, solutions = 2)
  20346 16305        0.0261    37        0.0281        0.0230  1035012   18.14%
  20938 16796        0.0258    39        0.0281        0.0231  1062449   18.10%
  21430 17643        0.0267    39        0.0281        0.0231  1091794   18.10%
  22051 18138        0.0232    67        0.0281        0.0231  1124675   18.10%
  22515 18530        0.0246    49        0.0281        0.0231  1145884   18.10%
  23096 18997        0.0231    62        0.0281        0.0231  1167499   18.10%
  23746 19385        0.0233    66        0.0281        0.0231  1186307   18.10%
  24323 20208        0.0231    59        0.0281        0.0231  1227232   18.10%
  24959 20624        0.0272    29        0.0281        0.0231  1248451   18.10%
  25400 21226        cutoff              0.0281        0.0231  1281993   18.10%
Elapsed time = 41.66 sec. (53274.93 ticks, tree = 46.31 MB, solutions = 2)
  25734 21833        cutoff              0.0281        0.0231  1314909   18.10%
* 25964+21925                            0.0272        0.0231            15.26%
  26071 22105        0.0242    39        0.0272        0.0231  1331563   15.26%
  26398 20905        0.0262    40        0.0272        0.0231  1347317   15.26%
  26697 21264        0.0241    36        0.0272        0.0231  1369557   15.26%
  27010 21508        0.0264    36        0.0272        0.0231  1382990   15.26%
  27385 21826        0.0259    36        0.0272        0.0231  1400748   15.26%
  27690 22184        0.0238    41        0.0272        0.0231  1422342   15.26%
  27961 22424        0.0231    62        0.0272        0.0231  1433714   15.26%
  28261 22715        0.0255    35        0.0272        0.0231  1450623   15.26%
  28554 23022        0.0261    41        0.0272        0.0231  1465116   15.26%
Elapsed time = 49.64 sec. (62850.69 ticks, tree = 50.19 MB, solutions = 3)
  28801 23310        0.0252    24        0.0272        0.0231  1483966   15.26%
  29023 23457        0.0232    62        0.0272        0.0231  1495006   15.26%
  29344 23783        0.0235    49        0.0272        0.0231  1513592   15.26%
  29595 24061        cutoff              0.0272        0.0231  1527788   15.26%
  29849 24224        0.0233    61        0.0272        0.0231  1537099   15.26%
  30066 24513        0.0271    43        0.0272        0.0231  1551801   15.26%
  30271 24696        0.0258    41        0.0272        0.0231  1566727   15.26%
  30618 24874        0.0234    49        0.0272        0.0231  1578066   15.26%
  30883 25168        0.0272    43        0.0272        0.0231  1593627   15.26%
  31117 25429        0.0257    42        0.0272        0.0231  1611529   15.26%
Elapsed time = 57.89 sec. (72424.81 ticks, tree = 54.61 MB, solutions = 3)
  31360 25669        0.0255    38        0.0272        0.0231  1627117   15.26%
  31571 25799        0.0271    37        0.0272        0.0231  1637384   15.26%
  31840 26104        0.0232    67        0.0272        0.0231  1658813   15.26%
  32103 26337        0.0255    39        0.0272        0.0231  1672430   15.26%
  32378 26563        0.0256    39        0.0272        0.0231  1685573   15.26%
  32673 26904        0.0248    45        0.0272        0.0231  1705990   15.26%
  32961 27158        0.0260    44        0.0272        0.0231  1722779   15.26%
  33278 27403        0.0264    36        0.0272        0.0231  1736550   15.26%
  33565 27554        0.0249    32        0.0272        0.0231  1747822   15.26%
  33856 27878        0.0250    29        0.0272        0.0231  1767191   15.26%
Elapsed time = 66.00 sec. (82033.53 ticks, tree = 59.06 MB, solutions = 3)
  34216 28161        0.0269    36        0.0272        0.0231  1778389   15.26%
  34549 28592        0.0260    41        0.0272        0.0231  1799643   15.26%
  34869 28927        0.0249    34        0.0272        0.0231  1817466   15.26%
  35213 29107        0.0253    38        0.0272        0.0231  1827514   15.26%
  35547 29580        0.0266    37        0.0272        0.0231  1852693   15.26%
  35777 29705        0.0259    31        0.0272        0.0231  1862133   15.26%
* 35829+21373                            0.0271        0.0231            15.01%
* 35953+21373                            0.0271        0.0231            14.90%
  36055 30089        0.0242    36        0.0271        0.0231  1886795   14.90%
  36416 30362        0.0257    35        0.0271        0.0231  1900907   14.90%
  36702 30487        0.0239    34        0.0271        0.0231  1910334   14.90%
  37904 31722        0.0269    37        0.0271        0.0231  1972590   14.90%
Elapsed time = 76.28 sec. (94448.22 ticks, tree = 66.20 MB, solutions = 3)
  39505 32573        0.0236    50        0.0271        0.0231  2054178   14.90%
  41168 33960        0.0259    39        0.0271        0.0231  2131615   14.87%
  43468 36217        0.0259    37        0.0271        0.0231  2261683   14.85%
  45500 38118        0.0266    45        0.0271        0.0231  2374331   14.85%
  47598 40180        0.0265    44        0.0271        0.0231  2496944   14.85%

Performing restart 2

Repeating presolve.
Tried aggregator 1 time.
Reduced MIP has 3966 rows, 4686 columns, and 49203 nonzeros.
Reduced MIP has 1164 binaries, 0 generals, 0 SOSs, and 0 indicators.
Presolve time = 0.02 sec. (13.86 ticks)
Tried aggregator 1 time.
Reduced MIP has 3966 rows, 4686 columns, and 49203 nonzeros.
Reduced MIP has 1164 binaries, 0 generals, 0 SOSs, and 0 indicators.
Presolve time = 0.02 sec. (20.44 ticks)
Represolve time = 0.05 sec. (47.36 ticks)
  48014     0        0.0230    66        0.0271       Cuts: 7  2545537   14.85%
  48014     0        0.0230    62        0.0271       Cuts: 7  2545633   14.85%
  48014     0        0.0230    68        0.0271      Cuts: 11  2545769   14.85%
  48014     0        0.0230    65        0.0271     Covers: 2  2545842   14.85%
  48014     0        0.0230    67        0.0271       Cuts: 6  2545973   14.85%
  48014     0        0.0230    64        0.0271    MIRcuts: 1  2546037   14.85%
  48014     2        0.0230    62        0.0271        0.0231  2546037   14.85%
  48340   301        0.0231    59        0.0271        0.0231  2563800   14.85%
  49282  1120        0.0261    32        0.0271        0.0231  2615723   14.85%
  50602  2223        0.0244    57        0.0271        0.0231  2661977   14.85%
  52097  3599        0.0250    36        0.0271        0.0231  2727778   14.85%
Elapsed time = 107.03 sec. (136861.05 ticks, tree = 72.23 MB, solutions = 22)
  53837  5159        0.0244    36        0.0271        0.0231  2802851   14.85%
  55659  6795        0.0233    56        0.0271        0.0231  2882146   14.85%
  57202  7963        0.0241    39        0.0271        0.0231  2941923   14.85%
  58982  9597        0.0256    38        0.0271        0.0231  3033633   14.85%
  60830 11402        0.0248    44        0.0271        0.0231  3119126   14.85%
  63086 13544        0.0231    61        0.0271        0.0231  3214774   14.85%
  65276 15101        0.0267    47        0.0271        0.0231  3284486   14.85%
  66929 16772        0.0258    37        0.0271        0.0231  3369651   14.85%
  68693 18454        0.0268    41        0.0271        0.0231  3445702   14.85%
  70437 20255        0.0263    35        0.0271        0.0231  3542873   14.85%
Elapsed time = 135.22 sec. (175044.58 ticks, tree = 562.92 MB, solutions = 22)
  72642 22183        0.0258    14        0.0271        0.0231  3644351   14.85%
  74840 24353        0.0269    24        0.0271        0.0231  3760324   14.85%
  76731 26063        0.0270    37        0.0271        0.0231  3862852   14.83%
  78503 27836        0.0255    38        0.0271        0.0231  3981805   14.83%
  80334 29294        0.0234    52        0.0271        0.0231  4081709   14.83%
  82514 31340        0.0241    40        0.0271        0.0231  4203358   14.81%
  84556 32934        0.0234    56        0.0271        0.0231  4295750   14.79%
  86784 34774        0.0255    37        0.0271        0.0231  4401942   14.78%
  88777 37065        0.0250    43        0.0271        0.0231  4538305   14.78%
  91152 38709        0.0243    55        0.0271        0.0231  4632623   14.76%
Elapsed time = 162.81 sec. (213207.81 ticks, tree = 608.29 MB, solutions = 22)
  93314 40997        0.0254    40        0.0271        0.0231  4762234   14.76%
  95158 42668        cutoff              0.0271        0.0231  4869672   14.76%
  97199 44513        0.0253    32        0.0271        0.0231  4994555   14.76%
  99357 46742        0.0231    65        0.0271        0.0231  5119622   14.74%
 101406 48192        0.0258    42        0.0271        0.0231  5217063   14.74%
 103710 50945        0.0249    32        0.0271        0.0231  5374037   14.73%
 105640 52306        0.0233    54        0.0271        0.0231  5450884   14.73%
 107802 54287        0.0247    41        0.0271        0.0231  5571467   14.73%
 110021 56343        0.0253    38        0.0271        0.0231  5701060   14.73%
 111973 58112        0.0246    36        0.0271        0.0231  5804000   14.71%
Elapsed time = 191.58 sec. (251368.82 ticks, tree = 641.96 MB, solutions = 22)
 113986 59941        0.0253    32        0.0271        0.0231  5921881   14.71%
 116244 61981        0.0246    44        0.0271        0.0231  6047335   14.69%
 118250 63701        0.0264    45        0.0271        0.0231  6146935   14.69%
 119916 65368        0.0232    59        0.0271        0.0231  6258535   14.69%
 122091 67455        0.0254    41        0.0271        0.0231  6389272   14.68%
 124367 69685        0.0252    30        0.0271        0.0231  6522622   14.68%
 126501 71320        0.0262    37        0.0271        0.0231  6623404   14.68%
 128764 73179        0.0262    35        0.0271        0.0231  6724128   14.68%
 131189 75857        0.0235    68        0.0271        0.0231  6878911   14.68%
 133255 77873        0.0256    38        0.0271        0.0231  7006090   14.68%
Elapsed time = 220.53 sec. (289528.21 ticks, tree = 679.79 MB, solutions = 22)
 135408 79512        0.0259    40        0.0271        0.0231  7111822   14.68%
 137599 81492        0.0265    28        0.0271        0.0231  7234958   14.67%
 139778 83460        0.0266    25        0.0271        0.0231  7362454   14.66%
*140301+84123                            0.0271        0.0231            14.55%
*140302+84123                            0.0271        0.0231            14.54%
 141795 85081        0.0248    39        0.0271        0.0231  7467042   14.54%
 144187 87338        0.0232    67        0.0271        0.0231  7596191   14.53%
 146489 89358        0.0269    36        0.0271        0.0231  7712622   14.53%
 148745 91369        0.0256    36        0.0271        0.0231  7833473   14.53%
 150905 93423        0.0241    67        0.0271        0.0231  7947183   14.53%
 152697 95120        0.0243    51        0.0271        0.0231  8053959   14.53%
 155001 96717        cutoff              0.0271        0.0231  8160747   14.51%
Elapsed time = 248.12 sec. (327695.05 ticks, tree = 710.96 MB, solutions = 24)
 157006 99252        0.0269    39        0.0271        0.0231  8309725   14.51%
 158889 100906        0.0234    55        0.0271        0.0231  8422133   14.51%
 160909 102666        0.0238    50        0.0271        0.0231  8532243   14.51%
 163048 104770        0.0255    31        0.0271        0.0231  8670291   14.50%
 164959 106432        0.0232    58        0.0271        0.0231  8802838   14.50%
 166722 108148        0.0238    44        0.0271        0.0231  8926057   14.50%
 168622 109564        0.0260    32        0.0271        0.0231  9028603   14.50%
 170709 111388        0.0247    35        0.0271        0.0231  9153578   14.49%
 172877 112980        0.0236    65        0.0271        0.0231  9257521   14.49%
 175036 115117        0.0241    42        0.0271        0.0231  9383951   14.49%
Elapsed time = 275.72 sec. (365864.08 ticks, tree = 744.01 MB, solutions = 24)
 177148 117212        0.0240    60        0.0271        0.0231  9517295   14.49%
 179081 119288        0.0249    40        0.0271        0.0231  9657237   14.49%
*179607+119762                            0.0270        0.0231            14.16%
*179611+119761                            0.0269        0.0231            14.04%
*180460+117564                            0.0269        0.0231            14.00%
 181095 117806        0.0263    36        0.0269        0.0231  9764771   14.00%
 183196 119930        0.0257    38        0.0269        0.0231  9913479   13.99%
 185085 121465        0.0233    55        0.0269        0.0231 10015085   13.99%
 187099 123291        0.0240    41        0.0269        0.0231 10152944   13.99%
 188912 125242        0.0234    61        0.0269        0.0231 10295539   13.99%
 190718 126444        0.0260    33        0.0269        0.0231 10388311   13.99%
 192716 128241        0.0249    30        0.0269        0.0231 10526119   13.99%
 195119 130108        0.0251    40        0.0269        0.0231 10636056   13.99%
Elapsed time = 302.92 sec. (404022.14 ticks, tree = 756.41 MB, solutions = 27)
 197425 132602        0.0262    31        0.0269        0.0231 10786589   13.98%
 199517 134683        0.0247    36        0.0269        0.0231 10911443   13.98%
 201426 135940        0.0249    36        0.0269        0.0231 10995487   13.97%
 203429 138176        0.0265    41        0.0269        0.0231 11146191   13.97%
 205744 140102        0.0232    57        0.0269        0.0231 11278723   13.97%
 207868 142070        0.0244    40        0.0269        0.0231 11395791   13.97%
 210200 143934        0.0232    67        0.0269        0.0231 11508797   13.97%
 212222 145745        0.0253    31        0.0269        0.0231 11625738   13.96%
 214405 148206        0.0266    47        0.0269        0.0231 11780487   13.95%
 216519 149982        0.0267    35        0.0269        0.0231 11896012   13.95%
Elapsed time = 331.44 sec. (442185.98 ticks, tree = 794.51 MB, solutions = 27)
 218878 151801        0.0239    60        0.0269        0.0232 12005969   13.95%
 220655 153586        0.0244    42        0.0269        0.0232 12119663   13.94%
 223114 156207        0.0234    59        0.0269        0.0232 12279306   13.94%
 225178 157575        0.0242    40        0.0269        0.0232 12365225   13.94%
 227310 159672        0.0239    61        0.0269        0.0232 12502288   13.94%
 229621 161781        0.0269    26        0.0269        0.0232 12637800   13.94%
 231899 163610        0.0264    28        0.0269        0.0232 12743993   13.94%
 234422 166384        0.0253    41        0.0269        0.0232 12887607   13.94%
*236101+167693                            0.0268        0.0232            13.60%
 236897 164548        0.0237    56        0.0268        0.0232 13012237   13.60%
 239057 166679        0.0257    39        0.0268        0.0232 13138781   13.60%
Elapsed time = 358.91 sec. (480346.70 ticks, tree = 813.05 MB, solutions = 28)
 241433 168940        0.0248    47        0.0268        0.0232 13266883   13.60%
 243626 170690        0.0245    40        0.0268        0.0232 13390157   13.60%
 245786 172968        0.0248    40        0.0268        0.0232 13524143   13.60%
 248075 174743        0.0240    49        0.0268        0.0232 13639094   13.60%
 250449 177470        0.0240    55        0.0268        0.0232 13804391   13.60%
 252659 179131        0.0237    56        0.0268        0.0232 13904824   13.60%
 254806 181412        0.0262    31        0.0268        0.0232 14059063   13.60%
 256985 183265        0.0234    55        0.0268        0.0232 14175821   13.60%
 259334 185437        0.0260    40        0.0268        0.0232 14306825   13.59%
 261561 187807        0.0232    63        0.0268        0.0232 14466364   13.59%
Elapsed time = 386.56 sec. (518506.23 ticks, tree = 851.28 MB, solutions = 28)
*262705+188585                            0.0268        0.0232            13.47%
*263178+187191                            0.0267        0.0232            13.42%
 263860 187137        0.0251    38        0.0267        0.0232 14585542   13.42%
*263931+187536                            0.0267        0.0232            13.42%
 265984 188967        0.0258    27        0.0267        0.0232 14706421   13.42%
 268127 190716        0.0255    34        0.0267        0.0232 14820377   13.42%
 270323 192833        0.0263    36        0.0267        0.0232 14965217   13.42%
 272684 194671        0.0245    34        0.0267        0.0232 15074988   13.42%
 274891 197480        0.0243    37        0.0267        0.0232 15254807   13.41%
 277492 199127        0.0265    38        0.0267        0.0232 15341681   13.41%
 279896 201459        0.0233    60        0.0267        0.0232 15465716   13.41%
 282113 203501        0.0251    63        0.0267        0.0232 15598243   13.41%
 284340 205609        0.0235    59        0.0267        0.0232 15738199   13.41%
Elapsed time = 415.14 sec. (556665.08 ticks, tree = 877.66 MB, solutions = 30)
 286713 207704        0.0254    26        0.0267        0.0232 15870148   13.41%
 289273 210069        0.0264    34        0.0267        0.0232 16009820   13.41%
 291565 212056        0.0253    29        0.0267        0.0232 16123704   13.41%
 293670 213975        0.0263    36        0.0267        0.0232 16240330   13.41%
 295828 216436        0.0259    37        0.0267        0.0232 16402334   13.41%
 297848 217805        0.0246    39        0.0267        0.0232 16503409   13.41%
 300134 219530        0.0257    41        0.0267        0.0232 16634183   13.41%
 301993 221807        0.0267    49        0.0267        0.0232 16764054   13.40%
 304120 223580        0.0247    42        0.0267        0.0232 16884290   13.40%
 306263 225817        0.0240    45        0.0267        0.0232 17038285   13.40%
Elapsed time = 442.78 sec. (594827.74 ticks, tree = 914.35 MB, solutions = 30)
 308679 227938        0.0250    37        0.0267        0.0232 17170656   13.40%
 310970 229770        0.0242    40        0.0267        0.0232 17275207   13.39%
 312905 231807        0.0232    62        0.0267        0.0232 17416231   13.39%
 314988 233596        0.0248    45        0.0267        0.0232 17530655   13.39%
 316883 235631        0.0232    61        0.0267        0.0232 17672263   13.39%
 319108 237674        0.0236    62        0.0267        0.0232 17806113   13.38%
 321190 239389        0.0239    47        0.0267        0.0232 17929154   13.38%
 323238 240899        0.0236    45        0.0267        0.0232 18044275   13.38%
 325344 242889        0.0237    44        0.0267        0.0232 18178586   13.37%
 327787 244959        0.0244    40        0.0267        0.0232 18310539   13.37%
Elapsed time = 471.02 sec. (632993.43 ticks, tree = 951.15 MB, solutions = 30)
 329851 247530        0.0263    38        0.0267        0.0232 18468212   13.37%
 332022 249058        0.0243    41        0.0267        0.0232 18576729   13.37%
 334053 251200        0.0252    55        0.0267        0.0232 18720127   13.37%
 336245 253530        0.0261    41        0.0267        0.0232 18871246   13.37%
 338143 255027        0.0251    43        0.0267        0.0232 18969107   13.37%
 340235 256872        0.0235    60        0.0267        0.0232 19097673   13.37%
 342373 258889        0.0265    42        0.0267        0.0232 19222095   13.37%
 344367 261047        0.0240    47        0.0267        0.0232 19367211   13.37%
 346446 262747        0.0253    37        0.0267        0.0232 19483419   13.37%
 348459 265012        0.0264    47        0.0267        0.0232 19639514   13.37%
Elapsed time = 500.86 sec. (671173.69 ticks, tree = 987.76 MB, solutions = 30)
 350385 266391        0.0265    34        0.0267        0.0232 19741269   13.37%
 352339 268579        0.0255    35        0.0267        0.0232 19892770   13.37%
 354616 270035        0.0261    37        0.0267        0.0232 19991353   13.37%
 356804 272457        0.0235    55        0.0267        0.0232 20148996   13.37%
 359131 273739        0.0232    63        0.0267        0.0232 20242181   13.37%
 361589 276985        0.0265    36        0.0267        0.0232 20438735   13.36%
 363987 278403        0.0248    37        0.0267        0.0232 20516090   13.36%
 366258 280189        0.0249    37        0.0267        0.0232 20632763   13.36%
 368555 282924        0.0247    31        0.0267        0.0232 20801833   13.35%
 370396 284340        0.0249    36        0.0267        0.0232 20906707   13.35%
Elapsed time = 531.30 sec. (709342.45 ticks, tree = 1025.21 MB, solutions = 30)
 372273 286346        0.0247    44        0.0267        0.0232 21074191   13.35%
 374004 288293        0.0245    43        0.0267        0.0232 21241913   13.35%
 376022 289523        0.0247    40        0.0267        0.0232 21336368   13.35%
 376814 290072        0.0261    30        0.0267        0.0232 21383073   13.35%
 377897 291465        0.0250    22        0.0267        0.0232 21468240   13.35%
 379405 292896        0.0233    60        0.0267        0.0232 21540639   13.35%
 380460 293863        0.0236    50        0.0267        0.0232 21597131   13.35%
 381609 295277        0.0243    39        0.0267        0.0232 21687288   13.35%
 382715 296162        0.0249    36        0.0267        0.0232 21742171   13.35%
 383892 297094        0.0233    67        0.0267        0.0232 21793805   13.35%
Elapsed time = 563.39 sec. (747689.51 ticks, tree = 1048.71 MB, solutions = 30)
 384814 297771        0.0234    53        0.0267        0.0232 21837601   13.35%
 385767 299134        0.0263    30        0.0267        0.0232 21935637   13.35%
 386982 299631        0.0246    36        0.0267        0.0232 21980504   13.34%
 387886 300659        0.0252    35        0.0267        0.0232 22056240   13.34%
 388909 301540        0.0244    50        0.0267        0.0232 22126383   13.34%
 390112 302700        0.0245    55        0.0267        0.0232 22208002   13.34%
 390971 303578        0.0260    38        0.0267        0.0232 22261362   13.34%
 392042 304472        0.0235    58        0.0267        0.0232 22319519   13.34%
 393151 305544        0.0267    34        0.0267        0.0232 22409944   13.34%
 394112 306332        0.0246    39        0.0267        0.0232 22454164   13.34%
Elapsed time = 599.78 sec. (785930.61 ticks, tree = 1065.35 MB, solutions = 30)

Cover cuts applied:  1
Mixed integer rounding cuts applied:  2
Gomory fractional cuts applied:  1

Root node processing (before b&c):
  Real time             =    1.66 sec. (1390.89 ticks)
Parallel b&c, 4 threads:
  Real time             =  598.36 sec. (784977.06 ticks)
  Sync time (average)   =   24.70 sec.
  Wait time (average)   =    0.00 sec.
                          ------------
Total (root+branch&cut) =  600.02 sec. (786367.94 ticks)
