Version identifier: 22.2.0.0 | 2026-05-04 | 5dff98e58
CPXPARAM_Read_DataCheck                          1
CPXPARAM_Threads                                 4
CPXPARAM_Parallel                                1
CPXPARAM_RandomSeed                              20260925
CPXPARAM_Simplex_Tolerances_Optimality           1.0000000000000001e-09
CPXPARAM_Simplex_Tolerances_Feasibility          1.0000000000000001e-09
CPXPARAM_TimeLimit                               600
CPXPARAM_MIP_Tolerances_AbsMIPGap                1.0000000000000001e-09
CPXPARAM_MIP_Tolerances_Integrality              1.0000000000000001e-09
Legacy callback                                  i
Found incumbent of value 0.000000 after 0.00 sec. (0.02 ticks)
Tried aggregator 1 time.
MIP Presolve eliminated 42 rows and 1 columns.
MIP Presolve modified 504 coefficients.
Reduced MIP has 654 rows, 709 columns, and 5598 nonzeros.
Reduced MIP has 174 binaries, 0 generals, 0 SOSs, and 0 indicators.
Presolve time = 0.00 sec. (2.27 ticks)
Probing time = 0.00 sec. (0.17 ticks)
Tried aggregator 1 time.
Detecting symmetries...
Reduced MIP has 654 rows, 709 columns, and 5598 nonzeros.
Reduced MIP has 174 binaries, 0 generals, 0 SOSs, and 0 indicators.
Presolve time = 0.00 sec. (2.24 ticks)
Probing time = 0.00 sec. (0.17 ticks)
MIP emphasis: balance optimality and feasibility.
MIP search method: dynamic search.
Parallel mode: deterministic, using up to 4 threads.
Root relaxation solution time = 0.02 sec. (10.15 ticks)

        Nodes                                         Cuts/
   Node  Left     Objective  IInf  Best Integer    Best Bound    ItCnt     Gap

*     0+    0                            0.0000       -1.0000              --- 
*     0+    0                           -0.0536       -1.0000              --- 
      0     0       -0.2935    40       -0.0536       -0.2935      453  447.78%
*     0+    0                           -0.0940       -0.2935           212.03%
      0     0       -0.2934    42       -0.0940      Cuts: 22      690  211.99%
*     0+    0                           -0.1286       -0.2934           128.22%
*     0+    0                           -0.1988       -0.2934            47.59%
      0     0       -0.2906    56       -0.1988      Cuts: 54     1258   46.15%
      0     0       -0.2888    65       -0.1988   MIRcuts: 26     1801   45.26%
      0     0       -0.2872    69       -0.1988   MIRcuts: 26     1978   44.48%
*     0+    0                           -0.2214       -0.2872            29.72%
      0     0       -0.2851    71       -0.2214   MIRcuts: 15     2258   28.49%
Detecting symmetries...
      0     0       -0.2840    69       -0.2214   MIRcuts: 12     2352   28.28%
      0     0       -0.2833    67       -0.2214   MIRcuts: 17     2481   27.96%
      0     0       -0.2808    71       -0.2214   MIRcuts: 18     2618   26.79%
      0     0       -0.2776    62       -0.2214      Cuts: 16     2850   25.38%
*     0+    0                           -0.2333       -0.2776            18.98%
      0     0       -0.2762    64       -0.2333   MIRcuts: 18     3035   18.36%
      0     0       -0.2753    62       -0.2333   MIRcuts: 19     3246   17.98%
      0     0       -0.2750    66       -0.2333   MIRcuts: 12     3319   17.86%
      0     0       -0.2748    68       -0.2333    MIRcuts: 9     3411   17.76%
      0     0       -0.2747    67       -0.2333    MIRcuts: 8     3432   17.73%
*     0+    0                           -0.2345       -0.2747            17.13%
      0     0       -0.2746    66       -0.2345    MIRcuts: 2     3488   17.07%
      0     0       -0.2744    69       -0.2345   MIRcuts: 10     3579   17.01%
      0     0       -0.2744    69       -0.2345    MIRcuts: 4     3623   17.00%
*     0+    0                           -0.2452       -0.2744            11.89%
*     0+    0                           -0.2464       -0.2744            11.35%
Detecting symmetries...
      0     2       -0.2744    67       -0.2464       -0.2744     3623   11.35%
Elapsed time = 0.70 sec. (681.12 ticks, tree = 0.02 MB, solutions = 10)
*   114+   95                           -0.2488       -0.2731             9.77%
*   130    97      integral     0       -0.2500       -0.2731    15507    9.25%
    136   106       -0.2715    66       -0.2500       -0.2731    16816    9.25%
    296   222       -0.2592    44       -0.2500       -0.2715    30718    8.60%
    434   302       -0.2539    45       -0.2500       -0.2713    41596    8.53%
    653   454       -0.2636    51       -0.2500       -0.2711    56596    8.44%
    865   612       -0.2548    27       -0.2500       -0.2710    71673    8.42%
   1101   781       -0.2536    36       -0.2500       -0.2701    87492    8.06%
   1309   954       -0.2597    54       -0.2500       -0.2700   105960    8.00%
   1539  1176       -0.2588    46       -0.2500       -0.2697   126867    7.88%
   1763  1343       -0.2606    41       -0.2500       -0.2694   143868    7.75%
*  2312  1767      integral     0       -0.2524       -0.2687   180576    6.48%

Performing restart 1

Repeating presolve.
Tried aggregator 1 time.
MIP Presolve modified 168 coefficients.
Reduced MIP has 654 rows, 709 columns, and 5550 nonzeros.
Reduced MIP has 174 binaries, 0 generals, 0 SOSs, and 0 indicators.
Presolve time = 0.00 sec. (2.50 ticks)
Tried aggregator 1 time.
Reduced MIP has 654 rows, 709 columns, and 5550 nonzeros.
Reduced MIP has 174 binaries, 0 generals, 0 SOSs, and 0 indicators.
Presolve time = 0.02 sec. (2.25 ticks)
Represolve time = 0.02 sec. (13.06 ticks)
   2492     0       -0.2742    69       -0.2524      Cuts: 15   195235    6.42%
   2492     0       -0.2736    69       -0.2524       Cuts: 6   195330    6.42%
   2492     0       -0.2736    70       -0.2524    MIRcuts: 7   195397    6.42%
   2492     0       -0.2732    70       -0.2524       Cuts: 9   195527    6.42%
   2492     0       -0.2731    68       -0.2524    MIRcuts: 6   195591    6.42%
   2492     2       -0.2731    68       -0.2524       -0.2686   195591    6.42%
Elapsed time = 4.34 sec. (4434.72 ticks, tree = 0.02 MB, solutions = 13)
   2766   178       -0.2678    67       -0.2524       -0.2686   228512    6.42%
   3302   536       -0.2553    39       -0.2524       -0.2680   269600    6.18%
   3731   863       -0.2573    54       -0.2524       -0.2671   311385    5.82%
   4195  1187       -0.2602    51       -0.2524       -0.2656   369728    5.23%
   4765  1547       -0.2571    44       -0.2524       -0.2644   422362    4.75%
   5334  1926       -0.2575    46       -0.2524       -0.2633   473415    4.34%
   6016  2374       -0.2600    45       -0.2524       -0.2627   523665    4.11%
   6664  2813       -0.2529    23       -0.2524       -0.2622   577167    3.88%
   7285  3131        cutoff             -0.2524       -0.2613   624886    3.54%
   7868  3404       -0.2527    35       -0.2524       -0.2609   678855    3.38%
Elapsed time = 12.61 sec. (13983.17 ticks, tree = 12.92 MB, solutions = 13)
*  8050  3511      integral     0       -0.2536       -0.2609   692728    2.87%
   8660  3275       -0.2544    43       -0.2536       -0.2606   749195    2.76%
   9209  3540       -0.2548    37       -0.2536       -0.2603   799192    2.65%
   9836  3792       -0.2546    60       -0.2536       -0.2600   846755    2.53%
  10328  3950       -0.2558    42       -0.2536       -0.2598   896169    2.44%
  10746  4050        cutoff             -0.2536       -0.2595   952377    2.32%
  11051  4085       -0.2542    58       -0.2536       -0.2592   994564    2.22%
  11418  4074        cutoff             -0.2536       -0.2590  1040122    2.14%
  11802  4028       -0.2539    58       -0.2536       -0.2587  1095368    2.03%
  12170  3997       -0.2553    61       -0.2536       -0.2583  1126487    1.88%
Elapsed time = 20.27 sec. (22817.59 ticks, tree = 15.74 MB, solutions = 14)
  12520  3745       -0.2539    51       -0.2536       -0.2579  1186537    1.72%
  12916  3590        cutoff             -0.2536       -0.2575  1227003    1.55%
  13348  3251        cutoff             -0.2536       -0.2570  1281086    1.33%
  13890  2991        cutoff             -0.2536       -0.2564  1316447    1.13%
  14522  2526        cutoff             -0.2536       -0.2559  1368956    0.94%
  15280  1863        cutoff             -0.2536       -0.2552  1414259    0.65%
  16501   808        cutoff             -0.2536       -0.2542  1458487    0.26%

Mixed integer rounding cuts applied:  309
Lift and project cuts applied:  6

Root node processing (before b&c):
  Real time             =    0.70 sec. (680.58 ticks)
Parallel b&c, 4 threads:
  Real time             =   25.67 sec. (29173.51 ticks)
  Sync time (average)   =    1.23 sec.
  Wait time (average)   =    0.00 sec.
                          ------------
Total (root+branch&cut) =   26.38 sec. (29854.09 ticks)
