Version identifier: 22.2.0.0 | 2026-05-04 | 5dff98e58
CPXPARAM_Read_DataCheck                          1
CPXPARAM_Threads                                 4
CPXPARAM_Parallel                                1
CPXPARAM_RandomSeed                              20260925
CPXPARAM_Simplex_Tolerances_Optimality           1.0000000000000001e-09
CPXPARAM_Simplex_Tolerances_Feasibility          1.0000000000000001e-09
CPXPARAM_TimeLimit                               600
CPXPARAM_MIP_Tolerances_AbsMIPGap                1.0000000000000001e-09
CPXPARAM_MIP_Tolerances_Integrality              1.0000000000000001e-09
Legacy callback                                  i
1 of 1 MIP starts provided solutions.
MIP start 'm1' defined initial solution with objective 0.1509.
Tried aggregator 1 time.
MIP Presolve eliminated 42 rows and 2 columns.
MIP Presolve modified 504 coefficients.
Reduced MIP has 654 rows, 708 columns, and 5595 nonzeros.
Reduced MIP has 174 binaries, 0 generals, 0 SOSs, and 0 indicators.
Presolve time = 0.00 sec. (2.27 ticks)
Probing time = 0.00 sec. (0.17 ticks)
Tried aggregator 1 time.
Detecting symmetries...
Reduced MIP has 654 rows, 708 columns, and 5595 nonzeros.
Reduced MIP has 174 binaries, 0 generals, 0 SOSs, and 0 indicators.
Presolve time = 0.00 sec. (2.21 ticks)
Probing time = 0.00 sec. (0.17 ticks)
MIP emphasis: balance optimality and feasibility.
MIP search method: dynamic search.
Parallel mode: deterministic, using up to 4 threads.
Root relaxation solution time = 0.02 sec. (17.47 ticks)

        Nodes                                         Cuts/
   Node  Left     Objective  IInf  Best Integer    Best Bound    ItCnt     Gap

*     0+    0                            0.1509        0.0000           100.00%
      0     0        0.1274    29        0.1509        0.1274      794   15.59%
      0     0        0.1275    43        0.1509      Cuts: 29      959   15.52%
      0     0        0.1278    40        0.1509      Cuts: 26     1109   15.30%
      0     0        0.1279    48        0.1509   MIRcuts: 34     1197   15.24%
      0     0        0.1282    50        0.1509      Cuts: 27     1297   15.04%
*     0+    0                            0.1503        0.1282            14.67%
      0     0        0.1285    54        0.1503      Cuts: 36     1448   14.48%
Detecting symmetries...
      0     0        0.1287    59        0.1503    MIRcuts: 6     1536   14.33%
      0     0        0.1287    57        0.1503    MIRcuts: 4     1556   14.32%
      0     0        0.1288    54        0.1503    MIRcuts: 3     1570   14.31%
*     0+    0                            0.1501        0.1288            14.24%
Detecting symmetries...
      0     2        0.1288    54        0.1501        0.1288     1570   14.24%
Elapsed time = 0.30 sec. (254.86 ticks, tree = 0.02 MB, solutions = 3)
    181   133        0.1341    32        0.1501        0.1297    18793   13.63%
    499   334        0.1373    35        0.1501        0.1307    32990   12.92%
    911   640        cutoff              0.1501        0.1312    52840   12.63%
   1250   920        0.1393    20        0.1501        0.1315    72886   12.42%
   1615  1170        0.1434    20        0.1501        0.1318    92732   12.23%
   2085  1514    infeasible              0.1501        0.1320   109861   12.06%

Performing restart 1

Repeating presolve.
Tried aggregator 1 time.
MIP Presolve modified 168 coefficients.
Reduced MIP has 654 rows, 708 columns, and 5547 nonzeros.
Reduced MIP has 174 binaries, 0 generals, 0 SOSs, and 0 indicators.
Presolve time = 0.00 sec. (2.50 ticks)
Tried aggregator 1 time.
Reduced MIP has 654 rows, 708 columns, and 5547 nonzeros.
Reduced MIP has 174 binaries, 0 generals, 0 SOSs, and 0 indicators.
Presolve time = 0.02 sec. (2.22 ticks)
Represolve time = 0.02 sec. (8.21 ticks)
   2465     0        0.1289    54        0.1501       Cuts: 7   132334   11.96%
   2465     0        0.1290    55        0.1501      Cuts: 11   132424   11.96%
   2465     0        0.1291    50        0.1501      Cuts: 17   132481   11.96%
   2465     0        0.1293    56        0.1501      Cuts: 12   132547   11.96%
   2465     0        0.1295    54        0.1501      Cuts: 13   132610   11.96%
   2465     0        0.1297    57        0.1501       Cuts: 9   132674   11.96%
   2465     2        0.1297    56        0.1501        0.1322   132674   11.96%
   2476     8        0.1325    54        0.1501        0.1322   133684   11.96%
   2548    53        0.1395    41        0.1501        0.1322   140688   11.96%
   3392   734        0.1457    41        0.1501        0.1325   199943   11.74%
Elapsed time = 6.36 sec. (7056.52 ticks, tree = 0.89 MB, solutions = 3)
   4023  1213        0.1423    30        0.1501        0.1331   254042   11.34%
   4598  1580        0.1352    42        0.1501        0.1336   312349   11.02%
   5191  1945        0.1384    44        0.1501        0.1342   375997   10.65%
   5856  2352        0.1474    33        0.1501        0.1347   450443   10.30%
   6569  2777        0.1451    38        0.1501        0.1350   498610   10.06%
   7297  3255        cutoff              0.1501        0.1353   565107    9.89%
   8031  3607        cutoff              0.1501        0.1357   612434    9.65%
   8857  4164        0.1387    20        0.1501        0.1360   676442    9.44%
   9676  4687        0.1448    35        0.1501        0.1362   730996    9.30%
  10477  5109        0.1419    49        0.1501        0.1364   785357    9.15%
Elapsed time = 14.58 sec. (16605.71 ticks, tree = 12.72 MB, solutions = 3)
  11285  5638        cutoff              0.1501        0.1367   845818    8.94%
  12135  6167        0.1437    40        0.1501        0.1369   904906    8.80%
  13083  6743        0.1406    50        0.1501        0.1371   963386    8.67%
  13833  7323        0.1441    47        0.1501        0.1373  1019539    8.55%
  14715  7804        0.1421    41        0.1501        0.1375  1063020    8.45%
  15622  8441        0.1435    36        0.1501        0.1376  1121881    8.35%
  16445  9024        cutoff              0.1501        0.1378  1191121    8.25%
  17270  9395        cutoff              0.1501        0.1379  1235968    8.15%
  17982  9904        0.1446    43        0.1501        0.1381  1299001    8.02%
  18725 10289        0.1391    40        0.1501        0.1383  1343466    7.92%
Elapsed time = 23.23 sec. (26168.30 ticks, tree = 36.87 MB, solutions = 3)
  19424 10704        0.1438    29        0.1501        0.1383  1403944    7.87%
  20206 11131        0.1443    35        0.1501        0.1384  1457399    7.79%
  20796 11462    infeasible              0.1501        0.1385  1512650    7.74%
  21289 11726        0.1449    45        0.1501        0.1386  1579708    7.67%
  21730 11871        0.1466    53        0.1501        0.1387  1643177    7.62%
  22269 12065        0.1461    55        0.1501        0.1388  1703181    7.56%
* 22597+12095                            0.1499        0.1389             7.35%
  22810 12150        cutoff              0.1499        0.1389  1748079    7.31%
  23296 12301        0.1457    45        0.1499        0.1390  1800885    7.27%
  23859 12544        cutoff              0.1499        0.1390  1878168    7.23%
  24325 12585        cutoff              0.1499        0.1391  1910209    7.16%
Elapsed time = 31.38 sec. (35718.63 ticks, tree = 47.98 MB, solutions = 4)
  24810 12762        0.1441    41        0.1499        0.1392  1989316    7.10%
  25359 12953        0.1445    53        0.1499        0.1393  2052220    7.04%
  25846 13045        cutoff              0.1499        0.1394  2091341    7.00%
  26261 13173        0.1447    32        0.1499        0.1394  2152281    6.95%
  26533 13312        cutoff              0.1499        0.1395  2204816    6.94%
  26735 13367        0.1435    36        0.1499        0.1395  2243558    6.94%
  27008 13452        0.1424    28        0.1499        0.1395  2271930    6.94%
  27209 13489        0.1450    47        0.1499        0.1395  2298188    6.94%
  27479 13553        cutoff              0.1499        0.1395  2336866    6.94%
  27853 13663        cutoff              0.1499        0.1395  2365507    6.93%
Elapsed time = 40.42 sec. (45292.67 ticks, tree = 52.75 MB, solutions = 4)
  28291 13732        0.1454    33        0.1499        0.1395  2411227    6.93%
  28771 13852        0.1439    49        0.1499        0.1398  2459601    6.71%
  29236 13978        0.1463    37        0.1499        0.1399  2536868    6.64%
  29719 14097        0.1445    55        0.1499        0.1400  2590074    6.60%
  30218 14167        0.1471    45        0.1499        0.1401  2650133    6.54%
  30650 14272        cutoff              0.1499        0.1401  2714473    6.50%
  31103 14322        cutoff              0.1499        0.1402  2768113    6.46%
  31509 14361        0.1468    52        0.1499        0.1402  2811077    6.42%
  31973 14402        cutoff              0.1499        0.1403  2897486    6.38%
  32463 14447        0.1430    42        0.1499        0.1404  2931472    6.33%
Elapsed time = 48.67 sec. (54851.37 ticks, tree = 54.95 MB, solutions = 4)
  32932 14462        0.1441    31        0.1499        0.1405  2994777    6.28%
  33395 14532        cutoff              0.1499        0.1405  3073754    6.23%
  33870 14522        0.1464    36        0.1499        0.1406  3126392    6.18%
  34311 14633        cutoff              0.1499        0.1407  3205456    6.11%
  34761 14605        0.1459    47        0.1499        0.1408  3242316    6.06%
  35258 14571        cutoff              0.1499        0.1409  3310476    6.01%
  35668 14585        cutoff              0.1499        0.1409  3365947    5.96%
  36123 14568        0.1454    48        0.1499        0.1410  3422583    5.91%
  36619 14609        0.1474    42        0.1499        0.1411  3490881    5.83%
  37103 14575        cutoff              0.1499        0.1412  3544206    5.78%
Elapsed time = 56.92 sec. (64409.58 ticks, tree = 56.30 MB, solutions = 4)
  37536 14547    infeasible              0.1499        0.1413  3622903    5.73%
  38035 14489        cutoff              0.1499        0.1414  3680263    5.67%
  38466 14490        cutoff              0.1499        0.1415  3736835    5.59%
  38980 14453        cutoff              0.1499        0.1416  3813793    5.54%
  39520 14444        cutoff              0.1499        0.1417  3870010    5.48%
  40049 14433        cutoff              0.1499        0.1417  3939081    5.43%
  40512 14478        cutoff              0.1499        0.1418  3975972    5.37%
  41024 14416        0.1460    32        0.1499        0.1419  4056810    5.31%
  41536 14361        cutoff              0.1499        0.1420  4103011    5.24%
  42038 14339        0.1425    28        0.1499        0.1421  4172592    5.19%
Elapsed time = 64.50 sec. (73961.02 ticks, tree = 55.11 MB, solutions = 4)
  42607 14304        0.1482    42        0.1499        0.1422  4241361    5.13%
  43188 14320        cutoff              0.1499        0.1423  4288978    5.07%
  43719 14357        0.1466    24        0.1499        0.1424  4350364    5.00%
  44240 14357        cutoff              0.1499        0.1425  4441821    4.93%
  44782 14319        0.1463    27        0.1499        0.1426  4489393    4.86%
  45280 14294    infeasible              0.1499        0.1426  4549446    4.82%
  45880 14231        cutoff              0.1499        0.1427  4610214    4.76%
  46428 14224        0.1459    28        0.1499        0.1428  4658234    4.70%
  46965 14088        cutoff              0.1499        0.1429  4748737    4.66%
  47531 14067        0.1471    16        0.1499        0.1430  4808230    4.59%
Elapsed time = 71.89 sec. (83514.75 ticks, tree = 53.18 MB, solutions = 4)
  48100 14060        0.1481    51        0.1499        0.1431  4864819    4.53%
  48701 14068        0.1455    26        0.1499        0.1432  4902106    4.47%
  49323 14082        0.1474    31        0.1499        0.1432  4973749    4.43%
  49953 14097        cutoff              0.1499        0.1433  5046323    4.37%
  50517 14092        0.1471    33        0.1499        0.1434  5113295    4.32%
  51116 14065        cutoff              0.1499        0.1435  5159070    4.28%
  51767 14044        cutoff              0.1499        0.1435  5229895    4.22%
  52451 14043        0.1471    28        0.1499        0.1436  5279043    4.16%
  53094 14024        0.1460    23        0.1499        0.1437  5324492    4.11%
  55652 13967        0.1460    49        0.1499        0.1440  5574799    3.91%
Elapsed time = 81.58 sec. (95932.26 ticks, tree = 53.19 MB, solutions = 4)
  58334 13814        0.1477    35        0.1499        0.1443  5815230    3.70%
  60986 13500        cutoff              0.1499        0.1446  6072057    3.49%
  63670 13199        cutoff              0.1499        0.1449  6274697    3.28%
  66512 12452        0.1467    64        0.1499        0.1452  6524650    3.08%
  69453 11679        0.1485    59        0.1499        0.1456  6779239    2.84%
  72665 10933        cutoff              0.1499        0.1460  6997182    2.60%
  75893  9985        0.1481    54        0.1499        0.1464  7225576    2.33%
  79468  8244        0.1479    55        0.1499        0.1469  7474817    1.98%
  83879  5651        cutoff              0.1499        0.1478  7729370    1.38%

Cover cuts applied:  24
Mixed integer rounding cuts applied:  185
Lift and project cuts applied:  3

Root node processing (before b&c):
  Real time             =    0.30 sec. (254.44 ticks)
Parallel b&c, 4 threads:
  Real time             =  110.64 sec. (132869.36 ticks)
  Sync time (average)   =    4.09 sec.
  Wait time (average)   =    0.00 sec.
                          ------------
Total (root+branch&cut) =  110.94 sec. (133123.80 ticks)
