Version identifier: 22.2.0.0 | 2026-05-04 | 5dff98e58
CPXPARAM_Read_DataCheck                          1
CPXPARAM_Threads                                 4
CPXPARAM_Parallel                                1
CPXPARAM_RandomSeed                              20260925
CPXPARAM_MIP_Strategy_Search                     1
CPXPARAM_Simplex_Tolerances_Optimality           1.0000000000000001e-09
CPXPARAM_Simplex_Tolerances_Feasibility          1.0000000000000001e-09
CPXPARAM_TimeLimit                               600
CPXPARAM_MIP_Tolerances_AbsMIPGap                1.0000000000000001e-09
CPXPARAM_MIP_Tolerances_Integrality              1.0000000000000001e-09
Legacy callback                                  iLUD
Lazy constraint(s) or lazy constraint/branch callback is present.
    Disabling dual reductions (CPX_PARAM_REDUCE) in presolve.
    Disabling presolve reductions that prevent crushing forms (CPX_PARAM_PREREFORM).
         Disabling repeat represolve because of lazy constraint/incumbent callback.
Warning: Effort level 'CheckFeas' is incompatible with lazy constraint/incumbent callback.
         Effort level increased to 'SolveFixed'.
1 of 1 MIP starts provided solutions.
MIP start 'm1' defined initial solution with objective -0.1473.
Tried aggregator 1 time.
MIP Presolve eliminated 1353 rows and 0 columns.
Reduced MIP has 1616 rows, 2360 columns, and 18098 nonzeros.
Reduced MIP has 1164 binaries, 0 generals, 0 SOSs, and 0 indicators.
Presolve time = 0.00 sec. (12.26 ticks)
Probing time = 0.00 sec. (0.29 ticks)
MIP emphasis: balance optimality and feasibility.
MIP search method: traditional branch-and-cut.
Parallel mode: deterministic, using up to 4 threads.
Root relaxation solution time = 0.05 sec. (53.32 ticks)

        Nodes                                         Cuts/
   Node  Left     Objective  IInf  Best Integer    Best Bound    ItCnt     Gap         Variable B NodeID Parent  Depth

*     0+    0                           -0.1473       -0.8153           453.55%
      0     0       -0.2077    32       -0.1473       -0.2077     1446   40.99%
*     0+    0                           -0.2016       -0.2077             3.03%
*     0+    0                           -0.2031       -0.2077             2.25%
*     0+    0                           -0.2047       -0.2077             1.47%
*     0+    0                           -0.2053       -0.2077             1.15%
      0     2       -0.2077    19       -0.2053       -0.2077     1446    1.15%                        0             0
Elapsed time = 0.64 sec. (436.56 ticks, tree = 0.02 MB, solutions = 5)
     27    17       -0.2059    10       -0.2053       -0.2077     3595    1.15%            x929 U     48     36      9
    123    77       -0.2054    12       -0.2053       -0.2077     8513    1.15%            x826 D     86     82     16
    271   157       -0.2062    12       -0.2053       -0.2077    13593    1.15%            x932 U    181    177     15
    484   284       -0.2062    21       -0.2053       -0.2073    17683    0.96%            x846 U    552    544     14
    699   430       -0.2055    16       -0.2053       -0.2073    23819    0.96%            x932 U    633    629     22
    897   561       -0.2067    16       -0.2053       -0.2072    29689    0.94%             x32 U    894    890      9
   1149   739        cutoff             -0.2053       -0.2071    35784    0.90%            x155 U   1252   1244     13
   1399   892       -0.2062    12       -0.2053       -0.2071    43341    0.86%             x34 D   1392   1388     16
   1605  1010       -0.2054    14       -0.2053       -0.2071    50089    0.86%             x31 U   1603   1599     17
   2588  1709       -0.2066    13       -0.2053       -0.2070    81542    0.81%            x836 U   2425   2421     12
Elapsed time = 61.02 sec. (3563.48 ticks, tree = 17.88 MB, solutions = 5)
   3940  2569       -0.2064     8       -0.2053       -0.2069   110167    0.78%            x820 U   3832   2995     11
   5059  3315       -0.2055     4       -0.2053       -0.2068   143366    0.74%            x932 U   5056   5052     33
   6274  4039       -0.2054    12       -0.2053       -0.2068   178065    0.71%           x1028 U   6610   6606     18
   7286  4603       -0.2056    17       -0.2053       -0.2067   214161    0.70%             x31 U   7646   7642     21
   8286  5162       -0.2054     4       -0.2053       -0.2067   254904    0.67%            x673 D   8373   8369     42
   9303  5746       -0.2056    11       -0.2053       -0.2067   292237    0.66%            x155 D   9381   9377     16
  10875  6541        cutoff             -0.2053       -0.2066   321503    0.62%             x34 D  10901  10893     24
  12573  7915       -0.2055     2       -0.2053       -0.2066   356075    0.62%            x934 U  12479  12475     37
  14049  8779       -0.2062    14       -0.2053       -0.2066   389587    0.61%            x610 D  14071  14067     16
  15355  9369        cutoff             -0.2053       -0.2065   417393    0.60%            x841 U  15491  15483     39
Elapsed time = 337.17 sec. (13106.01 ticks, tree = 94.10 MB, solutions = 5)
  16801 10240       -0.2054     5       -0.2053       -0.2065   447002    0.59%            x220 D  16520  16516     40
  18127 11202       -0.2057     4       -0.2053       -0.2065   486236    0.59%            x725 D  17924  17920     24
  19341 11699        cutoff             -0.2053       -0.2065   512900    0.57%             x35 U  19529  19521     17
  20363 12222       -0.2058     4       -0.2053       -0.2065   545831    0.57%            x843 D  20589  20585     17
  21716 13110       -0.2054     4       -0.2053       -0.2064   585873    0.55%            x103 D  21815  21811     45
  23010 13832       -0.2054    13       -0.2053       -0.2064   619219    0.54%            x868 D  23023  23019     29
  24148 14398        cutoff             -0.2053       -0.2064   656745    0.52%            x832 U  24297  24285     28
  25142 14793       -0.2054     6       -0.2053       -0.2063   684381    0.50%            x835 D  25187  25183     21
  25748 15127        cutoff             -0.2053       -0.2063   704824    0.50%            x818 U  25795  25791     16
  26273 15284        cutoff             -0.2053       -0.2063   716505    0.49%            x475 U  26217  26213     50
Elapsed time = 590.97 sec. (22653.68 ticks, tree = 145.92 MB, solutions = 5)

User cuts applied:  1

Root node processing (before b&c):
  Real time             =    0.64 sec. (435.44 ticks)
Parallel b&c, 4 threads:
  Real time             =  599.58 sec. (22737.51 ticks)
  Sync time (average)   =   42.07 sec.
  Wait time (average)   =    0.00 sec.
                          ------------
Total (root+branch&cut) =  600.22 sec. (23172.95 ticks)
