Version identifier: 22.2.0.0 | 2026-05-04 | 5dff98e58
CPXPARAM_Read_DataCheck                          1
CPXPARAM_Threads                                 4
CPXPARAM_Parallel                                1
CPXPARAM_RandomSeed                              20260925
CPXPARAM_MIP_Strategy_Search                     1
CPXPARAM_Simplex_Tolerances_Optimality           1.0000000000000001e-09
CPXPARAM_Simplex_Tolerances_Feasibility          1.0000000000000001e-09
CPXPARAM_TimeLimit                               600
CPXPARAM_MIP_Tolerances_AbsMIPGap                1.0000000000000001e-09
CPXPARAM_MIP_Tolerances_Integrality              1.0000000000000001e-09
Legacy callback                                  iLUD
Lazy constraint(s) or lazy constraint/branch callback is present.
    Disabling dual reductions (CPX_PARAM_REDUCE) in presolve.
    Disabling presolve reductions that prevent crushing forms (CPX_PARAM_PREREFORM).
         Disabling repeat represolve because of lazy constraint/incumbent callback.
Warning: Effort level 'CheckFeas' is incompatible with lazy constraint/incumbent callback.
         Effort level increased to 'SolveFixed'.
1 of 1 MIP starts provided solutions.
MIP start 'm1' defined initial solution with objective 0.0560.
Tried aggregator 1 time.
MIP Presolve eliminated 3106 rows and 0 columns.
Reduced MIP has 1471 rows, 2432 columns, and 14362 nonzeros.
Reduced MIP has 1200 binaries, 0 generals, 0 SOSs, and 0 indicators.
Presolve time = 0.02 sec. (11.50 ticks)
Probing time = 0.00 sec. (0.25 ticks)
MIP emphasis: balance optimality and feasibility.
MIP search method: traditional branch-and-cut.
Parallel mode: deterministic, using up to 4 threads.
Root relaxation solution time = 0.02 sec. (29.02 ticks)

        Nodes                                         Cuts/
   Node  Left     Objective  IInf  Best Integer    Best Bound    ItCnt     Gap         Variable B NodeID Parent  Depth

*     0+    0                            0.0560        0.0000           100.00%
      0     0        0.0522    10        0.0560        0.0522      894    6.74%
      0     0        0.0524    29        0.0560     Covers: 1      913    6.31%
      0     0        0.0524    30        0.0560 UserPurge1: 1      914    6.31%
*     0+    0                            0.0554        0.0524             5.43%
*     0+    0                            0.0554        0.0524             5.42%
*     0+    0                            0.0554        0.0524             5.42%
*     0+    0                            0.0554        0.0524             5.42%
      0     0  -1.00000e+75     0        0.0554        0.0524      914    5.42%
      0     2        0.0524    28        0.0554        0.0524      914    5.42%                        0             0
Elapsed time = 0.53 sec. (219.53 ticks, tree = 0.02 MB, solutions = 5)
*   107+   61                            0.0553        0.0524             5.17%
*   118+   60                            0.0553        0.0524             5.11%
*   119+   65                            0.0553        0.0524             5.11%
*   130+   67                            0.0553        0.0524             5.11%
    221   101        cutoff              0.0553        0.0525     5488    5.03%            x587 D    226    218     23
*   505+  248                            0.0553        0.0526             4.85%
*   508+  236                            0.0553        0.0526             4.85%
    604   286        0.0541    22        0.0553        0.0529    13431    4.32%            x756 D    641    637      9
    995   489        0.0552     9        0.0553        0.0532    23554    3.65%            x936 D    894    890     19
   1350   552        cutoff              0.0553        0.0533    34536    3.52%            x168 U   1403    556     13
   1678   600        0.0552    15        0.0553        0.0537    50551    2.74%            x167 D   1682   1678     13
   2220   702        0.0552    10        0.0553        0.0542    59714    1.86%            x948 D   2173   2169     17
   2990   813        cutoff              0.0553        0.0551    68214    0.31%            x587 U   3013    194     20
   4120   884        0.0552    15        0.0553        0.0552    72935    0.12%            x995 D   4130   4126     23
   5257   610        cutoff              0.0553        0.0552    76795    0.08%           x1013 U   5391   2606     22

Cover cuts applied:  8

Root node processing (before b&c):
  Real time             =    0.53 sec. (218.75 ticks)
Parallel b&c, 4 threads:
  Real time             =    6.77 sec. (2389.59 ticks)
  Sync time (average)   =    0.34 sec.
  Wait time (average)   =    0.00 sec.
                          ------------
Total (root+branch&cut) =    7.30 sec. (2608.35 ticks)
