Version identifier: 22.2.0.0 | 2026-05-04 | 5dff98e58
CPXPARAM_Read_DataCheck                          1
CPXPARAM_Threads                                 4
CPXPARAM_Parallel                                1
CPXPARAM_RandomSeed                              20260925
CPXPARAM_Simplex_Tolerances_Optimality           1.0000000000000001e-09
CPXPARAM_Simplex_Tolerances_Feasibility          1.0000000000000001e-09
CPXPARAM_TimeLimit                               600
CPXPARAM_MIP_Tolerances_AbsMIPGap                1.0000000000000001e-09
CPXPARAM_MIP_Tolerances_Integrality              1.0000000000000001e-09
Legacy callback                                  i
1 of 13 MIP starts provided solutions.
MIP start 'm1' defined initial solution with objective 0.0000.
Tried aggregator 1 time.
MIP Presolve eliminated 39 rows and 3 columns.
MIP Presolve modified 504 coefficients.
Reduced MIP has 662 rows, 709 columns, and 5697 nonzeros.
Reduced MIP has 174 binaries, 0 generals, 0 SOSs, and 0 indicators.
Presolve time = 0.00 sec. (2.27 ticks)
Probing time = 0.00 sec. (0.17 ticks)
Tried aggregator 1 time.
Detecting symmetries...
Reduced MIP has 662 rows, 709 columns, and 5697 nonzeros.
Reduced MIP has 174 binaries, 0 generals, 0 SOSs, and 0 indicators.
Presolve time = 0.00 sec. (2.27 ticks)
Probing time = 0.00 sec. (0.17 ticks)
MIP emphasis: balance optimality and feasibility.
MIP search method: dynamic search.
Parallel mode: deterministic, using up to 4 threads.
Root relaxation solution time = 0.00 sec. (14.48 ticks)

        Nodes                                         Cuts/
   Node  Left     Objective  IInf  Best Integer    Best Bound    ItCnt     Gap

*     0+    0                            0.0000       -2.0000              --- 
      0     0       -0.6194    35        0.0000       -0.6194      577     --- 
      0     0       -0.6194    58        0.0000      Cuts: 63     1134     --- 
      0     0       -0.6124    77        0.0000      Cuts: 49     2122     --- 
      0     0       -0.6075    80        0.0000   MIRcuts: 57     2545     --- 
*     0+    0                           -0.5190       -0.6075            17.05%
      0     0  -1.00000e+75     0       -0.5190       -0.6075     2545   17.05%
      0     0       -0.6054    86       -0.5190   MIRcuts: 25     2843   16.64%
      0     0       -0.6029    88       -0.5190   MIRcuts: 25     3176   15.65%
Detecting symmetries...
      0     0       -0.6000    90       -0.5190   MIRcuts: 24     3569   15.60%
      0     0       -0.5972    86       -0.5190   MIRcuts: 20     3809   15.06%
      0     0       -0.5949    92       -0.5190   MIRcuts: 15     4042   14.45%
      0     0       -0.5921    93       -0.5190   MIRcuts: 15     4357   14.07%
      0     0       -0.5894    94       -0.5190   MIRcuts: 20     4657   13.56%
      0     0       -0.5886    96       -0.5190   MIRcuts: 13     4877   13.33%
      0     0       -0.5883    92       -0.5190       Cuts: 9     4982   13.33%
      0     0       -0.5879    95       -0.5190    MIRcuts: 5     5110   13.26%
      0     0       -0.5871    92       -0.5190       Cuts: 8     5174   13.12%
      0     0       -0.5867    97       -0.5190    MIRcuts: 8     5275   13.03%
      0     0       -0.5865    94       -0.5190    MIRcuts: 6     5342   12.81%
      0     0       -0.5864    93       -0.5190    MIRcuts: 1     5387   12.81%
Detecting symmetries...
      0     2       -0.5864    93       -0.5190       -0.5837     5387   12.45%
Elapsed time = 0.92 sec. (910.55 ticks, tree = 0.02 MB, solutions = 2)
     39    28       -0.5463    69       -0.5190       -0.5837    12575   12.45%
    106    84       -0.5244    38       -0.5190       -0.5837    24622   12.45%
    194   147       -0.5339    54       -0.5190       -0.5791    38899   11.57%
    283   189       -0.5466    50       -0.5190       -0.5791    46300   11.56%
    379   272       -0.5389    62       -0.5190       -0.5789    58787   11.53%
    498   369       -0.5355    59       -0.5190       -0.5786    74327   11.48%
    605   463       -0.5325    39       -0.5190       -0.5768    87691   11.12%
    691   542       -0.5606    76       -0.5190       -0.5762    98894   11.02%
    795   591       -0.5264    60       -0.5190       -0.5749   108755   10.76%

Performing restart 1

Repeating presolve.
Tried aggregator 1 time.
MIP Presolve modified 168 coefficients.
Reduced MIP has 662 rows, 709 columns, and 5649 nonzeros.
Reduced MIP has 174 binaries, 0 generals, 0 SOSs, and 0 indicators.
Presolve time = 0.02 sec. (2.55 ticks)
Tried aggregator 1 time.
Reduced MIP has 662 rows, 709 columns, and 5649 nonzeros.
Reduced MIP has 174 binaries, 0 generals, 0 SOSs, and 0 indicators.
Presolve time = 0.00 sec. (2.28 ticks)
Represolve time = 0.02 sec. (14.39 ticks)
   1248     0       -0.5836    91       -0.5190      Cuts: 12   168306   10.47%
   1248     0       -0.5795    99       -0.5190      Cuts: 16   168651   10.47%
   1248     0       -0.5767    99       -0.5190      Cuts: 18   168921   10.47%
   1248     0       -0.5750    99       -0.5190      Cuts: 13   169147   10.47%
   1248     0       -0.5734    97       -0.5190      Cuts: 11   169354   10.47%
   1248     0       -0.5727    97       -0.5190      Cuts: 12   169478   10.33%
   1248     0       -0.5721    96       -0.5190      Cuts: 10   169614   10.22%
   1248     0       -0.5709    96       -0.5190       Cuts: 7   169792   10.00%
   1248     0       -0.5706    92       -0.5190    MIRcuts: 8   169905    9.87%
   1248     0       -0.5696    94       -0.5190      Cuts: 10   170064    9.51%
   1248     0       -0.5679    93       -0.5190    MIRcuts: 6   170270    9.42%
   1248     0       -0.5674    91       -0.5190    MIRcuts: 7   170391    9.32%
   1248     0       -0.5673    93       -0.5190    MIRcuts: 6   170464    9.30%
   1248     0       -0.5671    89       -0.5190    MIRcuts: 1   170548    9.26%
   1248     0       -0.5671    89       -0.5190    MIRcuts: 1   170553    8.93%
   1248     0       -0.5671    89       -0.5190    MIRcuts: 2   170578    8.93%
   1248     0       -0.5670    87       -0.5190    MIRcuts: 3   170660    8.69%
   1248     0       -0.5665    96       -0.5190    MIRcuts: 2   170820    8.69%
   1248     0       -0.5664    91       -0.5190    MIRcuts: 1   170877    8.69%
   1248     0       -0.5663    95       -0.5190    MIRcuts: 1   170907    8.69%
   1248     2       -0.5663    95       -0.5190       -0.5642   170907    8.69%
Elapsed time = 6.84 sec. (7231.65 ticks, tree = 0.02 MB, solutions = 2)
   1420   102       -0.5213    48       -0.5190       -0.5636   192186    8.59%
   1843   412       -0.5488    84       -0.5190       -0.5573   231157    7.37%
   2254   742       -0.5239    42       -0.5190       -0.5550   269278    6.93%
   2724  1104       -0.5268    66       -0.5190       -0.5519   311344    6.33%
   3218  1526       -0.5255    46       -0.5190       -0.5507   357344    6.10%
   3727  1890       -0.5230    58       -0.5190       -0.5499   406809    5.95%
   4234  2221       -0.5232    56       -0.5190       -0.5487   453956    5.71%
   4746  2568       -0.5363    62       -0.5190       -0.5477   501204    5.52%
   5287  3006       -0.5262    50       -0.5190       -0.5468   553049    5.34%
   5810  3357        cutoff             -0.5190       -0.5461   599119    5.21%
Elapsed time = 14.67 sec. (16780.50 ticks, tree = 14.97 MB, solutions = 2)
   6282  3672       -0.5397    69       -0.5190       -0.5456   647681    5.12%
   6793  4070       -0.5192    69       -0.5190       -0.5451   704821    5.02%
   7347  4387       -0.5304    52       -0.5190       -0.5446   745482    4.92%
   7828  4768       -0.5330    59       -0.5190       -0.5441   800795    4.83%
   8377  5119       -0.5267    71       -0.5190       -0.5437   854253    4.74%
   8938  5472       -0.5421    71       -0.5190       -0.5432   903740    4.64%
   9513  5911       -0.5200    67       -0.5190       -0.5428   955610    4.57%
  10094  6234        cutoff             -0.5190       -0.5424  1001764    4.50%
  10576  6612        cutoff             -0.5190       -0.5420  1058058    4.42%
  11084  6900       -0.5333    62       -0.5190       -0.5417  1109329    4.36%
Elapsed time = 22.83 sec. (26336.14 ticks, tree = 31.66 MB, solutions = 2)
  11652  7323       -0.5289    59       -0.5190       -0.5412  1171888    4.28%
  12276  7653       -0.5218    49       -0.5190       -0.5409  1211981    4.22%
  12800  7961       -0.5265    61       -0.5190       -0.5406  1258850    4.16%
  13333  8412       -0.5248    75       -0.5190       -0.5403  1326542    4.09%
  13937  8780        cutoff             -0.5190       -0.5400  1382252    4.03%
  14455  8971        cutoff             -0.5190       -0.5398  1420734    3.99%
  15024  9404       -0.5342    59       -0.5190       -0.5392  1495676    3.88%
  15515  9612       -0.5288    33       -0.5190       -0.5389  1535896    3.83%
  16036  9828       -0.5274    66       -0.5190       -0.5387  1581524    3.79%
  16571 10070       -0.5264    60       -0.5190       -0.5385  1626234    3.74%
Elapsed time = 30.89 sec. (35896.02 ticks, tree = 45.86 MB, solutions = 2)
  17168 10416       -0.5344    66       -0.5190       -0.5381  1695178    3.67%
  17766 10762       -0.5283    61       -0.5190       -0.5377  1752490    3.60%
  18336 11065        cutoff             -0.5190       -0.5375  1797210    3.55%
  18940 11359       -0.5324    68       -0.5190       -0.5372  1844291    3.49%
  19545 11716       -0.5275    52       -0.5190       -0.5369  1900846    3.44%
  20110 12130       -0.5204    39       -0.5190       -0.5367  1959965    3.39%
  20528 12392       -0.5195    57       -0.5190       -0.5364  2008475    3.35%
  20933 12542       -0.5242    56       -0.5190       -0.5362  2061223    3.30%
  21332 12599       -0.5256    49       -0.5190       -0.5360  2087034    3.27%
  21769 12838       -0.5221    67       -0.5190       -0.5358  2153720    3.23%
Elapsed time = 38.72 sec. (45457.82 ticks, tree = 55.18 MB, solutions = 2)
  22233 12931       -0.5220    49       -0.5190       -0.5356  2175412    3.20%
  22667 13151       -0.5291    65       -0.5190       -0.5355  2231411    3.17%
  23116 13335        cutoff             -0.5190       -0.5353  2292366    3.13%
  23629 13506       -0.5207    31       -0.5190       -0.5350  2344760    3.08%
  24109 13729       -0.5217    52       -0.5190       -0.5348  2416055    3.04%
  24544 13802       -0.5205    47       -0.5190       -0.5346  2459115    3.00%
  25004 13885       -0.5223    51       -0.5190       -0.5344  2489602    2.95%
  25369 14113        cutoff             -0.5190       -0.5341  2573193    2.90%
  25584 14180       -0.5219    62       -0.5190       -0.5341  2599092    2.90%
  25827 14239       -0.5253    67       -0.5190       -0.5341  2617153    2.90%
Elapsed time = 46.67 sec. (55025.88 ticks, tree = 61.91 MB, solutions = 2)
  26097 14361       -0.5224    58       -0.5190       -0.5341  2654140    2.90%
  26314 14391        cutoff             -0.5190       -0.5341  2669615    2.90%
  26531 14455       -0.5213    64       -0.5190       -0.5341  2695869    2.90%
  26764 14484       -0.5199    58       -0.5190       -0.5341  2722146    2.90%
  27115 14606       -0.5209    40       -0.5190       -0.5341  2758776    2.90%
  27451 14688       -0.5237    43       -0.5190       -0.5341  2788693    2.90%
  27845 14767       -0.5222    53       -0.5190       -0.5330  2828387    2.70%
  28322 14872       -0.5275    39       -0.5190       -0.5328  2880233    2.65%
  28765 14997        cutoff             -0.5190       -0.5326  2935655    2.61%
  29275 15092       -0.5210    68       -0.5190       -0.5324  2989018    2.57%
Elapsed time = 54.56 sec. (64595.27 ticks, tree = 63.18 MB, solutions = 2)
  29759 15252       -0.5217    53       -0.5190       -0.5322  3041131    2.54%
  30282 15384       -0.5202    41       -0.5190       -0.5320  3093403    2.50%
  30789 15468       -0.5216    39       -0.5190       -0.5318  3136014    2.47%
  31334 15587       -0.5234    62       -0.5190       -0.5317  3182514    2.44%
  31779 15747        cutoff             -0.5190       -0.5315  3235083    2.40%
  32269 15807        cutoff             -0.5190       -0.5313  3307897    2.36%
  32791 15841       -0.5202    33       -0.5190       -0.5311  3342974    2.32%
  33321 15977       -0.5212    41       -0.5190       -0.5309  3404857    2.28%
  33779 16018       -0.5269    51       -0.5190       -0.5307  3458950    2.24%
  34306 16132        cutoff             -0.5190       -0.5305  3526882    2.21%
Elapsed time = 62.05 sec. (74141.74 ticks, tree = 66.13 MB, solutions = 2)
  34729 16151        cutoff             -0.5190       -0.5304  3551160    2.18%
  35230 16162        cutoff             -0.5190       -0.5302  3606618    2.15%
  35751 16150        cutoff             -0.5190       -0.5300  3649414    2.10%
  36277 16189       -0.5224    56       -0.5190       -0.5298  3715901    2.08%
  36817 16291       -0.5207    35       -0.5190       -0.5297  3773004    2.04%
  37377 16274        cutoff             -0.5190       -0.5294  3817104    2.00%
  37913 16370        cutoff             -0.5190       -0.5292  3881688    1.96%
  38443 16424        cutoff             -0.5190       -0.5290  3926473    1.92%
  38985 16396       -0.5228    40       -0.5190       -0.5288  3983200    1.89%
  39551 16345       -0.5209    46       -0.5190       -0.5286  4048385    1.85%
Elapsed time = 70.08 sec. (83698.10 ticks, tree = 65.62 MB, solutions = 2)
  40089 16351        cutoff             -0.5190       -0.5284  4115739    1.80%
  40601 16305        cutoff             -0.5190       -0.5282  4136099    1.77%
  41188 16297       -0.5201    37       -0.5190       -0.5280  4229112    1.73%
  41723 16265       -0.5241    69       -0.5190       -0.5279  4260939    1.70%
  42213 16184       -0.5199    31       -0.5190       -0.5277  4317856    1.66%
  42752 16144        cutoff             -0.5190       -0.5275  4341499    1.63%
  43352 16075       -0.5194    26       -0.5190       -0.5274  4413924    1.60%
  43891 15948       -0.5195    32       -0.5190       -0.5271  4449974    1.56%
  44496 15829       -0.5228    35       -0.5190       -0.5269  4536769    1.51%
  46896 15354       -0.5191    42       -0.5190       -0.5262  4739647    1.38%
Elapsed time = 80.08 sec. (96111.05 ticks, tree = 61.22 MB, solutions = 2)
  49028 14621        cutoff             -0.5190       -0.5254  4935310    1.23%
  51809 13436        cutoff             -0.5190       -0.5246  5156815    1.07%
  54913 11688        cutoff             -0.5190       -0.5236  5359175    0.88%
  58593  9251        cutoff             -0.5190       -0.5224  5589190    0.65%
  63443  5619       -0.5206    27       -0.5190       -0.5210  5804340    0.38%

Flow cuts applied:  1
Mixed integer rounding cuts applied:  212
Lift and project cuts applied:  15
Gomory fractional cuts applied:  2

Root node processing (before b&c):
  Real time             =    0.92 sec. (909.55 ticks)
Parallel b&c, 4 threads:
  Real time             =   97.64 sec. (116700.42 ticks)
  Sync time (average)   =    3.65 sec.
  Wait time (average)   =    0.00 sec.
                          ------------
Total (root+branch&cut) =   98.56 sec. (117609.97 ticks)
