Version identifier: 22.2.0.0 | 2026-05-04 | 5dff98e58
CPXPARAM_Read_DataCheck                          1
CPXPARAM_Threads                                 4
CPXPARAM_Parallel                                1
CPXPARAM_RandomSeed                              20260925
CPXPARAM_Simplex_Tolerances_Optimality           1.0000000000000001e-09
CPXPARAM_Simplex_Tolerances_Feasibility          1.0000000000000001e-09
CPXPARAM_TimeLimit                               600
CPXPARAM_MIP_Tolerances_AbsMIPGap                1.0000000000000001e-09
CPXPARAM_MIP_Tolerances_Integrality              1.0000000000000001e-09
Legacy callback                                  i
2 of 3 MIP starts provided solutions.
MIP start 'm1' defined initial solution with objective 0.1506.
Tried aggregator 1 time.
MIP Presolve eliminated 40 rows and 4 columns.
MIP Presolve modified 504 coefficients.
Reduced MIP has 663 rows, 708 columns, and 5706 nonzeros.
Reduced MIP has 174 binaries, 0 generals, 0 SOSs, and 0 indicators.
Presolve time = 0.00 sec. (2.28 ticks)
Probing time = 0.00 sec. (0.17 ticks)
Tried aggregator 1 time.
Detecting symmetries...
Reduced MIP has 663 rows, 708 columns, and 5706 nonzeros.
Reduced MIP has 174 binaries, 0 generals, 0 SOSs, and 0 indicators.
Presolve time = 0.00 sec. (2.25 ticks)
Probing time = 0.02 sec. (0.17 ticks)
MIP emphasis: balance optimality and feasibility.
MIP search method: dynamic search.
Parallel mode: deterministic, using up to 4 threads.
Root relaxation solution time = 0.00 sec. (7.79 ticks)

        Nodes                                         Cuts/
   Node  Left     Objective  IInf  Best Integer    Best Bound    ItCnt     Gap

*     0+    0                            0.1506        0.0000           100.00%
      0     0        0.1305    25        0.1506        0.1305      372   13.36%
      0     0        0.1306    35        0.1506      Cuts: 35      481   13.29%
      0     0        0.1307    38        0.1506      Cuts: 35      607   13.24%
      0     0        0.1307    44        0.1506      Cuts: 22      703   13.22%
      0     0        0.1308    50        0.1506   MIRcuts: 36      858   13.16%
      0     0        0.1309    56        0.1506   MIRcuts: 32      995   13.11%
Detecting symmetries...
*     0+    0                            0.1499        0.1309            12.70%
      0     0        0.1309    59        0.1499      Cuts: 31     1137   12.69%
      0     0        0.1309    59        0.1499   MIRcuts: 13     1193   12.66%
      0     0        0.1310    57        0.1499   MIRcuts: 13     1267   12.62%
      0     0        0.1312    60        0.1499   MIRcuts: 13     1353   12.50%
      0     0        0.1313    59        0.1499    MIRcuts: 8     1401   12.42%
      0     0        0.1314    57        0.1499       Cuts: 8     1457   12.37%
      0     0        0.1315    55        0.1499    MIRcuts: 8     1516   12.32%
Detecting symmetries...
      0     2        0.1315    54        0.1499        0.1316     1516   12.24%
Elapsed time = 0.28 sec. (289.87 ticks, tree = 0.02 MB, solutions = 2)
*    49+    2                            0.1498        0.1316            12.15%
    140   103        0.1366    33        0.1498        0.1322    14979   11.74%
    389   282        0.1391    28        0.1498        0.1322    28115   11.74%
    765   535        0.1451    24        0.1498        0.1328    44095   11.30%
   1104   786        0.1428    27        0.1498        0.1332    62642   11.08%
   1493  1069        0.1490    34        0.1498        0.1334    81074   10.93%
   1900  1355        0.1400    26        0.1498        0.1337   100206   10.74%
   2320  1684        0.1372    43        0.1498        0.1339   120592   10.59%

Performing restart 1

Repeating presolve.
Tried aggregator 1 time.
MIP Presolve modified 168 coefficients.
Reduced MIP has 663 rows, 708 columns, and 5658 nonzeros.
Reduced MIP has 174 binaries, 0 generals, 0 SOSs, and 0 indicators.
Presolve time = 0.00 sec. (2.55 ticks)
Tried aggregator 1 time.
Reduced MIP has 663 rows, 708 columns, and 5658 nonzeros.
Reduced MIP has 174 binaries, 0 generals, 0 SOSs, and 0 indicators.
Presolve time = 0.00 sec. (2.26 ticks)
Represolve time = 0.02 sec. (9.20 ticks)
   2501     0        0.1318    59        0.1498      Cuts: 23   135890   10.49%
   2501     0        0.1320    57        0.1498      Cuts: 24   135975   10.49%
   2501     0        0.1322    66        0.1498      Cuts: 29   136088   10.49%
   2501     0        0.1324    57        0.1498   MIRcuts: 18   136197   10.49%
   2501     0        0.1329    62        0.1498      Cuts: 16   136337   10.42%
   2501     0        0.1330    66        0.1498      Cuts: 20   136437   10.42%
   2501     0        0.1333    67        0.1498   MIRcuts: 14   136566   10.42%
   2501     0        0.1334    64        0.1498    MIRcuts: 9   136614   10.42%
   2501     0        0.1335    63        0.1498      Cuts: 14   136694   10.42%
   2501     0        0.1336    73        0.1498   MIRcuts: 11   136752   10.42%
   2501     0        0.1336    75        0.1498    MIRcuts: 6   136781   10.42%
   2501     0        0.1337    78        0.1498       Cuts: 9   136835   10.42%
   2501     0        0.1339    61        0.1498   MIRcuts: 11   136922   10.42%
   2501     0        0.1341    70        0.1498      Cuts: 20   136996   10.42%
   2501     0        0.1342    73        0.1498    MIRcuts: 7   137082   10.40%
   2501     0        0.1343    76        0.1498   MIRcuts: 13   137182   10.34%
   2501     0        0.1343    76        0.1498      Cuts: 11   137235   10.31%
   2501     0        0.1344    79        0.1498    MIRcuts: 7   137282   10.29%
   2501     0        0.1345    65        0.1498    MIRcuts: 8   137377   10.21%
   2501     0        0.1346    58        0.1498       Cuts: 5   137443   10.15%
   2501     0        0.1346    65        0.1498       Cuts: 2   137474   10.12%
   2501     2        0.1346    65        0.1498        0.1346   137474   10.12%
   2515    13        0.1368    43        0.1498        0.1349   138792    9.95%
   3282   578        0.1488    38        0.1498        0.1361   185550    9.15%
Elapsed time = 7.89 sec. (9011.75 ticks, tree = 2.54 MB, solutions = 3)
   4029  1155        0.1457    32        0.1498        0.1369   235296    8.57%
   4845  1750        0.1442    45        0.1498        0.1374   293409    8.23%
   5624  2226        cutoff              0.1498        0.1379   344971    7.91%
   6431  2871        0.1420    47        0.1498        0.1382   402388    7.75%
   7405  3643        0.1477    36        0.1498        0.1385   462937    7.49%
   8391  4259        0.1487    32        0.1498        0.1389   516522    7.25%
   9434  5082        0.1435    37        0.1498        0.1391   583658    7.10%
  10442  5775        cutoff              0.1498        0.1393   646040    6.99%
  11340  6423        0.1459    30        0.1498        0.1395   706186    6.85%
  12181  6966        0.1455    40        0.1498        0.1398   763491    6.68%
Elapsed time = 15.84 sec. (18569.02 ticks, tree = 31.39 MB, solutions = 3)
  12844  7439        0.1488    41        0.1498        0.1399   816258    6.60%
  13378  7811        0.1475    54        0.1498        0.1400   865671    6.52%
  14053  8255        0.1433    39        0.1498        0.1401   926150    6.46%
  14664  8616        0.1479    42        0.1498        0.1402   984087    6.41%
  15252  9030        0.1425    32        0.1498        0.1403  1041176    6.34%
  15862  9392        0.1470    37        0.1498        0.1404  1100492    6.27%
  16565  9773        0.1441    69        0.1498        0.1405  1150459    6.21%
  17223 10129        0.1464    48        0.1498        0.1406  1192742    6.15%
  17887 10682        0.1433    64        0.1498        0.1406  1268473    6.11%
  18508 11001        cutoff              0.1498        0.1407  1317666    6.05%
Elapsed time = 23.50 sec. (28117.84 ticks, tree = 47.92 MB, solutions = 3)
  19094 11320        cutoff              0.1498        0.1408  1370498    5.97%
  19763 11624        cutoff              0.1498        0.1409  1414795    5.90%
  20412 12121        0.1476    38        0.1498        0.1410  1481376    5.85%
  21007 12425        cutoff              0.1498        0.1411  1545742    5.81%
  21651 12809        0.1493    51        0.1498        0.1412  1609013    5.75%
  22318 12988        0.1466    44        0.1498        0.1412  1643414    5.69%
  22927 13402        0.1473    45        0.1498        0.1414  1720661    5.61%
  23503 13635        0.1461    55        0.1498        0.1415  1766653    5.55%
  24221 14030        0.1419    50        0.1498        0.1415  1833212    5.48%
  24878 14331        cutoff              0.1498        0.1416  1872524    5.43%
Elapsed time = 31.42 sec. (37673.38 ticks, tree = 61.51 MB, solutions = 3)
  25482 14649        0.1482    53        0.1498        0.1417  1928054    5.37%
  26156 15054        0.1425    51        0.1498        0.1418  1999773    5.31%
  26652 15511        0.1471    61        0.1498        0.1419  2069094    5.27%
  26927 15599        0.1469    54        0.1498        0.1419  2082650    5.27%
  27278 15904        cutoff              0.1498        0.1419  2126449    5.27%
  27577 16026        0.1471    47        0.1498        0.1419  2152247    5.27%
  27940 16131        0.1490    50        0.1498        0.1419  2167277    5.27%
  28188 16343        0.1494    58        0.1498        0.1419  2211223    5.27%
  28456 16473        cutoff              0.1498        0.1419  2232312    5.27%
  28683 16522        0.1488    74        0.1498        0.1419  2255799    5.27%
Elapsed time = 40.12 sec. (47243.75 ticks, tree = 72.58 MB, solutions = 3)
  29049 16588        0.1483    46        0.1498        0.1421  2276987    5.10%
  29564 16771        cutoff              0.1498        0.1422  2336286    5.06%
  30033 17072        0.1456    52        0.1498        0.1422  2392478    5.02%
  30388 17182        cutoff              0.1498        0.1423  2436354    4.98%
  30815 17279        0.1468    45        0.1498        0.1424  2498097    4.94%
  31203 17377        0.1462    49        0.1498        0.1424  2554677    4.89%
  31622 17462        cutoff              0.1498        0.1425  2592307    4.86%
  32018 17538        0.1484    56        0.1498        0.1426  2639791    4.81%
  32444 17681        cutoff              0.1498        0.1426  2715755    4.76%
  32881 17819        cutoff              0.1498        0.1427  2774953    4.70%
Elapsed time = 48.02 sec. (56798.20 ticks, tree = 77.05 MB, solutions = 3)
  33324 17912        cutoff              0.1498        0.1428  2803970    4.67%
  33769 17987        cutoff              0.1498        0.1428  2869951    4.63%
  34277 18197        cutoff              0.1498        0.1429  2925842    4.59%
  34740 18371        0.1490    38        0.1498        0.1430  2973946    4.54%
  35101 18425        0.1479    46        0.1498        0.1430  3021302    4.51%
  35530 18477        0.1493    53        0.1498        0.1431  3068338    4.48%
  35994 18544        0.1496    56        0.1498        0.1431  3118179    4.44%
  36411 18656        0.1489    42        0.1498        0.1432  3198354    4.40%
  36783 18712        cutoff              0.1498        0.1432  3255624    4.36%
  37226 18779        cutoff              0.1498        0.1433  3297284    4.34%
Elapsed time = 56.08 sec. (66359.66 ticks, tree = 80.56 MB, solutions = 3)
  37795 18908        0.1456    65        0.1498        0.1433  3350881    4.29%
  38191 19075        cutoff              0.1498        0.1434  3434420    4.25%
  38634 19138        cutoff              0.1498        0.1434  3475869    4.22%
  39183 19187        cutoff              0.1498        0.1435  3519531    4.18%
  39598 19377        0.1479    64        0.1498        0.1436  3590011    4.14%
  40060 19441        0.1476    36        0.1498        0.1436  3629399    4.09%
  40514 19538        0.1495    35        0.1498        0.1437  3706490    4.04%
  40964 19584        0.1475    67        0.1498        0.1438  3747531    4.01%
  41425 19609        0.1466    54        0.1498        0.1438  3812206    3.97%
  41874 19645        cutoff              0.1498        0.1439  3853222    3.93%
Elapsed time = 63.98 sec. (75927.93 ticks, tree = 84.22 MB, solutions = 3)
  42224 19603        cutoff              0.1498        0.1439  3897858    3.89%
  42681 19621        cutoff              0.1498        0.1440  3976828    3.85%
  43245 19680        0.1484    45        0.1498        0.1441  4028897    3.80%
  43768 19861        0.1488    66        0.1498        0.1441  4081788    3.76%
  44205 19868        cutoff              0.1498        0.1442  4126925    3.72%
  44741 19924        cutoff              0.1498        0.1442  4181460    3.69%
  45227 19994        0.1484    37        0.1498        0.1443  4234595    3.66%
  45754 20000        cutoff              0.1498        0.1443  4277205    3.62%
  46254 20074        0.1471    34        0.1498        0.1444  4330854    3.57%
  46792 20089        0.1467    42        0.1498        0.1445  4417825    3.54%
Elapsed time = 71.84 sec. (85477.36 ticks, tree = 85.14 MB, solutions = 3)
  47265 20126        cutoff              0.1498        0.1445  4472093    3.50%
  47752 20158        0.1487    45        0.1498        0.1446  4527189    3.46%
  48284 20197        0.1496    46        0.1498        0.1446  4588478    3.43%
  48847 20262        cutoff              0.1498        0.1447  4634286    3.39%
  49368 20285        0.1480    52        0.1498        0.1447  4696048    3.36%
  49835 20311        cutoff              0.1498        0.1448  4746184    3.33%
  50427 20352        0.1487    58        0.1498        0.1448  4810850    3.29%
  50968 20422        0.1472    51        0.1498        0.1449  4844999    3.26%
  51440 20470        cutoff              0.1498        0.1449  4911197    3.23%
  53405 20376        0.1495    57        0.1498        0.1451  5120125    3.10%
Elapsed time = 81.98 sec. (97889.45 ticks, tree = 85.74 MB, solutions = 3)
  55543 20441        0.1490    59        0.1498        0.1454  5338866    2.94%
  57777 20349        0.1487    36        0.1498        0.1456  5578680    2.81%
  60206 20247        cutoff              0.1498        0.1458  5765994    2.66%
  62508 19952        cutoff              0.1498        0.1460  6014614    2.52%
  64869 19383        cutoff              0.1498        0.1462  6213296    2.37%
  67202 18829        0.1496    59        0.1498        0.1464  6400260    2.23%
  69834 18057        cutoff              0.1498        0.1467  6634900    2.08%
  72578 17145        cutoff              0.1498        0.1469  6835219    1.91%
  75558 15880        0.1493    31        0.1498        0.1472  7052809    1.74%
  78795 14198        cutoff              0.1498        0.1475  7261452    1.52%
Elapsed time = 113.05 sec. (136049.14 ticks, tree = 61.20 MB, solutions = 3)
  82305 11757        cutoff              0.1498        0.1479  7487986    1.23%
  86786  8330        0.1491    44        0.1498        0.1484  7708844    0.88%
  94483   968        cutoff              0.1498        0.1495  7896489    0.15%

Cover cuts applied:  17
Flow cuts applied:  3
Mixed integer rounding cuts applied:  215
Lift and project cuts applied:  2
Gomory fractional cuts applied:  1

Root node processing (before b&c):
  Real time             =    0.28 sec. (289.45 ticks)
Parallel b&c, 4 threads:
  Real time             =  122.66 sec. (147406.10 ticks)
  Sync time (average)   =    3.85 sec.
  Wait time (average)   =    0.00 sec.
                          ------------
Total (root+branch&cut) =  122.94 sec. (147695.55 ticks)
