Version identifier: 22.2.0.0 | 2026-05-04 | 5dff98e58
CPXPARAM_Read_DataCheck                          1
CPXPARAM_Threads                                 4
CPXPARAM_Parallel                                1
CPXPARAM_RandomSeed                              20260925
CPXPARAM_Simplex_Tolerances_Optimality           1.0000000000000001e-09
CPXPARAM_Simplex_Tolerances_Feasibility          1.0000000000000001e-09
CPXPARAM_TimeLimit                               600
CPXPARAM_MIP_Tolerances_AbsMIPGap                1.0000000000000001e-09
CPXPARAM_MIP_Tolerances_Integrality              1.0000000000000001e-09
Legacy callback                                  i
1 of 2 MIP starts provided solutions.
MIP start 'm1' defined initial solution with objective 0.0000.
Tried aggregator 1 time.
MIP Presolve eliminated 40 rows and 4 columns.
MIP Presolve modified 504 coefficients.
Reduced MIP has 662 rows, 708 columns, and 5694 nonzeros.
Reduced MIP has 174 binaries, 0 generals, 0 SOSs, and 0 indicators.
Presolve time = 0.00 sec. (2.27 ticks)
Probing time = 0.00 sec. (0.17 ticks)
Tried aggregator 1 time.
Detecting symmetries...
Reduced MIP has 662 rows, 708 columns, and 5694 nonzeros.
Reduced MIP has 174 binaries, 0 generals, 0 SOSs, and 0 indicators.
Presolve time = 0.00 sec. (2.27 ticks)
Probing time = 0.00 sec. (0.17 ticks)
MIP emphasis: balance optimality and feasibility.
MIP search method: dynamic search.
Parallel mode: deterministic, using up to 4 threads.
Root relaxation solution time = 0.03 sec. (22.48 ticks)

        Nodes                                         Cuts/
   Node  Left     Objective  IInf  Best Integer    Best Bound    ItCnt     Gap

*     0+    0                           -0.7786       -3.0000           285.32%
      0     0       -0.9898    37       -0.7786       -0.9898      903   27.13%
      0     0       -0.9826    58       -0.7786      Cuts: 63     1527   26.21%
      0     0       -0.9641    83       -0.7786      Cuts: 70     2448   23.83%
      0     0       -0.9505    80       -0.7786   MIRcuts: 50     2817   22.08%
*     0+    0                           -0.7786       -0.9505            22.08%
      0     0  -1.00000e+75     0       -0.7786       -0.9505     2817   22.08%
      0     0       -0.9358    77       -0.7786   MIRcuts: 34     3144   20.20%
      0     0       -0.9299    87       -0.7786   MIRcuts: 25     3359   19.44%
Detecting symmetries...
*     0+    0                           -0.7786       -0.9299            19.44%
      0     0       -0.9236    85       -0.7786   MIRcuts: 26     3582   18.63%
      0     0       -0.9197    84       -0.7786   MIRcuts: 24     3849   18.13%
      0     0       -0.9153    78       -0.7786   MIRcuts: 16     4065   17.56%
      0     0       -0.9103    83       -0.7786   MIRcuts: 20     4325   16.92%
      0     0       -0.9080    81       -0.7786   MIRcuts: 13     4504   16.63%
      0     0       -0.9067    86       -0.7786   MIRcuts: 18     4627   16.45%
      0     0       -0.9060    86       -0.7786   MIRcuts: 11     4715   16.37%
      0     0       -0.9050    87       -0.7786   MIRcuts: 11     4859   16.23%
      0     0       -0.9035    88       -0.7786   MIRcuts: 10     5068   16.05%
      0     0       -0.9025    88       -0.7786    MIRcuts: 9     5238   15.92%
      0     0       -0.9014    91       -0.7786    MIRcuts: 9     5404   15.78%
      0     0       -0.8993    81       -0.7786    MIRcuts: 2     5650   15.51%
      0     0       -0.8971    89       -0.7786      Cuts: 15     5816   15.22%
      0     0       -0.8958    90       -0.7786    MIRcuts: 9     5954   15.06%
      0     0       -0.8955    82       -0.7786    MIRcuts: 1     6051   15.01%
      0     0       -0.8952    85       -0.7786    MIRcuts: 2     6106   14.99%
      0     0       -0.8948    88       -0.7786    MIRcuts: 4     6191   14.93%
      0     0       -0.8941    91       -0.7786    MIRcuts: 3     6288   14.84%
      0     0       -0.8938    88       -0.7786    MIRcuts: 3     6359   14.80%
Detecting symmetries...
      0     2       -0.8938    88       -0.7786       -0.8938     6359   14.80%
Elapsed time = 1.17 sec. (1171.22 ticks, tree = 0.02 MB, solutions = 3)
     45    43       -0.8582    61       -0.7786       -0.8925    20380   14.63%
    119    93       -0.8755    61       -0.7786       -0.8925    32655   14.63%
    232   184       -0.8253    40       -0.7786       -0.8900    48811   14.32%
    349   251       -0.8858    77       -0.7786       -0.8877    58634   14.02%
    450   335        cutoff             -0.7786       -0.8877    69295   14.02%
    586   433       -0.8465    68       -0.7786       -0.8822    82593   13.31%
    722   498        cutoff             -0.7786       -0.8794    91776   12.94%
    888   655       -0.7945    32       -0.7786       -0.8782   109804   12.80%
   1034   769       -0.8622    76       -0.7786       -0.8772   122927   12.67%
   1628  1190       -0.7912    60       -0.7786       -0.8736   175115   12.21%
Elapsed time = 3.98 sec. (4299.06 ticks, tree = 3.95 MB, solutions = 3)
   2266  1649       -0.8387    68       -0.7786       -0.8713   242282   11.91%

Performing restart 1

Repeating presolve.
Tried aggregator 1 time.
MIP Presolve modified 168 coefficients.
Reduced MIP has 662 rows, 708 columns, and 5646 nonzeros.
Reduced MIP has 174 binaries, 0 generals, 0 SOSs, and 0 indicators.
Presolve time = 0.00 sec. (2.55 ticks)
Tried aggregator 1 time.
Reduced MIP has 662 rows, 708 columns, and 5646 nonzeros.
Reduced MIP has 174 binaries, 0 generals, 0 SOSs, and 0 indicators.
Presolve time = 0.02 sec. (2.28 ticks)
Represolve time = 0.02 sec. (17.46 ticks)
   2476     0       -0.8926    88       -0.7786   LiftProj: 5   272750   11.89%
   2476     0       -0.8898    85       -0.7786      Cuts: 11   273082   11.89%
   2476     0       -0.8892    85       -0.7786    MIRcuts: 6   273197   11.89%
   2476     0       -0.8858    78       -0.7786       Cuts: 8   273438   11.89%
   2476     0       -0.8840    77       -0.7786      Cuts: 10   273717   11.89%
   2476     0       -0.8830    83       -0.7786      Cuts: 12   273879   11.89%
   2476     0       -0.8825    87       -0.7786       Cuts: 7   273956   11.89%
   2476     0       -0.8815    83       -0.7786       Cuts: 6   274097   11.89%
   2476     2       -0.8815    83       -0.7786       -0.8711   274097   11.89%
   2495    13       -0.8032    87       -0.7786       -0.8711   277897   11.89%
   2839   190       -0.8553    76       -0.7786       -0.8708   312449   11.85%
   3389   659        cutoff             -0.7786       -0.8659   360635   11.21%
   3847   975       -0.8199    65       -0.7786       -0.8626   404615   10.79%
   4331  1302       -0.8232    70       -0.7786       -0.8612   446485   10.61%
   4753  1661       -0.7992    69       -0.7786       -0.8573   507392   10.12%
   5215  1953       -0.7978    52       -0.7786       -0.8545   551872    9.75%
   5707  2284        cutoff             -0.7786       -0.8500   602478    9.17%
Elapsed time = 13.38 sec. (15306.50 ticks, tree = 8.00 MB, solutions = 3)
   6236  2612       -0.7932    64       -0.7786       -0.8456   654129    8.62%
   6714  2970       -0.8067    51       -0.7786       -0.8426   714389    8.23%
   7267  3287       -0.7787    68       -0.7786       -0.8397   763312    7.85%
   7854  3621       -0.8046    63       -0.7786       -0.8364   817909    7.43%
   8388  3975       -0.8046    67       -0.7786       -0.8332   871925    7.02%
   8973  4320       -0.8054    64       -0.7786       -0.8307   930515    6.69%
   9604  4636       -0.7800    41       -0.7786       -0.8290   976398    6.48%
  10198  5024       -0.7893    54       -0.7786       -0.8281  1037618    6.36%
  10725  5352       -0.8073    57       -0.7786       -0.8261  1089876    6.10%
  11292  5591       -0.7904    50       -0.7786       -0.8249  1133712    5.95%
Elapsed time = 21.33 sec. (24865.73 ticks, tree = 22.62 MB, solutions = 3)
  11884  5896       -0.7980    51       -0.7786       -0.8239  1182357    5.82%
  12439  6231        cutoff             -0.7786       -0.8227  1239872    5.67%
  12990  6483       -0.7895    69       -0.7786       -0.8215  1291265    5.52%
  13535  6826       -0.7915    61       -0.7786       -0.8202  1355552    5.34%
  14101  7122        cutoff             -0.7786       -0.8194  1407761    5.24%
  14648  7408        cutoff             -0.7786       -0.8183  1470463    5.11%
  15158  7537       -0.7839    56       -0.7786       -0.8174  1502152    4.98%
  15748  7840        cutoff             -0.7786       -0.8165  1574606    4.87%
  16214  8010       -0.7855    50       -0.7786       -0.8153  1619685    4.72%
  16670  8127        cutoff             -0.7786       -0.8146  1664167    4.63%
Elapsed time = 29.69 sec. (34421.71 ticks, tree = 31.52 MB, solutions = 3)
  17235  8267       -0.7991    56       -0.7786       -0.8138  1705949    4.53%
  17788  8562       -0.7948    54       -0.7786       -0.8128  1778064    4.40%
  18357  8787       -0.8020    58       -0.7786       -0.8124  1841377    4.34%
  18896  8954       -0.7829    54       -0.7786       -0.8118  1886774    4.27%
  19394  9124       -0.7837    45       -0.7786       -0.8109  1941990    4.16%
  19921  9211       -0.7969    48       -0.7786       -0.8105  1992162    4.10%
  20461  9326       -0.7901    48       -0.7786       -0.8101  2059278    4.05%
  21006  9408       -0.7891    53       -0.7786       -0.8092  2098874    3.94%
  21567  9644       -0.7824    58       -0.7786       -0.8087  2177103    3.88%
  22153  9730       -0.7824    49       -0.7786       -0.8081  2229286    3.80%
Elapsed time = 37.72 sec. (43979.68 ticks, tree = 38.17 MB, solutions = 3)
  22720  9854        cutoff             -0.7786       -0.8074  2272612    3.70%
  23291  9996       -0.7921    67       -0.7786       -0.8068  2334343    3.63%
  23859 10165        cutoff             -0.7786       -0.8060  2409254    3.52%
  24473 10240       -0.7827    59       -0.7786       -0.8054  2433025    3.44%
  24988 10338        cutoff             -0.7786       -0.8046  2503243    3.34%
  25511 10342       -0.7928    45       -0.7786       -0.8041  2540565    3.28%
  26145 10404        cutoff             -0.7786       -0.8034  2633615    3.19%
  26561 10412        cutoff             -0.7786       -0.8027  2685070    3.09%
  26823 10413        cutoff             -0.7786       -0.8027  2713473    3.09%
  27133 10404       -0.7799    61       -0.7786       -0.8027  2729977    3.09%
Elapsed time = 45.64 sec. (53533.66 ticks, tree = 42.31 MB, solutions = 3)
  27446 10404        cutoff             -0.7786       -0.8027  2768311    3.09%
  27724 10411        cutoff             -0.7786       -0.8027  2795527    3.09%
  27979 10390       -0.7891    56       -0.7786       -0.8027  2822925    3.09%
  28281 10391       -0.7853    39       -0.7786       -0.8027  2850073    3.09%
  28576 10387       -0.7789    47       -0.7786       -0.8027  2865793    3.09%
  29081 10330       -0.7798    65       -0.7786       -0.8012  2904274    2.91%
  29717 10169       -0.7840    39       -0.7786       -0.7994  2967110    2.67%
  30373 10107        cutoff             -0.7786       -0.7985  3002949    2.57%
  30994 10096       -0.7821    71       -0.7786       -0.7976  3058314    2.44%
  31586  9939        cutoff             -0.7786       -0.7969  3106875    2.35%
Elapsed time = 53.41 sec. (63110.96 ticks, tree = 38.57 MB, solutions = 3)
  32139  9829       -0.7845    58       -0.7786       -0.7963  3167349    2.27%
  32742  9711        cutoff             -0.7786       -0.7955  3236805    2.18%
  33392  9466        cutoff             -0.7786       -0.7947  3289236    2.07%
  34078  9152        cutoff             -0.7786       -0.7939  3343072    1.97%
  34757  8909        cutoff             -0.7786       -0.7932  3387770    1.88%
  35450  8319        cutoff             -0.7786       -0.7922  3469118    1.75%
  36233  7982        cutoff             -0.7786       -0.7913  3520636    1.64%
  37044  7491        cutoff             -0.7786       -0.7902  3580609    1.50%
  37952  6886       -0.7864    45       -0.7786       -0.7891  3634841    1.35%
  38965  6192        cutoff             -0.7786       -0.7879  3689159    1.19%
Elapsed time = 61.03 sec. (72657.01 ticks, tree = 23.13 MB, solutions = 3)
  40055  5394       -0.7849    46       -0.7786       -0.7865  3741552    1.02%
  41282  4199        cutoff             -0.7786       -0.7848  3805464    0.80%
  42982  2770        cutoff             -0.7786       -0.7828  3853850    0.55%
  45576   274        cutoff             -0.7786       -0.7792  3897980    0.08%

Mixed integer rounding cuts applied:  203
Lift and project cuts applied:  12
Gomory fractional cuts applied:  1

Root node processing (before b&c):
  Real time             =    1.17 sec. (1170.31 ticks)
Parallel b&c, 4 threads:
  Real time             =   63.05 sec. (75356.89 ticks)
  Sync time (average)   =    2.58 sec.
  Wait time (average)   =    0.00 sec.
                          ------------
Total (root+branch&cut) =   64.22 sec. (76527.20 ticks)
