Version identifier: 22.2.0.0 | 2026-05-04 | 5dff98e58
CPXPARAM_Read_DataCheck                          1
CPXPARAM_Threads                                 4
CPXPARAM_Parallel                                1
CPXPARAM_RandomSeed                              20260925
CPXPARAM_MIP_Strategy_Search                     1
CPXPARAM_Simplex_Tolerances_Optimality           1.0000000000000001e-09
CPXPARAM_Simplex_Tolerances_Feasibility          1.0000000000000001e-09
CPXPARAM_TimeLimit                               600
CPXPARAM_MIP_Tolerances_AbsMIPGap                1.0000000000000001e-09
CPXPARAM_MIP_Tolerances_Integrality              1.0000000000000001e-09
Legacy callback                                  iLUD
Lazy constraint(s) or lazy constraint/branch callback is present.
    Disabling dual reductions (CPX_PARAM_REDUCE) in presolve.
    Disabling presolve reductions that prevent crushing forms (CPX_PARAM_PREREFORM).
         Disabling repeat represolve because of lazy constraint/incumbent callback.
Warning: Effort level 'CheckFeas' is incompatible with lazy constraint/incumbent callback.
         Effort level increased to 'SolveFixed'.
1 of 1 MIP starts provided solutions.
MIP start 'm1' defined initial solution with objective 0.1512.
Tried aggregator 1 time.
MIP Presolve eliminated 37 rows and 0 columns.
Reduced MIP has 299 rows, 362 columns, and 2165 nonzeros.
Reduced MIP has 174 binaries, 0 generals, 0 SOSs, and 0 indicators.
Presolve time = 0.00 sec. (1.02 ticks)
Probing time = 0.00 sec. (0.08 ticks)
MIP emphasis: balance optimality and feasibility.
MIP search method: traditional branch-and-cut.
Parallel mode: deterministic, using up to 4 threads.
Root relaxation solution time = 0.00 sec. (5.58 ticks)

        Nodes                                         Cuts/
   Node  Left     Objective  IInf  Best Integer    Best Bound    ItCnt     Gap         Variable B NodeID Parent  Depth

*     0+    0                            0.1512        0.0000           100.00%
      0     0        0.1396    19        0.1512        0.1396      355    7.65%
      0     0        0.1417    30        0.1512       Cuts: 9      414    6.26%
      0     0        0.1429    31        0.1512       Cuts: 3      436    5.51%
      0     0        0.1433    30        0.1512    MIRcuts: 2      474    5.20%
      0     0        0.1435    30        0.1512   Flowcuts: 1      485    5.07%
      0     2        0.1435    30        0.1512        0.1435      485    5.07%                        0             0
Elapsed time = 0.06 sec. (47.25 ticks, tree = 0.02 MB, solutions = 1)
*     9+    1                            0.1507        0.1441             4.36%
*   185    39      integral     0        0.1498        0.1463     3777    2.28%

Cover cuts applied:  1
Flow cuts applied:  2
Mixed integer rounding cuts applied:  6
Gomory fractional cuts applied:  3
User cuts applied:  4

Root node processing (before b&c):
  Real time             =    0.06 sec. (47.02 ticks)
Parallel b&c, 4 threads:
  Real time             =    0.14 sec. (101.81 ticks)
  Sync time (average)   =    0.03 sec.
  Wait time (average)   =    0.00 sec.
                          ------------
Total (root+branch&cut) =    0.20 sec. (148.84 ticks)
