Version identifier: 22.2.0.0 | 2026-05-04 | 5dff98e58
CPXPARAM_Read_DataCheck                          1
CPXPARAM_Threads                                 4
CPXPARAM_Parallel                                1
CPXPARAM_RandomSeed                              20260925
CPXPARAM_MIP_Strategy_Search                     1
CPXPARAM_Simplex_Tolerances_Optimality           1.0000000000000001e-09
CPXPARAM_Simplex_Tolerances_Feasibility          1.0000000000000001e-09
CPXPARAM_TimeLimit                               600
CPXPARAM_MIP_Tolerances_AbsMIPGap                1.0000000000000001e-09
CPXPARAM_MIP_Tolerances_Integrality              1.0000000000000001e-09
Legacy callback                                  iLUD
Lazy constraint(s) or lazy constraint/branch callback is present.
    Disabling dual reductions (CPX_PARAM_REDUCE) in presolve.
    Disabling presolve reductions that prevent crushing forms (CPX_PARAM_PREREFORM).
         Disabling repeat represolve because of lazy constraint/incumbent callback.
Warning: Effort level 'CheckFeas' is incompatible with lazy constraint/incumbent callback.
         Effort level increased to 'SolveFixed'.
1 of 1 MIP starts provided solutions.
MIP start 'm1' defined initial solution with objective 0.0705.
Tried aggregator 1 time.
MIP Presolve eliminated 3108 rows and 0 columns.
MIP Presolve modified 5 coefficients.
Reduced MIP has 1949 rows, 2432 columns, and 130979 nonzeros.
Reduced MIP has 1200 binaries, 0 generals, 0 SOSs, and 0 indicators.
Presolve time = 0.05 sec. (61.58 ticks)
Probing time = 0.02 sec. (2.01 ticks)
MIP emphasis: balance optimality and feasibility.
MIP search method: traditional branch-and-cut.
Parallel mode: deterministic, using up to 4 threads.
Root relaxation solution time = 0.06 sec. (85.28 ticks)

        Nodes                                         Cuts/
   Node  Left     Objective  IInf  Best Integer    Best Bound    ItCnt     Gap         Variable B NodeID Parent  Depth

*     0+    0                            0.0705        0.0000           100.00%
      0     0        0.0642    22        0.0705        0.0642      743    8.87%
      0     0        0.0642    21        0.0705      Fract: 4      753    8.87%
      0     0        0.0642    21        0.0705      Fract: 3      760    8.87%
      0     0        0.0642    21        0.0705 UserPurge1: 1      761    8.87%
      0     0        0.0642    22        0.0705 UserPurge1: 1      763    8.87%
*     0+    0                            0.0678        0.0642             5.27%
*     0+    0                            0.0649        0.0642             1.06%
*     0+    0                            0.0647        0.0642             0.76%
      0     0  -1.00000e+75     0        0.0647        0.0642      763    0.76%
      0     2        0.0642    19        0.0647        0.0642      763    0.76%                        0             0
Elapsed time = 1.23 sec. (1016.00 ticks, tree = 0.02 MB, solutions = 4)
     51    25        0.0647    20        0.0647        0.0642     1497    0.76%           x1032 D     57     53     15
    191   136        0.0646    30        0.0647        0.0642     4601    0.76%           x1134 D    222    218     13
    426   282        0.0651    30        0.0647        0.0642     8107    0.76%            x228 D    387    383     22
    725   421        0.0647    20        0.0647        0.0642    10744    0.76%            x330 D    725    721     18
   1050   666        0.0647     9        0.0647        0.0643    14668    0.64%            x995 D   1070   1066     14
   1359   781        0.0644    23        0.0647        0.0644    17058    0.55%            x318 U   1293    794     10
   1713   976        0.0647     8        0.0647        0.0644    21223    0.55%           x1019 U   1715   1707     16
   2125  1140        0.0647     9        0.0647        0.0644    24359    0.55%            x995 D   2061   2057     18
   2526  1361        cutoff              0.0647        0.0644    28702    0.55%           x1019 D   2616   2612     27
   4550  2451        0.0647     9        0.0647        0.0644    44083    0.51%           x1013 D   4524   4520     31
Elapsed time = 8.75 sec. (4132.97 ticks, tree = 11.44 MB, solutions = 4)
   5841  2933        0.0647     9        0.0647        0.0645    59099    0.43%            x162 U   5930   1155     16
   7108  2939        cutoff              0.0647        0.0645    79054    0.42%            x588 U   7226   7222     24
   8377  2997        0.0647     9        0.0647        0.0645    92867    0.34%            x180 U   8540   4471     23
   9918  3541        cutoff              0.0647        0.0645   109350    0.33%            x876 U   9725   4041     20
  11681  4264        0.0646    28        0.0647        0.0645   126645    0.31%            x575 U  11806  11642     31
  13585  5157        cutoff              0.0647        0.0646   145216    0.26%            x240 U  13502  13494     42
  15668  6136        0.0646    22        0.0647        0.0646   163852    0.22%            x228 D  15755  15751     43
  17449  7001        cutoff              0.0647        0.0646   188400    0.21%            x402 D  16905  16901     56
  19147  7816        0.0646    24        0.0647        0.0646   220852    0.21%            x532 D  19266  19262     47
  21010  8384        cutoff              0.0647        0.0646   244794    0.21%            x228 U  20377  20361     47
Elapsed time = 29.53 sec. (13674.13 ticks, tree = 25.70 MB, solutions = 4)
  23068  9250        0.0646    24        0.0647        0.0646   268117    0.21%           x1168 D  22729  22725     44
  25288 10226        0.0646    24        0.0647        0.0646   302790    0.21%            x353 D  24977  24973     31
  27252 10925        cutoff              0.0647        0.0646   332544    0.21%            x228 U  27152  24171     42
  29386 11928        0.0647    18        0.0647        0.0646   377018    0.21%            x420 D  30390  30386     53
  31468 12379        0.0646    24        0.0647        0.0646   402529    0.21%            x216 D  30871  30867     41
  33374 13072        0.0646    24        0.0647        0.0646   444537    0.21%            x532 D  34406  34402     50
  35252 13617        0.0646    27        0.0647        0.0646   482426    0.21%            x574 D  34511  34507     41
  36944 13864        cutoff              0.0647        0.0646   504082    0.21%            x240 U  37366  37358     48
  38964 14723        cutoff              0.0647        0.0646   546805    0.21%            x240 D  38143  38139     44
  40823 15149        0.0646    25        0.0647        0.0646   576988    0.21%            x352 D  41122  41118     49
Elapsed time = 48.50 sec. (23215.08 ticks, tree = 34.42 MB, solutions = 4)
  42468 15462        cutoff              0.0647        0.0646   604125    0.21%            x240 D  42794  42790     46
  43928 15784        cutoff              0.0647        0.0646   635184    0.21%            x216 U  44333  44321     43
  45311 16214        0.0646    25        0.0647        0.0646   656407    0.21%            x366 D  45737  45697     45
  46898 16641        0.0646    24        0.0647        0.0646   681595    0.21%            x598 D  47337  47333     49
  48932 17330        cutoff              0.0647        0.0646   714766    0.21%            x222 U  48171  48111     46
  50699 17524        cutoff              0.0647        0.0646   740715    0.21%            x222 U  51072  51040     46
  52518 17922        cutoff              0.0647        0.0646   778328    0.21%            x222 U  51983  51975     48
  54006 18202        0.0646    24        0.0647        0.0646   806154    0.21%            x222 D  53119  53115     43
  55794 18792        0.0647    21        0.0647        0.0646   836626    0.21%            x520 D  56248  56244     56
  57520 19237        cutoff              0.0647        0.0646   867730    0.21%            x240 U  57749  57741     53
Elapsed time = 65.28 sec. (32758.83 ticks, tree = 68.43 MB, solutions = 4)
  59342 19476        cutoff              0.0647        0.0646   910922    0.21%            x240 D  59258  59250     53
  61168 19823        cutoff              0.0647        0.0646   943963    0.21%            x228 U  61070  55744     45
  62519 19980        0.0646    25        0.0647        0.0646   976535    0.21%           x1019 U  62701  62697     38
  64332 20241        cutoff              0.0647        0.0646  1006308    0.21%            x222 U  65248  65220     48
  65791 20569        cutoff              0.0647        0.0646  1035766    0.21%            x228 U  66053  66037     49
  67518 20761        cutoff              0.0647        0.0646  1068377    0.21%            x228 U  68636  60967     48
  69367 21553        cutoff              0.0647        0.0646  1109466    0.21%            x228 U  70824  70808     49
  71398 21908        0.0646    24        0.0647        0.0646  1132657    0.21%            x216 D  70402  70394     49
  73071 22239        cutoff              0.0647        0.0646  1175588    0.21%            x240 U  73661  73653     40
  74873 22431        cutoff              0.0647        0.0646  1206311    0.21%            x216 U  73839  73827     41
Elapsed time = 80.88 sec. (42303.04 ticks, tree = 70.71 MB, solutions = 4)
  76397 22819        cutoff              0.0647        0.0646  1248251    0.21%            x240 U  77317  77309     54
* 76941+22841                            0.0647        0.0646             0.21%
  77868 23053        0.0646    22        0.0647        0.0646  1270603    0.21%            x222 D  79029  79025     50
  79431 23142        0.0646    24        0.0647        0.0646  1307166    0.21%            x234 D  78791  78783     46
  81213 23698        0.0646    24        0.0647        0.0646  1334271    0.21%            x378 U  80270  80266     44
  83059 24099        0.0646    24        0.0647        0.0646  1366176    0.21%            x216 D  82106  82102     52
  84591 24289        cutoff              0.0647        0.0646  1404829    0.21%            x234 U  85044  74389     46
  85909 24392        0.0646    24        0.0647        0.0646  1425007    0.21%            x532 D  87437  87433     52
  87774 24831        cutoff              0.0647        0.0646  1459464    0.21%            x240 U  88913  88901     45
  89658 25362        0.0646    24        0.0647        0.0646  1497437    0.21%            x366 U  87946  87942     49
  91258 25654        cutoff              0.0647        0.0646  1538643    0.21%            x240 D  92505  92501     46
Elapsed time = 96.58 sec. (51842.90 ticks, tree = 82.54 MB, solutions = 5)
  92633 25580        cutoff              0.0647        0.0646  1573940    0.21%            x240 U  92075  92067     51
  94221 25698        0.0646    24        0.0647        0.0646  1601231    0.21%            x580 D  92462  92454     52
  95868 26190        0.0646    24        0.0647        0.0646  1637339    0.21%            x574 D  95591  95587     52
  97600 26301        cutoff              0.0647        0.0646  1677462    0.21%            x234 U  97307  97283     47
  99421 26475        0.0646    24        0.0647        0.0646  1705298    0.21%            x228 D  99808  99804     49
 101145 26966        cutoff              0.0647        0.0646  1745076    0.21%            x222 U 102937 102905     51
 102657 27032        0.0646    24        0.0647        0.0646  1771030    0.21%            x234 D 102155 102147     44
 104482 27174        cutoff              0.0647        0.0646  1815330    0.21%            x216 U 104968 101622     47
 105818 27092        cutoff              0.0647        0.0646  1851315    0.21%            x234 U 106224  92442     50
 107510 27153        cutoff              0.0647        0.0646  1882770    0.21%            x240 D 107043 107039     51
Elapsed time = 110.03 sec. (61385.18 ticks, tree = 87.18 MB, solutions = 5)
 109288 27722        0.0647    18        0.0647        0.0646  1923000    0.21%           x1175 D 111117 111113     52
 111119 27841        0.0647    18        0.0647        0.0646  1956969    0.21%            x420 D 110507 110503     58
 112773 27965        cutoff              0.0647        0.0646  1994629    0.21%            x240 D 112215 112211     45
 114345 28050        0.0646    24        0.0647        0.0646  2024836    0.21%            x372 U 114844 114840     50
 115954 28080        0.0646    24        0.0647        0.0646  2068703    0.21%            x384 U 117733  42668     48
 117430 28138        cutoff              0.0647        0.0646  2107392    0.21%            x234 U 119405 119361     52
 118737 28150        cutoff              0.0647        0.0646  2134959    0.21%            x222 U 119208 119152     48
 120732 28420        0.0646    25        0.0647        0.0646  2162134    0.21%            x372 D 117926  45974     45
 122323 28838        cutoff              0.0647        0.0646  2212794    0.21%            x216 U 124445  45664     49
 124423 29359        0.0647    18        0.0647        0.0646  2245626    0.21%            x414 D 125276 125272     63
Elapsed time = 124.45 sec. (70923.42 ticks, tree = 85.76 MB, solutions = 5)
 126036 29474        cutoff              0.0647        0.0646  2277882    0.21%            x234 U 128117 114730     47
 127606 29321        cutoff              0.0647        0.0646  2316072    0.21%            x222 U 128656 128496     46
 129027 29340        0.0647    18        0.0647        0.0646  2354491    0.21%            x396 D 130124 130120     58
 130711 29582        cutoff              0.0647        0.0646  2394166    0.21%            x240 D 132741 132737     54
 132380 29850        cutoff              0.0647        0.0646  2429679    0.21%            x222 U 134681 132012     46
 133985 29911        0.0646    22        0.0647        0.0646  2463114    0.21%            x234 D 130838 130834     52
 135836 29968        0.0647    18        0.0647        0.0646  2494900    0.21%            x408 D 137316 137312     68
 137688 30440        cutoff              0.0647        0.0646  2539929    0.21%            x228 U 139601 127824     54
 139412 30633        cutoff              0.0647        0.0646  2580017    0.21%            x228 U 141128 129880     55
 140756 30556        0.0646    25        0.0647        0.0646  2612953    0.21%            x580 U 140835 140779     51
Elapsed time = 138.77 sec. (80466.25 ticks, tree = 84.78 MB, solutions = 5)
 142539 30730        0.0646    22        0.0647        0.0646  2657373    0.21%            x234 D 138962 138958     52
 144435 31102        0.0646    24        0.0647        0.0646  2693639    0.21%            x222 D 144495 144491     48
 146170 31260        cutoff              0.0647        0.0646  2736816    0.21%            x228 U 147785 147777     52
 147222 31047        0.0646    24        0.0647        0.0646  2763232    0.21%            x234 D 147643 147635     47
 148970 31077        cutoff              0.0647        0.0646  2801425    0.21%            x222 U 149709 149681     48
 150668 31242        0.0646    24        0.0647        0.0646  2842212    0.21%            x228 D 151449 151441     49
 152048 31385        cutoff              0.0647        0.0646  2866385    0.21%            x240 U 152903 152895     43
 153948 31766        0.0646    25        0.0647        0.0646  2909493    0.21%            x384 D 154827 154783     50
 155443 31740        0.0646    26        0.0647        0.0646  2962129    0.21%           x1186 U 157044  10603     36
 161600 31619        0.0646    24        0.0647        0.0646  3105774    0.20%            x216 D 163264 163260     54
Elapsed time = 156.33 sec. (92868.40 ticks, tree = 85.25 MB, solutions = 5)
 168650 32455        0.0646    24        0.0647        0.0646  3262263    0.20%            x222 D 170256 170252     52
 174835 32702        cutoff              0.0647        0.0646  3397153    0.20%            x228 U 174253 174241     56
 181463 32872        0.0646    24        0.0647        0.0646  3566543    0.20%            x228 D 180873 180865     56
 188201 33368        cutoff              0.0647        0.0646  3716738    0.20%            x240 U 187625 187617     60
 195575 34545        cutoff              0.0647        0.0646  3867712    0.20%            x240 D 195373 195369     59
 203060 36016        cutoff              0.0647        0.0646  4015119    0.20%            x228 U 203241 191502     48
 209957 37416        cutoff              0.0647        0.0646  4156572    0.20%            x228 U 205854 205842     51
 217577 38959        cutoff              0.0647        0.0646  4295366    0.20%            x744 U 217625 217621     48
*220686 39586      integral     0        0.0647        0.0646  4342869    0.20%
 224794 40244        0.0646    25        0.0647        0.0646  4424406    0.20%           x1019 U 226832 226828     38
 232013 41906        0.0646    24        0.0647        0.0646  4565084    0.20%            x216 D 228122 228118     44
Elapsed time = 224.88 sec. (131019.72 ticks, tree = 93.29 MB, solutions = 6)
 240002 43679        0.0646    26        0.0647        0.0646  4684216    0.20%            x316 U 242208 183995     46
 247542 45783        cutoff              0.0647        0.0646  4829646    0.20%            x240 D 247817 247813     48
 255074 48089        0.0646    23        0.0647        0.0646  4957399    0.20%           x1001 D 256348 256316     34
 262106 49617        cutoff              0.0647        0.0646  5085144    0.20%            x234 U 262728 262704     51
 269409 50930        0.0647    23        0.0647        0.0646  5199560    0.20%            x358 D 266286 266282     52
 276721 52762        0.0646    22        0.0647        0.0646  5338630    0.20%            x216 D 277975 277971     55
 283948 53924        0.0646    24        0.0647        0.0646  5484778    0.20%            x228 D 284872 284864     50
*287221 54728      integral     0        0.0647        0.0646  5537309    0.20%            x155 D 288771 288767     43
 294183 55914        0.0647    18        0.0647        0.0646  5666527    0.20%            x396 D 294549 294545     57
 301179 57062        cutoff              0.0647        0.0646  5805067    0.20%            x228 U 303063 287412     51
Elapsed time = 294.75 sec. (167012.30 ticks, tree = 107.32 MB, solutions = 7)
 308296 58861        cutoff              0.0647        0.0646  5934951    0.20%            x222 U 308905 308869     51
 315559 59666        cutoff              0.0647        0.0646  6081789    0.20%            x240 U 312806 312798     55
 322742 60882        cutoff              0.0647        0.0646  6230694    0.20%            x240 D 320118 320110     60
 329989 62136        0.0646    26        0.0647        0.0646  6348605    0.20%            x664 D 327538 234136     45
 336823 62723        cutoff              0.0647        0.0646  6499110    0.20%            x588 D 334442 334434     30
 343756 63699        0.0646    26        0.0647        0.0646  6625477    0.20%            x514 D 340938 340934     50
 351348 64986        cutoff              0.0647        0.0646  6757325    0.20%            x240 D 352908 352900     55
 358706 66062        cutoff              0.0647        0.0646  6919273    0.20%            x234 U 360020 340883     51
 365683 66997        0.0646    24        0.0647        0.0646  7054132    0.20%            x372 U 367348 367340     54
 372952 68268        0.0646    23        0.0647        0.0646  7193883    0.20%            x586 U 371413 371409     35
Elapsed time = 360.05 sec. (205163.38 ticks, tree = 121.16 MB, solutions = 7)
 379933 69166        0.0646    23        0.0647        0.0646  7346888    0.20%           x1007 D 382372 382340     40
 386928 70242        cutoff              0.0647        0.0646  7474185    0.20%            x240 U 389731 389723     52
 394278 71040        0.0646    19        0.0647        0.0646  7638881    0.20%            x234 D 392649 392645     51
 400945 71602        0.0646    22        0.0647        0.0646  7791336    0.20%            x234 D 404419 404415     58
 407937 72459        0.0646    22        0.0647        0.0646  7932822    0.20%            x222 D 411827 411823     53
 414050 72521        cutoff              0.0647        0.0646  8079247    0.20%            x216 U 418539 418527     47
 420628 72901        0.0646    22        0.0647        0.0646  8206566    0.20%            x222 D 417317 417313     54
 427589 72970        cutoff              0.0647        0.0646  8359143    0.20%            x216 U 423794 423770     53
 434107 73606        cutoff              0.0647        0.0646  8504321    0.20%            x234 U 438803 438791     47
 441104 73722        0.0646    21        0.0647        0.0646  8662284    0.20%            x228 D 446111 446107     58
Elapsed time = 420.17 sec. (243313.00 ticks, tree = 126.48 MB, solutions = 7)
 447741 73621        cutoff              0.0647        0.0646  8801146    0.20%            x240 U 443586 443578     53
 454699 73993        0.0646    22        0.0647        0.0646  8970416    0.20%            x234 D 451357 451353     53
 461511 74206        cutoff              0.0647        0.0646  9105337    0.20%            x372 D 464380 464376     36
 468332 74707        cutoff              0.0647        0.0646  9266861    0.20%            x240 U 464229 464221     56
 475241 74977        0.0646    20        0.0647        0.0646  9400521    0.20%            x216 D 470402 470398     54
 482086 75124        cutoff              0.0647        0.0646  9537298    0.20%            x228 U 485068 484980     62
 488757 75252        cutoff              0.0647        0.0646  9697399    0.20%            x240 U 484354 484346     62
 495390 75227        cutoff              0.0647        0.0646  9848685    0.20%            x588 D 490205 490197     38
 502402 75901        cutoff              0.0647        0.0646  9999570    0.20%            x588 D 508523 508515     39
 509101 76061        cutoff              0.0647        0.0646 10136310    0.20%            x240 U 515159 515151     42
Elapsed time = 475.42 sec. (281466.06 ticks, tree = 128.78 MB, solutions = 7)
 515903 75938        cutoff              0.0647        0.0646 10266746    0.20%            x240 D 522199 522195     61
 522653 76471        0.0646    23        0.0647        0.0646 10419015    0.20%            x947 D 525656 525652     56
 529483 76665        0.0646    20        0.0647        0.0646 10568878    0.20%            x390 U 535763 535759     35
 536334 76741        cutoff              0.0647        0.0646 10707393    0.20%            x240 D 539336 539328     63
 543303 77037        0.0646    22        0.0647        0.0646 10867597    0.20%            x947 D 538065 537989     55
 549978 77053        0.0646    20        0.0647        0.0646 11026865    0.20%            x372 U 546218 546214     42
 556694 77100        cutoff              0.0647        0.0646 11180864    0.20%            x588 D 562323 562315     39
 563349 77100        0.0646    24        0.0647        0.0646 11336625    0.20%            x941 D 565652 565564     57
 570029 77068        cutoff              0.0647        0.0646 11494600    0.20%            x228 U 565545 565481     60
 577246 77134        0.0646    19        0.0647        0.0646 11668712    0.20%            x384 D 582851 582831     56
Elapsed time = 531.23 sec. (319618.07 ticks, tree = 131.10 MB, solutions = 7)
 584223 77485        0.0646    19        0.0647        0.0646 11787500    0.20%            x390 D 587256 587176     56
 590216 77589        cutoff              0.0647        0.0646 11944426    0.20%            x234 U 587610 587534     61
 592662 77666        0.0646    22        0.0647        0.0646 12005583    0.20%            x953 D 593548 467642     51
 593932 77777        cutoff              0.0647        0.0646 12035748    0.20%            x240 U 594788 594780     68
 594610 77760        0.0646    19        0.0647        0.0646 12052266    0.20%            x234 D 600843 600839     60
 596299 77789        cutoff              0.0647        0.0646 12086489    0.20%            x234 U 597196 597188     51
 597672 77796        0.0646    19        0.0647        0.0646 12120117    0.20%            x234 D 596690 596686     56
 599864 77836        cutoff              0.0647        0.0646 12161770    0.20%            x240 U 607179 607171     50
 601064 77848        cutoff              0.0647        0.0646 12182995    0.20%            x240 U 599856 599848     52
 603677 77862        0.0646    22        0.0647        0.0646 12251039    0.20%            x228 D 610687 610683     53
Elapsed time = 572.58 sec. (357780.67 ticks, tree = 131.90 MB, solutions = 7)
 607317 77967        0.0646    24        0.0647        0.0646 12318968    0.20%            x947 D 613991 613947     59
 610772 78054        0.0646    20        0.0647        0.0646 12387445    0.20%            x228 D 610454 610450     59
 614274 77970        cutoff              0.0647        0.0646 12473182    0.20%            x228 U 622719 622707     57
 617930 78136        0.0646    25        0.0647        0.0646 12556477    0.20%            x682 D 617502 617434     38
 624969 78392        0.0646    25        0.0647        0.0646 12720439    0.20%            x228 D 624690 624686     43

Cover cuts applied:  1
Implied bound cuts applied:  6
User cuts applied:  3

Root node processing (before b&c):
  Real time             =    1.23 sec. (1013.93 ticks)
Parallel b&c, 4 threads:
  Real time             =  598.78 sec. (378489.19 ticks)
  Sync time (average)   =   28.26 sec.
  Wait time (average)   =    0.00 sec.
                          ------------
Total (root+branch&cut) =  600.02 sec. (379503.12 ticks)
