Version identifier: 22.2.0.0 | 2026-05-04 | 5dff98e58
CPXPARAM_Read_DataCheck                          1
CPXPARAM_Threads                                 4
CPXPARAM_Parallel                                1
CPXPARAM_RandomSeed                              20260925
CPXPARAM_MIP_Strategy_Search                     1
CPXPARAM_Simplex_Tolerances_Optimality           1.0000000000000001e-09
CPXPARAM_Simplex_Tolerances_Feasibility          1.0000000000000001e-09
CPXPARAM_TimeLimit                               600
CPXPARAM_MIP_Tolerances_AbsMIPGap                1.0000000000000001e-09
CPXPARAM_MIP_Tolerances_Integrality              1.0000000000000001e-09
Legacy callback                                  iLUD
Lazy constraint(s) or lazy constraint/branch callback is present.
    Disabling dual reductions (CPX_PARAM_REDUCE) in presolve.
    Disabling presolve reductions that prevent crushing forms (CPX_PARAM_PREREFORM).
         Disabling repeat represolve because of lazy constraint/incumbent callback.
Warning: Effort level 'CheckFeas' is incompatible with lazy constraint/incumbent callback.
         Effort level increased to 'SolveFixed'.
1 of 1 MIP starts provided solutions.
MIP start 'm1' defined initial solution with objective -0.2813.
Tried aggregator 1 time.
MIP Presolve eliminated 3106 rows and 0 columns.
Reduced MIP has 1469 rows, 2432 columns, and 13759 nonzeros.
Reduced MIP has 1200 binaries, 0 generals, 0 SOSs, and 0 indicators.
Presolve time = 0.00 sec. (11.33 ticks)
Probing time = 0.00 sec. (0.24 ticks)
MIP emphasis: balance optimality and feasibility.
MIP search method: traditional branch-and-cut.
Parallel mode: deterministic, using up to 4 threads.
Root relaxation solution time = 0.03 sec. (35.88 ticks)

        Nodes                                         Cuts/
   Node  Left     Objective  IInf  Best Integer    Best Bound    ItCnt     Gap         Variable B NodeID Parent  Depth

*     0+    0                           -0.2813       -0.7021           149.65%
      0     0       -0.2986    44       -0.2813       -0.2986     1241    6.17%
      0     0       -0.2986    20       -0.2813 UserPurge1: 1     1304    6.17%
*     0+    0                           -0.2917       -0.2986             2.38%
*     0+    0                           -0.2920       -0.2986             2.25%
*     0+    0                           -0.2951       -0.2986             1.18%
      0     0  -1.00000e+75     0       -0.2951       -0.2986     1304    1.18%
      0     2       -0.2986    12       -0.2951       -0.2986     1304    1.18%                        0             0
Elapsed time = 2.05 sec. (243.44 ticks, tree = 0.02 MB, solutions = 4)
    238   149        cutoff             -0.2951       -0.2986     6806    1.18%            x840 D    240    232     33
    748   492       -0.2975    14       -0.2951       -0.2986    16330    1.18%            x754 D    747    743     26
   1216   847        cutoff             -0.2951       -0.2986    23138    1.18%            x834 U   1084   1076     24
   1790  1364       -0.2980    15       -0.2951       -0.2986    34362    1.18%             x81 U   1845   1841     14
   2315  1746       -0.2980    19       -0.2951       -0.2986    44143    1.18%            x587 U   2411   2407      9
   2904  2174       -0.2975    18       -0.2951       -0.2986    54709    1.18%            x693 D   3103   3099     10
   3492  2659       -0.2969    14       -0.2951       -0.2986    68707    1.18%             x76 U   3334   3330     15
   4023  2944       -0.2979    20       -0.2951       -0.2986    78825    1.18%             x81 D   4121   4117      7
   4546  3332       -0.2956    17       -0.2951       -0.2986    93201    1.18%           x1116 D   4380   4160     13
   7270  5360       -0.2969    13       -0.2951       -0.2980   146629    0.98%            x755 U   7094   7090     26
Elapsed time = 47.47 sec. (3348.23 ticks, tree = 47.75 MB, solutions = 4)
   9906  7118       -0.2969     9       -0.2951       -0.2980   192000    0.98%            x840 U  10471  10467     30
  12495  9006       -0.2969    14       -0.2951       -0.2980   237473    0.98%            x168 U  12244  12240     22
  15070 10694       -0.2965    16       -0.2951       -0.2980   277290    0.98%            x732 D  14937  14933     34
  17093 12562       -0.2965    19       -0.2951       -0.2980   328438    0.98%            x744 D  16949  16941     20
  18837 13571       -0.2960    18       -0.2951       -0.2980   366127    0.98%            x216 U  18845  18837     32
  20461 14492       -0.2960    12       -0.2951       -0.2978   411577    0.90%            x240 U  21399  21391     11
  21725 15152       -0.2969    13       -0.2951       -0.2977   465251    0.88%            x240 D  21084  21080     21
  22849 15479       -0.2969    20       -0.2951       -0.2977   508515    0.88%            x240 D  23137  23133     24
  24625 16263       -0.2965    26       -0.2951       -0.2977   550532    0.88%            x198 D  24961  24957     34
  26622 17768       -0.2958    22       -0.2951       -0.2976   589931    0.84%             x81 U  26937  26933     33
Elapsed time = 174.64 sec. (12893.40 ticks, tree = 170.96 MB, solutions = 4)
  28352 18980       -0.2965    10       -0.2951       -0.2975   626843    0.80%            x828 D  28729  28725     39
  30352 20161       -0.2965    12       -0.2951       -0.2975   660300    0.78%            x588 U  30090   4494     32
  32299 21567       -0.2969    20       -0.2951       -0.2975   699828    0.78%            x744 D  32865  32861     51
  34126 22544        cutoff             -0.2951       -0.2975   734622    0.78%            x840 U  33918  33914     40
  36061 23543       -0.2969    13       -0.2951       -0.2975   768360    0.78%            x240 D  35076  35072     29
  37907 24764       -0.2972    15       -0.2951       -0.2975   805271    0.78%            x750 D  36840  36836     34
  39678 25907       -0.2960    23       -0.2951       -0.2975   842108    0.78%            x216 D  38644  38640     15
  41493 27067       -0.2972    11       -0.2951       -0.2975   875029    0.78%            x744 D  41801  41797     28
  43344 28246       -0.2958    17       -0.2951       -0.2975   905267    0.78%            x816 D  42782  42778     34
  45176 29280       -0.2965    14       -0.2951       -0.2975   934578    0.78%            x738 D  44036  44032     27
Elapsed time = 299.66 sec. (22433.93 ticks, tree = 267.59 MB, solutions = 4)
  46987 30493       -0.2965    15       -0.2951       -0.2975   964768    0.78%            x834 D  48283  48279     27
  48758 31624       -0.2969    15       -0.2951       -0.2975   994711    0.78%            x588 D  48997  48993     42
  50630 32524        cutoff             -0.2951       -0.2975  1019275    0.78%            x834 U  50761  50749     30
  52426 33867       -0.2959    11       -0.2951       -0.2975  1054096    0.78%            x732 D  53855  53851     37
  54145 34864       -0.2969    13       -0.2951       -0.2975  1078315    0.78%            x750 D  52824  52820     41
  55872 35642       -0.2969    14       -0.2951       -0.2975  1104211    0.78%            x726 D  54392  54388     64
  57677 36701       -0.2965    15       -0.2951       -0.2975  1131835    0.78%            x834 D  57689  57685     28
  59638 37832        cutoff             -0.2951       -0.2975  1160846    0.78%            x840 U  58228  58224     30
  61513 38933       -0.2969    12       -0.2951       -0.2975  1188645    0.78%            x588 D  61402  61398     18
  63373 40408       -0.2960    16       -0.2951       -0.2975  1226455    0.78%            x216 U  63553  63549     29
Elapsed time = 419.17 sec. (31975.87 ticks, tree = 374.51 MB, solutions = 4)
  65076 41456       -0.2969    17       -0.2951       -0.2975  1254739    0.78%            x738 D  66471  66467     38
  66998 42582       -0.2960    13       -0.2951       -0.2975  1281563    0.78%            x934 D  65456  65452     58
  68661 43863       -0.2972    13       -0.2951       -0.2975  1315362    0.78%            x816 D  70251  70247     25
  70140 44770       -0.2965    14       -0.2951       -0.2975  1344347    0.78%            x744 D  70226  70222     30
  71714 45791        cutoff             -0.2951       -0.2975  1374643    0.78%            x834 D  73611  73607     30
  73209 46406       -0.2958    20       -0.2951       -0.2975  1395576    0.78%            x816 N  73122  73118     34
  74965 47579       -0.2963    15       -0.2951       -0.2975  1428640    0.78%            x216 D  72984  72980     28
  76762 48586       -0.2963    14       -0.2951       -0.2975  1461702    0.78%            x588 U  78239  78235     34
  78701 49116       -0.2963    11       -0.2951       -0.2975  1481867    0.78%            x156 U  78734  78698     26
  80581 49890       -0.2965    17       -0.2951       -0.2975  1505744    0.78%            x588 D  80654  80650     17
Elapsed time = 529.70 sec. (41516.94 ticks, tree = 461.39 MB, solutions = 4)
  82391 51161       -0.2963    16       -0.2951       -0.2975  1541269    0.78%            x822 D  82590  82586     31
  83800 52076       -0.2969    15       -0.2951       -0.2975  1563939    0.78%            x750 D  84321  84317     22
  84600 52656       -0.2965    20       -0.2951       -0.2975  1578097    0.78%            x240 D  82400  82396     26
  85363 53119       -0.2955    22       -0.2951       -0.2975  1588349    0.78%            x834 D  83052  83048     32
  85766 53395       -0.2966    14       -0.2951       -0.2975  1595983    0.78%           x1116 U  83636  83632     23
  86500 53623       -0.2972    15       -0.2951       -0.2975  1601006    0.78%            x732 D  87201  87197     43
  87209 53959       -0.2969    13       -0.2951       -0.2975  1613160    0.78%            x958 D  88439  88263     21
  88068 54359        cutoff             -0.2951       -0.2975  1625303    0.78%           x1116 D  88609  88597     25
  88562 54567       -0.2963    14       -0.2951       -0.2975  1633312    0.78%           x1122 D  89049  89045     34
  89120 54773       -0.2972    15       -0.2951       -0.2975  1638937    0.78%            x726 D  86080  86076     22
Elapsed time = 588.41 sec. (51395.01 ticks, tree = 541.07 MB, solutions = 4)
  90100 55147       -0.2965    15       -0.2951       -0.2975  1646302    0.78%            x726 D  90401  90397     21

User cuts applied:  479

Root node processing (before b&c):
  Real time             =    2.05 sec. (242.93 ticks)
Parallel b&c, 4 threads:
  Real time             =  598.12 sec. (52947.57 ticks)
  Sync time (average)   =   45.36 sec.
  Wait time (average)   =    0.00 sec.
                          ------------
Total (root+branch&cut) =  600.17 sec. (53190.49 ticks)
