Version identifier: 22.2.0.0 | 2026-05-04 | 5dff98e58
CPXPARAM_Read_DataCheck                          1
CPXPARAM_Threads                                 4
CPXPARAM_Parallel                                1
CPXPARAM_RandomSeed                              20260925
CPXPARAM_Simplex_Tolerances_Optimality           1.0000000000000001e-09
CPXPARAM_Simplex_Tolerances_Feasibility          1.0000000000000001e-09
CPXPARAM_TimeLimit                               600
CPXPARAM_MIP_Tolerances_AbsMIPGap                1.0000000000000001e-09
CPXPARAM_MIP_Tolerances_Integrality              1.0000000000000001e-09
Legacy callback                                  i
Found incumbent of value 0.000000 after 0.00 sec. (0.02 ticks)
Tried aggregator 1 time.
MIP Presolve eliminated 40 rows and 2 columns.
MIP Presolve modified 504 coefficients.
Reduced MIP has 656 rows, 708 columns, and 5658 nonzeros.
Reduced MIP has 174 binaries, 0 generals, 0 SOSs, and 0 indicators.
Presolve time = 0.02 sec. (2.27 ticks)
Probing time = 0.00 sec. (0.17 ticks)
Tried aggregator 1 time.
Detecting symmetries...
Reduced MIP has 656 rows, 708 columns, and 5658 nonzeros.
Reduced MIP has 174 binaries, 0 generals, 0 SOSs, and 0 indicators.
Presolve time = 0.00 sec. (2.26 ticks)
Probing time = 0.02 sec. (0.17 ticks)
MIP emphasis: balance optimality and feasibility.
MIP search method: dynamic search.
Parallel mode: deterministic, using up to 4 threads.
Root relaxation solution time = 0.03 sec. (16.07 ticks)

        Nodes                                         Cuts/
   Node  Left     Objective  IInf  Best Integer    Best Bound    ItCnt     Gap

*     0+    0                            0.0000       -1.5451              --- 
*     0+    0                           -0.1179       -1.5451              --- 
      0     0       -0.5048    34       -0.1179       -0.5048      746  328.21%
*     0+    0                           -0.2976       -0.5048            69.59%
      0     0       -0.5048    50       -0.2976      Cuts: 46     1187   69.59%
*     0+    0                           -0.4036       -0.5048            25.07%
      0     0       -0.5032    62       -0.4036      Cuts: 26     1826   24.68%
      0     0       -0.5016    62       -0.4036   MIRcuts: 17     2206   24.30%
      0     0       -0.5000    68       -0.4036   MIRcuts: 35     2720   23.88%
*     0+    0                           -0.4333       -0.5000            15.37%
      0     0       -0.4975    77       -0.4333   MIRcuts: 27     3442   14.80%
Detecting symmetries...
      0     0       -0.4951    85       -0.4333   MIRcuts: 20     3750   14.25%
      0     0       -0.4937    85       -0.4333   MIRcuts: 18     3911   13.93%
      0     0       -0.4931    84       -0.4333   MIRcuts: 14     4035   13.79%
      0     0       -0.4918    88       -0.4333   MIRcuts: 18     4261   13.49%
*     0+    0                           -0.4357       -0.4918            12.87%
      0     0  -1.00000e+75     0       -0.4357       -0.4918     4261   12.87%
      0     0       -0.4909    86       -0.4357    MIRcuts: 9     4426   12.67%
      0     0       -0.4905    93       -0.4357   MIRcuts: 12     4552   12.58%
      0     0       -0.4901    89       -0.4357    MIRcuts: 9     4720   12.48%
      0     0       -0.4897    99       -0.4357   MIRcuts: 17     4885   12.38%
      0     0       -0.4893   101       -0.4357    MIRcuts: 9     5052   12.29%
      0     0       -0.4891   104       -0.4357   MIRcuts: 10     5170   12.26%
*     0+    0                           -0.4381       -0.4891            11.65%
      0     0       -0.4891   104       -0.4381    MIRcuts: 3     5220   11.63%
*     0+    0                           -0.4429       -0.4891            10.43%
*     0+    0                           -0.4452       -0.4891             9.84%
Detecting symmetries...
      0     2       -0.4891   103       -0.4452       -0.4891     5220    9.84%
Elapsed time = 1.28 sec. (1082.66 ticks, tree = 0.02 MB, solutions = 9)
     12     4       -0.4880    97       -0.4452       -0.4887     5565    9.75%
     76    60       -0.4639    62       -0.4452       -0.4880    18213    9.60%
    187   161       -0.4795    75       -0.4452       -0.4870    34975    9.38%
    243   200       -0.4483    33       -0.4452       -0.4870    41914    9.38%
    340   286       -0.4555    30       -0.4452       -0.4870    54232    9.38%
    476   408       -0.4717    92       -0.4452       -0.4840    68348    8.70%
    543   446       -0.4678    39       -0.4452       -0.4839    75047    8.67%
    676   520       -0.4621    43       -0.4452       -0.4838    83656    8.66%
    778   675       -0.4563    36       -0.4452       -0.4830   104709    8.49%
*   933+  792                           -0.4524       -0.4830             6.77%
   1283   858       -0.4586    60       -0.4524       -0.4818   154690    6.51%
Elapsed time = 4.14 sec. (4247.47 ticks, tree = 4.69 MB, solutions = 10)

Performing restart 1

Repeating presolve.
Tried aggregator 1 time.
MIP Presolve modified 168 coefficients.
Reduced MIP has 656 rows, 708 columns, and 5610 nonzeros.
Reduced MIP has 174 binaries, 0 generals, 0 SOSs, and 0 indicators.
Presolve time = 0.00 sec. (2.54 ticks)
Tried aggregator 1 time.
Reduced MIP has 656 rows, 708 columns, and 5610 nonzeros.
Reduced MIP has 174 binaries, 0 generals, 0 SOSs, and 0 indicators.
Presolve time = 0.00 sec. (2.27 ticks)
Represolve time = 0.02 sec. (13.93 ticks)
   1300     0       -0.4872    98       -0.4524      Cuts: 25   164870    6.51%
   1300     0       -0.4844    94       -0.4524      Cuts: 19   165230    6.51%
   1300     0       -0.4830    94       -0.4524      Cuts: 25   165457    6.51%
   1300     0       -0.4824    90       -0.4524   MIRcuts: 11   165628    6.51%
   1300     0       -0.4821    92       -0.4524    MIRcuts: 6   165733    6.51%
   1300     0       -0.4815    97       -0.4524      Cuts: 20   165943    6.40%
   1300     0       -0.4810    89       -0.4524      Cuts: 11   166114    6.33%
   1300     0       -0.4808    91       -0.4524      Cuts: 11   166244    6.27%
   1300     0       -0.4805    93       -0.4524       Cuts: 7   166444    6.15%
   1300     0       -0.4802    88       -0.4524      Cuts: 10   166587    6.07%
   1300     0       -0.4801    87       -0.4524    MIRcuts: 7   166724    6.07%
   1300     0       -0.4799    88       -0.4524    MIRcuts: 8   166865    6.07%
   1300     0       -0.4797    93       -0.4524   MIRcuts: 11   166999    6.03%
   1300     0       -0.4796    94       -0.4524    MIRcuts: 3   167046    5.91%
   1300     0       -0.4796    95       -0.4524    MIRcuts: 7   167129    5.91%
   1300     0       -0.4794    98       -0.4524    MIRcuts: 6   167252    5.91%
   1300     0       -0.4793    90       -0.4524    MIRcuts: 6   167359    5.91%
   1300     0       -0.4792    97       -0.4524    MIRcuts: 6   167474    5.91%
   1300     0       -0.4792    95       -0.4524    MIRcuts: 2   167524    5.91%
   1300     0       -0.4791    95       -0.4524    MIRcuts: 4   167568    5.91%
   1300     0       -0.4791    96       -0.4524    MIRcuts: 1   167591    5.91%
   1300     2       -0.4791    95       -0.4524       -0.4791   167591    5.91%
   1358    49       -0.4654    52       -0.4524       -0.4776   182759    5.57%
   1694   298        cutoff             -0.4524       -0.4761   228161    5.24%
   2100   615       -0.4714    54       -0.4524       -0.4750   262238    5.00%
   2543  1002       -0.4674    51       -0.4524       -0.4738   302617    4.73%
   3137  1488       -0.4549    39       -0.4524       -0.4728   346695    4.51%
   3620  1852       -0.4687    71       -0.4524       -0.4727   389969    4.49%
   4145  2331        cutoff             -0.4524       -0.4720   435452    4.34%
   4765  2899       -0.4537    51       -0.4524       -0.4717   489895    4.26%
*  5281+ 3290                           -0.4548       -0.4715             3.67%
   5330  3244       -0.4593    56       -0.4548       -0.4715   527205    3.67%
Elapsed time = 14.00 sec. (15645.57 ticks, tree = 20.65 MB, solutions = 11)
   5849  3210       -0.4672    55       -0.4548       -0.4713   577233    3.63%
   6375  3724       -0.4581    50       -0.4548       -0.4708   634191    3.53%
   6949  4171       -0.4585    58       -0.4548       -0.4705   682801    3.45%
   7518  4528        cutoff             -0.4548       -0.4703   726194    3.41%
   7931  4921       -0.4632    51       -0.4548       -0.4701   776155    3.37%
   8431  5333       -0.4598    58       -0.4548       -0.4698   825747    3.30%
   8930  5643       -0.4552    62       -0.4548       -0.4697   866522    3.28%
   9364  5958       -0.4594    44       -0.4548       -0.4695   907166    3.24%
*  9508+ 6049                           -0.4571       -0.4695             2.69%
   9852  5021       -0.4591    67       -0.4571       -0.4694   963232    2.67%
  10296  5245       -0.4627    63       -0.4571       -0.4691  1001414    2.62%
Elapsed time = 22.00 sec. (25206.54 ticks, tree = 30.46 MB, solutions = 12)
  10710  5640       -0.4618    68       -0.4571       -0.4690  1058487    2.59%
  11134  5851       -0.4595    58       -0.4571       -0.4688  1097421    2.55%
  11582  6123       -0.4609    53       -0.4571       -0.4686  1139826    2.52%
  12034  6461       -0.4630    61       -0.4571       -0.4685  1199124    2.48%
  12424  6747        cutoff             -0.4571       -0.4684  1247019    2.45%
  12886  6975       -0.4632    53       -0.4571       -0.4682  1284046    2.42%
  13336  7334       -0.4626    66       -0.4571       -0.4681  1350743    2.40%
  13791  7582        cutoff             -0.4571       -0.4679  1395472    2.36%
  14262  7896        cutoff             -0.4571       -0.4678  1448050    2.33%
  14756  8124       -0.4651    64       -0.4571       -0.4676  1491052    2.29%
Elapsed time = 29.95 sec. (34771.95 ticks, tree = 44.49 MB, solutions = 12)
  15229  8389       -0.4579    30       -0.4571       -0.4675  1531921    2.26%
  15699  8719       -0.4577    59       -0.4571       -0.4673  1596671    2.23%
  16150  8955       -0.4613    59       -0.4571       -0.4672  1639982    2.21%
  16559  9178       -0.4618    66       -0.4571       -0.4671  1682925    2.18%
  16967  9476       -0.4593    55       -0.4571       -0.4670  1745710    2.16%
  17349  9733       -0.4613    70       -0.4571       -0.4669  1794494    2.13%
  17712  9917       -0.4594    64       -0.4571       -0.4668  1832035    2.11%
  18036 10082        cutoff             -0.4571       -0.4667  1871704    2.09%
  18397 10182       -0.4590    31       -0.4571       -0.4666  1894436    2.07%
  18745 10364        cutoff             -0.4571       -0.4665  1947480    2.06%
Elapsed time = 37.84 sec. (44329.58 ticks, tree = 51.20 MB, solutions = 12)
  19163 10510       -0.4584    77       -0.4571       -0.4664  1993679    2.03%
  19522 10807       -0.4597    69       -0.4571       -0.4664  2049178    2.02%
  19822 10899        cutoff             -0.4571       -0.4663  2084075    2.00%
  20151 10992       -0.4614    82       -0.4571       -0.4662  2116496    1.97%
  20458 11144       -0.4606    77       -0.4571       -0.4660  2159465    1.95%
  20841 11377       -0.4583    57       -0.4571       -0.4659  2202192    1.92%
  21253 11627       -0.4586    60       -0.4571       -0.4658  2259742    1.90%
  21608 11924       -0.4605    70       -0.4571       -0.4658  2327859    1.89%
  21932 12084       -0.4584    64       -0.4571       -0.4657  2367950    1.88%
  22322 12181       -0.4574    50       -0.4571       -0.4657  2405740    1.87%
Elapsed time = 45.66 sec. (53896.42 ticks, tree = 57.30 MB, solutions = 12)
  22725 12405       -0.4593    18       -0.4571       -0.4656  2457549    1.85%
  23127 12475       -0.4582    58       -0.4571       -0.4655  2477121    1.83%
  23420 12750       -0.4596    75       -0.4571       -0.4654  2527917    1.80%
  23667 12891       -0.4573    58       -0.4571       -0.4653  2577165    1.79%
  23984 12939        cutoff             -0.4571       -0.4652  2612487    1.77%
  24256 13057       -0.4584    57       -0.4571       -0.4651  2645464    1.75%
  24570 13180       -0.4604    29       -0.4571       -0.4651  2683680    1.73%
  24914 13416       -0.4609    69       -0.4571       -0.4650  2736116    1.72%
  25117 13621        cutoff             -0.4571       -0.4649  2791288    1.69%
  25276 13665        cutoff             -0.4571       -0.4648  2808853    1.68%
Elapsed time = 53.80 sec. (63484.94 ticks, tree = 66.48 MB, solutions = 12)
  25377 13715       -0.4620    80       -0.4571       -0.4648  2824830    1.68%
  25481 13752       -0.4589    65       -0.4571       -0.4648  2854191    1.68%
  25599 13787       -0.4584    50       -0.4571       -0.4648  2876253    1.68%
  25724 13798        cutoff             -0.4571       -0.4648  2891385    1.68%
  25870 13843       -0.4582    27       -0.4571       -0.4648  2909818    1.68%
  25992 13925       -0.4600    70       -0.4571       -0.4648  2938716    1.68%
  26105 13923       -0.4575    51       -0.4571       -0.4648  2948803    1.68%
  26227 13960       -0.4590    30       -0.4571       -0.4648  2971656    1.68%
  26359 14036       -0.4582    32       -0.4571       -0.4648  3002892    1.68%
  26516 14081       -0.4605    68       -0.4571       -0.4648  3026633    1.68%
Elapsed time = 63.08 sec. (73131.41 ticks, tree = 68.18 MB, solutions = 12)
  26701 14118       -0.4576    64       -0.4571       -0.4648  3037230    1.67%
  26968 14214       -0.4579    51       -0.4571       -0.4643  3065911    1.57%
  27258 14329       -0.4577    26       -0.4571       -0.4643  3112224    1.56%
  27552 14407        cutoff             -0.4571       -0.4642  3154242    1.54%
  27817 14482       -0.4572    61       -0.4571       -0.4641  3189977    1.53%
  28064 14579        cutoff             -0.4571       -0.4640  3231075    1.51%
  28349 14607        cutoff             -0.4571       -0.4640  3251340    1.50%
  28597 14678        cutoff             -0.4571       -0.4639  3291560    1.49%
  28901 14813       -0.4580    61       -0.4571       -0.4639  3341493    1.47%
  29153 14946        cutoff             -0.4571       -0.4638  3399653    1.46%
Elapsed time = 71.34 sec. (82717.00 ticks, tree = 70.93 MB, solutions = 12)
  29423 15085        cutoff             -0.4571       -0.4637  3457450    1.44%
  29690 15101       -0.4585    66       -0.4571       -0.4637  3484461    1.43%
  30008 15118        cutoff             -0.4571       -0.4636  3505481    1.42%
  30339 15236       -0.4593    54       -0.4571       -0.4636  3534840    1.41%
  30621 15421       -0.4592    75       -0.4571       -0.4635  3611404    1.39%
  30918 15493       -0.4576    74       -0.4571       -0.4634  3653254    1.38%
  31260 15531       -0.4588    57       -0.4571       -0.4634  3673949    1.37%
  31626 15720       -0.4616    49       -0.4571       -0.4633  3737907    1.36%
  31913 15828        cutoff             -0.4571       -0.4632  3777891    1.34%
  33066 16118       -0.4580    65       -0.4571       -0.4630  3929155    1.29%
Elapsed time = 82.42 sec. (95152.03 ticks, tree = 77.26 MB, solutions = 12)
  34406 16569       -0.4572    47       -0.4571       -0.4628  4124194    1.24%
  35535 16769       -0.4577    67       -0.4571       -0.4625  4280080    1.18%
  36705 17008       -0.4573    49       -0.4571       -0.4623  4461486    1.12%
* 37284+17045                           -0.4595       -0.4622             0.59%
  38142  5516        cutoff             -0.4595       -0.4619  4624752    0.51%
  40081  4014        cutoff             -0.4595       -0.4610  4771390    0.31%

Mixed integer rounding cuts applied:  427
Lift and project cuts applied:  11
Gomory fractional cuts applied:  1

Root node processing (before b&c):
  Real time             =    1.28 sec. (1081.76 ticks)
Parallel b&c, 4 threads:
  Real time             =   99.92 sec. (116870.76 ticks)
  Sync time (average)   =    4.25 sec.
  Wait time (average)   =    0.00 sec.
                          ------------
Total (root+branch&cut) =  101.20 sec. (117952.52 ticks)
