Version identifier: 22.2.0.0 | 2026-05-04 | 5dff98e58
CPXPARAM_Read_DataCheck                          1
CPXPARAM_Threads                                 4
CPXPARAM_Parallel                                1
CPXPARAM_RandomSeed                              20260925
CPXPARAM_Simplex_Tolerances_Optimality           1.0000000000000001e-09
CPXPARAM_Simplex_Tolerances_Feasibility          1.0000000000000001e-09
CPXPARAM_TimeLimit                               600
CPXPARAM_MIP_Tolerances_AbsMIPGap                1.0000000000000001e-09
CPXPARAM_MIP_Tolerances_Integrality              1.0000000000000001e-09
Legacy callback                                  i
Found incumbent of value 0.000000 after 0.00 sec. (0.04 ticks)
Tried aggregator 2 times.
MIP Presolve eliminated 73 rows and 1 columns.
MIP Presolve modified 312 coefficients.
Aggregator did 12 substitutions.
Reduced MIP has 373 rows, 385 columns, and 2043 nonzeros.
Reduced MIP has 96 binaries, 0 generals, 0 SOSs, and 0 indicators.
Presolve time = 0.00 sec. (1.77 ticks)
Probing time = 0.00 sec. (0.07 ticks)
Tried aggregator 1 time.
Detecting symmetries...
MIP Presolve modified 66 coefficients.
Reduced MIP has 373 rows, 385 columns, and 2043 nonzeros.
Reduced MIP has 96 binaries, 0 generals, 0 SOSs, and 0 indicators.
Presolve time = 0.00 sec. (1.16 ticks)
Probing time = 0.00 sec. (0.07 ticks)
MIP emphasis: balance optimality and feasibility.
MIP search method: dynamic search.
Parallel mode: deterministic, using up to 4 threads.
Root relaxation solution time = 0.00 sec. (4.36 ticks)

        Nodes                                         Cuts/
   Node  Left     Objective  IInf  Best Integer    Best Bound    ItCnt     Gap

*     0+    0                            0.0000       -0.5008              --- 
*     0+    0                           -0.0466       -0.5008           973.91%
      0     0       -0.2049    33       -0.0466       -0.2049      338  339.26%
      0     0       -0.2049    29       -0.0466      Cuts: 15      621  339.26%
      0     0       -0.1705    22       -0.0466      Cuts: 14      999  265.58%
      0     0       -0.1705    31       -0.0466      Cuts: 16     1098  265.54%
*     0+    0                           -0.1142       -0.1705            49.29%
      0     0       -0.1704    31       -0.1142      Cuts: 14     1193   41.83%
      0     0       -0.1685    27       -0.1142    MIRcuts: 9     1305   41.83%
Detecting symmetries...
      0     0       -0.1685    34       -0.1142   MIRcuts: 10     1403   41.83%
      0     0       -0.1685    32       -0.1142    MIRcuts: 7     1501   41.83%
*     0+    0                           -0.1156       -0.1620            40.12%
Detecting symmetries...
      0     2       -0.1685    26       -0.1156       -0.1620     1501   40.12%
Elapsed time = 0.22 sec. (157.48 ticks, tree = 0.02 MB, solutions = 4)
*    48+   32                           -0.1229       -0.1620            31.74%
*    60+   20                           -0.1278       -0.1620            26.74%
*   422+  261                           -0.1296       -0.1620            24.94%
*   425+  261                           -0.1297       -0.1620            24.88%
*   433+  321                           -0.1348       -0.1620            20.13%
*   443+  296                           -0.1356       -0.1620            19.45%
*   443+  261                           -0.1364       -0.1620            18.77%
*   443+  332                           -0.1364       -0.1620            18.77%
    686   396       -0.1620    21       -0.1364       -0.1620    21540   18.77%
   2018  1313       -0.1399     4       -0.1364       -0.1620    58692   18.77%

Performing restart 1

Repeating presolve.
Tried aggregator 1 time.
MIP Presolve modified 273 coefficients.
Reduced MIP has 373 rows, 385 columns, and 1901 nonzeros.
Reduced MIP has 96 binaries, 0 generals, 0 SOSs, and 0 indicators.
Presolve time = 0.00 sec. (0.95 ticks)
Tried aggregator 1 time.
Reduced MIP has 373 rows, 385 columns, and 1901 nonzeros.
Reduced MIP has 96 binaries, 0 generals, 0 SOSs, and 0 indicators.
Presolve time = 0.00 sec. (0.89 ticks)
Represolve time = 0.00 sec. (3.21 ticks)
*  2502+    0                           -0.1364       -0.1612            18.19%
   2502     0       -0.1677    36       -0.1364      Cuts: 15    79585   18.19%
   2502     0       -0.1602    35       -0.1364      Cuts: 14    79715   17.49%
   2502     0       -0.1575    33       -0.1364      Cuts: 10    79916   15.49%
   2502     0       -0.1572    31       -0.1364       Cuts: 8    79952   15.27%
   2502     0       -0.1551    36       -0.1364       Cuts: 9    80021   13.77%
   2502     0       -0.1545    35       -0.1364       Cuts: 3    80061   13.31%
   2502     0       -0.1545    35       -0.1364       Cuts: 4    80075   13.31%
   2502     2       -0.1545    34       -0.1364       -0.1540    80075   12.94%
   3437   517        cutoff             -0.1364       -0.1459   100578    6.99%
   4689  1269       -0.1412    19       -0.1364       -0.1425   136911    4.51%
   6144  1887       -0.1399    12       -0.1364       -0.1399   171267    2.60%
   7640  2895       -0.1367    13       -0.1364       -0.1399   211012    2.60%
   9167  3919       -0.1387    12       -0.1364       -0.1399   254242    2.60%
  10695  5163       -0.1364     7       -0.1364       -0.1399   304242    2.60%
  17208  9503       -0.1367    10       -0.1364       -0.1399   478933    2.60%
Elapsed time = 3.83 sec. (3344.43 ticks, tree = 3.89 MB, solutions = 18)
  24175 14042       -0.1371    10       -0.1364       -0.1398   659733    2.54%
  30060 18266       -0.1370     8       -0.1364       -0.1391   773000    2.04%
  38888 24061       -0.1367    11       -0.1364       -0.1387   921593    1.72%
  48947 31002       -0.1367     9       -0.1364       -0.1383  1097285    1.46%
  57566 35798       -0.1371     5       -0.1364       -0.1375  1302273    0.83%
  64968 39027        cutoff             -0.1364       -0.1375  1492346    0.83%
  72850 43698       -0.1370    12       -0.1364       -0.1374  1708290    0.79%
  81624 48082       -0.1367     6       -0.1364       -0.1374  1882823    0.78%
  88374 50977       -0.1370     8       -0.1364       -0.1374  2077215    0.78%
  95489 55097        cutoff             -0.1364       -0.1374  2328214    0.78%
Elapsed time = 13.47 sec. (12883.24 ticks, tree = 18.84 MB, solutions = 18)
 103096 58705        cutoff             -0.1364       -0.1374  2515915    0.74%
 109428 61455       -0.1370     7       -0.1364       -0.1374  2735260    0.73%
 117784 63975       -0.1371    10       -0.1364       -0.1372  2942966    0.63%
 128580 71154       -0.1371     8       -0.1364       -0.1371  3117776    0.57%
 136943 76180        cutoff             -0.1364       -0.1371  3306424    0.56%
 145319 80440       -0.1371     8       -0.1364       -0.1371  3503850    0.56%
 155519 86866       -0.1371     8       -0.1364       -0.1371  3692458    0.56%
 164412 92394       -0.1367     9       -0.1364       -0.1371  3905629    0.55%
 172755 96787       -0.1367     7       -0.1364       -0.1371  4083576    0.55%
 180417 102411       -0.1367     9       -0.1364       -0.1371  4318838    0.55%
Elapsed time = 22.89 sec. (22421.06 ticks, tree = 35.26 MB, solutions = 18)
 188224 106306        cutoff             -0.1364       -0.1371  4498294    0.55%
 195999 110764       -0.1367     7       -0.1364       -0.1371  4696513    0.55%
 204128 115408        cutoff             -0.1364       -0.1371  4887419    0.55%
 212494 119588       -0.1367     4       -0.1364       -0.1371  5054317    0.55%
 220818 124997       -0.1367     8       -0.1364       -0.1371  5284032    0.55%
 229636 129931       -0.1367     9       -0.1364       -0.1371  5465402    0.55%
 237934 134520       -0.1367     8       -0.1364       -0.1371  5652912    0.55%
 246307 140311        cutoff             -0.1364       -0.1371  5891245    0.55%
 254748 144907       -0.1367     8       -0.1364       -0.1371  6073868    0.55%
 262947 149629       -0.1367    14       -0.1364       -0.1371  6272508    0.55%
Elapsed time = 32.73 sec. (31958.67 ticks, tree = 51.76 MB, solutions = 18)
 271263 154979       -0.1367     9       -0.1364       -0.1371  6486387    0.55%
 279869 159306        cutoff             -0.1364       -0.1371  6655727    0.55%
 287721 163786       -0.1367     6       -0.1364       -0.1371  6849060    0.55%
 295906 167451       -0.1367     6       -0.1364       -0.1371  7005650    0.55%
 304333 173494       -0.1367    14       -0.1364       -0.1371  7243485    0.55%
 312349 177965       -0.1367    10       -0.1364       -0.1371  7426283    0.55%
 320921 182350       -0.1367    13       -0.1364       -0.1371  7602317    0.55%
 328316 186834        cutoff             -0.1364       -0.1371  7789350    0.55%
 336379 191050       -0.1367    14       -0.1364       -0.1371  7962191    0.55%
 344255 197546       -0.1371    14       -0.1364       -0.1371  8232432    0.55%
Elapsed time = 42.16 sec. (41496.80 ticks, tree = 69.20 MB, solutions = 18)
 351490 200355        cutoff             -0.1364       -0.1371  8404443    0.55%
 358531 202027       -0.1367    11       -0.1364       -0.1371  8602323    0.55%
 366284 204407       -0.1367    10       -0.1364       -0.1371  8843008    0.55%
 373351 206356        cutoff             -0.1364       -0.1371  9060794    0.54%
 380555 208664       -0.1367     7       -0.1364       -0.1371  9331904    0.54%
 387974 211425       -0.1365     6       -0.1364       -0.1371  9596281    0.54%
 394978 213278       -0.1367     9       -0.1364       -0.1371  9792689    0.54%
 402144 216051       -0.1367     7       -0.1364       -0.1371 10066137    0.54%
 409142 218779       -0.1367     9       -0.1364       -0.1371 10360491    0.54%
 416204 220340        cutoff             -0.1364       -0.1371 10509547    0.54%
Elapsed time = 51.66 sec. (51034.49 ticks, tree = 75.90 MB, solutions = 18)
 423403 223443       -0.1366     6       -0.1364       -0.1371 10810209    0.54%
 430366 225514       -0.1368     7       -0.1364       -0.1371 11038069    0.54%
 437222 227152       -0.1367    11       -0.1364       -0.1371 11219622    0.54%
 444387 229709       -0.1367     9       -0.1364       -0.1371 11470843    0.54%
 451052 232459       -0.1367     7       -0.1364       -0.1371 11742187    0.54%
 458107 234835       -0.1367    10       -0.1364       -0.1371 11955813    0.54%
 464912 237307       -0.1367    10       -0.1364       -0.1371 12192211    0.54%
 471868 240023       -0.1367     9       -0.1364       -0.1371 12462634    0.54%
 478472 242371       -0.1367     8       -0.1364       -0.1371 12704662    0.54%
 485297 244803       -0.1368    12       -0.1364       -0.1371 12939565    0.54%
Elapsed time = 61.27 sec. (60572.88 ticks, tree = 85.51 MB, solutions = 18)
 491972 246838        cutoff             -0.1364       -0.1371 13139201    0.54%
 498490 248693       -0.1370    13       -0.1364       -0.1371 13330329    0.54%
 505229 251398       -0.1367    14       -0.1364       -0.1371 13595686    0.54%
 512430 254444        cutoff             -0.1364       -0.1371 13867134    0.54%
 519837 256585       -0.1367     9       -0.1364       -0.1371 14096677    0.54%
 527389 258972        cutoff             -0.1364       -0.1371 14363949    0.54%
 534503 261069        cutoff             -0.1364       -0.1371 14596148    0.54%
 541993 263499       -0.1367    10       -0.1364       -0.1371 14836225    0.54%
 549072 265965        cutoff             -0.1364       -0.1371 15088054    0.54%
 556058 268074        cutoff             -0.1364       -0.1371 15298787    0.54%
Elapsed time = 70.95 sec. (70111.28 ticks, tree = 92.36 MB, solutions = 18)
 562972 271012       -0.1366     9       -0.1364       -0.1371 15597914    0.54%
 569882 273550       -0.1367     6       -0.1364       -0.1371 15835544    0.54%
 576993 275655        cutoff             -0.1364       -0.1371 16034012    0.54%
 583578 277709       -0.1367     9       -0.1364       -0.1371 16244039    0.54%
 590270 280717        cutoff             -0.1364       -0.1371 16550462    0.54%
 597093 282633       -0.1367     9       -0.1364       -0.1371 16750547    0.54%
 603345 284695       -0.1371    10       -0.1364       -0.1371 16963648    0.54%
 610157 287028       -0.1367     9       -0.1364       -0.1371 17190497    0.54%
 618728 290200       -0.1371     9       -0.1364       -0.1371 17425040    0.54%
 627927 296788       -0.1371     9       -0.1364       -0.1371 17678830    0.54%
Elapsed time = 80.23 sec. (79649.50 ticks, tree = 103.70 MB, solutions = 18)
 637144 300767       -0.1369    11       -0.1364       -0.1371 17814616    0.52%
 646641 306472       -0.1370    11       -0.1364       -0.1371 18011171    0.52%
 654844 311416       -0.1370     7       -0.1364       -0.1371 18213682    0.51%
 662756 314371       -0.1370    11       -0.1364       -0.1371 18362848    0.51%
 670694 319311        cutoff             -0.1364       -0.1371 18643188    0.51%
 678866 322121       -0.1370    10       -0.1364       -0.1371 18806319    0.51%
 689007 327129       -0.1367     8       -0.1364       -0.1371 19018619    0.51%
 696461 332149       -0.1367    10       -0.1364       -0.1371 19202322    0.51%
 704449 336184       -0.1367     8       -0.1364       -0.1371 19400143    0.51%

Performing restart 2

Repeating presolve.
Tried aggregator 1 time.
MIP Presolve eliminated 13 rows and 0 columns.
MIP Presolve modified 78 coefficients.
Reduced MIP has 360 rows, 385 columns, and 1810 nonzeros.
Reduced MIP has 96 binaries, 0 generals, 0 SOSs, and 0 indicators.
Presolve time = 0.00 sec. (0.63 ticks)
Tried aggregator 1 time.
MIP Presolve modified 78 coefficients.
Reduced MIP has 360 rows, 385 columns, and 1810 nonzeros.
Reduced MIP has 96 binaries, 0 generals, 0 SOSs, and 0 indicators.
Presolve time = 0.00 sec. (0.85 ticks)
Represolve time = 0.08 sec. (9.53 ticks)
 731276     0       -0.1507    38       -0.1364       Cuts: 6 20188568    0.50%
 731276     0       -0.1505    38       -0.1364    MIRcuts: 5 20188699    0.50%
 731276     0       -0.1505    33       -0.1364       Cuts: 5 20188736    0.50%
 731276     0       -0.1505    37       -0.1364       Cuts: 8 20188804    0.50%
 731276     0       -0.1504    35       -0.1364    MIRcuts: 1 20188810    0.50%
 731276     0       -0.1504    39       -0.1364   LiftProj: 1 20188815    0.50%
 731321    42       -0.1417    16       -0.1364       -0.1371 20190602    0.50%
Elapsed time = 92.22 sec. (92049.00 ticks, tree = 0.03 MB, solutions = 18)
 756208 17996       -0.1370    12       -0.1364       -0.1371 20754910    0.50%
 769102 25611        cutoff             -0.1364       -0.1371 21345549    0.50%
 783231 33677       -0.1386    29       -0.1364       -0.1371 21972522    0.50%
 795872 39100       -0.1366    22       -0.1364       -0.1371 22640785    0.50%
 811273 42934        cutoff             -0.1364       -0.1371 23299305    0.50%
 824518 42395        cutoff             -0.1364       -0.1371 23968714    0.50%
 845192 48671        cutoff             -0.1364       -0.1371 24618034    0.50%
 866778 59312       -0.1367    10       -0.1364       -0.1371 25375772    0.50%
 887761 71354       -0.1367     7       -0.1364       -0.1371 26048483    0.50%
 910959 83957       -0.1367     6       -0.1364       -0.1371 26746029    0.50%
Elapsed time = 128.55 sec. (130200.26 ticks, tree = 31.44 MB, solutions = 18)
 933101 95358       -0.1367     8       -0.1364       -0.1371 27426894    0.50%
 954242 106333       -0.1367     4       -0.1364       -0.1371 28139332    0.50%
 975510 117801       -0.1367     6       -0.1364       -0.1371 28849198    0.50%
 996074 127460       -0.1367     8       -0.1364       -0.1371 29495587    0.50%
 1016547 139565       -0.1367    15       -0.1364       -0.1371 30245409    0.50%
 1035694 149431       -0.1371    17       -0.1364       -0.1371 30870904    0.50%
 1055314 156318       -0.1367     3       -0.1364       -0.1371 31697594    0.50%
 1074647 162175       -0.1366     7       -0.1364       -0.1371 32476663    0.50%
 1093533 168824        cutoff             -0.1364       -0.1371 33346384    0.50%
 1112077 175169       -0.1366     9       -0.1364       -0.1371 34227244    0.50%
Elapsed time = 162.94 sec. (168348.28 ticks, tree = 62.86 MB, solutions = 18)
 1130161 180525        cutoff             -0.1364       -0.1371 34963558    0.50%
 1147826 186312       -0.1367    16       -0.1364       -0.1371 35733182    0.50%
 1165805 192427        cutoff             -0.1364       -0.1371 36576168    0.50%
 1183979 198191        cutoff             -0.1364       -0.1371 37414537    0.50%
 1201434 204027       -0.1367    12       -0.1364       -0.1371 38271711    0.50%
 1218213 209675       -0.1366     8       -0.1364       -0.1371 39051871    0.50%
 1235093 216618        cutoff             -0.1364       -0.1371 39854465    0.50%
 1251174 222079       -0.1366    14       -0.1364       -0.1371 40482034    0.50%
 1272795 231507       -0.1367    10       -0.1364       -0.1371 41191795    0.50%
 1295247 243154        cutoff             -0.1364       -0.1371 41950156    0.50%
Elapsed time = 196.95 sec. (206497.05 ticks, tree = 87.37 MB, solutions = 18)
 1317766 254512       -0.1367    11       -0.1364       -0.1371 42606420    0.50%
 1340253 266118       -0.1366    12       -0.1364       -0.1371 43453716    0.50%
 1360785 274505       -0.1370     9       -0.1364       -0.1371 44113094    0.50%
 1380959 285027       -0.1366     6       -0.1364       -0.1371 44937006    0.50%
 1400588 293990       -0.1367    13       -0.1364       -0.1371 45677918    0.50%
 1419188 301984       -0.1366    16       -0.1364       -0.1371 46360172    0.50%
 1434494 305325       -0.1366    10       -0.1364       -0.1370 47203787    0.50%
 1454060 310027       -0.1367     7       -0.1364       -0.1370 47996699    0.50%
 1476735 320575       -0.1366     7       -0.1364       -0.1370 48809717    0.50%
 1498968 328348       -0.1370    14       -0.1364       -0.1370 49432601    0.50%
Elapsed time = 230.80 sec. (244645.48 ticks, tree = 115.24 MB, solutions = 18)
 1520167 339494        cutoff             -0.1364       -0.1370 50302901    0.50%
 1541310 348003       -0.1366    16       -0.1364       -0.1370 51007626    0.50%
 1561506 356377       -0.1367    15       -0.1364       -0.1370 51710475    0.50%
 1581865 365422        cutoff             -0.1364       -0.1370 52508889    0.50%
 1598819 369352       -0.1367     7       -0.1364       -0.1370 53403967    0.49%
 1614168 371910       -0.1370     9       -0.1364       -0.1370 54133358    0.49%
 1628518 374292       -0.1364    11       -0.1364       -0.1370 54901555    0.49%
 1643834 377092       -0.1366     5       -0.1364       -0.1370 55796806    0.49%
 1661220 380121       -0.1367    12       -0.1364       -0.1370 56666244    0.49%
 1677407 382540        cutoff             -0.1364       -0.1370 57435303    0.49%
Elapsed time = 264.92 sec. (282794.37 ticks, tree = 134.74 MB, solutions = 18)
 1693319 385050        cutoff             -0.1364       -0.1370 58221864    0.49%
 1709058 387563       -0.1367    12       -0.1364       -0.1370 59001249    0.49%
 1724287 390558        cutoff             -0.1364       -0.1370 59966927    0.49%
 1739314 392851       -0.1370     6       -0.1364       -0.1370 60675193    0.49%
 1754251 396143       -0.1367    11       -0.1364       -0.1370 61552584    0.49%
 1768506 398648       -0.1370     9       -0.1364       -0.1370 62263284    0.49%
 1782403 401934        cutoff             -0.1364       -0.1370 63139780    0.49%
 1796466 404772        cutoff             -0.1364       -0.1370 63839824    0.49%
 1812125 408951       -0.1366    14       -0.1364       -0.1370 64677666    0.49%
 1828776 412202       -0.1370     9       -0.1364       -0.1370 65266463    0.49%
Elapsed time = 298.70 sec. (320943.44 ticks, tree = 147.98 MB, solutions = 18)
 1848325 419123        cutoff             -0.1364       -0.1370 66116665    0.47%
 1869220 425921        cutoff             -0.1364       -0.1370 66770766    0.46%
 1887678 432753        cutoff             -0.1364       -0.1370 67565705    0.45%
 1905538 439381       -0.1366     9       -0.1364       -0.1370 68493542    0.45%
 1921985 442450       -0.1366    11       -0.1364       -0.1370 69187130    0.45%
 1940688 445772       -0.1367     8       -0.1364       -0.1370 70025694    0.45%
 1958513 450415       -0.1367    17       -0.1364       -0.1370 70808788    0.44%
 1974849 452103       -0.1366     6       -0.1364       -0.1370 71644355    0.44%
 1990027 452846        cutoff             -0.1364       -0.1370 72506133    0.44%
 2004322 453766       -0.1365    12       -0.1364       -0.1370 73236366    0.44%
Elapsed time = 332.41 sec. (359094.65 ticks, tree = 160.31 MB, solutions = 18)
 2017789 454730       -0.1365    10       -0.1364       -0.1370 74079853    0.44%
 2032166 455830        cutoff             -0.1364       -0.1370 74793741    0.44%
 2047723 457782        cutoff             -0.1364       -0.1370 75607136    0.44%
 2063623 458706        cutoff             -0.1364       -0.1369 76434820    0.36%
 2088709 467835       -0.1367     4       -0.1364       -0.1368 77152330    0.31%
 2115016 477833       -0.1367    14       -0.1364       -0.1368 77746494    0.29%
 2140650 488210        cutoff             -0.1364       -0.1367 78364127    0.28%
 2167104 505560       -0.1366    17       -0.1364       -0.1367 79365136    0.28%
 2191961 512036        cutoff             -0.1364       -0.1367 79759174    0.28%
 2219100 529228       -0.1367     5       -0.1364       -0.1367 80691894    0.28%
Elapsed time = 366.30 sec. (397243.10 ticks, tree = 187.65 MB, solutions = 18)
 2245241 540603       -0.1367    11       -0.1364       -0.1367 81258915    0.28%
 2269917 556188       -0.1367     6       -0.1364       -0.1367 82093371    0.28%
 2293155 566195       -0.1366     9       -0.1364       -0.1367 82692941    0.28%
 2314115 575359        cutoff             -0.1364       -0.1367 83619492    0.28%
 2333216 580890       -0.1367    12       -0.1364       -0.1367 84305443    0.28%
 2355192 590559       -0.1367    11       -0.1364       -0.1367 85238987    0.28%
 2377026 597277       -0.1367    12       -0.1364       -0.1367 85875412    0.28%
 2397883 605156       -0.1367    12       -0.1364       -0.1367 86621918    0.28%
 2418655 613633       -0.1367    16       -0.1364       -0.1367 87407233    0.28%
 2438989 620344        cutoff             -0.1364       -0.1367 87984725    0.28%
Elapsed time = 400.12 sec. (435392.76 ticks, tree = 220.65 MB, solutions = 18)
 2461696 628724        cutoff             -0.1364       -0.1367 88648676    0.28%
 2485537 639133       -0.1366    18       -0.1364       -0.1367 89554725    0.28%
 2507548 636935        cutoff             -0.1364       -0.1367 90367299    0.28%
 2527965 630203        cutoff             -0.1364       -0.1367 91275381    0.27%
 2549238 624273        cutoff             -0.1364       -0.1367 92042037    0.26%
 2569801 620284        cutoff             -0.1364       -0.1367 92649432    0.26%
 2589846 613848       -0.1367    10       -0.1364       -0.1367 93575385    0.26%
 2610202 608493       -0.1367     6       -0.1364       -0.1367 94333089    0.26%
 2630247 602514       -0.1367     8       -0.1364       -0.1367 95280141    0.26%
 2650643 598531        cutoff             -0.1364       -0.1367 96026130    0.26%
Elapsed time = 434.69 sec. (473540.77 ticks, tree = 213.98 MB, solutions = 18)
 2670149 594700        cutoff             -0.1364       -0.1367 96698359    0.26%
 2690442 590361        cutoff             -0.1364       -0.1367 97439814    0.26%
 2709910 586469        cutoff             -0.1364       -0.1367 98247691    0.26%
 2729169 581607        cutoff             -0.1364       -0.1367 99092181    0.26%
 2748280 578129        cutoff             -0.1364       -0.1367 99820268    0.26%
 2767213 574316        cutoff             -0.1364       -0.1367 1.01e+08    0.26%
 2785596 571031        cutoff             -0.1364       -0.1367 1.01e+08    0.26%
 2803791 568625       -0.1367    12       -0.1364       -0.1367 1.02e+08    0.26%
 2822063 568467       -0.1367     5       -0.1364       -0.1367 1.03e+08    0.26%
 2838897 568108        cutoff             -0.1364       -0.1367 1.04e+08    0.26%
Elapsed time = 469.25 sec. (511688.98 ticks, tree = 204.70 MB, solutions = 18)
 2858556 560029        cutoff             -0.1364       -0.1367 1.04e+08    0.26%
 2875768 547552        cutoff             -0.1364       -0.1367 1.05e+08    0.26%
 2892756 537166        cutoff             -0.1364       -0.1367 1.06e+08    0.25%
 2913760 525084        cutoff             -0.1364       -0.1367 1.07e+08    0.25%
 2934228 515379        cutoff             -0.1364       -0.1367 1.08e+08    0.25%
 2954141 504421        cutoff             -0.1364       -0.1367 1.09e+08    0.25%
 2973344 491799        cutoff             -0.1364       -0.1367 1.10e+08    0.25%
 2992223 481123        cutoff             -0.1364       -0.1367 1.11e+08    0.25%
 3010372 472770       -0.1367    12       -0.1364       -0.1367 1.12e+08    0.25%
 3027991 463065        cutoff             -0.1364       -0.1367 1.12e+08    0.25%
Elapsed time = 504.59 sec. (549837.77 ticks, tree = 173.62 MB, solutions = 18)
 3044691 453198        cutoff             -0.1364       -0.1367 1.13e+08    0.25%
 3063681 445833        cutoff             -0.1364       -0.1367 1.14e+08    0.25%
 3085683 433721        cutoff             -0.1364       -0.1367 1.15e+08    0.25%
 3105544 424110        cutoff             -0.1364       -0.1367 1.16e+08    0.25%
 3122270 416306        cutoff             -0.1364       -0.1367 1.17e+08    0.25%
 3138295 406567        cutoff             -0.1364       -0.1367 1.17e+08    0.25%
 3160550 403991       -0.1366    18       -0.1364       -0.1367 1.18e+08    0.25%
 3182376 411471        cutoff             -0.1364       -0.1367 1.19e+08    0.25%
 3204837 418694       -0.1367    10       -0.1364       -0.1367 1.19e+08    0.25%
 3227616 429587       -0.1367     8       -0.1364       -0.1367 1.20e+08    0.24%
Elapsed time = 539.14 sec. (587985.77 ticks, tree = 163.67 MB, solutions = 18)
 3240576 435537       -0.1367    12       -0.1364       -0.1367 1.21e+08    0.24%
 3249651 440276       -0.1367    15       -0.1364       -0.1367 1.21e+08    0.24%
 3257934 442709        cutoff             -0.1364       -0.1367 1.21e+08    0.24%
 3267787 444011        cutoff             -0.1364       -0.1367 1.21e+08    0.24%
 3276089 447705       -0.1367    11       -0.1364       -0.1367 1.22e+08    0.24%
 3284094 450566        cutoff             -0.1364       -0.1367 1.22e+08    0.24%
 3293928 452241       -0.1366     9       -0.1364       -0.1367 1.22e+08    0.24%
 3302370 452419       -0.1367     8       -0.1364       -0.1367 1.23e+08    0.24%
 3311633 454194       -0.1366     9       -0.1364       -0.1367 1.23e+08    0.23%
 3320999 457077        cutoff             -0.1364       -0.1367 1.23e+08    0.23%
Elapsed time = 578.06 sec. (626160.51 ticks, tree = 171.75 MB, solutions = 18)
 3329776 459774       -0.1366    12       -0.1364       -0.1367 1.24e+08    0.23%
 3339055 461526        cutoff             -0.1364       -0.1367 1.24e+08    0.23%
 3347782 463281       -0.1367    11       -0.1364       -0.1367 1.24e+08    0.23%
 3361537 466868       -0.1366     3       -0.1364       -0.1367 1.25e+08    0.23%
 3380495 472643       -0.1366     2       -0.1364       -0.1367 1.25e+08    0.23%

Cover cuts applied:  18
Mixed integer rounding cuts applied:  137
Lift and project cuts applied:  13
Gomory fractional cuts applied:  5

Root node processing (before b&c):
  Real time             =    0.22 sec. (157.29 ticks)
Parallel b&c, 4 threads:
  Real time             =  599.80 sec. (648003.28 ticks)
  Sync time (average)   =   18.25 sec.
  Wait time (average)   =    0.00 sec.
                          ------------
Total (root+branch&cut) =  600.02 sec. (648160.56 ticks)
