Version identifier: 22.2.0.0 | 2026-05-04 | 5dff98e58
CPXPARAM_Read_DataCheck                          1
CPXPARAM_Threads                                 4
CPXPARAM_Parallel                                1
CPXPARAM_RandomSeed                              20260925
CPXPARAM_Simplex_Tolerances_Optimality           1.0000000000000001e-09
CPXPARAM_Simplex_Tolerances_Feasibility          1.0000000000000001e-09
CPXPARAM_TimeLimit                               600
CPXPARAM_MIP_Tolerances_AbsMIPGap                1.0000000000000001e-09
CPXPARAM_MIP_Tolerances_Integrality              1.0000000000000001e-09
Legacy callback                                  i
2 of 16 MIP starts provided solutions.
MIP start 'm1' defined initial solution with objective 0.0285.
Tried aggregator 1 time.
MIP Presolve eliminated 1350 rows and 2 columns.
MIP Presolve modified 3414 coefficients.
Reduced MIP has 3966 rows, 4686 columns, and 49203 nonzeros.
Reduced MIP has 1164 binaries, 0 generals, 0 SOSs, and 0 indicators.
Presolve time = 0.02 sec. (32.63 ticks)
Probing time = 0.00 sec. (0.68 ticks)
Tried aggregator 1 time.
Detecting symmetries...
Reduced MIP has 3966 rows, 4686 columns, and 49203 nonzeros.
Reduced MIP has 1164 binaries, 0 generals, 0 SOSs, and 0 indicators.
Presolve time = 0.02 sec. (20.17 ticks)
Probing time = 0.00 sec. (0.77 ticks)
MIP emphasis: balance optimality and feasibility.
MIP search method: dynamic search.
Parallel mode: deterministic, using up to 4 threads.
Root relaxation solution time = 0.03 sec. (38.52 ticks)

        Nodes                                         Cuts/
   Node  Left     Objective  IInf  Best Integer    Best Bound    ItCnt     Gap

*     0+    0                            0.0285        0.0000           100.00%
      0     0        0.0240    60        0.0285        0.0240      911   15.81%
      0     0        0.0240    54        0.0285    MIRcuts: 4      942   15.81%
      0     0        0.0240    58        0.0285    MIRcuts: 7      976   15.81%
      0     2        0.0240    56        0.0285        0.0240      976   15.81%
Elapsed time = 1.41 sec. (1121.56 ticks, tree = 0.02 MB, solutions = 2)
     20    22        0.0257    68        0.0285        0.0240     1936   15.81%
     92    65        0.0256    72        0.0285        0.0240     3649   15.81%
    171   149        0.0257    67        0.0285        0.0240     7068   15.76%
    232   220        0.0258    54        0.0285        0.0240    11475   15.76%
    296   268        0.0269    48        0.0285        0.0240    15178   15.76%
*   346+  301                            0.0285        0.0240            15.76%
    350   317        0.0241    59        0.0285        0.0240    21075   15.76%
    421   344        0.0244    46        0.0285        0.0240    24776   15.76%
    517   393        0.0245    55        0.0285        0.0240    29881   15.76%
    623   451        0.0244    60        0.0285        0.0240    34734   15.76%
    929   717        0.0251    61        0.0285        0.0240    64741   15.68%
Elapsed time = 4.28 sec. (4330.43 ticks, tree = 8.14 MB, solutions = 3)
   1285   924        0.0249    61        0.0285        0.0240    83958   15.68%
   1868  1496        0.0253    71        0.0285        0.0240   111988   15.68%
   2336  1900        0.0243    59        0.0285        0.0240   139115   15.68%

Performing restart 1

Repeating presolve.
Tried aggregator 1 time.
Reduced MIP has 3966 rows, 4686 columns, and 49203 nonzeros.
Reduced MIP has 1164 binaries, 0 generals, 0 SOSs, and 0 indicators.
Presolve time = 0.02 sec. (13.86 ticks)
Tried aggregator 1 time.
Reduced MIP has 3966 rows, 4686 columns, and 49203 nonzeros.
Reduced MIP has 1164 binaries, 0 generals, 0 SOSs, and 0 indicators.
Presolve time = 0.02 sec. (20.44 ticks)
Represolve time = 0.05 sec. (40.55 ticks)
   2362     0        0.0240    60        0.0285       Cuts: 3   144079   15.68%
   2362     0        0.0240    62        0.0285      Cuts: 12   144222   15.68%
   2362     0        0.0240    59        0.0285    MIRcuts: 1   144244   15.68%
   2362     0        0.0240    58        0.0285       Cuts: 7   144306   15.68%
   2362     0        0.0240    62        0.0285      Cuts: 12   144452   15.68%
   2362     2        0.0240    57        0.0285        0.0240   144452   15.68%
   2407    30        0.0247    60        0.0285        0.0240   145579   15.68%
   2608   224        0.0259    67        0.0285        0.0240   154561   15.68%
   2771   364        0.0279    73        0.0285        0.0240   166443   15.68%
   2975   493        0.0266    44        0.0285        0.0240   188220   15.68%
   3210   722        0.0267    74        0.0285        0.0240   207437   15.68%
   3491   879        0.0245    60        0.0285        0.0240   226951   15.68%
Elapsed time = 14.72 sec. (18735.32 ticks, tree = 5.07 MB, solutions = 3)
   3800  1211        0.0240    57        0.0285        0.0240   242551   15.68%
   4156  1522        0.0251    63        0.0285        0.0240   258550   15.68%
   4443  1785        0.0278    55        0.0285        0.0240   277040   15.68%
   4732  2057        0.0280    51        0.0285        0.0240   294993   15.68%
   5074  2406        0.0251    60        0.0285        0.0240   315606   15.68%
   5483  2628        0.0245    50        0.0285        0.0240   324572   15.68%
   5938  3169        0.0253    61        0.0285        0.0240   349363   15.68%
   6301  3506        0.0269    34        0.0285        0.0240   369938   15.68%
   6551  3737        0.0257    50        0.0285        0.0240   384674   15.68%
   6896  3990        0.0240    61        0.0285        0.0240   397462   15.68%
Elapsed time = 21.56 sec. (28311.12 ticks, tree = 91.46 MB, solutions = 3)
   7217  4214        0.0250    48        0.0285        0.0240   416942   15.68%
   7588  4624        0.0243    69        0.0285        0.0240   440571   15.68%
   7903  4884        cutoff              0.0285        0.0240   462493   15.68%
   8218  5097        cutoff              0.0285        0.0240   479613   15.68%
   8554  5368        0.0280    36        0.0285        0.0240   495131   15.66%
   8944  5682        0.0243    66        0.0285        0.0240   514643   15.63%
   9327  6175        0.0268    29        0.0285        0.0240   540156   15.62%
   9670  6430        0.0259    36        0.0285        0.0240   555228   15.62%
  10039  6787        0.0274    32        0.0285        0.0240   574050   15.62%
  10371  7030        0.0285    48        0.0285        0.0241   593866   15.60%
Elapsed time = 28.36 sec. (37868.00 ticks, tree = 187.91 MB, solutions = 3)
  10716  7324        0.0247    61        0.0285        0.0241   612108   15.56%
  11077  7572        0.0280    44        0.0285        0.0241   627853   15.55%
  11516  7933        0.0246    59        0.0285        0.0241   652400   15.55%
  11956  8411        0.0278    48        0.0285        0.0241   676771   15.55%
  12397  8768        0.0249    53        0.0285        0.0241   694636   15.55%
  12754  8990        0.0255    41        0.0285        0.0241   707037   15.55%
  13155  9523        0.0243    56        0.0285        0.0241   738527   15.55%
  13465  9611        0.0241    64        0.0285        0.0241   748276   15.55%
  13870  9866        0.0271    39        0.0285        0.0241   766046   15.55%
  14233 10371        0.0242    63        0.0285        0.0241   792923   15.55%
Elapsed time = 35.17 sec. (47434.74 ticks, tree = 293.01 MB, solutions = 3)
  14655 10550        0.0255    51        0.0285        0.0241   798200   15.55%
  14994 11035        0.0269    43        0.0285        0.0241   827014   15.55%
  15364 11324        0.0251    50        0.0285        0.0241   844459   15.55%
  15839 11663        0.0272    37        0.0285        0.0241   859063   15.55%
  16175 12133        0.0273    33        0.0285        0.0241   883490   15.55%
  16594 12267        0.0266    28        0.0285        0.0241   896704   15.55%
  16914 12697        0.0279    31        0.0285        0.0241   914063   15.55%
  17278 13045        0.0247    52        0.0285        0.0241   934244   15.55%
  17714 13461        cutoff              0.0285        0.0241   962654   15.55%
  18041 13711        0.0247    50        0.0285        0.0241   983455   15.54%
Elapsed time = 41.98 sec. (57034.00 ticks, tree = 398.49 MB, solutions = 3)
  18392 13998        0.0268    39        0.0285        0.0241   995363   15.54%
  18814 14344        0.0280    43        0.0285        0.0241  1015736   15.53%
  19294 14694        0.0253    40        0.0285        0.0241  1028149   15.53%
  19706 15221        cutoff              0.0285        0.0241  1060227   15.53%
  20157 15667        0.0270    48        0.0285        0.0241  1082901   15.53%
  20520 15820        0.0261    44        0.0285        0.0241  1095664   15.53%
  20981 16073        0.0278    48        0.0285        0.0241  1107165   15.53%
  21389 16610        0.0280    40        0.0285        0.0241  1137234   15.52%
  21899 16928        0.0241    63        0.0285        0.0241  1155189   15.51%
  22390 17268        0.0263    70        0.0285        0.0241  1177457   15.51%
Elapsed time = 48.78 sec. (66595.94 ticks, tree = 512.29 MB, solutions = 3)
  22756 17967        cutoff              0.0285        0.0241  1207684   15.51%
  23200 18033        0.0273    30        0.0285        0.0241  1214892   15.51%
  23710 18878        0.0266    46        0.0285        0.0241  1254373   15.50%
  24243 19152        0.0246    49        0.0285        0.0241  1267715   15.50%
  24743 19698        0.0270    46        0.0285        0.0241  1292462   15.49%
  25263 20088        0.0280    49        0.0285        0.0241  1307895   15.49%
* 25356+20298                            0.0285        0.0241            15.39%
  25527 20761        0.0255    51        0.0285        0.0241  1341014   15.39%
  25719 20890        0.0269    44        0.0285        0.0241  1346342   15.39%
  25835 21035        0.0280    45        0.0285        0.0241  1358000   15.39%
* 25861+20412                            0.0282        0.0241            14.70%
* 25922+20298                            0.0282        0.0241            14.59%
  26010 21059        0.0259    46        0.0282        0.0241  1362100   14.59%
Elapsed time = 56.06 sec. (76198.16 ticks, tree = 641.24 MB, solutions = 3)
* 26070+20298                            0.0282        0.0241            14.49%
  26187 21369        0.0251    50        0.0282        0.0241  1379416   14.49%
  26354 21339        0.0258    43        0.0282        0.0241  1378658   14.49%
  26547 21589        0.0269    46        0.0282        0.0241  1390516   14.49%
  26723 21749        0.0250    65        0.0282        0.0241  1401183   14.49%
  26911 21952        0.0263    45        0.0282        0.0241  1414957   14.49%
  27127 22065        0.0262    45        0.0282        0.0241  1419658   14.49%
  27355 22288        0.0259    30        0.0282        0.0241  1431968   14.49%
  27533 22508        0.0263    44        0.0282        0.0241  1442233   14.49%
  27728 22786        0.0246    49        0.0282        0.0241  1459244   14.49%
  27956 22866        0.0283    42        0.0282        0.0241  1463221   14.49%
Elapsed time = 63.97 sec. (85779.02 ticks, tree = 699.61 MB, solutions = 3)
  28126 23111        0.0250    43        0.0282        0.0241  1475922   14.49%
  28367 23319        0.0261    44        0.0282        0.0241  1486282   14.49%
* 28522+20298                            0.0280        0.0241            14.11%
  28562 23556        0.0272    45        0.0280        0.0241  1499923   14.11%
  28758 23541        0.0271    42        0.0280        0.0241  1497845   14.11%
  28951 23838        0.0281    41        0.0280        0.0241  1518538   14.11%
  29123 24051        0.0243    52        0.0280        0.0241  1531807   14.11%
  29309 24251        0.0250    43        0.0280        0.0241  1547087   14.11%
  29543 24403        0.0256    40        0.0280        0.0241  1552202   14.11%
  29786 24419        0.0282    52        0.0280        0.0241  1557813   14.11%
  30612 25255        0.0271    50        0.0280        0.0241  1602559   14.11%
Elapsed time = 74.28 sec. (98310.87 ticks, tree = 776.50 MB, solutions = 3)
* 31061+20412                            0.0280        0.0241            14.08%
  31337 25975        0.0263    43        0.0280        0.0241  1656004   14.08%
  32203 26479        0.0245    56        0.0280        0.0241  1705253   14.08%
  33302 26602        0.0257    44        0.0280        0.0241  1749917   14.08%
  34462 27779        0.0274    31        0.0280        0.0241  1815530   14.08%
  36141 29390        0.0257    38        0.0280        0.0241  1903423   14.02%
  37705 30531        0.0265    35        0.0280        0.0241  1962376   14.02%
  39496 32050        0.0268    45        0.0280        0.0241  2039823   14.02%
  41124 33381        0.0264    44        0.0280        0.0241  2123854   14.02%
  42830 35018        0.0264    42        0.0280        0.0241  2217373   14.01%
  44528 36805        0.0251    42        0.0280        0.0241  2312131   14.01%
Elapsed time = 103.22 sec. (136485.42 ticks, tree = 1142.37 MB, solutions = 13)
  46231 38186        0.0257    48        0.0280        0.0241  2393568   14.00%
  47869 39717        0.0269    43        0.0280        0.0241  2477532   14.00%

Performing restart 2

Repeating presolve.
Tried aggregator 1 time.
Reduced MIP has 3966 rows, 4686 columns, and 49203 nonzeros.
Reduced MIP has 1164 binaries, 0 generals, 0 SOSs, and 0 indicators.
Presolve time = 0.02 sec. (13.86 ticks)
Tried aggregator 1 time.
Reduced MIP has 3966 rows, 4686 columns, and 49203 nonzeros.
Reduced MIP has 1164 binaries, 0 generals, 0 SOSs, and 0 indicators.
Presolve time = 0.02 sec. (20.44 ticks)
Represolve time = 0.06 sec. (47.60 ticks)
  48135     0        0.0240    61        0.0280       Cuts: 9  2516498   14.00%
  48135     0        0.0240    63        0.0280      Cuts: 13  2516619   14.00%
  48135     0        0.0240    58        0.0280    MIRcuts: 1  2516647   14.00%
  48135     0        0.0240    61        0.0280      Cuts: 14  2516754   14.00%
  48135     0        0.0240    63        0.0280       Cuts: 9  2516873   14.00%
  48135     0        0.0240    60        0.0280       Cuts: 3  2516916   14.00%
  48135     0        0.0240    59        0.0280       Cuts: 9  2517000   14.00%
  48135     0        0.0240    58        0.0280     Covers: 1  2517056   14.00%
  48135     2        0.0240    56        0.0280        0.0241  2517056   14.00%
  48416   262        0.0267    34        0.0280        0.0241  2533605   14.00%
  49306  1035        0.0273    33        0.0280        0.0241  2593140   14.00%
  50621  2081        0.0247    64        0.0280        0.0241  2670684   14.00%
  52058  3243        0.0277    47        0.0280        0.0241  2755606   14.00%
  53767  4700        0.0259    37        0.0280        0.0241  2836823   14.00%
  55746  6638        0.0271    43        0.0280        0.0241  2951139   14.00%
  57867  8522        0.0258    48        0.0280        0.0241  3052705   14.00%
Elapsed time = 132.86 sec. (178517.76 ticks, tree = 18.80 MB, solutions = 13)
  59952 10438        0.0278    41        0.0280        0.0241  3168320   14.00%
  61765 12005        0.0271    40        0.0280        0.0241  3267683   14.00%
  63370 13309        0.0258    43        0.0280        0.0241  3355450   14.00%
  65004 14780        0.0241    58        0.0280        0.0241  3455926   14.00%
  66791 16219        0.0252    50        0.0280        0.0241  3553078   14.00%
  68331 17775        0.0270    25        0.0280        0.0241  3652734   14.00%
  70046 19266        0.0276    53        0.0280        0.0241  3745377   14.00%
  71906 20928        0.0260    42        0.0280        0.0241  3846708   14.00%
  73448 22655        0.0265    45        0.0280        0.0241  3963668   14.00%
  75422 23952        0.0250    41        0.0280        0.0241  4041460   14.00%
Elapsed time = 159.89 sec. (216702.14 ticks, tree = 47.29 MB, solutions = 13)
  77590 26233        0.0262    40        0.0280        0.0241  4170610   14.00%
  79474 27930        0.0280    41        0.0280        0.0241  4265111   14.00%
  81394 29597        0.0254    48        0.0280        0.0241  4369866   14.00%
  83659 31759        0.0241    58        0.0280        0.0241  4482916   14.00%
  85481 33344        0.0260    42        0.0280        0.0241  4574140   14.00%
  87268 35147        0.0241    61        0.0280        0.0241  4706220   14.00%
  89067 36812        0.0267    44        0.0280        0.0241  4808844   14.00%
  91022 38249        0.0254    41        0.0280        0.0241  4906029   14.00%
* 92004+39297                            0.0280        0.0241            13.90%
  93071 40110        0.0256    43        0.0280        0.0241  5028137   13.90%
  94863 41914        0.0246    46        0.0280        0.0241  5144988   13.90%
Elapsed time = 188.91 sec. (254864.42 ticks, tree = 81.43 MB, solutions = 14)
  96908 43655        0.0260    34        0.0280        0.0241  5254020   13.90%
  98874 45623        0.0242    54        0.0280        0.0241  5380572   13.90%
 100886 47339        0.0279    42        0.0280        0.0241  5476325   13.90%
 103044 49071        0.0260    42        0.0280        0.0241  5591645   13.89%
 104732 50870        0.0268    44        0.0280        0.0241  5716590   13.88%
 106460 52166        0.0277    48        0.0280        0.0241  5801868   13.88%
 108343 54048        0.0266    41        0.0280        0.0241  5919869   13.88%
 110360 55600        0.0269    46        0.0280        0.0241  6022481   13.88%
 112271 57490        0.0274    40        0.0280        0.0241  6141363   13.87%
 113863 58978        0.0247    55        0.0280        0.0241  6258433   13.86%
Elapsed time = 219.00 sec. (293027.61 ticks, tree = 112.59 MB, solutions = 14)
 115840 60724        0.0243    56        0.0280        0.0241  6366579   13.86%
 117844 62124        cutoff              0.0280        0.0241  6458448   13.86%
 119515 63739        0.0244    53        0.0280        0.0241  6565336   13.86%
 121372 65549        0.0276    54        0.0280        0.0241  6685285   13.86%
 123530 67592        0.0277    50        0.0280        0.0241  6808326   13.86%
*125083+69016                            0.0278        0.0241            13.18%
 125245 69482        0.0242    60        0.0278        0.0241  6930749   13.18%
 127240 68993        0.0245    55        0.0278        0.0241  7019775   13.18%
 129331 71259        0.0266    32        0.0278        0.0241  7164192   13.17%
 131220 72761        0.0274    43        0.0278        0.0241  7277551   13.17%
 133184 74341        0.0256    43        0.0278        0.0241  7364405   13.17%
Elapsed time = 248.45 sec. (331184.40 ticks, tree = 143.55 MB, solutions = 15)
 135072 76255        0.0253    55        0.0278        0.0241  7497630   13.16%
 137350 78074        0.0256    44        0.0278        0.0241  7611214   13.16%
 139634 80586        0.0262    45        0.0278        0.0241  7745832   13.16%
 141652 82348        0.0243    66        0.0278        0.0241  7842559   13.16%
 143837 84773        0.0277    60        0.0278        0.0241  7976197   13.16%
 146332 86306        0.0259    39        0.0278        0.0241  8062209   13.16%
 148423 88442        0.0246    50        0.0278        0.0241  8189774   13.15%
 150189 90473        0.0272    30        0.0278        0.0241  8314104   13.15%
 152077 92355        0.0271    40        0.0278        0.0241  8448429   13.14%
 154003 93909        0.0249    54        0.0278        0.0241  8553913   13.14%
Elapsed time = 276.61 sec. (369350.46 ticks, tree = 179.36 MB, solutions = 15)
 156316 96121        0.0258    35        0.0278        0.0241  8682046   13.14%
 158338 97867        0.0258    40        0.0278        0.0241  8773618   13.14%
 160441 99873        0.0274    32        0.0278        0.0241  8881286   13.14%
 162541 101767        0.0244    59        0.0278        0.0241  8988287   13.13%
 164340 103481        0.0249    57        0.0278        0.0241  9110253   13.13%
 166548 105230        0.0276    49        0.0278        0.0241  9221455   13.13%
 168629 107448        0.0250    42        0.0278        0.0241  9352879   13.13%
 170781 109548        0.0265    50        0.0278        0.0241  9475136   13.12%
*171618+110289                            0.0273        0.0241            11.47%
 172823 97805        0.0242    60        0.0273        0.0241  9570840   11.47%
 174961 99598        0.0261    46        0.0273        0.0241  9686841   11.47%
Elapsed time = 304.73 sec. (407522.76 ticks, tree = 189.56 MB, solutions = 16)
 177105 101617        0.0243    63        0.0273        0.0241  9811928   11.47%
 179230 103581        0.0242    66        0.0273        0.0241  9934333   11.47%
 181244 105686        0.0245    53        0.0273        0.0241 10064470   11.46%
 183362 107288        0.0260    43        0.0273        0.0241 10171275   11.46%
 185474 109537        0.0248    62        0.0273        0.0241 10294223   11.46%
 187568 111094        0.0260    57        0.0273        0.0241 10397141   11.45%
 189843 113642        0.0248    46        0.0273        0.0241 10552544   11.45%
 191962 115008        0.0273    49        0.0273        0.0241 10639439   11.45%
 194163 117192        0.0250    37        0.0273        0.0241 10764766   11.44%
 196437 119507        0.0243    55        0.0273        0.0241 10895648   11.44%
Elapsed time = 332.80 sec. (445690.49 ticks, tree = 232.84 MB, solutions = 16)
 198812 121686        0.0255    43        0.0273        0.0241 11020598   11.44%
 200735 123391        0.0264    34        0.0273        0.0241 11131529   11.44%
 202708 125190        0.0265    44        0.0273        0.0241 11254586   11.44%
 204757 126830        0.0249    39        0.0273        0.0241 11365914   11.43%
 206801 128632        0.0260    47        0.0273        0.0241 11480075   11.43%
 208870 130440        0.0244    57        0.0273        0.0241 11594936   11.42%
 211340 132541        0.0245    56        0.0273        0.0241 11716244   11.42%
 213421 134956        0.0247    55        0.0273        0.0242 11866603   11.42%
 215666 136675        0.0257    46        0.0273        0.0242 11966565   11.41%
 218197 138755        0.0269    38        0.0273        0.0242 12076796   11.41%
Elapsed time = 360.50 sec. (483849.81 ticks, tree = 272.02 MB, solutions = 16)
 220501 141195        0.0265    42        0.0273        0.0242 12215194   11.41%
 222497 143488        0.0245    53        0.0273        0.0242 12363689   11.41%
 224657 145159        0.0258    33        0.0273        0.0242 12461436   11.41%
 226812 146689        0.0272    29        0.0273        0.0242 12557352   11.41%
 229099 148919        0.0259    43        0.0273        0.0242 12684092   11.40%
 231072 151112        0.0259    45        0.0273        0.0242 12813698   11.40%
 233212 152585        0.0258    47        0.0273        0.0242 12902616   11.40%
 234986 154704        0.0265    47        0.0273        0.0242 13046782   11.40%
 236993 156853        0.0252    58        0.0273        0.0242 13172889   11.40%
 238943 158062        0.0257    49        0.0273        0.0242 13264933   11.40%
Elapsed time = 389.58 sec. (522015.88 ticks, tree = 307.21 MB, solutions = 16)
 240990 160276        0.0271    47        0.0273        0.0242 13410773   11.40%
 242992 161748        0.0250    45        0.0273        0.0242 13523522   11.39%
 244969 164106        0.0266    46        0.0273        0.0242 13676073   11.39%
 246912 165848        0.0248    52        0.0273        0.0242 13801535   11.39%
 248668 167319        0.0256    48        0.0273        0.0242 13916581   11.39%
 250954 168815        0.0243    51        0.0273        0.0242 14012625   11.39%
 253049 171410        0.0260    40        0.0273        0.0242 14168804   11.39%
 254966 173201        0.0251    61        0.0273        0.0242 14297447   11.39%
 257127 174749        0.0271    41        0.0273        0.0242 14405247   11.38%
 259058 176654        0.0265    43        0.0273        0.0242 14532070   11.38%
Elapsed time = 417.30 sec. (560177.86 ticks, tree = 342.97 MB, solutions = 16)
 261005 178514        0.0271    42        0.0273        0.0242 14649189   11.38%
 262884 180217        0.0272    42        0.0273        0.0242 14758934   11.38%
 264929 181612        0.0255    50        0.0273        0.0242 14852718   11.38%
 266928 183115        0.0250    48        0.0273        0.0242 14947967   11.38%
 268909 185843        0.0262    35        0.0273        0.0242 15131856   11.38%
 270965 187468        0.0265    48        0.0273        0.0242 15231184   11.37%
 272946 189253        0.0269    49        0.0273        0.0242 15352900   11.37%
 274867 190742        0.0261    52        0.0273        0.0242 15448647   11.37%
 276592 192367        0.0243    61        0.0273        0.0242 15563137   11.37%
 278332 194323        0.0254    49        0.0273        0.0242 15715478   11.37%
Elapsed time = 447.09 sec. (598334.83 ticks, tree = 377.25 MB, solutions = 16)
 280114 195355        0.0257    46        0.0273        0.0242 15808958   11.37%
 281811 196810        0.0270    51        0.0273        0.0242 15924892   11.37%
 283431 198485        0.0256    41        0.0273        0.0242 16060288   11.36%
 285326 200278        0.0244    59        0.0273        0.0242 16197608   11.36%
 286960 201655        0.0259    36        0.0273        0.0242 16311618   11.36%
 288804 203515        0.0243    56        0.0273        0.0242 16460189   11.36%
 290584 204649        0.0269    39        0.0273        0.0242 16547035   11.35%
 292164 205996        0.0242    61        0.0273        0.0242 16660695   11.35%
 294040 207865        0.0248    55        0.0273        0.0242 16798971   11.35%
 295985 209603        0.0242    62        0.0273        0.0242 16918957   11.35%
Elapsed time = 475.25 sec. (636505.13 ticks, tree = 405.70 MB, solutions = 16)
 297848 211410        0.0258    46        0.0273        0.0242 17039784   11.35%
 299582 212803        0.0259    49        0.0273        0.0242 17143951   11.35%
 301484 214279        0.0271    48        0.0273        0.0242 17255674   11.35%
 303238 216002        0.0271    28        0.0273        0.0242 17377190   11.35%
 305007 217700        0.0246    57        0.0273        0.0242 17514070   11.35%
 306677 218862        0.0255    46        0.0273        0.0242 17599710   11.35%
 308464 220743        0.0246    48        0.0273        0.0242 17761463   11.35%
 310203 222049        0.0264    42        0.0273        0.0242 17862918   11.35%
 312013 223808        0.0254    50        0.0273        0.0242 17997044   11.34%
 313817 225850        0.0243    59        0.0273        0.0242 18148664   11.34%
Elapsed time = 503.30 sec. (674676.71 ticks, tree = 437.43 MB, solutions = 16)
 315531 227272        0.0269    39        0.0273        0.0242 18267193   11.34%
 317328 228601        0.0260    49        0.0273        0.0242 18365176   11.34%
 318888 229911        0.0253    51        0.0273        0.0242 18488304   11.34%
 320679 231310        0.0244    62        0.0273        0.0242 18610278   11.33%
 322385 232911        0.0254    55        0.0273        0.0242 18742834   11.33%
 324059 234445        0.0252    41        0.0273        0.0242 18857252   11.33%
 325837 236221        0.0246    58        0.0273        0.0242 18993767   11.33%
 327395 237666        0.0251    50        0.0273        0.0242 19109069   11.33%
 329013 238962        0.0244    69        0.0273        0.0242 19214713   11.33%
 330807 240262        0.0251    52        0.0273        0.0242 19326452   11.33%
Elapsed time = 534.64 sec. (712849.94 ticks, tree = 467.51 MB, solutions = 16)
 332795 242203        0.0246    55        0.0273        0.0242 19461275   11.33%
 334383 243786        0.0263    44        0.0273        0.0242 19586766   11.33%
 335182 244995        0.0269    43        0.0273        0.0242 19686392   11.32%
 336194 245613        0.0249    52        0.0273        0.0242 19730316   11.32%
 337228 246585        0.0256    37        0.0273        0.0242 19811745   11.32%
 338275 247269        0.0242    58        0.0273        0.0242 19858323   11.32%
 339334 248314        0.0255    45        0.0273        0.0242 19910582   11.32%
 340300 249307        0.0258    60        0.0273        0.0242 19963832   11.32%
 341405 250636        0.0268    32        0.0273        0.0242 20043170   11.32%
 342285 251428        0.0244    58        0.0273        0.0242 20096293   11.32%
Elapsed time = 566.84 sec. (751067.24 ticks, tree = 487.80 MB, solutions = 16)
 343404 252054        0.0243    54        0.0273        0.0242 20153017   11.32%
 344235 253018        0.0244    60        0.0273        0.0242 20224317   11.32%
 344975 253930        0.0255    48        0.0273        0.0242 20298470   11.32%
 345827 254360        0.0251    55        0.0273        0.0242 20321140   11.31%
 346627 255137        0.0259    44        0.0273        0.0242 20368033   11.31%
 347783 256158        0.0247    52        0.0273        0.0242 20428582   11.31%
 348635 256668        0.0271    37        0.0273        0.0242 20470821   11.31%
 349584 257911        0.0245    57        0.0273        0.0242 20554246   11.31%
 350597 258573        0.0264    34        0.0273        0.0242 20609677   11.31%
 351407 259622        0.0254    52        0.0273        0.0242 20690296   11.31%
Elapsed time = 600.02 sec. (789704.72 ticks, tree = 502.73 MB, solutions = 16)

Cover cuts applied:  1
Mixed integer rounding cuts applied:  7

Root node processing (before b&c):
  Real time             =    1.39 sec. (1119.86 ticks)
Parallel b&c, 4 threads:
  Real time             =  598.62 sec. (788724.38 ticks)
  Sync time (average)   =   24.04 sec.
  Wait time (average)   =    0.00 sec.
                          ------------
Total (root+branch&cut) =  600.02 sec. (789844.24 ticks)
