Version identifier: 22.2.0.0 | 2026-05-04 | 5dff98e58
CPXPARAM_Read_DataCheck                          1
CPXPARAM_Threads                                 4
CPXPARAM_Parallel                                1
CPXPARAM_RandomSeed                              20260925
CPXPARAM_MIP_Strategy_Search                     1
CPXPARAM_Simplex_Tolerances_Optimality           1.0000000000000001e-09
CPXPARAM_Simplex_Tolerances_Feasibility          1.0000000000000001e-09
CPXPARAM_TimeLimit                               600
CPXPARAM_MIP_Tolerances_AbsMIPGap                1.0000000000000001e-09
CPXPARAM_MIP_Tolerances_Integrality              1.0000000000000001e-09
Legacy callback                                  iLUD
Lazy constraint(s) or lazy constraint/branch callback is present.
    Disabling dual reductions (CPX_PARAM_REDUCE) in presolve.
    Disabling presolve reductions that prevent crushing forms (CPX_PARAM_PREREFORM).
         Disabling repeat represolve because of lazy constraint/incumbent callback.
Warning: Effort level 'CheckFeas' is incompatible with lazy constraint/incumbent callback.
         Effort level increased to 'SolveFixed'.
1 of 1 MIP starts provided solutions.
MIP start 'm1' defined initial solution with objective -0.1972.
Tried aggregator 1 time.
MIP Presolve eliminated 3106 rows and 0 columns.
Reduced MIP has 1469 rows, 2432 columns, and 13759 nonzeros.
Reduced MIP has 1200 binaries, 0 generals, 0 SOSs, and 0 indicators.
Presolve time = 0.02 sec. (11.36 ticks)
Probing time = 0.00 sec. (0.24 ticks)
MIP emphasis: balance optimality and feasibility.
MIP search method: traditional branch-and-cut.
Parallel mode: deterministic, using up to 4 threads.
Root relaxation solution time = 0.05 sec. (51.62 ticks)

        Nodes                                         Cuts/
   Node  Left     Objective  IInf  Best Integer    Best Bound    ItCnt     Gap         Variable B NodeID Parent  Depth

*     0+    0                           -0.1972       -0.5838           195.99%
      0     0       -0.2380    52       -0.1972       -0.2380     1565   20.66%
*     0+    0                           -0.2000       -0.2380            18.98%
*     0+    0                           -0.2333       -0.2380             1.98%
      0     2       -0.2380    17       -0.2333       -0.2380     1565    1.98%                        0             0
Elapsed time = 0.72 sec. (209.94 ticks, tree = 0.02 MB, solutions = 3)
    143    61       -0.2347    12       -0.2333       -0.2361     5471    1.19%            x936 D    158    154     12
    403   189        cutoff             -0.2333       -0.2361    14480    1.19%            x378 U    349    341     15
    631   324       -0.2343    30       -0.2333       -0.2361    23367    1.19%            x402 D    820    816     30
*   684   335      integral     0       -0.2361       -0.2361    25295    0.00%            x234 D    595    591     39

Root node processing (before b&c):
  Real time             =    0.72 sec. (209.14 ticks)
Parallel b&c, 4 threads:
  Real time             =    4.41 sec. (806.42 ticks)
  Sync time (average)   =    0.28 sec.
  Wait time (average)   =    0.00 sec.
                          ------------
Total (root+branch&cut) =    5.12 sec. (1015.56 ticks)
