Version identifier: 22.2.0.0 | 2026-05-04 | 5dff98e58
CPXPARAM_Read_DataCheck                          1
CPXPARAM_Threads                                 4
CPXPARAM_Parallel                                1
CPXPARAM_RandomSeed                              20260925
CPXPARAM_MIP_Strategy_Search                     1
CPXPARAM_Simplex_Tolerances_Optimality           1.0000000000000001e-09
CPXPARAM_Simplex_Tolerances_Feasibility          1.0000000000000001e-09
CPXPARAM_TimeLimit                               600
CPXPARAM_MIP_Tolerances_AbsMIPGap                1.0000000000000001e-09
CPXPARAM_MIP_Tolerances_Integrality              1.0000000000000001e-09
Legacy callback                                  iLUD
Lazy constraint(s) or lazy constraint/branch callback is present.
    Disabling dual reductions (CPX_PARAM_REDUCE) in presolve.
    Disabling presolve reductions that prevent crushing forms (CPX_PARAM_PREREFORM).
         Disabling repeat represolve because of lazy constraint/incumbent callback.
Warning: Effort level 'CheckFeas' is incompatible with lazy constraint/incumbent callback.
         Effort level increased to 'SolveFixed'.
1 of 1 MIP starts provided solutions.
MIP start 'm1' defined initial solution with objective 0.0596.
Tried aggregator 1 time.
MIP Presolve eliminated 3106 rows and 0 columns.
Reduced MIP has 1469 rows, 2432 columns, and 13759 nonzeros.
Reduced MIP has 1200 binaries, 0 generals, 0 SOSs, and 0 indicators.
Presolve time = 0.02 sec. (11.36 ticks)
Probing time = 0.00 sec. (0.24 ticks)
MIP emphasis: balance optimality and feasibility.
MIP search method: traditional branch-and-cut.
Parallel mode: deterministic, using up to 4 threads.
Root relaxation solution time = 0.03 sec. (28.23 ticks)

        Nodes                                         Cuts/
   Node  Left     Objective  IInf  Best Integer    Best Bound    ItCnt     Gap         Variable B NodeID Parent  Depth

*     0+    0                            0.0596        0.0000           100.00%
      0     0        0.0522    10        0.0596        0.0522      904   12.42%
      0     0        0.0522    11        0.0596 UserPurge1: 1      905   12.42%
*     0+    0                            0.0565        0.0522             7.61%
      0     0  -1.00000e+75     0        0.0565        0.0522      905    7.61%
      0     2        0.0522    10        0.0565        0.0522      905    7.61%                        0             0
Elapsed time = 0.64 sec. (193.13 ticks, tree = 0.02 MB, solutions = 2)
*     7+    2                            0.0565        0.0522             7.61%
*    13+    1                            0.0565        0.0522             7.53%
*    87+   46                            0.0553        0.0523             5.42%
*    94+   56                            0.0553        0.0523             5.42%
*   126    68      integral     0        0.0553        0.0523     4561    5.42%
*   137+   65                            0.0553        0.0532             3.66%
*   137+   70                            0.0553        0.0532             3.66%
*   165    68      integral     0        0.0553        0.0532     6184    3.66%            x876 D    150    146     14
*   166    68      integral     0        0.0553        0.0532     6671    3.66%
*   252    57      integral     0        0.0553        0.0537    10040    2.82%

Cover cuts applied:  3

Root node processing (before b&c):
  Real time             =    0.64 sec. (192.50 ticks)
Parallel b&c, 4 threads:
  Real time             =    1.64 sec. (379.69 ticks)
  Sync time (average)   =    0.11 sec.
  Wait time (average)   =    0.00 sec.
                          ------------
Total (root+branch&cut) =    2.28 sec. (572.19 ticks)
