Version identifier: 22.2.0.0 | 2026-05-04 | 5dff98e58
CPXPARAM_Read_DataCheck                          1
CPXPARAM_Threads                                 4
CPXPARAM_Parallel                                1
CPXPARAM_RandomSeed                              20260925
CPXPARAM_Simplex_Tolerances_Optimality           1.0000000000000001e-09
CPXPARAM_Simplex_Tolerances_Feasibility          1.0000000000000001e-09
CPXPARAM_TimeLimit                               600
CPXPARAM_MIP_Tolerances_AbsMIPGap                1.0000000000000001e-09
CPXPARAM_MIP_Tolerances_Integrality              1.0000000000000001e-09
Legacy callback                                  i
1 of 14 MIP starts provided solutions.
MIP start 'm1' defined initial solution with objective 0.1512.
Tried aggregator 1 time.
MIP Presolve eliminated 40 rows and 2 columns.
MIP Presolve modified 504 coefficients.
Reduced MIP has 657 rows, 708 columns, and 5670 nonzeros.
Reduced MIP has 174 binaries, 0 generals, 0 SOSs, and 0 indicators.
Presolve time = 0.00 sec. (2.27 ticks)
Probing time = 0.00 sec. (0.17 ticks)
Tried aggregator 1 time.
Detecting symmetries...
Reduced MIP has 657 rows, 708 columns, and 5670 nonzeros.
Reduced MIP has 174 binaries, 0 generals, 0 SOSs, and 0 indicators.
Presolve time = 0.00 sec. (2.24 ticks)
Probing time = 0.00 sec. (0.17 ticks)
MIP emphasis: balance optimality and feasibility.
MIP search method: dynamic search.
Parallel mode: deterministic, using up to 4 threads.
Root relaxation solution time = 0.02 sec. (6.10 ticks)

        Nodes                                         Cuts/
   Node  Left     Objective  IInf  Best Integer    Best Bound    ItCnt     Gap

*     0+    0                            0.1512        0.0000           100.00%
      0     0        0.1297    22        0.1512        0.1297      355   14.20%
      0     0        0.1299    32        0.1512      Cuts: 34      509   14.10%
      0     0        0.1300    36        0.1512      Cuts: 38      645   14.02%
      0     0        0.1303    43        0.1512   MIRcuts: 36      822   13.82%
      0     0        0.1304    58        0.1512      Cuts: 34      876   13.74%
      0     0        0.1306    57        0.1512   MIRcuts: 34      999   13.60%
Detecting symmetries...
*     0+    0                            0.1507        0.1306            13.33%
      0     0        0.1306    61        0.1507   MIRcuts: 35     1059   13.33%
      0     0        0.1307    65        0.1507   MIRcuts: 15     1112   13.31%
Detecting symmetries...
      0     2        0.1307    65        0.1507        0.1310     1112   13.08%
Elapsed time = 0.27 sec. (241.02 ticks, tree = 0.02 MB, solutions = 2)
    251   162        cutoff              0.1507        0.1317    16926   12.59%
    688   501        0.1420    22        0.1507        0.1334    35622   11.46%
   1123   839        0.1346    35        0.1507        0.1340    55426   11.08%
   1587  1113        0.1450    43        0.1507        0.1344    75005   10.82%
   2060  1540        0.1443    26        0.1507        0.1346   102338   10.66%

Performing restart 1

Repeating presolve.
Tried aggregator 1 time.
MIP Presolve modified 168 coefficients.
Reduced MIP has 657 rows, 708 columns, and 5622 nonzeros.
Reduced MIP has 174 binaries, 0 generals, 0 SOSs, and 0 indicators.
Presolve time = 0.02 sec. (2.54 ticks)
Tried aggregator 1 time.
Reduced MIP has 657 rows, 708 columns, and 5622 nonzeros.
Reduced MIP has 174 binaries, 0 generals, 0 SOSs, and 0 indicators.
Presolve time = 0.00 sec. (2.25 ticks)
Represolve time = 0.02 sec. (8.22 ticks)
   2520     0        0.1307    62        0.1507      Cuts: 28   126394   10.54%
   2520     0        0.1310    58        0.1507      Cuts: 18   126507   10.54%
   2520     0        0.1315    57        0.1507      Cuts: 15   126638   10.54%
   2520     0        0.1317    55        0.1507      Cuts: 14   126726   10.54%
   2520     0        0.1317    59        0.1507      Cuts: 14   126773   10.54%
   2520     0        0.1318    61        0.1507      Cuts: 17   126826   10.54%
   2520     0        0.1320    65        0.1507   MIRcuts: 13   126909   10.54%
   2520     2        0.1320    63        0.1507        0.1348   126909   10.54%
   2538    16        0.1443    46        0.1507        0.1348   129035   10.54%
   2652    76        0.4080    31        0.1507        0.1348   137202   10.54%
   2827   186        0.1355    37        0.1507        0.1348   149135   10.54%
   3858  1005        0.1394    50        0.1507        0.1348   219016   10.54%
Elapsed time = 4.72 sec. (5294.64 ticks, tree = 0.92 MB, solutions = 2)
   4776  1725        0.1429    35        0.1507        0.1354   284016   10.16%
   5848  2597        0.1411    35        0.1507        0.1359   362987    9.81%
   6999  3464        0.1413    49        0.1507        0.1363   440903    9.59%
   8032  4151        0.1450    38        0.1507        0.1365   516168    9.42%
   9180  4911        0.1443    42        0.1507        0.1368   592123    9.20%
  10337  5652        0.1422    31        0.1507        0.1370   657512    9.09%
  11547  6513        cutoff              0.1507        0.1372   731603    8.97%
  12658  7298    infeasible              0.1507        0.1374   796020    8.86%
  13847  8021        0.1418    43        0.1507        0.1375   861611    8.80%
* 14628+ 8593                            0.1498        0.1375             8.16%
  15023  8851        0.1441    39        0.1498        0.1376   941084    8.12%
Elapsed time = 13.36 sec. (14836.18 ticks, tree = 20.51 MB, solutions = 3)
  16250  9529        0.1403    37        0.1498        0.1377   996022    8.04%
  17498 10407        0.1407    49        0.1498        0.1378  1079202    7.96%
  18612 11013        0.1414    49        0.1498        0.1380  1138718    7.87%
  19842 11918        0.1477    27        0.1498        0.1381  1215022    7.80%
  21050 12577        0.1493    37        0.1498        0.1383  1273379    7.68%
  22318 13486    infeasible              0.1498        0.1384  1348559    7.60%
  23623 14147        0.1401    43        0.1498        0.1385  1408461    7.55%
  24776 15082        0.1458    36        0.1498        0.1385  1487534    7.50%
  26094 15770        0.1406    48        0.1498        0.1386  1552152    7.42%
  26851 16703        0.1447    39        0.1498        0.1387  1625333    7.39%
Elapsed time = 22.84 sec. (24380.28 ticks, tree = 58.63 MB, solutions = 3)
  27562 17157        0.1492    26        0.1498        0.1387  1660056    7.39%
  28243 17655        0.1422    37        0.1498        0.1387  1697384    7.39%
  28882 17953        cutoff              0.1498        0.1387  1724195    7.39%
  29499 18488        0.1481    44        0.1498        0.1387  1767487    7.39%
  30145 18895        cutoff              0.1498        0.1387  1803141    7.39%
  30790 19250        0.1476    36        0.1498        0.1387  1832744    7.39%
  31727 19895        0.1460    28        0.1498        0.1387  1883429    7.39%
  32668 20444        0.1400    42        0.1498        0.1387  1924513    7.39%
  33665 21133        0.1413    39        0.1498        0.1387  1983167    7.39%
  34619 21740    infeasible              0.1498        0.1391  2032167    7.10%
Elapsed time = 31.56 sec. (33929.78 ticks, tree = 78.89 MB, solutions = 3)
  35583 22324        0.1472    57        0.1498        0.1392  2080690    7.06%
  36384 22850        0.1480    41        0.1498        0.1392  2138308    7.02%
  37211 23424        cutoff              0.1498        0.1393  2209270    7.00%
  38154 23891        0.1438    53        0.1498        0.1393  2268214    6.98%
  39048 24676        cutoff              0.1498        0.1394  2347995    6.95%
  39891 25121        0.1433    52        0.1498        0.1394  2401441    6.92%
  40787 25627        0.1480    48        0.1498        0.1394  2472236    6.90%
  41646 26108        cutoff              0.1498        0.1395  2530219    6.87%
  42688 26873        0.1424    51        0.1498        0.1395  2607552    6.84%
  43537 27369        0.1473    31        0.1498        0.1395  2663690    6.82%
Elapsed time = 39.45 sec. (43477.62 ticks, tree = 104.64 MB, solutions = 3)
  44317 27843        0.1435    49        0.1498        0.1396  2725310    6.79%
  45083 28242        0.1478    48        0.1498        0.1396  2777074    6.77%
  45898 28712        0.1468    43        0.1498        0.1396  2837030    6.75%
  46672 29295        0.1442    21        0.1498        0.1397  2926472    6.73%
  47483 29580        0.1473    41        0.1498        0.1397  2962805    6.71%
  48258 30159        cutoff              0.1498        0.1398  3050247    6.68%
  49015 30562        0.1478    59        0.1498        0.1398  3106065    6.66%
  49833 30988        0.1430    47        0.1498        0.1398  3170010    6.64%

Performing restart 2

Repeating presolve.
Tried aggregator 1 time.
Reduced MIP has 657 rows, 708 columns, and 5622 nonzeros.
Reduced MIP has 174 binaries, 0 generals, 0 SOSs, and 0 indicators.
Presolve time = 0.00 sec. (1.61 ticks)
Tried aggregator 1 time.
Reduced MIP has 657 rows, 708 columns, and 5622 nonzeros.
Reduced MIP has 174 binaries, 0 generals, 0 SOSs, and 0 indicators.
Presolve time = 0.00 sec. (2.25 ticks)
Represolve time = 0.02 sec. (12.45 ticks)
  50047     0        0.1330    75        0.1498      Cuts: 21  3222730    6.63%
  50047     0        0.1331    81        0.1498   MIRcuts: 14  3222777    6.63%
  50047     0        0.1333    75        0.1498      Cuts: 12  3222875    6.63%
  50047     0        0.1336    72        0.1498      Cuts: 10  3223020    6.63%
  50047     0        0.1339    65        0.1498   MIRcuts: 22  3223129    6.63%
  50047     0        0.1340    69        0.1498    MIRcuts: 8  3223187    6.63%
  50047     0        0.1341    70        0.1498   MIRcuts: 12  3223278    6.63%
  50047     0        0.1342    65        0.1498       Cuts: 9  3223339    6.63%
  50047     2        0.1342    65        0.1498        0.1398  3223339    6.63%
  50135    56        0.1429    38        0.1498        0.1398  3231328    6.63%
Elapsed time = 47.41 sec. (53270.04 ticks, tree = 0.09 MB, solutions = 3)
  50767   363        0.1400    48        0.1498        0.1398  3263873    6.63%
  51800  1205        0.1402    50        0.1498        0.1398  3349359    6.63%
  52814  1971        0.1389    43        0.1498        0.1398  3429793    6.63%
  53884  2725        0.1412    37        0.1498        0.1398  3500918    6.63%
  54991  3552        0.1425    37        0.1498        0.1398  3565713    6.63%
  56114  4288        0.1431    32        0.1498        0.1398  3627558    6.63%
  57251  5085        0.1497    32        0.1498        0.1398  3693259    6.63%
  58482  5850        0.1416    36        0.1498        0.1398  3754465    6.63%
  59716  6792        0.1405    50        0.1498        0.1398  3826367    6.63%
  60901  7505        0.1438    52        0.1498        0.1398  3888554    6.63%
Elapsed time = 55.64 sec. (62815.88 ticks, tree = 23.70 MB, solutions = 3)
  62034  8242        0.1490    28        0.1498        0.1398  3953115    6.63%
  63287  9118        0.1469    37        0.1498        0.1398  4025257    6.63%
  64487  9991        0.1459    35        0.1498        0.1398  4095873    6.63%
  65654 10614        cutoff              0.1498        0.1398  4154613    6.63%
  66773 11551        0.1419    52        0.1498        0.1398  4241822    6.63%
  67968 12169        0.1460    40        0.1498        0.1398  4297550    6.63%
  69156 12909        0.1441    38        0.1498        0.1398  4363276    6.63%
  70390 13799        cutoff              0.1498        0.1398  4440141    6.63%
  71628 14623        0.1410    42        0.1498        0.1398  4513468    6.63%
  72908 15409        0.1455    26        0.1498        0.1399  4585132    6.61%
Elapsed time = 63.62 sec. (72356.89 ticks, tree = 55.93 MB, solutions = 3)
  74099 15945        cutoff              0.1498        0.1400  4637330    6.55%
  75002 16668        0.1449    40        0.1498        0.1400  4706155    6.49%
  76133 17384        0.1464    37        0.1498        0.1401  4768898    6.43%
  77013 17992        0.1425    50        0.1498        0.1402  4826388    6.39%
  77732 18504        cutoff              0.1498        0.1403  4893938    6.35%
  78328 18834        0.1444    46        0.1498        0.1403  4944669    6.30%
  79004 19105        0.1461    50        0.1498        0.1404  4990785    6.27%
  79581 19466        0.1493    54        0.1498        0.1404  5052568    6.24%
  80187 19683        0.1475    51        0.1498        0.1405  5096948    6.21%
  80745 20034        0.1443    52        0.1498        0.1405  5165877    6.17%
Elapsed time = 71.48 sec. (81913.45 ticks, tree = 77.83 MB, solutions = 3)
  81371 20294        cutoff              0.1498        0.1406  5216726    6.13%
  81910 20642        0.1488    52        0.1498        0.1406  5280279    6.10%
  82436 20841        0.1467    43        0.1498        0.1407  5338865    6.08%
  82862 20979        cutoff              0.1498        0.1407  5383064    6.04%
  83433 21132        0.1475    47        0.1498        0.1408  5432727    6.01%
  83986 21456        0.1468    52        0.1498        0.1408  5500901    5.98%
  84537 21628        0.1464    60        0.1498        0.1409  5547071    5.95%
  85064 21897        cutoff              0.1498        0.1409  5616557    5.92%
  85507 22036        0.1465    40        0.1498        0.1409  5675791    5.89%
  87520 22693        0.1476    58        0.1498        0.1411  5919514    5.75%
Elapsed time = 81.72 sec. (94328.59 ticks, tree = 88.75 MB, solutions = 3)
  89493 23129        0.1481    54        0.1498        0.1413  6133305    5.63%
  91359 23641        0.1475    54        0.1498        0.1415  6380566    5.52%
  93335 24033        0.1453    58        0.1498        0.1417  6598456    5.39%
  95266 24531        0.1462    56        0.1498        0.1419  6844088    5.26%
  97338 24976        0.1457    63        0.1498        0.1421  7053176    5.13%
  99370 25381        cutoff              0.1498        0.1423  7321696    4.99%
 101282 25596        0.1446    48        0.1498        0.1425  7542129    4.85%
 103483 26052        0.1439    23        0.1498        0.1427  7792243    4.73%
 105539 26333        0.1486    51        0.1498        0.1429  8022701    4.59%
 107531 26513        cutoff              0.1498        0.1431  8273466    4.48%
Elapsed time = 113.20 sec. (132486.69 ticks, tree = 103.02 MB, solutions = 3)
 109518 26543        cutoff              0.1498        0.1432  8490847    4.35%
 111620 26652        cutoff              0.1498        0.1434  8739492    4.22%
 114391 26127        0.1457    41        0.1498        0.1436  8960262    4.09%
 116691 26157        cutoff              0.1498        0.1438  9194506    3.97%
 118969 26088        cutoff              0.1498        0.1440  9415729    3.83%
 121346 26115        0.1485    42        0.1498        0.1443  9668798    3.68%
 123721 25977        cutoff              0.1498        0.1445  9887559    3.54%
 126239 25802        0.1473    56        0.1498        0.1446 10117027    3.42%
 128765 25751        cutoff              0.1498        0.1449 10341976    3.28%
 131439 25590        0.1479    23        0.1498        0.1450 10577539    3.15%
Elapsed time = 143.06 sec. (170658.38 ticks, tree = 98.81 MB, solutions = 3)
 134297 25675        cutoff              0.1498        0.1452 10808204    3.01%
 137211 25639        cutoff              0.1498        0.1454 11056071    2.90%
 140015 25273        0.1487    52        0.1498        0.1456 11272918    2.78%
 142971 24883        cutoff              0.1498        0.1458 11490158    2.65%
 146029 24454        0.1478    64        0.1498        0.1460 11732905    2.52%
 149093 23880        0.1486    44        0.1498        0.1462 11948184    2.39%
 152332 23272        cutoff              0.1498        0.1464 12145977    2.26%
 155633 22549        cutoff              0.1498        0.1466 12392679    2.11%
 159111 21608        cutoff              0.1498        0.1468 12587027    1.98%
 162723 20227        cutoff              0.1498        0.1470 12817491    1.82%
Elapsed time = 172.62 sec. (208816.77 ticks, tree = 77.59 MB, solutions = 3)
 166644 18410        cutoff              0.1498        0.1473 13055987    1.63%
 170865 16472        cutoff              0.1498        0.1476 13270639    1.41%
 175709 13288        0.1486    50        0.1498        0.1481 13527654    1.12%
 181568  8779        cutoff              0.1498        0.1486 13754094    0.78%

Cover cuts applied:  54
Flow cuts applied:  2
Mixed integer rounding cuts applied:  175
Lift and project cuts applied:  6
Gomory fractional cuts applied:  1

Root node processing (before b&c):
  Real time             =    0.27 sec. (240.58 ticks)
Parallel b&c, 4 threads:
  Real time             =  187.86 sec. (227195.71 ticks)
  Sync time (average)   =    6.94 sec.
  Wait time (average)   =    0.00 sec.
                          ------------
Total (root+branch&cut) =  188.12 sec. (227436.29 ticks)
