Version identifier: 22.2.0.0 | 2026-05-04 | 5dff98e58
CPXPARAM_Read_DataCheck                          1
CPXPARAM_Threads                                 4
CPXPARAM_Parallel                                1
CPXPARAM_RandomSeed                              20260925
CPXPARAM_MIP_Strategy_Search                     1
CPXPARAM_Simplex_Tolerances_Optimality           1.0000000000000001e-09
CPXPARAM_Simplex_Tolerances_Feasibility          1.0000000000000001e-09
CPXPARAM_TimeLimit                               600
CPXPARAM_MIP_Tolerances_AbsMIPGap                1.0000000000000001e-09
CPXPARAM_MIP_Tolerances_Integrality              1.0000000000000001e-09
Legacy callback                                  iLUD
Lazy constraint(s) or lazy constraint/branch callback is present.
    Disabling dual reductions (CPX_PARAM_REDUCE) in presolve.
    Disabling presolve reductions that prevent crushing forms (CPX_PARAM_PREREFORM).
         Disabling repeat represolve because of lazy constraint/incumbent callback.
Warning: Effort level 'CheckFeas' is incompatible with lazy constraint/incumbent callback.
         Effort level increased to 'SolveFixed'.
1 of 1 MIP starts provided solutions.
MIP start 'm1' defined initial solution with objective 0.0613.
Tried aggregator 1 time.
MIP Presolve eliminated 3107 rows and 0 columns.
Reduced MIP has 1469 rows, 2432 columns, and 14237 nonzeros.
Reduced MIP has 1200 binaries, 0 generals, 0 SOSs, and 0 indicators.
Presolve time = 0.02 sec. (11.41 ticks)
Probing time = 0.00 sec. (0.25 ticks)
MIP emphasis: balance optimality and feasibility.
MIP search method: traditional branch-and-cut.
Parallel mode: deterministic, using up to 4 threads.
Root relaxation solution time = 0.03 sec. (27.64 ticks)

        Nodes                                         Cuts/
   Node  Left     Objective  IInf  Best Integer    Best Bound    ItCnt     Gap         Variable B NodeID Parent  Depth

*     0+    0                            0.0613        0.0000           100.00%
      0     0        0.0522    10        0.0613        0.0522      838   14.85%
      0     0        0.0522    10        0.0613 UserPurge1: 1      839   14.85%
      0     0        0.0522    10        0.0613 UserPurge1: 1      841   14.85%
      0     0        0.0522    12        0.0613 UserPurge1: 1      844   14.85%
*     0+    0                            0.0565        0.0522             7.61%
      0     0  -1.00000e+75     0        0.0565        0.0522      844    7.61%
      0     2        0.0522    10        0.0565        0.0522      844    7.61%                        0             0
Elapsed time = 0.48 sec. (238.07 ticks, tree = 0.02 MB, solutions = 2)
*   113+   60                            0.0565        0.0522             7.61%
    168   101        0.0537    23        0.0565        0.0522     4546    7.58%            x756 D    178    174      9
*   214+  122                            0.0554        0.0522             5.81%
*   278+  148                            0.0554        0.0522             5.80%
    581   377        0.0535    26        0.0554        0.0526    15191    5.01%            x600 D    636    632      9
*   612+  377                            0.0553        0.0526             4.73%
   1066   584        0.0549     5        0.0553        0.0535    22583    3.23%           x1001 D   1013   1005     14
*  1669   898      integral     0        0.0553        0.0541    32717    2.07%
   1692   948        0.0549     7        0.0553        0.0542    34421    1.86%            x588 U   1610   1606     11
   2363  1301        0.0552    21        0.0553        0.0543    45193    1.80%            x366 D   2504   2500     19
   3011  1608        0.0549    13        0.0553        0.0547    57472    0.97%            x994 D   2953   2949     16
   3642  1738        0.0552    21        0.0553        0.0548    68473    0.91%           x1044 D   3645   3641     19
   4291  1938        0.0549     8        0.0553        0.0548    79941    0.88%            x994 D   4163   4159     20
   5180  2232        cutoff              0.0553        0.0548    91562    0.85%            x660 D   5133   5129     19
   9106  3220        cutoff              0.0553        0.0549   135080    0.66%           x1013 U   8833   7042     23
Elapsed time = 13.02 sec. (3342.21 ticks, tree = 3.38 MB, solutions = 7)
  13267  1299        cutoff              0.0553        0.0552   176501    0.11%           x1007 U  12981   5773     20

Cover cuts applied:  10

Root node processing (before b&c):
  Real time             =    0.48 sec. (237.27 ticks)
Parallel b&c, 4 threads:
  Real time             =   16.12 sec. (4442.50 ticks)
  Sync time (average)   =    1.03 sec.
  Wait time (average)   =    0.00 sec.
                          ------------
Total (root+branch&cut) =   16.61 sec. (4679.76 ticks)
