Version identifier: 22.2.0.0 | 2026-05-04 | 5dff98e58
CPXPARAM_Read_DataCheck                          1
CPXPARAM_Threads                                 4
CPXPARAM_Parallel                                1
CPXPARAM_RandomSeed                              20260925
CPXPARAM_MIP_Strategy_Search                     1
CPXPARAM_Simplex_Tolerances_Optimality           1.0000000000000001e-09
CPXPARAM_Simplex_Tolerances_Feasibility          1.0000000000000001e-09
CPXPARAM_TimeLimit                               3600
CPXPARAM_MIP_Tolerances_AbsMIPGap                1.0000000000000001e-09
CPXPARAM_MIP_Tolerances_Integrality              1.0000000000000001e-09
Legacy callback                                  iLUD
Lazy constraint(s) or lazy constraint/branch callback is present.
    Disabling dual reductions (CPX_PARAM_REDUCE) in presolve.
    Disabling presolve reductions that prevent crushing forms (CPX_PARAM_PREREFORM).
         Disabling repeat represolve because of lazy constraint/incumbent callback.
Warning: Effort level 'CheckFeas' is incompatible with lazy constraint/incumbent callback.
         Effort level increased to 'SolveFixed'.
1 of 1 MIP starts provided solutions.
MIP start 'm1' defined initial solution with objective -0.1443.
Tried aggregator 1 time.
MIP Presolve eliminated 1353 rows and 0 columns.
Reduced MIP has 1616 rows, 2360 columns, and 18098 nonzeros.
Reduced MIP has 1164 binaries, 0 generals, 0 SOSs, and 0 indicators.
Presolve time = 0.02 sec. (12.26 ticks)
Probing time = 0.00 sec. (0.29 ticks)
MIP emphasis: balance optimality and feasibility.
MIP search method: traditional branch-and-cut.
Parallel mode: deterministic, using up to 4 threads.
Root relaxation solution time = 0.03 sec. (35.01 ticks)

        Nodes                                         Cuts/
   Node  Left     Objective  IInf  Best Integer    Best Bound    ItCnt     Gap         Variable B NodeID Parent  Depth

*     0+    0                           -0.1443       -0.8736           505.40%
      0     0       -0.2053    28       -0.1443       -0.2053     1211   42.26%
*     0+    0                           -0.1984       -0.2053             3.44%
*     0+    0                           -0.2016       -0.2053             1.85%
*     0+    0                           -0.2028       -0.2053             1.22%
      0     0  -1.00000e+75     0       -0.2028       -0.2053     1211    1.22%
      0     2       -0.2053    12       -0.2028       -0.2053     1211    1.22%                        0             0
Elapsed time = 0.64 sec. (407.43 ticks, tree = 0.02 MB, solutions = 4)
*    30+   11                           -0.2031       -0.2053             1.07%
     53    36       -0.2037     2       -0.2031       -0.2053     5822    1.07%            x820 U     45     37     10
    159   116       -0.2047    18       -0.2031       -0.2053    10339    1.07%            x843 D    133    125     13
    349   238       -0.2044    16       -0.2031       -0.2050    16824    0.92%            x843 D    278    274     10
    547   354       -0.2047    18       -0.2031       -0.2049    21679    0.90%             x35 D    530    526     12
    793   518       -0.2031     8       -0.2031       -0.2048    30694    0.85%            x842 U    792    784     17
   1040   673       -0.2032     5       -0.2031       -0.2048    38094    0.85%            x917 U   1058   1054     38
   1329   844       -0.2048    17       -0.2031       -0.2048    46621    0.84%            x820 D   1370   1366     11
   1620  1056       -0.2035    15       -0.2031       -0.2048    58547    0.84%            x907 U   1540   1532     15
   1922  1169       -0.2031    15       -0.2031       -0.2048    66824    0.84%            x929 D   1877   1873     23
   3221  2013       -0.2032     8       -0.2031       -0.2046   113301    0.74%            x933 D   3069   3061     20
Elapsed time = 73.12 sec. (3517.88 ticks, tree = 2.66 MB, solutions = 5)
   4538  2784       -0.2035    14       -0.2031       -0.2046   158822    0.73%            x846 D   4784   4776     16
   6087  3822        cutoff             -0.2031       -0.2045   208403    0.70%            x470 U   5738   5734     30
   7565  4644       -0.2032     5       -0.2031       -0.2045   254901    0.67%            x934 U   7995   7991     35
   9253  5574       -0.2034     5       -0.2031       -0.2043   301467    0.61%            x709 D   8558   8554     23
  11061  6752       -0.2032     9       -0.2031       -0.2043   348778    0.59%            x837 D  11555  11551     17
  12790  7887       -0.2032     5       -0.2031       -0.2043   402888    0.57%            x235 D  13480  13476     33
  14434  8729        cutoff             -0.2031       -0.2042   445217    0.56%            x935 D  14867  14859     22
  16112  9883       -0.2038     7       -0.2031       -0.2042   500731    0.54%            x820 D  15658  15654     14
  17973 10877       -0.2032     5       -0.2031       -0.2041   542484    0.51%            x211 D  17785  17781     37
  19550 11975       -0.2037     4       -0.2031       -0.2041   594801    0.49%            x825 D  19373  19369     19
Elapsed time = 451.52 sec. (13059.51 ticks, tree = 12.90 MB, solutions = 5)
  21255 12904       -0.2032     7       -0.2031       -0.2041   641376    0.48%            x932 U  21931  21927     44
  23190 13929       -0.2034     6       -0.2031       -0.2041   686963    0.48%            x821 D  23145  23141     22
  24981 14754       -0.2032     5       -0.2031       -0.2041   727909    0.48%            x842 D  24649  24645     16
  26755 15897       -0.2037     8       -0.2031       -0.2040   788366    0.45%            x843 D  26556  26063     13
  28526 16591        cutoff             -0.2031       -0.2040   827180    0.43%            x844 U  28108  28100     13
  30176 17460       -0.2031    15       -0.2031       -0.2039   873283    0.41%            x845 D  29494  29490     16
  31696 18070        cutoff             -0.2031       -0.2039   930436    0.39%            x843 D  31104  31096     19
  33535 18678       -0.2035     6       -0.2031       -0.2039   974558    0.37%            x718 U  32810  32806     26
  35334 19768       -0.2034    18       -0.2031       -0.2038  1030464    0.36%            x844 U  34542   9758     17
  37016 20394       -0.2032     5       -0.2031       -0.2038  1064837    0.35%             x32 U  37005  37001     31
Elapsed time = 811.33 sec. (22603.24 ticks, tree = 22.08 MB, solutions = 5)
  38791 21329       -0.2033     9       -0.2031       -0.2038  1125249    0.33%            x481 D  38336  38332     35
  40414 21873        cutoff             -0.2031       -0.2038  1168232    0.33%            x485 U  40080  40072     28
  42331 22545        cutoff             -0.2031       -0.2037  1206309    0.31%            x918 D  42056  42048     20
  44234 23508       -0.2032     2       -0.2031       -0.2037  1263643    0.31%            x936 D  43924  43920     21
  45780 24046       -0.2032     6       -0.2031       -0.2037  1309359    0.31%            x819 U  45488   9614     13
  47451 24610        cutoff             -0.2031       -0.2037  1353786    0.31%            x821 U  47224  47216     23
  48909 25138       -0.2035     5       -0.2031       -0.2037  1408873    0.31%            x839 D  50615  50611     24
  50891 26135       -0.2037    19       -0.2031       -0.2037  1461474    0.31%            x843 D  49362  49358     19
  52554 26732       -0.2032    13       -0.2031       -0.2037  1501463    0.29%            x842 D  52800  52796     23
  54267 27304        cutoff             -0.2031       -0.2037  1563263    0.29%            x839 U  54432  54424     16
Elapsed time = 1127.92 sec. (32145.15 ticks, tree = 29.18 MB, solutions = 5)
  56026 27666       -0.2034    18       -0.2031       -0.2037  1601932    0.27%            x824 D  55689  55685     22
  57875 28325       -0.2031    12       -0.2031       -0.2036  1655421    0.26%            x934 U  59607  59603     21
  59598 28822       -0.2032    12       -0.2031       -0.2036  1700494    0.25%            x841 U  59461  59457     23
  61516 29615       -0.2032     8       -0.2031       -0.2036  1737895    0.24%             x33 D  63099  63091     30
  63863 31272       -0.2032     5       -0.2031       -0.2036  1783285    0.23%            x673 D  63533  63529     36
  65874 32955       -0.2032     5       -0.2031       -0.2036  1827382    0.23%             x33 U  65856  65852     33
  67977 34527       -0.2034     7       -0.2031       -0.2036  1875135    0.23%            x715 D  69663  69659     28
  69534 35775       -0.2032     8       -0.2031       -0.2036  1907748    0.23%            x724 U  69624  68751     30
  71306 37047       -0.2034     5       -0.2031       -0.2036  1943191    0.23%            x709 D  71616  71612     29
  73027 38449       -0.2032     7       -0.2031       -0.2036  1986209    0.23%            x481 D  73180  73176     44
Elapsed time = 1551.03 sec. (41689.25 ticks, tree = 42.01 MB, solutions = 5)
  74777 39580       -0.2035     6       -0.2031       -0.2036  2025557    0.23%            x484 U  74001  73521     32
  76612 40549       -0.2033    10       -0.2031       -0.2036  2056571    0.23%            x936 U  75138  75130     38
  78288 41872       -0.2036    12       -0.2031       -0.2036  2093240    0.23%            x724 D  78544  78540     20
  79967 43019       -0.2033     6       -0.2031       -0.2036  2130832    0.23%            x914 U  80236  80232     42
  81704 44268       -0.2035    12       -0.2031       -0.2036  2170385    0.23%             x34 U  82388  82384     35
  83595 45550        cutoff             -0.2031       -0.2036  2206805    0.23%            x914 D  81837  81829     28
  85340 47143        cutoff             -0.2031       -0.2036  2255024    0.23%            x929 U  85840  85832     33
  87087 48365        cutoff             -0.2031       -0.2036  2289567    0.23%            x914 U  85361  85357     22
  88600 49273       -0.2032     8       -0.2031       -0.2036  2332647    0.23%            x712 U  87137  86893     24
  89857 49987       -0.2032    14       -0.2031       -0.2036  2377062    0.23%           x1031 U  88138  88134     37
Elapsed time = 1939.25 sec. (51240.04 ticks, tree = 53.92 MB, solutions = 5)
  91285 50518       -0.2032    17       -0.2031       -0.2036  2410867    0.23%            x838 U  89681  16358     17
  92721 51209        cutoff             -0.2031       -0.2036  2457560    0.23%            x155 U  93076  25794     13
  94470 51984       -0.2032     4       -0.2031       -0.2036  2510036    0.23%            x935 D  97187  97183     20
  96130 52450        cutoff             -0.2031       -0.2036  2546809    0.23%            x483 D  96872  96868     24
  97651 52741       -0.2032    14       -0.2031       -0.2035  2595621    0.22%           x1028 U  98292  98288     18
  99131 53024       -0.2031    11       -0.2031       -0.2035  2646211    0.22%            x840 U  97390   6511     22
 100785 53217       -0.2032     2       -0.2031       -0.2035  2681207    0.22%            x917 U 103603 103599     19
 102330 53444        cutoff             -0.2031       -0.2035  2738258    0.22%            x846 U 100505 100497     22
 104089 53662        cutoff             -0.2031       -0.2035  2785102    0.22%            x836 D 106739 106735     24
 105949 54350       -0.2032     7       -0.2031       -0.2035  2851645    0.22%           x1029 U 104410 104406     32
Elapsed time = 2241.11 sec. (60785.51 ticks, tree = 58.43 MB, solutions = 5)
 107930 55109        cutoff             -0.2031       -0.2035  2893373    0.22%            x723 U 106458 106450     27
 109746 55402        cutoff             -0.2031       -0.2035  2937661    0.22%            x869 U 110600 110592     31
 111790 55813       -0.2033     8       -0.2031       -0.2035  2974659    0.21%            x701 D 114267   2287     22
 114013 56949       -0.2034     3       -0.2031       -0.2035  3027031    0.20%            x741 D 112021 112013     40
 116278 57656        cutoff             -0.2031       -0.2035  3062189    0.19%           x1027 D 117080  12021     15
 118338 58353       -0.2035     8       -0.2031       -0.2035  3112635    0.19%            x465 U 119424  11589     21
 120332 59098       -0.2035     6       -0.2031       -0.2035  3170068    0.19%            x817 U 122791   7947     24
 122199 59852       -0.2032     5       -0.2031       -0.2035  3205838    0.19%            x723 D 120301 120297     48
 124459 60540        cutoff             -0.2031       -0.2035  3250111    0.19%            x391 U 127099  17943     11
 127101 62136       -0.2032     5       -0.2031       -0.2035  3303305    0.19%            x935 U 125177 125173     37
Elapsed time = 2629.38 sec. (70326.99 ticks, tree = 66.45 MB, solutions = 5)
 129432 63650        cutoff             -0.2031       -0.2035  3351296    0.19%            x844 U 127653  64268     26
 131339 63926        cutoff             -0.2031       -0.2035  3385290    0.18%            x473 U 128986 128978     47
 133101 64317       -0.2034    11       -0.2031       -0.2035  3439877    0.18%            x154 D 133740 133736     38
 134865 64745       -0.2034     4       -0.2031       -0.2035  3490522    0.18%            x711 D 135348 135344     28
 136893 65930       -0.2032     9       -0.2031       -0.2034  3543416    0.17%            x935 U 136904 136900     39
 138825 66795       -0.2034     5       -0.2031       -0.2034  3587063    0.17%            x719 D 137845 137837     41
 140368 67470       -0.2034     6       -0.2031       -0.2034  3628073    0.17%            x735 D 138222 138218     35
 141860 68151       -0.2033     7       -0.2031       -0.2034  3680852    0.17%            x839 D 139850 139846     22
 143557 68821       -0.2034     4       -0.2031       -0.2034  3747790    0.17%            x980 D 143084 143080     38
 145256 69385        cutoff             -0.2031       -0.2034  3792545    0.17%             x33 U 144489 144485     41
Elapsed time = 2988.05 sec. (79869.09 ticks, tree = 76.77 MB, solutions = 5)
 146976 70018       -0.2034     5       -0.2031       -0.2034  3842412    0.17%            x717 D 150211 150207     45
 148490 70619       -0.2032     6       -0.2031       -0.2034  3903231    0.17%            x936 U 151755 151751     49
 150251 71479       -0.2034     5       -0.2031       -0.2034  3952852    0.17%            x463 D 149928 132861     36
 151994 72213       -0.2032    19       -0.2031       -0.2034  4005383    0.17%            x863 D 149938 149934     40
 153656 72922       -0.2034     4       -0.2031       -0.2034  4050587    0.17%            x721 U 156711 116622     30
 155366 73344        cutoff             -0.2031       -0.2034  4085351    0.17%            x471 D 158551 158547     41
 156991 74151       -0.2034     4       -0.2031       -0.2034  4152852    0.17%            x753 U 155857 155853     27
 158484 74758       -0.2032     9       -0.2031       -0.2034  4201323    0.17%            x154 D 158776 158772     47
 159276 75078       -0.2034    11       -0.2031       -0.2034  4239126    0.17%            x725 D 157905 157901     31
 160805 75809       -0.2034     4       -0.2031       -0.2034  4294097    0.17%            x709 U 158230  12889     31
Elapsed time = 3306.02 sec. (92276.28 ticks, tree = 83.38 MB, solutions = 5)
 162875 76538       -0.2032     8       -0.2031       -0.2034  4351361    0.17%            x721 U 160378  77578     26
 166507 77758       -0.2034    14       -0.2031       -0.2034  4466507    0.17%            x461 D 170431 170427     33
 171385 79616       -0.2034     6       -0.2031       -0.2034  4605417    0.17%            x717 D 169905 169901     30

User cuts applied:  31

Root node processing (before b&c):
  Real time             =    0.64 sec. (406.53 ticks)
Parallel b&c, 4 threads:
  Real time             = 3599.92 sec. (105320.95 ticks)
  Sync time (average)   =  270.19 sec.
  Wait time (average)   =    0.00 sec.
                          ------------
Total (root+branch&cut) = 3600.56 sec. (105727.49 ticks)
