Version identifier: 22.2.0.0 | 2026-05-04 | 5dff98e58
CPXPARAM_Read_DataCheck                          1
CPXPARAM_Threads                                 4
CPXPARAM_Parallel                                1
CPXPARAM_RandomSeed                              20260925
CPXPARAM_MIP_Strategy_Search                     1
CPXPARAM_Simplex_Tolerances_Optimality           1.0000000000000001e-09
CPXPARAM_Simplex_Tolerances_Feasibility          1.0000000000000001e-09
CPXPARAM_TimeLimit                               30
CPXPARAM_MIP_Tolerances_AbsMIPGap                1.0000000000000001e-09
CPXPARAM_MIP_Tolerances_Integrality              1.0000000000000001e-09
Legacy callback                                  iLD
Lazy constraint(s) or lazy constraint/branch callback is present.
    Disabling dual reductions (CPX_PARAM_REDUCE) in presolve.
    Disabling presolve reductions that prevent crushing forms (CPX_PARAM_PREREFORM).
         Disabling repeat represolve because of lazy constraint/incumbent callback.
Tried aggregator 1 time.
Reduced MIP has 5 rows, 14 columns, and 15 nonzeros.
Reduced MIP has 6 binaries, 0 generals, 0 SOSs, and 0 indicators.
Presolve time = 0.00 sec. (0.01 ticks)
Probing time = 0.00 sec. (0.00 ticks)
Clique table members: 2.
MIP emphasis: balance optimality and feasibility.
MIP search method: traditional branch-and-cut.
Parallel mode: deterministic, using up to 4 threads.
Root relaxation solution time = 0.00 sec. (0.01 ticks)

        Nodes                                         Cuts/
   Node  Left     Objective  IInf  Best Integer    Best Bound    ItCnt     Gap         Variable B NodeID Parent  Depth

      0     0       -0.8860     2                     -1.0000        3         
*     0+    0                           -0.1456       -1.0000           587.01%
*     0+    0                           -0.2911       -0.8860           204.35%
*     0+    0                           -0.3422       -0.8860           158.92%
      0     0       -0.8702     2       -0.3422    MIRcuts: 5        5  154.28%
      0     2       -0.7878     4       -0.3422       -0.8702        5  154.28%                        0             0
Elapsed time = 0.03 sec. (0.56 ticks, tree = 0.02 MB, solutions = 3)
*     3+    1                           -0.3933       -0.6050            53.82%

Mixed integer rounding cuts applied:  1
User cuts applied:  16

Root node processing (before b&c):
  Real time             =    0.03 sec. (0.55 ticks)
Parallel b&c, 4 threads:
  Real time             =    0.00 sec. (0.23 ticks)
  Sync time (average)   =    0.00 sec.
  Wait time (average)   =    0.00 sec.
                          ------------
Total (root+branch&cut) =    0.03 sec. (0.78 ticks)
