Version identifier: 22.2.0.0 | 2026-05-04 | 5dff98e58
CPXPARAM_Read_DataCheck                          1
CPXPARAM_Threads                                 4
CPXPARAM_Parallel                                1
CPXPARAM_RandomSeed                              20260925
CPXPARAM_Simplex_Tolerances_Optimality           1.0000000000000001e-09
CPXPARAM_Simplex_Tolerances_Feasibility          1.0000000000000001e-09
CPXPARAM_TimeLimit                               600
CPXPARAM_MIP_Tolerances_AbsMIPGap                1.0000000000000001e-09
CPXPARAM_MIP_Tolerances_Integrality              1.0000000000000001e-09
Legacy callback                                  i
1 of 2 MIP starts provided solutions.
MIP start 'm1' defined initial solution with objective 0.0293.
Tried aggregator 1 time.
MIP Presolve eliminated 1348 rows and 2 columns.
MIP Presolve modified 3414 coefficients.
Reduced MIP has 3969 rows, 4686 columns, and 49233 nonzeros.
Reduced MIP has 1164 binaries, 0 generals, 0 SOSs, and 0 indicators.
Presolve time = 0.03 sec. (32.64 ticks)
Probing time = 0.00 sec. (0.68 ticks)
Tried aggregator 1 time.
Detecting symmetries...
Reduced MIP has 3969 rows, 4686 columns, and 49233 nonzeros.
Reduced MIP has 1164 binaries, 0 generals, 0 SOSs, and 0 indicators.
Presolve time = 0.03 sec. (20.17 ticks)
Probing time = 0.00 sec. (0.78 ticks)
MIP emphasis: balance optimality and feasibility.
MIP search method: dynamic search.
Parallel mode: deterministic, using up to 4 threads.
Root relaxation solution time = 0.05 sec. (36.81 ticks)

        Nodes                                         Cuts/
   Node  Left     Objective  IInf  Best Integer    Best Bound    ItCnt     Gap

*     0+    0                            0.0293        0.0000           100.00%
      0     0        0.0241    62        0.0293        0.0241      756   17.99%
      0     0        0.0241    58        0.0293    MIRcuts: 6      872   17.99%
      0     0        0.0241    62        0.0293    MIRcuts: 5     1012   17.99%
      0     2        0.0241    59        0.0293        0.0241     1012   17.99%
Elapsed time = 2.00 sec. (1531.62 ticks, tree = 0.02 MB, solutions = 1)
     29    31        0.0255    63        0.0293        0.0241     2892   17.99%
     42    44        0.0256    62        0.0293        0.0241     3406   17.99%
     90    68        0.0248    66        0.0293        0.0241     5390   17.99%
    165   111        0.0241    59        0.0293        0.0241     9802   17.99%
    214   181        0.0243    54        0.0293        0.0241    13849   17.99%
    266   229        0.0251    50        0.0293        0.0241    17754   17.99%
    290   247        0.0250    33        0.0293        0.0241    20978   17.99%
    357   315        0.0244    55        0.0293        0.0241    25702   17.99%
    406   362        0.0243    57        0.0293        0.0241    33613   17.99%
    625   526        cutoff              0.0293        0.0241    64948   17.99%
Elapsed time = 6.00 sec. (4766.06 ticks, tree = 7.81 MB, solutions = 1)
    899   648        0.0246    51        0.0293        0.0241    91270   17.87%
   1209   848        0.0279    22        0.0293        0.0241   124878   17.86%
   1627  1177        0.0248    70        0.0293        0.0241   152415   17.86%
   1931  1395        0.0243    64        0.0293        0.0241   175206   17.86%
   2247  1724        0.0242    60        0.0293        0.0241   218588   17.86%

Performing restart 1

Repeating presolve.
Tried aggregator 1 time.
Reduced MIP has 3969 rows, 4686 columns, and 49233 nonzeros.
Reduced MIP has 1164 binaries, 0 generals, 0 SOSs, and 0 indicators.
Presolve time = 0.02 sec. (13.86 ticks)
Tried aggregator 1 time.
Reduced MIP has 3969 rows, 4686 columns, and 49233 nonzeros.
Reduced MIP has 1164 binaries, 0 generals, 0 SOSs, and 0 indicators.
Presolve time = 0.02 sec. (20.45 ticks)
Represolve time = 0.05 sec. (40.44 ticks)
   2324     0        0.0241    61        0.0293       Cuts: 6   232404   17.86%
   2324     0        0.0241    62        0.0293      Cuts: 11   232531   17.86%
   2324     0        0.0241    62        0.0293       Cuts: 5   232629   17.86%
   2324     0        0.0241    61        0.0293       Cuts: 6   232730   17.86%
   2324     0        0.0241    60        0.0293       Cuts: 5   232818   17.86%
   2324     2        0.0241    60        0.0293        0.0241   232818   17.86%
   2334     3        0.0241    61        0.0293        0.0241   232893   17.86%
   2437    79        0.0259    63        0.0293        0.0241   238091   17.86%
   2643   299        0.0256    62        0.0293        0.0241   252272   17.86%
   2884   414        0.0275    55        0.0293        0.0241   266605   17.86%
Elapsed time = 23.69 sec. (19717.60 ticks, tree = 9.44 MB, solutions = 1)
   3100   691        0.0285    44        0.0293        0.0241   288071   17.86%
   3333   871        0.0255    65        0.0293        0.0241   299052   17.86%
   3545  1079        0.0246    58        0.0293        0.0241   317670   17.86%
   3859  1331        0.0242    59        0.0293        0.0241   337387   17.86%
   4164  1627        0.0252    58        0.0293        0.0241   356206   17.86%
   4440  1849        0.0242    57        0.0293        0.0241   373559   17.86%
   4686  2065        0.0244    60        0.0293        0.0241   393363   17.86%
   4941  2263        0.0280    39        0.0293        0.0241   408969   17.86%
   5233  2405        0.0245    62        0.0293        0.0241   423309   17.86%
   5551  2847        0.0251    53        0.0293        0.0241   448783   17.86%
Elapsed time = 33.86 sec. (29289.12 ticks, tree = 77.16 MB, solutions = 1)
   5869  3086        0.0245    62        0.0293        0.0241   467326   17.86%
   6222  3381        0.0266    52        0.0293        0.0241   482599   17.86%
   6475  3770        0.0262    50        0.0293        0.0241   508452   17.86%
   6809  4066        0.0267    39        0.0293        0.0241   524819   17.86%
   7073  4273        0.0264    53        0.0293        0.0241   541465   17.86%
   7378  4484        0.0263    58        0.0293        0.0241   562190   17.86%
   7596  4757        0.0249    41        0.0293        0.0241   585494   17.86%
   7969  4966        0.0270    46        0.0293        0.0241   606217   17.86%
   8305  5366        0.0241    64        0.0293        0.0241   623394   17.86%
   8572  5622        0.0292    44        0.0293        0.0241   642165   17.86%
Elapsed time = 44.52 sec. (38877.59 ticks, tree = 132.08 MB, solutions = 1)
   8816  5807        0.0247    56        0.0293        0.0241   662206   17.84%
   8986  6010        0.0257    43        0.0293        0.0241   687531   17.84%
   9283  6219        0.0267    40        0.0293        0.0241   711287   17.82%
   9591  6500        0.0282    32        0.0293        0.0241   732380   17.82%
   9957  6784        0.0253    41        0.0293        0.0241   756068   17.82%
  10183  7066        0.0280    41        0.0293        0.0241   769314   17.81%
  10415  7255        0.0263    46        0.0293        0.0241   785928   17.81%
  10652  7416        0.0289    43        0.0293        0.0241   801703   17.81%
  11037  7747        0.0285    47        0.0293        0.0241   827451   17.81%
  11426  7946        0.0257    31        0.0293        0.0241   839942   17.81%
Elapsed time = 53.89 sec. (48447.26 ticks, tree = 206.17 MB, solutions = 1)
  11787  8127        0.0256    37        0.0293        0.0241   852886   17.81%
  12134  8472        0.0251    56        0.0293        0.0241   879287   17.81%
  12437  8937        0.0243    60        0.0293        0.0241   914397   17.78%
  12734  9231        0.0251    56        0.0293        0.0241   938336   17.78%
  12990  9462        0.0265    34        0.0293        0.0241   958399   17.77%
  13256  9664        0.0267    45        0.0293        0.0241   982215   17.76%
  13553  9901        0.0276    50        0.0293        0.0241  1000750   17.76%
  14003 10102        0.0265    40        0.0293        0.0241  1012252   17.75%
  14305 10421        0.0256    40        0.0293        0.0241  1036150   17.74%
  14752 10913        0.0257    48        0.0293        0.0241  1064727   17.74%
Elapsed time = 61.84 sec. (58002.13 ticks, tree = 300.72 MB, solutions = 1)
  15047 11413        0.0244    62        0.0293        0.0241  1090695   17.74%
  15311 11464        0.0246    63        0.0293        0.0241  1096818   17.74%
  15677 11630        0.0247    68        0.0293        0.0241  1111340   17.74%
  16002 12221        0.0265    35        0.0293        0.0241  1145821   17.74%
  16282 12326        0.0265    52        0.0293        0.0241  1156842   17.74%
  16608 12795        0.0285    49        0.0293        0.0241  1196047   17.74%
  16913 12988        0.0286    26        0.0293        0.0241  1210433   17.74%
  17146 13109        0.0260    39        0.0293        0.0241  1223049   17.74%
  17466 13448        0.0282    49        0.0293        0.0241  1252618   17.74%
  17761 13810        0.0284    39        0.0293        0.0241  1285016   17.74%
Elapsed time = 70.12 sec. (67576.47 ticks, tree = 391.87 MB, solutions = 1)
  18048 14000        0.0259    44        0.0293        0.0241  1297492   17.74%
  18347 14230        0.0282    30        0.0293        0.0241  1309660   17.74%
  18684 14497        0.0249    60        0.0293        0.0241  1325269   17.74%
  19032 14765        0.0273    55        0.0293        0.0241  1343374   17.74%
  19386 15038        0.0258    73        0.0293        0.0241  1358757   17.74%
  19719 15390        0.0276    55        0.0293        0.0241  1387087   17.74%
  20054 15562        0.0270    43        0.0293        0.0241  1400569   17.74%
  20386 16152        0.0275    51        0.0293        0.0241  1439377   17.74%
  20750 16304        0.0270    65        0.0293        0.0241  1449634   17.74%
  21005 16637        0.0282    56        0.0293        0.0241  1473481   17.74%
Elapsed time = 78.50 sec. (77151.17 ticks, tree = 474.83 MB, solutions = 1)
  21282 16989        0.0266    58        0.0293        0.0241  1502730   17.74%
  21598 17267        0.0271    49        0.0293        0.0241  1523016   17.74%
  21798 17327        0.0260    65        0.0293        0.0241  1527592   17.74%
  22062 17490        cutoff              0.0293        0.0241  1546344   17.74%
  22401 17826        0.0270    51        0.0293        0.0241  1575335   17.74%
  22652 18157        0.0266    65        0.0293        0.0241  1603611   17.74%
  22862 18381        0.0243    63        0.0293        0.0241  1624178   17.74%
  23159 18533        0.0253    48        0.0293        0.0241  1642670   17.74%
  23501 18666        0.0251    43        0.0293        0.0241  1651943   17.74%
  23804 19017        0.0255    42        0.0293        0.0241  1674335   17.74%
Elapsed time = 86.19 sec. (86717.13 ticks, tree = 545.67 MB, solutions = 1)
  24169 19177        0.0257    51        0.0293        0.0241  1682427   17.74%
  24471 19513        0.0243    64        0.0293        0.0241  1710926   17.72%
  24951 19997        0.0283    48        0.0293        0.0241  1737999   17.72%
  25234 20068        0.0277    28        0.0293        0.0241  1744997   17.72%
* 25364+20526                            0.0292        0.0241            17.24%
* 25371+20526                            0.0291        0.0241            17.14%
  25450 20799        0.0271    58        0.0291        0.0241  1794388   17.14%
* 25472+20687                            0.0291        0.0241            17.05%
  25579 20883        0.0266    35        0.0291        0.0241  1799929   17.05%
  25740 21101        0.0255    45        0.0291        0.0241  1821624   17.05%
* 25910+20526                            0.0291        0.0241            16.97%
  25916 21181        0.0262    29        0.0291        0.0241  1827735   16.97%
* 25919+20687                            0.0290        0.0241            16.85%
  26059 21237        0.0270    40        0.0290        0.0241  1833529   16.85%
* 26252+20687                            0.0290        0.0241            16.81%
  26707 21998        0.0246    48        0.0290        0.0241  1895081   16.81%
Elapsed time = 97.09 sec. (99192.95 ticks, tree = 647.63 MB, solutions = 1)
* 26966+20526                            0.0290        0.0241            16.68%
* 27133+20526                            0.0284        0.0241            15.05%
  27366 22400        0.0280    30        0.0284        0.0241  1928538   15.05%
* 27807+20526                            0.0284        0.0241            14.94%
* 27851+20526                            0.0282        0.0241            14.28%
  28156 23154        0.0279    44        0.0282        0.0241  1975209   14.28%
  28709 23753        0.0262    53        0.0282        0.0241  2024601   14.28%
  29320 24109        0.0272    35        0.0282        0.0241  2059827   14.28%
* 29682+20526                            0.0276        0.0241            12.53%
  29917 24684        cutoff              0.0276        0.0241  2115923   12.53%
* 30250+20526                            0.0274        0.0241            11.83%
* 30486+20526                            0.0273        0.0241            11.61%
  30559 25291        0.0252    56        0.0273        0.0241  2180920   11.61%
  31152 25915        0.0244    53        0.0273        0.0241  2253383   11.61%
  31946 26395        0.0258    40        0.0273        0.0241  2293487   11.61%
* 32102+20526                            0.0273        0.0241            11.56%
  32756 27137        0.0243    60        0.0273        0.0241  2351098   11.56%
  33904 22947        0.0267    55        0.0273        0.0241  2448137   11.56%
Elapsed time = 132.41 sec. (137421.29 ticks, tree = 580.44 MB, solutions = 12)
  35439 24078        0.0245    57        0.0273        0.0242  2525205   11.50%
  37065 25244        0.0268    41        0.0273        0.0242  2608797   11.50%
* 38265+26753                            0.0273        0.0242            11.47%
  38993 27049        0.0270    40        0.0273        0.0242  2736008   11.46%
  41074 29027        0.0263    43        0.0273        0.0242  2861454   11.46%
  43379 30777        0.0264    43        0.0273        0.0242  2970234   11.46%
  45503 33463        0.0265    50        0.0273        0.0242  3119174   11.43%
  47700 34861        0.0245    59        0.0273        0.0242  3201243   11.43%
  49873 37201        0.0267    47        0.0273        0.0242  3330347   11.42%
  51722 39311        0.0242    66        0.0273        0.0242  3461912   11.41%
  53469 40811        0.0255    67        0.0273        0.0242  3562261   11.41%
Elapsed time = 165.77 sec. (175597.44 ticks, tree = 609.75 MB, solutions = 21)
  55106 42682        0.0243    62        0.0273        0.0242  3696561   11.41%
  56864 44260        cutoff              0.0273        0.0242  3813653   11.41%
  58343 45653        0.0273    53        0.0273        0.0242  3923134   11.41%
  59852 46769        0.0243    61        0.0273        0.0242  4004849   11.41%
  62034 48324        0.0249    58        0.0273        0.0242  4109119   11.40%
  63855 50593        0.0244    57        0.0273        0.0242  4264339   11.39%
  65783 52269        0.0271    51        0.0273        0.0242  4378202   11.39%
  67456 53552        0.0242    65        0.0273        0.0242  4476614   11.39%
  69048 55280        0.0243    67        0.0273        0.0242  4612878   11.39%
  70846 56859        0.0265    42        0.0273        0.0242  4719589   11.38%
Elapsed time = 198.25 sec. (213770.45 ticks, tree = 638.16 MB, solutions = 21)
  72990 59218        0.0272    27        0.0273        0.0242  4857761   11.37%
  74769 60728        0.0266    38        0.0273        0.0242  4975406   11.37%
  76571 62180        0.0249    68        0.0273        0.0242  5078817   11.37%
  78441 64239        0.0254    44        0.0273        0.0242  5225107   11.37%
  80294 65354        0.0266    43        0.0273        0.0242  5304925   11.36%
* 81958+67196                            0.0273        0.0242            11.31%
  82259 67382        0.0250    57        0.0273        0.0242  5445667   11.31%
  84090 68796        0.0244    59        0.0273        0.0242  5545805   11.31%
  86101 70585        0.0243    63        0.0273        0.0242  5673268   11.30%
  87876 72727        0.0262    40        0.0273        0.0242  5811792   11.30%
  89836 74205        0.0246    49        0.0273        0.0242  5912812   11.29%
Elapsed time = 228.38 sec. (251958.89 ticks, tree = 669.50 MB, solutions = 22)
  91605 76095        0.0252    58        0.0273        0.0242  6034822   11.29%
  93577 77552        0.0263    45        0.0273        0.0242  6135174   11.29%
  95507 79795        0.0272    45        0.0273        0.0242  6289963   11.29%
  97550 81403        0.0258    51        0.0273        0.0242  6399650   11.28%
  99531 83388        0.0256    47        0.0273        0.0242  6524934   11.28%
 101253 84875        0.0269    35        0.0273        0.0242  6626032   11.28%
 102877 86397        0.0246    60        0.0273        0.0242  6751401   11.28%
 104647 88173        0.0258    49        0.0273        0.0242  6893743   11.28%
 106654 89746        0.0265    29        0.0273        0.0242  7004762   11.28%
 108607 91850        0.0248    43        0.0273        0.0242  7146241   11.27%
Elapsed time = 258.30 sec. (290121.82 ticks, tree = 701.40 MB, solutions = 22)
 110653 93727        0.0273    52        0.0273        0.0242  7271970   11.27%
 112528 95349        0.0263    52        0.0273        0.0242  7379105   11.27%
 114462 97427        0.0273    47        0.0273        0.0242  7520450   11.26%
 116376 98911        0.0252    46        0.0273        0.0242  7620587   11.26%
 118041 100451        0.0262    40        0.0273        0.0242  7750095   11.26%
 120074 102304        0.0270    35        0.0273        0.0242  7872580   11.25%
 122047 104024        0.0272    55        0.0273        0.0242  7983516   11.25%
 124156 106223        0.0247    50        0.0273        0.0242  8119756   11.24%
 125900 107864        0.0246    48        0.0273        0.0242  8240035   11.24%
 127947 109502        0.0248    52        0.0273        0.0242  8365822   11.24%
Elapsed time = 288.83 sec. (328311.98 ticks, tree = 733.15 MB, solutions = 22)
 129938 111262        0.0267    43        0.0273        0.0242  8480238   11.23%
 131458 113143        0.0268    24        0.0273        0.0242  8617453   11.23%
 133253 114785        0.0248    61        0.0273        0.0242  8758836   11.23%
 134883 116271        0.0260    54        0.0273        0.0242  8870702   11.23%
 136602 117659        0.0244    63        0.0273        0.0242  8980646   11.23%
 138302 119139        0.0260    48        0.0273        0.0242  9097362   11.23%
 140124 120749        0.0271    58        0.0273        0.0242  9218514   11.23%
 142083 123004        0.0249    44        0.0273        0.0242  9363589   11.22%
 144257 124756        0.0257    37        0.0273        0.0242  9476464   11.22%
 146176 126787        0.0261    51        0.0273        0.0242  9612763   11.21%
Elapsed time = 320.36 sec. (366480.33 ticks, tree = 763.22 MB, solutions = 22)
 147933 128191        0.0246    57        0.0273        0.0242  9725103   11.21%
 150072 129949        0.0260    42        0.0273        0.0242  9834229   11.21%
 151878 132219        0.0250    42        0.0273        0.0242  9991629   11.21%
 153702 133506        0.0246    52        0.0273        0.0242 10082716   11.21%
 155956 135603        0.0256    44        0.0273        0.0242 10218573   11.21%
 157885 137417        0.0266    49        0.0273        0.0242 10348721   11.21%
 159606 139159        0.0270    57        0.0273        0.0242 10473560   11.21%
 161264 140789        0.0242    64        0.0273        0.0242 10595640   11.21%
 163250 142460        0.0248    41        0.0273        0.0242 10718003   11.21%
 165483 144174        0.0248    51        0.0273        0.0242 10818620   11.20%
Elapsed time = 349.52 sec. (404660.86 ticks, tree = 797.33 MB, solutions = 22)
 167666 146733        0.0265    43        0.0273        0.0242 10970356   11.20%
 169530 148359        0.0262    41        0.0273        0.0242 11082485   11.19%
 171484 149971        0.0261    41        0.0273        0.0242 11194601   11.19%
 173365 151731        0.0245    47        0.0273        0.0242 11308220   11.19%
 175289 153429        0.0271    46        0.0273        0.0242 11426713   11.19%
 177053 155114        0.0254    40        0.0273        0.0242 11559087   11.19%
 178785 156697        0.0252    51        0.0273        0.0242 11678139   11.19%
 180596 158828        0.0264    52        0.0273        0.0242 11827679   11.18%
 182754 160102        0.0253    49        0.0273        0.0242 11913217   11.18%
 184471 162194        0.0250    64        0.0273        0.0242 12042735   11.18%
Elapsed time = 377.47 sec. (442822.35 ticks, tree = 831.71 MB, solutions = 22)

Performing restart 2

Repeating presolve.
Tried aggregator 1 time.
Reduced MIP has 3969 rows, 4686 columns, and 49233 nonzeros.
Reduced MIP has 1164 binaries, 0 generals, 0 SOSs, and 0 indicators.
Presolve time = 0.02 sec. (13.86 ticks)
Tried aggregator 1 time.
Reduced MIP has 3969 rows, 4686 columns, and 49233 nonzeros.
Reduced MIP has 1164 binaries, 0 generals, 0 SOSs, and 0 indicators.
Presolve time = 0.02 sec. (20.45 ticks)
Represolve time = 0.08 sec. (48.74 ticks)
 184702     0        0.0241    63        0.0273       Cuts: 3 12110363   11.18%
 184702     0        0.0241    60        0.0273      Cuts: 10 12110473   11.18%
 184702     0        0.0241    69        0.0273       Cuts: 8 12110607   11.18%
 184702     0        0.0241    62        0.0273       Cuts: 2 12110717   11.18%
 184702     0        0.0241    62        0.0273       Cuts: 5 12110831   11.18%
 184702     0        0.0241    62        0.0273     Covers: 1 12110903   11.18%
 184702     0        0.0241    65        0.0273       Cuts: 3 12110965   11.18%
 184702     2        0.0241    59        0.0273        0.0242 12110965   11.18%
 184978   244        0.0242    59        0.0273        0.0242 12125010   11.18%
 185673   775        0.0261    32        0.0273        0.0242 12174417   11.18%
 186882  1811        0.0265    43        0.0273        0.0242 12258743   11.18%
 188207  3001        0.0256    41        0.0273        0.0242 12354459   11.18%
 189595  4233        0.0252    48        0.0273        0.0242 12453274   11.18%
 191096  5487        0.0252    61        0.0273        0.0242 12552191   11.18%
 192712  7063        0.0267    45        0.0273        0.0242 12656470   11.18%
 194403  8401        0.0256    42        0.0273        0.0242 12744339   11.18%
 196267 10280        0.0249    47        0.0273        0.0242 12861070   11.18%
Elapsed time = 409.75 sec. (485327.50 ticks, tree = 26.33 MB, solutions = 22)
 197888 11654        0.0243    61        0.0273        0.0242 12954671   11.18%
 199297 13057        0.0243    65        0.0273        0.0242 13063808   11.18%
 200803 14256        0.0263    48        0.0273        0.0242 13148708   11.18%
 202478 15900        0.0244    60        0.0273        0.0242 13260066   11.18%
 204185 17183        0.0273    33        0.0273        0.0242 13342710   11.18%
 205917 18642        0.0244    55        0.0273        0.0242 13439203   11.18%
 207349 20182        0.0249    50        0.0273        0.0242 13542564   11.18%
 208981 21761        0.0268    47        0.0273        0.0242 13656338   11.18%
 210677 23014        0.0250    42        0.0273        0.0242 13733752   11.18%
 212409 24868        0.0265    44        0.0273        0.0242 13846833   11.18%
Elapsed time = 449.08 sec. (523499.71 ticks, tree = 53.47 MB, solutions = 22)
 214337 26418        0.0272    41        0.0273        0.0242 13944509   11.18%
 216176 28293        0.0264    54        0.0273        0.0242 14059731   11.18%
 217874 29639        0.0270    54        0.0273        0.0242 14157549   11.18%
 219712 31341        0.0248    51        0.0273        0.0242 14273817   11.18%
 221285 33014        0.0244    51        0.0273        0.0242 14381443   11.18%
 223299 34736        0.0272    42        0.0273        0.0242 14488983   11.18%
 225317 36302        0.0255    43        0.0273        0.0242 14582863   11.18%
 227297 38176        0.0257    41        0.0273        0.0242 14682954   11.18%
 229288 40227        0.0245    58        0.0273        0.0242 14805903   11.18%
 230985 41852        0.0249    61        0.0273        0.0242 14914284   11.18%
Elapsed time = 484.48 sec. (561659.26 ticks, tree = 85.81 MB, solutions = 22)
 232645 43468        0.0262    47        0.0273        0.0242 15033420   11.18%
 234613 45140        0.0255    40        0.0273        0.0242 15132660   11.18%
 236690 47153        0.0267    54        0.0273        0.0242 15255858   11.18%
 238611 48842        0.0273    54        0.0273        0.0242 15358158   11.18%
 240194 50339        0.0273    21        0.0273        0.0242 15464322   11.18%
 242281 51929        0.0258    42        0.0273        0.0242 15561313   11.18%
 244125 53657        0.0265    45        0.0273        0.0242 15685160   11.18%
 245975 55495        0.0265    48        0.0273        0.0242 15806643   11.18%
 247978 57165        0.0271    52        0.0273        0.0242 15909133   11.18%
 249575 58879        0.0243    58        0.0273        0.0242 16034481   11.18%
Elapsed time = 518.22 sec. (599850.68 ticks, tree = 116.96 MB, solutions = 22)
 251175 60622        0.0245    45        0.0273        0.0242 16155981   11.18%
 253023 61986        0.0257    67        0.0273        0.0242 16242009   11.18%
 255042 63845        0.0259    48        0.0273        0.0242 16350421   11.18%
 256931 65606        0.0252    51        0.0273        0.0242 16462455   11.18%
 258540 67174        0.0253    42        0.0273        0.0242 16578846   11.18%
 260158 68619        0.0265    47        0.0273        0.0242 16676183   11.18%
 261855 70329        0.0260    47        0.0273        0.0242 16805193   11.18%
 262802 71150        0.0270    52        0.0273        0.0242 16866908   11.18%
 263647 72072        0.0264    49        0.0273        0.0242 16927703   11.18%
 264399 72654        0.0266    52        0.0273        0.0242 16969657   11.18%
Elapsed time = 550.11 sec. (638202.97 ticks, tree = 144.96 MB, solutions = 22)
 265116 73286        0.0260    52        0.0273        0.0242 17016103   11.18%
 265955 74142        0.0263    47        0.0273        0.0242 17076733   11.18%
 266716 74851        0.0266    50        0.0273        0.0242 17127130   11.18%
 267428 75613        0.0268    41        0.0273        0.0242 17182397   11.18%
 268383 76374        0.0259    40        0.0273        0.0242 17243458   11.18%
 269074 76994        0.0247    52        0.0273        0.0242 17281514   11.18%
 270632 78216        0.0270    38        0.0273        0.0242 17352063   11.18%
 271815 79520        0.0242    63        0.0273        0.0242 17446094   11.18%
 273267 80536        0.0248    47        0.0273        0.0242 17522092   11.18%
 274916 82290        0.0270    36        0.0273        0.0242 17636916   11.18%
Elapsed time = 580.73 sec. (676383.95 ticks, tree = 162.53 MB, solutions = 22)
 276078 83371        0.0260    37        0.0273        0.0242 17709322   11.18%
 277707 84667        0.0272    54        0.0273        0.0242 17787710   11.18%
 279512 86254        0.0267    48        0.0273        0.0242 17887066   11.18%
 281145 87773        0.0249    48        0.0273        0.0242 17979058   11.18%
 282824 89341        0.0269    46        0.0273        0.0242 18087906   11.18%
 284589 91075        0.0244    49        0.0273        0.0242 18204072   11.18%

Mixed integer rounding cuts applied:  4

Root node processing (before b&c):
  Real time             =    1.98 sec. (1530.12 ticks)
Parallel b&c, 4 threads:
  Real time             =  598.03 sec. (699423.35 ticks)
  Sync time (average)   =   27.41 sec.
  Wait time (average)   =    0.00 sec.
                          ------------
Total (root+branch&cut) =  600.02 sec. (700953.47 ticks)
