Version identifier: 22.2.0.0 | 2026-05-04 | 5dff98e58
CPXPARAM_Read_DataCheck                          1
CPXPARAM_Threads                                 4
CPXPARAM_Parallel                                1
CPXPARAM_RandomSeed                              20260925
CPXPARAM_Simplex_Tolerances_Optimality           1.0000000000000001e-09
CPXPARAM_Simplex_Tolerances_Feasibility          1.0000000000000001e-09
CPXPARAM_TimeLimit                               600
CPXPARAM_MIP_Tolerances_AbsMIPGap                1.0000000000000001e-09
CPXPARAM_MIP_Tolerances_Integrality              1.0000000000000001e-09
Legacy callback                                  i
Found incumbent of value 0.000000 after 0.00 sec. (0.15 ticks)
Tried aggregator 1 time.
MIP Presolve eliminated 1350 rows and 2 columns.
MIP Presolve modified 3414 coefficients.
Reduced MIP has 3965 rows, 4686 columns, and 49173 nonzeros.
Reduced MIP has 1164 binaries, 0 generals, 0 SOSs, and 0 indicators.
Presolve time = 0.03 sec. (32.65 ticks)
Probing time = 0.00 sec. (0.68 ticks)
Tried aggregator 1 time.
Detecting symmetries...
Reduced MIP has 3965 rows, 4686 columns, and 49173 nonzeros.
Reduced MIP has 1164 binaries, 0 generals, 0 SOSs, and 0 indicators.
Presolve time = 0.03 sec. (21.06 ticks)
Probing time = 0.00 sec. (0.77 ticks)
MIP emphasis: balance optimality and feasibility.
MIP search method: dynamic search.
Parallel mode: deterministic, using up to 4 threads.
Root relaxation solution time = 0.22 sec. (216.10 ticks)

        Nodes                                         Cuts/
   Node  Left     Objective  IInf  Best Integer    Best Bound    ItCnt     Gap

*     0+    0                            0.0000       -1.0000              --- 
*     0+    0                           -0.0186       -1.0000              --- 
      0     0       -0.2268   105       -0.0186       -0.2268     4204     --- 
*     0+    0                           -0.0961       -0.2268           135.97%
      0     0       -0.2268    76       -0.0961   MIRcuts: 10     4880  135.97%
*     0+    0                           -0.1101       -0.2268           106.06%
*     0+    0                           -0.1132       -0.2268           100.41%
      0     0       -0.2268    80       -0.1132      Cuts: 15     5566  100.41%
*     0+    0                           -0.1194       -0.2268            90.00%
*     0+    0                           -0.1845       -0.2268            22.94%
      0     0       -0.2268    77       -0.1845    MIRcuts: 6     6018   22.94%
*     0+    0                           -0.1860       -0.2268            21.92%
*     0+    0                           -0.1891       -0.2268            19.92%
*     0+    0                           -0.1927       -0.2268            17.70%
*     0+    0                           -0.1932       -0.2268            17.42%
      0     0  -1.00000e+75     0       -0.1932       -0.2268     6018   17.42%
      0     0       -0.2268    78       -0.1932    MIRcuts: 5     6565   17.42%
      0     2       -0.2268    68       -0.1932       -0.2268     6565   17.42%
Elapsed time = 5.78 sec. (4781.42 ticks, tree = 0.02 MB, solutions = 11)
      7     4       -0.2268    79       -0.1932       -0.2268     7463   17.42%
     17    12       -0.2253    80       -0.1932       -0.2268    11489   17.42%
     24    23       -0.2268    82       -0.1932       -0.2268    18425   17.42%
     38    38       -0.2222    86       -0.1932       -0.2268    31090   17.42%
     47    45       -0.2245    83       -0.1932       -0.2268    33977   17.42%
     56    55       -0.2220    92       -0.1932       -0.2268    38098   17.42%
     70    60       -0.2245    73       -0.1932       -0.2268    40321   17.42%
     80    78       -0.2268    90       -0.1932       -0.2268    45841   17.42%
     94    84       -0.2268    88       -0.1932       -0.2268    49212   17.42%
    171   132       -0.2244    83       -0.1932       -0.2268    66395   17.42%
Elapsed time = 8.97 sec. (8033.22 ticks, tree = 2.20 MB, solutions = 11)
    235   195       -0.2248    86       -0.1932       -0.2268    75478   17.42%
    267   225       -0.2231    86       -0.1932       -0.2268    78374   17.42%
    339   318       -0.2184    70       -0.1932       -0.2268    87035   17.42%
    578   500       -0.2047    43       -0.1932       -0.2268    97643   17.42%
    666   625       -0.2218    66       -0.1932       -0.2268   114954   17.42%
    792   727       -0.2109    50       -0.1932       -0.2268   126311   17.42%
   1005   918       -0.2078    40       -0.1932       -0.2268   140723   17.42%
   1121  1043       -0.2037    23       -0.1932       -0.2268   156115   17.42%
*  1162+ 1092                           -0.1953       -0.2268            16.11%
*  1164+ 1092                           -0.1978       -0.2268            14.65%
*  1166+ 1092                           -0.2000       -0.2268            13.41%
*  1166+ 1092                           -0.2016       -0.2268            12.54%
   1216  1110       -0.2206    66       -0.2016       -0.2268   169548   12.54%

Performing restart 1

Repeating presolve.
Tried aggregator 1 time.
Reduced MIP has 3965 rows, 4686 columns, and 49173 nonzeros.
Reduced MIP has 1164 binaries, 0 generals, 0 SOSs, and 0 indicators.
Presolve time = 0.00 sec. (13.87 ticks)
Tried aggregator 1 time.
Reduced MIP has 3965 rows, 4686 columns, and 49173 nonzeros.
Reduced MIP has 1164 binaries, 0 generals, 0 SOSs, and 0 indicators.
Presolve time = 0.02 sec. (21.34 ticks)
Represolve time = 0.03 sec. (46.24 ticks)
   1261     0       -0.2268    80       -0.2016    MIRcuts: 5   189843   12.54%
   1261     0       -0.2268    92       -0.2016      Cuts: 12   190593   12.54%
   1261     0       -0.2268    73       -0.2016    MIRcuts: 5   190790   12.54%
   1261     0       -0.2268    72       -0.2016    MIRcuts: 2   190863   12.54%
   1261     0       -0.2268    69       -0.2016    MIRcuts: 1   191075   12.54%
   1261     0       -0.2268    67       -0.2016       Cuts: 6   191322   12.54%
   1261     2       -0.2268    67       -0.2016       -0.2268   191322   12.54%
Elapsed time = 21.97 sec. (23318.10 ticks, tree = 0.02 MB, solutions = 16)
   1264     5       -0.2268    79       -0.2016       -0.2268   194618   12.54%
   1269     9       -0.2268    86       -0.2016       -0.2268   199972   12.54%
   1276    17       -0.2268    82       -0.2016       -0.2268   205579   12.54%
   1292    23       -0.2268    80       -0.2016       -0.2268   209467   12.54%
   1314    47       -0.2268    85       -0.2016       -0.2268   224886   12.54%
   1345    63       -0.2252    79       -0.2016       -0.2268   232296   12.54%
   1397   111       -0.2198    79       -0.2016       -0.2268   247527   12.54%
   1489   163       -0.2100    54       -0.2016       -0.2268   253125   12.54%
   1594   273       -0.2185    79       -0.2016       -0.2268   271734   12.54%
   1744   367       -0.2145    64       -0.2016       -0.2268   276118   12.54%
Elapsed time = 30.78 sec. (33302.89 ticks, tree = 9.59 MB, solutions = 16)
   1860   484       -0.2082    61       -0.2016       -0.2268   283996   12.54%
   1956   631       -0.2268    91       -0.2016       -0.2268   302045   12.54%
   2035   725       -0.2140    56       -0.2016       -0.2268   318523   12.54%
   2115   786       -0.2105    50       -0.2016       -0.2268   329485   12.54%
   2215   863       -0.2247    69       -0.2016       -0.2268   336913   12.54%
   2388   971       -0.2167    69       -0.2016       -0.2268   350975   12.54%
   2589  1155       -0.2098    54       -0.2016       -0.2268   364653   12.54%
   2743  1319       -0.2218    81       -0.2016       -0.2268   383114   12.54%
   2858  1410       -0.2255    82       -0.2016       -0.2268   394737   12.54%
   2962  1589       -0.2224    72       -0.2016       -0.2268   416929   12.54%
Elapsed time = 42.02 sec. (42902.17 ticks, tree = 47.56 MB, solutions = 16)
   3128  1714       -0.2134    59       -0.2016       -0.2268   427450   12.54%
   3290  1853       -0.2177    69       -0.2016       -0.2268   436529   12.54%
   3496  2047       -0.2066    55       -0.2016       -0.2268   446457   12.54%
   3718  2221       -0.2250    63       -0.2016       -0.2268   456300   12.54%
   3926  2438       -0.2201    75       -0.2016       -0.2268   473881   12.54%
   4096  2673       -0.2260    74       -0.2016       -0.2268   487109   12.54%
   4208  2802       -0.2125    66       -0.2016       -0.2268   496321   12.54%
   4389  2877       -0.2245    72       -0.2016       -0.2268   502694   12.54%
   4571  3116       -0.2158    71       -0.2016       -0.2268   517652   12.54%
   4630  3236       -0.2118    63       -0.2016       -0.2268   532254   12.54%
Elapsed time = 51.08 sec. (52472.76 ticks, tree = 99.91 MB, solutions = 16)
   4803  3326       -0.2031    47       -0.2016       -0.2268   541003   12.54%
   5050  3458       -0.2085    48       -0.2016       -0.2268   553325   12.54%
   5254  3808       -0.2058    42       -0.2016       -0.2268   576757   12.54%
   5396  3863       -0.2173    81       -0.2016       -0.2268   586535   12.54%
   5560  4068       -0.2062    55       -0.2016       -0.2268   600371   12.54%
   5728  4109       -0.2171    75       -0.2016       -0.2268   608126   12.54%
   5938  4372       -0.2095    67       -0.2016       -0.2268   619790   12.54%
   6087  4575       -0.2161    73       -0.2016       -0.2268   637991   12.54%
   6219  4673       -0.2203    77       -0.2016       -0.2268   653105   12.54%
   6348  4795       -0.2170    91       -0.2016       -0.2268   665937   12.54%
Elapsed time = 58.94 sec. (62050.78 ticks, tree = 149.63 MB, solutions = 16)
   6468  4933       -0.2152    76       -0.2016       -0.2268   675769   12.54%
   6661  5085       -0.2031    51       -0.2016       -0.2268   684367   12.54%
   6912  5255       -0.2230    84       -0.2016       -0.2268   700972   12.54%
   7066  5540       -0.2231    76       -0.2016       -0.2268   722518   12.54%
   7184  5598       -0.2149    72       -0.2016       -0.2268   727016   12.54%
   7361  5790       -0.2093    55       -0.2016       -0.2268   742809   12.54%
*  7594+ 5899                           -0.2020       -0.2268            12.28%
*  7601+ 5899                           -0.2025       -0.2268            12.02%
   7672  5992       -0.2206    71       -0.2025       -0.2268   754233   12.02%
   7748  6104       -0.2093    60       -0.2025       -0.2268   767338   12.02%
*  7836+ 6158                           -0.2028       -0.2268            11.85%
   7878  6206       -0.2188    79       -0.2028       -0.2268   774965   11.85%
   8088  6249       -0.2155    58       -0.2028       -0.2268   789185   11.85%
Elapsed time = 66.72 sec. (71658.78 ticks, tree = 195.87 MB, solutions = 19)
   8229  6467       -0.2072    60       -0.2028       -0.2268   804254   11.85%
   8390  6569       -0.2220    81       -0.2028       -0.2268   819166   11.85%
   8509  6756       -0.2093    51       -0.2028       -0.2268   836704   11.85%
   8656  6809       -0.2099    66       -0.2028       -0.2268   847313   11.85%
   8788  6964       -0.2218    64       -0.2028       -0.2268   862622   11.85%
   9055  7090       -0.2216    71       -0.2028       -0.2268   876927   11.85%
   9336  7323       -0.2245    78       -0.2028       -0.2268   890963   11.85%
   9453  7420       -0.2096    57       -0.2028       -0.2268   896568   11.85%
   9672  7772       -0.2137    45       -0.2028       -0.2268   913063   11.85%
  10011  7893       -0.2268    86       -0.2028       -0.2268   924893   11.85%
Elapsed time = 74.94 sec. (81249.89 ticks, tree = 248.15 MB, solutions = 19)
  10189  8086       -0.2235    89       -0.2028       -0.2268   939235   11.85%
  10373  8434       -0.2170    77       -0.2028       -0.2268   962070   11.85%
  10495  8528       -0.2268    86       -0.2028       -0.2268   970228   11.85%
  10641  8780       -0.2109    51       -0.2028       -0.2268   989891   11.85%
  10813  8842       -0.2265    85       -0.2028       -0.2268   997490   11.85%
  10962  8871       -0.2189    85       -0.2028       -0.2268  1005027   11.85%
  11188  9147       -0.2168    78       -0.2028       -0.2268  1020828   11.85%
  11329  9290       -0.2130    61       -0.2028       -0.2268  1039022   11.85%
  11421  9410       -0.2220    90       -0.2028       -0.2268  1047318   11.85%
  11621  9647       -0.2145    74       -0.2028       -0.2268  1076205   11.85%
Elapsed time = 82.98 sec. (90867.53 ticks, tree = 304.22 MB, solutions = 19)
  11844  9770       -0.2237    81       -0.2028       -0.2268  1089154   11.85%
* 11845+ 9749                           -0.2031       -0.2268            11.68%
  11947  9545       -0.2245   104       -0.2031       -0.2268  1104220   11.68%
  12079  9636       -0.2253    77       -0.2031       -0.2268  1119062   11.68%
  12221  9777       -0.2108    61       -0.2031       -0.2268  1139912   11.68%
  12420  9845       -0.2268    82       -0.2031       -0.2268  1143155   11.68%
  12636 10044       -0.2185    72       -0.2031       -0.2268  1157912   11.68%
  12783 10154       -0.2149    60       -0.2031       -0.2268  1166496   11.68%
  13002 10473       -0.2080    69       -0.2031       -0.2268  1186838   11.68%
  13200 10495       -0.2229    76       -0.2031       -0.2268  1192671   11.68%
  13946 11442       -0.2265   100       -0.2031       -0.2268  1273438   11.68%
Elapsed time = 94.41 sec. (103350.25 ticks, tree = 361.01 MB, solutions = 20)
  14536 11925       -0.2268    85       -0.2031       -0.2268  1314568   11.68%
  15180 12372       -0.2078    54       -0.2031       -0.2268  1365782   11.68%
  15702 13010       -0.2183    63       -0.2031       -0.2268  1430503   11.68%
  16358 13503       -0.2245    87       -0.2031       -0.2268  1482459   11.68%
  17100 14139       -0.2113    61       -0.2031       -0.2268  1538736   11.68%
  17790 14900       -0.2049    67       -0.2031       -0.2268  1615312   11.68%
  18572 15485       -0.2123    51       -0.2031       -0.2268  1668496   11.68%
  19324 16398       -0.2171    75       -0.2031       -0.2268  1745283   11.68%
  20042 17011       -0.2207    71       -0.2031       -0.2268  1803382   11.68%
  20763 17805       -0.2220    86       -0.2031       -0.2268  1876081   11.68%
Elapsed time = 127.56 sec. (141620.06 ticks, tree = 550.94 MB, solutions = 20)
  21260 18282       -0.2047    57       -0.2031       -0.2268  1917707   11.68%
  21935 18526       -0.2062    46       -0.2031       -0.2268  1947395   11.68%
  22822 19340       -0.2085    67       -0.2031       -0.2268  2007570   11.68%
  23530 20069       -0.2163    74       -0.2031       -0.2268  2073459   11.68%
  24138 21093       -0.2041    57       -0.2031       -0.2268  2162649   11.68%
  24581 21531       -0.2243    82       -0.2031       -0.2268  2200364   11.68%
  24949 21833       -0.2171    67       -0.2031       -0.2268  2227254   11.68%
  25320 22212       -0.2174    78       -0.2031       -0.2268  2256555   11.68%
  25564 22449       -0.2233    90       -0.2031       -0.2268  2295830   11.68%
  25966 22753       -0.2070    52       -0.2031       -0.2268  2323213   11.68%
Elapsed time = 161.56 sec. (179845.02 ticks, tree = 717.90 MB, solutions = 20)
  26517 23168       -0.2245    88       -0.2031       -0.2268  2348302   11.68%
  26942 23659       -0.2262    92       -0.2031       -0.2268  2377849   11.68%
  27294 24118       -0.2211    89       -0.2031       -0.2268  2421455   11.68%
  27637 24351       -0.2123    51       -0.2031       -0.2268  2443917   11.68%
  28069 24818       -0.2085    68       -0.2031       -0.2268  2479907   11.68%
  28630 25302       -0.2167    75       -0.2031       -0.2268  2528436   11.68%
  29304 25857       -0.2217    80       -0.2031       -0.2268  2563911   11.68%
  29847 26431       -0.2268    87       -0.2031       -0.2268  2608390   11.68%
  30559 27172       -0.2134    59       -0.2031       -0.2268  2673468   11.68%
  31294 27716       -0.2151    71       -0.2031       -0.2268  2722477   11.68%
Elapsed time = 199.62 sec. (218136.48 ticks, tree = 870.08 MB, solutions = 20)
  32065 28247       -0.2098    58       -0.2031       -0.2268  2767540   11.68%
  32842 29123       -0.2220    86       -0.2031       -0.2268  2838408   11.68%
  33648 29777       -0.2085    71       -0.2031       -0.2268  2890092   11.68%
  34434 30603       -0.2230    82       -0.2031       -0.2268  2972623   11.68%
  35244 31238       -0.2105    51       -0.2031       -0.2268  3016716   11.68%
  36003 32140       -0.2105    49       -0.2031       -0.2268  3102812   11.68%
  36660 32477       -0.2235    80       -0.2031       -0.2268  3146397   11.68%
  37404 33259       -0.2125    63       -0.2031       -0.2268  3215334   11.68%
  38119 34214       -0.2047    49       -0.2031       -0.2268  3293040   11.68%
  38700 34791       -0.2145    69       -0.2031       -0.2268  3350315   11.68%
Elapsed time = 232.27 sec. (256361.30 ticks, tree = 1099.40 MB, solutions = 20)
  39522 35232       -0.2138    53       -0.2031       -0.2268  3396571   11.68%
  40290 36284       -0.2118    67       -0.2031       -0.2268  3490449   11.68%
  41021 36967        cutoff             -0.2031       -0.2268  3557968   11.68%
  41815 37375       -0.2190    81       -0.2031       -0.2268  3590106   11.68%
  42648 38116       -0.2237    74       -0.2031       -0.2268  3645289   11.68%
  43346 39172       -0.2078    66       -0.2031       -0.2268  3746935   11.68%
  44309 40134       -0.2165    64       -0.2031       -0.2268  3829821   11.68%
  45133 40783       -0.2047    42       -0.2031       -0.2268  3896408   11.68%
  45934 41689       -0.2085    59       -0.2031       -0.2268  3993940   11.68%
  46666 42333       -0.2245    89       -0.2031       -0.2268  4065973   11.68%
Elapsed time = 267.20 sec. (294566.99 ticks, tree = 1342.67 MB, solutions = 20)
  47526 43083       -0.2109    57       -0.2031       -0.2268  4141821   11.68%
  48258 43813       -0.2047    46       -0.2031       -0.2268  4209777   11.68%
  49136 44216       -0.2047    44       -0.2031       -0.2268  4252649   11.68%
  50005 45156       -0.2198    71       -0.2031       -0.2268  4340993   11.68%
  50703 46056       -0.2254    69       -0.2031       -0.2268  4435177   11.68%
  51444 46441       -0.2061    52       -0.2031       -0.2268  4471363   11.68%
  52390 47119       -0.2093    57       -0.2031       -0.2268  4543800   11.68%
  53160 48019       -0.2047    50       -0.2031       -0.2268  4627629   11.68%
  53966 48955       -0.2047    40       -0.2031       -0.2268  4734155   11.68%
  54699 49582       -0.2109    53       -0.2031       -0.2268  4800347   11.68%
Elapsed time = 298.62 sec. (332788.29 ticks, tree = 1576.07 MB, solutions = 20)
  55518 50267       -0.2152    72       -0.2031       -0.2268  4878385   11.68%
  56351 51137       -0.2047    49       -0.2031       -0.2268  4960490   11.68%
  57148 51944       -0.2047    44       -0.2031       -0.2268  5042699   11.68%
  57818 52644       -0.2194    86       -0.2031       -0.2268  5112686   11.68%
  58685 53325       -0.2074    43       -0.2031       -0.2268  5176124   11.68%
  59538 54095       -0.2217    68       -0.2031       -0.2268  5258138   11.68%
  60427 54872       -0.2101    41       -0.2031       -0.2268  5332879   11.68%
  61162 55692       -0.2093    45       -0.2031       -0.2268  5414650   11.68%
  62047 56180       -0.2062    57       -0.2031       -0.2268  5464400   11.68%
  62867 56997       -0.2217    87       -0.2031       -0.2268  5534903   11.68%
Elapsed time = 327.81 sec. (370975.13 ticks, tree = 1788.12 MB, solutions = 20)
  63638 57729       -0.2268    83       -0.2031       -0.2268  5612866   11.68%
  64369 58509       -0.2047    42       -0.2031       -0.2268  5700747   11.68%
  65111 59405       -0.2078    59       -0.2031       -0.2268  5805052   11.68%
  65903 59945       -0.2229    79       -0.2031       -0.2268  5856356   11.68%
  66892 60755       -0.2047    42       -0.2031       -0.2268  5930431   11.68%
  67543 61615       -0.2109    45       -0.2031       -0.2268  6010486   11.68%
  68309 62414       -0.2047    38       -0.2031       -0.2268  6103114   11.68%
  69057 62865       -0.2035    45       -0.2031       -0.2268  6156756   11.68%
  69686 63410       -0.2268    80       -0.2031       -0.2268  6216449   11.68%
  70659 64010       -0.2062    35       -0.2031       -0.2268  6285409   11.68%
Elapsed time = 364.47 sec. (409206.00 ticks, tree = 2013.90 MB, solutions = 20)
  71428 65028       -0.2233    83       -0.2031       -0.2268  6373226   11.68%
  72156 65811       -0.2109    46       -0.2031       -0.2268  6461776   11.68%
  73212 66370       -0.2186    83       -0.2031       -0.2268  6515415   11.68%
  73995 67231       -0.2078    45       -0.2031       -0.2268  6589831   11.68%
  74980 68198       -0.2111    52       -0.2031       -0.2268  6677426   11.68%
  75737 69143       -0.2119    63       -0.2031       -0.2268  6761064   11.68%
  76593 69635       -0.2124    53       -0.2031       -0.2268  6812500   11.68%
  77519 70607       -0.2124    53       -0.2031       -0.2268  6898837   11.68%
  78178 71210       -0.2140    64       -0.2031       -0.2268  6968818   11.68%
  79098 71920       -0.2234    90       -0.2031       -0.2268  7047178   11.68%
Elapsed time = 396.47 sec. (447398.37 ticks, tree = 2261.93 MB, solutions = 20)
Nodefile size = 206.69 MB (139.32 MB after compression)
  79813 72740       -0.2149    60       -0.2031       -0.2268  7127102   11.68%
  80469 73529       -0.2047    47       -0.2031       -0.2268  7218058   11.68%
  81331 74251       -0.2062    42       -0.2031       -0.2268  7287867   11.68%
  82236 74932       -0.2087    46       -0.2031       -0.2268  7360295   11.68%
  82972 75630       -0.2140    71       -0.2031       -0.2268  7426703   11.68%
  83717 76375       -0.2078    37       -0.2031       -0.2268  7500232   11.68%
  84532 76983       -0.2047    52       -0.2031       -0.2268  7561921   11.68%
  85337 77611       -0.2047    52       -0.2031       -0.2268  7622812   11.68%
  86148 78783       -0.2171    80       -0.2031       -0.2268  7738395   11.68%
  86958 79577       -0.2062    47       -0.2031       -0.2268  7830489   11.68%
Elapsed time = 428.27 sec. (485597.12 ticks, tree = 2508.03 MB, solutions = 20)
Nodefile size = 455.73 MB (306.66 MB after compression)
  87812 80145       -0.2208    87       -0.2031       -0.2268  7883410   11.68%
  88685 81024       -0.2171    75       -0.2031       -0.2268  7970862   11.68%
  89584 81831       -0.2253    86       -0.2031       -0.2268  8038328   11.68%
  90333 82354       -0.2245    98       -0.2031       -0.2268  8094951   11.68%
  91058 83172       -0.2202    69       -0.2031       -0.2268  8172499   11.68%
  91853 84238       -0.2047    37       -0.2031       -0.2268  8280209   11.68%
  92484 84433       -0.2047    43       -0.2031       -0.2268  8306474   11.68%
  93380 85150       -0.2268    83       -0.2031       -0.2268  8387588   11.68%
  94042 85915       -0.2229    67       -0.2031       -0.2268  8460921   11.68%
  94837 86507       -0.2054    50       -0.2031       -0.2268  8530552   11.68%
Elapsed time = 460.19 sec. (523805.93 ticks, tree = 2731.04 MB, solutions = 20)
Nodefile size = 677.00 MB (455.65 MB after compression)
  95709 87679       -0.2135    64       -0.2031       -0.2268  8638538   11.68%
  96393 88286       -0.2225    75       -0.2031       -0.2268  8695669   11.68%
  97116 88857       -0.2186    70       -0.2031       -0.2268  8745491   11.68%
  97780 89588       -0.2155    63       -0.2031       -0.2268  8831687   11.68%
  98666 90420       -0.2155    50       -0.2031       -0.2268  8910077   11.68%
  99346 90964       -0.2124    69       -0.2031       -0.2268  8971738   11.68%
 100473 91980       -0.2047    39       -0.2031       -0.2268  9053725   11.68%
 101061 92612       -0.2229    74       -0.2031       -0.2268  9117186   11.68%
 101980 92977       -0.2165    68       -0.2031       -0.2268  9158468   11.68%
 102915 93928       -0.2259    88       -0.2031       -0.2268  9251843   11.68%
Elapsed time = 495.16 sec. (562015.90 ticks, tree = 2969.55 MB, solutions = 20)
Nodefile size = 912.93 MB (614.58 MB after compression)
 103742 94580       -0.2034    32       -0.2031       -0.2268  9305790   11.68%
 104474 95501       -0.2110    71       -0.2031       -0.2268  9405290   11.68%
 105457 96303        cutoff             -0.2031       -0.2268  9490420   11.68%
 106323 97376       -0.2134    58       -0.2031       -0.2268  9589921   11.68%
 107195 97809       -0.2062    54       -0.2031       -0.2268  9632561   11.68%
 107960 98380       -0.2217    82       -0.2031       -0.2268  9687978   11.68%
 108623 99550       -0.2155    60       -0.2031       -0.2268  9802493   11.68%
 109390 100005       -0.2229    76       -0.2031       -0.2268  9853635   11.68%
 110167 100781       -0.2186    75       -0.2031       -0.2268  9930596   11.68%
 110847 101344       -0.2229    82       -0.2031       -0.2268  9999272   11.68%
Elapsed time = 527.48 sec. (600239.73 ticks, tree = 3205.23 MB, solutions = 20)
Nodefile size = 1151.92 MB (775.61 MB after compression)
 111657 102306       -0.2093    52       -0.2031       -0.2268 10096099   11.68%
 112426 102573       -0.2132    60       -0.2031       -0.2268 10125203   11.68%
 113187 103679       -0.2110    55       -0.2031       -0.2268 10238573   11.68%
 113997 104498       -0.2179    84       -0.2031       -0.2268 10319103   11.68%
 114554 104743       -0.2140    51       -0.2031       -0.2268 10339502   11.68%
 115295 105553       -0.2054    59       -0.2031       -0.2268 10419121   11.68%
 115814 105861       -0.2078    57       -0.2031       -0.2268 10442007   11.68%
 116435 106570       -0.2109    47       -0.2031       -0.2268 10514304   11.68%
 117070 107473       -0.2186    70       -0.2031       -0.2268 10602280   11.68%
 117684 107865       -0.2245    93       -0.2031       -0.2268 10635571   11.68%
Elapsed time = 559.69 sec. (638461.82 ticks, tree = 3415.12 MB, solutions = 20)
Nodefile size = 1359.75 MB (915.63 MB after compression)
 118189 108412       -0.2245    82       -0.2031       -0.2268 10703947   11.68%
 118926 108873       -0.2062    30       -0.2031       -0.2268 10749791   11.68%
 119517 109589       -0.2047    36       -0.2031       -0.2268 10810768   11.68%
 120183 110228       -0.2215    89       -0.2031       -0.2268 10869254   11.68%
 120793 110653       -0.2062    56       -0.2031       -0.2268 10910964   11.68%
 121420 111410       -0.2248    85       -0.2031       -0.2268 10991174   11.68%
 122073 111851       -0.2043    36       -0.2031       -0.2268 11024044   11.68%
 122692 112363       -0.2217    83       -0.2031       -0.2268 11076308   11.68%
 123235 112782       -0.2202    79       -0.2031       -0.2268 11118257   11.68%
 123841 113364       -0.2103    65       -0.2031       -0.2268 11168990   11.68%
Elapsed time = 595.56 sec. (676717.39 ticks, tree = 3588.55 MB, solutions = 20)
Nodefile size = 1534.11 MB (1033.59 MB after compression)
 124290 114039       -0.2109    57       -0.2031       -0.2268 11234345   11.68%

Mixed integer rounding cuts applied:  12
Gomory fractional cuts applied:  2

Root node processing (before b&c):
  Real time             =    5.77 sec. (4777.75 ticks)
Parallel b&c, 4 threads:
  Real time             =  594.97 sec. (677675.94 ticks)
  Sync time (average)   =   35.91 sec.
  Wait time (average)   =    0.00 sec.
                          ------------
Total (root+branch&cut) =  600.73 sec. (682453.69 ticks)
