Version identifier: 22.2.0.0 | 2026-05-04 | 5dff98e58
CPXPARAM_Read_DataCheck                          1
CPXPARAM_Threads                                 4
CPXPARAM_Parallel                                1
CPXPARAM_RandomSeed                              20260925
CPXPARAM_Simplex_Tolerances_Optimality           1.0000000000000001e-09
CPXPARAM_Simplex_Tolerances_Feasibility          1.0000000000000001e-09
CPXPARAM_TimeLimit                               600
CPXPARAM_MIP_Tolerances_AbsMIPGap                1.0000000000000001e-09
CPXPARAM_MIP_Tolerances_Integrality              1.0000000000000001e-09
Legacy callback                                  i
1 of 20 MIP starts provided solutions.
MIP start 'm1' defined initial solution with objective 0.0000.
Tried aggregator 1 time.
MIP Presolve eliminated 1347 rows and 1 columns.
MIP Presolve modified 3414 coefficients.
Reduced MIP has 3969 rows, 4687 columns, and 49236 nonzeros.
Reduced MIP has 1164 binaries, 0 generals, 0 SOSs, and 0 indicators.
Presolve time = 0.02 sec. (32.64 ticks)
Probing time = 0.00 sec. (0.69 ticks)
Tried aggregator 1 time.
Detecting symmetries...
Reduced MIP has 3969 rows, 4687 columns, and 49236 nonzeros.
Reduced MIP has 1164 binaries, 0 generals, 0 SOSs, and 0 indicators.
Presolve time = 0.02 sec. (21.11 ticks)
Probing time = 0.00 sec. (0.77 ticks)
MIP emphasis: balance optimality and feasibility.
MIP search method: dynamic search.
Parallel mode: deterministic, using up to 4 threads.
Root relaxation solution time = 0.47 sec. (175.09 ticks)

        Nodes                                         Cuts/
   Node  Left     Objective  IInf  Best Integer    Best Bound    ItCnt     Gap

*     0+    0                            0.0000       -1.0000              --- 
      0     0       -0.2268   107        0.0000       -0.2268     3368     --- 
      0     0       -0.2268    77        0.0000       Cuts: 3     3486     --- 
      0     0       -0.2268    72        0.0000      Cuts: 14     4290     --- 
      0     0       -0.2268    77        0.0000    MIRcuts: 7     4856     --- 
      0     0       -0.2268    70        0.0000    MIRcuts: 1     4969     --- 
      0     0       -0.2268    71        0.0000   MIRcuts: 11     5990     --- 
      0     2       -0.2268    71        0.0000       -0.2268     5990     --- 
Elapsed time = 6.41 sec. (5485.62 ticks, tree = 0.02 MB, solutions = 1)
      2     3       -0.2268    79        0.0000       -0.2268     8008     --- 
      5     7       -0.2245    98        0.0000       -0.2268    12939     --- 
     11     8       -0.2222    91        0.0000       -0.2268    16555     --- 
     14    16       -0.2268    80        0.0000       -0.2268    27584     --- 
     17    17       -0.2268    81        0.0000       -0.2268    28797     --- 
     25    25       -0.2253    87        0.0000       -0.2268    40395     --- 
     42    31       -0.2245    87        0.0000       -0.2268    44110     --- 
     56    49       -0.2245    79        0.0000       -0.2268    51317     --- 
     66    56       -0.2268    80        0.0000       -0.2268    57689     --- 
    133   122       -0.2229    70        0.0000       -0.2268    79905     --- 
Elapsed time = 10.16 sec. (8837.28 ticks, tree = 1.77 MB, solutions = 1)
    171   155       -0.2227    89        0.0000       -0.2268    92229     --- 
    207   187       -0.2253    90        0.0000       -0.2268   100774     --- 
    270   185       -0.2217    71        0.0000       -0.2268    99750     --- 
    361   308       -0.2058    22        0.0000       -0.2268   122411     --- 
*   378+  261                           -0.2031       -0.2268            11.68%
    508   368       -0.2236    74       -0.2031       -0.2268   133148   11.68%
    620   439       -0.2042    45       -0.2031       -0.2268   146344   11.68%
    716   583       -0.2053    34       -0.2031       -0.2268   168962   11.68%
    834   676       -0.2245    82       -0.2031       -0.2268   189064   11.68%
    960   755       -0.2218    84       -0.2031       -0.2268   204124   11.68%
   1161   928       -0.2238    77       -0.2031       -0.2268   221799   11.68%
Elapsed time = 18.25 sec. (18495.91 ticks, tree = 26.95 MB, solutions = 2)
   1323  1175       -0.2219    76       -0.2031       -0.2268   240125   11.68%
   1421  1262       -0.2181    78       -0.2031       -0.2268   246419   11.68%

Performing restart 1

Repeating presolve.
Tried aggregator 1 time.
Reduced MIP has 3969 rows, 4687 columns, and 49236 nonzeros.
Reduced MIP has 1164 binaries, 0 generals, 0 SOSs, and 0 indicators.
Presolve time = 0.02 sec. (13.87 ticks)
Tried aggregator 1 time.
Reduced MIP has 3969 rows, 4687 columns, and 49236 nonzeros.
Reduced MIP has 1164 binaries, 0 generals, 0 SOSs, and 0 indicators.
Presolve time = 0.02 sec. (21.39 ticks)
Represolve time = 0.03 sec. (41.92 ticks)
   1455     0       -0.2268    80       -0.2031       Cuts: 3   260276   11.68%
   1455     0       -0.2268    80       -0.2031    MIRcuts: 5   260733   11.68%
   1455     0       -0.2268    76       -0.2031       Cuts: 6   261322   11.68%
   1455     0       -0.2268    78       -0.2031    MIRcuts: 3   261617   11.68%
   1455     0       -0.2268    71       -0.2031    MIRcuts: 4   261769   11.68%
   1455     0       -0.2268    74       -0.2031       Cuts: 3   262122   11.68%
   1455     0       -0.2268    71       -0.2031       Cuts: 2   262419   11.68%
   1455     2       -0.2268    67       -0.2031       -0.2268   262419   11.68%
   1459     6       -0.2268    87       -0.2031       -0.2268   266013   11.68%
   1466    11       -0.2245    85       -0.2031       -0.2268   272595   11.68%
   1473    17       -0.2245    84       -0.2031       -0.2268   291773   11.68%
   1482    28       -0.2268    95       -0.2031       -0.2268   322438   11.68%
   1495    35       -0.2268    90       -0.2031       -0.2268   330303   11.68%
   1505    44       -0.2253    99       -0.2031       -0.2268   341249   11.68%
   1531    59       -0.2253   108       -0.2031       -0.2268   357271   11.68%
Elapsed time = 36.45 sec. (39119.22 ticks, tree = 0.22 MB, solutions = 2)
   1553    87       -0.2253   107       -0.2031       -0.2268   372513   11.68%
   1602    96       -0.2229   101       -0.2031       -0.2268   375539   11.68%
   1662   171       -0.2109    69       -0.2031       -0.2268   396266   11.68%
   1740   238       -0.2078    73       -0.2031       -0.2268   409614   11.68%
   1815   221       -0.2124    81       -0.2031       -0.2268   408944   11.68%
   1877   309       -0.2109    83       -0.2031       -0.2268   427473   11.68%
   1961   418       -0.2268    79       -0.2031       -0.2268   441319   11.68%
   2031   470       -0.2260    71       -0.2031       -0.2268   453569   11.68%
   2068   487       -0.2255    84       -0.2031       -0.2268   460995   11.68%
   2146   585       -0.2228    75       -0.2031       -0.2268   482536   11.68%
Elapsed time = 44.89 sec. (48873.23 ticks, tree = 15.56 MB, solutions = 2)
   2232   613       -0.2175    69       -0.2031       -0.2268   486308   11.68%
   2341   716       -0.2155    65       -0.2031       -0.2268   504366   11.68%
   2561   869       -0.2054    39       -0.2031       -0.2268   510203   11.68%
   2704   962       -0.2245    77       -0.2031       -0.2268   524736   11.68%
   2763  1152       -0.2238    78       -0.2031       -0.2268   539029   11.68%
   2796  1209       -0.2240    78       -0.2031       -0.2268   558394   11.68%
   2870  1256       -0.2193    71       -0.2031       -0.2268   565740   11.68%
   3060  1297       -0.2268    80       -0.2031       -0.2268   575180   11.68%
   3233  1637       -0.2081    71       -0.2031       -0.2268   596947   11.68%
   3322  1655       -0.2197    78       -0.2031       -0.2268   599385   11.68%
Elapsed time = 52.70 sec. (58487.96 ticks, tree = 49.66 MB, solutions = 2)
   3458  1784       -0.2061    47       -0.2031       -0.2268   607056   11.68%
   3538  1773       -0.2184    73       -0.2031       -0.2268   615559   11.68%
   3615  1944       -0.2076    60       -0.2031       -0.2268   625324   11.68%
   3731  2049       -0.2120    67       -0.2031       -0.2268   641234   11.68%
   3843  2150       -0.2151    68       -0.2031       -0.2268   652033   11.68%
   3995  2247       -0.2124    70       -0.2031       -0.2268   662396   11.68%
   4056  2333       -0.2217    81       -0.2031       -0.2268   671639   11.68%
   4128  2415       -0.2201    79       -0.2031       -0.2268   687252   11.68%
   4208  2480       -0.2084    64       -0.2031       -0.2268   700539   11.68%
   4354  2642       -0.2145    79       -0.2031       -0.2268   723762   11.68%
Elapsed time = 60.78 sec. (68148.88 ticks, tree = 81.17 MB, solutions = 2)
   4486  2689       -0.2070    61       -0.2031       -0.2268   725216   11.68%
   4596  2813       -0.2268    79       -0.2031       -0.2268   744168   11.68%
   4682  2930       -0.2268    84       -0.2031       -0.2268   762321   11.68%
   4763  2981       -0.2172    67       -0.2031       -0.2268   773108   11.68%
   4803  3009       -0.2199    71       -0.2031       -0.2268   784046   11.68%
   4904  3176       -0.2080    62       -0.2031       -0.2268   799979   11.68%
   5040  3152       -0.2078    48       -0.2031       -0.2268   805917   11.68%
   5100  3256       -0.2230    75       -0.2031       -0.2268   821963   11.68%
   5160  3349       -0.2215    73       -0.2031       -0.2268   832739   11.68%
   5248  3454       -0.2155    59       -0.2031       -0.2268   842215   11.68%
Elapsed time = 69.14 sec. (77816.66 ticks, tree = 106.89 MB, solutions = 2)
   5371  3486       -0.2190    81       -0.2031       -0.2268   853056   11.68%
   5535  3715       -0.2245    78       -0.2031       -0.2268   870563   11.68%
   5655  3829       -0.2072    64       -0.2031       -0.2268   880213   11.68%
   5792  3785       -0.2198    90       -0.2031       -0.2268   880971   11.68%
   5921  4121       -0.2075    51       -0.2031       -0.2268   911387   11.68%
   6019  4039       -0.2218    73       -0.2031       -0.2268   907934   11.68%
   6134  4189       -0.2096    63       -0.2031       -0.2268   916021   11.68%
   6280  4404       -0.2102    58       -0.2031       -0.2268   934774   11.68%
   6497  4495       -0.2103    73       -0.2031       -0.2268   942218   11.68%
   6601  4605       -0.2215    82       -0.2031       -0.2268   955758   11.68%
Elapsed time = 77.11 sec. (87535.87 ticks, tree = 143.66 MB, solutions = 2)
   6753  4789       -0.2116    61       -0.2031       -0.2268   967534   11.68%
   6911  4885       -0.2268    77       -0.2031       -0.2268   972808   11.68%
   7052  5103       -0.2193    95       -0.2031       -0.2268   997675   11.68%
   7154  5142       -0.2104    69       -0.2031       -0.2268  1001617   11.68%
   7287  5254       -0.2106    54       -0.2031       -0.2268  1005999   11.68%
   7421  5321       -0.2268    76       -0.2031       -0.2268  1022919   11.68%
   7571  5529       -0.2250    73       -0.2031       -0.2268  1038252   11.68%
   7724  5588       -0.2126    76       -0.2031       -0.2268  1043994   11.68%
   7887  5883       -0.2268    76       -0.2031       -0.2268  1067452   11.68%
   8051  6018       -0.2140    66       -0.2031       -0.2268  1083306   11.68%
Elapsed time = 84.91 sec. (97192.10 ticks, tree = 188.61 MB, solutions = 2)
   8215  6074       -0.2236    83       -0.2031       -0.2268  1087174   11.68%
   8335  6240       -0.2181    78       -0.2031       -0.2268  1107770   11.68%
   8479  6438       -0.2116    57       -0.2031       -0.2268  1124381   11.68%
   8658  6371       -0.2050    37       -0.2031       -0.2268  1119833   11.68%
   8816  6786       -0.2223    86       -0.2031       -0.2268  1150266   11.68%
   8992  6855       -0.2138    63       -0.2031       -0.2268  1155013   11.68%
   9185  6997       -0.2189    68       -0.2031       -0.2268  1171673   11.68%
   9351  7028       -0.2060    49       -0.2031       -0.2268  1168678   11.68%
   9491  7367       -0.2262    85       -0.2031       -0.2268  1203120   11.68%
  10081  7898       -0.2109    70       -0.2031       -0.2268  1253596   11.68%
Elapsed time = 94.89 sec. (109670.01 ticks, tree = 248.25 MB, solutions = 2)
  10774  8579       -0.2124    62       -0.2031       -0.2268  1315173   11.68%
  11508  9234       -0.2211    81       -0.2031       -0.2268  1363799   11.68%
  12157  9806       -0.2182    79       -0.2031       -0.2268  1416932   11.68%
  12588 10278       -0.2180    75       -0.2031       -0.2268  1475092   11.68%
  13171 10613       -0.2224    89       -0.2031       -0.2268  1518625   11.68%
  13750 11205       -0.2250    78       -0.2031       -0.2268  1575337   11.68%
  14256 11671       -0.2157    61       -0.2031       -0.2268  1613603   11.68%
  14955 12298       -0.2132    57       -0.2031       -0.2268  1692406   11.68%
  15768 12849       -0.2268    84       -0.2031       -0.2268  1736364   11.68%
  16441 13823       -0.2259    79       -0.2031       -0.2268  1826150   11.68%
Elapsed time = 125.83 sec. (147939.30 ticks, tree = 425.91 MB, solutions = 2)
  17082 14313       -0.2057    57       -0.2031       -0.2268  1857698   11.68%
  17689 14864       -0.2159    74       -0.2031       -0.2268  1919696   11.68%
  18152 15428       -0.2237    99       -0.2031       -0.2268  1987624   11.68%
  18689 15784       -0.2068    64       -0.2031       -0.2268  2031213   11.68%
  19192 16477       -0.2097    55       -0.2031       -0.2268  2093722   11.68%
  19724 16861       -0.2245    79       -0.2031       -0.2268  2151567   11.68%
  20181 17414       -0.2245    77       -0.2031       -0.2268  2219390   11.68%
  20641 17753       -0.2201    78       -0.2031       -0.2268  2258188   11.68%
  21084 18226       -0.2268    78       -0.2031       -0.2268  2317996   11.68%
  21475 18674       -0.2212    81       -0.2031       -0.2268  2391306   11.68%
Elapsed time = 159.48 sec. (186194.89 ticks, tree = 580.86 MB, solutions = 2)
  21968 18970       -0.2217    81       -0.2031       -0.2268  2438199   11.68%
  22669 19557       -0.2208    78       -0.2031       -0.2268  2497287   11.68%
  23312 20019       -0.2244    92       -0.2031       -0.2268  2557782   11.68%
  24028 21068       -0.2065    70       -0.2031       -0.2268  2644569   11.68%
  24537 21348       -0.2047    51       -0.2031       -0.2268  2680781   11.68%
  24760 21833       -0.2198    83       -0.2031       -0.2268  2732612   11.68%
  25211 22150       -0.2245    71       -0.2031       -0.2268  2763237   11.68%
  25927 22681       -0.2268    83       -0.2031       -0.2268  2806032   11.68%
  26518 23301       -0.2086    79       -0.2031       -0.2268  2872637   11.68%
  27180 23910       -0.2180    72       -0.2031       -0.2268  2930602   11.68%
Elapsed time = 193.95 sec. (224397.80 ticks, tree = 749.41 MB, solutions = 2)
  27999 24524       -0.2093    70       -0.2031       -0.2268  2971211   11.68%
  28602 25258       -0.2116    65       -0.2031       -0.2268  3035193   11.68%
  29308 25912       -0.2101    70       -0.2031       -0.2268  3108069   11.68%
  29917 26383       -0.2080    47       -0.2031       -0.2268  3155484   11.68%
  30546 27148       -0.2186    81       -0.2031       -0.2268  3228963   11.68%
  31014 27678       -0.2069    75       -0.2031       -0.2268  3296021   11.68%
  31395 27820       -0.2047    49       -0.2031       -0.2268  3319566   11.68%
  31805 28363       -0.2078    56       -0.2031       -0.2268  3391156   11.68%
  32377 28805       -0.2247    86       -0.2031       -0.2268  3450429   11.68%
  32873 29619       -0.2166    69       -0.2031       -0.2268  3526400   11.68%
Elapsed time = 225.25 sec. (262577.89 ticks, tree = 933.45 MB, solutions = 2)
  33429 29770       -0.2054    56       -0.2031       -0.2268  3541715   11.68%
  34078 30504       -0.2173    60       -0.2031       -0.2268  3632906   11.68%
  34852 30924       -0.2057    44       -0.2031       -0.2268  3669378   11.68%
  35599 31860       -0.2237    75       -0.2031       -0.2268  3740275   11.68%
  36202 32263       -0.2247    75       -0.2031       -0.2268  3784999   11.68%
  36711 33174       -0.2067    54       -0.2031       -0.2268  3874985   11.68%
  37197 33407       -0.2087    68       -0.2031       -0.2268  3917750   11.68%
  37767 33887       -0.2138    69       -0.2031       -0.2268  3980800   11.68%
  38407 34462       -0.2098    63       -0.2031       -0.2268  4032774   11.68%
  39024 35052       -0.2250    70       -0.2031       -0.2268  4094139   11.68%
Elapsed time = 260.75 sec. (300828.57 ticks, tree = 1110.04 MB, solutions = 2)
  39715 35900       -0.2255    84       -0.2031       -0.2268  4179215   11.68%
  40409 36401       -0.2244    79       -0.2031       -0.2268  4217997   11.68%
  41123 37047       -0.2224    66       -0.2031       -0.2268  4282242   11.68%
  41702 38036       -0.2106    49       -0.2031       -0.2268  4375209   11.68%
  42243 38182       -0.2047    31       -0.2031       -0.2268  4393820   11.68%
  42940 39007       -0.2167    68       -0.2031       -0.2268  4480829   11.68%
  43671 39385       -0.2047    59       -0.2031       -0.2268  4514531   11.68%
  44083 39791       -0.2109    79       -0.2031       -0.2268  4557294   11.68%
  44555 40379       -0.2129    49       -0.2031       -0.2268  4624757   11.68%
  45261 40914       -0.2044    51       -0.2031       -0.2268  4683399   11.68%
Elapsed time = 297.42 sec. (339028.62 ticks, tree = 1298.94 MB, solutions = 2)
  46014 41749       -0.2054    44       -0.2031       -0.2268  4772701   11.68%
  46893 42545       -0.2268    85       -0.2031       -0.2268  4846385   11.68%
  47497 43202       -0.2207    57       -0.2031       -0.2268  4897684   11.68%
  48189 44141       -0.2078    49       -0.2031       -0.2268  5001278   11.68%
  48889 44487       -0.2203    66       -0.2031       -0.2268  5030165   11.68%
  49576 45253       -0.2239    69       -0.2031       -0.2268  5100819   11.68%
  50155 45862       -0.2199    75       -0.2031       -0.2268  5160768   11.68%
  50671 46350       -0.2202    75       -0.2031       -0.2268  5233258   11.68%
  51133 46701       -0.2148    75       -0.2031       -0.2268  5279722   11.68%
  51621 47192       -0.2185    77       -0.2031       -0.2268  5330071   11.68%
Elapsed time = 330.05 sec. (377256.41 ticks, tree = 1501.51 MB, solutions = 2)
  52189 47905       -0.2268    96       -0.2031       -0.2268  5410545   11.68%
  52577 48095       -0.2147    74       -0.2031       -0.2268  5434763   11.68%
  53084 48855       -0.2049    58       -0.2031       -0.2268  5537302   11.68%
  53520 49216       -0.2047    48       -0.2031       -0.2268  5584048   11.68%
  54050 49719       -0.2201    77       -0.2031       -0.2268  5649862   11.68%
  54581 50173       -0.2115    70       -0.2031       -0.2268  5692598   11.68%
  55135 50388       -0.2191    82       -0.2031       -0.2268  5725945   11.68%
  55769 51152       -0.2187    69       -0.2031       -0.2268  5806058   11.68%
  56448 51628       -0.2180    72       -0.2031       -0.2268  5853197   11.68%
  57125 52422       -0.2078    45       -0.2031       -0.2268  5924457   11.68%
Elapsed time = 365.61 sec. (415483.11 ticks, tree = 1669.78 MB, solutions = 2)
  57743 52764       -0.2159    79       -0.2031       -0.2268  5970749   11.68%
  58291 53380        cutoff             -0.2031       -0.2268  6013162   11.68%
  58869 53831       -0.2190    70       -0.2031       -0.2268  6075375   11.68%
  59411 54675       -0.2174    70       -0.2031       -0.2268  6178113   11.68%
  60030 55023       -0.2194    80       -0.2031       -0.2268  6219066   11.68%
  60634 55778       -0.2234    72       -0.2031       -0.2268  6293340   11.68%
  61195 56097       -0.2190    76       -0.2031       -0.2268  6341301   11.68%
  61689 56653       -0.2062    49       -0.2031       -0.2268  6397598   11.68%
  62149 57433       -0.2107    74       -0.2031       -0.2268  6484987   11.68%
  62696 57667       -0.2153    76       -0.2031       -0.2268  6513593   11.68%
Elapsed time = 407.00 sec. (453710.81 ticks, tree = 1826.59 MB, solutions = 2)
  63144 58395       -0.2262    85       -0.2031       -0.2268  6609054   11.68%
  63677 58708       -0.2047    65       -0.2031       -0.2268  6659237   11.68%
  64296 59105       -0.2093    44       -0.2031       -0.2268  6701654   11.68%
  64901 59716       -0.2159    67       -0.2031       -0.2268  6759255   11.68%
  65542 60453       -0.2078    53       -0.2031       -0.2268  6839263   11.68%
  66311 60888       -0.2197    74       -0.2031       -0.2268  6888332   11.68%
  67018 61916       -0.2117    68       -0.2031       -0.2268  6972428   11.68%
  67697 62549       -0.2124    45       -0.2031       -0.2268  7039077   11.68%
  68381 63091       -0.2103    64       -0.2031       -0.2268  7092112   11.68%
  68912 63759       -0.2060    78       -0.2031       -0.2268  7170900   11.68%
Elapsed time = 449.97 sec. (491960.45 ticks, tree = 2012.90 MB, solutions = 2)
  69633 64291       -0.2052    42       -0.2031       -0.2268  7214448   11.68%
  70223 64642       -0.2101    48       -0.2031       -0.2268  7261211   11.68%
  70874 65244       -0.2122    50       -0.2031       -0.2268  7319334   11.68%
  71510 66392       -0.2047    50       -0.2031       -0.2268  7432643   11.68%
  72199 66670       -0.2110    58       -0.2031       -0.2268  7463554   11.68%
  72631 67146       -0.2068    30       -0.2031       -0.2268  7511430   11.68%
  73281 68011       -0.2229    74       -0.2031       -0.2268  7597041   11.68%
  73852 68316       -0.2222    71       -0.2031       -0.2268  7626631   11.68%
  74498 69255       -0.2098    49       -0.2031       -0.2268  7728119   11.68%
  75089 69614       -0.2218    76       -0.2031       -0.2268  7766724   11.68%
Elapsed time = 494.36 sec. (530148.55 ticks, tree = 2201.57 MB, solutions = 2)
Nodefile size = 148.39 MB (101.71 MB after compression)
  75704 70264       -0.2234    82       -0.2031       -0.2268  7840618   11.68%
  76316 70920       -0.2199    75       -0.2031       -0.2268  7895381   11.68%
  77020 71707       -0.2052    51       -0.2031       -0.2268  7980181   11.68%
  77556 72132       -0.2128    71       -0.2031       -0.2268  8028047   11.68%
  78214 72603       -0.2109    55       -0.2031       -0.2268  8076338   11.68%
  78848 73213       -0.2062    45       -0.2031       -0.2268  8137173   11.68%
  79474 73837       -0.2049    61       -0.2031       -0.2268  8196441   11.68%
  80134 74271       -0.2148    60       -0.2031       -0.2268  8243016   11.68%
  80761 75084       -0.2109    67       -0.2031       -0.2268  8327643   11.68%
  81376 75795       -0.2035    53       -0.2031       -0.2268  8403695   11.68%
Elapsed time = 538.95 sec. (568353.29 ticks, tree = 2400.43 MB, solutions = 2)
Nodefile size = 347.66 MB (238.30 MB after compression)
  81874 76030       -0.2235    80       -0.2031       -0.2268  8433618   11.68%
  82131 76419       -0.2078    48       -0.2031       -0.2268  8487445   11.68%
  82436 76614       -0.2042    61       -0.2031       -0.2268  8522693   11.68%
  82816 77018       -0.2206    82       -0.2031       -0.2268  8576149   11.68%
  83309 77558       -0.2067    59       -0.2031       -0.2268  8645451   11.68%
  83717 77768       -0.2174    79       -0.2031       -0.2268  8667646   11.68%
  84056 78163       -0.2108    57       -0.2031       -0.2268  8702609   11.68%
  84501 78516       -0.2193    65       -0.2031       -0.2268  8747783   11.68%
  84881 79125       -0.2162    80       -0.2031       -0.2268  8811276   11.68%
  85226 79491       -0.2052    73       -0.2031       -0.2268  8849369   11.68%
Elapsed time = 579.20 sec. (606625.60 ticks, tree = 2519.37 MB, solutions = 2)
Nodefile size = 466.31 MB (319.62 MB after compression)
  85739 79879       -0.2245    81       -0.2031       -0.2268  8893344   11.68%
  86056 80272       -0.2166    78       -0.2031       -0.2268  8947754   11.68%
  86412 80668       -0.2078    52       -0.2031       -0.2268  8989831   11.68%
  86824 80924       -0.2198    70       -0.2031       -0.2268  9020874   11.68%

Mixed integer rounding cuts applied:  8
Gomory fractional cuts applied:  2

Root node processing (before b&c):
  Real time             =    6.39 sec. (5481.54 ticks)
Parallel b&c, 4 threads:
  Real time             =  594.55 sec. (620701.49 ticks)
  Sync time (average)   =   23.54 sec.
  Wait time (average)   =    0.00 sec.
                          ------------
Total (root+branch&cut) =  600.94 sec. (626183.03 ticks)
