Version identifier: 22.2.0.0 | 2026-05-04 | 5dff98e58
CPXPARAM_Read_DataCheck                          1
CPXPARAM_Threads                                 4
CPXPARAM_Parallel                                1
CPXPARAM_RandomSeed                              20260925
CPXPARAM_MIP_Strategy_Search                     1
CPXPARAM_Simplex_Tolerances_Optimality           1.0000000000000001e-09
CPXPARAM_Simplex_Tolerances_Feasibility          1.0000000000000001e-09
CPXPARAM_TimeLimit                               3600
CPXPARAM_MIP_Tolerances_AbsMIPGap                1.0000000000000001e-09
CPXPARAM_MIP_Tolerances_Integrality              1.0000000000000001e-09
Legacy callback                                  iLUD
Lazy constraint(s) or lazy constraint/branch callback is present.
    Disabling dual reductions (CPX_PARAM_REDUCE) in presolve.
    Disabling presolve reductions that prevent crushing forms (CPX_PARAM_PREREFORM).
         Disabling repeat represolve because of lazy constraint/incumbent callback.
Warning: Effort level 'CheckFeas' is incompatible with lazy constraint/incumbent callback.
         Effort level increased to 'SolveFixed'.
1 of 1 MIP starts provided solutions.
MIP start 'm1' defined initial solution with objective 0.0619.
Tried aggregator 1 time.
MIP Presolve eliminated 3106 rows and 0 columns.
MIP Presolve modified 150 coefficients.
Reduced MIP has 1471 rows, 2432 columns, and 14201 nonzeros.
Reduced MIP has 1200 binaries, 0 generals, 0 SOSs, and 0 indicators.
Presolve time = 0.00 sec. (11.50 ticks)
Probing time = 0.00 sec. (0.25 ticks)
MIP emphasis: balance optimality and feasibility.
MIP search method: traditional branch-and-cut.
Parallel mode: deterministic, using up to 4 threads.
Root relaxation solution time = 0.02 sec. (28.89 ticks)

        Nodes                                         Cuts/
   Node  Left     Objective  IInf  Best Integer    Best Bound    ItCnt     Gap         Variable B NodeID Parent  Depth

*     0+    0                            0.0619        0.0000           100.00%
      0     0        0.0522    10        0.0619        0.0522      897   15.65%
      0     0        0.0522    12        0.0619     Covers: 1      901   15.65%
*     0+    0                            0.0567        0.0522             7.88%
      0     0  -1.00000e+75     0        0.0567        0.0522      901    7.88%
      0     2        0.0522    12        0.0567        0.0522      901    7.88%                        0             0
Elapsed time = 0.28 sec. (157.06 ticks, tree = 0.02 MB, solutions = 2)
*     8+    2                            0.0566        0.0523             7.71%
*    13+    1                            0.0566        0.0523             7.71%
*    68+   28                            0.0553        0.0523             5.42%
*    75+   26                            0.0553        0.0523             5.42%
*    83+   30                            0.0553        0.0523             5.42%
*   113+   30                            0.0553        0.0523             5.39%
    162    32        0.0553    22        0.0553        0.0523     3689    5.39%            x504 D    163    159     10
*   251+   30                            0.0553        0.0535             3.09%
*   440+   30                            0.0553        0.0549             0.70%

Cover cuts applied:  4

Root node processing (before b&c):
  Real time             =    0.28 sec. (156.40 ticks)
Parallel b&c, 4 threads:
  Real time             =    1.08 sec. (417.01 ticks)
  Sync time (average)   =    0.11 sec.
  Wait time (average)   =    0.00 sec.
                          ------------
Total (root+branch&cut) =    1.36 sec. (573.41 ticks)
