Version identifier: 22.2.0.0 | 2026-05-04 | 5dff98e58
CPXPARAM_Read_DataCheck                          1
CPXPARAM_Threads                                 4
CPXPARAM_Parallel                                1
CPXPARAM_RandomSeed                              20260925
CPXPARAM_MIP_Strategy_Search                     1
CPXPARAM_Simplex_Tolerances_Optimality           1.0000000000000001e-09
CPXPARAM_Simplex_Tolerances_Feasibility          1.0000000000000001e-09
CPXPARAM_TimeLimit                               600
CPXPARAM_MIP_Tolerances_AbsMIPGap                1.0000000000000001e-09
CPXPARAM_MIP_Tolerances_Integrality              1.0000000000000001e-09
Legacy callback                                  iLUD
Lazy constraint(s) or lazy constraint/branch callback is present.
    Disabling dual reductions (CPX_PARAM_REDUCE) in presolve.
    Disabling presolve reductions that prevent crushing forms (CPX_PARAM_PREREFORM).
         Disabling repeat represolve because of lazy constraint/incumbent callback.
Warning: Effort level 'CheckFeas' is incompatible with lazy constraint/incumbent callback.
         Effort level increased to 'SolveFixed'.
1 of 1 MIP starts provided solutions.
MIP start 'm1' defined initial solution with objective 0.0282.
Tried aggregator 1 time.
MIP Presolve eliminated 1353 rows and 0 columns.
Reduced MIP has 1617 rows, 2360 columns, and 18195 nonzeros.
Reduced MIP has 1164 binaries, 0 generals, 0 SOSs, and 0 indicators.
Presolve time = 0.02 sec. (12.31 ticks)
Probing time = 0.00 sec. (0.30 ticks)
MIP emphasis: balance optimality and feasibility.
MIP search method: traditional branch-and-cut.
Parallel mode: deterministic, using up to 4 threads.
Root relaxation solution time = 0.03 sec. (42.19 ticks)

        Nodes                                         Cuts/
   Node  Left     Objective  IInf  Best Integer    Best Bound    ItCnt     Gap         Variable B NodeID Parent  Depth

*     0+    0                            0.0282        0.0000           100.00%
      0     0        0.0263    38        0.0282        0.0263     1089    6.58%
*     0+    0                            0.0274        0.0263             3.91%
      0     0  -1.00000e+75     0        0.0274        0.0263     1089    3.91%
      0     2        0.0263    38        0.0274        0.0263     1089    3.91%                        0             0
Elapsed time = 0.41 sec. (389.47 ticks, tree = 0.02 MB, solutions = 2)
*    10+    3                            0.0273        0.0266             2.59%
*    11+    1                            0.0273        0.0266             2.59%
*    12+    1                            0.0273        0.0266             2.47%
     27    14        0.0268    35        0.0273        0.0266     2162    2.47%            x825 D     17      9      6
    143    57        0.0269    17        0.0273        0.0266     9053    2.41%            x828 D    178    174     16
    290   115        0.0269    24        0.0273        0.0267    15279    2.06%            x845 D    243    239     15
    447   191        cutoff              0.0273        0.0268    25757    1.88%             x33 D    345    285     13
    654   350        0.0270    31        0.0273        0.0268    33986    1.76%            x818 U    659    655      8
    848   411        0.0273    19        0.0273        0.0268    43933    1.67%            x820 U    938    934     21
   1108   532        0.0271    20        0.0273        0.0269    55726    1.59%            x846 U   1025   1021     18
   1351   651        cutoff              0.0273        0.0269    66075    1.48%            x823 U   1383   1379     25
*  1529+  811                            0.0273        0.0269             1.33%
   1586   852        0.0270    18        0.0273        0.0269    75917    1.32%            x827 D   1465   1457     18
   2733  1314        0.0272     8        0.0273        0.0270   117651    1.05%            x697 U   2908   2900     28
Elapsed time = 5.66 sec. (3500.50 ticks, tree = 1.46 MB, solutions = 7)
   4138  2006        0.0272    10        0.0273        0.0270   167290    0.89%            x722 U   4039   4031     43
   5770  2863        0.0271    14        0.0273        0.0271   218208    0.78%            x470 D   5701   5697     27
   7338  3434        0.0272    15        0.0273        0.0271   267705    0.72%           x1027 U   7336   7332     24
   8725  3979        0.0271     6        0.0273        0.0271   315513    0.66%            x459 U   8808   8676     30
  10255  5013        cutoff              0.0273        0.0271   371670    0.66%            x501 U  10746  10738     49
  11854  6068        0.0271    11        0.0273        0.0271   429204    0.66%            x710 D  12001  11997     43
  13338  6891        0.0271    14        0.0273        0.0271   486152    0.66%             x98 D  12767  12763     33
  14922  7669        0.0272     5        0.0273        0.0271   531658    0.66%            x481 U  14997  14993     57
  16600  8887        0.0271     9        0.0273        0.0271   591736    0.65%            x716 D  15995  15991     42
  17690  9359        cutoff              0.0273        0.0271   645132    0.65%            x489 U  18422   8480     35
Elapsed time = 28.05 sec. (13047.15 ticks, tree = 10.29 MB, solutions = 7)
  18811  9585        0.0271    11        0.0273        0.0271   709318    0.65%            x910 D  18211  18207     36
  20186 10099        cutoff              0.0273        0.0271   763703    0.63%            x745 D  20734  20730     64
  21806 11254        cutoff              0.0273        0.0271   826359    0.63%            x104 U  21235  12767     34
  23477 12244        0.0272    10        0.0273        0.0271   877727    0.62%            x676 D  24326  24322     56
  25201 13000        0.0271    11        0.0273        0.0271   914095    0.62%            x718 D  24820  24816     47
  26917 14141        0.0272     4        0.0273        0.0271   969047    0.61%            x674 D  27922  27918     64
  28434 15002        0.0272    10        0.0273        0.0271  1031133    0.61%            x506 D  28068  28064     66
  30082 15891        0.0271     9        0.0273        0.0271  1094811    0.61%             x35 U  30974  30970     42
  31763 16624        cutoff              0.0273        0.0271  1141787    0.61%            x865 U  30735  30727     46
  33542 17877        0.0272     4        0.0273        0.0271  1205308    0.61%            x686 D  33404  33400     69
Elapsed time = 53.31 sec. (22587.37 ticks, tree = 19.98 MB, solutions = 7)
  35535 18884        cutoff              0.0273        0.0271  1246409    0.61%             x94 U  36165  36157     33
  37406 20383        0.0271    10        0.0273        0.0271  1295582    0.61%            x106 D  36327  36323     28
  38782 21214        0.0272     9        0.0273        0.0271  1344265    0.61%           x1136 D  39290  39286     50
  39893 21800        cutoff              0.0273        0.0271  1404966    0.61%            x105 U  40016  40012     38
  41310 22271        0.0272     9        0.0273        0.0271  1457526    0.61%            x338 D  41336  41332     49
  43214 23227        cutoff              0.0273        0.0271  1498475    0.60%            x868 D  43260  43256     59
  44889 24396        cutoff              0.0273        0.0271  1551166    0.60%            x220 U  45250  45242     41
  46684 25845        0.0272     6        0.0273        0.0271  1602033    0.60%            x220 D  45275  45271     49
  48396 26639        0.0272     4        0.0273        0.0271  1636188    0.60%           x1154 D  48853  48849     60
  50197 27945        0.0272     9        0.0273        0.0271  1695348    0.60%            x357 D  50382  50378     58
Elapsed time = 77.66 sec. (32126.25 ticks, tree = 30.70 MB, solutions = 7)
  51909 29071        cutoff              0.0273        0.0271  1746027    0.60%            x434 U  52365  52353     49
  53714 29888        cutoff              0.0273        0.0271  1779498    0.59%            x219 D  52251  52247     78
  55418 31043        cutoff              0.0273        0.0271  1828458    0.59%            x506 U  55646  55530     33
  56732 31779        0.0272     4        0.0273        0.0271  1880968    0.59%            x686 D  57253  57249     67
  58060 32394        0.0272     8        0.0273        0.0271  1930606    0.59%            x679 D  58549  58545     48
  59528 33402        0.0271     9        0.0273        0.0271  1982744    0.59%            x716 D  60232  60228     52
  61031 34418        0.0271    12        0.0273        0.0271  2038578    0.59%            x703 D  61581  61577     35
  62453 35015        0.0271    10        0.0273        0.0271  2089060    0.58%            x466 U  62989  62985     31
  63683 35571        0.0272    10        0.0273        0.0271  2130150    0.58%            x715 U  64948  64940     43
  65417 36136        0.0272     5        0.0273        0.0271  2168420    0.57%            x112 D  63803  63799     37
Elapsed time = 102.84 sec. (41673.46 ticks, tree = 40.87 MB, solutions = 7)
  67432 37985        cutoff              0.0273        0.0271  2219195    0.57%            x219 U  65391  65383     48
  69586 39648        cutoff              0.0273        0.0271  2250009    0.57%            x112 U  67755  67747     63
  72124 41900        0.0271    11        0.0273        0.0271  2290336    0.57%            x706 D  72417  72413     54
  74570 43867        0.0271    13        0.0273        0.0271  2324877    0.57%            x472 D  75057  75053     35
  77279 45779        0.0272     9        0.0273        0.0271  2354521    0.57%            x744 U  75523  75519     48
  79601 48077        0.0272     6        0.0273        0.0271  2392313    0.57%           x1144 D  79721  79717     58
  81909 50208        0.0271    13        0.0273        0.0271  2441008    0.57%            x513 D  82002  81998     37
  83178 51016        cutoff              0.0273        0.0271  2484750    0.57%            x507 U  84324  83660     37
  84237 51276        cutoff              0.0273        0.0271  2538893    0.56%            x236 U  85536  85528     82
  85216 51218        cutoff              0.0273        0.0271  2605086    0.56%            x909 U  85386  11335     40
Elapsed time = 129.45 sec. (51217.96 ticks, tree = 56.90 MB, solutions = 7)
  86251 51271        cutoff              0.0273        0.0271  2666659    0.56%            x711 U  86562  17897     43
  87682 51757        cutoff              0.0273        0.0271  2717255    0.56%            x442 U  89072  12832     39
  88943 52270        cutoff              0.0273        0.0271  2775221    0.55%            x859 U  89186  89178     40
  90170 52471        0.0271     7        0.0273        0.0271  2811945    0.55%            x718 U  88483   7420     39
  91627 53309        0.0272     4        0.0273        0.0271  2887159    0.55%           x1142 D  93020  93016     58
  93015 53719        0.0272     9        0.0273        0.0271  2925076    0.55%            x692 D  91399  91395     64
  94669 54540        cutoff              0.0273        0.0271  2977144    0.55%            x691 U  92931  92923     50
  96455 55539        0.0271    10        0.0273        0.0271  3021432    0.55%            x483 U  97532  97528     37
  98275 56725        0.0272     8        0.0273        0.0271  3077161    0.55%            x673 D  99256  99252     50
  99879 57802        0.0272     9        0.0273        0.0271  3143031    0.55%            x428 D  99873  99869     48
Elapsed time = 149.02 sec. (60766.63 ticks, tree = 64.02 MB, solutions = 7)
 101460 58428        0.0271    13        0.0273        0.0271  3183134    0.54%            x482 D 102118  26109     32
 103072 59350        0.0272    10        0.0273        0.0271  3227455    0.54%            x738 D 103253 103245     53
 104850 60417        cutoff              0.0273        0.0271  3272168    0.54%            x846 U 103107 103099     64
 106745 61774        cutoff              0.0273        0.0271  3332393    0.54%            x338 U 107398 107386     62
 108590 62619        0.0272     7        0.0273        0.0271  3380629    0.54%             x98 D 106999 106991     46
 110488 63817        0.0271     8        0.0273        0.0271  3434609    0.54%             x35 U 108927 108923     47
 112406 65152        cutoff              0.0273        0.0271  3496887    0.54%            x110 U 112389 112381     46
 114490 66290        0.0272    11        0.0273        0.0271  3536246    0.54%            x477 U 114964 114960     38
 116247 67587        0.0272     6        0.0273        0.0271  3591742    0.54%            x840 D 116592 116588     46
 117964 68291        0.0272     5        0.0273        0.0271  3623455    0.54%            x688 D 118268 118264     43
Elapsed time = 172.78 sec. (70310.68 ticks, tree = 78.04 MB, solutions = 7)
 120328 69829        0.0271     7        0.0273        0.0271  3669481    0.53%            x909 D 120456 120452     44
 122175 71765        0.0272    12        0.0273        0.0271  3730322    0.53%            x468 U 122561 122557     53
 123767 72737        0.0272    12        0.0273        0.0271  3789028    0.53%            x510 U 124057 124053     42
 125254 73308        0.0272     8        0.0273        0.0271  3822138    0.53%            x846 D 125705 125701     46
 127084 74178        cutoff              0.0273        0.0271  3862598    0.53%            x865 D 126692 126688     44
 128790 75749        cutoff              0.0273        0.0271  3929511    0.53%            x747 D 129561 129557     84
 130560 76631        0.0272    12        0.0273        0.0271  3963692    0.53%            x492 U 129728 129724     40
 132210 77862        cutoff              0.0273        0.0271  4016685    0.53%            x219 D 131508 131504     59
 133586 78648        cutoff              0.0273        0.0271  4070944    0.52%            x513 U 134674  81416     40
 134958 79142        cutoff              0.0273        0.0271  4112960    0.52%            x441 U 134468  82217     45
Elapsed time = 199.09 sec. (79853.00 ticks, tree = 89.83 MB, solutions = 7)
 136525 79748        cutoff              0.0273        0.0271  4163405    0.52%            x500 U 136937  34401     50
 137980 80572        cutoff              0.0273        0.0271  4213437    0.52%             x93 U 136931 136927     44
 139265 81355        cutoff              0.0273        0.0271  4283732    0.52%            x512 U 139701  41189     49
 140630 81551        0.0272     5        0.0273        0.0271  4335303    0.52%            x670 D 140004 140000     41
 142338 82474        0.0272     7        0.0273        0.0271  4389163    0.52%             x99 D 143250 143242     44
 143971 83528        0.0272    14        0.0273        0.0271  4447248    0.51%            x492 D 144786 144782     41
 145693 84084        cutoff              0.0273        0.0271  4474821    0.51%             x94 U 145857  66249     34
 147544 85078        cutoff              0.0273        0.0271  4526205    0.51%            x726 D 147039 147035     51
 149487 86724        0.0272     5        0.0273        0.0271  4584732    0.51%            x702 U 149309 149305     36
 156430 91000        0.0272     9        0.0273        0.0271  4762940    0.50%            x355 D 156356 156352     49
Elapsed time = 232.11 sec. (92259.59 ticks, tree = 102.60 MB, solutions = 7)
 164794 96215        0.0272     9        0.0273        0.0271  4937132    0.50%            x448 D 164519 164515     38
 172292 101436        0.0272    10        0.0273        0.0271  5124043    0.49%            x723 U 172630  80333     42
 176327 102881        cutoff              0.0273        0.0271  5361323    0.49%            x840 U 176886 176878     42
 183115 106560        0.0272    11        0.0273        0.0271  5582850    0.49%            x504 D 182876 182868     44
 190941 110529        0.0272     9        0.0273        0.0271  5750171    0.49%            x110 D 191822 191818     59
 198641 115267        0.0272     8        0.0273        0.0271  5950441    0.48%            x534 D 199817 199813     61
 206233 119997        0.0273     4        0.0273        0.0271  6137565    0.48%           x1143 D 206978 206974     70
 213295 124420        0.0272     8        0.0273        0.0271  6345590    0.48%            x702 D 214166 214162     49
 219922 128161        0.0271    11        0.0273        0.0271  6539868    0.48%            x492 D 220319 220311     39
 226685 131909        0.0272     7        0.0273        0.0271  6743812    0.48%            x522 D 228046 228042     53
Elapsed time = 315.94 sec. (130411.78 ticks, tree = 146.65 MB, solutions = 7)
 234339 136691        0.0272    13        0.0273        0.0271  6954977    0.48%            x774 U 232112 232100     44
 241206 140547        0.0272     6        0.0273        0.0271  7136170    0.47%           x1138 D 238752 238748     52
 250920 147380        0.0272     6        0.0273        0.0271  7300786    0.47%            x430 D 250607 250599     54
 260482 153724        0.0272     5        0.0273        0.0271  7443588    0.47%            x528 U 257912 257908     34
 270102 161297        0.0272     6        0.0273        0.0271  7618640    0.47%             x94 D 271694 271690     36
 278081 166133        0.0272    11        0.0273        0.0271  7788109    0.47%            x441 D 279333 279329     44
 285690 171262        0.0271    10        0.0273        0.0271  7978656    0.46%            x546 D 284783 278196     39
 294951 177792        0.0272     5        0.0273        0.0271  8150749    0.46%            x688 D 294599 294595     41
 305353 185971        0.0272    10        0.0273        0.0271  8316877    0.46%            x106 D 306458 306454     40
 315738 193377        0.0272     5        0.0273        0.0271  8467835    0.46%            x702 U 315323 315319     46
Elapsed time = 418.11 sec. (168563.50 ticks, tree = 219.00 MB, solutions = 7)
 324656 199766        0.0272     6        0.0273        0.0271  8643849    0.46%            x430 D 324179 324175     49
 333493 205349        0.0272     5        0.0273        0.0271  8798752    0.46%            x676 D 330752 330748     47
 342419 211472        0.0272     6        0.0273        0.0271  8972064    0.46%             x94 D 341783 341779     38
 351278 217087        0.0272     5        0.0273        0.0271  9144115    0.45%            x702 U 352670 352666     44
 359369 222800        0.0271     9        0.0273        0.0271  9308404    0.45%            x702 D 362565 271127     37
 367130 227459        0.0272    12        0.0273        0.0271  9498975    0.45%            x692 D 364220 364216     67
 376029 233141        0.0272     6        0.0273        0.0271  9666540    0.45%            x340 D 377742 377738     43
 384519 239296        0.0272    10        0.0273        0.0271  9845294    0.45%            x726 D 380184 380180     69
 392691 244622        0.0272     6        0.0273        0.0271 10016476    0.45%            x106 D 394302 394298     39
 401449 250843        0.0272     6        0.0273        0.0271 10198779    0.45%            x448 D 400127 400123     53
Elapsed time = 529.61 sec. (206714.25 ticks, tree = 282.84 MB, solutions = 7)
 409353 256172        cutoff              0.0273        0.0271 10381405    0.45%            x441 U 405072 405064     56
 411865 257546        cutoff              0.0273        0.0271 10498303    0.44%            x907 U 412818 121835     49
 413399 258284        0.0272     6        0.0273        0.0271 10521895    0.44%            x106 D 411603 411599     43
 414611 259227    infeasible              0.0273        0.0271 10558181    0.44%            x474 U 412851 412847     49
 415806 259921        cutoff              0.0273        0.0271 10599920    0.44%            x507 U 418830 100537     39
 417300 260500        cutoff              0.0273        0.0271 10634723    0.44%            x868 D 411204 411200     44
 418499 261145        0.0272     6        0.0273        0.0271 10670835    0.44%            x100 D 412000 411996     48
 419499 261728        0.0272     5        0.0273        0.0271 10694099    0.44%            x112 D 423602 423598     42
 421878 263067        0.0272     6        0.0273        0.0271 10729666    0.44%            x106 D 426229 426221     45
 425699 265462        0.0272     6        0.0273        0.0271 10786395    0.44%           x1144 D 430001 429997     60
Elapsed time = 585.95 sec. (245360.02 ticks, tree = 298.40 MB, solutions = 7)
 429524 268711        0.0272     6        0.0273        0.0271 10865864    0.44%            x106 D 428463 428459     44
 432991 271300        0.0272     5        0.0273        0.0271 10930368    0.44%            x676 D 437473 437469     51

Cover cuts applied:  5

Root node processing (before b&c):
  Real time             =    0.41 sec. (388.62 ticks)
Parallel b&c, 4 threads:
  Real time             =  599.62 sec. (254424.10 ticks)
  Sync time (average)   =   32.21 sec.
  Wait time (average)   =    0.00 sec.
                          ------------
Total (root+branch&cut) =  600.03 sec. (254812.72 ticks)
