Version identifier: 22.2.0.0 | 2026-05-04 | 5dff98e58
CPXPARAM_Read_DataCheck                          1
CPXPARAM_Threads                                 4
CPXPARAM_Parallel                                1
CPXPARAM_RandomSeed                              20260925
CPXPARAM_MIP_Strategy_Search                     1
CPXPARAM_Simplex_Tolerances_Optimality           1.0000000000000001e-09
CPXPARAM_Simplex_Tolerances_Feasibility          1.0000000000000001e-09
CPXPARAM_TimeLimit                               180
CPXPARAM_MIP_Tolerances_AbsMIPGap                1.0000000000000001e-09
CPXPARAM_MIP_Tolerances_Integrality              1.0000000000000001e-09
Legacy callback                                  iLUD
Lazy constraint(s) or lazy constraint/branch callback is present.
    Disabling dual reductions (CPX_PARAM_REDUCE) in presolve.
    Disabling presolve reductions that prevent crushing forms (CPX_PARAM_PREREFORM).
         Disabling repeat represolve because of lazy constraint/incumbent callback.
Warning: Effort level 'CheckFeas' is incompatible with lazy constraint/incumbent callback.
         Effort level increased to 'SolveFixed'.
1 of 1 MIP starts provided solutions.
MIP start 'm1' defined initial solution with objective 0.0146.
Tried aggregator 1 time.
MIP Presolve eliminated 1 rows and 0 columns.
MIP Presolve modified 4149 coefficients.
Reduced MIP has 1269 rows, 1232 columns, and 642955 nonzeros.
Reduced MIP has 1200 binaries, 0 generals, 0 SOSs, and 0 indicators.
Presolve time = 0.17 sec. (170.66 ticks)
Probing time = 0.02 sec. (8.20 ticks)
MIP emphasis: balance optimality and feasibility.
MIP search method: traditional branch-and-cut.
Parallel mode: deterministic, using up to 4 threads.
Root relaxation solution time = 0.08 sec. (69.46 ticks)

        Nodes                                         Cuts/
   Node  Left     Objective  IInf  Best Integer    Best Bound    ItCnt     Gap         Variable B NodeID Parent  Depth

*     0+    0                            0.0146        0.0000           100.00%
      0     0        0.0057     2        0.0146        0.0051       63   65.20%
*     0+    0                            0.0087        0.0057            34.99%
*     0+    0                            0.0077        0.0057            26.47%
*     0+    0                            0.0072        0.0057            21.13%
*     0+    0                            0.0070        0.0057            18.93%
      0     0  -1.00000e+75     0        0.0070        0.0057       63   18.93%
      0     2        0.0068     2        0.0070        0.0057       63   18.93%                        0             0
Elapsed time = 1.78 sec. (1413.72 ticks, tree = 0.02 MB, solutions = 5)
*     2     1      integral     0        0.0068        0.0068       65    0.02%
      3     2  -1.00000e+75     0        0.0068        0.0068       66    0.02%
      3     2        0.0068     0        0.0068        0.0068       66    0.02%            x573 D      8      4      2

User cuts applied:  56

Root node processing (before b&c):
  Real time             =    1.70 sec. (1408.18 ticks)
Parallel b&c, 4 threads:
  Real time             =    0.61 sec. (252.52 ticks)
  Sync time (average)   =    0.15 sec.
  Wait time (average)   =    0.00 sec.
                          ------------
Total (root+branch&cut) =    2.31 sec. (1660.70 ticks)
