Version identifier: 22.2.0.0 | 2026-05-04 | 5dff98e58
CPXPARAM_Read_DataCheck                          1
CPXPARAM_Threads                                 4
CPXPARAM_Parallel                                1
CPXPARAM_RandomSeed                              20260925
CPXPARAM_Simplex_Tolerances_Optimality           1.0000000000000001e-09
CPXPARAM_Simplex_Tolerances_Feasibility          1.0000000000000001e-09
CPXPARAM_TimeLimit                               600
CPXPARAM_MIP_Tolerances_AbsMIPGap                1.0000000000000001e-09
CPXPARAM_MIP_Tolerances_Integrality              1.0000000000000001e-09
Legacy callback                                  i
1 of 5 MIP starts provided solutions.
MIP start 'm1' defined initial solution with objective 0.0603.
Tried aggregator 1 time.
MIP Presolve eliminated 3105 rows and 2 columns.
MIP Presolve modified 3125 coefficients.
Reduced MIP has 3889 rows, 4830 columns, and 38472 nonzeros.
Reduced MIP has 1200 binaries, 0 generals, 0 SOSs, and 0 indicators.
Presolve time = 0.03 sec. (36.07 ticks)
Probing time = 0.00 sec. (0.57 ticks)
Tried aggregator 1 time.
Detecting symmetries...
MIP Presolve modified 120 coefficients.
Reduced MIP has 3889 rows, 4830 columns, and 38472 nonzeros.
Reduced MIP has 1200 binaries, 0 generals, 0 SOSs, and 0 indicators.
Presolve time = 0.02 sec. (21.07 ticks)
Probing time = 0.00 sec. (0.65 ticks)
MIP emphasis: balance optimality and feasibility.
MIP search method: dynamic search.
Parallel mode: deterministic, using up to 4 threads.
Root relaxation solution time = 0.14 sec. (187.01 ticks)

        Nodes                                         Cuts/
   Node  Left     Objective  IInf  Best Integer    Best Bound    ItCnt     Gap

*     0+    0                            0.0603        0.0000           100.00%
      0     0        0.0519    45        0.0603        0.0519     2817   13.84%
      0     0        0.0519    32        0.0603   MIRcuts: 35     2965   13.84%
      0     0        0.0519    42        0.0603   MIRcuts: 20     3175   13.84%
      0     0        0.0519    34        0.0603   MIRcuts: 18     3317   13.84%
      0     0        0.0519    33        0.0603    MIRcuts: 6     3351   13.84%
*     0+    0                            0.0584        0.0519            11.08%
*     0+    0                            0.0584        0.0519            11.08%
*     0+    0                            0.0584        0.0519            11.08%
*     0+    0                            0.0584        0.0519            11.08%
*     0+    0                            0.0582        0.0519            10.78%
      0     0  -1.00000e+75     0        0.0582        0.0519     3351   10.78%
      0     2        0.0519    33        0.0582        0.0519     3351   10.78%
Elapsed time = 1.73 sec. (1686.93 ticks, tree = 0.02 MB, solutions = 6)
     23    22        0.0520    36        0.0582        0.0519     5115   10.78%
     84    69        0.0534    30        0.0582        0.0519     9421   10.78%
    128   112        0.0527    17        0.0582        0.0519    13433   10.78%
    159   140        0.0535    26        0.0582        0.0519    15965   10.78%
    205   163        0.0520    35        0.0582        0.0519    19850   10.78%
    232   187        0.0523    39        0.0582        0.0519    31088   10.78%
    261   200        0.0523    34        0.0582        0.0519    34969   10.78%
    282   230        0.0525    24        0.0582        0.0519    39679   10.78%
    309   240        cutoff              0.0582        0.0519    44314   10.78%
*   390+  269                            0.0582        0.0519            10.78%
    487   334        cutoff              0.0582        0.0519    61211   10.78%
Elapsed time = 4.34 sec. (4910.22 ticks, tree = 3.12 MB, solutions = 7)
    716   505        0.0540    42        0.0582        0.0519    87627   10.77%
    890   629        0.0519    34        0.0582        0.0519   105902   10.77%
   1046   777        0.0519    34        0.0582        0.0519   128580   10.77%
   1270   933        0.0533    35        0.0582        0.0519   155717   10.77%
   1453  1029        0.0529    32        0.0582        0.0519   174824   10.77%
   1663  1160        0.0521    37        0.0582        0.0519   207824   10.77%
   1814  1277        0.0525    34        0.0582        0.0519   231222   10.77%
   1990  1390        0.0524    34        0.0582        0.0520   263810   10.72%
   2096  1427        0.0523    45        0.0582        0.0520   284398   10.72%
   2236  1542    infeasible              0.0582        0.0520   319563   10.72%
Elapsed time = 11.12 sec. (14504.28 ticks, tree = 7.67 MB, solutions = 7)
   2374  1600        0.0523    36        0.0582        0.0520   339420   10.72%

Performing restart 1

Repeating presolve.
Tried aggregator 1 time.
Reduced MIP has 3889 rows, 4830 columns, and 38472 nonzeros.
Reduced MIP has 1200 binaries, 0 generals, 0 SOSs, and 0 indicators.
Presolve time = 0.02 sec. (11.55 ticks)
Tried aggregator 1 time.
Reduced MIP has 3889 rows, 4830 columns, and 38472 nonzeros.
Reduced MIP has 1200 binaries, 0 generals, 0 SOSs, and 0 indicators.
Presolve time = 0.00 sec. (21.28 ticks)
Represolve time = 0.05 sec. (42.60 ticks)
*  2422+    0                            0.0582        0.0520            10.72%
   2422     0        0.0519    49        0.0582      Cuts: 33   365655   10.72%
   2422     0        0.0519    60        0.0582      Cuts: 19   365871   10.72%
   2422     0        0.0519    42        0.0582    MIRcuts: 8   365929   10.72%
   2422     0        0.0519    43        0.0582       Cuts: 7   366011   10.72%
*  2422+    0                            0.0582        0.0520            10.71%
   2422     0        0.0519    40        0.0582      Cuts: 10   366065   10.71%
   2422     0        0.0519    42        0.0582       Cuts: 9   366192   10.71%
   2422     2        0.0519    35        0.0582        0.0520   366192   10.71%
   2437    14        0.0527    36        0.0582        0.0520   368114   10.71%
*  2442+    2                            0.0582        0.0520            10.71%
   2511    61        0.0521    29        0.0582        0.0521   379152   10.50%
   2718   125        0.0525    29        0.0582        0.0521   389965   10.50%
   2888   276        0.0530    27        0.0582        0.0521   413231   10.47%
   3099   416        0.0535    46        0.0582        0.0522   434944   10.36%
   3205   485    infeasible              0.0582        0.0522   455825   10.29%
   3342   514        0.0524    37        0.0582        0.0522   469778   10.28%
   3509   612        0.0533    42        0.0582        0.0522   490293   10.21%
Elapsed time = 24.55 sec. (31147.99 ticks, tree = 1.42 MB, solutions = 11)
   3653   748        0.0530    30        0.0582        0.0523   515807   10.15%
   3815   814        0.0532    34        0.0582        0.0523   537680   10.14%
   3931   833        0.0538    42        0.0582        0.0523   566722   10.14%
   4041   854        0.0529    36        0.0582        0.0524   582634    9.99%
   4139   865    infeasible              0.0582        0.0524   606626    9.88%
   4264   908        0.0527    39        0.0582        0.0525   638194    9.85%
   4402   958        0.0537    45        0.0582        0.0525   658435    9.83%
   4515  1000        cutoff              0.0582        0.0525   688984    9.79%
   4588   979        0.0526    45        0.0582        0.0525   717337    9.76%
   4686   993        cutoff              0.0582        0.0525   737568    9.74%
Elapsed time = 31.45 sec. (40758.49 ticks, tree = 1.96 MB, solutions = 11)
   4823   916        0.0527    38        0.0582        0.0526   774444    9.69%
   4936   901        0.0536    40        0.0582        0.0526   798456    9.66%
   5014   899    infeasible              0.0582        0.0526   826493    9.63%
   5142   910        0.0532    35        0.0582        0.0527   852454    9.46%
   5278   877        cutoff              0.0582        0.0527   889293    9.40%
   5466   820        cutoff              0.0582        0.0528   917742    9.32%
   5627   781    infeasible              0.0582        0.0528   944129    9.27%
*  5765+  861                            0.0582        0.0528             9.23%
*  5823+  893                            0.0582        0.0529             9.15%
   5831   856        0.0549    25        0.0582        0.0529   967912    9.15%
   6016   944        0.0554     7        0.0582        0.0529   988266    9.02%
*  6198+ 1006                            0.0580        0.0529             8.69%
*  6199+ 1006                            0.0580        0.0529             8.69%
   6247   989        0.0542    36        0.0580        0.0529  1023947    8.69%
Elapsed time = 38.52 sec. (50347.77 ticks, tree = 2.23 MB, solutions = 15)
*  6481+ 1151                            0.0576        0.0530             8.10%
   6530  1097        0.0533    43        0.0576        0.0530  1030184    8.10%
   6685  1233        0.0533    36        0.0576        0.0530  1064285    8.08%
   6876  1278        cutoff              0.0576        0.0530  1077938    8.02%
*  6936+ 1274                            0.0575        0.0530             7.74%
   7085  1372        0.0552    30        0.0575        0.0530  1113886    7.70%
   7263  1388        cutoff              0.0575        0.0530  1137217    7.68%
   7415  1427        0.0549    21        0.0575        0.0530  1164784    7.67%
   7596  1417        0.0549    25        0.0575        0.0531  1188860    7.65%
   7785  1523        0.0542    26        0.0575        0.0531  1218385    7.63%
   7980  1614        0.0549    23        0.0575        0.0532  1244447    7.44%
   8191  1700        0.0536    43        0.0575        0.0532  1280577    7.43%
Elapsed time = 45.39 sec. (59954.60 ticks, tree = 3.31 MB, solutions = 19)
   8363  1777        0.0548    32        0.0575        0.0532  1299241    7.42%
   8631  1824        0.0554    26        0.0575        0.0532  1315015    7.38%
   8935  2122        0.0546    36        0.0575        0.0533  1353157    7.29%
   9168  2206        0.0542    31        0.0575        0.0533  1359147    7.24%
   9411  2386        0.0553    36        0.0575        0.0533  1387781    7.24%
*  9528+ 2468                            0.0574        0.0533             7.09%
   9622  2572        0.0541    41        0.0574        0.0533  1415643    7.09%
*  9677+ 2658                            0.0568        0.0533             6.21%
*  9686+ 2658                            0.0567        0.0533             5.97%
*  9691+ 2658                            0.0567        0.0533             5.97%
*  9692+ 2658                            0.0567        0.0533             5.97%
*  9695+ 2658                            0.0567        0.0533             5.94%
*  9695+ 2658                            0.0567        0.0533             5.94%
   9803  2660        0.0540    39        0.0567        0.0533  1439658    5.94%
  10015  2654        0.0550    35        0.0567        0.0533  1460177    5.94%
  10199  2608        cutoff              0.0567        0.0533  1499707    5.94%
* 10362  2730      integral     0        0.0563        0.0533  1505932    5.31%
  10419  2674        cutoff              0.0563        0.0533  1531421    5.29%
Elapsed time = 52.69 sec. (69558.90 ticks, tree = 5.01 MB, solutions = 27)
* 10587+ 2679                            0.0556        0.0533             4.09%
* 10587+ 2679                            0.0556        0.0533             4.04%
  10596  2441        cutoff              0.0556        0.0533  1550353    4.04%
  10849  2500        0.0547    26        0.0556        0.0534  1575979    3.95%
  11125  2553        0.0545    23        0.0556        0.0534  1593220    3.94%
  11343  2716        0.0555    30        0.0556        0.0536  1625183    3.59%
* 11486  2749      integral     0        0.0555        0.0536  1626756    3.49%
  11551  2827        0.0542    36        0.0555        0.0537  1662530    3.39%
  11788  2866        cutoff              0.0555        0.0537  1677172    3.39%
* 11789+ 2881                            0.0555        0.0537             3.36%
  11989  2830        cutoff              0.0555        0.0537  1699655    3.34%
  12118  2866        0.0550    36        0.0555        0.0537  1739248    3.33%
  12302  2704        cutoff              0.0555        0.0538  1802352    3.03%
  12628  2694        0.0553    23        0.0555        0.0539  1809867    2.91%
Elapsed time = 59.94 sec. (79206.07 ticks, tree = 4.92 MB, solutions = 35)
  12967  2849        0.0554    10        0.0555        0.0540  1820587    2.73%
  13325  2995        0.0552    33        0.0555        0.0541  1835412    2.63%
  13589  3078        0.0552    32        0.0555        0.0541  1838841    2.59%
  13873  3318        cutoff              0.0555        0.0542  1888196    2.43%
  14144  3367        cutoff              0.0555        0.0542  1933126    2.42%
  14429  3263    infeasible              0.0555        0.0542  1963571    2.42%
* 14563+ 3312                            0.0555        0.0542             2.42%
* 14729+ 3112                            0.0555        0.0542             2.32%
  14738  3076        cutoff              0.0555        0.0542  1992171    2.32%
* 14820+ 3127                            0.0555        0.0543             2.18%
  15142  2968        0.0554     3        0.0555        0.0544  2015752    2.10%
  15635  3292        0.0548     5        0.0555        0.0544  2031559    2.06%
  16128  3277        cutoff              0.0555        0.0544  2034418    2.05%
Elapsed time = 66.70 sec. (88759.25 ticks, tree = 5.86 MB, solutions = 38)
  16606  3778        0.0548    23        0.0555        0.0545  2056354    1.90%
  17058  3976        0.0546    19        0.0555        0.0545  2068161    1.90%
  17503  4390        0.0548    12        0.0555        0.0545  2098076    1.83%
  17899  4763        0.0547    21        0.0555        0.0545  2131638    1.82%
  18317  4807        cutoff              0.0555        0.0545  2138863    1.82%
  18738  5155        0.0547    23        0.0555        0.0545  2175497    1.82%
  19227  5234        0.0547    23        0.0555        0.0545  2181891    1.82%
  19588  5545        0.0547    27        0.0555        0.0545  2209886    1.82%
  20036  5765        0.0548    11        0.0555        0.0545  2237313    1.82%
  21661  6578        0.0548    25        0.0555        0.0545  2334873    1.82%
Elapsed time = 75.16 sec. (101179.88 ticks, tree = 12.09 MB, solutions = 38)
  23194  7334        cutoff              0.0555        0.0545  2478786    1.82%
  24760  8067        0.0548    11        0.0555        0.0545  2584810    1.82%
  26044  8556        0.0548    10        0.0555        0.0545  2668255    1.82%
  26730  8754        0.0548    15        0.0555        0.0545  2739760    1.82%
  27392  8923        0.0548    22        0.0555        0.0545  2812589    1.82%
  28083  8992        0.0548    14        0.0555        0.0545  2857861    1.82%
  28766  9320        0.0548    30        0.0555        0.0545  2940077    1.82%
* 29153+ 8546                            0.0555        0.0545             1.82%
  29417  9549        0.0548    26        0.0555        0.0545  2994536    1.82%
  30091  9676        0.0545    24        0.0555        0.0545  3036556    1.82%
  30806  9903        0.0550    12        0.0555        0.0545  3092260    1.82%
Elapsed time = 104.67 sec. (139392.48 ticks, tree = 19.13 MB, solutions = 38)
  31493 10068        0.0545    24        0.0555        0.0545  3150896    1.82%
  32143 10221        0.0547    28        0.0555        0.0545  3209753    1.82%
  32768 10296        0.0548    14        0.0555        0.0545  3269285    1.82%
  33398 10432        0.0548    17        0.0555        0.0545  3340907    1.82%
  34162 10539        0.0545    26        0.0555        0.0545  3404901    1.82%
  35196 10773        0.0551    10        0.0555        0.0545  3486749    1.82%
  36469 11074        0.0548    12        0.0555        0.0545  3604996    1.82%
  37645 11270        0.0545    25        0.0555        0.0545  3704432    1.82%
  38916 11605    infeasible              0.0555        0.0545  3836545    1.81%
  40183 11907        0.0545    25        0.0555        0.0545  3939762    1.81%
Elapsed time = 133.11 sec. (177572.31 ticks, tree = 22.43 MB, solutions = 40)
  41454 12134        0.0545    25        0.0555        0.0545  4059355    1.81%
  42706 12389        0.0548    10        0.0555        0.0545  4168550    1.81%
  43917 12628        0.0545    23        0.0555        0.0545  4269025    1.81%
  45238 13116        0.0548    10        0.0555        0.0545  4419420    1.81%
  46580 13550        0.0547    28        0.0555        0.0545  4528672    1.81%
  47920 13965        0.0548    24        0.0555        0.0545  4626445    1.81%
  49406 14468        0.0548    16        0.0555        0.0545  4736431    1.81%
  50726 14857        0.0547    26        0.0555        0.0545  4851294    1.81%
  52063 15297        cutoff              0.0555        0.0545  4980250    1.81%
  53403 15618        0.0548    13        0.0555        0.0545  5107483    1.80%
Elapsed time = 158.59 sec. (215758.69 ticks, tree = 29.43 MB, solutions = 40)
  54876 15965        0.0548    13        0.0555        0.0545  5184309    1.80%
  56403 16489        0.0555    22        0.0555        0.0545  5307382    1.76%
  57786 17048        0.0548    23        0.0555        0.0545  5420859    1.76%
  59287 17476        cutoff              0.0555        0.0545  5511225    1.76%
  60721 17961        0.0550    21        0.0555        0.0545  5631495    1.76%
  62071 18606        0.0545    33        0.0555        0.0545  5762763    1.76%
  63427 19002        0.0547    26        0.0555        0.0545  5874854    1.76%
  64908 19401        0.0547    24        0.0555        0.0545  5977805    1.76%
  66236 19826        cutoff              0.0555        0.0545  6090058    1.76%
  67857 20367        0.0548    18        0.0555        0.0545  6203436    1.76%
Elapsed time = 184.30 sec. (253925.69 ticks, tree = 39.07 MB, solutions = 40)
  69280 21022        0.0545    22        0.0555        0.0545  6323211    1.76%
  70529 21395        cutoff              0.0555        0.0545  6438722    1.76%
  71910 21944        0.0547    28        0.0555        0.0545  6554739    1.76%
  73376 22269        0.0548    10        0.0555        0.0545  6634976    1.76%
  74904 22935        0.0548    19        0.0555        0.0545  6782013    1.76%
  76397 23523        0.0545    31        0.0555        0.0545  6892321    1.76%
  77854 24115        0.0548    10        0.0555        0.0545  6989977    1.76%
  79204 24553        0.0548     8        0.0555        0.0545  7098180    1.76%
  80656 25165        0.0545    26        0.0555        0.0545  7230644    1.76%
  82108 25690        0.0550    16        0.0555        0.0545  7341980    1.76%
Elapsed time = 209.88 sec. (292087.62 ticks, tree = 49.13 MB, solutions = 40)
  83450 26133        0.0545    28        0.0555        0.0545  7427221    1.76%
  84947 26721        0.0547    24        0.0555        0.0545  7538367    1.76%
  86488 27350        0.0548    19        0.0555        0.0545  7669396    1.76%
  88061 28060        0.0548    14        0.0555        0.0545  7781299    1.76%
  89516 28808        0.0545    22        0.0555        0.0545  7901847    1.76%
  90760 29254        0.0548    20        0.0555        0.0545  8020698    1.76%
  92302 29869        cutoff              0.0555        0.0545  8129551    1.76%
  93745 30243        0.0548    14        0.0555        0.0545  8234140    1.76%
  95187 30734        0.0545    30        0.0555        0.0545  8326743    1.76%
  96622 31512        cutoff              0.0555        0.0545  8469496    1.76%
Elapsed time = 235.86 sec. (330317.21 ticks, tree = 60.15 MB, solutions = 40)
  98099 31877        cutoff              0.0555        0.0545  8560489    1.76%
  99441 32546        0.0545    27        0.0555        0.0545  8678843    1.76%
 100943 33106        0.0548    16        0.0555        0.0545  8774751    1.76%
 102569 33971        0.0545    28        0.0555        0.0545  8904086    1.76%
 104015 34361        0.0547    26        0.0555        0.0545  8976978    1.76%
 105507 35122        0.0545    26        0.0555        0.0545  9115928    1.75%
 106850 35524        0.0548    20        0.0555        0.0545  9194928    1.75%
 108181 35890        0.0545    26        0.0555        0.0545  9312996    1.75%
 109462 36278        0.0547    26        0.0555        0.0545  9420642    1.75%
 110862 36715        0.0548    18        0.0555        0.0545  9557841    1.75%
Elapsed time = 261.53 sec. (368491.77 ticks, tree = 71.37 MB, solutions = 40)
 112099 37055        0.0547    29        0.0555        0.0545  9654069    1.75%
 113564 37543        0.0545    25        0.0555        0.0545  9788083    1.75%
 115032 38005        0.0545    27        0.0555        0.0545  9884206    1.75%
 116467 38652        0.0545    25        0.0555        0.0545 10002941    1.75%
 117845 39076        0.0548    11        0.0555        0.0545 10100228    1.75%
 119329 39824        0.0549    20        0.0555        0.0545 10232581    1.75%
 120609 40260        cutoff              0.0555        0.0545 10336618    1.75%
 122018 40743        0.0552    30        0.0555        0.0545 10455945    1.75%
 123326 41298        0.0545    29        0.0555        0.0545 10577531    1.75%
 124670 41546        0.0548    18        0.0555        0.0545 10677584    1.75%
Elapsed time = 287.67 sec. (406673.07 ticks, tree = 80.50 MB, solutions = 40)
 126021 41992        cutoff              0.0555        0.0545 10802481    1.75%
 127388 42387        0.0547    26        0.0555        0.0545 10902201    1.75%
 128777 42717        0.0548    10        0.0555        0.0545 10997373    1.75%
 130102 43252        0.0548    17        0.0555        0.0545 11144621    1.75%
 131535 43722        cutoff              0.0555        0.0545 11255134    1.75%
 132980 44161        0.0552    13        0.0555        0.0545 11367826    1.75%
 134288 44613        0.0547    29        0.0555        0.0545 11491245    1.75%
 135662 44894        0.0545    27        0.0555        0.0545 11574308    1.75%
 137183 45533        0.0549    18        0.0555        0.0545 11692197    1.75%
 138613 46211        0.0547    28        0.0555        0.0545 11798085    1.75%
Elapsed time = 313.44 sec. (444835.96 ticks, tree = 89.32 MB, solutions = 40)
 139905 46620        0.0548    10        0.0555        0.0545 11936166    1.75%
 141406 46994        0.0545    23        0.0555        0.0545 12044796    1.75%
 142697 47492        0.0548    14        0.0555        0.0545 12145931    1.75%
 143991 47848        0.0548    17        0.0555        0.0545 12259088    1.75%
 145324 48234        0.0547    27        0.0555        0.0545 12377295    1.75%
 146668 48586        0.0548    21        0.0555        0.0545 12499714    1.75%
 147989 48893        0.0547    32        0.0555        0.0545 12633760    1.75%
 149400 49207        cutoff              0.0555        0.0545 12749819    1.75%
 150691 49592        0.0545    26        0.0555        0.0545 12869766    1.75%
 152082 49933        0.0548    17        0.0555        0.0545 12975249    1.75%
Elapsed time = 338.98 sec. (483001.64 ticks, tree = 96.35 MB, solutions = 40)
 153491 50380        0.0547    22        0.0555        0.0545 13097553    1.75%
 154849 50871        0.0547    29        0.0555        0.0545 13207506    1.75%
 156182 51245        0.0548    12        0.0555        0.0545 13312978    1.75%
 157669 51719        cutoff              0.0555        0.0545 13447436    1.75%
 158925 51912        cutoff              0.0555        0.0545 13504388    1.75%
 160246 52308        0.0545    26        0.0555        0.0545 13648559    1.75%
 161541 52596        0.0545    29        0.0555        0.0545 13768409    1.75%
 162756 52932        0.0549    26        0.0555        0.0545 13889190    1.75%
 163993 53218        0.0548    16        0.0555        0.0545 14001916    1.75%
 165350 53509        0.0548    23        0.0555        0.0545 14114290    1.75%
Elapsed time = 364.64 sec. (521183.34 ticks, tree = 103.10 MB, solutions = 40)
 166599 53843        0.0550    14        0.0555        0.0545 14217662    1.75%
 167951 54140        0.0548    18        0.0555        0.0545 14310015    1.75%
 169368 54837        cutoff              0.0555        0.0545 14470160    1.75%
 170790 55318        0.0545    31        0.0555        0.0545 14572617    1.75%
 172123 55741        0.0545    24        0.0555        0.0545 14692085    1.75%
 173510 56013        0.0548    13        0.0555        0.0545 14776000    1.75%
 174743 56360        0.0548    15        0.0555        0.0545 14892979    1.75%
 176031 56602        cutoff              0.0555        0.0545 15009069    1.75%
 177317 56786        0.0546    25        0.0555        0.0545 15103864    1.75%
 178590 57140        0.0550    27        0.0555        0.0545 15241497    1.75%
Elapsed time = 390.52 sec. (559362.96 ticks, tree = 109.96 MB, solutions = 40)
 179960 57424        0.0546    27        0.0555        0.0546 15360050    1.75%
 181343 57890        0.0550    20        0.0555        0.0546 15502067    1.75%
 182735 58345        0.0547    26        0.0555        0.0546 15599390    1.75%
 184063 58650        0.0546    26        0.0555        0.0546 15685507    1.75%
 185365 59099        0.0546    27        0.0555        0.0546 15838628    1.75%
 186662 59419        cutoff              0.0555        0.0546 15966189    1.75%
 188007 59639        0.0546    30        0.0555        0.0546 16068818    1.75%
 189336 59979        0.0547    30        0.0555        0.0546 16213412    1.75%
 190674 60220        0.0549     9        0.0555        0.0546 16284941    1.75%
 192062 60933        cutoff              0.0555        0.0546 16452650    1.75%
Elapsed time = 416.09 sec. (597531.66 ticks, tree = 117.12 MB, solutions = 40)
 193385 61269        cutoff              0.0555        0.0546 16550862    1.75%
 194569 61408        0.0548    13        0.0555        0.0546 16638480    1.75%
 195853 61716        0.0546    29        0.0555        0.0546 16776542    1.74%
 197333 62154        0.0550    11        0.0555        0.0546 16910862    1.74%
 198649 62392        0.0546    24        0.0555        0.0546 16981193    1.74%
 200011 62825        0.0546    22        0.0555        0.0546 17162705    1.74%
 201339 63075        cutoff              0.0555        0.0546 17250225    1.74%
 202611 63383        0.0547    24        0.0555        0.0546 17384851    1.74%
 203943 63597        0.0550     9        0.0555        0.0546 17491194    1.74%
 205310 63856        0.0548    10        0.0555        0.0546 17649116    1.74%
Elapsed time = 441.33 sec. (635716.84 ticks, tree = 122.63 MB, solutions = 40)
 206308 63810        cutoff              0.0555        0.0546 17764191    1.74%
 207540 63701        0.0549    22        0.0555        0.0546 17865037    1.73%
 209113 64095        0.0547    23        0.0555        0.0546 17969779    1.72%
 210557 64724        0.0546    32        0.0555        0.0546 18079153    1.72%
 212099 65327        0.0546    30        0.0555        0.0546 18187057    1.70%
 213493 65965        0.0546    31        0.0555        0.0546 18299196    1.70%
 214966 66555        0.0546    26        0.0555        0.0546 18411587    1.70%
 216512 67242        0.0546    26        0.0555        0.0546 18535327    1.70%
 217902 67846        0.0551    21        0.0555        0.0546 18641157    1.70%
 219364 68504        0.0547    25        0.0555        0.0546 18756992    1.70%
Elapsed time = 467.55 sec. (673885.99 ticks, tree = 134.24 MB, solutions = 40)
 220794 69332        0.0546    29        0.0555        0.0546 18880118    1.70%
 222300 69695        0.0546    28        0.0555        0.0546 18949946    1.70%
 223659 70478        0.0547    23        0.0555        0.0546 19090632    1.70%
 225129 70801        0.0549    16        0.0555        0.0546 19178248    1.70%
 226595 71270        0.0547    31        0.0555        0.0546 19282610    1.70%
 228047 71980        cutoff              0.0555        0.0546 19413986    1.70%
 229595 72311        cutoff              0.0555        0.0546 19483334    1.70%
 230936 73240        0.0546    28        0.0555        0.0546 19642595    1.70%
 232354 73538        0.0548    16        0.0555        0.0546 19710845    1.70%
 233911 74398        0.0546    30        0.0555        0.0546 19869991    1.70%
Elapsed time = 493.08 sec. (712068.29 ticks, tree = 145.38 MB, solutions = 40)
 235338 74908        0.0547    29        0.0555        0.0546 19991844    1.70%
 236800 75098        cutoff              0.0555        0.0546 20049760    1.70%
 238268 75856        cutoff              0.0555        0.0546 20223193    1.70%
 239541 76265        0.0549    18        0.0555        0.0546 20315111    1.70%
 241019 76742        0.0546    29        0.0555        0.0546 20406637    1.70%
 242473 77324        0.0547    30        0.0555        0.0546 20518955    1.70%
 243747 77920        0.0546    22        0.0555        0.0546 20626335    1.70%
 245166 78482        0.0546    28        0.0555        0.0546 20762347    1.70%
 246733 78786        0.0546    26        0.0555        0.0546 20832102    1.70%
 248289 79371        0.0546    26        0.0555        0.0546 20941368    1.70%
Elapsed time = 518.64 sec. (750242.05 ticks, tree = 154.79 MB, solutions = 40)
 249721 80056        0.0546    26        0.0555        0.0546 21075142    1.70%
 251128 80415        0.0547    22        0.0555        0.0546 21166191    1.70%
 252478 80926        0.0550    13        0.0555        0.0546 21301310    1.70%
 253938 81432        0.0547    26        0.0555        0.0546 21425364    1.70%
 255313 82022        0.0546    26        0.0555        0.0546 21531057    1.70%
 256817 82421        0.0549    16        0.0555        0.0546 21616298    1.70%
 258295 83134        0.0547    27        0.0555        0.0546 21771832    1.70%
 259650 83572        0.0551    16        0.0555        0.0546 21858576    1.70%
 261068 84082        cutoff              0.0555        0.0546 21969251    1.70%
 261833 84412        0.0546    24        0.0555        0.0546 22059507    1.70%
Elapsed time = 544.52 sec. (788411.58 ticks, tree = 164.32 MB, solutions = 40)
 262430 84567        0.0549    16        0.0555        0.0546 22090669    1.70%
 262822 84652        0.0549    18        0.0555        0.0546 22120326    1.69%
 263352 84807        0.0547    28        0.0555        0.0546 22172243    1.69%
 263861 85043        0.0549    19        0.0555        0.0546 22220156    1.69%
 264078 85179        0.0551    13        0.0555        0.0546 22242308    1.69%
 264572 85247        0.0550    18        0.0555        0.0546 22271209    1.69%
 265039 85383        0.0549    17        0.0555        0.0546 22307335    1.69%
 265322 85413        0.0547    23        0.0555        0.0546 22312863    1.69%
 265874 85602        0.0546    29        0.0555        0.0546 22364306    1.69%
 266322 85706        0.0546    28        0.0555        0.0546 22384647    1.69%
Elapsed time = 575.30 sec. (830115.98 ticks, tree = 166.76 MB, solutions = 40)
 266738 85928        0.0550    11        0.0555        0.0546 22430107    1.69%
 267287 86148        cutoff              0.0555        0.0546 22470678    1.69%
 267722 86333        0.0547    22        0.0555        0.0546 22502575    1.69%
 268602 86598        0.0546    24        0.0555        0.0546 22551481    1.69%
 269535 86907        0.0546    24        0.0555        0.0546 22616895    1.69%
 270712 87205        0.0546    24        0.0555        0.0546 22702638    1.69%
 271918 87585        cutoff              0.0555        0.0546 22812925    1.69%
 272994 87908        0.0549    15        0.0555        0.0546 22899271    1.69%

Cover cuts applied:  69
Mixed integer rounding cuts applied:  12
Zero-half cuts applied:  3

Root node processing (before b&c):
  Real time             =    1.73 sec. (1684.83 ticks)
Parallel b&c, 4 threads:
  Real time             =  598.28 sec. (861363.82 ticks)
  Sync time (average)   =   26.61 sec.
  Wait time (average)   =    0.01 sec.
                          ------------
Total (root+branch&cut) =  600.02 sec. (863048.65 ticks)
