Version identifier: 22.2.0.0 | 2026-05-04 | 5dff98e58
CPXPARAM_Read_DataCheck                          1
CPXPARAM_Threads                                 4
CPXPARAM_Parallel                                1
CPXPARAM_RandomSeed                              20260925
CPXPARAM_Simplex_Tolerances_Optimality           1.0000000000000001e-09
CPXPARAM_Simplex_Tolerances_Feasibility          1.0000000000000001e-09
CPXPARAM_TimeLimit                               600
CPXPARAM_MIP_Tolerances_AbsMIPGap                1.0000000000000001e-09
CPXPARAM_MIP_Tolerances_Integrality              1.0000000000000001e-09
Legacy callback                                  i
Found incumbent of value 0.000000 after 0.00 sec. (0.85 ticks)
Tried aggregator 2 times.
MIP Presolve eliminated 1350 rows and 1 columns.
MIP Presolve modified 3522 coefficients.
Aggregator did 30 substitutions.
Reduced MIP has 3965 rows, 4657 columns, and 49173 nonzeros.
Reduced MIP has 1164 binaries, 0 generals, 0 SOSs, and 0 indicators.
Presolve time = 0.05 sec. (54.43 ticks)
Probing time = 0.00 sec. (0.68 ticks)
Tried aggregator 1 time.
Detecting symmetries...
MIP Presolve modified 108 coefficients.
Reduced MIP has 3965 rows, 4657 columns, and 49173 nonzeros.
Reduced MIP has 1164 binaries, 0 generals, 0 SOSs, and 0 indicators.
Presolve time = 0.02 sec. (20.86 ticks)
Probing time = 0.02 sec. (0.78 ticks)
MIP emphasis: balance optimality and feasibility.
MIP search method: dynamic search.
Parallel mode: deterministic, using up to 4 threads.
Root relaxation solution time = 0.14 sec. (172.11 ticks)

        Nodes                                         Cuts/
   Node  Left     Objective  IInf  Best Integer    Best Bound    ItCnt     Gap

*     0+    0                            0.0000       -0.5293              --- 
*     0+    0                           -0.0337       -0.5293              --- 
      0     0       -0.1127    37       -0.0337       -0.1127     2933  234.90%
*     0+    0                           -0.0613       -0.1127            83.75%
*     0+    0                           -0.0862       -0.1127            30.82%
*     0+    0                           -0.0874       -0.1127            28.92%
*     0+    0                           -0.0882       -0.1127            27.77%
*     0+    0                           -0.0888       -0.1127            26.95%
*     0+    0                           -0.0916       -0.1127            23.12%
      0     0  -1.00000e+75     0       -0.0916       -0.1127     2933   23.12%
      0     2       -0.1127    28       -0.0916       -0.1127     2933   23.12%
Elapsed time = 5.23 sec. (5461.80 ticks, tree = 0.02 MB, solutions = 8)
      1     3       -0.1127    32       -0.0916       -0.1127     5718   23.12%
      3     4       -0.1127    32       -0.0916       -0.1127     7277   23.12%
      7     9       -0.1127    40       -0.0916       -0.1127    15914   23.12%
     20    12       -0.1127    41       -0.0916       -0.1127    24230   23.12%
     25    22       -0.1127    39       -0.0916       -0.1127    29724   23.12%
     34    30       -0.1127    36       -0.0916       -0.1127    38937   23.12%
     46    46       -0.1127    43       -0.0916       -0.1127    75251   23.12%
     49    48       -0.1127    53       -0.0916       -0.1127    77118   23.12%
     52    53       -0.1127    54       -0.0916       -0.1127    78748   23.12%
    100    88       -0.1127    42       -0.0916       -0.1127    89775   23.12%
Elapsed time = 8.56 sec. (8712.73 ticks, tree = 0.32 MB, solutions = 8)
    135   131       -0.1127    38       -0.0916       -0.1127   116856   23.12%
    179   163       -0.1127    47       -0.0916       -0.1127   141661   23.12%
    228   191       -0.1127    54       -0.0916       -0.1127   155076   23.12%
    253   223       -0.1127    36       -0.0916       -0.1127   172859   23.12%
    284   270       -0.1127    45       -0.0916       -0.1127   190990   23.12%
    313   285       -0.1127    35       -0.0916       -0.1127   201800   23.12%
    349   320       -0.1127    38       -0.0916       -0.1127   215745   23.12%
    388   336       -0.1127    32       -0.0916       -0.1127   225580   23.12%
    437   377       -0.1127    40       -0.0916       -0.1127   244864   23.12%
    474   440       -0.1057    18       -0.0916       -0.1127   269865   23.12%
Elapsed time = 17.31 sec. (18502.37 ticks, tree = 6.10 MB, solutions = 8)
    525   509       -0.1127    46       -0.0916       -0.1127   301089   23.12%
    572   520       -0.1096    28       -0.0916       -0.1127   312155   23.12%
    610   542       -0.1114    33       -0.0916       -0.1127   315905   23.12%
    657   565       -0.1107    28       -0.0916       -0.1127   329882   23.12%
*   676+  608                           -0.0918       -0.1127            22.77%
*   690+  606                           -0.0920       -0.1127            22.50%
    721   651        cutoff             -0.0920       -0.1127   356654   22.50%
    785   730       -0.1080    31       -0.0920       -0.1127   385409   22.50%
    816   778       -0.1127    28       -0.0920       -0.1127   408375   22.50%
    860   790       -0.1127    29       -0.0920       -0.1127   413259   22.50%
    920   861       -0.1104    27       -0.0920       -0.1127   435826   22.50%
    950   891       -0.1127    32       -0.0920       -0.1127   449008   22.50%
Elapsed time = 25.81 sec. (28234.07 ticks, tree = 18.32 MB, solutions = 10)
    986   907       -0.1104    25       -0.0920       -0.1127   457872   22.50%
   1046   940       -0.0982    10       -0.0920       -0.1127   462903   22.50%
   1140  1022       -0.1127    22       -0.0920       -0.1127   493344   22.50%
   1249  1098       -0.1104    37       -0.0920       -0.1127   512707   22.50%
*  1267+ 1127                           -0.0943       -0.1127            19.56%
   1274  1110       -0.1104    30       -0.0943       -0.1127   517190   19.56%
   1302  1212       -0.1104    29       -0.0943       -0.1127   539079   19.56%
   1310  1219       -0.1080    34       -0.0943       -0.1127   539756   19.56%

Performing restart 1

Repeating presolve.
Tried aggregator 1 time.
Reduced MIP has 3965 rows, 4657 columns, and 49173 nonzeros.
Reduced MIP has 1164 binaries, 0 generals, 0 SOSs, and 0 indicators.
Presolve time = 0.00 sec. (13.61 ticks)
Tried aggregator 1 time.
Reduced MIP has 3965 rows, 4657 columns, and 49173 nonzeros.
Reduced MIP has 1164 binaries, 0 generals, 0 SOSs, and 0 indicators.
Presolve time = 0.02 sec. (21.04 ticks)
Represolve time = 0.03 sec. (43.32 ticks)
*  1311+    0                           -0.0990       -0.1127            13.85%
   1311     0       -0.1127    30       -0.0990       Cuts: 3   551528   13.85%
   1311     0       -0.1127    35       -0.0990     Covers: 2   552521   13.85%
   1311     2       -0.1127    22       -0.0990       -0.1127   552521   13.85%
   1314     5       -0.1127    38       -0.0990       -0.1127   555629   13.85%
*  1316+    1                           -0.1002       -0.1127            12.50%
   1320    10       -0.1127    38       -0.1002       -0.1127   559141   12.50%
Elapsed time = 42.31 sec. (47453.42 ticks, tree = 0.14 MB, solutions = 13)
   1328     4       -0.1127    32       -0.1002       -0.1127   555485   12.50%
   1348    31       -0.1127    43       -0.1002       -0.1127   575677   12.50%
   1363    49       -0.1127    34       -0.1002       -0.1127   586431   12.50%
   1384    58       -0.1127    47       -0.1002       -0.1127   592892   12.50%
   1402    84       -0.1104    33       -0.1002       -0.1127   616480   12.50%
   1449   117       -0.1057    34       -0.1002       -0.1127   629606   12.50%
   1478   143       -0.1080    31       -0.1002       -0.1127   641296   12.50%
   1521   193       -0.1057    28       -0.1002       -0.1127   659700   12.50%
   1562   232       -0.1057    25       -0.1002       -0.1127   673145   12.50%
   1596   250       -0.1057    22       -0.1002       -0.1127   680700   12.50%
Elapsed time = 50.77 sec. (57305.37 ticks, tree = 5.43 MB, solutions = 13)
   1618   278       -0.1057    26       -0.1002       -0.1127   689739   12.50%
   1646   324       -0.1080    32       -0.1002       -0.1127   707135   12.50%
   1679   336       -0.1057    25       -0.1002       -0.1127   711326   12.50%
   1726   350       -0.1033    25       -0.1002       -0.1127   716574   12.50%
   1774   409       -0.1033    20       -0.1002       -0.1127   739300   12.50%
*  1777+  361                           -0.1007       -0.1127            11.92%
   1820   464       -0.1042    23       -0.1007       -0.1127   759483   11.92%
   1875   498       -0.1010    22       -0.1007       -0.1127   772888   11.92%
   1928   573       -0.1033    12       -0.1007       -0.1127   800951   11.92%
   1970   588       -0.1127    24       -0.1007       -0.1127   816873   11.92%
*  1989+  578                           -0.1013       -0.1127            11.31%
*  1989+  578                           -0.1015       -0.1127            11.02%
*  1989+  578                           -0.1017       -0.1127            10.81%
   1996   646       -0.1028    17       -0.1017       -0.1127   836709   10.81%
Elapsed time = 59.23 sec. (67179.26 ticks, tree = 17.72 MB, solutions = 18)
   2040   633       -0.1033    19       -0.1017       -0.1127   855882   10.81%
   2081   658       -0.1127    28       -0.1017       -0.1127   865192   10.81%
   2113   707       -0.1104    34       -0.1017       -0.1127   891656   10.81%
   2138   733       -0.1127    32       -0.1017       -0.1127   901792   10.81%
   2182   767       -0.1127    33       -0.1017       -0.1127   917243   10.81%
   2226   773       -0.1104    40       -0.1017       -0.1127   913981   10.81%
   2292   833       -0.1104    24       -0.1017       -0.1127   948595   10.81%
   2330   911       -0.1127    31       -0.1017       -0.1127   990496   10.81%
   2368   932       -0.1066    17       -0.1017       -0.1127   993839   10.81%
   2414   950       -0.1127    24       -0.1017       -0.1127  1003717   10.81%
Elapsed time = 68.17 sec. (76930.36 ticks, tree = 25.86 MB, solutions = 18)
   2484   981       -0.1127    26       -0.1017       -0.1127  1013488   10.81%
   2577  1049       -0.1127    27       -0.1017       -0.1127  1038420   10.81%
*  2628+ 1049                           -0.1025       -0.1127             9.93%
   2648  1028       -0.1080    24       -0.1025       -0.1127  1028702    9.93%
*  2696+ 1176                           -0.1029       -0.1127             9.52%
*  2708+ 1176                           -0.1042       -0.1127             8.15%
   2708  1206       -0.1127    25       -0.1042       -0.1127  1070203    8.15%
*  2720+ 1176                           -0.1060       -0.1127             6.31%
   2776   822       -0.1127    31       -0.1060       -0.1127  1078546    6.31%
   2835   827       -0.1116    22       -0.1060       -0.1127  1091864    6.31%
   2874   911       -0.1127    33       -0.1060       -0.1127  1109947    6.31%
   2931   938       -0.1127    26       -0.1060       -0.1127  1118121    6.31%
   2984  1005       -0.1100    23       -0.1060       -0.1127  1140348    6.31%
   3053  1036       -0.1127    27       -0.1060       -0.1127  1152044    6.31%
Elapsed time = 76.48 sec. (86582.30 ticks, tree = 28.17 MB, solutions = 22)
   3139  1085       -0.1064    17       -0.1060       -0.1127  1161584    6.31%
   3224  1131       -0.1073    23       -0.1060       -0.1127  1178176    6.31%
   3285  1144       -0.1127    28       -0.1060       -0.1127  1183649    6.31%
   3369  1251       -0.1127    27       -0.1060       -0.1127  1209389    6.31%
   3447  1351       -0.1127    31       -0.1060       -0.1127  1233351    6.31%
   3521  1360       -0.1116    25       -0.1060       -0.1127  1231431    6.31%
   3585  1474       -0.1100    22       -0.1060       -0.1127  1256544    6.31%
   3646  1486       -0.1127    28       -0.1060       -0.1127  1259967    6.31%
*  3726+ 1500                           -0.1066       -0.1127             5.73%
   3737  1540       -0.1127    37       -0.1066       -0.1127  1284302    5.73%
   3816  1577       -0.1127    32       -0.1066       -0.1127  1306626    5.73%
Elapsed time = 84.95 sec. (96301.17 ticks, tree = 43.76 MB, solutions = 23)
   3859  1655       -0.1127    33       -0.1066       -0.1127  1319817    5.73%
   3919  1673       -0.1094    26       -0.1066       -0.1127  1326854    5.73%
   3994  1737       -0.1068    21       -0.1066       -0.1127  1347229    5.73%
   4080  1779       -0.1068    25       -0.1066       -0.1127  1356052    5.73%
*  4092+ 1829                           -0.1074       -0.1127             5.00%
   4132  1652       -0.1127    31       -0.1074       -0.1127  1385483    5.00%
   4208  1661       -0.1127    28       -0.1074       -0.1127  1382767    5.00%
   4247  1753       -0.1127    26       -0.1074       -0.1127  1421723    5.00%
   4293  1693       -0.1127    24       -0.1074       -0.1127  1407289    5.00%
   4344  1785       -0.1127    27       -0.1074       -0.1127  1438386    5.00%
   4565  1983       -0.1127    32       -0.1074       -0.1127  1509469    5.00%
Elapsed time = 95.53 sec. (108997.15 ticks, tree = 57.05 MB, solutions = 26)
   4802  2178       -0.1094    24       -0.1074       -0.1127  1585432    5.00%
   5000  2291       -0.1127    30       -0.1074       -0.1127  1630491    5.00%
   5190  2496       -0.1127    23       -0.1074       -0.1127  1709307    5.00%
   5436  2668       -0.1127    25       -0.1074       -0.1127  1767776    5.00%
   5812  2937       -0.1079    19       -0.1074       -0.1127  1847166    5.00%
   6144  3172       -0.1104    23       -0.1074       -0.1127  1936721    5.00%
   6470  3273       -0.1104    27       -0.1074       -0.1127  1961353    5.00%
   6697  3658       -0.1104    28       -0.1074       -0.1127  2089126    5.00%
   6935  3735       -0.1080    24       -0.1074       -0.1127  2111804    5.00%
   7250  4125       -0.1104    19       -0.1074       -0.1127  2242520    5.00%
Elapsed time = 125.91 sec. (147269.98 ticks, tree = 124.85 MB, solutions = 26)
   7463  4176       -0.1105    22       -0.1074       -0.1127  2259222    5.00%
   7741  4387       -0.1094    29       -0.1074       -0.1127  2339299    5.00%
   8003  4611        cutoff             -0.1074       -0.1127  2417186    5.00%
   8250  4756       -0.1091    24       -0.1074       -0.1127  2467518    5.00%
   8569  5072       -0.1127    21       -0.1074       -0.1127  2584947    5.00%
   8877  5310       -0.1104    26       -0.1074       -0.1127  2655776    5.00%
   9229  5582       -0.1104    23       -0.1074       -0.1127  2760163    5.00%
   9457  5821       -0.1104    28       -0.1074       -0.1127  2848406    5.00%
   9737  5972       -0.1104    34       -0.1074       -0.1127  2907209    5.00%
  10066  6205       -0.1104    27       -0.1074       -0.1127  2986742    5.00%
Elapsed time = 156.14 sec. (185522.85 ticks, tree = 190.74 MB, solutions = 26)
  10330  6356       -0.1104    23       -0.1074       -0.1127  3036665    5.00%
  10637  6666       -0.1110    17       -0.1074       -0.1127  3154365    5.00%
  10975  6796        cutoff             -0.1074       -0.1127  3184298    5.00%
  11303  7079       -0.1104    19       -0.1074       -0.1127  3277794    5.00%
  11621  7245       -0.1104    21       -0.1074       -0.1127  3343425    5.00%
  11980  7606       -0.1080    31       -0.1074       -0.1127  3453061    5.00%
  12293  7732       -0.1094    17       -0.1074       -0.1127  3500126    5.00%
  12617  8030        cutoff             -0.1074       -0.1127  3605740    5.00%
  12861  8290       -0.1127    21       -0.1074       -0.1127  3695397    5.00%
  13137  8394       -0.1094    35       -0.1074       -0.1127  3730667    5.00%
Elapsed time = 186.48 sec. (223838.87 ticks, tree = 259.95 MB, solutions = 26)
  13442  8705       -0.1127    24       -0.1074       -0.1127  3851432    5.00%
  13810  8921       -0.1127    25       -0.1074       -0.1127  3921931    5.00%
  14090  9082       -0.1104    28       -0.1074       -0.1127  3973747    5.00%
  14424  9419       -0.1104    25       -0.1074       -0.1127  4085221    5.00%
  14683  9636       -0.1080    23       -0.1074       -0.1127  4139483    5.00%
  14938  9858       -0.1115    27       -0.1074       -0.1127  4235720    5.00%
  15197 10180       -0.1095    17       -0.1074       -0.1127  4345384    5.00%
  15481 10291       -0.1117    27       -0.1074       -0.1127  4391128    5.00%
  15856 10584       -0.1116    23       -0.1074       -0.1127  4482808    5.00%
  16275 10685       -0.1084    19       -0.1074       -0.1127  4516652    5.00%
Elapsed time = 217.14 sec. (262078.58 ticks, tree = 332.01 MB, solutions = 26)
  16608 11174        cutoff             -0.1074       -0.1127  4661460    5.00%
  16944 11260       -0.1086    20       -0.1074       -0.1127  4681119    5.00%
  17300 11579       -0.1127    23       -0.1074       -0.1127  4780463    5.00%
  17692 11872       -0.1108    22       -0.1074       -0.1127  4882634    5.00%
  18159 12251       -0.1075    18       -0.1074       -0.1127  4987463    5.00%
  18600 12397       -0.1087    21       -0.1074       -0.1127  5026901    5.00%
  18966 12546       -0.1100    20       -0.1074       -0.1127  5074589    5.00%
  19296 12908       -0.1127    26       -0.1074       -0.1127  5150655    5.00%
  19684 13306       -0.1094    22       -0.1074       -0.1127  5274657    5.00%
  20213 13450       -0.1116    18       -0.1074       -0.1127  5320230    5.00%
Elapsed time = 246.80 sec. (300323.38 ticks, tree = 419.55 MB, solutions = 26)
  20711 14097       -0.1088    20       -0.1074       -0.1127  5472084    5.00%
  21188 14201       -0.1104    23       -0.1074       -0.1127  5492483    5.00%
  21568 14471       -0.1091    27       -0.1074       -0.1127  5559263    5.00%
  21968 14880       -0.1075    24       -0.1074       -0.1127  5648186    5.00%
  22314 15112        cutoff             -0.1074       -0.1127  5711579    5.00%
  22762 15511       -0.1078    23       -0.1074       -0.1127  5807916    5.00%
  23091 15832       -0.1080    24       -0.1074       -0.1127  5896944    5.00%
  23469 16316       -0.1115    25       -0.1074       -0.1127  6004427    5.00%
  23824 16432       -0.1080    18       -0.1074       -0.1127  6045280    5.00%
  24128 16960       -0.1080    27       -0.1074       -0.1127  6176368    5.00%
Elapsed time = 276.92 sec. (338572.84 ticks, tree = 532.11 MB, solutions = 26)
  24512 17169       -0.1123    20       -0.1074       -0.1127  6235639    5.00%
  24870 17364       -0.1091    21       -0.1074       -0.1127  6291099    5.00%
  25066 17706       -0.1080    27       -0.1074       -0.1127  6385742    5.00%
  25224 17917       -0.1091    21       -0.1074       -0.1127  6437071    5.00%
  25393 18054       -0.1080    21       -0.1074       -0.1127  6478408    5.00%
  25594 18165       -0.1095    22       -0.1074       -0.1127  6511437    5.00%
  25798 18366       -0.1091    23       -0.1074       -0.1127  6564372    5.00%
  26023 18457       -0.1127    22       -0.1074       -0.1127  6585347    5.00%
  26219 18653       -0.1127    17       -0.1074       -0.1127  6637229    5.00%
  26483 18885       -0.1104    28       -0.1074       -0.1127  6690675    5.00%
Elapsed time = 308.09 sec. (376960.86 ticks, tree = 602.06 MB, solutions = 26)
  26685 18967       -0.1080    30       -0.1074       -0.1127  6711002    5.00%
  26920 19312       -0.1104    23       -0.1074       -0.1127  6785936    5.00%
  27092 19435       -0.1080    17       -0.1074       -0.1127  6818097    5.00%
  27259 19497       -0.1104    25       -0.1074       -0.1127  6838985    5.00%
  27444 19667       -0.1091    20       -0.1074       -0.1127  6887438    5.00%
  27628 19814       -0.1085    17       -0.1074       -0.1127  6933111    5.00%
  27825 19922       -0.1127    19       -0.1074       -0.1127  6968132    5.00%
  27978 20129       -0.1075    15       -0.1074       -0.1127  7039919    5.00%
  28147 20195       -0.1104    30       -0.1074       -0.1127  7058333    5.00%
  28355 20384       -0.1075    22       -0.1074       -0.1127  7108911    5.00%
Elapsed time = 338.72 sec. (415313.08 ticks, tree = 650.42 MB, solutions = 26)
  28568 20567       -0.1104    22       -0.1074       -0.1127  7158836    5.00%
  28802 20637       -0.1085    20       -0.1074       -0.1127  7180106    5.00%
  29005 20740       -0.1087    25       -0.1074       -0.1127  7214000    5.00%
  29177 20928       -0.1075    20       -0.1074       -0.1127  7269321    5.00%
  29389 21064       -0.1104    28       -0.1074       -0.1127  7306300    5.00%
  29570 21256       -0.1104    18       -0.1074       -0.1127  7359536    5.00%
  29778 21337       -0.1104    28       -0.1074       -0.1127  7381044    5.00%
  30010 21442        cutoff             -0.1074       -0.1127  7412676    5.00%
  30214 21621       -0.1075    20       -0.1074       -0.1127  7469929    5.00%
  30406 21795       -0.1127    21       -0.1074       -0.1127  7513027    5.00%
Elapsed time = 369.27 sec. (453586.67 ticks, tree = 695.96 MB, solutions = 26)
  30593 21975       -0.1082    24       -0.1074       -0.1127  7568875    5.00%
  30761 22145        cutoff             -0.1074       -0.1127  7626445    5.00%
  30920 22190       -0.1080    20       -0.1074       -0.1127  7655052    5.00%
  31099 22238       -0.1109    22       -0.1074       -0.1127  7678951    5.00%
  31253 22467       -0.1127    20       -0.1074       -0.1127  7757460    5.00%
  31442 22464       -0.1127    24       -0.1074       -0.1127  7753566    5.00%
  31634 22675       -0.1104    19       -0.1074       -0.1127  7836136    5.00%
  31824 22854       -0.1104    15       -0.1074       -0.1127  7892593    5.00%
  32026 22892       -0.1104    28       -0.1074       -0.1127  7889294    5.00%
  32205 23100       -0.1075    21       -0.1074       -0.1127  7964595    5.00%
Elapsed time = 399.50 sec. (491934.07 ticks, tree = 738.08 MB, solutions = 26)
  32504 23154       -0.1078    16       -0.1074       -0.1127  7980354    5.00%
  32794 23257       -0.1075    27       -0.1074       -0.1127  8014996    5.00%
  33081 23551       -0.1104    26       -0.1074       -0.1127  8097676    5.00%
  33464 23861       -0.1074    28       -0.1074       -0.1127  8182684    5.00%
  33879 24027       -0.1082    22       -0.1074       -0.1127  8225815    5.00%
  34207 24511       -0.1127    21       -0.1074       -0.1127  8368542    5.00%
  34643 24667       -0.1121    21       -0.1074       -0.1127  8416088    5.00%
  35009 24976       -0.1093    12       -0.1074       -0.1127  8506682    5.00%
  35440 25202       -0.1075    15       -0.1074       -0.1127  8562727    5.00%
  35815 25467       -0.1099    26       -0.1074       -0.1127  8646924    5.00%
Elapsed time = 429.08 sec. (530257.60 ticks, tree = 806.02 MB, solutions = 26)
  36216 25736       -0.1115    24       -0.1074       -0.1127  8715946    5.00%
  36621 26105       -0.1104    31       -0.1074       -0.1127  8827520    5.00%
  36983 26402       -0.1104    27       -0.1074       -0.1127  8920698    5.00%
  37426 26727       -0.1127    16       -0.1074       -0.1127  9011979    5.00%
  37798 26796       -0.1104    24       -0.1074       -0.1127  9032182    5.00%
  38181 27263       -0.1104    21       -0.1074       -0.1127  9150197    5.00%
  38555 27889       -0.1075    26       -0.1074       -0.1127  9311309    5.00%
  38952 27998       -0.1075    21       -0.1074       -0.1127  9342845    5.00%
  39345 28139       -0.1127    24       -0.1074       -0.1127  9387110    5.00%
  39788 28614       -0.1091    27       -0.1074       -0.1127  9511999    5.00%
Elapsed time = 458.39 sec. (568493.09 ticks, tree = 907.45 MB, solutions = 26)
  40215 28819       -0.1104    32       -0.1074       -0.1127  9558281    5.00%
  40646 29265       -0.1104    19       -0.1074       -0.1127  9677616    5.00%
  41128 29777       -0.1095    21       -0.1074       -0.1127  9798454    5.00%
  41596 29771       -0.1104    25       -0.1074       -0.1127  9790554    5.00%
  42045 30163       -0.1104    22       -0.1074       -0.1127  9887894    5.00%
  42526 30662       -0.1075    22       -0.1074       -0.1127 10003809    5.00%
  43017 31184       -0.1104    20       -0.1074       -0.1127 10114148    5.00%
  43475 31558       -0.1098    27       -0.1074       -0.1127 10196826    5.00%
  43985 31926       -0.1091    22       -0.1074       -0.1127 10250833    5.00%
  44488 32034       -0.1091    16       -0.1074       -0.1127 10282919    5.00%
Elapsed time = 488.06 sec. (606733.53 ticks, tree = 1017.64 MB, solutions = 26)
  44981 32864       -0.1075    22       -0.1074       -0.1127 10438650    5.00%
  45507 33361       -0.1104    30       -0.1074       -0.1127 10527313    5.00%
  45887 33450       -0.1075    23       -0.1074       -0.1127 10541658    5.00%
  46312 34163       -0.1075    19       -0.1074       -0.1127 10698045    5.00%
  46815 34428       -0.1104    19       -0.1074       -0.1127 10755723    5.00%
  47307 34694       -0.1112    22       -0.1074       -0.1127 10808426    5.00%
  47861 34880       -0.1075    14       -0.1074       -0.1127 10870767    5.00%
  48321 35355       -0.1104    19       -0.1074       -0.1127 10943515    5.00%
  48840 36081       -0.1127    26       -0.1074       -0.1127 11096069    5.00%
  49296 36182       -0.1078    17       -0.1074       -0.1127 11115536    5.00%
Elapsed time = 517.44 sec. (644992.44 ticks, tree = 1152.64 MB, solutions = 26)
  49773 37072       -0.1104    17       -0.1074       -0.1127 11273982    5.00%
  50336 37030       -0.1104    22       -0.1074       -0.1127 11266063    5.00%
  50814 37719       -0.1093    22       -0.1074       -0.1127 11405607    5.00%
  51355 38092       -0.1074    23       -0.1074       -0.1127 11492223    5.00%
  51814 38547       -0.1091    17       -0.1074       -0.1127 11583802    5.00%
  52279 38720       -0.1091    28       -0.1074       -0.1127 11625658    5.00%
  52793 39292       -0.1099    20       -0.1074       -0.1127 11738098    5.00%
  53222 39483       -0.1104    22       -0.1074       -0.1127 11789728    5.00%
  53470 40028        cutoff             -0.1074       -0.1127 11891971    5.00%
  53947 40159       -0.1103    17       -0.1074       -0.1127 11927754    5.00%
Elapsed time = 547.22 sec. (683326.94 ticks, tree = 1280.82 MB, solutions = 26)
  54255 40458       -0.1075    29       -0.1074       -0.1127 11985315    5.00%
  54559 40711       -0.1075    35       -0.1074       -0.1127 12044285    5.00%
  54953 41004       -0.1075    20       -0.1074       -0.1127 12101413    5.00%
  55315 41301       -0.1127    28       -0.1074       -0.1127 12168297    5.00%
  55672 41676       -0.1074    19       -0.1074       -0.1127 12230798    5.00%
  56130 42102        cutoff             -0.1074       -0.1127 12315668    5.00%
  56554 42297       -0.1104    19       -0.1074       -0.1127 12354970    5.00%
  56846 42648       -0.1080    20       -0.1074       -0.1127 12407497    5.00%
  57236 43119       -0.1080    19       -0.1074       -0.1127 12501420    5.00%
  57625 43388        cutoff             -0.1074       -0.1127 12587352    5.00%
Elapsed time = 577.52 sec. (721623.08 ticks, tree = 1381.54 MB, solutions = 26)
  58082 43698       -0.1127    18       -0.1074       -0.1127 12649208    5.00%
  58538 44091       -0.1080    17       -0.1074       -0.1127 12771753    5.00%
  58985 44594       -0.1097    21       -0.1074       -0.1127 12858847    5.00%
  59450 44528       -0.1127    24       -0.1074       -0.1127 12848321    5.00%
  59855 45143       -0.1075    23       -0.1074       -0.1127 12972987    5.00%
  60247 45457       -0.1080    24       -0.1074       -0.1127 13029848    5.00%
  60732 45978        cutoff             -0.1074       -0.1127 13124146    5.00%

Cover cuts applied:  2

Root node processing (before b&c):
  Real time             =    5.23 sec. (5459.74 ticks)
Parallel b&c, 4 threads:
  Real time             =  594.78 sec. (744802.28 ticks)
  Sync time (average)   =   16.52 sec.
  Wait time (average)   =    0.00 sec.
                          ------------
Total (root+branch&cut) =  600.02 sec. (750262.02 ticks)
