Version identifier: 22.2.0.0 | 2026-05-04 | 5dff98e58
CPXPARAM_Read_DataCheck                          1
CPXPARAM_Threads                                 4
CPXPARAM_Parallel                                1
CPXPARAM_RandomSeed                              20260925
CPXPARAM_Simplex_Tolerances_Optimality           1.0000000000000001e-09
CPXPARAM_Simplex_Tolerances_Feasibility          1.0000000000000001e-09
CPXPARAM_TimeLimit                               600
CPXPARAM_MIP_Tolerances_AbsMIPGap                1.0000000000000001e-09
CPXPARAM_MIP_Tolerances_Integrality              1.0000000000000001e-09
Legacy callback                                  i
2 of 26 MIP starts provided solutions.
MIP start 'm25' defined initial solution with objective 0.0238.
Tried aggregator 2 times.
MIP Presolve eliminated 1351 rows and 1 columns.
MIP Presolve modified 3522 coefficients.
Aggregator did 30 substitutions.
Reduced MIP has 3965 rows, 4657 columns, and 49173 nonzeros.
Reduced MIP has 1164 binaries, 0 generals, 0 SOSs, and 0 indicators.
Presolve time = 0.05 sec. (54.44 ticks)
Probing time = 0.00 sec. (0.68 ticks)
Tried aggregator 1 time.
Detecting symmetries...
MIP Presolve modified 108 coefficients.
Reduced MIP has 3965 rows, 4657 columns, and 49173 nonzeros.
Reduced MIP has 1164 binaries, 0 generals, 0 SOSs, and 0 indicators.
Presolve time = 0.20 sec. (19.91 ticks)
Probing time = 0.00 sec. (0.78 ticks)
MIP emphasis: balance optimality and feasibility.
MIP search method: dynamic search.
Parallel mode: deterministic, using up to 4 threads.
Root relaxation solution time = 0.05 sec. (48.39 ticks)

        Nodes                                         Cuts/
   Node  Left     Objective  IInf  Best Integer    Best Bound    ItCnt     Gap

*     0+    0                            0.0238        0.0000           100.00%
      0     0        0.0196    47        0.0238        0.0196     1083   17.47%
      0     0        0.0196    35        0.0238       Cuts: 5     1270   17.47%
      0     0        0.0196    37        0.0238       Cuts: 3     1432   17.47%
      0     2        0.0196    32        0.0238        0.0196     1432   17.47%
Elapsed time = 2.03 sec. (1873.47 ticks, tree = 0.02 MB, solutions = 2)
      8    10        0.0196    42        0.0238        0.0196     5805   17.47%
     27    21        0.0196    33        0.0238        0.0196     8343   17.47%
     64    57        0.0196    37        0.0238        0.0196    15662   17.47%
    113    90        0.0196    43        0.0238        0.0196    21152   17.47%
    167   142        0.0197    30        0.0238        0.0196    25211   17.47%
    190   133        0.0196    39        0.0238        0.0196    24053   17.47%
    236   199        0.0197    31        0.0238        0.0196    30583   17.47%
    279   249        0.0203    29        0.0238        0.0196    35853   17.47%
    315   279        0.0197    28        0.0238        0.0196    39349   17.47%
    435   414        0.0197    38        0.0238        0.0196    59391   17.47%
Elapsed time = 5.16 sec. (5223.15 ticks, tree = 10.15 MB, solutions = 2)
    583   547        cutoff              0.0238        0.0196    88066   17.47%
*   628+  545                            0.0237        0.0196            17.14%
    751   638        0.0198    40        0.0237        0.0196   107830   17.14%
    889   795        0.0197    34        0.0237        0.0196   130670   17.14%
   1066   902        0.0200    32        0.0237        0.0196   150115   17.14%
   1245  1125        0.0213    32        0.0237        0.0196   180184   17.14%
   1550  1224        0.0202    32        0.0237        0.0196   186913   17.14%
   1990  1616        0.0202    32        0.0237        0.0196   208766   17.14%
   2288  2077        0.0206    34        0.0237        0.0196   237820   17.14%
   2601  2257        0.0222    28        0.0237        0.0196   251600   17.14%

Performing restart 1

Repeating presolve.
Tried aggregator 1 time.
MIP Presolve modified 972 coefficients.
Reduced MIP has 3965 rows, 4657 columns, and 49173 nonzeros.
Reduced MIP has 1164 binaries, 0 generals, 0 SOSs, and 0 indicators.
Presolve time = 0.02 sec. (13.21 ticks)
Tried aggregator 1 time.
Reduced MIP has 3965 rows, 4657 columns, and 49173 nonzeros.
Reduced MIP has 1164 binaries, 0 generals, 0 SOSs, and 0 indicators.
Presolve time = 0.02 sec. (19.62 ticks)
Represolve time = 0.03 sec. (39.06 ticks)
   2604     0        0.0196    36        0.0237     Covers: 5   263631   17.14%
   2604     0        0.0196    36        0.0237     Covers: 3   263740   17.14%
   2604     0        0.0196    29        0.0237     Covers: 1   263813   17.14%
   2604     0        0.0196    28        0.0237     Covers: 2   263868   17.14%
   2604     0        0.0196    28        0.0237    MIRcuts: 1   263955   17.14%
   2604     0        0.0196    36        0.0237     Covers: 3   264227   17.14%
   2604     2        0.0196    29        0.0237        0.0196   264227   17.14%
Elapsed time = 15.12 sec. (17616.80 ticks, tree = 0.02 MB, solutions = 3)
   2613    11        0.0199    36        0.0237        0.0196   266127   17.14%
   2659    41        0.0200    33        0.0237        0.0196   270838   17.14%
   2779   146        0.0202    33        0.0237        0.0196   283142   17.14%
   2905   259        0.0201    33        0.0237        0.0196   296369   17.14%
   3040   352        0.0205    33        0.0237        0.0196   308786   17.14%
   3214   513        0.0197    35        0.0237        0.0196   328275   17.14%
   3383   698        0.0199    34        0.0237        0.0196   358285   17.14%
   3484   773        0.0200    29        0.0237        0.0196   367988   17.14%
   3615   890        0.0201    32        0.0237        0.0196   381994   17.14%
   3787  1093        0.0202    37        0.0237        0.0196   405999   17.14%
Elapsed time = 22.19 sec. (27253.34 ticks, tree = 28.07 MB, solutions = 3)
   3913  1208        0.0203    34        0.0237        0.0196   421663   17.14%
   4069  1335        0.0201    41        0.0237        0.0196   448199   17.14%
   4354  1537        0.0201    33        0.0237        0.0196   467192   17.14%
   4619  1792        0.0202    36        0.0237        0.0196   488089   17.14%
   4905  2052        0.0214    39        0.0237        0.0196   507166   17.14%
   5159  2318        0.0205    37        0.0237        0.0196   528210   17.14%
   5340  2469        0.0209    39        0.0237        0.0196   538830   17.14%
   5616  2802        0.0218    48        0.0237        0.0196   559617   17.14%
   5892  3018        0.0200    29        0.0237        0.0196   578240   17.14%
   6118  3290        0.0201    34        0.0237        0.0196   607329   17.14%
Elapsed time = 28.94 sec. (36838.05 ticks, tree = 83.69 MB, solutions = 3)
   6371  3431        0.0205    26        0.0237        0.0196   620026   17.14%
   6595  3712    infeasible              0.0237        0.0196   649338   17.14%
   6755  3832        0.0204    39        0.0237        0.0196   659183   17.14%
   7051  4076        0.0206    34        0.0237        0.0196   676530   17.14%
   7369  4336        0.0201    31        0.0237        0.0196   693487   17.14%
   7596  4605        0.0200    35        0.0237        0.0196   719340   17.14%
   7786  4751        0.0202    34        0.0237        0.0196   731089   17.14%
   8095  4963        0.0214    35        0.0237        0.0196   747592   17.14%
   8323  5291        0.0208    36        0.0237        0.0196   775204   17.14%
   8633  5546        0.0206    36        0.0237        0.0196   793171   17.14%
Elapsed time = 35.88 sec. (46407.66 ticks, tree = 155.42 MB, solutions = 3)
   9022  5834        0.0198    39        0.0237        0.0196   818187   17.14%
   9313  6215        0.0205    39        0.0237        0.0196   844989   17.14%
   9632  6317        0.0199    32        0.0237        0.0196   855965   17.14%
   9823  6775        0.0202    33        0.0237        0.0196   887287   17.14%
  10115  6977        0.0197    35        0.0237        0.0196   906815   17.14%
  10375  7178        0.0197    32        0.0237        0.0196   927160   17.14%
  10579  7347        0.0199    34        0.0237        0.0196   945557   17.14%
  10824  7487    infeasible              0.0237        0.0196   959722   17.14%
  11068  7839        0.0201    34        0.0237        0.0196   992576   17.14%
  11324  7979        0.0202    33        0.0237        0.0196  1004903   17.14%
Elapsed time = 42.86 sec. (55997.37 ticks, tree = 232.75 MB, solutions = 3)
  11586  8406        0.0212    39        0.0237        0.0196  1036169   17.14%
  11934  8606        0.0202    38        0.0237        0.0196  1050774   17.14%
  12322  8751        0.0207    37        0.0237        0.0196  1064042   17.14%
  12585  9296        0.0203    35        0.0237        0.0196  1107444   17.14%
  12796  9464        0.0203    32        0.0237        0.0196  1117941   17.14%
  13193  9611    infeasible              0.0237        0.0196  1133923   17.14%
  13588  9988        0.0208    37        0.0237        0.0196  1164712   17.14%
  13877 10359    infeasible              0.0237        0.0196  1191217   17.14%
  14087 10524        0.0199    33        0.0237        0.0196  1207745   17.14%
  14318 10769        0.0204    25        0.0237        0.0196  1232697   17.14%
Elapsed time = 49.92 sec. (65579.64 ticks, tree = 321.77 MB, solutions = 3)
  14498 11020        0.0207    28        0.0237        0.0196  1254550   17.14%
  14779 11280        0.0201    37        0.0237        0.0196  1281837   17.14%
  15123 11351        0.0211    37        0.0237        0.0196  1288527   17.14%
  15395 11680        0.0218    42        0.0237        0.0196  1319709   17.14%
  15671 11964        0.0222    44        0.0237        0.0196  1345786   17.14%
  15939 12307        0.0203    28        0.0237        0.0196  1370452   17.14%
  16214 12481        0.0218    39        0.0237        0.0196  1384173   17.14%
  16578 12732        0.0199    33        0.0237        0.0196  1401638   17.14%
  16907 13127        0.0209    30        0.0237        0.0196  1430256   17.14%
  17172 13571        0.0210    29        0.0237        0.0196  1463644   17.14%
Elapsed time = 57.11 sec. (75165.29 ticks, tree = 409.50 MB, solutions = 3)
  17464 13761        0.0197    31        0.0237        0.0196  1482275   17.14%
  17874 14019        0.0221    31        0.0237        0.0196  1502821   17.14%
  18148 14415        0.0197    30        0.0237        0.0196  1537642   17.14%
  18394 14690    infeasible              0.0237        0.0196  1571757   17.14%
  18573 14795        cutoff              0.0237        0.0196  1583706   17.14%
  18855 15007        0.0206    34        0.0237        0.0196  1601113   17.14%
  19254 15237        0.0215    34        0.0237        0.0196  1626421   17.14%
  19611 15346        0.0202    32        0.0237        0.0196  1633761   17.14%
  19835 16018        0.0204    33        0.0237        0.0196  1689923   17.14%
  20088 16175        0.0200    33        0.0237        0.0196  1706788   17.14%
Elapsed time = 64.25 sec. (84824.85 ticks, tree = 492.29 MB, solutions = 3)
  20305 16125        0.0202    32        0.0237        0.0196  1701877   17.14%
  20622 16460        0.0201    35        0.0237        0.0196  1729265   17.14%
  21009 16654        0.0209    38        0.0237        0.0196  1744421   17.14%
  21335 17322        0.0201    31        0.0237        0.0196  1797943   17.14%
  21636 17387        0.0201    35        0.0237        0.0196  1804966   17.14%
  21846 17525        0.0217    22        0.0237        0.0196  1827971   17.14%
  22024 17694        0.0197    30        0.0237        0.0196  1838662   17.14%
  22182 17919        0.0209    39        0.0237        0.0196  1862917   17.14%
  22487 18194        0.0216    43        0.0237        0.0196  1892943   17.14%
  23623 18792        0.0197    33        0.0237        0.0196  1957829   17.14%
Elapsed time = 73.22 sec. (97277.32 ticks, tree = 575.99 MB, solutions = 3)
  24779 20253        0.0210    35        0.0237        0.0196  2085069   17.14%
  25722 21289        0.0207    41        0.0237        0.0196  2187853   17.14%
* 26119+21426                            0.0237        0.0196            17.13%
* 26122+21426                            0.0237        0.0196            17.09%
* 26193+21356                            0.0236        0.0196            17.01%
* 26199+21356                            0.0235        0.0196            16.61%
* 26343+21356                            0.0235        0.0196            16.49%
  26385 21838        0.0207    43        0.0235        0.0196  2235613   16.49%
  27018 22416        0.0218    34        0.0235        0.0196  2283410   16.49%
  27534 22886        0.0199    36        0.0235        0.0196  2328715   16.49%
  28005 23409        0.0227    38        0.0235        0.0196  2383518   16.49%
  28618 23942        0.0208    39        0.0235        0.0196  2430531   16.49%
  29231 24296        0.0197    29        0.0235        0.0196  2468348   16.49%
  29626 24849        0.0198    30        0.0235        0.0196  2527219   16.49%
  30227 25447    infeasible              0.0235        0.0196  2587188   16.49%
Elapsed time = 104.12 sec. (135484.62 ticks, tree = 798.64 MB, solutions = 3)
* 30456+21356                            0.0235        0.0196            16.48%
  30956 25979        0.0216    29        0.0235        0.0196  2627764   16.48%
  31481 26622        0.0199    34        0.0235        0.0196  2681489   16.48%
* 31507+21426                            0.0233        0.0196            15.70%
  31978 26935        0.0211    34        0.0233        0.0196  2720186   15.70%
  32511 27430        0.0212    34        0.0233        0.0196  2760275   15.70%
  33075 28107        0.0205    34        0.0233        0.0196  2811087   15.70%
  33621 28607        0.0202    32        0.0233        0.0196  2858693   15.70%
  34466 29009        0.0198    36        0.0233        0.0196  2893801   15.70%
  35412 29885        0.0198    33        0.0233        0.0196  2968461   15.70%
* 36122+30911                            0.0232        0.0196            15.33%
  36243 30819        0.0203    34        0.0232        0.0196  3040290   15.33%
* 36642+31214                            0.0231        0.0196            15.21%
* 36657+31214                            0.0230        0.0196            14.64%
* 36726+31287                            0.0230        0.0196            14.61%
* 37050+31585                            0.0230        0.0196            14.54%
  37138 31469        0.0202    31        0.0230        0.0196  3102158   14.54%
Elapsed time = 137.39 sec. (173726.62 ticks, tree = 985.01 MB, solutions = 21)
* 37267+31658                            0.0227        0.0196            13.73%
  38148 32329        0.0208    37        0.0227        0.0196  3188989   13.73%
* 38480+32850                            0.0227        0.0196            13.67%
* 38908+32937                            0.0227        0.0196            13.53%
  39273 33307        0.0208    33        0.0227        0.0196  3270817   13.53%
* 39956+34130                            0.0227        0.0196            13.50%
  40128 34317        0.0198    28        0.0227        0.0196  3366789   13.50%
* 41151+35311                            0.0226        0.0196            13.06%
  41178 35170        0.0211    35        0.0226        0.0196  3454321   13.06%
  42097 35798        0.0203    33        0.0226        0.0196  3520391   13.06%
  43217 36904        0.0203    32        0.0226        0.0196  3610403   13.06%
* 44234+37810                            0.0225        0.0196            12.87%
* 44239+37810                            0.0225        0.0196            12.85%
  44396 37989        0.0209    22        0.0225        0.0196  3723327   12.85%
* 45157+38346                            0.0225        0.0196            12.67%
  45395 38873    infeasible              0.0225        0.0196  3820291   12.67%
* 45602+38823                            0.0223        0.0196            12.16%
* 46042+38845                            0.0223        0.0196            12.09%
  46633 39536        0.0214    33        0.0223        0.0196  3917509   12.09%
* 47136+39869                            0.0222        0.0196            11.75%
  47633 40212        0.0206    39        0.0222        0.0196  4003640   11.75%
Elapsed time = 167.81 sec. (211925.61 ticks, tree = 1268.52 MB, solutions = 33)
  48688 41063        0.0202    30        0.0222        0.0196  4084930   11.75%
* 49422+41606                            0.0222        0.0196            11.70%
  49867 42097        0.0209    37        0.0222        0.0196  4163435   11.70%
  51001 43017        0.0207    32        0.0222        0.0196  4239660   11.70%
* 51283+43628                            0.0221        0.0196            11.34%
  52145 43587        0.0200    33        0.0221        0.0196  4316778   11.34%
  53392 44688        0.0202    35        0.0221        0.0196  4416739   11.34%
  54846 46072        0.0204    31        0.0221        0.0196  4529960   11.34%
  56129 47584        0.0200    35        0.0221        0.0196  4647198   11.34%
  57426 48651        0.0211    36        0.0221        0.0196  4728415   11.34%
  58508 49550        0.0213    39        0.0221        0.0196  4807541   11.34%
* 58695+49932                            0.0221        0.0196            11.15%
  59625 50697        0.0217    37        0.0221        0.0196  4925810   11.15%
Elapsed time = 196.52 sec. (250085.43 ticks, tree = 1598.69 MB, solutions = 36)
  60885 51523        0.0198    30        0.0221        0.0196  4989633   11.15%
  62356 52898        0.0218    33        0.0221        0.0196  5093190   11.15%
  63522 53938        0.0205    36        0.0221        0.0196  5193071   11.15%
* 63963+54770                            0.0221        0.0196            11.10%
* 64376+54795                            0.0221        0.0196            11.04%
  64684 54993        0.0209    28        0.0221        0.0196  5294217   11.04%
  65916 56285        0.0216    37        0.0221        0.0196  5403385   11.04%
  67111 57154        0.0206    33        0.0221        0.0196  5474641   11.04%
  68263 58476        cutoff              0.0221        0.0196  5585904   11.04%
  69558 59332        0.0200    34        0.0221        0.0196  5664212   11.04%
  70764 60548        0.0219    40        0.0221        0.0196  5772414   11.04%
  71909 61721        0.0202    32        0.0221        0.0196  5873710   11.04%
Elapsed time = 225.17 sec. (288276.54 ticks, tree = 1954.49 MB, solutions = 38)
  73123 62751        0.0200    34        0.0221        0.0196  5970446   11.04%
  74451 63804    infeasible              0.0221        0.0196  6046735   11.04%
* 75735+64927                            0.0220        0.0196            10.77%
  75882 65080        0.0197    33        0.0220        0.0196  6155906   10.77%
* 75908+65084                            0.0220        0.0196            10.75%
* 76145+65009                            0.0220        0.0196            10.75%
  76977 65851        0.0200    30        0.0220        0.0196  6247942   10.75%
  78484 66773        0.0204    35        0.0220        0.0196  6334035   10.75%
  79443 68041        0.0205    33        0.0220        0.0196  6438369   10.75%
  80715 68706        0.0213    20        0.0220        0.0196  6507140   10.75%
  82159 70072        0.0199    34        0.0220        0.0196  6607376   10.75%
  83436 71829        0.0203    38        0.0220        0.0196  6742256   10.75%
  84834 72864        0.0214    40        0.0220        0.0196  6814986   10.75%
Elapsed time = 258.27 sec. (326468.18 ticks, tree = 2313.67 MB, solutions = 40)
Nodefile size = 258.34 MB (166.88 MB after compression)
  85918 73979        0.0204    28        0.0220        0.0196  6907517   10.75%
  87206 75034        0.0199    35        0.0220        0.0196  6998979   10.75%
* 87336+75147                            0.0219        0.0196            10.50%
* 88024+75411                            0.0218        0.0196            10.20%
  88362 75262        0.0206    35        0.0218        0.0196  7103677   10.20%
  89547 75986        0.0198    35        0.0218        0.0196  7168046   10.20%
  91090 77442        0.0204    35        0.0218        0.0196  7261192   10.20%
* 91226+77855                            0.0218        0.0196            10.19%
  92345 78668        0.0199    30        0.0218        0.0196  7363635   10.19%
  93678 79942        0.0201    34        0.0218        0.0196  7445901   10.19%
  95068 81406        0.0205    33        0.0218        0.0196  7544484   10.19%
  96343 82247        0.0198    34        0.0218        0.0196  7617948   10.19%
  97895 83503        0.0200    35        0.0218        0.0196  7707832   10.19%
Elapsed time = 291.67 sec. (364626.79 ticks, tree = 2657.31 MB, solutions = 43)
Nodefile size = 600.79 MB (386.65 MB after compression)
  99178 85250        0.0205    28        0.0218        0.0196  7825532   10.19%
 100601 86201        0.0202    33        0.0218        0.0196  7901871   10.19%
 101921 87733        0.0197    36        0.0218        0.0196  8005828   10.19%
 103641 88698        0.0197    34        0.0218        0.0196  8068503   10.19%
*104672+90181                            0.0218        0.0196            10.16%
 105047 90409        cutoff              0.0218        0.0196  8186832   10.16%
 106360 91590        0.0202    32        0.0218        0.0196  8285118   10.16%
 107655 92898        0.0201    26        0.0218        0.0196  8384063   10.16%
 108898 93927        0.0198    34        0.0218        0.0196  8469467   10.16%
 110181 95277        0.0203    32        0.0218        0.0196  8588586   10.16%
 111309 96261        0.0198    34        0.0218        0.0196  8667464   10.16%
Elapsed time = 324.89 sec. (402808.14 ticks, tree = 3068.28 MB, solutions = 44)
Nodefile size = 1014.24 MB (650.70 MB after compression)
 112628 97593        0.0201    29        0.0218        0.0196  8775881   10.16%
 113735 98642        0.0199    31        0.0218        0.0196  8870890   10.16%
 115032 99585        0.0203    25        0.0218        0.0196  8955432   10.16%
*115043+99365                            0.0218        0.0196             9.96%
 116281 100637        0.0204    28        0.0218        0.0196  9059682    9.96%
 117567 101682        0.0200    33        0.0218        0.0196  9157316    9.96%
 118871 102635        0.0197    36        0.0218        0.0196  9225370    9.96%
 119962 103612        0.0202    34        0.0218        0.0196  9314786    9.96%
 121486 105339        0.0201    30        0.0218        0.0196  9449556    9.96%
 122864 106568        0.0206    28        0.0218        0.0196  9524039    9.96%
 124376 107843        0.0209    38        0.0218        0.0196  9619632    9.96%
Elapsed time = 357.98 sec. (440985.61 ticks, tree = 3441.46 MB, solutions = 45)
Nodefile size = 1384.30 MB (886.34 MB after compression)
 125712 109134        0.0201    33        0.0218        0.0196  9711298    9.96%
*126966+110456                            0.0218        0.0196             9.95%
*126973+110456                            0.0218        0.0196             9.89%
 127147 110297        0.0199    30        0.0218        0.0196  9806812    9.89%
 128552 111338        0.0198    32        0.0218        0.0196  9894228    9.89%
*128824+111365                            0.0218        0.0196             9.80%
 129603 112707        0.0202    25        0.0218        0.0196 10006963    9.80%
 131251 114068        0.0206    35        0.0218        0.0196 10090154    9.80%
 132754 115007        0.0206    32        0.0218        0.0196 10147425    9.80%
 133996 116492        0.0205    30        0.0218        0.0196 10264994    9.80%
 135664 117804        0.0204    28        0.0218        0.0196 10351635    9.80%
 136940 119437        0.0197    29        0.0218        0.0196 10473106    9.80%
 138714 120729        0.0202    30        0.0218        0.0196 10557180    9.80%
Elapsed time = 392.30 sec. (479155.99 ticks, tree = 3856.76 MB, solutions = 48)
Nodefile size = 1801.10 MB (1151.59 MB after compression)
 139958 121989        0.0199    35        0.0218        0.0196 10639284    9.80%
 141905 123287        0.0205    30        0.0218        0.0196 10732738    9.80%
 143380 125070        0.0198    33        0.0218        0.0196 10837703    9.80%
 144661 126345        0.0202    28        0.0218        0.0196 10924002    9.80%
 146128 127943        0.0200    30        0.0218        0.0196 11028676    9.80%
 147539 129313        0.0198    28        0.0218        0.0196 11127394    9.80%
 148903 130361        0.0201    29        0.0218        0.0196 11219266    9.80%
 150330 131598        0.0206    27        0.0218        0.0196 11305313    9.80%
 151841 132620        0.0201    27        0.0218        0.0196 11381465    9.80%
 153027 134164        0.0200    32        0.0218        0.0196 11496529    9.80%
Elapsed time = 426.00 sec. (517337.00 ticks, tree = 4289.54 MB, solutions = 48)
Nodefile size = 2233.45 MB (1426.70 MB after compression)
 154509 135391        0.0199    25        0.0218        0.0196 11601878    9.80%
 155899 136706        0.0206    27        0.0218        0.0196 11695891    9.80%
 157517 138152        0.0202    30        0.0218        0.0196 11802920    9.80%
 158816 139403        0.0201    30        0.0218        0.0196 11888648    9.80%
 160490 141124        0.0196    33        0.0218        0.0196 12012230    9.80%
 161971 142452        0.0200    32        0.0218        0.0196 12091113    9.80%
 163435 143472        0.0197    33        0.0218        0.0196 12170370    9.80%
 164709 145141        0.0202    28        0.0218        0.0196 12300893    9.80%
 166326 146457        0.0202    32        0.0218        0.0196 12379638    9.80%
 167848 147728        0.0210    34        0.0218        0.0196 12469570    9.80%
Elapsed time = 460.31 sec. (555519.28 ticks, tree = 4726.37 MB, solutions = 48)
Nodefile size = 2669.77 MB (1704.21 MB after compression)
 169487 149071        0.0205    31        0.0218        0.0196 12557024    9.80%
 171261 150492        0.0197    35        0.0218        0.0196 12645783    9.80%
 173235 151990        0.0196    29        0.0218        0.0196 12729080    9.80%
 174592 154218    infeasible              0.0218        0.0196 12871192    9.80%
 176174 155555        0.0196    36        0.0218        0.0196 12964648    9.80%
 177813 157088        0.0206    28        0.0218        0.0196 13052147    9.80%
 179443 158576        0.0197    24        0.0218        0.0196 13142261    9.80%
 181006 159929        0.0203    28        0.0218        0.0196 13228660    9.80%
 182473 161505        0.0203    29        0.0218        0.0196 13325838    9.80%
 184217 162721        0.0206    25        0.0218        0.0196 13420842    9.80%
Elapsed time = 495.58 sec. (593684.46 ticks, tree = 5209.56 MB, solutions = 48)
Nodefile size = 3150.87 MB (2009.50 MB after compression)
 185563 164313        0.0199    26        0.0218        0.0196 13524044    9.80%
 187080 165665        0.0204    30        0.0218        0.0196 13626085    9.80%
 188495 167487        0.0196    32        0.0218        0.0196 13746087    9.80%
 190184 168087        0.0198    32        0.0218        0.0196 13788738    9.80%
 191833 170348        0.0201    32        0.0218        0.0196 13919760    9.80%
 193536 171540        0.0205    31        0.0218        0.0196 13989376    9.80%
 195484 173447        0.0205    36        0.0218        0.0196 14099553    9.80%
 196925 174644        0.0201    34        0.0218        0.0196 14174539    9.80%
 198596 176440        0.0196    35        0.0218        0.0196 14278224    9.80%
 200311 178057        0.0197    30        0.0218        0.0196 14373593    9.80%
Elapsed time = 530.50 sec. (631845.89 ticks, tree = 5703.58 MB, solutions = 48)
Nodefile size = 3641.01 MB (2320.45 MB after compression)
*200963+177774                            0.0217        0.0196             9.72%
 201767 179001        0.0209    31        0.0217        0.0196 14440534    9.72%
 203550 181057        0.0200    28        0.0217        0.0196 14567622    9.72%
 204885 182064        0.0200    35        0.0217        0.0196 14623197    9.72%
 205682 183126        0.0196    31        0.0217        0.0196 14697700    9.72%
 207178 184295        0.0210    27        0.0217        0.0196 14764519    9.72%
 208099 185460        0.0197    30        0.0217        0.0196 14831247    9.72%
 209268 186495        0.0204    33        0.0217        0.0196 14910000    9.72%
 210518 187671        0.0199    31        0.0217        0.0196 14982016    9.72%
 211658 188726        0.0209    31        0.0217        0.0196 15042944    9.72%
 212830 189570        0.0199    32        0.0217        0.0196 15100685    9.72%
Elapsed time = 564.80 sec. (670032.37 ticks, tree = 6074.60 MB, solutions = 49)
Nodefile size = 4017.89 MB (2559.79 MB after compression)
 214066 190952        0.0204    30        0.0217        0.0196 15188587    9.72%
 214908 191766        0.0203    28        0.0217        0.0196 15256501    9.72%
 215928 192767        0.0197    29        0.0217        0.0196 15316469    9.72%
 217345 193786        0.0205    30        0.0217        0.0196 15376327    9.72%
 218459 194952        0.0197    31        0.0217        0.0196 15443883    9.72%
 219716 195943        0.0205    33        0.0217        0.0196 15501281    9.72%
 220960 197473        0.0197    33        0.0217        0.0196 15597158    9.72%
 222040 198177        0.0198    29        0.0217        0.0196 15642470    9.72%
 223307 199577        0.0199    31        0.0217        0.0196 15719715    9.72%
 224532 200368        0.0199    26        0.0217        0.0196 15770416    9.72%
Elapsed time = 598.53 sec. (708213.28 ticks, tree = 6422.48 MB, solutions = 49)
Nodefile size = 4362.67 MB (2778.57 MB after compression)

Implied bound cuts applied:  18

Root node processing (before b&c):
  Real time             =    2.05 sec. (1872.80 ticks)
Parallel b&c, 4 threads:
  Real time             =  598.92 sec. (708618.69 ticks)
  Sync time (average)   =   72.95 sec.
  Wait time (average)   =    0.00 sec.
                          ------------
Total (root+branch&cut) =  600.97 sec. (710491.49 ticks)
