Version identifier: 22.2.0.0 | 2026-05-04 | 5dff98e58
CPXPARAM_Read_DataCheck                          1
CPXPARAM_Threads                                 4
CPXPARAM_Parallel                                1
CPXPARAM_RandomSeed                              20260925
CPXPARAM_Simplex_Tolerances_Optimality           1.0000000000000001e-09
CPXPARAM_Simplex_Tolerances_Feasibility          1.0000000000000001e-09
CPXPARAM_TimeLimit                               600
CPXPARAM_MIP_Tolerances_AbsMIPGap                1.0000000000000001e-09
CPXPARAM_MIP_Tolerances_Integrality              1.0000000000000001e-09
Legacy callback                                  i
1 of 1 MIP starts provided solutions.
MIP start 'm1' defined initial solution with objective 0.0175.
Tried aggregator 2 times.
MIP Presolve eliminated 75 rows and 2 columns.
MIP Presolve modified 288 coefficients.
Aggregator did 3 substitutions.
Reduced MIP has 368 rows, 393 columns, and 2019 nonzeros.
Reduced MIP has 96 binaries, 0 generals, 0 SOSs, and 0 indicators.
Presolve time = 0.02 sec. (1.16 ticks)
Probing time = 0.00 sec. (0.07 ticks)
Tried aggregator 1 time.
Detecting symmetries...
MIP Presolve modified 48 coefficients.
Reduced MIP has 368 rows, 393 columns, and 2019 nonzeros.
Reduced MIP has 96 binaries, 0 generals, 0 SOSs, and 0 indicators.
Presolve time = 0.00 sec. (0.92 ticks)
Probing time = 0.00 sec. (0.07 ticks)
MIP emphasis: balance optimality and feasibility.
MIP search method: dynamic search.
Parallel mode: deterministic, using up to 4 threads.
Root relaxation solution time = 0.00 sec. (1.42 ticks)

        Nodes                                         Cuts/
   Node  Left     Objective  IInf  Best Integer    Best Bound    ItCnt     Gap

*     0+    0                            0.0175        0.0000           100.00%
      0     0        0.0169     8        0.0175        0.0169      124    3.02%
      0     0        0.0169     8        0.0175      Cuts: 15      156    3.02%
      0     0        0.0169    13        0.0175      Cuts: 15      208    3.02%
*     0+    0                            0.0175        0.0169             3.02%
Detecting symmetries...
      0     2        0.0169    12        0.0175        0.0169      208    3.02%
Elapsed time = 0.06 sec. (38.78 ticks, tree = 0.02 MB, solutions = 1)

Cover cuts applied:  2
Mixed integer rounding cuts applied:  14
Lift and project cuts applied:  3

Root node processing (before b&c):
  Real time             =    0.06 sec. (38.59 ticks)
Parallel b&c, 4 threads:
  Real time             =    0.03 sec. (19.72 ticks)
  Sync time (average)   =    0.01 sec.
  Wait time (average)   =    0.00 sec.
                          ------------
Total (root+branch&cut) =    0.09 sec. (58.31 ticks)
