Version identifier: 22.2.0.0 | 2026-05-04 | 5dff98e58
CPXPARAM_Read_DataCheck                          1
CPXPARAM_Threads                                 4
CPXPARAM_Parallel                                1
CPXPARAM_RandomSeed                              20260925
CPXPARAM_MIP_Strategy_Search                     1
CPXPARAM_Simplex_Tolerances_Optimality           1.0000000000000001e-09
CPXPARAM_Simplex_Tolerances_Feasibility          1.0000000000000001e-09
CPXPARAM_TimeLimit                               600
CPXPARAM_MIP_Tolerances_AbsMIPGap                1.0000000000000001e-09
CPXPARAM_MIP_Tolerances_Integrality              1.0000000000000001e-09
Legacy callback                                  iLUD
Lazy constraint(s) or lazy constraint/branch callback is present.
    Disabling dual reductions (CPX_PARAM_REDUCE) in presolve.
    Disabling presolve reductions that prevent crushing forms (CPX_PARAM_PREREFORM).
         Disabling repeat represolve because of lazy constraint/incumbent callback.
Warning: Effort level 'CheckFeas' is incompatible with lazy constraint/incumbent callback.
         Effort level increased to 'SolveFixed'.
1 of 1 MIP starts provided solutions.
MIP start 'm1' defined initial solution with objective -0.3006.
Tried aggregator 1 time.
MIP Presolve eliminated 38 rows and 0 columns.
Reduced MIP has 298 rows, 362 columns, and 2153 nonzeros.
Reduced MIP has 174 binaries, 0 generals, 0 SOSs, and 0 indicators.
Presolve time = 0.00 sec. (0.79 ticks)
Probing time = 0.00 sec. (0.08 ticks)
MIP emphasis: balance optimality and feasibility.
MIP search method: traditional branch-and-cut.
Parallel mode: deterministic, using up to 4 threads.
Root relaxation solution time = 0.02 sec. (6.10 ticks)

        Nodes                                         Cuts/
   Node  Left     Objective  IInf  Best Integer    Best Bound    ItCnt     Gap         Variable B NodeID Parent  Depth

*     0+    0                           -0.3006       -1.0000           232.67%
      0     0       -0.3760    33       -0.3006       -0.3760      394   25.08%
      0     0       -0.3754    43       -0.3006       Cuts: 6      484   24.87%
      0     0       -0.3745    46       -0.3006       Cuts: 6      533   24.60%
*     0+    0                           -0.3244       -0.3745            15.45%
      0     0       -0.3740    49       -0.3244       Cuts: 7      616   15.28%
      0     0       -0.3734    48       -0.3244    MIRcuts: 4      632   15.09%
      0     0       -0.3729    51       -0.3244       Cuts: 6      657   14.94%
      0     0       -0.3725    50       -0.3244       Cuts: 3      685   14.84%
      0     0       -0.3721    48       -0.3244       Cuts: 2      708   14.71%
      0     0       -0.3721    50       -0.3244   Flowcuts: 3      716   14.69%
*     0+    0                           -0.3512       -0.3721             5.94%
      0     2       -0.3721    49       -0.3512       -0.3721      716    5.94%                        0             0
Elapsed time = 0.14 sec. (103.30 ticks, tree = 0.02 MB, solutions = 3)
    871   506       -0.3530    22       -0.3512       -0.3635    19632    3.51%             x58 D    956    952     20
*   914+  569                           -0.3542       -0.3635             2.64%
   2245  1188        cutoff             -0.3542       -0.3613    48864    2.02%            x130 U   2340   2336     20
*  3545+ 1834                           -0.3571       -0.3602             0.86%
   3941   955       -0.3584    14       -0.3571       -0.3601    79941    0.83%             x86 U   3851   3843     19
   5744  1180       -0.3587    18       -0.3571       -0.3593   115250    0.61%            x125 D   5591   5587     21
   8116    91        cutoff             -0.3571       -0.3573   148167    0.05%            x170 U   7867   5515     27

Flow cuts applied:  10
Mixed integer rounding cuts applied:  8
Gomory fractional cuts applied:  2

Root node processing (before b&c):
  Real time             =    0.14 sec. (103.08 ticks)
Parallel b&c, 4 threads:
  Real time             =    2.84 sec. (1199.84 ticks)
  Sync time (average)   =    0.22 sec.
  Wait time (average)   =    0.00 sec.
                          ------------
Total (root+branch&cut) =    2.98 sec. (1302.91 ticks)
