Version identifier: 22.2.0.0 | 2026-05-04 | 5dff98e58
CPXPARAM_Read_DataCheck                          1
CPXPARAM_Threads                                 4
CPXPARAM_Parallel                                1
CPXPARAM_RandomSeed                              20260925
CPXPARAM_MIP_Strategy_Search                     1
CPXPARAM_Simplex_Tolerances_Optimality           1.0000000000000001e-09
CPXPARAM_Simplex_Tolerances_Feasibility          1.0000000000000001e-09
CPXPARAM_TimeLimit                               600
CPXPARAM_MIP_Tolerances_AbsMIPGap                1.0000000000000001e-09
CPXPARAM_MIP_Tolerances_Integrality              1.0000000000000001e-09
Legacy callback                                  iLUD
Lazy constraint(s) or lazy constraint/branch callback is present.
    Disabling dual reductions (CPX_PARAM_REDUCE) in presolve.
    Disabling presolve reductions that prevent crushing forms (CPX_PARAM_PREREFORM).
         Disabling repeat represolve because of lazy constraint/incumbent callback.
Warning: Effort level 'CheckFeas' is incompatible with lazy constraint/incumbent callback.
         Effort level increased to 'SolveFixed'.
1 of 1 MIP starts provided solutions.
MIP start 'm1' defined initial solution with objective 0.1052.
Tried aggregator 1 time.
MIP Presolve eliminated 34 rows and 0 columns.
MIP Presolve modified 58 coefficients.
Reduced MIP has 209 rows, 246 columns, and 1608 nonzeros.
Reduced MIP has 116 binaries, 0 generals, 0 SOSs, and 0 indicators.
Presolve time = 0.00 sec. (0.83 ticks)
Probing time = 0.00 sec. (0.06 ticks)
MIP emphasis: balance optimality and feasibility.
MIP search method: traditional branch-and-cut.
Parallel mode: deterministic, using up to 4 threads.
Root relaxation solution time = 0.00 sec. (2.51 ticks)

        Nodes                                         Cuts/
   Node  Left     Objective  IInf  Best Integer    Best Bound    ItCnt     Gap         Variable B NodeID Parent  Depth

*     0+    0                            0.1052        0.0000           100.00%
      0     0        0.0939    13        0.1052        0.0939      196   10.76%
      0     0        0.0955    16        0.1052       Cuts: 4      219    9.19%
      0     0        0.0970    22        0.1052       Cuts: 5      246    7.79%
      0     0        0.0976    19        0.1052    MIRcuts: 1      271    7.21%
      0     2        0.0981    21        0.1052        0.0976      271    7.21%                        0             0
Elapsed time = 0.03 sec. (24.53 ticks, tree = 0.02 MB, solutions = 1)
*    13+    2                            0.1020        0.0994             2.50%
*    23+    2                            0.1017        0.0997             2.06%

Flow cuts applied:  1
Mixed integer rounding cuts applied:  5
Gomory fractional cuts applied:  1
User cuts applied:  5

Root node processing (before b&c):
  Real time             =    0.03 sec. (24.38 ticks)
Parallel b&c, 4 threads:
  Real time             =    0.03 sec. (24.96 ticks)
  Sync time (average)   =    0.01 sec.
  Wait time (average)   =    0.00 sec.
                          ------------
Total (root+branch&cut) =    0.06 sec. (49.34 ticks)
