Version identifier: 22.2.0.0 | 2026-05-04 | 5dff98e58
CPXPARAM_Read_DataCheck                          1
CPXPARAM_Threads                                 4
CPXPARAM_Parallel                                1
CPXPARAM_RandomSeed                              20260925
CPXPARAM_Simplex_Tolerances_Optimality           1.0000000000000001e-09
CPXPARAM_Simplex_Tolerances_Feasibility          1.0000000000000001e-09
CPXPARAM_TimeLimit                               600
CPXPARAM_MIP_Tolerances_AbsMIPGap                1.0000000000000001e-09
CPXPARAM_MIP_Tolerances_Integrality              1.0000000000000001e-09
Legacy callback                                  i
Tried aggregator 1 time.
MIP Presolve eliminated 40 rows and 2 columns.
MIP Presolve modified 504 coefficients.
Reduced MIP has 657 rows, 708 columns, and 5670 nonzeros.
Reduced MIP has 174 binaries, 0 generals, 0 SOSs, and 0 indicators.
Presolve time = 0.02 sec. (2.27 ticks)
Probing time = 0.00 sec. (0.17 ticks)
Tried aggregator 1 time.
Detecting symmetries...
Reduced MIP has 657 rows, 708 columns, and 5670 nonzeros.
Reduced MIP has 174 binaries, 0 generals, 0 SOSs, and 0 indicators.
Presolve time = 0.00 sec. (2.24 ticks)
Probing time = 0.00 sec. (0.17 ticks)
MIP emphasis: balance optimality and feasibility.
MIP search method: dynamic search.
Parallel mode: deterministic, using up to 4 threads.
Root relaxation solution time = 0.00 sec. (6.60 ticks)

        Nodes                                         Cuts/
   Node  Left     Objective  IInf  Best Integer    Best Bound    ItCnt     Gap

      0     0        0.1297    21                      0.1297      321         
      0     0        0.1298    44                    Cuts: 54      526         
      0     0        0.1302    39                    Cuts: 35      713         
      0     0        0.1303    45                    Cuts: 40      786         
      0     0        0.1305    55                 MIRcuts: 40      903         
      0     0        0.1305    63                 MIRcuts: 39     1021         
Detecting symmetries...
      0     0        0.1313    53                 MIRcuts: 42     1196         
      0     0        0.1314    57                 MIRcuts: 40     1350         
      0     0        0.1314    44                 MIRcuts: 30     1568         
      0     0        0.1315    52                 MIRcuts: 43     1705         
Detecting symmetries...
      0     2        0.1315    43                      0.1315     1705         
Elapsed time = 0.45 sec. (537.60 ticks, tree = 0.02 MB, solutions = 0)
    206   144        0.1498    34                      0.1334    17902         
    529   307        0.1409    25                      0.1338    36573         
    812   512    infeasible                            0.1339    59993         
   1159   780        0.1385    28                      0.1342    86284         
   1493  1001    infeasible                            0.1342   110526         
   1813  1271    infeasible                            0.1344   138287         
   2152  1498    infeasible                            0.1345   169347         
   2480  1613        0.1398    24                      0.1346   189418         

Performing restart 1

Repeating presolve.
Tried aggregator 1 time.
MIP Presolve modified 168 coefficients.
Reduced MIP has 657 rows, 708 columns, and 5622 nonzeros.
Reduced MIP has 174 binaries, 0 generals, 0 SOSs, and 0 indicators.
Presolve time = 0.02 sec. (2.54 ticks)
Tried aggregator 1 time.
Reduced MIP has 657 rows, 708 columns, and 5622 nonzeros.
Reduced MIP has 174 binaries, 0 generals, 0 SOSs, and 0 indicators.
Presolve time = 0.00 sec. (2.25 ticks)
Represolve time = 0.02 sec. (9.50 ticks)
   2514     0        0.1317    45                    Cuts: 44   201226         
   2514     0        0.1323    46                    Cuts: 56   201489         
   2514     0        0.1323    49                    Cuts: 30   201601         
   2514     0        0.1323    60                    Cuts: 21   201786         
   2514     0        0.1324    61                    Cuts: 34   202085         
   2514     0        0.1325    65                    Cuts: 27   202135         
   2514     0        0.1327    66                    Cuts: 35   202240         
   2514     0        0.1328    68                    Cuts: 31   202415         
   2514     0        0.1332    70                    Cuts: 31   202558         
   2514     0        0.1335    63                    Cuts: 33   202678         
   2514     0        0.1336    67                    Cuts: 19   202745         
   2514     0        0.1338    72                    Cuts: 20   202834         
   2514     0        0.1340    76                    Cuts: 20   202956         
   2514     0        0.1343    73                    Cuts: 24   203049         
   2514     0        0.1343    75                    Cuts: 12   203118         
   2514     0        0.1344    65                  MIRcuts: 9   203194         
   2514     0        0.1345    71                  MIRcuts: 5   203224         
   2514     2        0.1345    71                      0.1370   203224         
   2835   215        0.1397    39                      0.1370   232945         
Elapsed time = 7.36 sec. (6431.48 ticks, tree = 0.42 MB, solutions = 0)
   3489   738        0.1428    45                      0.1370   281005         
   4084  1173        0.1443    34                      0.1370   332517         
   4689  1574    infeasible                            0.1370   386298         
   5260  2042        0.1397    50                      0.1370   434193         
   5780  2423        0.1466    28                      0.1370   486910         
   6362  2818        0.1407    35                      0.1370   536223         

Performing restart 2

Repeating presolve.
Tried aggregator 1 time.
Reduced MIP has 657 rows, 708 columns, and 5622 nonzeros.
Reduced MIP has 174 binaries, 0 generals, 0 SOSs, and 0 indicators.
Presolve time = 0.02 sec. (1.61 ticks)
Tried aggregator 1 time.
Reduced MIP has 657 rows, 708 columns, and 5622 nonzeros.
Reduced MIP has 174 binaries, 0 generals, 0 SOSs, and 0 indicators.
Presolve time = 0.00 sec. (2.25 ticks)
Represolve time = 0.03 sec. (16.94 ticks)
   6370     0        0.1347    65                    Cuts: 16   546367         
   6370     0        0.1351    64                    Cuts: 26   546483         
   6370     0        0.1352    64                 MIRcuts: 17   546567         
   6370     0        0.1357    65                  MIRcuts: 6   546694         
   6370     0        0.1360    66                    Cuts: 26   546846         
   6370     0        0.1361    69                    Cuts: 18   546935         
   6370     0        0.1362    72                    Cuts: 15   547022         
   6370     0        0.1363    65                    Cuts: 14   547125         
   6370     0        0.1363    67                     Cuts: 5   547144         
   6370     0        0.1363    68                  MIRcuts: 4   547179         
   6370     0        0.1364    67                  MIRcuts: 1   547269         
   6370     0        0.1365    70                     Cuts: 8   547349         
   6370     0        0.1365    67                  MIRcuts: 5   547392         
   6370     2        0.1365    67                      0.1373   547392         
   6429    50        0.1440    43                      0.1373   554469         
   6651   198        0.1414    37                      0.1375   584223         
   7142   514        0.1415    41                      0.1381   633538         
Elapsed time = 16.77 sec. (16364.48 ticks, tree = 1.45 MB, solutions = 0)
   7673   936        0.1416    56                      0.1385   688024         
   8287  1318        0.1406    48                      0.1387   736593         
   8934  1838        0.1445    45                      0.1390   803281         
   9521  2235        0.1416    45                      0.1392   863225         
  10076  2629        0.1403    51                      0.1393   937897         
  10596  2924        0.1528    45                      0.1394   997267         
  11208  3331    infeasible                            0.1395  1068844         
  11771  3630        0.1456    42                      0.1397  1134475         
  12336  4002        0.1430    52                      0.1398  1221511         
  12886  4288        0.1420    44                      0.1398  1283470         
Elapsed time = 24.42 sec. (25922.80 ticks, tree = 16.06 MB, solutions = 0)
  13429  4656        0.1555    26                      0.1399  1360240         
  14002  4997    infeasible                            0.1400  1436801         
  14573  5287        0.1426    49                      0.1401  1492270         
  15218  5753        0.1508    44                      0.1401  1584483         
  15848  6089        0.1478    46                      0.1402  1664029         
  16394  6439        0.1448    42                      0.1403  1747480         
  17028  6746        0.1493    37                      0.1404  1809305         
  17660  7108    infeasible                            0.1404  1887382         
  18239  7502    infeasible                            0.1405  1981962         
  18868  7798        0.1472    31                      0.1406  2058541         
Elapsed time = 32.34 sec. (35470.24 ticks, tree = 19.58 MB, solutions = 0)
  19516  8087        0.1447    27                      0.1407  2124908         
  20211  8535        0.1482    41                      0.1407  2230519         
  20793  8944        0.1433    43                      0.1408  2320935         
  21402  9292        0.1451    40                      0.1408  2403107         
  22062  9669        0.1480    47                      0.1409  2489952         
  22691  9964    infeasible                            0.1409  2561798         
  23306 10324    infeasible                            0.1410  2642678         
  23922 10602        0.1426    42                      0.1410  2720314         
  24526 10874        0.1434    55                      0.1411  2778645         
  25153 11295    infeasible                            0.1411  2872961         
Elapsed time = 40.72 sec. (45021.69 ticks, tree = 20.17 MB, solutions = 0)
  25806 11602    infeasible                            0.1412  2946918         
  26429 11943        0.1450    38                      0.1413  3042308         
  27077 12320        0.1553    31                      0.1413  3128901         
  27725 12585        0.1510    41                      0.1413  3195716         
  28294 12962    infeasible                            0.1414  3299141         
  28920 13202        0.1438    59                      0.1414  3358818         
  29527 13672        0.1471    44                      0.1415  3478573         
  30152 13889    infeasible                            0.1415  3539584         
  30795 14250        0.1419    42                      0.1416  3629906         
  31374 14554        0.1476    54                      0.1416  3703253         
Elapsed time = 48.44 sec. (54572.00 ticks, tree = 21.30 MB, solutions = 0)
  32014 15016        0.1434    47                      0.1416  3815636         
  32634 15267        0.1464    36                      0.1417  3876906         
  33234 15481        0.1458    47                      0.1417  3939386         
  33869 15903        0.1432    49                      0.1417  4058265         
  34450 16268    infeasible                            0.1418  4149261         
  35105 16543    infeasible                            0.1418  4229396         
  35718 16759        0.1450    30                      0.1418  4283062         
  36316 17076        0.1436    50                      0.1418  4373105         
  36964 17507        0.1490    45                      0.1419  4478497         
  37577 17700        0.1463    46                      0.1419  4539537         
Elapsed time = 55.97 sec. (64126.53 ticks, tree = 23.46 MB, solutions = 0)
  38192 18126        0.1484    55                      0.1419  4647047         
  38813 18369        0.1459    42                      0.1420  4712244         
  39438 18744        0.1442    40                      0.1420  4820283         
  40039 19071        0.1491    41                      0.1420  4909542         
  40677 19295        0.1476    39                      0.1421  4974236         
  41384 19639        0.1448    44                      0.1421  5068665         
  41997 19973        0.1494    19                      0.1421  5149821         
  42615 20252    infeasible                            0.1421  5226057         
  43217 20485        0.1530    46                      0.1422  5293031         
  43918 20878    infeasible                            0.1422  5402598         
Elapsed time = 63.56 sec. (73678.01 ticks, tree = 24.20 MB, solutions = 0)
  44576 21093        0.1441    48                      0.1422  5465345         
  45212 21394        0.1464    26                      0.1423  5545363         
  45909 21717    infeasible                            0.1423  5624071         
  46507 22183    infeasible                            0.1423  5750577         
  47126 22596    infeasible                            0.1423  5857486         
  47703 22827    infeasible                            0.1424  5920543         
  48331 23173        0.1499    44                      0.1424  6016006         
  49022 23337        0.1455    37                      0.1424  6064988         
  49657 23852        0.1473    37                      0.1424  6194262         
  50319 24015        0.1476    51                      0.1425  6240837         
Elapsed time = 71.22 sec. (83224.61 ticks, tree = 24.90 MB, solutions = 0)
  50940 24359        0.1453    53                      0.1425  6339162         
  51492 24625    infeasible                            0.1425  6421410         
  52153 24794        0.1451    54                      0.1425  6482302         
  52734 25081    infeasible                            0.1426  6583163         
  53341 25357        0.1472    52                      0.1426  6644783         
  53961 25712        0.1443    35                      0.1426  6770372         
  54613 26052        0.1445    44                      0.1426  6866128         
  55299 26328        0.1445    53                      0.1427  6934745         
  55941 26690        0.1475    38                      0.1427  7030923         
  58408 27837        0.1437    41                      0.1428  7375491         
Elapsed time = 81.45 sec. (95640.16 ticks, tree = 25.82 MB, solutions = 0)
  60862 28918        0.1472    38                      0.1429  7705533         
  63424 30060    infeasible                            0.1429  8052714         
  65906 31096    infeasible                            0.1430  8351963         
  68350 32185        0.1482    39                      0.1431  8711860         
  70933 33506    infeasible                            0.1432  9086270         
  73465 34523        0.1458    41                      0.1432  9415528         
  76012 35570        0.1470    33                      0.1433  9749582         
  78474 36728        0.1472    37                      0.1434 10127597         
  80972 37630        0.1462    41                      0.1435 10447544         
  83420 38680    infeasible                            0.1435 10801227         
Elapsed time = 112.83 sec. (133798.71 ticks, tree = 30.90 MB, solutions = 0)
  86072 39812    infeasible                            0.1436 11126747         
  88561 40776        0.1493    35                      0.1437 11472836         
  91179 41851    infeasible                            0.1437 11819541         
  93750 42945        0.1487    55                      0.1438 12170336         
  96319 44148        0.1445    46                      0.1439 12569478         
  98849 45060    infeasible                            0.1439 12888910         
 101269 45930    infeasible                            0.1440 13207402         
 103865 46946    infeasible                            0.1440 13578770         
 106355 47902        0.1596    35                      0.1441 13923917         
 108821 48908    infeasible                            0.1441 14292802         
Elapsed time = 143.59 sec. (171961.14 ticks, tree = 35.18 MB, solutions = 0)
 111382 49727        0.1469    50                      0.1442 14601070         
 113891 50907        0.1524    37                      0.1442 15004121         
 116448 51858        0.1503    46                      0.1443 15354066         
 118805 52576        0.1457    43                      0.1443 15692231         
 120990 53051        0.1479    32                      0.1444 16008332         
 123115 53595    infeasible                            0.1444 16346751         
 125190 54101        0.1535    37                      0.1445 16739944         
 127311 54519        0.1553    37                      0.1445 17040552         
 129421 54945    infeasible                            0.1446 17401422         
 131527 55447        0.1488    50                      0.1447 17752141         
Elapsed time = 176.72 sec. (210125.58 ticks, tree = 37.35 MB, solutions = 0)
 133716 55918    infeasible                            0.1447 18098179         
 135875 56368    infeasible                            0.1448 18426557         
 138043 56883        0.1518    27                      0.1448 18821999         
 140118 57249    infeasible                            0.1448 19158716         
 142240 57619        0.1495    38                      0.1449 19473250         
 144445 58130        0.1538    44                      0.1449 19857608         
 146501 58459    infeasible                            0.1450 20200251         
 148669 58862        0.1535    33                      0.1450 20586725         
 150764 59222        0.1471    38                      0.1451 20959634         
 152924 59599    infeasible                            0.1451 21266990         
Elapsed time = 208.11 sec. (248286.13 ticks, tree = 38.57 MB, solutions = 0)
 155043 59962        0.1483    51                      0.1452 21616715         
 157129 60243        0.1514    42                      0.1452 21967344         
 159099 60441        0.1476    48                      0.1453 22344944         
 161173 60645    infeasible                            0.1453 22683468         
 163247 60950    infeasible                            0.1454 23017684         
 165322 61278        0.1478    30                      0.1454 23379211         
 167401 61518        0.1504    45                      0.1455 23767804         
 169471 61806    infeasible                            0.1455 24042453         
 171534 62114    infeasible                            0.1456 24410188         
 173617 62350        0.1551    50                      0.1456 24751595         
Elapsed time = 238.45 sec. (286446.27 ticks, tree = 39.81 MB, solutions = 0)
 175738 62576        0.1589    46                      0.1457 25072639         
 177899 62867    infeasible                            0.1457 25448675         
 180062 63240        0.1496    45                      0.1457 25807444         
 182231 63593        0.1485    33                      0.1458 26188167         
 184365 63805        0.1553    40                      0.1458 26519847         
 186489 64037        0.1511    44                      0.1459 26929059         
 188570 64185        0.1469    47                      0.1459 27215987         
 190807 64526        0.1486    34                      0.1460 27584846         
 192915 64834        0.1481    48                      0.1460 27974948         
 195000 65010        0.1484    42                      0.1461 28286364         
Elapsed time = 266.38 sec. (324612.97 ticks, tree = 40.47 MB, solutions = 0)
 197191 65336        0.1486    37                      0.1461 28630607         
 199307 65471        0.1485    40                      0.1461 29004434         
 201477 65812    infeasible                            0.1462 29399638         
 203543 65990        0.1566    49                      0.1462 29753113         
 205741 66121    infeasible                            0.1463 30050810         
 207929 66419    infeasible                            0.1463 30479732         
 210029 66624    infeasible                            0.1464 30778174         
 212136 66736        0.1489    45                      0.1464 31137733         
 214196 66762    infeasible                            0.1464 31469882         
 216396 67032        0.1487    39                      0.1465 31882390         
Elapsed time = 294.34 sec. (362778.18 ticks, tree = 43.39 MB, solutions = 0)
 218519 67132        0.1492    48                      0.1465 32239236         
*219400+67189                            0.1512        0.1465             3.08%
 221405 47542        cutoff              0.1512        0.1466 32592641    3.06%
*223505 47118      integral     0        0.1502        0.1466 32804548    2.43%
 224784 39936        0.1489    49        0.1502        0.1466 32826895    2.42%
 228448 39034        cutoff              0.1502        0.1467 33125336    2.36%
*228786 38990      integral     0        0.1502        0.1467 33153630    2.31%
*229236+38084                            0.1500        0.1467             2.19%
 232564 35528        cutoff              0.1500        0.1468 33480283    2.13%
 236587 34372        cutoff              0.1500        0.1469 33705215    2.05%
 240685 32806        cutoff              0.1500        0.1471 34009070    1.94%
 244959 31202        0.1497    48        0.1500        0.1472 34276376    1.84%
 249547 28722        0.1480    28        0.1500        0.1474 34633824    1.70%
Elapsed time = 320.19 sec. (397453.52 ticks, tree = 21.76 MB, solutions = 5)
 254478 26201        cutoff              0.1500        0.1477 34911618    1.53%
 259699 23703        cutoff              0.1500        0.1480 35155123    1.36%
 265679 19720        cutoff              0.1500        0.1483 35453494    1.13%
 272757 14507        cutoff              0.1500        0.1487 35734785    0.85%
*277754 10278      integral     0        0.1498        0.1491 35890355    0.47%
 283627  2075        cutoff              0.1498        0.1496 35978993    0.13%

Cover cuts applied:  17
Flow cuts applied:  3
Mixed integer rounding cuts applied:  83
Lift and project cuts applied:  9

Root node processing (before b&c):
  Real time             =    0.45 sec. (537.20 ticks)
Parallel b&c, 4 threads:
  Real time             =  334.91 sec. (416322.79 ticks)
  Sync time (average)   =    9.39 sec.
  Wait time (average)   =    0.00 sec.
                          ------------
Total (root+branch&cut) =  335.36 sec. (416859.99 ticks)
