Version identifier: 22.2.0.0 | 2026-05-04 | 5dff98e58
CPXPARAM_Read_DataCheck                          1
CPXPARAM_Threads                                 4
CPXPARAM_Parallel                                1
CPXPARAM_RandomSeed                              20260925
CPXPARAM_MIP_Strategy_Search                     1
CPXPARAM_Simplex_Tolerances_Optimality           1.0000000000000001e-09
CPXPARAM_Simplex_Tolerances_Feasibility          1.0000000000000001e-09
CPXPARAM_TimeLimit                               600
CPXPARAM_MIP_Tolerances_AbsMIPGap                1.0000000000000001e-09
CPXPARAM_MIP_Tolerances_Integrality              1.0000000000000001e-09
Legacy callback                                  iLUD
Lazy constraint(s) or lazy constraint/branch callback is present.
    Disabling dual reductions (CPX_PARAM_REDUCE) in presolve.
    Disabling presolve reductions that prevent crushing forms (CPX_PARAM_PREREFORM).
         Disabling repeat represolve because of lazy constraint/incumbent callback.
Warning: Effort level 'CheckFeas' is incompatible with lazy constraint/incumbent callback.
         Effort level increased to 'SolveFixed'.
1 of 1 MIP starts provided solutions.
MIP start 'm1' defined initial solution with objective 0.0570.
Tried aggregator 1 time.
MIP Presolve eliminated 3106 rows and 0 columns.
Reduced MIP has 1469 rows, 2432 columns, and 13759 nonzeros.
Reduced MIP has 1200 binaries, 0 generals, 0 SOSs, and 0 indicators.
Presolve time = 0.00 sec. (11.36 ticks)
Probing time = 0.00 sec. (0.24 ticks)
MIP emphasis: balance optimality and feasibility.
MIP search method: traditional branch-and-cut.
Parallel mode: deterministic, using up to 4 threads.
Root relaxation solution time = 0.03 sec. (27.51 ticks)

        Nodes                                         Cuts/
   Node  Left     Objective  IInf  Best Integer    Best Bound    ItCnt     Gap         Variable B NodeID Parent  Depth

*     0+    0                            0.0570        0.0000           100.00%
      0     0        0.0522    10        0.0570        0.0522      882    8.46%
      0     0        0.0522    10        0.0570     Covers: 1      884    8.46%
      0     0        0.0522    10        0.0570     Covers: 1      885    8.46%
*     0+    0                            0.0553        0.0522             5.61%
      0     0  -1.00000e+75     0        0.0553        0.0522      885    5.61%
      0     2        0.0522    10        0.0553        0.0522      885    5.61%                        0             0
Elapsed time = 0.30 sec. (147.09 ticks, tree = 0.02 MB, solutions = 2)
*    10+    1                            0.0553        0.0522             5.60%
*    12+    3                            0.0553        0.0522             5.60%
*   179+   91                            0.0553        0.0522             5.58%
    211   108        0.0553     6        0.0553        0.0522     4875    5.58%            x390 D    195    191     25
*   563+  289                            0.0553        0.0522             5.51%
*   573+  268                            0.0553        0.0522             5.49%
*   587+  294                            0.0553        0.0522             5.49%
*   626+  321                            0.0553        0.0524             5.14%
    717   353        0.0541    21        0.0553        0.0525    13172    5.07%            x756 D    768    764     13
*  1038+  528                            0.0553        0.0528             4.38%
   1219   619        0.0546    25        0.0553        0.0532    23493    3.70%            x768 D   1151   1147     11
   1691   862        cutoff              0.0553        0.0538    38147    2.62%            x774 U   1655   1647     16
   2229  1007        0.0548    17        0.0553        0.0540    48890    2.31%            x216 U   2300    316     30
   2838  1164        0.0549     9        0.0553        0.0542    62157    1.84%            x995 D   2862   2858     13
   3361  1352        0.0552    26        0.0553        0.0544    76468    1.49%            x156 D   3420   3416     18
   3931  1328        cutoff              0.0553        0.0546    88795    1.21%            x156 U   3885   3359     20
   4568  1231        cutoff              0.0553        0.0548    99532    0.80%           x1019 U   4624   4616     37
   7507   946        cutoff              0.0553        0.0552   135633    0.13%            x366 U   7611   7435     20
Elapsed time = 16.00 sec. (3250.71 ticks, tree = 1.12 MB, solutions = 12)

Cover cuts applied:  20
User cuts applied:  19

Root node processing (before b&c):
  Real time             =    0.30 sec. (146.44 ticks)
Parallel b&c, 4 threads:
  Real time             =   18.45 sec. (3973.71 ticks)
  Sync time (average)   =    0.93 sec.
  Wait time (average)   =    0.00 sec.
                          ------------
Total (root+branch&cut) =   18.75 sec. (4120.15 ticks)
