Version identifier: 22.2.0.0 | 2026-05-04 | 5dff98e58
CPXPARAM_Read_DataCheck                          1
CPXPARAM_Threads                                 4
CPXPARAM_Parallel                                1
CPXPARAM_RandomSeed                              20260925
CPXPARAM_Simplex_Tolerances_Optimality           1.0000000000000001e-09
CPXPARAM_Simplex_Tolerances_Feasibility          1.0000000000000001e-09
CPXPARAM_TimeLimit                               600
CPXPARAM_MIP_Tolerances_AbsMIPGap                1.0000000000000001e-09
CPXPARAM_MIP_Tolerances_Integrality              1.0000000000000001e-09
Legacy callback                                  i
1 of 1 MIP starts provided solutions.
MIP start 'm1' defined initial solution with objective 0.0293.
Tried aggregator 1 time.
MIP Presolve eliminated 1347 rows and 2 columns.
MIP Presolve modified 3324 coefficients.
Reduced MIP has 3968 rows, 4686 columns, and 49203 nonzeros.
Reduced MIP has 1164 binaries, 0 generals, 0 SOSs, and 0 indicators.
Presolve time = 0.03 sec. (38.55 ticks)
Probing time = 0.00 sec. (0.68 ticks)
Tried aggregator 1 time.
Detecting symmetries...
MIP Presolve modified 96 coefficients.
Reduced MIP has 3968 rows, 4686 columns, and 49203 nonzeros.
Reduced MIP has 1164 binaries, 0 generals, 0 SOSs, and 0 indicators.
Presolve time = 0.02 sec. (20.19 ticks)
Probing time = 0.00 sec. (0.78 ticks)
MIP emphasis: balance optimality and feasibility.
MIP search method: dynamic search.
Parallel mode: deterministic, using up to 4 threads.
Root relaxation solution time = 0.05 sec. (42.82 ticks)

        Nodes                                         Cuts/
   Node  Left     Objective  IInf  Best Integer    Best Bound    ItCnt     Gap

*     0+    0                            0.0293        0.0000           100.00%
      0     0        0.0230    71        0.0293        0.0230      954   21.57%
      0     0        0.0230    63        0.0293    MIRcuts: 5     1000   21.57%
      0     0        0.0230    64        0.0293    MIRcuts: 3     1050   21.57%
      0     0        0.0230    64        0.0293    MIRcuts: 5     1154   21.57%
      0     2        0.0230    61        0.0293        0.0230     1154   21.57%
Elapsed time = 2.11 sec. (1951.55 ticks, tree = 0.02 MB, solutions = 1)
     22    24        0.0235    66        0.0293        0.0230     2841   21.57%
     49    51        0.0237    65        0.0293        0.0230     3953   21.57%
     94     4        0.0230    67        0.0293        0.0230     1527   21.57%
    157   122        0.0232    63        0.0293        0.0230     9600   21.57%
    216   200        0.0231    57        0.0293        0.0230    15118   21.57%
    258   228        0.0234    51        0.0293        0.0230    16544   21.57%
    298   277        0.0235    49        0.0293        0.0230    20766   21.57%
    359   333        0.0253    28        0.0293        0.0230    26550   21.57%
    410   370        0.0261    25        0.0293        0.0230    28638   21.57%
*   435+  377                            0.0293        0.0230            21.54%
    614   502        0.0231    66        0.0293        0.0230    53321   21.54%
Elapsed time = 5.14 sec. (5112.25 ticks, tree = 7.65 MB, solutions = 2)
    836   675        0.0243    63        0.0293        0.0230    81296   21.54%
   1140   889        0.0247    36        0.0293        0.0230   110294   21.46%

Performing restart 1

Repeating presolve.
Tried aggregator 1 time.
Reduced MIP has 3968 rows, 4686 columns, and 49203 nonzeros.
Reduced MIP has 1164 binaries, 0 generals, 0 SOSs, and 0 indicators.
Presolve time = 0.00 sec. (13.86 ticks)
Tried aggregator 1 time.
Reduced MIP has 3968 rows, 4686 columns, and 49203 nonzeros.
Reduced MIP has 1164 binaries, 0 generals, 0 SOSs, and 0 indicators.
Presolve time = 0.02 sec. (20.45 ticks)
Represolve time = 0.03 sec. (41.20 ticks)
   1266     0        0.0230    66        0.0293       Cuts: 2   122418   21.46%
   1266     0        0.0230    69        0.0293       Cuts: 8   122560   21.46%
   1266     0        0.0230    69        0.0293       Cuts: 7   122683   21.46%
   1266     0        0.0230    64        0.0293       Cuts: 2   122724   21.46%
   1266     0        0.0230    67        0.0293       Cuts: 5   122782   21.46%
   1266     0        0.0230    69        0.0293       Cuts: 7   122911   21.46%
   1266     2        0.0230    67        0.0293        0.0230   122911   21.46%
   1290    21        0.0231    64        0.0293        0.0230   124271   21.46%
   1448   159        0.0243    64        0.0293        0.0230   132309   21.46%
   1619   320        0.0264    46        0.0293        0.0230   144504   21.46%
   1846   518        0.0251    54        0.0293        0.0230   158426   21.46%
   2036   713        0.0257    27        0.0293        0.0230   178775   21.46%
   2254   867        0.0269    39        0.0293        0.0230   196311   21.46%
   2454  1006        0.0235    62        0.0293        0.0230   205284   21.46%
Elapsed time = 17.44 sec. (20160.93 ticks, tree = 19.82 MB, solutions = 2)
   2870  1392        0.0252    36        0.0293        0.0230   224979   21.46%
   3187  1723        0.0258    32        0.0293        0.0230   244034   21.46%
   3556  2017        0.0230    61        0.0293        0.0230   267998   21.46%
   3915  2398        0.0233    67        0.0293        0.0230   291997   21.41%
   4327  2651        0.0249    36        0.0293        0.0230   306820   21.41%
   4637  3063        0.0265    34        0.0293        0.0230   332477   21.41%
   4860  3232        0.0240    59        0.0293        0.0230   345966   21.41%
   5211  3582        0.0250    39        0.0293        0.0230   370260   21.41%
   5541  3897        0.0256    35        0.0293        0.0230   385960   21.41%
   5996  4287        0.0243    44        0.0293        0.0230   405760   21.41%
Elapsed time = 24.70 sec. (29731.42 ticks, tree = 110.71 MB, solutions = 2)
   6342  4600        0.0263    44        0.0293        0.0230   423546   21.28%
   6639  4945        0.0262    46        0.0293        0.0230   450193   21.28%
   6941  5137        0.0248    52        0.0293        0.0230   464487   21.28%
   7400  5531        0.0262    25        0.0293        0.0230   484699   21.28%
   7758  5865        0.0277    23        0.0293        0.0230   499377   21.28%
   8210  6247        0.0264    36        0.0293        0.0230   515307   21.28%
   8604  6731        0.0264    41        0.0293        0.0230   543654   21.28%
   9006  7016        0.0231    70        0.0293        0.0230   562251   21.28%
   9388  7461        0.0231    72        0.0293        0.0230   588535   21.28%
   9734  7644        0.0231    67        0.0293        0.0230   597099   21.28%
Elapsed time = 31.89 sec. (39288.84 ticks, tree = 217.51 MB, solutions = 2)
  10035  8041        0.0245    57        0.0293        0.0230   620679   21.28%
  10497  8333        0.0247    44        0.0293        0.0230   644858   21.28%
  10879  8637        0.0253    46        0.0293        0.0230   662005   21.28%
  11316  9222        0.0243    57        0.0293        0.0230   694532   21.28%
  11732  9465        0.0239    54        0.0293        0.0230   707215   21.28%
  12191  9917        0.0264    51        0.0293        0.0230   731274   21.28%
  12623 10229        0.0251    46        0.0293        0.0230   748564   21.28%
  12907 10605        0.0233    62        0.0293        0.0230   770834   21.24%
  13406 11019        0.0269    44        0.0293        0.0230   799928   21.24%
  13776 11517        0.0237    56        0.0293        0.0230   824063   21.24%
Elapsed time = 39.19 sec. (48846.33 ticks, tree = 327.32 MB, solutions = 2)
  14207 11869        0.0253    40        0.0293        0.0230   841402   21.24%
  14758 12362        0.0248    57        0.0293        0.0230   866859   21.24%
  15088 12770        0.0253    27        0.0293        0.0230   896427   21.22%
  15464 13024        0.0250    53        0.0293        0.0231   914628   21.21%
  15863 13311        0.0243    54        0.0293        0.0231   930358   21.21%
  16274 13651        0.0262    27        0.0293        0.0231   954568   21.21%
  16606 14229        0.0234    55        0.0293        0.0231   989668   21.21%
  17028 14361        0.0268    55        0.0293        0.0231  1004375   21.20%
  17479 14712        0.0241    50        0.0293        0.0231  1023385   21.20%
  17982 15235        0.0243    56        0.0293        0.0231  1049388   21.20%
Elapsed time = 46.38 sec. (58417.05 ticks, tree = 442.88 MB, solutions = 2)
  18492 15565        0.0241    59        0.0293        0.0231  1065906   21.20%
  18879 16228        0.0256    48        0.0293        0.0231  1097767   21.20%
  19337 16452        0.0264    33        0.0293        0.0231  1113147   21.20%
  19840 16930        0.0243    41        0.0293        0.0231  1133837   21.20%
  20363 17260        0.0236    67        0.0293        0.0231  1156290   21.20%
  20922 17811        0.0242    52        0.0293        0.0231  1182050   21.20%
  21376 18415        0.0259    21        0.0293        0.0231  1217395   21.18%
  21753 18835        0.0239    66        0.0293        0.0231  1232004   21.18%
  22291 19072        0.0233    63        0.0293        0.0231  1252356   21.18%
  22771 19322        0.0251    58        0.0293        0.0231  1264447   21.18%
Elapsed time = 53.42 sec. (67988.37 ticks, tree = 573.57 MB, solutions = 2)
  23303 19897        0.0245    55        0.0293        0.0231  1284420   21.18%
  23715 20538        0.0232    65        0.0293        0.0231  1320467   21.18%
  24159 21048        0.0241    59        0.0293        0.0231  1349266   21.18%
* 24514+21151                            0.0292        0.0231            21.08%
  24514 21527        0.0257    46        0.0292        0.0231  1369016   21.08%
  24901 21820        0.0240    58        0.0292        0.0231  1379882   21.08%
  25075 21950        0.0252    44        0.0292        0.0231  1387162   21.08%
  25281 22262        0.0246    49        0.0292        0.0231  1402078   21.08%
  25688 22590        0.0243    54        0.0292        0.0231  1418265   21.08%
  25949 22708        0.0255    36        0.0292        0.0231  1424460   21.08%
* 26091+21335                            0.0291        0.0231            20.80%
  26229 23134        0.0249    51        0.0291        0.0231  1446049   20.80%
Elapsed time = 61.42 sec. (77560.06 ticks, tree = 703.74 MB, solutions = 2)
* 26425+21335                            0.0291        0.0231            20.77%
  26579 23311        0.0241    62        0.0291        0.0231  1451379   20.77%
  26825 23424        0.0237    64        0.0291        0.0231  1458341   20.77%
* 26996+21335                            0.0291        0.0231            20.76%
* 27009+21335                            0.0291        0.0231            20.68%
* 27092+21335                            0.0291        0.0231            20.68%
* 27115+21151                            0.0291        0.0231            20.66%
  27176 23977        0.0242    64        0.0291        0.0231  1481606   20.66%
  27592 24221        0.0245    52        0.0291        0.0231  1485522   20.66%
  27835 24586        0.0240    63        0.0291        0.0231  1500061   20.66%
* 27863+21151                            0.0290        0.0231            20.57%
  28213 24906        0.0236    70        0.0290        0.0231  1512733   20.57%
  28518 25286        0.0253    59        0.0290        0.0231  1527103   20.57%
  28873 25628        0.0242    68        0.0290        0.0231  1538616   20.57%
  29229 25761        0.0242    64        0.0290        0.0231  1541908   20.57%
* 29409+21151                            0.0289        0.0231            20.11%
  29544 26165        cutoff              0.0289        0.0231  1558730   20.11%
Elapsed time = 69.88 sec. (87121.60 ticks, tree = 801.33 MB, solutions = 2)
  29759 26280        0.0237    71        0.0289        0.0231  1563897   20.11%
  30090 26716        0.0242    66        0.0289        0.0231  1583307   20.11%
  30357 26813        0.0238    46        0.0289        0.0231  1590153   20.11%
  30488 27048        0.0235    67        0.0289        0.0231  1602439   20.11%
  30705 27276        0.0267    22        0.0289        0.0231  1615459   20.11%
  31091 27617        0.0234    69        0.0289        0.0231  1628219   20.11%
  31370 28020        0.0232    74        0.0289        0.0231  1642051   20.11%
  31520 28148        0.0234    68        0.0289        0.0231  1656263   20.11%
* 31612+21151                            0.0289        0.0231            20.11%
  32010 28406        0.0246    66        0.0289        0.0231  1662569   20.11%
* 32362+21151                            0.0289        0.0231            20.08%
* 32363+21151                            0.0288        0.0231            19.97%
* 32365+21151                            0.0288        0.0231            19.94%
  33196 29529        0.0258    61        0.0288        0.0231  1706665   19.94%
Elapsed time = 80.66 sec. (99570.25 ticks, tree = 909.88 MB, solutions = 2)
  34174 30406        0.0235    71        0.0288        0.0231  1752014   19.94%
  35278 31427        0.0237    68        0.0288        0.0231  1793805   19.94%
* 35760+21151                            0.0288        0.0231            19.93%
* 35762+21151                            0.0286        0.0231            19.50%
* 35936+21151                            0.0286        0.0231            19.41%
  36368 32579        0.0241    65        0.0286        0.0231  1846631   19.41%
  37324 33312        0.0279    25        0.0286        0.0231  1882188   19.41%
  38655 34461    infeasible              0.0286        0.0231  1927152   19.41%
  39863 35501        0.0247    59        0.0286        0.0231  1977388   19.41%
  41410 36629        0.0240    61        0.0286        0.0231  2035120   19.41%
  42948 38328        0.0265    51        0.0286        0.0231  2103339   19.41%
  45676 40579        0.0246    67        0.0286        0.0231  2182905   19.34%

Performing restart 2

Repeating presolve.
Tried aggregator 1 time.
Reduced MIP has 3968 rows, 4686 columns, and 49203 nonzeros.
Reduced MIP has 1164 binaries, 0 generals, 0 SOSs, and 0 indicators.
Presolve time = 0.00 sec. (13.86 ticks)
Tried aggregator 1 time.
Reduced MIP has 3968 rows, 4686 columns, and 49203 nonzeros.
Reduced MIP has 1164 binaries, 0 generals, 0 SOSs, and 0 indicators.
Presolve time = 0.00 sec. (20.45 ticks)
Represolve time = 0.06 sec. (48.26 ticks)
  47673     0        0.0230    69        0.0286    MIRcuts: 3  2275843   19.34%
  47673     0        0.0230    68        0.0286      Cuts: 10  2275947   19.34%
  47673     0        0.0230    68        0.0286       Cuts: 6  2276086   19.34%
  47673     0        0.0230    70        0.0286       Cuts: 7  2276170   19.34%
  47673     0        0.0230    65        0.0286       Cuts: 2  2276255   19.34%
  47673     0        0.0230    67        0.0286     Covers: 4  2276389   19.34%
  47673     0        0.0230    64        0.0286    MIRcuts: 2  2276415   19.34%
  47673     0        0.0230    64        0.0286      Cuts: 13  2276531   19.34%
  47673     2        0.0230    64        0.0286        0.0231  2276531   19.34%
Elapsed time = 120.55 sec. (148662.41 ticks, tree = 0.02 MB, solutions = 21)
  47836   116        0.0240    63        0.0286        0.0231  2284290   19.34%
  48566   731        0.0245    63        0.0286        0.0231  2322361   19.34%
  50089  2193        0.0239    59        0.0286        0.0231  2420784   19.34%
  51651  3560        0.0261    36        0.0286        0.0231  2525760   19.34%
  53557  5204        0.0233    69        0.0286        0.0231  2641488   19.34%
  55349  6916        0.0244    53        0.0286        0.0231  2782746   19.34%
  57269  8601        0.0244    49        0.0286        0.0231  2885971   19.34%
  59022 10157        0.0249    36        0.0286        0.0231  2999177   19.34%
  60906 11577        0.0259    41        0.0286        0.0231  3100990   19.34%
  62522 13450        0.0268    48        0.0286        0.0231  3230054   19.34%
Elapsed time = 148.22 sec. (186820.29 ticks, tree = 57.90 MB, solutions = 21)
  64251 14775        0.0252    52        0.0286        0.0231  3316235   19.34%
  66024 16083        0.0246    57        0.0286        0.0231  3409485   19.34%
  67616 17833        0.0231    62        0.0286        0.0231  3537123   19.34%
  69333 19186        0.0246    46        0.0286        0.0231  3629016   19.34%
  70655 20643        0.0239    66        0.0286        0.0231  3763938   19.34%
  72610 22540        0.0241    55        0.0286        0.0231  3890502   19.34%
  74137 23609        0.0235    62        0.0286        0.0231  3987726   19.34%
  75639 25134        0.0252    41        0.0286        0.0231  4109867   19.34%
  77826 26852        0.0260    47        0.0286        0.0231  4212902   19.34%
  80036 29165        0.0243    44        0.0286        0.0231  4348014   19.34%
Elapsed time = 176.25 sec. (225009.13 ticks, tree = 87.54 MB, solutions = 21)
  81834 30700        0.0240    49        0.0286        0.0231  4462606   19.34%
  83675 32210        0.0249    48        0.0286        0.0231  4569223   19.34%
  85432 34086        0.0241    49        0.0286        0.0231  4704260   19.34%
  87402 35654        0.0256    47        0.0286        0.0231  4821604   19.34%
  88997 37208        0.0243    51        0.0286        0.0231  4935865   19.34%
  91091 38975        0.0242    49        0.0286        0.0231  5048341   19.34%
  93127 41063        0.0244    58        0.0286        0.0231  5179894   19.34%
  95118 42452        0.0247    44        0.0286        0.0231  5277159   19.34%
  96989 44503        0.0253    49        0.0286        0.0231  5418463   19.34%
  99032 46142        0.0252    44        0.0286        0.0231  5525751   19.34%
Elapsed time = 203.92 sec. (263198.80 ticks, tree = 120.11 MB, solutions = 21)
* 99410+46692                            0.0283        0.0231            18.57%
 101113 48321        0.0241    56        0.0283        0.0231  5670676   18.57%
 103068 50207        0.0248    40        0.0283        0.0231  5798190   18.57%
 105173 51753        0.0238    56        0.0283        0.0231  5902985   18.57%
 107034 53549        0.0231    63        0.0283        0.0231  6031724   18.57%
 109234 55446        0.0265    48        0.0283        0.0231  6152506   18.57%
 111316 57408        0.0263    48        0.0283        0.0231  6281083   18.57%
 113334 59177        0.0249    39        0.0283        0.0231  6395087   18.57%
 115487 61254        0.0264    41        0.0283        0.0231  6509645   18.57%
 117467 63501        0.0252    59        0.0283        0.0231  6649946   18.57%
 119262 64619    infeasible              0.0283        0.0231  6741114   18.57%
Elapsed time = 232.14 sec. (301374.83 ticks, tree = 154.12 MB, solutions = 22)
 121001 66471        0.0247    56        0.0283        0.0231  6866542   18.57%
 123395 68646        0.0248    41        0.0283        0.0231  7009062   18.57%
*124705+69685                            0.0266        0.0231            13.36%
 125225 67803        0.0252    48        0.0266        0.0231  7113971   13.36%
 127257 69957        0.0252    53        0.0266        0.0231  7258514   13.36%
 129566 71908        0.0252    32        0.0266        0.0231  7383065   13.36%
 131754 73747        0.0246    49        0.0266        0.0231  7505125   13.35%
 134037 75602        0.0244    53        0.0266        0.0231  7615662   13.34%
 136317 77936        0.0260    39        0.0266        0.0231  7746044   13.34%
 138477 79836        0.0234    59        0.0266        0.0231  7856136   13.34%
 140739 81696        0.0256    46        0.0266        0.0231  7977586   13.34%
Elapsed time = 260.23 sec. (339545.02 ticks, tree = 188.03 MB, solutions = 23)
 142940 83952        0.0240    55        0.0266        0.0231  8096574   13.34%
 145129 86162        0.0261    13        0.0266        0.0231  8238896   13.34%
 147511 88032        0.0256    36        0.0266        0.0231  8348847   13.34%
 149701 89855        0.0264    50        0.0266        0.0231  8464158   13.34%
 152029 92133        0.0263    33        0.0266        0.0231  8597735   13.33%
 154044 94373        0.0245    54        0.0266        0.0231  8737324   13.33%
 156541 96110        0.0261    36        0.0266        0.0231  8834154   13.33%
 158733 98435        0.0238    62        0.0266        0.0231  8977857   13.33%
 161100 100175        0.0231    63        0.0266        0.0231  9083262   13.32%
 163338 102703        0.0233    62        0.0266        0.0231  9244340   13.31%
Elapsed time = 288.06 sec. (377704.21 ticks, tree = 226.73 MB, solutions = 23)
 165367 104485        0.0256    38        0.0266        0.0231  9362515   13.31%
 167521 105956        0.0249    60        0.0266        0.0231  9455978   13.31%
 169889 108671        cutoff              0.0266        0.0231  9614783   13.31%
 172243 110422        0.0262    47        0.0266        0.0231  9724617   13.30%
 174604 112912        0.0252    36        0.0266        0.0231  9865473   13.30%
 177030 114580        0.0250    50        0.0266        0.0231  9971065   13.30%
 179337 117048        0.0262    53        0.0266        0.0231 10117782   13.30%
 181597 119213        0.0231    61        0.0266        0.0231 10244405   13.30%
 183941 121332        0.0247    46        0.0266        0.0231 10371182   13.30%
 186501 123366        0.0256    44        0.0266        0.0231 10491011   13.29%
Elapsed time = 315.34 sec. (415867.28 ticks, tree = 264.65 MB, solutions = 23)
 188869 125975        0.0241    57        0.0266        0.0231 10645039   13.29%
 191164 127632        0.0259    25        0.0266        0.0231 10748355   13.29%
 193469 129809        0.0245    45        0.0266        0.0231 10873812   13.29%
 195772 132240        0.0246    36        0.0266        0.0231 11028125   13.28%
 198083 133981        0.0255    33        0.0266        0.0231 11138406   13.28%
 200587 136632        0.0256    34        0.0266        0.0231 11291692   13.27%
 202973 138540        0.0251    42        0.0266        0.0231 11396619   13.27%
 205064 140627        0.0235    56        0.0266        0.0231 11539592   13.27%
 206892 142154        0.0258    45        0.0266        0.0231 11655410   13.26%
 208685 143656        0.0248    55        0.0266        0.0231 11786862   13.26%
Elapsed time = 342.72 sec. (454027.40 ticks, tree = 304.89 MB, solutions = 23)
 210253 145309        0.0239    53        0.0266        0.0231 11948335   13.26%
 211961 146894        0.0253    56        0.0266        0.0231 12092149   13.26%
 214029 148327        0.0231    68        0.0266        0.0231 12196645   13.26%
 215988 150500        0.0258    38        0.0266        0.0231 12355846   13.26%
 218092 151816        0.0246    47        0.0266        0.0231 12452310   13.26%
 219903 154120        0.0252    45        0.0266        0.0231 12617799   13.26%
 221914 155817        0.0231    63        0.0266        0.0231 12741922   13.26%
 223963 157213        0.0236    58        0.0266        0.0231 12840095   13.26%
 226034 159322        0.0236    58        0.0266        0.0231 12984231   13.25%
 228006 161228        0.0248    46        0.0266        0.0231 13143007   13.24%
Elapsed time = 369.84 sec. (492197.21 ticks, tree = 338.84 MB, solutions = 23)
 230036 162977        0.0257    37        0.0266        0.0231 13266264   13.24%
 232727 165000        0.0259    45        0.0266        0.0231 13386179   13.24%
 235119 167265        0.0242    63        0.0266        0.0231 13505601   13.24%
 237433 170051        0.0244    45        0.0266        0.0231 13654822   13.24%
 240071 171883        0.0246    41        0.0266        0.0231 13757885   13.24%
 242723 174480        0.0254    38        0.0266        0.0231 13895272   13.24%
 245305 176855        0.0234    61        0.0266        0.0231 14023087   13.24%
 247477 178814        0.0249    45        0.0266        0.0231 14155797   13.23%
 249807 180819        0.0246    43        0.0266        0.0231 14271464   13.23%
 251959 182858        0.0260    39        0.0266        0.0231 14413950   13.23%
Elapsed time = 396.98 sec. (530358.68 ticks, tree = 378.56 MB, solutions = 23)
 253974 185092        0.0249    43        0.0266        0.0231 14555954   13.22%
 256575 186781        0.0238    60        0.0266        0.0231 14653856   13.22%
 258668 189204        0.0239    61        0.0266        0.0231 14811047   13.22%
 260517 190675        0.0256    38        0.0266        0.0231 14923787   13.22%
 262632 192690        0.0239    51        0.0266        0.0231 15068969   13.22%
 264605 194542        0.0240    48        0.0266        0.0231 15186531   13.22%
 266985 196376        0.0243    47        0.0266        0.0231 15310457   13.22%
 269428 198952        0.0236    50        0.0266        0.0231 15462005   13.22%
 271898 201326        0.0256    37        0.0266        0.0231 15607365   13.22%
 274352 203185        0.0243    47        0.0266        0.0231 15715738   13.21%
Elapsed time = 424.27 sec. (568515.52 ticks, tree = 417.99 MB, solutions = 23)
 276697 205624        0.0234    59        0.0266        0.0231 15867382   13.21%
 278929 207681        0.0258    46        0.0266        0.0231 16004143   13.21%
 280966 209186        0.0250    39        0.0266        0.0231 16109168   13.21%
 283433 211238        0.0246    53        0.0266        0.0231 16249920   13.20%
 285915 213820        0.0245    49        0.0266        0.0231 16390116   13.20%
 288229 215914        0.0231    66        0.0266        0.0231 16527524   13.20%
 290605 217924        0.0246    43        0.0266        0.0231 16643554   13.20%
 293009 220162        0.0239    58        0.0266        0.0231 16780520   13.20%
 295395 222552        cutoff              0.0266        0.0231 16908058   13.20%
 297755 224601        0.0241    46        0.0266        0.0231 17028712   13.20%
Elapsed time = 451.52 sec. (606684.06 ticks, tree = 457.28 MB, solutions = 23)
 299994 226442        0.0233    59        0.0266        0.0231 17157071   13.19%
 302421 228593        0.0246    47        0.0266        0.0231 17291927   13.19%
 305159 231671        0.0252    39        0.0266        0.0231 17448080   13.19%
 307299 233468        0.0256    37        0.0266        0.0231 17575788   13.19%
 309688 235444        0.0248    44        0.0266        0.0231 17692866   13.19%
 311992 237715        0.0246    46        0.0266        0.0231 17822614   13.19%
 314187 239631        0.0256    34        0.0266        0.0231 17958455   13.19%
 316364 242142        0.0235    57        0.0266        0.0231 18113372   13.19%
 318704 243882        0.0242    57        0.0266        0.0231 18223074   13.19%
 320980 246446        0.0234    70        0.0266        0.0231 18374760   13.19%
Elapsed time = 478.89 sec. (644853.17 ticks, tree = 500.07 MB, solutions = 23)
 323271 248492        0.0245    41        0.0266        0.0231 18509472   13.19%
 325624 250581        0.0261    38        0.0266        0.0231 18635017   13.19%
 327836 252508        0.0243    41        0.0266        0.0231 18774029   13.19%
 330323 254582        0.0242    52        0.0266        0.0231 18903457   13.19%
 332471 256575        0.0263    38        0.0266        0.0231 19040093   13.19%
 334755 258414        0.0239    49        0.0266        0.0231 19166390   13.18%
 336920 260715        0.0232    64        0.0266        0.0231 19319113   13.18%
 339346 262340        0.0242    60        0.0266        0.0231 19416496   13.18%
 341699 264879        0.0259    32        0.0266        0.0231 19571603   13.18%
 343913 266506        0.0242    52        0.0266        0.0231 19670476   13.18%
Elapsed time = 505.78 sec. (683025.86 ticks, tree = 537.13 MB, solutions = 23)
 346278 268553        0.0255    41        0.0266        0.0231 19786756   13.18%
 348665 271346        0.0260    43        0.0266        0.0231 19959194   13.18%
 351101 273210        0.0249    41        0.0266        0.0231 20071214   13.17%
 353445 274902        0.0259    41        0.0266        0.0231 20190637   13.17%
 355964 277593        0.0243    58        0.0266        0.0231 20356207   13.17%
 357920 279295        0.0253    49        0.0266        0.0231 20471348   13.17%
 360084 281596        0.0253    36        0.0266        0.0231 20626348   13.17%
 362207 283006        0.0245    45        0.0266        0.0231 20721380   13.16%
 364496 285204        0.0242    44        0.0266        0.0231 20878480   13.16%
 366432 287490        0.0234    68        0.0266        0.0231 21040455   13.16%
Elapsed time = 533.36 sec. (721192.74 ticks, tree = 578.86 MB, solutions = 23)
 368347 288993        0.0240    52        0.0266        0.0231 21167369   13.16%
 370602 290403        0.0260    34        0.0266        0.0231 21251975   13.16%
 371972 292651        0.0256    44        0.0266        0.0231 21412733   13.16%
 372978 293305        cutoff              0.0266        0.0231 21472495   13.16%
 373680 294019        0.0240    61        0.0266        0.0231 21523967   13.16%
 374677 295175        0.0242    49        0.0266        0.0231 21607476   13.16%
 375509 295779        0.0239    60        0.0266        0.0231 21652590   13.16%
 376172 296587        0.0248    44        0.0266        0.0231 21712698   13.15%
 377130 297446        0.0241    51        0.0266        0.0231 21786841   13.15%
 378101 298102        0.0250    36        0.0266        0.0231 21840668   13.15%
Elapsed time = 564.34 sec. (759371.18 ticks, tree = 598.22 MB, solutions = 23)
 379069 299052        0.0244    48        0.0266        0.0231 21925948   13.15%
 379837 299686        0.0251    38        0.0266        0.0231 21971007   13.15%
 380719 300370        0.0250    39        0.0266        0.0231 22013867   13.15%
 381941 301910        0.0246    46        0.0266        0.0231 22104203   13.15%
 382942 302287        0.0245    47        0.0266        0.0231 22123380   13.15%
 384178 303357        0.0242    52        0.0266        0.0231 22191220   13.15%
 385200 304669        0.0255    29        0.0266        0.0231 22266864   13.15%
 386179 305368        0.0239    54        0.0266        0.0231 22315997   13.15%
 387250 306516        0.0239    53        0.0266        0.0231 22397528   13.15%
 388163 307071        0.0260    40        0.0266        0.0231 22434826   13.15%
Elapsed time = 594.95 sec. (797557.55 ticks, tree = 614.90 MB, solutions = 23)
 389020 307943        0.0248    42        0.0266        0.0231 22495029   13.15%

Cover cuts applied:  6
Mixed integer rounding cuts applied:  6

Root node processing (before b&c):
  Real time             =    2.09 sec. (1950.07 ticks)
Parallel b&c, 4 threads:
  Real time             =  597.92 sec. (802130.62 ticks)
  Sync time (average)   =   27.26 sec.
  Wait time (average)   =    0.00 sec.
                          ------------
Total (root+branch&cut) =  600.02 sec. (804080.68 ticks)
