Version identifier: 22.2.0.0 | 2026-05-04 | 5dff98e58
CPXPARAM_Read_DataCheck                          1
CPXPARAM_Threads                                 4
CPXPARAM_Parallel                                1
CPXPARAM_RandomSeed                              20260925
CPXPARAM_MIP_Strategy_Search                     1
CPXPARAM_Simplex_Tolerances_Optimality           1.0000000000000001e-09
CPXPARAM_Simplex_Tolerances_Feasibility          1.0000000000000001e-09
CPXPARAM_TimeLimit                               600
CPXPARAM_MIP_Tolerances_AbsMIPGap                1.0000000000000001e-09
CPXPARAM_MIP_Tolerances_Integrality              1.0000000000000001e-09
Legacy callback                                  iLUD
Lazy constraint(s) or lazy constraint/branch callback is present.
    Disabling dual reductions (CPX_PARAM_REDUCE) in presolve.
    Disabling presolve reductions that prevent crushing forms (CPX_PARAM_PREREFORM).
         Disabling repeat represolve because of lazy constraint/incumbent callback.
Warning: Effort level 'CheckFeas' is incompatible with lazy constraint/incumbent callback.
         Effort level increased to 'SolveFixed'.
1 of 1 MIP starts provided solutions.
MIP start 'm1' defined initial solution with objective 0.0282.
Tried aggregator 1 time.
MIP Presolve eliminated 1353 rows and 0 columns.
Reduced MIP has 1616 rows, 2360 columns, and 18098 nonzeros.
Reduced MIP has 1164 binaries, 0 generals, 0 SOSs, and 0 indicators.
Presolve time = 0.02 sec. (12.26 ticks)
Probing time = 0.00 sec. (0.29 ticks)
MIP emphasis: balance optimality and feasibility.
MIP search method: traditional branch-and-cut.
Parallel mode: deterministic, using up to 4 threads.
Root relaxation solution time = 0.03 sec. (37.71 ticks)

        Nodes                                         Cuts/
   Node  Left     Objective  IInf  Best Integer    Best Bound    ItCnt     Gap         Variable B NodeID Parent  Depth

*     0+    0                            0.0282        0.0000           100.00%
      0     0        0.0263    38        0.0282        0.0263     1009    6.54%
*     0+    0                            0.0274        0.0263             3.79%
      0     0  -1.00000e+75     0        0.0274        0.0263     1009    3.79%
      0     2        0.0263    38        0.0274        0.0263     1009    3.79%                        0             0
Elapsed time = 0.34 sec. (351.02 ticks, tree = 0.02 MB, solutions = 2)
*    12+    2                            0.0273        0.0266             2.74%
*    20+    3                            0.0273        0.0266             2.62%
     33    19        0.0270    24        0.0273        0.0266     2419    2.62%            x828 D     29     21      9
    135    49        0.0268    23        0.0273        0.0267     8392    2.16%            x822 U    113    109     11
    323   154        0.0272    20        0.0273        0.0267    17119    2.00%             x36 D    347    343     15
    528   276        0.0269    24        0.0273        0.0268    21941    1.84%            x819 D    580    532     14
    747   418        0.0271    11        0.0273        0.0268    31013    1.68%            x716 D    828    824     40
    968   560        0.0271    11        0.0273        0.0269    35379    1.63%           x1142 D   1112   1108     45
   1190   655        cutoff              0.0273        0.0269    43438    1.56%            x723 U   1254   1246     52
   1495   832        0.0272    11        0.0273        0.0269    52592    1.44%            x704 D   1600   1596     56
*  1806+ 1011                            0.0273        0.0269             1.27%
   1810  1098        0.0272    12        0.0273        0.0269    60921    1.27%            x479 D   1968   1964     22
   2817  1508        cutoff              0.0273        0.0270    90441    1.13%            x836 U   2457   2449     24
Elapsed time = 6.92 sec. (3454.40 ticks, tree = 13.88 MB, solutions = 7)
   4300  2353        cutoff              0.0273        0.0270   123935    0.95%            x839 U   4459   4451     22
   5725  2894        0.0273    16        0.0273        0.0270   162284    0.81%           x1030 U   5297   5289     27
   7561  3751        cutoff              0.0273        0.0271   189353    0.74%            x840 U   7790    256     25
   9624  5353        0.0271    14        0.0273        0.0271   227405    0.71%            x540 U   9261   2649     25
  11574  6389        0.0271    10        0.0273        0.0271   254274    0.68%            x482 D  11966  11962     40
  13754  8158        0.0271    12        0.0273        0.0271   293594    0.66%            x705 D  14066  14062     45
  15720  9219        0.0272     9        0.0273        0.0271   320030    0.65%            x747 D  16291  16287     71
  17718 10619        cutoff              0.0273        0.0271   354324    0.63%            x733 D  17388  17384     50
  19679 12228        0.0272     9        0.0273        0.0271   391739    0.62%            x718 D  19257  19253     50
  21388 13110        0.0272     8        0.0273        0.0271   427227    0.62%            x445 D  22319  22315     50
Elapsed time = 35.16 sec. (12995.88 ticks, tree = 128.03 MB, solutions = 7)
  23433 14654        cutoff              0.0273        0.0271   467284    0.61%            x733 U  24491   7425     28
  25073 15476        0.0272     6        0.0273        0.0271   493555    0.60%            x338 D  24510  24506     48
  26681 16649        0.0271    15        0.0273        0.0271   539103    0.60%            x470 U  27939   4458     36
  28263 17493        cutoff              0.0273        0.0271   576270    0.60%            x477 U  27769  27761     43
  30138 18487        0.0271    14        0.0273        0.0271   608290    0.60%            x465 U  29322  12342     37
  31880 19836        0.0272     9        0.0273        0.0271   638702    0.60%            x718 D  33163  33159     56
  33780 21197        cutoff              0.0273        0.0271   667825    0.60%            x471 U  33070  25522     43
  35590 22499        0.0272     7        0.0273        0.0271   704074    0.60%            x694 D  35053  35049     63
  37487 23786        0.0271    10        0.0273        0.0271   740068    0.60%            x486 D  38911  38907     36
  39757 25049        0.0271    19        0.0273        0.0271   764003    0.60%            x478 D  39876  22720     34
Elapsed time = 60.27 sec. (22537.23 ticks, tree = 214.41 MB, solutions = 7)
  41806 26960        0.0273     7        0.0273        0.0271   798167    0.60%            x357 D  43275  43271     59
  43934 28486        0.0272     9        0.0273        0.0271   832642    0.60%            x747 D  45151  45147     64
  45798 29550        0.0272    11        0.0273        0.0271   866998    0.60%            x504 D  45581  45577     41
  47737 31250        0.0272    11        0.0273        0.0271   921614    0.59%            x452 D  48915  48911     62
  49496 32376        0.0272    10        0.0273        0.0271   962238    0.59%           x1148 D  50855  50851     63
  51187 33498        0.0271     9        0.0273        0.0271  1006251    0.59%            x717 D  52547  52543     59
  53343 34998        0.0271    10        0.0273        0.0271  1048074    0.59%            x465 D  52086  52082     40
  55228 36290        0.0271    10        0.0273        0.0271  1076515    0.59%            x460 D  54014  54010     38
  56863 37551        0.0271    12        0.0273        0.0271  1109172    0.59%            x483 D  58427  58419     47
  58684 38795        0.0272    10        0.0273        0.0271  1144726    0.59%            x434 D  58637  58633     53
Elapsed time = 85.62 sec. (32076.24 ticks, tree = 323.51 MB, solutions = 7)
  60601 40127        0.0272    10        0.0273        0.0271  1174657    0.58%            x505 D  60733  60729     60
  62688 41669        cutoff              0.0273        0.0271  1209775    0.58%            x865 D  61402  61398     61
  64000 42227        0.0272    10        0.0273        0.0271  1242153    0.58%            x459 U  65159   8395     37
  65809 43282        0.0272     5        0.0273        0.0271  1282535    0.58%            x454 D  65492  65488     61
  67659 44399        0.0272    15        0.0273        0.0271  1313668    0.58%            x476 D  68599  68595     48
  69811 45980        0.0272    10        0.0273        0.0271  1348901    0.58%            x428 D  69504  69496     62
  72096 47605        0.0271    14        0.0273        0.0271  1377386    0.58%            x702 U  71716  71712     38
  74121 48749        0.0271     9        0.0273        0.0271  1400668    0.58%            x483 D  72958  72954     45
  76350 50873        0.0271    10        0.0273        0.0271  1444735    0.57%            x460 D  76853  76849     44
  78559 52302        0.0272     9        0.0273        0.0271  1474999    0.57%            x469 D  78869  78861     65
Elapsed time = 111.03 sec. (41617.98 ticks, tree = 430.88 MB, solutions = 7)
  80489 54039        0.0271    11        0.0273        0.0271  1508118    0.57%            x485 D  81367  81363     38
  82371 54870        0.0272    13        0.0273        0.0271  1531105    0.57%            x492 D  81562  81558     35
  84047 56344        0.0272     9        0.0273        0.0271  1576128    0.57%            x469 D  84417  84409     62
  85977 57749        0.0271    11        0.0273        0.0271  1607104    0.57%            x476 D  85308  85304     37
  87836 58571        0.0271    15        0.0273        0.0271  1627642    0.57%            x780 D  88751  88747     38
  90057 60405        0.0272    14        0.0273        0.0271  1664868    0.56%            x479 D  89752  89748     48
  92135 61864        cutoff              0.0273        0.0271  1693496    0.56%             x98 U  91852  91848     49
  94148 63091        0.0272     9        0.0273        0.0271  1724857    0.56%            x750 D  93648  93644     49
  96444 64865        0.0272    11        0.0273        0.0271  1759335    0.56%             x92 D  95346  95342     68
  98378 66417        cutoff              0.0273        0.0271  1797332    0.56%            x505 U  97916   6829     36
Elapsed time = 136.59 sec. (51159.06 ticks, tree = 442.59 MB, solutions = 7)
 100402 67609        0.0271     9        0.0273        0.0271  1827266    0.56%            x475 D 100585 100581     34
 102306 68685        cutoff              0.0273        0.0271  1854954    0.56%            x868 D 101394 101390     53
 104333 70149        0.0272    13        0.0273        0.0271  1895745    0.55%            x479 D 103816 103812     47
 106228 71182        0.0272     2        0.0273        0.0271  1923880    0.55%            x861 D 106633 106629     63
 108130 72141        0.0272     4        0.0273        0.0271  1950574    0.55%            x516 D 109199 109195     54
 110069 73692        0.0272     5        0.0273        0.0271  1993644    0.55%            x467 D 109152 109148     50
 112285 75146        cutoff              0.0273        0.0271  2023771    0.55%            x694 U 112793 112785     79
 114313 76587        0.0272    11        0.0273        0.0271  2053034    0.55%            x510 D 115021 115013     48
 116101 77774        0.0272    10        0.0273        0.0271  2083128    0.55%            x466 D 115142 115138     53
 118156 79344        0.0272     7        0.0273        0.0271  2118818    0.55%           x1136 D 117132 117128     61
Elapsed time = 161.64 sec. (60698.06 ticks, tree = 450.95 MB, solutions = 7)
 120075 81034        0.0272    14        0.0273        0.0271  2156078    0.55%            x840 D 119374 119370     33
 122270 82005        0.0271    14        0.0273        0.0271  2180748    0.55%            x479 U 121172 114005     37
 124384 83507        0.0272    13        0.0273        0.0271  2214843    0.55%            x504 D 123268 123264     46
 126375 84903        cutoff              0.0273        0.0271  2247739    0.55%            x722 U 125140 125132     75
 128473 86471        0.0272    13        0.0273        0.0271  2279071    0.55%            x516 D 127448 127444     50
 130924 88078        cutoff              0.0273        0.0271  2309034    0.55%            x753 U 130458 130450     64
 132836 89656        0.0272    11        0.0273        0.0271  2340306    0.55%            x468 D 132518 132514     43
 134909 90737        cutoff              0.0273        0.0271  2371655    0.55%            x498 U 135535  60465     38
 136984 92090        0.0272     2        0.0273        0.0271  2408748    0.55%            x105 D 136646 136638     70
 138969 93689        cutoff              0.0273        0.0271  2445674    0.55%            x516 U 137852  89115     43
Elapsed time = 187.53 sec. (70241.43 ticks, tree = 459.32 MB, solutions = 7)
 140932 94665        cutoff              0.0273        0.0271  2470371    0.54%            x786 U 141585  66209     44
 142830 96031        cutoff              0.0273        0.0271  2508919    0.54%             x92 U 143407 143403     41
 144455 96917        0.0272     8        0.0273        0.0271  2541129    0.54%            x506 D 144621 144617     57
 146628 98519        cutoff              0.0273        0.0271  2577496    0.54%             x94 U 147031 147027     52
 149023 99838        0.0272    11        0.0273        0.0271  2601648    0.54%            x511 D 149474 149470     83
 150862 101558        cutoff              0.0273        0.0271  2641277    0.54%            x111 U 151185 151181     45
 152735 102811        cutoff              0.0273        0.0271  2677750    0.54%             x98 U 153009 153005     37
 154495 103594        0.0272     4        0.0273        0.0271  2705040    0.54%             x99 D 154967 154959     44
 156089 104585        0.0272     4        0.0273        0.0271  2738541    0.54%             x91 D 156137 156129     45
 157299 105222        0.0272    14        0.0273        0.0271  2780778    0.54%            x473 D 157461 157453     53
Elapsed time = 209.38 sec. (79784.13 ticks, tree = 465.67 MB, solutions = 7)
 159058 106220        cutoff              0.0273        0.0271  2824157    0.54%            x485 D 159387 159383     46
 160881 106911        0.0271    20        0.0273        0.0271  2847183    0.54%            x817 D 161255   1118     22
 162757 107890        0.0271    13        0.0273        0.0271  2880821    0.53%            x702 U 162881 162877     39
 164373 109050        0.0271    15        0.0273        0.0271  2913350    0.53%            x723 D 163544 163540     44
 166448 110508        0.0271    12        0.0273        0.0271  2947062    0.53%            x473 U 165176 164944     48
 168550 112172        0.0272    16        0.0273        0.0271  2978843    0.53%            x719 D 167528 167524     48
 170638 113849        cutoff              0.0273        0.0271  3012760    0.53%            x103 U 169588 169576     55
 172620 114272        0.0272     9        0.0273        0.0271  3018733    0.53%            x512 D 172173 172169     61
 174591 116242        0.0272    14        0.0273        0.0271  3061936    0.53%            x703 D 173640 173636     62
 183116 121927        cutoff              0.0273        0.0271  3189001    0.53%            x485 U 182076 182072     54
Elapsed time = 239.78 sec. (92186.66 ticks, tree = 700.80 MB, solutions = 7)
 191681 128347        0.0272    10        0.0273        0.0271  3320872    0.53%            x458 D 191601 191597     39
 200503 133603        0.0271    10        0.0273        0.0271  3431257    0.52%            x476 D 199876 199872     43
 208793 139551        0.0272    12        0.0273        0.0271  3546502    0.52%            x492 D 207672 207668     40
 217595 145110        0.0272    11        0.0273        0.0271  3700281    0.52%            x112 D 218018 218014     49
 226510 150313        0.0272    10        0.0273        0.0271  3876808    0.51%            x504 D 227094 227086     49
 232659 152997        0.0272     4        0.0273        0.0271  4062643    0.51%             x91 D 233205 233197     53
 239385 156296        cutoff              0.0273        0.0271  4194385    0.51%            x106 U 239821 153576     43
 245154 158989        0.0272    14        0.0273        0.0271  4348203    0.50%            x485 U 245553 242155     54
 253000 163209        cutoff              0.0273        0.0271  4500731    0.50%            x485 D 252075 252071     44
 259755 166451        cutoff              0.0273        0.0271  4634265    0.49%            x868 U 261178 261170     62
Elapsed time = 335.23 sec. (130343.01 ticks, tree = 1190.49 MB, solutions = 7)
 268442 171691        0.0272    11        0.0273        0.0271  4784815    0.49%            x738 D 270342 270334     45
 277249 177479        0.0272     9        0.0273        0.0271  4966204    0.49%            x482 D 275532 275528     47
 287915 184823        cutoff              0.0273        0.0271  5117988    0.49%            x427 U 290062 290058     52
 294002 188728        0.0272     9        0.0273        0.0271  5334031    0.49%            x481 D 291996 291992     63
 300408 190759        0.0272     9        0.0273        0.0271  5527623    0.48%            x753 D 298244 298240     63
 308577 195608        0.0272    16        0.0273        0.0271  5726845    0.48%            x460 D 308323 308319     38
 315984 199055        0.0272    11        0.0273        0.0271  5922872    0.48%            x726 D 315637 315633     61
 324105 203297        0.0271    13        0.0273        0.0271  6095810    0.48%            x471 D 321816 204227     36
 331968 207859        0.0272     9        0.0273        0.0271  6310648    0.48%            x706 D 332163 332159     61
 339990 211760        0.0272    10        0.0273        0.0271  6481066    0.48%            x908 D 340579 340575     60
Elapsed time = 428.03 sec. (168494.81 ticks, tree = 1211.21 MB, solutions = 7)
 347703 216655        cutoff              0.0273        0.0271  6623744    0.48%            x702 U 349183 199759     38
 354998 220120        0.0272    10        0.0273        0.0271  6828139    0.47%            x454 D 354593 354589     54
 363932 225356        0.0272     9        0.0273        0.0271  7005611    0.47%            x484 D 366038 366030     53
 372359 229935        0.0272    11        0.0273        0.0271  7173980    0.47%            x726 D 374458 374454     54
 379344 232241        0.0272     7        0.0273        0.0271  7398718    0.47%            x462 U 374800 373643     38
 386984 234425        cutoff              0.0273        0.0271  7600609    0.47%           x1141 U 388767 388759     62
 395804 239296        0.0272     8        0.0273        0.0271  7827569    0.47%            x466 U 397715  38306     51
 403111 243615        0.0272     6        0.0273        0.0271  8025278    0.47%            x862 D 403225 403221     59
 410078 246974        0.0272    11        0.0273        0.0271  8181238    0.47%            x498 D 411955 411951     42
 417147 250460        cutoff              0.0273        0.0271  8398016    0.46%            x507 U 419154 156373     54
Elapsed time = 511.86 sec. (206648.56 ticks, tree = 1284.38 MB, solutions = 7)
 424823 253534        0.0272     8        0.0273        0.0271  8583305    0.46%            x106 D 424537 424533     57
 433936 259162        0.0272    12        0.0273        0.0271  8773776    0.46%            x498 D 435151 435147     40
 441149 262984        0.0272     7        0.0273        0.0271  8938891    0.46%            x774 U 441041 331494     45
 443200 263690        0.0272     8        0.0273        0.0271  8969492    0.46%            x333 D 444003 443999     56
 444616 265248        0.0272    11        0.0273        0.0271  9033609    0.46%            x484 U 443265  85111     43
 445900 265669        0.0272    11        0.0273        0.0271  9058408    0.45%            x476 D 448002 447998     66
 447690 266329        0.0272    10        0.0273        0.0271  9119161    0.45%            x718 D 446361 446357     69
 448996 266969        0.0272    11        0.0273        0.0271  9150934    0.45%            x510 D 447180 447176     54
 450600 267748        0.0272     8        0.0273        0.0271  9180336    0.45%            x744 D 448800 448796     46
 452432 268722        cutoff              0.0273        0.0271  9224230    0.45%            x485 U 451328 451324     47
Elapsed time = 573.23 sec. (245358.00 ticks, tree = 1302.97 MB, solutions = 7)
 455311 270176        0.0272     8        0.0273        0.0271  9287924    0.45%            x466 U 455572 455568     58
 459084 272181        0.0272    11        0.0273        0.0271  9368967    0.45%            x458 U 461066  58390     39
 463000 274317        0.0272    10        0.0273        0.0271  9451567    0.45%            x472 D 464400 464396     52
 468573 275695        0.0272    11        0.0273        0.0271  9610786    0.45%            x466 D 467395 467391     53

Cover cuts applied:  11

Root node processing (before b&c):
  Real time             =    0.34 sec. (350.17 ticks)
Parallel b&c, 4 threads:
  Real time             =  599.69 sec. (261548.24 ticks)
  Sync time (average)   =   35.00 sec.
  Wait time (average)   =    0.00 sec.
                          ------------
Total (root+branch&cut) =  600.03 sec. (261898.41 ticks)
