Version identifier: 22.2.0.0 | 2026-05-04 | 5dff98e58
CPXPARAM_Read_DataCheck                          1
CPXPARAM_Threads                                 4
CPXPARAM_Parallel                                1
CPXPARAM_RandomSeed                              20260925
CPXPARAM_Simplex_Tolerances_Optimality           1.0000000000000001e-09
CPXPARAM_Simplex_Tolerances_Feasibility          1.0000000000000001e-09
CPXPARAM_TimeLimit                               600
CPXPARAM_MIP_Tolerances_AbsMIPGap                1.0000000000000001e-09
CPXPARAM_MIP_Tolerances_Integrality              1.0000000000000001e-09
Legacy callback                                  i
2 of 3 MIP starts provided solutions.
MIP start 'm1' defined initial solution with objective 0.0175.
Tried aggregator 1 time.
MIP Presolve eliminated 73 rows and 4 columns.
MIP Presolve modified 300 coefficients.
Reduced MIP has 380 rows, 396 columns, and 2091 nonzeros.
Reduced MIP has 96 binaries, 0 generals, 0 SOSs, and 0 indicators.
Presolve time = 0.00 sec. (1.15 ticks)
Probing time = 0.00 sec. (0.08 ticks)
Tried aggregator 1 time.
Detecting symmetries...
MIP Presolve modified 66 coefficients.
Reduced MIP has 380 rows, 396 columns, and 2091 nonzeros.
Reduced MIP has 96 binaries, 0 generals, 0 SOSs, and 0 indicators.
Presolve time = 0.00 sec. (1.06 ticks)
Probing time = 0.00 sec. (0.08 ticks)
MIP emphasis: balance optimality and feasibility.
MIP search method: dynamic search.
Parallel mode: deterministic, using up to 4 threads.
Root relaxation solution time = 0.00 sec. (1.25 ticks)

        Nodes                                         Cuts/
   Node  Left     Objective  IInf  Best Integer    Best Bound    ItCnt     Gap

*     0+    0                            0.0175        0.0000           100.00%
      0     0        0.0169     8        0.0175        0.0169       96    3.02%
      0     0        0.0169     9        0.0175      Cuts: 12      133    3.02%
      0     0        0.0169    12        0.0175      Cuts: 14      168    3.02%
Detecting symmetries...
      0     2        0.0169     9        0.0175        0.0171      168    1.97%
Elapsed time = 0.08 sec. (55.20 ticks, tree = 0.02 MB, solutions = 1)
*   130    10      integral     0        0.0175        0.0171     1542    1.97%

Cover cuts applied:  1
Mixed integer rounding cuts applied:  12
Lift and project cuts applied:  5

Root node processing (before b&c):
  Real time             =    0.08 sec. (55.02 ticks)
Parallel b&c, 4 threads:
  Real time             =    0.02 sec. (14.74 ticks)
  Sync time (average)   =    0.00 sec.
  Wait time (average)   =    0.00 sec.
                          ------------
Total (root+branch&cut) =    0.09 sec. (69.77 ticks)
