Version identifier: 22.2.0.0 | 2026-05-04 | 5dff98e58
CPXPARAM_Read_DataCheck                          1
CPXPARAM_Threads                                 4
CPXPARAM_Parallel                                1
CPXPARAM_RandomSeed                              20260925
CPXPARAM_Simplex_Tolerances_Optimality           1.0000000000000001e-09
CPXPARAM_Simplex_Tolerances_Feasibility          1.0000000000000001e-09
CPXPARAM_TimeLimit                               600
CPXPARAM_MIP_Tolerances_AbsMIPGap                1.0000000000000001e-09
CPXPARAM_MIP_Tolerances_Integrality              1.0000000000000001e-09
Legacy callback                                  i
1 of 12 MIP starts provided solutions.
MIP start 'm1' defined initial solution with objective 0.0000.
Tried aggregator 1 time.
MIP Presolve eliminated 72 rows and 3 columns.
MIP Presolve modified 300 coefficients.
Reduced MIP has 379 rows, 397 columns, and 2082 nonzeros.
Reduced MIP has 96 binaries, 0 generals, 0 SOSs, and 0 indicators.
Presolve time = 0.00 sec. (1.15 ticks)
Probing time = 0.00 sec. (0.08 ticks)
Tried aggregator 1 time.
Detecting symmetries...
MIP Presolve modified 66 coefficients.
Reduced MIP has 379 rows, 397 columns, and 2082 nonzeros.
Reduced MIP has 96 binaries, 0 generals, 0 SOSs, and 0 indicators.
Presolve time = 0.00 sec. (1.06 ticks)
Probing time = 0.00 sec. (0.08 ticks)
MIP emphasis: balance optimality and feasibility.
MIP search method: dynamic search.
Parallel mode: deterministic, using up to 4 threads.
Root relaxation solution time = 0.00 sec. (4.73 ticks)

        Nodes                                         Cuts/
   Node  Left     Objective  IInf  Best Integer    Best Bound    ItCnt     Gap

*     0+    0                            0.0000       -1.7391              --- 
      0     0       -0.6263    38        0.0000       -0.6263      376     --- 
      0     0       -0.5939    50        0.0000      Cuts: 40      642     --- 
      0     0       -0.5054    51        0.0000      Cuts: 40      828     --- 
      0     0       -0.4681    52        0.0000   MIRcuts: 25      930     --- 
      0     0       -0.4630    45        0.0000   MIRcuts: 19     1001     --- 
      0     0       -0.4568    39        0.0000   MIRcuts: 14     1041     --- 
Detecting symmetries...
      0     0       -0.4553    25        0.0000   MIRcuts: 13     1089     --- 
      0     0       -0.4534    30        0.0000    MIRcuts: 6     1121     --- 
      0     0       -0.4494    42        0.0000    MIRcuts: 4     1164     --- 
      0     0       -0.4479    30        0.0000    MIRcuts: 5     1184     --- 
      0     0       -0.4463    26        0.0000    MIRcuts: 5     1232     --- 
      0     0       -0.4396    28        0.0000    MIRcuts: 3     1302     --- 
      0     0       -0.4361    28        0.0000    MIRcuts: 4     1327     --- 
      0     0       -0.4361    24        0.0000    MIRcuts: 6     1334     --- 
*     0+    0                           -0.4341       -0.4361             0.45%
      0     0       -0.4347    17       -0.4341    MIRcuts: 6     1343    0.14%
      0     0        cutoff             -0.4341                   1350    0.00%
Elapsed time = 0.17 sec. (126.43 ticks, tree = 0.01 MB, solutions = 2)

Cover cuts applied:  2
Mixed integer rounding cuts applied:  86
Lift and project cuts applied:  4
Gomory fractional cuts applied:  10

Root node processing (before b&c):
  Real time             =    0.17 sec. (126.46 ticks)
Parallel b&c, 4 threads:
  Real time             =    0.00 sec. (0.00 ticks)
  Sync time (average)   =    0.00 sec.
  Wait time (average)   =    0.00 sec.
                          ------------
Total (root+branch&cut) =    0.17 sec. (126.46 ticks)
