Version identifier: 22.2.0.0 | 2026-05-04 | 5dff98e58
CPXPARAM_Read_DataCheck                          1
CPXPARAM_Threads                                 4
CPXPARAM_Parallel                                1
CPXPARAM_RandomSeed                              20260925
CPXPARAM_MIP_Strategy_Search                     1
CPXPARAM_Simplex_Tolerances_Optimality           1.0000000000000001e-09
CPXPARAM_Simplex_Tolerances_Feasibility          1.0000000000000001e-09
CPXPARAM_TimeLimit                               600
CPXPARAM_MIP_Tolerances_AbsMIPGap                1.0000000000000001e-09
CPXPARAM_MIP_Tolerances_Integrality              1.0000000000000001e-09
Legacy callback                                  iLUD
Lazy constraint(s) or lazy constraint/branch callback is present.
    Disabling dual reductions (CPX_PARAM_REDUCE) in presolve.
    Disabling presolve reductions that prevent crushing forms (CPX_PARAM_PREREFORM).
         Disabling repeat represolve because of lazy constraint/incumbent callback.
Warning: Effort level 'CheckFeas' is incompatible with lazy constraint/incumbent callback.
         Effort level increased to 'SolveFixed'.
1 of 1 MIP starts provided solutions.
MIP start 'm1' defined initial solution with objective 0.0410.
Tried aggregator 1 time.
MIP Presolve eliminated 1354 rows and 0 columns.
Reduced MIP has 1615 rows, 2360 columns, and 18068 nonzeros.
Reduced MIP has 1164 binaries, 0 generals, 0 SOSs, and 0 indicators.
Presolve time = 0.02 sec. (12.25 ticks)
Probing time = 0.00 sec. (0.29 ticks)
MIP emphasis: balance optimality and feasibility.
MIP search method: traditional branch-and-cut.
Parallel mode: deterministic, using up to 4 threads.
Root relaxation solution time = 0.03 sec. (36.11 ticks)

        Nodes                                         Cuts/
   Node  Left     Objective  IInf  Best Integer    Best Bound    ItCnt     Gap         Variable B NodeID Parent  Depth

*     0+    0                            0.0410        0.0000           100.00%
      0     0        0.0375    61        0.0410        0.0375     1047    8.39%
*     0+    0                            0.0404        0.0375             7.10%
      0     0  -1.00000e+75     0        0.0404        0.0375     1047    7.10%
      0     2        0.0375    47        0.0404        0.0375     1047    7.10%                        0             0
Elapsed time = 0.38 sec. (355.41 ticks, tree = 0.02 MB, solutions = 2)
*    14+    1                            0.0403        0.0378             6.27%
*    15+    1                            0.0401        0.0378             5.73%
*    19+    2                            0.0401        0.0378             5.56%
*    22+    3                            0.0401        0.0378             5.53%
     27    23        0.0386    26        0.0401        0.0378     2188    5.53%            x826 U     80     72     16
    143    66        cutoff              0.0401        0.0380     8550    5.13%            x162 D     53     45      6
    300   162        0.0386    33        0.0401        0.0383    16558    4.27%            x925 U    392     56     13
    469   254        0.0399    19        0.0401        0.0384    22858    4.08%           x1031 U    542    538     23
    671   379        0.0392    42        0.0401        0.0385    30255    3.86%             x32 D    812    210      8
    863   486        0.0400     9        0.0401        0.0385    41827    3.78%            x556 D    849    841     73
   1053   566        0.0400    35        0.0401        0.0388    49618    3.12%            x229 D    895    891     31
   1249   681        0.0396    46        0.0401        0.0389    58797    3.02%           x1031 U   1250   1246     10
   1438   812        0.0391    22        0.0401        0.0389    68639    2.80%            x701 U   1648   1644     33
   2121  1063        cutoff              0.0401        0.0391   111474    2.50%            x744 U   2066   2062     44
Elapsed time = 5.95 sec. (3472.43 ticks, tree = 5.15 MB, solutions = 8)
   2811  1300        0.0393    20        0.0401        0.0391   147519    2.36%            x154 D   2694   2690     45
   3399  1525        0.0394    18        0.0401        0.0392   191686    2.25%            x510 U   3323   3319     63
   4108  1872        cutoff              0.0401        0.0392   228294    2.20%            x162 D   4082   4074     58
   4982  2274        0.0392    20        0.0401        0.0392   278413    2.18%            x714 U   4854   4131     52
   5843  2869        0.0392    23        0.0401        0.0392   333549    2.17%            x726 U   6065   5784     52
   6642  3388        0.0392    19        0.0401        0.0392   388854    2.16%            x474 D   6363   6359     42
   7525  3774        0.0392    18        0.0401        0.0392   430709    2.16%            x697 D   7733   7729     67
   8316  4282        0.0393    18        0.0401        0.0392   483340    2.16%            x819 D   8015   8011     56
   8984  4482        cutoff              0.0401        0.0392   528304    2.14%            x918 D   8703   8691     58
   9604  4716        0.0393    22        0.0401        0.0392   576167    2.13%            x612 D   9804   9800     57
Elapsed time = 20.83 sec. (13018.53 ticks, tree = 13.11 MB, solutions = 8)
  10162  4905        cutoff              0.0401        0.0392   627021    2.11%            x837 U  10404  10400     57
  10731  5051        cutoff              0.0401        0.0392   678049    2.10%            x700 U  10622  10618     50
  11234  5124        0.0394    19        0.0401        0.0392   727988    2.09%            x819 D  11420  11416     55
* 11763+ 5257                            0.0400        0.0392             2.03%
  11920  5293        cutoff              0.0400        0.0392   779597    2.03%            x702 D  11603  11599     70
  12429  5250        cutoff              0.0400        0.0392   815599    2.00%            x918 D  12314   4186     60
  12986  5074        cutoff              0.0400        0.0392   884616    1.97%            x918 D  12735   8329     65
  13425  4944        cutoff              0.0400        0.0393   923160    1.95%            x934 D  13378   6043     60
  13891  4731        cutoff              0.0400        0.0393   981755    1.94%            x702 D  14133   4429     60
  14306  4552        0.0396    16        0.0400        0.0393  1043830    1.92%            x701 U  14513   8522     63
  14746  4464        cutoff              0.0400        0.0393  1083669    1.92%            x731 U  14503  14495     79
Elapsed time = 31.62 sec. (22573.80 ticks, tree = 14.37 MB, solutions = 10)
  15161  4371        0.0396    20        0.0400        0.0393  1147465    1.90%            x486 D  14915   2821     67
  15622  4298        cutoff              0.0400        0.0393  1184739    1.88%            x702 D  15490   6851     64
  16211  4219        cutoff              0.0400        0.0393  1230609    1.87%            x837 D  16469  16465     68
  16832  4340        0.0394    23        0.0400        0.0393  1290886    1.84%            x934 U  16674  16670     39
  17417  4459    infeasible              0.0400        0.0393  1337854    1.82%            x702 D  17937  17929     49
  17971  4322        cutoff              0.0400        0.0393  1409821    1.80%            x156 U  18809   5557     65
  18476  4246        0.0394    18        0.0400        0.0393  1436804    1.79%            x768 U  18215  18211     53
  19118  4156    infeasible              0.0400        0.0393  1486095    1.77%            x725 U  20013  16834     66
  19626  4032        cutoff              0.0400        0.0393  1524805    1.75%            x156 U  19368   9159     58
  20146  3822        cutoff              0.0400        0.0393  1564973    1.72%            x934 D  19839  10012     66
Elapsed time = 42.09 sec. (32121.58 ticks, tree = 12.86 MB, solutions = 10)
  20780  3509        cutoff              0.0400        0.0394  1626873    1.71%            x702 D  20548   5321     60
  21814  3352        cutoff              0.0400        0.0394  1656498    1.70%            x156 U  21050   7112     64
  23124  3326        0.0394    19        0.0400        0.0394  1709060    1.68%            x504 D  23833  23829     51
  24682  3418        0.0394    17        0.0400        0.0394  1763382    1.65%            x522 U  24923  21782     50
  26372  3701    infeasible              0.0400        0.0394  1810296    1.61%            x162 D  27401  27397     53
  28249  3807        0.0394    17        0.0400        0.0394  1855050    1.59%            x540 U  28099  28095     59
  30108  3693        0.0395    17        0.0400        0.0394  1887476    1.54%            x522 U  29927  29499     53
  31730  3437    infeasible              0.0400        0.0394  1920759    1.50%            x702 U  31531  31565     57
  33139  3178        0.0395    17        0.0400        0.0394  1968278    1.47%            x762 D  34713  34085     61
  34365  2513        0.0395    17        0.0400        0.0395  2034788    1.42%            x774 U  35837  32292     65
Elapsed time = 56.72 sec. (41664.22 ticks, tree = 7.12 MB, solutions = 10)
  35333  2282        0.0398    11        0.0400        0.0395  2077764    1.37%            x461 D  34866  34862     71
  36169  1989    infeasible              0.0400        0.0395  2131018    1.29%            x702 U  35388  27469     68
  37427  1797        0.0398    20        0.0400        0.0396  2189689    1.18%            x801 D  36740  36736     69
  38702  2052        0.0400     3        0.0400        0.0396  2226647    1.10%            x116 U  40029  40025     56
  39948  3061        0.0397    10        0.0400        0.0396  2287971    1.04%            x505 D  39056  39052     40
  41060  3415        0.0397    12        0.0400        0.0396  2311870    0.99%            x745 D  40726  40722     50
  42081  4549        0.0398    11        0.0400        0.0397  2378589    0.96%            x488 D  43697  43693     59
  43262  5007        cutoff              0.0400        0.0397  2414378    0.96%            x918 D  42866  42858     62
  44459  5924        0.0399    16        0.0400        0.0397  2489513    0.96%            x913 U  44030  44026     56
  45581  6653        cutoff              0.0400        0.0397  2537973    0.95%            x793 U  47225  47217     72
Elapsed time = 75.70 sec. (51209.15 ticks, tree = 9.86 MB, solutions = 10)
  46307  7020        0.0399    13        0.0400        0.0397  2582354    0.93%            x936 U  47861  47857     54
  47258  7527        0.0399    14        0.0400        0.0397  2651075    0.92%            x522 U  46954  46950     47
  48457  8084        0.0399    18        0.0400        0.0397  2699200    0.92%            x115 U  47480  47476     50
  49612  8797        0.0400    10        0.0400        0.0397  2751614    0.91%            x116 D  50917  50909     67
  50438  9425        cutoff              0.0400        0.0397  2811953    0.90%            x793 U  50246  50234     69
  51178  9780        0.0398    18        0.0400        0.0397  2872259    0.89%            x702 U  52405  52401     47
  52082 10252        0.0399    15        0.0400        0.0397  2933282    0.87%            x697 D  51746  51742     51
  52881 10829        0.0400    12        0.0400        0.0397  3009836    0.86%            x494 D  52454  52450     79
  53642 11004        0.0399    21        0.0400        0.0397  3059167    0.86%            x476 U  52484  36494     59
  54441 11312        0.0400    14        0.0400        0.0397  3119957    0.85%            x547 D  54623  54619     62
Elapsed time = 95.62 sec. (60755.79 ticks, tree = 14.53 MB, solutions = 10)
  55446 11713        0.0400    11        0.0400        0.0397  3172859    0.85%            x522 D  54814  54806     82
  56359 11966        cutoff              0.0400        0.0397  3207256    0.84%            x811 U  56351  56339     65
  57456 12505        0.0400    11        0.0400        0.0397  3267827    0.83%            x836 D  56400  56396     58
  58344 13130        cutoff              0.0400        0.0397  3338310    0.82%            x917 D  57886  39309     62
  59238 13491        0.0400    13        0.0400        0.0397  3393297    0.82%            x500 D  58200  58196     61
  60050 13869        0.0399    14        0.0400        0.0397  3453788    0.81%            x734 D  60099  60095     47
  60954 14238        cutoff              0.0400        0.0397  3515325    0.80%            x553 D  59820  59812     72
  61863 14540        0.0399    21        0.0400        0.0397  3574294    0.79%             x31 U  61947  61943     42
  62829 14726        0.0400    17        0.0400        0.0397  3620440    0.79%            x115 U  62851  62847     55
  63846 15109        cutoff              0.0400        0.0397  3681588    0.77%            x522 U  62516  62512     64
Elapsed time = 115.92 sec. (70302.93 ticks, tree = 17.86 MB, solutions = 10)
  64818 15380        cutoff              0.0400        0.0397  3753385    0.75%            x817 U  64582  35760     18
  65835 15826        0.0400    12        0.0400        0.0397  3807026    0.73%            x933 U  64464  64460     59
  66636 16015        0.0400     9        0.0400        0.0398  3865462    0.71%            x836 D  68125  68121     50
  67477 16171        cutoff              0.0400        0.0398  3930297    0.68%            x789 U  67314  37430     78
  68353 16304        0.0400     9        0.0400        0.0398  3983873    0.65%            x115 D  67124  67116     78
  69298 16477        0.0400    13        0.0400        0.0398  4029034    0.62%            x933 U  69307  69303     58
  70315 16824        0.0399    13        0.0400        0.0398  4102953    0.59%            x458 D  68916  68912     60
  71375 17249        0.0399    19        0.0400        0.0398  4173086    0.56%             x31 U  72761  72757     59
  72349 17423        0.0399    15        0.0400        0.0398  4203000    0.54%            x931 U  70788  70784     48
  73521 17817        0.0399    15        0.0400        0.0398  4278416    0.53%            x931 U  73578  73574     54
Elapsed time = 133.64 sec. (79856.65 ticks, tree = 20.66 MB, solutions = 10)
  74695 18239        0.0399    21        0.0400        0.0398  4333693    0.51%            x472 D  73068  73064     58
  75739 18807        cutoff              0.0400        0.0398  4402662    0.50%             x31 D  77289  48913     51
  76882 19057        0.0400    14        0.0400        0.0398  4440549    0.49%            x565 D  76943  76939     58
  78035 19711        0.0400     4        0.0400        0.0398  4515619    0.48%            x116 U  76384  76380     73
  79025 20199        0.0400     4        0.0400        0.0398  4586016    0.48%            x697 U  79019  79011     70
  80106 20588        cutoff              0.0400        0.0398  4634528    0.47%            x751 U  81605  46211     54
  81176 21048        0.0400    16        0.0400        0.0399  4708002    0.47%            x115 D  81167  81159     57
  82120 21409        cutoff              0.0400        0.0399  4769359    0.46%            x918 D  83473  83465     60
  83227 21797        0.0399    14        0.0400        0.0399  4818398    0.46%            x548 D  84557  84553     67
  87158 23403        0.0399    14        0.0400        0.0399  5054829    0.45%            x307 U  88509  88505     60
Elapsed time = 158.34 sec. (92262.87 ticks, tree = 26.28 MB, solutions = 10)
  91055 24945        0.0399    16        0.0400        0.0399  5303326    0.44%            x913 U  91178  91174     63
  95599 26754        0.0400    11        0.0400        0.0399  5543032    0.43%            x918 U  94364  94360     63
  98998 28035        cutoff              0.0400        0.0399  5787549    0.42%            x115 U  97840  97836     66
 103198 29547        0.0399    17        0.0400        0.0399  6027894    0.42%            x548 U 101852  43123     65
 107606 31463        0.0400    10        0.0400        0.0399  6276708    0.41%            x500 D 106975 106971     70
 111079 32482        0.0400     9        0.0400        0.0399  6507778    0.40%            x556 U 111202 111190     74
 114856 33654        0.0399    14        0.0400        0.0399  6734837    0.40%            x554 D 114219 114215     72
 118804 35150        0.0400    18        0.0400        0.0399  6990098    0.39%            x115 D 120821 120813     57
 122774 36346        0.0400    12        0.0400        0.0399  7222646    0.39%            x550 D 121732 121720     73
 127207 37687        0.0399    13        0.0400        0.0399  7446829    0.38%            x706 D 126371 126367     56
Elapsed time = 232.59 sec. (130418.29 ticks, tree = 42.16 MB, solutions = 10)
 131828 39686        cutoff              0.0400        0.0399  7691946    0.38%            x237 U 130963 130955     73
 135778 41087        0.0400     9        0.0400        0.0399  7912370    0.37%            x500 D 137765 137761     69
 140218 42602        0.0400     6        0.0400        0.0399  8156523    0.37%            x697 U 139499 139491     60
 144674 44176        cutoff              0.0400        0.0399  8391980    0.36%            x702 D 144646 144638     64
 148815 45736        cutoff              0.0400        0.0399  8659029    0.36%            x553 D 148626 148622     62
 153125 47100        0.0399    24        0.0400        0.0399  8877840    0.36%             x31 U 152806 152802     67
 157270 48480        0.0400    17        0.0400        0.0399  9136977    0.35%            x799 D 156343 156335     62
 162045 49955        cutoff              0.0400        0.0399  9335230    0.35%            x698 U 162376 162372     63
 166178 51510        cutoff              0.0400        0.0399  9595868    0.35%            x115 U 166082 166078     58
 169093 51744        0.0399    18        0.0400        0.0399  9847771    0.34%            x550 D 169760 145658     70
Elapsed time = 305.33 sec. (168573.11 ticks, tree = 56.50 MB, solutions = 10)
 172066 51900        0.0400    14        0.0400        0.0399 10099505    0.34%            x568 U 172473 172469     63
 175005 51898        0.0400    14        0.0400        0.0399 10325447    0.33%            x933 U 174942 174938     69
 178064 51974        0.0400    23        0.0400        0.0399 10593350    0.33%            x932 U 178365 178361     58
 181238 51916        0.0399    20        0.0400        0.0399 10869795    0.32%            x932 U 181350 181346     69
 184570 52094        0.0400    28        0.0400        0.0399 11110542    0.32%            x472 D 183439 183435     65
 187501 52112        cutoff              0.0400        0.0399 11368615    0.31%            x926 U 186419 186411     63
 190560 51845        cutoff              0.0400        0.0399 11594657    0.31%            x115 U 190622 190618     61
 193714 51501        cutoff              0.0400        0.0399 11841212    0.30%            x918 D 192975 137209     57
 196889 51708        0.0400     9        0.0400        0.0399 12087757    0.30%            x115 D 197217 197213     65
 200107 51445        cutoff              0.0400        0.0399 12355290    0.29%            x933 D 200453 200445     66
Elapsed time = 364.28 sec. (206729.74 ticks, tree = 56.04 MB, solutions = 10)
 203453 51135        cutoff              0.0400        0.0399 12649072    0.29%            x698 D 203598 203590     62
 206751 51000        cutoff              0.0400        0.0399 12887575    0.28%            x115 D 207065 207057     65
 210053 50551        cutoff              0.0400        0.0399 13148422    0.27%            x697 D 210528 210524     70
 213572 50259        cutoff              0.0400        0.0399 13366762    0.27%           x1142 D 214068 214064     81
 217075 49833        cutoff              0.0400        0.0399 13642078    0.26%            x698 U 217288 217284     66
 220632 49170        cutoff              0.0400        0.0399 13915532    0.25%            x116 D 220844 141111     65
 224382 48675        cutoff              0.0400        0.0399 14131733    0.24%            x932 U 224532 224528     62
 228104 48280        0.0400    11        0.0400        0.0399 14395835    0.24%            x565 D 228430 228426     66
 232058 48068        0.0400    15        0.0400        0.0399 14664489    0.23%            x464 U 232202 232198     61
 235898 47746        0.0400    14        0.0400        0.0399 14897058    0.22%            x115 D 236100 105843     58
Elapsed time = 427.00 sec. (244888.01 ticks, tree = 51.96 MB, solutions = 10)
 239798 47169        cutoff              0.0400        0.0399 15130475    0.22%            x932 D 239965 239957     54
 244047 47055        0.0400    16        0.0400        0.0400 15366911    0.21%            x472 D 243459 243455     68
 248264 46873        0.0400    19        0.0400        0.0400 15606037    0.21%            x697 D 248226 146457     65
 252383 46701        cutoff              0.0400        0.0400 15847451    0.20%            x935 D 252672 239119     64
 256679 46144        0.0400    17        0.0400        0.0400 16078518    0.20%            x482 D 256892 256884     68
 260806 45760        cutoff              0.0400        0.0400 16324329    0.19%            x547 U 261229  82481     64
 265235 45087        cutoff              0.0400        0.0400 16628914    0.18%            x506 U 264671 124795     72
 269641 44355        cutoff              0.0400        0.0400 16880106    0.18%            x698 D 269302 269294     52
 274091 44006        0.0400    19        0.0400        0.0400 17101750    0.17%            x464 D 273583 119195     66
 278622 43289        0.0400    21        0.0400        0.0400 17349583    0.17%            x801 D 278314 278310     52
Elapsed time = 489.03 sec. (283043.00 ticks, tree = 47.12 MB, solutions = 10)
 283096 42656        0.0400    16        0.0400        0.0400 17580205    0.16%            x482 D 283062 283054     68
 287722 41605        cutoff              0.0400        0.0400 17862445    0.16%           x1142 U 287351 165234     73
 292268 40635        cutoff              0.0400        0.0400 18090387    0.15%           x1142 U 292255 292247     78
 297187 39576        0.0400    16        0.0400        0.0400 18309508    0.15%            x932 U 297445 297437     63
 302414 38807        cutoff              0.0400        0.0400 18531014    0.14%            x698 D 302104 302096     72
 307465 37922        cutoff              0.0400        0.0400 18812999    0.14%            x115 U 307262 307258     66
 312744 37111        0.0400    15        0.0400        0.0400 19028805    0.13%            x464 U 312787 312783     71
 317993 36282        0.0400    18        0.0400        0.0400 19251328    0.13%            x724 U 318129 318121     74
 322551 35023        0.0400    21        0.0400        0.0400 19508569    0.12%            x718 U 322034 194696     66
 327148 34257        cutoff              0.0400        0.0400 19665998    0.12%             x31 D 325898 276022     59
Elapsed time = 550.45 sec. (321198.54 ticks, tree = 37.52 MB, solutions = 10)
 333253 32855        0.0400    22        0.0400        0.0400 19944807    0.11%            x534 D 335136 322597     73
 339277 31848        0.0400    13        0.0400        0.0400 20130223    0.11%           x1142 D 341368 341364     66
 343536 31352        cutoff              0.0400        0.0400 20344955    0.10%            x464 U 342145  87608     68
 344983 31502        cutoff              0.0400        0.0400 20379046    0.10%            x710 D 343934 343930     85
 346295 31578        cutoff              0.0400        0.0400 20426913    0.09%            x722 D 345181 345173     73
 347500 31544        0.0400     7        0.0400        0.0400 20461620    0.09%            x547 D 347603 347599     64
 349669 31159        0.0400     7        0.0400        0.0400 20541302    0.09%            x464 U 348034 348030     62
 351400 31091        0.0400    14        0.0400        0.0400 20558635    0.09%            x472 D 352400 352396     68

Cover cuts applied:  37
User cuts applied:  1

Root node processing (before b&c):
  Real time             =    0.36 sec. (354.59 ticks)
Parallel b&c, 4 threads:
  Real time             =  599.66 sec. (351782.51 ticks)
  Sync time (average)   =   24.55 sec.
  Wait time (average)   =    0.00 sec.
                          ------------
Total (root+branch&cut) =  600.02 sec. (352137.10 ticks)
