Version identifier: 22.2.0.0 | 2026-05-04 | 5dff98e58
CPXPARAM_Read_DataCheck                          1
CPXPARAM_Threads                                 4
CPXPARAM_Parallel                                1
CPXPARAM_RandomSeed                              20260925
CPXPARAM_MIP_Strategy_Search                     1
CPXPARAM_Simplex_Tolerances_Optimality           1.0000000000000001e-09
CPXPARAM_Simplex_Tolerances_Feasibility          1.0000000000000001e-09
CPXPARAM_TimeLimit                               600
CPXPARAM_MIP_Tolerances_AbsMIPGap                1.0000000000000001e-09
CPXPARAM_MIP_Tolerances_Integrality              1.0000000000000001e-09
Legacy callback                                  iLUD
Lazy constraint(s) or lazy constraint/branch callback is present.
    Disabling dual reductions (CPX_PARAM_REDUCE) in presolve.
    Disabling presolve reductions that prevent crushing forms (CPX_PARAM_PREREFORM).
         Disabling repeat represolve because of lazy constraint/incumbent callback.
Warning: Effort level 'CheckFeas' is incompatible with lazy constraint/incumbent callback.
         Effort level increased to 'SolveFixed'.
1 of 1 MIP starts provided solutions.
MIP start 'm1' defined initial solution with objective 0.1507.
Tried aggregator 1 time.
MIP Presolve eliminated 37 rows and 0 columns.
MIP Presolve modified 314 coefficients.
Reduced MIP has 321 rows, 362 columns, and 3531 nonzeros.
Reduced MIP has 174 binaries, 0 generals, 0 SOSs, and 0 indicators.
Presolve time = 0.00 sec. (1.66 ticks)
Probing time = 0.00 sec. (0.14 ticks)
MIP emphasis: balance optimality and feasibility.
MIP search method: traditional branch-and-cut.
Parallel mode: deterministic, using up to 4 threads.
Root relaxation solution time = 0.00 sec. (6.79 ticks)

        Nodes                                         Cuts/
   Node  Left     Objective  IInf  Best Integer    Best Bound    ItCnt     Gap         Variable B NodeID Parent  Depth

*     0+    0                            0.1507        0.0000           100.00%
      0     0        0.1396    19        0.1507        0.1396      380    7.36%
      0     0        0.1412    33        0.1507       Cuts: 8      444    6.34%
      0     0        0.1430    31        0.1507    MIRcuts: 3      480    5.10%
      0     0        0.1434    34        0.1507    MIRcuts: 1      499    4.83%
      0     0        0.1437    34        0.1507       Cuts: 2      509    4.66%
      0     0        0.1437    36        0.1507   Flowcuts: 1      513    4.63%
      0     2        0.1437    36        0.1507        0.1437      513    4.63%                        0             0
Elapsed time = 0.09 sec. (66.22 ticks, tree = 0.02 MB, solutions = 1)
*   188+   53                            0.1502        0.1455             3.16%
*   312+   42                            0.1498        0.1474             1.57%

Flow cuts applied:  4
Mixed integer rounding cuts applied:  7
Gomory fractional cuts applied:  1

Root node processing (before b&c):
  Real time             =    0.09 sec. (65.96 ticks)
Parallel b&c, 4 threads:
  Real time             =    0.16 sec. (104.51 ticks)
  Sync time (average)   =    0.03 sec.
  Wait time (average)   =    0.00 sec.
                          ------------
Total (root+branch&cut) =    0.25 sec. (170.47 ticks)
