Version identifier: 22.2.0.0 | 2026-05-04 | 5dff98e58
CPXPARAM_Read_DataCheck                          1
CPXPARAM_Threads                                 4
CPXPARAM_Parallel                                1
CPXPARAM_RandomSeed                              20260925
CPXPARAM_MIP_Strategy_Search                     1
CPXPARAM_Simplex_Tolerances_Optimality           1.0000000000000001e-09
CPXPARAM_Simplex_Tolerances_Feasibility          1.0000000000000001e-09
CPXPARAM_TimeLimit                               600
CPXPARAM_MIP_Tolerances_AbsMIPGap                1.0000000000000001e-09
CPXPARAM_MIP_Tolerances_Integrality              1.0000000000000001e-09
Legacy callback                                  iLUD
Lazy constraint(s) or lazy constraint/branch callback is present.
    Disabling dual reductions (CPX_PARAM_REDUCE) in presolve.
    Disabling presolve reductions that prevent crushing forms (CPX_PARAM_PREREFORM).
         Disabling repeat represolve because of lazy constraint/incumbent callback.
Warning: Effort level 'CheckFeas' is incompatible with lazy constraint/incumbent callback.
         Effort level increased to 'SolveFixed'.
1 of 1 MIP starts provided solutions.
MIP start 'm1' defined initial solution with objective 0.0301.
Tried aggregator 1 time.
MIP Presolve eliminated 1643 rows and 0 columns.
Reduced MIP has 2864 rows, 4616 columns, and 40047 nonzeros.
Reduced MIP has 2292 binaries, 0 generals, 0 SOSs, and 0 indicators.
Presolve time = 0.02 sec. (25.93 ticks)
Probing time = 0.02 sec. (0.62 ticks)
MIP emphasis: balance optimality and feasibility.
MIP search method: traditional branch-and-cut.
Parallel mode: deterministic, using up to 4 threads.
Root relaxation solution time = 0.05 sec. (76.68 ticks)

        Nodes                                         Cuts/
   Node  Left     Objective  IInf  Best Integer    Best Bound    ItCnt     Gap         Variable B NodeID Parent  Depth

*     0+    0                            0.0301        0.0000           100.00%
      0     0        0.0264    44        0.0301        0.0264     1228   12.27%
*     0+    0                            0.0295        0.0264            10.69%
*     0+    0                            0.0294        0.0264            10.33%
      0     0  -1.00000e+75     0        0.0294        0.0264     1228   10.33%
      0     2        0.0264    44        0.0294        0.0264     1228   10.33%                        0             0
Elapsed time = 0.88 sec. (1116.87 ticks, tree = 0.02 MB, solutions = 3)
     15    16        0.0264    33        0.0294        0.0264     2486   10.27%           x1636 U     14      6      4
*    22+    3                            0.0293        0.0264             9.80%
     39    34        0.0268    31        0.0293        0.0264     6056    9.80%           x1835 D     38     30      9
     69    47        0.0271    32        0.0293        0.0264     7156    9.80%           x1649 U     41     33      9
    109    90        cutoff              0.0293        0.0264    13516    9.80%           x1636 U    104    100     19
    147   112        0.0264    33        0.0293        0.0264    18966    9.80%           x1633 D    142    138      4
    195   130        0.0279    22        0.0293        0.0264    23010    9.80%            x312 U    197    189     15
    229   167        0.0269    26        0.0293        0.0264    32474    9.80%            x303 D    239    235     14
    257   174        0.0266    26        0.0293        0.0264    34568    9.80%             x63 U    222    218      8
    297   204        0.0266    33        0.0293        0.0264    38415    9.80%           x1809 D    270    266      8
    483   342        0.0270    23        0.0293        0.0264    52531    9.66%           x1212 D    557    553     18
Elapsed time = 5.11 sec. (4293.06 ticks, tree = 1.26 MB, solutions = 4)
    689   483        0.0288    25        0.0293        0.0265    71222    9.56%           x1825 D    793    789     26
    933   660        0.0269    21        0.0293        0.0265    93674    9.47%           x1812 D    920    916     13
   1183   848        0.0271    31        0.0293        0.0265   112049    9.39%           x1212 D   1018   1014     18
   1419  1046        0.0267    30        0.0293        0.0265   136840    9.39%           x1657 U   1222    154      8
   1672  1214        0.0273    33        0.0293        0.0265   152618    9.28%             x66 D   1703   1699     12
   1915  1370        0.0284    18        0.0293        0.0266   175985    9.11%           x1661 U   2040   2032     34
   2147  1539        0.0273    29        0.0293        0.0266   203043    9.06%            x306 D   2272   2268     12
*  2301+ 1607                            0.0291        0.0266             8.53%
   2400  1716        0.0275    21        0.0291        0.0266   227713    8.49%           x1807 D   2106   2102     14
   2679  1889        0.0270    34        0.0291        0.0266   248345    8.46%           x1637 U   2366    381     12
   2940  2069        0.0290    25        0.0291        0.0267   267970    8.38%             x62 U   2642   2634     34
Elapsed time = 16.95 sec. (13871.97 ticks, tree = 27.77 MB, solutions = 5)
*  3060+ 2136                            0.0291        0.0267             8.28%
   3191  2243        0.0268    36        0.0291        0.0267   286147    8.22%           x1637 U   3345    635      7
*  3228+ 2283                            0.0288        0.0267             7.37%
   3489  2397        0.0279    39        0.0288        0.0267   311397    7.33%            x786 D   3647   3643     14
   3731  2537    infeasible              0.0288        0.0267   330103    7.30%           x1658 D   3680   3676     21
   3989  2714        0.0278    29        0.0288        0.0267   359001    7.27%             x62 U   4087   4083     16
   4234  2905        0.0273    21        0.0288        0.0267   382837    7.24%           x1810 U   4006   1840     14
   4448  3061        0.0282    26        0.0288        0.0267   408185    7.21%            x312 U   4246   4242     26
   4647  3170        0.0277    30        0.0288        0.0267   424327    7.17%           x1824 D   4510   4506     15
   4895  3343        cutoff              0.0288        0.0268   452819    7.14%           x1836 D   5015   5007     20
   5117  3460        0.0269    29        0.0288        0.0268   469350    7.09%           x1210 D   5283    174     11
   5324  3562        0.0273    20        0.0288        0.0268   489089    7.04%           x1648 D   5441   5437     25
Elapsed time = 27.47 sec. (23469.12 ticks, tree = 52.80 MB, solutions = 7)
   5570  3764        0.0279    15        0.0288        0.0268   522287    7.01%             x62 U   5480   5476     22
   5792  3895        cutoff              0.0288        0.0268   548369    6.98%           x1671 D   5935   5927     26
   5998  4024        0.0276    28        0.0288        0.0268   572959    6.95%            x306 D   5960   5952     25
   6212  4140        0.0270    38        0.0288        0.0268   592965    6.93%           x1652 D   6144   6140     13
   6433  4271        0.0279    32        0.0288        0.0268   613620    6.90%             x64 D   6368      9      5
   6689  4503        0.0278    35        0.0288        0.0268   646900    6.88%            x312 U   6668   6660     12
   6914  4584        0.0287    26        0.0288        0.0268   660709    6.87%           x1820 D   7095   7091     28
   7123  4746        0.0284    22        0.0288        0.0268   689512    6.85%           x1630 D   7180   7176     18
   7391  4913        0.0286    24        0.0288        0.0268   714676    6.82%            x312 U   7258   7254     22
   7634  5085        0.0278    25        0.0288        0.0269   741174    6.80%           x1851 D   7667   7663     26
Elapsed time = 37.73 sec. (33025.80 ticks, tree = 76.39 MB, solutions = 7)
   7853  5205        0.0286    27        0.0288        0.0269   763885    6.75%           x1211 D   7887   7883     26
   8101  5335        0.0281    20        0.0288        0.0269   786212    6.73%           x1817 U   8099   8095     22
   8307  5499        0.0286    21        0.0288        0.0269   807726    6.72%           x1850 D   8307   8303     28
   8551  5633        0.0270    28        0.0288        0.0269   834128    6.70%           x1630 U   8445   8441     12
   8768  5806        0.0281    16        0.0288        0.0269   863331    6.69%           x1657 D   8900   8896     33
   8978  5944        0.0282    16        0.0288        0.0269   887674    6.66%           x1823 D   9120   9116     29
   9221  6008        0.0274    29        0.0288        0.0269   903089    6.64%             x64 U   9179   9175     23
   9463  6161        0.0279    24        0.0288        0.0269   929361    6.63%           x1655 D   9447   9443     19
   9713  6319        cutoff              0.0288        0.0269   953235    6.62%             x66 U   9655   9647     22
   9966  6504        0.0282    22        0.0288        0.0269   983191    6.61%           x1649 D   9953   9945     27
Elapsed time = 48.14 sec. (42584.47 ticks, tree = 99.08 MB, solutions = 7)
  10217  6712        cutoff              0.0288        0.0269  1015322    6.59%           x1853 D  10392  10388     30
  10469  6839        cutoff              0.0288        0.0269  1036881    6.58%           x1809 U  10445   3821     10
  10717  7069        cutoff              0.0288        0.0269  1067825    6.56%           x1660 D  10868  10864     24
  10960  7105        0.0272    38        0.0288        0.0269  1074054    6.55%             x62 U  11092  11088     17
  11174  7329        0.0273    31        0.0288        0.0269  1118171    6.52%             x63 U  11193  11189     16
  11382  7351        cutoff              0.0288        0.0269  1122757    6.50%           x1628 D  11345  11341     22
  11614  7509        0.0277    35        0.0288        0.0269  1150943    6.49%           x1661 D  11601  11597     16
  11844  7701        0.0278    27        0.0288        0.0270  1181275    6.45%            x786 D  11921  11917     25
  12081  7787        cutoff              0.0288        0.0270  1205731    6.45%           x1211 D  11779  11775     25
  12309  8032        cutoff              0.0288        0.0270  1245027    6.44%           x1836 D  12469  12465     23
Elapsed time = 58.06 sec. (52185.24 ticks, tree = 117.09 MB, solutions = 7)
  12515  8141        cutoff              0.0288        0.0270  1270942    6.42%            x785 D  12299  12291     32
  12739  8174        0.0279    33        0.0288        0.0270  1277464    6.40%            x312 U  12503  12495     14
  12967  8291        cutoff              0.0288        0.0270  1301354    6.39%            x305 U  12958  12954     14
  13182  8459        cutoff              0.0288        0.0270  1330534    6.37%            x312 D  13214  13206     17
  13380  8548        cutoff              0.0288        0.0270  1357467    6.36%           x1817 D  13380  13372     17
  13601  8711        0.0281    29        0.0288        0.0270  1390095    6.34%           x1658 D  13616  13612     28
  13840  8837        0.0281    33        0.0288        0.0270  1416145    6.33%             x66 D  14025  14021     27
  14079  8986        0.0281    26        0.0288        0.0270  1440411    6.32%            x915 U  13747  13743     43
  14358  9049        0.0284    33        0.0288        0.0270  1445987    6.30%            x312 U  14103  14099     16
  14593  9316        0.0271    21        0.0288        0.0270  1491028    6.28%           x1828 D  14680  14676     20
Elapsed time = 68.47 sec. (61754.49 ticks, tree = 138.23 MB, solutions = 7)
  14801  9300        0.0281    26        0.0288        0.0270  1490382    6.28%            x786 D  14901  14897     21
  15044  9434        0.0285    31        0.0288        0.0270  1516485    6.26%             x65 D  14679  14671     26
  15263  9727        cutoff              0.0288        0.0270  1567882    6.26%            x312 D  15384  15376     20
  15464  9697        cutoff              0.0288        0.0270  1565446    6.25%           x1817 D  15553  15549     23
  15663  9937        0.0278    36        0.0288        0.0270  1617162    6.24%            x786 D  15730  15726     16
  15856 10012        0.0281    30        0.0288        0.0270  1630049    6.23%             x65 U  15579  15575     15
  16068 10148        0.0273    29        0.0288        0.0270  1667010    6.22%           x1824 U  15819  15815     22
  16296 10176        cutoff              0.0288        0.0270  1674425    6.20%           x1853 D  16011  16007     22
  16541 10397        cutoff              0.0288        0.0270  1710739    6.19%           x1661 D  16319  16315     25
  16784 10546        0.0280    33        0.0288        0.0270  1745340    6.18%             x62 U  16934  16930     18
Elapsed time = 78.64 sec. (71358.56 ticks, tree = 159.57 MB, solutions = 7)
  17027 10666        cutoff              0.0288        0.0270  1766182    6.16%           x1808 U  16977  12608     14
  17267 10806        0.0272    28        0.0288        0.0270  1790463    6.16%           x1653 U  17426   4410     15
  17518 10846        cutoff              0.0288        0.0270  1796549    6.15%            x312 U  17694  17690     32
  17750 11000        0.0281    25        0.0288        0.0270  1825776    6.14%             x65 U  17804  17800     14
  17963 11213        0.0282    25        0.0288        0.0270  1864115    6.13%           x1208 D  18024  18016     38
  18208 11371        cutoff              0.0288        0.0270  1896280    6.12%           x1833 U  18177  18169     26
  18452 11500        0.0284    14        0.0288        0.0271  1920526    6.11%             x62 U  18658  18654     33
  18704 11537        0.0275    26        0.0288        0.0271  1927263    6.10%            x306 D  18906  18902     19
  18930 11692        0.0280    25        0.0288        0.0271  1948700    6.09%            x306 U  18973  18965     17
  19169 11806        cutoff              0.0288        0.0271  1974470    6.08%           x1660 D  19394  19390     24
Elapsed time = 87.81 sec. (80953.34 ticks, tree = 183.06 MB, solutions = 7)
  19373 12038        0.0274    30        0.0288        0.0271  2014744    6.08%             x64 U  19558  19554     20
  19588 12141        cutoff              0.0288        0.0271  2038762    6.06%             x62 D  19693   7034     12
  19786 12168        cutoff              0.0288        0.0271  2045034    6.05%           x1211 U  19909  19905     20
  20005 12397        0.0277    21        0.0288        0.0271  2096765    6.04%             x62 U  19984  19980     25
  20186 12382        0.0271    33        0.0288        0.0271  2093811    6.04%           x1635 D  20365   6170      6
  20417 12512        0.0276    23        0.0288        0.0271  2118641    6.03%            x312 D  20678  20674     20
  20655 12660        cutoff              0.0288        0.0271  2146915    6.02%           x1661 U  20496  20488     29
  20887 12748        0.0272    34        0.0288        0.0271  2162566    6.02%           x1832 D  21122  21118     12
  21076 12925        0.0286    30        0.0288        0.0271  2197267    6.01%           x1817 D  20860  20856     27
  21947 13440        0.0281    23        0.0288        0.0271  2308592    5.98%           x1810 D  22282  22278     22
Elapsed time = 100.48 sec. (93407.54 ticks, tree = 208.24 MB, solutions = 7)
  22890 13957        0.0274    30        0.0288        0.0271  2401375    5.95%           x1637 U  22676  18971     16
  23713 14291        cutoff              0.0288        0.0271  2486194    5.90%           x1672 D  23411  23403     32
  24492 14797        cutoff              0.0288        0.0271  2602704    5.87%           x1851 D  24308  24304     29
  25438 15149        cutoff              0.0288        0.0271  2671183    5.85%           x1661 U  25438  25430     34
  26341 15755        cutoff              0.0288        0.0271  2792308    5.82%           x1819 U  27009  27001     27
  27121 16093        0.0287    25        0.0288        0.0271  2866042    5.80%           x1817 U  26828  26824     23
  27983 16515        cutoff              0.0288        0.0271  2983839    5.77%             x66 U  27966  10059     15
  28803 17033        cutoff              0.0288        0.0272  3098384    5.74%           x1834 U  28511  28503     25
  29689 17383        0.0279    46        0.0288        0.0272  3187417    5.71%           x1833 D  29280  29272     14
  30520 17858        0.0277    24        0.0288        0.0272  3303961    5.67%           x1628 U  30358  30350     25
Elapsed time = 140.28 sec. (131603.38 ticks, tree = 279.54 MB, solutions = 7)
  31377 18313        0.0287    12        0.0288        0.0272  3409737    5.64%            x907 U  31202  31198     41
  32212 18714        cutoff              0.0288        0.0272  3507824    5.62%           x1211 D  31936  31932     34
  32999 19100        cutoff              0.0288        0.0272  3589264    5.59%            x305 D  33753  33745     30
  33834 19463        0.0282    25        0.0288        0.0272  3677361    5.56%            x305 D  33654  33650     29
  34717 19919        0.0279    36        0.0288        0.0272  3797311    5.53%             x62 U  34415  34411     13
  35611 20414        cutoff              0.0288        0.0272  3896062    5.51%            x305 U  35486  35478     26
  36460 20789        cutoff              0.0288        0.0272  3989121    5.48%           x1851 D  36308  36304     30
  37371 21207        0.0281    31        0.0288        0.0272  4088015    5.46%             x64 U  37973  37969     16
  38325 21546        0.0284    35        0.0288        0.0272  4165276    5.44%           x1646 D  38156  38148     24
  39170 22006        0.0283    23        0.0288        0.0273  4274902    5.41%            x305 D  38900  38896     24
Elapsed time = 178.02 sec. (169815.95 ticks, tree = 342.83 MB, solutions = 7)
  39930 22345        cutoff              0.0288        0.0273  4374096    5.39%           x1211 U  40541  40537     25
  40811 22684        0.0287    26        0.0288        0.0273  4472535    5.36%           x1661 U  40419  40415     32
  41649 23030        0.0279    31        0.0288        0.0273  4572533    5.33%            x306 D  41320  41316     20
  42580 23460        0.0279    31        0.0288        0.0273  4689149    5.31%           x1674 U  42284  42276     26
  43418 23860        0.0277    27        0.0288        0.0273  4791231    5.29%             x64 U  44037  44033     30
  44260 24190        0.0281    29        0.0288        0.0273  4883422    5.27%            x786 D  44358  44354     24
  45064 24507        0.0277    30        0.0288        0.0273  4967885    5.25%             x63 U  45701  45693     27
  45975 24913        0.0277    28        0.0288        0.0273  5069605    5.23%           x1211 D  45527  45523     26
  46784 25342        cutoff              0.0288        0.0273  5199410    5.22%           x1829 U  47317  29664     22
  47613 25757        cutoff              0.0288        0.0273  5313982    5.19%             x62 U  48165  48161     23
Elapsed time = 215.41 sec. (208013.61 ticks, tree = 400.10 MB, solutions = 7)
  48435 25971        0.0284    27        0.0288        0.0273  5394952    5.17%           x1211 D  48180  48176     24
  49264 26333        0.0280    34        0.0288        0.0273  5498915    5.15%            x786 D  49873  49869     27
  50176 26683        0.0283    20        0.0288        0.0273  5594005    5.13%            x312 U  50254  50246     25
  51025 27049        cutoff              0.0288        0.0273  5694708    5.12%            x305 D  50664  50660     26
  51834 27380        0.0275    32        0.0288        0.0273  5801859    5.10%             x63 U  52413   8261     24
  52633 27728        0.0281    22        0.0288        0.0273  5898289    5.07%           x1655 D  52211  52207     25
  53482 28041        0.0284    43        0.0288        0.0274  5993012    5.06%            x786 D  53618  53614     28
  54303 28264        0.0277    30        0.0288        0.0274  6066353    5.05%           x1812 U  54474   1623     17
  55146 28659        cutoff              0.0288        0.0274  6176356    5.03%            x305 D  55717  55713     31
  55969 29021        0.0284    35        0.0288        0.0274  6283786    5.01%             x63 D  55655  32030     19
Elapsed time = 254.48 sec. (246212.42 ticks, tree = 451.69 MB, solutions = 7)
  56863 29428        0.0280    25        0.0288        0.0274  6407092    4.99%            x312 U  57317  57313     18
  57720 29733        0.0281    29        0.0288        0.0274  6489583    4.97%             x66 D  57638  57634     27
  58620 30047        0.0276    36        0.0288        0.0274  6586401    4.95%           x1650 U  58611  24129     19
  59567 30504        0.0276    28        0.0288        0.0274  6693672    4.93%           x1634 U  59428  33169     25
  60397 30837        0.0277    41        0.0288        0.0274  6788350    4.91%           x1817 D  60223  56153     24
  61280 31142        0.0279    33        0.0288        0.0274  6872022    4.89%             x66 D  61150  61146     22
  62227 31492        0.0280    30        0.0288        0.0274  6966574    4.88%             x66 D  62457  62453     26
  63120 31991        0.0284    30        0.0288        0.0274  7100390    4.86%           x1635 D  62803  62799     26
  63909 32187        0.0277    18        0.0288        0.0274  7173364    4.85%             x66 D  63559  63555     29
  64731 32589        0.0277    24        0.0288        0.0274  7320985    4.83%             x63 U  64912  64908     22
Elapsed time = 292.84 sec. (284402.10 ticks, tree = 507.36 MB, solutions = 7)
  65610 32828        cutoff              0.0288        0.0274  7403118    4.82%           x1854 D  65852  65848     32
  66525 33128        0.0284    22        0.0288        0.0274  7500071    4.80%             x64 U  66483  66479     22
  67379 33482        cutoff              0.0288        0.0274  7621979    4.78%           x1653 D  67315  67311     34
  68229 33688        0.0288    20        0.0288        0.0274  7693151    4.76%            x312 U  68063  68059     28
  69056 33983        0.0278    22        0.0288        0.0274  7813863    4.75%           x1212 U  68863   7652     23
  69964 34179        cutoff              0.0288        0.0274  7888144    4.73%           x1827 D  69747  69743     25
  70763 34518        cutoff              0.0288        0.0275  8013278    4.71%            x305 D  70507  70503     32
  71576 34759        0.0275    19        0.0288        0.0275  8117546    4.70%           x1631 D  72000  13729     21
  72457 35034        cutoff              0.0288        0.0275  8226534    4.68%           x1658 U  72518  72506     29
  73310 35189        0.0277    27        0.0288        0.0275  8287289    4.66%           x1645 U  72933  61553     30
Elapsed time = 328.95 sec. (322611.26 ticks, tree = 543.56 MB, solutions = 7)
  74146 35556        0.0286    24        0.0288        0.0275  8429970    4.63%             x62 U  74290  74286     30
  75107 35716        0.0283    30        0.0288        0.0275  8476559    4.62%            x786 D  75195  75191     20
  75881 36134        cutoff              0.0288        0.0275  8637237    4.60%           x1653 D  75810  75806     24
  76697 36338        cutoff              0.0288        0.0275  8715760    4.59%           x1210 U  77132  77124     18
  77547 36606        cutoff              0.0288        0.0275  8796903    4.56%           x1824 D  77603  77599     31
  78425 36934        0.0283    26        0.0288        0.0275  8918710    4.55%           x1650 D  78820  78816     28
  79210 37115        cutoff              0.0288        0.0275  8996141    4.53%            x312 D  78925  18728     20
  80053 37308        cutoff              0.0288        0.0275  9080045    4.52%           x1661 D  80135  80131     39
  80942 37653        0.0279    13        0.0288        0.0275  9207862    4.50%             x64 U  81023  81019     31
  81817 37868        0.0283    47        0.0288        0.0275  9300621    4.49%             x66 D  81566  81562     30
Elapsed time = 368.14 sec. (360791.90 ticks, tree = 575.77 MB, solutions = 7)
  82694 38205        0.0276    17        0.0288        0.0275  9430183    4.47%           x1817 U  82378  76427     25
  83558 38444        0.0279    17        0.0288        0.0275  9525565    4.46%             x62 U  83868  83864     33
  84351 38655        0.0281    32        0.0288        0.0275  9618872    4.45%             x66 D  84353  84349     30
  85138 38803        0.0285    35        0.0288        0.0275  9706724    4.43%            x306 D  85207  85203     30
  86009 39075        0.0284    25        0.0288        0.0275  9815166    4.42%           x1817 U  86296  86288     26
  86849 39384        cutoff              0.0288        0.0275  9929605    4.40%           x1830 U  86482  86559     23
  87756 39684        0.0286    38        0.0288        0.0275 10041327    4.39%           x1852 D  87817  87813     36
  88573 39945        cutoff              0.0288        0.0276 10151935    4.37%             x63 U  88884  88880     18
  89412 40150        0.0276    30        0.0288        0.0276 10243754    4.35%           x1813 D  89353  45768     28
  90260 40346        0.0282    36        0.0288        0.0276 10331908    4.34%           x1833 D  90335  90331     28
Elapsed time = 405.36 sec. (398967.13 ticks, tree = 605.43 MB, solutions = 7)
  91054 40596        0.0288    25        0.0288        0.0276 10442744    4.32%             x65 D  91200  91196     34
  91949 40728        0.0280    31        0.0288        0.0276 10506853    4.31%             x66 D  91686  91682     24
  92732 41049        0.0283    24        0.0288        0.0276 10629490    4.29%            x305 D  92494  92490     27
  93561 41223        cutoff              0.0288        0.0276 10709584    4.28%           x1654 U  93214  48504     25
  94410 41486        0.0280    24        0.0288        0.0276 10818757    4.26%             x66 D  94229  94225     32
  95248 41812        cutoff              0.0288        0.0276 10951916    4.25%           x1811 U  95189  39948     22
  95975 41887        cutoff              0.0288        0.0276 11002814    4.24%           x1673 U  95518  95510     23
  96870 42269        cutoff              0.0288        0.0276 11143726    4.23%            x305 U  97248  97240     36
  97749 42321        cutoff              0.0288        0.0276 11196706    4.22%            x305 U  97787  97775     22
  98632 42689        0.0287    34        0.0288        0.0276 11322843    4.21%           x1660 D  98821  98817     32
Elapsed time = 441.44 sec. (437155.22 ticks, tree = 637.34 MB, solutions = 7)
  99494 42836        0.0278    20        0.0288        0.0276 11412315    4.19%           x1631 D  99599  99595     18
 100286 42976        0.0278    39        0.0288        0.0276 11494313    4.18%           x1636 U 100419  10745     12
 101126 43326        0.0286    27        0.0288        0.0276 11623694    4.16%            x312 U 101303 101295     27
 101983 43484        cutoff              0.0288        0.0276 11702091    4.15%           x1646 U 102211  53207     19
 102820 43757        cutoff              0.0288        0.0276 11827605    4.14%            x786 U 103061 103049     23
 103619 43912        0.0287    14        0.0288        0.0276 11909881    4.12%            x786 D 103889 103885     26
 104388 44079        cutoff              0.0288        0.0276 12002959    4.11%           x1655 D 104543 104539     25
 105139 44270        0.0283    24        0.0288        0.0276 12120455    4.09%           x1850 U 104422  33433     24
 105957 44521        cutoff              0.0288        0.0276 12242708    4.08%           x1211 D 106344 106340     34
 106818 44718        0.0285    24        0.0288        0.0276 12343514    4.06%             x64 U 105966 105962     25
Elapsed time = 478.86 sec. (475346.95 ticks, tree = 657.81 MB, solutions = 7)
 107568 44935        0.0279    21        0.0288        0.0276 12427300    4.04%           x1660 D 106762 106758     29
 108301 45096        0.0278    23        0.0288        0.0277 12543714    4.03%             x62 U 108672 108668     19
 109051 45245        0.0282    25        0.0288        0.0277 12642586    4.01%           x1211 D 108202 108198     25
 109753 45387        cutoff              0.0288        0.0277 12753464    4.00%           x1653 U 109931  95512     14
 110595 45589        0.0278    29        0.0288        0.0277 12837585    3.99%           x1836 D 110923  16889     20
 111403 45779        0.0280    34        0.0288        0.0277 12969943    3.97%           x1636 U 111389  58615     21
 112209 45866    infeasible              0.0288        0.0277 13039300    3.97%           x1648 D 111526 111522     24
 113081 45991        cutoff              0.0288        0.0277 13122459    3.95%           x1649 U 112382  91979     21
 113940 46254        0.0288    26        0.0288        0.0277 13230606    3.94%             x63 D 114135  59972     26
 114676 46435        0.0283    24        0.0288        0.0277 13315875    3.92%            x312 U 114847  64295     27
Elapsed time = 514.80 sec. (513553.56 ticks, tree = 677.66 MB, solutions = 7)
 115540 46590        cutoff              0.0288        0.0277 13415939    3.91%            x786 U 116124  17295     23
 116323 46795        0.0285    28        0.0288        0.0277 13549513    3.90%             x64 U 116487 116479     24
 117156 46951        0.0281    25        0.0288        0.0277 13650236    3.89%             x65 D 117832  63784     30
 117943 47099        cutoff              0.0288        0.0277 13736491    3.88%             x65 D 118504 118496     19
 118795 47241        0.0286    37        0.0288        0.0277 13839671    3.86%            x786 D 118090 118086     33
 119619 47539        0.0282    30        0.0288        0.0277 13982993    3.85%            x312 U 118878 118874     27
 120369 47658        cutoff              0.0288        0.0277 14032868    3.84%            x305 D 120423 120419     16
 121154 47860        0.0280    33        0.0288        0.0277 14150367    3.83%           x1648 D 120422 120414     18
 121642 48064        0.0284    30        0.0288        0.0277 14252424    3.82%            x786 D 122017 122013     32
 122232 48197        0.0280    27        0.0288        0.0277 14336699    3.81%           x1672 D 122765  64840     25
Elapsed time = 550.45 sec. (551757.27 ticks, tree = 689.91 MB, solutions = 7)
 122647 48262        0.0280    11        0.0288        0.0277 14358202    3.80%           x1007 U 122483 122479     21
 123180 48408    infeasible              0.0288        0.0277 14454479    3.79%           x1628 U 123520 123420     28
 123400 48368        0.0282    21        0.0288        0.0277 14416022    3.79%           x1825 D 123203 123199     27
 123780 48501        0.0281    25        0.0288        0.0277 14521324    3.78%           x1817 U 123014 123010     25
 124144 48556        cutoff              0.0288        0.0277 14571163    3.77%            x786 U 124817 124805     30
 124720 48654        0.0278    37        0.0288        0.0277 14625292    3.77%           x1817 D 124387  84314     29
 125090 48788        0.0279    36        0.0288        0.0277 14673849    3.77%           x1662 U 124762  23408     28
 125370 48910        0.0279    20        0.0288        0.0277 14723246    3.76%           x1818 U 126281 126277     28
 125700 48918        0.0279    25        0.0288        0.0277 14727925    3.75%           x1631 D 126401 126397     23
 126237 49102        0.0285    37        0.0288        0.0277 14807695    3.74%             x64 U 126752 126748     24
Elapsed time = 583.50 sec. (590627.26 ticks, tree = 697.51 MB, solutions = 7)
 126709 49237        cutoff              0.0288        0.0277 14889954    3.74%            x305 D 126102 126098     28
 127222 49323        0.0282    22        0.0288        0.0277 14965636    3.73%           x1637 D 127745 127737     19
 127678 49463        0.0280    23        0.0288        0.0277 15054556    3.72%           x1656 U 127559  64933     23
 128126 49477        cutoff              0.0288        0.0277 15090460    3.72%             x63 U 128905 128901     25
 128602 49561        cutoff              0.0288        0.0277 15127599    3.71%           x1670 U 128107 128099     24

Cover cuts applied:  5

Root node processing (before b&c):
  Real time             =    0.88 sec. (1115.15 ticks)
Parallel b&c, 4 threads:
  Real time             =  599.14 sec. (609131.15 ticks)
  Sync time (average)   =   25.08 sec.
  Wait time (average)   =    0.00 sec.
                          ------------
Total (root+branch&cut) =  600.02 sec. (610246.31 ticks)
