Version identifier: 22.2.0.0 | 2026-05-04 | 5dff98e58
CPXPARAM_Read_DataCheck                          1
CPXPARAM_Threads                                 4
CPXPARAM_Parallel                                1
CPXPARAM_RandomSeed                              20260925
CPXPARAM_MIP_Strategy_Search                     1
CPXPARAM_Simplex_Tolerances_Optimality           1.0000000000000001e-09
CPXPARAM_Simplex_Tolerances_Feasibility          1.0000000000000001e-09
CPXPARAM_TimeLimit                               600
CPXPARAM_MIP_Tolerances_AbsMIPGap                1.0000000000000001e-09
CPXPARAM_MIP_Tolerances_Integrality              1.0000000000000001e-09
Legacy callback                                  iLUD
Lazy constraint(s) or lazy constraint/branch callback is present.
    Disabling dual reductions (CPX_PARAM_REDUCE) in presolve.
    Disabling presolve reductions that prevent crushing forms (CPX_PARAM_PREREFORM).
         Disabling repeat represolve because of lazy constraint/incumbent callback.
Warning: Effort level 'CheckFeas' is incompatible with lazy constraint/incumbent callback.
         Effort level increased to 'SolveFixed'.
1 of 1 MIP starts provided solutions.
MIP start 'm1' defined initial solution with objective -0.2887.
Tried aggregator 1 time.
MIP Presolve eliminated 38 rows and 0 columns.
Reduced MIP has 298 rows, 362 columns, and 2153 nonzeros.
Reduced MIP has 174 binaries, 0 generals, 0 SOSs, and 0 indicators.
Presolve time = 0.00 sec. (0.79 ticks)
Probing time = 0.00 sec. (0.08 ticks)
MIP emphasis: balance optimality and feasibility.
MIP search method: traditional branch-and-cut.
Parallel mode: deterministic, using up to 4 threads.
Root relaxation solution time = 0.00 sec. (6.13 ticks)

        Nodes                                         Cuts/
   Node  Left     Objective  IInf  Best Integer    Best Bound    ItCnt     Gap         Variable B NodeID Parent  Depth

*     0+    0                           -0.2887       -0.7901           173.68%
      0     0       -0.3370    29       -0.2887       -0.3370      369   16.74%
*     0+    0                           -0.2976       -0.3370            13.24%
      0     0       -0.3370     9       -0.2976 UserPurge1: 1      439   13.24%
*     0+    0                           -0.3006       -0.3370            12.12%
      0     0       -0.3370     9       -0.3006 UserPurge1: 1      440   12.12%
      0     0       -0.3370     9       -0.3006 UserPurge1: 1      441   12.12%
*     0+    0                           -0.3036       -0.3370            11.02%
*     0+    0                           -0.3140       -0.3370             7.34%
*     0+    0                           -0.3229       -0.3370             4.37%
      0     0  -1.00000e+75     0       -0.3229       -0.3370      441    4.37%
      0     2       -0.3370     9       -0.3229       -0.3370      441    4.37%                        0             0
Elapsed time = 0.14 sec. (69.34 ticks, tree = 0.02 MB, solutions = 6)
*     1+    1                           -0.3244       -0.3370             3.89%
*    15+    2                           -0.3259       -0.3370             3.42%
*    20+    2                           -0.3274       -0.3370             2.95%
*    48+   34                           -0.3348       -0.3370             0.66%
*    96+   64                           -0.3363       -0.3370             0.21%
*   156    87      integral     0       -0.3370       -0.3370     8849    0.00%

User cuts applied:  22

Root node processing (before b&c):
  Real time             =    0.14 sec. (69.17 ticks)
Parallel b&c, 4 threads:
  Real time             =    0.25 sec. (147.03 ticks)
  Sync time (average)   =    0.06 sec.
  Wait time (average)   =    0.00 sec.
                          ------------
Total (root+branch&cut) =    0.39 sec. (216.20 ticks)
