Version identifier: 22.2.0.0 | 2026-05-04 | 5dff98e58
CPXPARAM_Read_DataCheck                          1
CPXPARAM_Threads                                 4
CPXPARAM_Parallel                                1
CPXPARAM_RandomSeed                              20260925
CPXPARAM_Simplex_Tolerances_Optimality           1.0000000000000001e-09
CPXPARAM_Simplex_Tolerances_Feasibility          1.0000000000000001e-09
CPXPARAM_TimeLimit                               600
CPXPARAM_MIP_Tolerances_AbsMIPGap                1.0000000000000001e-09
CPXPARAM_MIP_Tolerances_Integrality              1.0000000000000001e-09
Legacy callback                                  i
1 of 1 MIP starts provided solutions.
MIP start 'm1' defined initial solution with objective 0.0239.
Tried aggregator 1 time.
MIP Presolve eliminated 1341 rows and 2 columns.
MIP Presolve modified 3330 coefficients.
Reduced MIP has 3974 rows, 4686 columns, and 49653 nonzeros.
Reduced MIP has 1164 binaries, 0 generals, 0 SOSs, and 0 indicators.
Presolve time = 0.03 sec. (38.72 ticks)
Probing time = 0.02 sec. (0.69 ticks)
Tried aggregator 1 time.
Detecting symmetries...
MIP Presolve modified 96 coefficients.
Reduced MIP has 3974 rows, 4686 columns, and 49653 nonzeros.
Reduced MIP has 1164 binaries, 0 generals, 0 SOSs, and 0 indicators.
Presolve time = 0.02 sec. (20.31 ticks)
Probing time = 0.00 sec. (0.78 ticks)
MIP emphasis: balance optimality and feasibility.
MIP search method: dynamic search.
Parallel mode: deterministic, using up to 4 threads.
Root relaxation solution time = 0.03 sec. (35.41 ticks)

        Nodes                                         Cuts/
   Node  Left     Objective  IInf  Best Integer    Best Bound    ItCnt     Gap

*     0+    0                            0.0239        0.0000           100.00%
      0     0        0.0188    62        0.0239        0.0188      775   21.28%
      0     0        0.0188    54        0.0239    MIRcuts: 3      794   21.28%
      0     0        0.0188    56        0.0239    MIRcuts: 7      830   21.28%
      0     0        0.0188    52        0.0239    MIRcuts: 1      854   21.28%
      0     0        0.0188    53        0.0239    MIRcuts: 5      911   21.28%
      0     2        0.0188    53        0.0239        0.0188      911   21.28%
Elapsed time = 1.69 sec. (1434.80 ticks, tree = 0.02 MB, solutions = 1)
     30    32        0.0200    52        0.0239        0.0188     2557   21.28%
     56    55        0.0190    53        0.0239        0.0188     3617   21.28%
    142   111        0.0192    52        0.0239        0.0188     6834   21.28%
    186   161        0.0197    47        0.0239        0.0188     9263   21.28%
    250   212        0.0207    44        0.0239        0.0188    12608   21.28%
    340   305        0.0197    34        0.0239        0.0188    16543   21.28%
    403   377        0.0212    36        0.0239        0.0188    23097   21.28%
    466   419        0.0203    32        0.0239        0.0188    31578   21.28%
    493   477        0.0211    40        0.0239        0.0188    38783   21.28%
*   516+  463                            0.0239        0.0188            21.25%
    739   648        0.0221    33        0.0239        0.0188    64646   21.25%
Elapsed time = 4.69 sec. (4577.06 ticks, tree = 11.76 MB, solutions = 2)
   1051   904        0.0208    22        0.0239        0.0188   100828   21.25%
   1581  1298        0.0202    55        0.0239        0.0188   122941   21.25%
   2442  2276        0.0225    30        0.0239        0.0188   151712   21.25%

Performing restart 1

Repeating presolve.
Tried aggregator 1 time.
Reduced MIP has 3974 rows, 4686 columns, and 49653 nonzeros.
Reduced MIP has 1164 binaries, 0 generals, 0 SOSs, and 0 indicators.
Presolve time = 0.02 sec. (13.95 ticks)
Tried aggregator 1 time.
Reduced MIP has 3974 rows, 4686 columns, and 49653 nonzeros.
Reduced MIP has 1164 binaries, 0 generals, 0 SOSs, and 0 indicators.
Presolve time = 0.02 sec. (20.57 ticks)
Represolve time = 0.05 sec. (40.64 ticks)
   2599     0        0.0188    61        0.0239     Covers: 2   158047   21.25%
   2599     0        0.0188    61        0.0239       Cuts: 5   158138   21.25%
   2599     0        0.0188    54        0.0239    MIRcuts: 2   158165   21.25%
   2599     0        0.0188    60        0.0239     Covers: 3   158300   21.25%
   2599     0        0.0188    56        0.0239     Covers: 2   158325   21.25%
   2599     0        0.0188    55        0.0239       Cuts: 4   158356   21.25%
   2599     2        0.0188    52        0.0239        0.0188   158356   21.25%
   2687    61        0.0198    50        0.0239        0.0188   161150   21.25%
   2886   237        0.0203    47        0.0239        0.0188   167575   21.25%
   3121   461        0.0191    53        0.0239        0.0188   184687   21.25%
   3399   714        0.0200    54        0.0239        0.0188   196402   21.25%
   3666   951        0.0234    58        0.0239        0.0188   209216   21.25%
   4100  1376        0.0191    56        0.0239        0.0188   228425   21.25%
Elapsed time = 16.58 sec. (18575.59 ticks, tree = 32.58 MB, solutions = 2)
   4594  1788        0.0190    52        0.0239        0.0188   245780   21.25%
   5057  2241        0.0188    52        0.0239        0.0188   263347   21.25%
   5818  2776    infeasible              0.0239        0.0188   282882   21.25%
   6579  3575        0.0210    32        0.0239        0.0188   306808   21.25%
   7219  3960        0.0198    49        0.0239        0.0188   323845   21.25%
   7775  4435        0.0232    53        0.0239        0.0188   341781   21.25%
   8569  5246        0.0195    55        0.0239        0.0188   362992   21.25%
   9317  5801        0.0215    52        0.0239        0.0188   376012   21.25%
  10246  6707        0.0220    55        0.0239        0.0188   399183   21.25%
  11018  7599        cutoff              0.0239        0.0188   425356   21.25%
Elapsed time = 23.75 sec. (28170.60 ticks, tree = 229.73 MB, solutions = 2)
  11444  7915        0.0212    58        0.0239        0.0188   443639   21.25%
  12311  8642        0.0203    47        0.0239        0.0188   466167   21.25%
  12960  9239        0.0216    29        0.0239        0.0188   487725   21.25%
  13436  9690        0.0193    52        0.0239        0.0188   508913   21.25%
  14438 10171        0.0199    48        0.0239        0.0188   524797   21.25%
  14761 11035        0.0203    46        0.0239        0.0188   552815   21.25%
  15405 11350        0.0192    53        0.0239        0.0189   573803   21.17%
  15937 11946        0.0191    57        0.0239        0.0189   594205   21.17%
  16580 12291        0.0191    53        0.0239        0.0189   609357   21.17%
  17207 13106        0.0200    43        0.0239        0.0189   640606   21.17%
Elapsed time = 30.62 sec. (37715.29 ticks, tree = 404.46 MB, solutions = 2)
  17821 13557        0.0223    39        0.0239        0.0189   659252   21.17%
  18497 14323        0.0209    43        0.0239        0.0189   681884   21.17%
  19186 14894        0.0203    50        0.0239        0.0189   698513   21.15%
  19799 15225        0.0190    57        0.0239        0.0189   709747   21.15%
  20713 16267        0.0205    45        0.0239        0.0189   742069   21.15%
  21240 16658        0.0198    54        0.0239        0.0189   759468   21.14%
  21925 17251        0.0201    49        0.0239        0.0189   781819   21.09%
  22827 18040        0.0212    38        0.0239        0.0189   805731   21.07%
  23730 19028        0.0198    51        0.0239        0.0189   827522   21.07%
  24263 19836        0.0206    53        0.0239        0.0189   855882   21.07%
Elapsed time = 37.70 sec. (47268.81 ticks, tree = 619.32 MB, solutions = 2)
  24861 20098        0.0201    53        0.0239        0.0189   869081   21.07%
  25713 20713        0.0193    52        0.0239        0.0189   884273   21.07%
* 26040+21005                            0.0235        0.0189            19.51%
  26213 21553        0.0215    56        0.0235        0.0189   909483   19.51%
* 26470+21005                            0.0235        0.0189            19.50%
  26761 22064        0.0202    43        0.0235        0.0189   922739   19.50%
  26847 22073        0.0226    33        0.0235        0.0189   929460   19.50%
* 26851+21005                            0.0233        0.0189            19.04%
* 26963+21005                            0.0232        0.0189            18.68%
  27101 22446        0.0199    44        0.0232        0.0189   951746   18.68%
  27519 22681        0.0216    43        0.0232        0.0189   959205   18.68%
  27906 23098        0.0200    42        0.0232        0.0189   970527   18.68%
  28306 23483        0.0206    49        0.0232        0.0189   982365   18.68%
  28607 23858        0.0207    51        0.0232        0.0189   995575   18.68%
Elapsed time = 45.69 sec. (56877.50 ticks, tree = 756.79 MB, solutions = 2)
  28959 23924        0.0196    52        0.0232        0.0189  1000754   18.68%
* 29261+21005                            0.0230        0.0189            17.75%
* 29300+21005                            0.0229        0.0189            17.71%
  29408 24375        0.0213    31        0.0229        0.0189  1016026   17.71%
  29600 24738        0.0202    53        0.0229        0.0189  1029081   17.71%
  30091 25201        0.0218    48        0.0229        0.0189  1043924   17.71%
  30462 25441        0.0223    53        0.0229        0.0189  1054022   17.71%
  30909 25849        0.0196    54        0.0229        0.0189  1064544   17.71%
  31203 26022        0.0204    51        0.0229        0.0189  1072071   17.71%
  31453 26320        0.0201    52        0.0229        0.0189  1085644   17.71%
  31869 26695        0.0198    49        0.0229        0.0189  1095789   17.71%
  32176 27057        0.0198    50        0.0229        0.0189  1109712   17.71%
Elapsed time = 53.80 sec. (66439.52 ticks, tree = 859.92 MB, solutions = 2)
  32580 27290        0.0208    48        0.0229        0.0189  1121639   17.71%
  32940 27619        0.0199    51        0.0229        0.0189  1131381   17.71%
  33300 28036        0.0191    55        0.0229        0.0189  1146786   17.71%
  33657 28461        0.0204    52        0.0229        0.0189  1158811   17.71%
  34105 28594        0.0208    51        0.0229        0.0189  1164212   17.71%
  34482 29107        0.0206    42        0.0229        0.0189  1180466   17.71%
  34888 29571        0.0210    52        0.0229        0.0189  1197607   17.71%
  35352 29876        0.0202    40        0.0229        0.0189  1205101   17.71%
  35618 30215        0.0215    55        0.0229        0.0189  1218428   17.71%
  36169 30480        0.0205    52        0.0229        0.0189  1225719   17.71%
Elapsed time = 62.06 sec. (76003.37 ticks, tree = 970.20 MB, solutions = 2)
  36526 31091        0.0190    57        0.0229        0.0189  1241993   17.71%
  36866 31155        0.0213    51        0.0229        0.0189  1248081   17.71%
  37219 31524        0.0201    48        0.0229        0.0189  1261109   17.71%
  37641 32021        0.0204    50        0.0229        0.0189  1272656   17.71%
  37844 32330        0.0227    33        0.0229        0.0189  1290053   17.71%
  38164 32576        0.0200    50        0.0229        0.0189  1297726   17.71%
  38595 32818    infeasible              0.0229        0.0189  1305340   17.71%
  39007 32653        0.0199    52        0.0229        0.0189  1311611   17.71%
  39598 33341        0.0203    50        0.0229        0.0189  1336617   17.71%
  40055 33859        0.0194    54        0.0229        0.0189  1354773   17.71%
Elapsed time = 70.06 sec. (85585.02 ticks, tree = 1076.54 MB, solutions = 10)
  40690 34263        0.0197    43        0.0229        0.0189  1372384   17.71%
  41152 34745        0.0203    51        0.0229        0.0189  1388495   17.71%
  41645 34961        0.0209    53        0.0229        0.0189  1399380   17.71%
  42152 35485        0.0200    47        0.0229        0.0189  1424412   17.71%
  42650 36094        0.0203    53        0.0229        0.0189  1444246   17.71%
  43120 36399        0.0215    36        0.0229        0.0189  1462993   17.71%
  43637 36993        0.0190    53        0.0229        0.0189  1484262   17.71%
  44343 37215        0.0214    56        0.0229        0.0189  1497937   17.71%
  44947 37686        0.0206    55        0.0229        0.0189  1518756   17.71%
  46838 39369        0.0194    53        0.0229        0.0189  1613514   17.71%
Elapsed time = 79.92 sec. (97990.07 ticks, tree = 1249.84 MB, solutions = 16)

Performing restart 2

Repeating presolve.
Tried aggregator 1 time.
Reduced MIP has 3974 rows, 4686 columns, and 49653 nonzeros.
Reduced MIP has 1164 binaries, 0 generals, 0 SOSs, and 0 indicators.
Presolve time = 0.00 sec. (13.95 ticks)
Tried aggregator 1 time.
Reduced MIP has 3974 rows, 4686 columns, and 49653 nonzeros.
Reduced MIP has 1164 binaries, 0 generals, 0 SOSs, and 0 indicators.
Presolve time = 0.02 sec. (20.57 ticks)
Represolve time = 0.06 sec. (48.08 ticks)
  48703     0        0.0188    53        0.0229       Cuts: 4  1704978   17.71%
  48703     0        0.0188    59        0.0229      Cuts: 11  1705026   17.71%
  48703     0        0.0188    60        0.0229       Cuts: 7  1705164   17.71%
  48703     0        0.0188    54        0.0229    MIRcuts: 1  1705171   17.71%
  48703     0        0.0188    56        0.0229       Cuts: 4  1705195   17.71%
  48703     0        0.0188    56        0.0229       Cuts: 8  1705337   17.71%
  48703     0        0.0188    56        0.0229     Covers: 6  1705400   17.71%
  48703     0        0.0188    57        0.0229       Cuts: 6  1705524   17.71%
  48703     2        0.0188    53        0.0229        0.0189  1705524   17.71%
  49198   442        0.0193    52        0.0229        0.0189  1722229   17.71%
  51054  2127        0.0196    47        0.0229        0.0189  1800189   17.71%
  54316  4772        0.0208    53        0.0229        0.0189  1909590   17.71%
  56663  7116        0.0192    54        0.0229        0.0189  2034209   17.71%
  59536  9587        0.0196    51        0.0229        0.0189  2145836   17.71%
  62242 12177        0.0209    49        0.0229        0.0189  2252830   17.71%
  64234 14150        0.0199    47        0.0229        0.0189  2354914   17.71%
  66759 16299        0.0206    46        0.0229        0.0189  2447005   17.71%
  69204 18399        0.0204    43        0.0229        0.0189  2529102   17.71%
Elapsed time = 112.88 sec. (143291.10 ticks, tree = 65.63 MB, solutions = 16)
  72343 21001        0.0191    54        0.0229        0.0189  2642168   17.71%
  75413 24427        0.0192    57        0.0229        0.0189  2760318   17.71%
  78360 26639    infeasible              0.0229        0.0189  2858705   17.71%
  81098 29296        0.0200    53        0.0229        0.0189  2991113   17.68%
  84134 32171        0.0209    50        0.0229        0.0189  3099213   17.68%
  86942 34670        0.0223    42        0.0229        0.0189  3211749   17.68%
  89694 37390        0.0208    49        0.0229        0.0189  3341459   17.68%
  92185 39573        0.0192    54        0.0229        0.0189  3455891   17.67%
  94478 41446        0.0215    52        0.0229        0.0189  3569350   17.67%
  96773 43841        0.0203    47        0.0229        0.0189  3721692   17.67%
Elapsed time = 140.27 sec. (181468.87 ticks, tree = 113.54 MB, solutions = 16)
  99358 45865        0.0204    47        0.0229        0.0189  3827467   17.66%
 101729 48065        0.0222    44        0.0229        0.0189  3950642   17.61%
 103960 50006        0.0189    54        0.0229        0.0189  4083561   17.61%
 106692 52309        0.0190    53        0.0229        0.0189  4194131   17.59%
 109784 55134        0.0198    46        0.0229        0.0189  4314241   17.59%
 112389 57356        0.0192    54        0.0229        0.0189  4419823   17.59%
 114938 60107        0.0201    53        0.0229        0.0189  4560921   17.59%
 117595 62143        0.0205    59        0.0229        0.0189  4661443   17.59%
 119950 64667        cutoff              0.0229        0.0189  4801666   17.59%
*121433+66138                            0.0229        0.0189            17.42%
 122517 66795        0.0201    52        0.0229        0.0189  4917801   17.42%
Elapsed time = 168.31 sec. (219623.79 ticks, tree = 158.56 MB, solutions = 17)
 124813 68939        0.0203    50        0.0229        0.0189  5050551   17.41%
 127403 71524        0.0198    42        0.0229        0.0189  5195478   17.40%
 130037 74033        0.0198    47        0.0229        0.0189  5322068   17.40%
 132669 76128        0.0195    41        0.0229        0.0189  5430278   17.39%
*132729+75923                            0.0226        0.0189            16.37%
*133381+76541                            0.0226        0.0189            16.24%
*133781+76892                            0.0225        0.0189            15.92%
 135371 77959        0.0191    54        0.0225        0.0189  5538583   15.92%
*136738+79035                            0.0224        0.0189            15.53%
*137599+79907                            0.0224        0.0189            15.51%
 138280 80575        0.0202    47        0.0224        0.0189  5653597   15.51%
 141221 83191        0.0191    53        0.0224        0.0189  5766884   15.51%
 144273 86023        0.0197    46        0.0224        0.0189  5899828   15.51%
*144321+86203                            0.0224        0.0189            15.37%
 146860 88269        0.0214    42        0.0224        0.0189  6024626   15.36%
 149653 90892        0.0191    52        0.0224        0.0189  6150701   15.36%
Elapsed time = 197.05 sec. (257786.54 ticks, tree = 201.88 MB, solutions = 24)
 152416 93663        0.0199    49        0.0224        0.0189  6279980   15.36%
 155484 95838        0.0191    52        0.0224        0.0189  6383307   15.36%
*156076+96896                            0.0223        0.0189            15.33%
 157997 98352        0.0196    46        0.0223        0.0189  6515483   15.33%
 160821 101239        0.0197    47        0.0223        0.0189  6652989   15.33%
 163695 103733        0.0203    43        0.0223        0.0189  6775075   15.33%
 166455 106663        0.0213    52        0.0223        0.0189  6918524   15.33%
*168428+108290                            0.0223        0.0189            15.20%
 169128 108552        0.0205    45        0.0223        0.0189  7026645   15.20%
 172238 111224        0.0204    42        0.0223        0.0189  7149543   15.20%
 175284 114156        0.0190    54        0.0223        0.0189  7283947   15.20%
 178219 116607        0.0197    50        0.0223        0.0189  7407492   15.19%
Elapsed time = 225.38 sec. (295944.58 ticks, tree = 249.18 MB, solutions = 26)
 180817 119187        0.0199    42        0.0223        0.0189  7530999   15.19%
 183796 122181        0.0206    48        0.0223        0.0189  7670681   15.19%
 186650 124793        0.0191    54        0.0223        0.0189  7805419   15.18%
 189660 127292        0.0201    51        0.0223        0.0189  7920264   15.18%
 192757 130335        0.0191    54        0.0223        0.0189  8065453   15.18%
 195333 132729        0.0202    48        0.0223        0.0189  8190143   15.18%
 197998 134449        0.0208    44        0.0223        0.0189  8286322   15.18%
 200645 137027        0.0205    58        0.0223        0.0189  8433548   15.18%
 203359 139538        0.0200    50        0.0223        0.0189  8564343   15.18%
 206124 142353        0.0215    49        0.0223        0.0189  8718251   15.17%
Elapsed time = 253.97 sec. (334108.76 ticks, tree = 301.40 MB, solutions = 26)
 208609 144577        0.0194    54        0.0223        0.0189  8837694   15.17%
 211419 147081        0.0198    47        0.0223        0.0189  8983033   15.16%
 214531 149981        0.0193    50        0.0223        0.0189  9108274   15.16%
 217650 152678        0.0196    44        0.0223        0.0189  9218491   15.15%
 220603 155716        0.0199    44        0.0223        0.0189  9362586   15.15%
 223940 158684        0.0196    47        0.0223        0.0189  9488689   15.14%
 227180 161567        0.0200    46        0.0223        0.0189  9612634   15.14%
 230332 164105        0.0202    46        0.0223        0.0189  9713490   15.14%
 233503 167110        0.0205    41        0.0223        0.0189  9831019   15.14%
 236431 170160        0.0204    50        0.0223        0.0189  9964684   15.14%
Elapsed time = 281.81 sec. (372285.39 ticks, tree = 354.57 MB, solutions = 26)
 239537 172632        0.0197    58        0.0223        0.0189 10073463   15.14%
 242713 175857        0.0193    46        0.0223        0.0189 10221889   15.14%
 245465 178230        0.0206    43        0.0223        0.0189 10333260   15.14%
 248393 180578        0.0196    50        0.0223        0.0189 10452465   15.14%
 251501 183923        0.0197    48        0.0223        0.0189 10605642   15.14%
 254764 186871        0.0205    49        0.0223        0.0189 10737692   15.13%
 257339 189178        0.0192    57        0.0223        0.0189 10853565   15.13%
 261052 191971        0.0200    46        0.0223        0.0189 10961404   15.13%
 264197 194884        0.0192    48        0.0223        0.0189 11079495   15.13%
 267287 198444        cutoff              0.0223        0.0189 11232143   15.13%
Elapsed time = 310.11 sec. (410444.57 ticks, tree = 408.71 MB, solutions = 26)
 270239 200767        0.0211    56        0.0223        0.0189 11362739   15.13%
 273524 204337        0.0203    50        0.0223        0.0189 11518706   15.13%
 276308 206849        0.0190    53        0.0223        0.0189 11627918   15.13%
 279311 209825        0.0201    52        0.0223        0.0189 11765127   15.13%
 282503 212616        0.0194    50        0.0223        0.0189 11897620   15.13%
 285055 214473        0.0191    55        0.0223        0.0189 11995911   15.12%
 288060 217095        0.0197    53        0.0223        0.0189 12125666   15.12%
 291527 220712        0.0196    57        0.0223        0.0189 12276043   15.12%
 294609 223993        0.0199    49        0.0223        0.0189 12413027   15.12%
 297387 226113        0.0204    44        0.0223        0.0189 12520208   15.12%
Elapsed time = 338.72 sec. (448614.07 ticks, tree = 459.73 MB, solutions = 26)
 300492 229390        0.0198    49        0.0223        0.0189 12682973   15.12%
 303159 231606        0.0203    40        0.0223        0.0189 12796641   15.11%
 306108 233906        0.0189    55        0.0223        0.0189 12910933   15.11%
 309150 236923        0.0217    15        0.0223        0.0189 13053333   15.11%
 312879 240231        0.0198    46        0.0223        0.0189 13175311   15.11%
 315985 243290        0.0200    47        0.0223        0.0189 13308812   15.11%
 319301 245806        0.0201    49        0.0223        0.0189 13410524   15.10%
 322698 249245        0.0202    47        0.0223        0.0189 13556364   15.10%
 325566 251913        0.0200    47        0.0223        0.0189 13683180   15.10%
 328594 254966        0.0196    51        0.0223        0.0189 13824687   15.10%
Elapsed time = 366.58 sec. (486771.22 ticks, tree = 515.42 MB, solutions = 26)
 331925 257370        0.0192    51        0.0223        0.0189 13920730   15.10%
 335002 260141        0.0199    47        0.0223        0.0189 14053930   15.10%
 338177 263623        0.0196    41        0.0223        0.0189 14198111   15.09%
 341724 266130        0.0197    40        0.0223        0.0189 14308745   15.09%
 345091 269189        0.0191    51        0.0223        0.0189 14412309   15.09%
 348515 273500        0.0200    37        0.0223        0.0189 14581056   15.09%
 351866 275953        0.0206    40        0.0223        0.0189 14684098   15.09%
 354975 279188    infeasible              0.0223        0.0189 14810514   15.09%
 358432 281983        0.0194    48        0.0223        0.0189 14925109   15.09%
 361657 284931        0.0198    43        0.0223        0.0189 15047302   15.09%
Elapsed time = 394.55 sec. (524928.71 ticks, tree = 573.75 MB, solutions = 26)
 365308 288791        0.0200    46        0.0223        0.0189 15182583   15.09%
 368763 291984        0.0191    42        0.0223        0.0189 15315117   15.09%
 372003 294461        0.0211    37        0.0223        0.0189 15416451   15.09%
 375527 298233        0.0197    41        0.0223        0.0189 15558164   15.09%
 378690 300917        0.0200    46        0.0223        0.0189 15679382   15.09%
 381917 303812        0.0197    43        0.0223        0.0189 15797774   15.09%
 386012 307714        0.0199    45        0.0223        0.0189 15945580   15.09%
 389364 311536        0.0193    51        0.0223        0.0189 16075881   15.09%
 392536 314614        0.0221    38        0.0223        0.0189 16200119   15.09%
 395524 316289        0.0220    38        0.0223        0.0189 16271869   15.09%
Elapsed time = 422.44 sec. (563085.41 ticks, tree = 631.76 MB, solutions = 26)
 398358 319406        0.0221    44        0.0223        0.0189 16420938   15.09%
 401541 322782        0.0199    53        0.0223        0.0189 16585264   15.09%
 404725 324989        0.0218    46        0.0223        0.0189 16674012   15.09%
 408092 327664        0.0215    48        0.0223        0.0189 16793523   15.09%
 411311 331082        0.0219    35        0.0223        0.0189 16943018   15.09%
 414577 334349        0.0192    46        0.0223        0.0189 17080356   15.08%
 417916 337731        0.0194    47        0.0223        0.0189 17216401   15.08%
 421448 340517        0.0205    44        0.0223        0.0189 17317397   15.08%
 425050 344348        0.0203    50        0.0223        0.0189 17459565   15.08%
 428033 346349        0.0220    39        0.0223        0.0189 17557776   15.08%
Elapsed time = 450.20 sec. (601243.95 ticks, tree = 690.72 MB, solutions = 26)
 431406 349145        0.0202    40        0.0223        0.0189 17688621   15.08%
 434514 352619    infeasible              0.0223        0.0189 17834604   15.08%
 437680 355315        0.0207    46        0.0223        0.0189 17945595   15.08%
 440442 357834        0.0214    42        0.0223        0.0190 18075646   15.08%
 443784 361355        0.0198    45        0.0223        0.0190 18233296   15.07%
 447076 363308        0.0191    52        0.0223        0.0190 18313742   15.07%
 450211 367023        0.0196    46        0.0223        0.0190 18468898   15.07%
 452997 369145        0.0202    57        0.0223        0.0190 18566497   15.07%
 456060 372472        0.0209    40        0.0223        0.0190 18719324   15.07%
 459427 375364        0.0194    52        0.0223        0.0190 18838600   15.07%
Elapsed time = 477.78 sec. (639405.14 ticks, tree = 744.23 MB, solutions = 26)
 462011 378119        0.0200    43        0.0223        0.0190 18966207   15.07%
 465171 380734        0.0202    40        0.0223        0.0190 19109555   15.07%
 467964 383418        0.0209    38        0.0223        0.0190 19229281   15.07%
 471088 386729        0.0200    45        0.0223        0.0190 19382065   15.07%
 474335 389312        0.0195    47        0.0223        0.0190 19491813   15.07%
 476915 391848        0.0212    43        0.0223        0.0190 19628816   15.07%
 479745 394345        0.0203    48        0.0223        0.0190 19762518   15.06%
 482481 397096        0.0222    36        0.0223        0.0190 19897566   15.06%
 485892 399091        0.0197    41        0.0223        0.0190 19984435   15.06%
 489125 402577        0.0197    45        0.0223        0.0190 20139822   15.05%
Elapsed time = 505.75 sec. (677570.24 ticks, tree = 798.72 MB, solutions = 26)
 492657 405325        0.0204    54        0.0223        0.0190 20256916   15.05%
 495315 408607        0.0190    52        0.0223        0.0190 20399769   15.05%
 498865 410934        0.0214    46        0.0223        0.0190 20498512   15.05%
 502077 414839        0.0192    51        0.0223        0.0190 20661191   15.05%
 505330 417380        0.0208    52        0.0223        0.0190 20770944   15.05%
 508365 419740        0.0203    45        0.0223        0.0190 20872443   15.05%
 511817 423922        0.0200    51        0.0223        0.0190 21044336   15.05%
 515004 425953        0.0196    53        0.0223        0.0190 21132168   15.05%
 518195 429385        0.0197    53        0.0223        0.0190 21284264   15.05%
 521776 432805        0.0202    50        0.0223        0.0190 21424994   15.05%
Elapsed time = 533.20 sec. (715725.99 ticks, tree = 854.08 MB, solutions = 26)
 524339 435579        0.0220    41        0.0223        0.0190 21554266   15.05%
 527891 437131        0.0209    42        0.0223        0.0190 21624747   15.05%
 529922 440705        0.0221    32        0.0223        0.0190 21801129   15.05%
 531381 441665        0.0200    51        0.0223        0.0190 21841981   15.05%
 532806 443683        0.0211    46        0.0223        0.0190 21942901   15.05%
 534269 444500        0.0209    43        0.0223        0.0190 21978826   15.05%
 535777 446083        0.0203    47        0.0223        0.0190 22048373   15.05%
 537157 447151        0.0200    48        0.0223        0.0190 22102089   15.05%
 538853 448827        0.0201    48        0.0223        0.0190 22180472   15.05%
 540390 450127        0.0213    41        0.0223        0.0190 22238440   15.05%
Elapsed time = 563.19 sec. (753916.69 ticks, tree = 886.01 MB, solutions = 26)
 542300 451595        0.0204    39        0.0223        0.0190 22307322   15.05%
 543734 452984        0.0211    48        0.0223        0.0190 22373103   15.05%
 545337 454926        0.0217    44        0.0223        0.0190 22454165   15.05%
 547193 456566        0.0192    54        0.0223        0.0190 22514565   15.05%
 548853 457972        0.0197    52        0.0223        0.0190 22573924   15.05%
 550403 459342        0.0196    48        0.0223        0.0190 22625311   15.05%
 552230 461155        0.0197    47        0.0223        0.0190 22707031   15.05%
 553607 462038        0.0201    37        0.0223        0.0190 22758242   15.05%
 555266 463284    infeasible              0.0223        0.0190 22818008   15.05%
 557013 465057        0.0203    46        0.0223        0.0190 22911002   15.05%
Elapsed time = 592.80 sec. (792085.98 ticks, tree = 913.55 MB, solutions = 26)
 558812 467345        0.0201    50        0.0223        0.0190 23022602   15.05%
 560330 467807        0.0190    53        0.0223        0.0190 23048478   15.04%

Cover cuts applied:  2
Mixed integer rounding cuts applied:  4

Root node processing (before b&c):
  Real time             =    1.67 sec. (1433.48 ticks)
Parallel b&c, 4 threads:
  Real time             =  598.34 sec. (800197.62 ticks)
  Sync time (average)   =   28.35 sec.
  Wait time (average)   =    0.00 sec.
                          ------------
Total (root+branch&cut) =  600.02 sec. (801631.09 ticks)
