Version identifier: 22.2.0.0 | 2026-05-04 | 5dff98e58
CPXPARAM_Read_DataCheck                          1
CPXPARAM_Threads                                 4
CPXPARAM_Parallel                                1
CPXPARAM_RandomSeed                              20260925
CPXPARAM_Simplex_Tolerances_Optimality           1.0000000000000001e-09
CPXPARAM_Simplex_Tolerances_Feasibility          1.0000000000000001e-09
CPXPARAM_TimeLimit                               600
CPXPARAM_MIP_Tolerances_AbsMIPGap                1.0000000000000001e-09
CPXPARAM_MIP_Tolerances_Integrality              1.0000000000000001e-09
Legacy callback                                  i
Found incumbent of value 0.000000 after 0.00 sec. (0.15 ticks)
Tried aggregator 1 time.
MIP Presolve eliminated 1341 rows and 1 columns.
MIP Presolve modified 3330 coefficients.
Reduced MIP has 3974 rows, 4687 columns, and 49656 nonzeros.
Reduced MIP has 1164 binaries, 0 generals, 0 SOSs, and 0 indicators.
Presolve time = 0.03 sec. (38.71 ticks)
Probing time = 0.00 sec. (0.69 ticks)
Tried aggregator 1 time.
Detecting symmetries...
MIP Presolve modified 96 coefficients.
Reduced MIP has 3974 rows, 4687 columns, and 49656 nonzeros.
Reduced MIP has 1164 binaries, 0 generals, 0 SOSs, and 0 indicators.
Presolve time = 0.02 sec. (21.24 ticks)
Probing time = 0.00 sec. (0.78 ticks)
MIP emphasis: balance optimality and feasibility.
MIP search method: dynamic search.
Parallel mode: deterministic, using up to 4 threads.
Root relaxation solution time = 0.17 sec. (159.30 ticks)

        Nodes                                         Cuts/
   Node  Left     Objective  IInf  Best Integer    Best Bound    ItCnt     Gap

*     0+    0                            0.0000       -1.0000              --- 
      0     0       -0.2060    97        0.0000       -0.2060     3217     --- 
*     0+    0                           -0.0961       -0.2060           114.27%
*     0+    0                           -0.1717       -0.2060            19.97%
      0     0       -0.2060    67       -0.1717       Cuts: 2     3830   19.97%
      0     0       -0.2060    75       -0.1717      Cuts: 15     4782   19.97%
*     0+    0                           -0.1719       -0.2060            19.85%
      0     2       -0.2060    66       -0.1719       -0.2060     4782   19.85%
Elapsed time = 6.38 sec. (6415.83 ticks, tree = 0.02 MB, solutions = 4)
      6     8       -0.2029    64       -0.1719       -0.2060     6285   19.85%
     16     4       -0.2029    63       -0.1719       -0.2060     5433   19.85%
     25    15       -0.2029    68       -0.1719       -0.2060    10003   19.85%
     30    30       -0.2029    62       -0.1719       -0.2060    25575   19.85%
     35    36       -0.2060    73       -0.1719       -0.2060    35265   19.85%
     39    38       -0.2060    72       -0.1719       -0.2060    39379   19.85%
     44    44       -0.2029    66       -0.1719       -0.2060    49145   19.85%
     51    42       -0.2060    78       -0.1719       -0.2060    46637   19.85%
     59    49       -0.2060    74       -0.1719       -0.2060    54730   19.85%
    102    89       -0.1969    49       -0.1719       -0.2060    91671   19.85%
Elapsed time = 9.77 sec. (10026.54 ticks, tree = 0.93 MB, solutions = 4)
    144   124       -0.2060    73       -0.1719       -0.2060   106492   19.85%
    212   153       -0.2060    75       -0.1719       -0.2060   120961   19.85%
    305   279       -0.1798    27       -0.1719       -0.2060   142117   19.85%
*   369   281      integral     0       -0.1748       -0.2060   140462   17.84%
*   414+  295                           -0.1750       -0.2060            17.72%
    469   393       -0.1761    13       -0.1750       -0.2060   156346   17.72%
    527   437       -0.2060    62       -0.1750       -0.2060   167698   17.72%
    587   487       -0.2060    68       -0.1750       -0.2060   184261   17.72%
    679   581       -0.2060    63       -0.1750       -0.2060   203568   17.72%
    803   707       -0.1842    20       -0.1750       -0.2060   218020   17.72%
    872   745       -0.2021    72       -0.1750       -0.2060   222944   17.72%
Elapsed time = 17.28 sec. (19070.58 ticks, tree = 20.73 MB, solutions = 7)
   1013   856       -0.1810    15       -0.1750       -0.2060   234607   17.72%
   1214  1004       -0.2060    72       -0.1750       -0.2060   246697   17.72%
*  1217+ 1062                           -0.1763       -0.2060            16.81%
   1258  1085       -0.2060    65       -0.1763       -0.2060   260876   16.81%

Performing restart 1

Repeating presolve.
Tried aggregator 1 time.
Reduced MIP has 3974 rows, 4687 columns, and 49656 nonzeros.
Reduced MIP has 1164 binaries, 0 generals, 0 SOSs, and 0 indicators.
Presolve time = 0.00 sec. (13.96 ticks)
Tried aggregator 1 time.
Reduced MIP has 3974 rows, 4687 columns, and 49656 nonzeros.
Reduced MIP has 1164 binaries, 0 generals, 0 SOSs, and 0 indicators.
Presolve time = 0.02 sec. (21.50 ticks)
Represolve time = 0.03 sec. (43.42 ticks)
   1277     0       -0.2060    65       -0.1763    MIRcuts: 2   276834   16.81%
   1277     0       -0.2060    68       -0.1763       Cuts: 5   277623   16.81%
   1277     0       -0.2060    61       -0.1763    MIRcuts: 3   278435   16.81%
   1277     0       -0.2060    66       -0.1763       Cuts: 7   279027   16.81%
   1277     0       -0.2060    63       -0.1763      Fract: 1   279495   16.81%
   1277     2       -0.2060    59       -0.1763       -0.2060   279495   16.81%
   1279     4       -0.2060    75       -0.1763       -0.2060   283695   16.81%
   1287     5       -0.2029    76       -0.1763       -0.2060   284626   16.81%
   1296    14       -0.2060    82       -0.1763       -0.2060   300583   16.81%
   1308    15       -0.2060    95       -0.1763       -0.2060   303206   16.81%
   1325    46       -0.2060   102       -0.1763       -0.2060   339744   16.81%
   1350    56       -0.2031    81       -0.1763       -0.2060   347200   16.81%
Elapsed time = 37.48 sec. (42276.87 ticks, tree = 0.10 MB, solutions = 8)
   1371    80       -0.2029    80       -0.1763       -0.2060   367769   16.81%
   1394   103       -0.2029    78       -0.1763       -0.2060   377584   16.81%
   1418   131       -0.2029   109       -0.1763       -0.2060   403199   16.81%
   1445   141       -0.2016    78       -0.1763       -0.2060   408459   16.81%
   1483   162       -0.2029    92       -0.1763       -0.2060   416675   16.81%
   1540   197       -0.1907    53       -0.1763       -0.2060   421544   16.81%
   1585   274       -0.1860    55       -0.1763       -0.2060   447581   16.81%
   1668   355       -0.1773    45       -0.1763       -0.2060   461820   16.81%
   1769   380       -0.1922    82       -0.1763       -0.2060   470578   16.81%
   1819   401       -0.1860    59       -0.1763       -0.2060   474498   16.81%
Elapsed time = 46.19 sec. (51973.55 ticks, tree = 8.59 MB, solutions = 8)
   1879   515       -0.1798    49       -0.1763       -0.2060   493963   16.81%
   1971   607       -0.2060    65       -0.1763       -0.2060   511205   16.81%
   2003   630       -0.2029    78       -0.1763       -0.2060   526249   16.81%
   2074   698       -0.1964    59       -0.1763       -0.2060   536548   16.81%
   2127   724       -0.1933    47       -0.1763       -0.2060   541894   16.81%
   2212   819       -0.2011    55       -0.1763       -0.2060   571052   16.81%
   2288   925       -0.1850    38       -0.1763       -0.2060   582801   16.81%
   2469  1004       -0.1774    32       -0.1763       -0.2060   584253   16.81%
   2607  1211       -0.1822    34       -0.1763       -0.2060   603023   16.81%
   2708  1239       -0.1921    42       -0.1763       -0.2060   615093   16.81%
Elapsed time = 54.44 sec. (61630.16 ticks, tree = 35.00 MB, solutions = 8)
   2830  1358       -0.1900    51       -0.1763       -0.2060   620442   16.81%
   2912  1433       -0.2026    65       -0.1763       -0.2060   627279   16.81%
   3019  1578       -0.2020    77       -0.1763       -0.2060   646737   16.81%
   3146  1675       -0.1889    47       -0.1763       -0.2060   653364   16.81%
   3313  1721       -0.2029    68       -0.1763       -0.2060   665393   16.81%
   3369  1966       -0.2060    64       -0.1763       -0.2060   677875   16.81%
   3441  1979       -0.2042    86       -0.1763       -0.2060   682259   16.81%
   3547  2099       -0.1893    56       -0.1763       -0.2060   689420   16.81%
   3688  2128       -0.1967    55       -0.1763       -0.2060   698520   16.81%
   3843  2280       -0.1901    43       -0.1763       -0.2060   706246   16.81%
Elapsed time = 62.47 sec. (71215.29 ticks, tree = 68.31 MB, solutions = 8)
   4022  2539       -0.2029    72       -0.1763       -0.2060   724239   16.81%
   4135  2650       -0.2004    66       -0.1763       -0.2060   730446   16.81%
   4244  2701       -0.1989    62       -0.1763       -0.2060   737831   16.81%
   4353  2830       -0.1905    64       -0.1763       -0.2060   747522   16.81%
   4458  2990       -0.2016    65       -0.1763       -0.2060   770628   16.81%
   4552  3137       -0.1977    57       -0.1763       -0.2060   785151   16.81%
   4630  3169       -0.1891    45       -0.1763       -0.2060   789269   16.81%
   4717  3267       -0.1894    52       -0.1763       -0.2060   812539   16.81%
   4842  3366       -0.2060    63       -0.1763       -0.2060   822687   16.81%
   4931  3373       -0.2060    85       -0.1763       -0.2060   826765   16.81%
Elapsed time = 70.59 sec. (80893.22 ticks, tree = 103.20 MB, solutions = 8)
*  5023+ 3516                           -0.1779       -0.2060            15.79%
   5066  3522       -0.2060    74       -0.1779       -0.2060   850421   15.79%
   5196  3423       -0.2056    73       -0.1779       -0.2060   854021   15.79%
   5370  3546       -0.1965    61       -0.1779       -0.2060   869135   15.79%
   5510  3667       -0.2044    64       -0.1779       -0.2060   876778   15.79%
   5634  3926       -0.1936    60       -0.1779       -0.2060   893393   15.79%
   5761  4038       -0.1975    52       -0.1779       -0.2060   897197   15.79%
   6109  4169       -0.1812    52       -0.1779       -0.2060   902850   15.79%
   6356  4294       -0.1922    48       -0.1779       -0.2060   910241   15.79%
   6503  4696       -0.2013    70       -0.1779       -0.2060   933958   15.79%
   6637  4812       -0.1827    43       -0.1779       -0.2060   939229   15.79%
Elapsed time = 79.09 sec. (90549.34 ticks, tree = 148.98 MB, solutions = 9)
   6822  4955       -0.1906    59       -0.1779       -0.2060   949759   15.79%
   6918  5186       -0.2044    66       -0.1779       -0.2060   968005   15.79%
   7160  5337       -0.1931    50       -0.1779       -0.2060   978572   15.79%
   7391  5529       -0.1827    38       -0.1779       -0.2060   991574   15.79%
   7522  5598       -0.1790    42       -0.1779       -0.2060  1001273   15.79%
   7599  5884       -0.2029    71       -0.1779       -0.2060  1023782   15.79%
   7701  5958       -0.1996    64       -0.1779       -0.2060  1036983   15.79%
   7887  5991       -0.1812    34       -0.1779       -0.2060  1035977   15.79%
   8080  6248       -0.1993    59       -0.1779       -0.2060  1057484   15.79%
   8260  6447       -0.1989    52       -0.1779       -0.2060  1074351   15.79%
Elapsed time = 86.91 sec. (100167.47 ticks, tree = 201.26 MB, solutions = 9)
   8390  6396       -0.2029    67       -0.1779       -0.2060  1073867   15.79%
   8508  6653       -0.1998    50       -0.1779       -0.2060  1092572   15.79%
   8585  6760       -0.1951    60       -0.1779       -0.2060  1106336   15.79%
   8664  6794       -0.1964    52       -0.1779       -0.2060  1117754   15.79%
   8778  6935       -0.1827    32       -0.1779       -0.2060  1132998   15.79%
   8863  7008       -0.2059    76       -0.1779       -0.2060  1140013   15.79%
   9014  7180       -0.1951    51       -0.1779       -0.2060  1162096   15.79%
   9155  7214       -0.1796    34       -0.1779       -0.2060  1171054   15.79%
   9309  7251       -0.1948    54       -0.1779       -0.2060  1182120   15.79%
   9926  8019       -0.1891    50       -0.1779       -0.2060  1236043   15.79%
Elapsed time = 96.53 sec. (112633.26 ticks, tree = 251.32 MB, solutions = 9)
  10561  8472       -0.1920    41       -0.1779       -0.2060  1294009   15.79%
  11446  9307       -0.1827    33       -0.1779       -0.2060  1349554   15.79%
  12326  9896       -0.1780    28       -0.1779       -0.2060  1402929   15.79%
* 12506+ 9990                           -0.1781       -0.2060            15.67%
* 12716+10173                           -0.1794       -0.2060            14.79%
  13397 10030       -0.1796    24       -0.1794       -0.2060  1467863   14.79%
  14468 11039       -0.2022    51       -0.1794       -0.2060  1536069   14.79%
  15215 12113       -0.1858    35       -0.1794       -0.2060  1604971   14.79%
  16550 12946       -0.2029    67       -0.1794       -0.2060  1652139   14.79%
  17493 14291       -0.1951    55       -0.1794       -0.2060  1725021   14.79%
  18118 14870       -0.1936    46       -0.1794       -0.2060  1782024   14.79%
  19183 15759       -0.1991    60       -0.1794       -0.2060  1846408   14.79%
Elapsed time = 126.55 sec. (150827.75 ticks, tree = 497.88 MB, solutions = 12)
  20114 16611       -0.1827    32       -0.1794       -0.2060  1901966   14.79%
  21204 17313       -0.1796    28       -0.1794       -0.2060  1965909   14.79%
  22334 18316       -0.1864    52       -0.1794       -0.2060  2027014   14.79%
  23130 19273       -0.1910    44       -0.1794       -0.2060  2099932   14.79%
  24052 20072       -0.1858    36       -0.1794       -0.2060  2171655   14.79%
  24551 20873       -0.2060    67       -0.1794       -0.2060  2231842   14.79%
  24978 21388       -0.1814    27       -0.1794       -0.2060  2270112   14.79%
  25431 21777       -0.1858    39       -0.1794       -0.2060  2300209   14.79%
  25792 22000       -0.1835    34       -0.1794       -0.2060  2318636   14.79%
  26216 22469       -0.1858    37       -0.1794       -0.2060  2359106   14.79%
Elapsed time = 158.27 sec. (189038.59 ticks, tree = 721.56 MB, solutions = 12)
  26713 22814       -0.1812    30       -0.1794       -0.2060  2385418   14.79%
  27138 23268       -0.1967    67       -0.1794       -0.2060  2421931   14.79%
  27627 23702       -0.2029    76       -0.1794       -0.2060  2456461   14.79%
  28151 24261       -0.2017    63       -0.1794       -0.2060  2492609   14.79%
  28589 24600       -0.1843    36       -0.1794       -0.2060  2519989   14.79%
  29109 25068       -0.1795    25       -0.1794       -0.2060  2557633   14.79%
  29463 25444       -0.1839    40       -0.1794       -0.2060  2587202   14.79%
  30039 25931       -0.1874    35       -0.1794       -0.2060  2622577   14.79%
  30582 26462       -0.1960    57       -0.1794       -0.2060  2660239   14.79%
  30938 26926       -0.1812    37       -0.1794       -0.2060  2700555   14.79%
Elapsed time = 191.09 sec. (227322.92 ticks, tree = 865.79 MB, solutions = 12)
  31616 27215       -0.1796    24       -0.1794       -0.2060  2721782   14.79%
  32477 28104       -0.1874    33       -0.1794       -0.2060  2792706   14.79%
  33221 28928       -0.1827    34       -0.1794       -0.2060  2863592   14.79%
  34004 29425       -0.1796    24       -0.1794       -0.2060  2909206   14.79%
  35008 30166       -0.1889    48       -0.1794       -0.2060  2965622   14.79%
  35663 31013       -0.1951    48       -0.1794       -0.2060  3037094   14.79%
  36602 31630       -0.1889    48       -0.1794       -0.2060  3086611   14.79%
  37433 32715       -0.1912    50       -0.1794       -0.2060  3168706   14.79%
  38179 33317       -0.1960    54       -0.1794       -0.2060  3224227   14.79%
  39133 34026       -0.1858    38       -0.1794       -0.2060  3286212   14.79%
Elapsed time = 221.52 sec. (265551.36 ticks, tree = 1088.49 MB, solutions = 12)
  39946 35093       -0.1796    32       -0.1794       -0.2060  3379232   14.79%
  40835 35687       -0.1798    24       -0.1794       -0.2060  3435760   14.79%
  41712 36699       -0.1889    41       -0.1794       -0.2060  3523363   14.79%
  42985 37565       -0.1796    25       -0.1794       -0.2060  3570456   14.79%
  43573 38504       -0.1893    42       -0.1794       -0.2060  3644520   14.79%
  44278 39232       -0.1812    36       -0.1794       -0.2060  3713451   14.79%
  45250 39913       -0.1824    38       -0.1794       -0.2060  3765054   14.79%
  46116 40492       -0.1943    55       -0.1794       -0.2060  3805777   14.79%
  46942 41503       -0.1827    38       -0.1794       -0.2060  3879236   14.79%
  47594 42417       -0.1905    52       -0.1794       -0.2060  3961497   14.79%
Elapsed time = 253.19 sec. (303771.46 ticks, tree = 1359.64 MB, solutions = 12)
  48806 43388       -0.2060    64       -0.1794       -0.2060  4028794   14.79%
  49929 44360       -0.1827    27       -0.1794       -0.2060  4078472   14.79%
  50903 45477       -0.2031    67       -0.1794       -0.2060  4157547   14.79%
  52026 46320       -0.1858    39       -0.1794       -0.2060  4209313   14.79%
  53234 47519       -0.2029    73       -0.1794       -0.2060  4273637   14.79%
  54216 48544       -0.2044    67       -0.1794       -0.2060  4345813   14.79%
  55199 49125       -0.1998    56       -0.1794       -0.2060  4398102   14.79%
  56421 50493       -0.1829    37       -0.1794       -0.2060  4478440   14.79%
  57133 51584       -0.1839    38       -0.1794       -0.2060  4549241   14.79%
  58002 52110       -0.1881    47       -0.1794       -0.2060  4587157   14.79%
Elapsed time = 283.89 sec. (341969.34 ticks, tree = 1672.74 MB, solutions = 12)
  58905 53102       -0.1843    29       -0.1794       -0.2060  4670783   14.79%
  59806 53867       -0.2060    65       -0.1794       -0.2060  4721613   14.79%
  60768 54798       -0.1796    29       -0.1794       -0.2060  4790595   14.79%
  61716 55842       -0.1889    49       -0.1794       -0.2060  4860572   14.79%
  62722 56494       -0.1843    36       -0.1794       -0.2060  4911707   14.79%
  63813 57371       -0.2031    60       -0.1794       -0.2060  4974135   14.79%
  64699 58468       -0.2029    58       -0.1794       -0.2060  5044534   14.79%
  65547 59326       -0.1858    39       -0.1794       -0.2060  5111578   14.79%
  66684 60264       -0.1842    31       -0.1794       -0.2060  5186383   14.79%
  67633 61454       -0.1905    39       -0.1794       -0.2060  5262607   14.79%
Elapsed time = 314.69 sec. (380141.14 ticks, tree = 1974.48 MB, solutions = 12)
  68820 62771       -0.1897    38       -0.1794       -0.2060  5342003   14.79%
  69785 63582       -0.1967    65       -0.1794       -0.2060  5400336   14.79%
  70812 64285       -0.1796    31       -0.1794       -0.2060  5450767   14.79%
  71738 65307       -0.1866    39       -0.1794       -0.2060  5515586   14.79%
  72845 66484       -0.1850    38       -0.1794       -0.2060  5585849   14.79%
  73722 66973       -0.1889    40       -0.1794       -0.2060  5626339   14.79%
  74586 68012       -0.1905    52       -0.1794       -0.2060  5698750   14.79%
  75481 68881       -0.1889    46       -0.1794       -0.2060  5758825   14.79%
  76497 69992       -0.1951    56       -0.1794       -0.2060  5827074   14.79%
  77249 70889       -0.1998    57       -0.1794       -0.2060  5901174   14.79%
Elapsed time = 348.53 sec. (418363.92 ticks, tree = 2277.19 MB, solutions = 12)
Nodefile size = 223.69 MB (152.39 MB after compression)
  78239 71381       -0.1858    32       -0.1794       -0.2060  5942804   14.79%
  79223 72634       -0.1827    34       -0.1794       -0.2060  6023293   14.79%
  80208 73385       -0.1982    53       -0.1794       -0.2060  6079150   14.79%
  81205 74358       -0.1827    39       -0.1794       -0.2060  6153051   14.79%
  82576 75272       -0.1814    33       -0.1794       -0.2060  6201710   14.79%
  83596 76833       -0.1967    65       -0.1794       -0.2060  6296023   14.79%
  84441 77436       -0.2041    60       -0.1794       -0.2060  6344356   14.79%
  85747 78293       -0.1920    48       -0.1794       -0.2060  6403392   14.79%
  86755 79535       -0.1814    37       -0.1794       -0.2060  6466505   14.79%
  87475 80526       -0.1920    51       -0.1794       -0.2060  6552340   14.79%
Elapsed time = 383.27 sec. (456564.75 ticks, tree = 2587.90 MB, solutions = 12)
Nodefile size = 534.78 MB (364.65 MB after compression)
  88327 81355       -0.1827    38       -0.1794       -0.2060  6603990   14.79%
  89333 82256       -0.1796    23       -0.1794       -0.2060  6681372   14.79%
  90407 83309       -0.1982    66       -0.1794       -0.2060  6748436   14.79%
  91429 84371       -0.1796    30       -0.1794       -0.2060  6801157   14.79%
  92435 85147       -0.1951    61       -0.1794       -0.2060  6859090   14.79%
  93360 86068       -0.1812    38       -0.1794       -0.2060  6922985   14.79%
  94339 86953       -0.1920    51       -0.1794       -0.2060  6980245   14.79%
  95469 88146       -0.1796    23       -0.1794       -0.2060  7053473   14.79%
  96649 89105       -0.2044    69       -0.1794       -0.2060  7115107   14.79%
  97529 90110       -0.1961    56       -0.1794       -0.2060  7177412   14.79%
Elapsed time = 418.27 sec. (494763.02 ticks, tree = 2896.96 MB, solutions = 12)
Nodefile size = 843.00 MB (575.19 MB after compression)
  98607 91162       -0.1796    32       -0.1794       -0.2060  7249477   14.79%
  99647 92090       -0.1858    33       -0.1794       -0.2060  7311861   14.79%
 100699 93126       -0.1870    44       -0.1794       -0.2060  7380938   14.79%
 101731 94030       -0.1796    34       -0.1794       -0.2060  7443954   14.79%
 102876 94805       -0.1824    34       -0.1794       -0.2060  7480852   14.79%
 104002 95910       -0.1874    51       -0.1794       -0.2060  7541234   14.79%
 104758 97069       -0.2013    68       -0.1794       -0.2060  7634312   14.79%
 105798 97902       -0.1812    44       -0.1794       -0.2060  7687699   14.79%
 106684 98981       -0.2013    60       -0.1794       -0.2060  7767782   14.79%
 107573 99868       -0.1967    53       -0.1794       -0.2060  7833770   14.79%
Elapsed time = 453.78 sec. (532959.23 ticks, tree = 3211.66 MB, solutions = 12)
Nodefile size = 1157.96 MB (790.62 MB after compression)
 108499 100758       -0.1839    33       -0.1794       -0.2060  7900466   14.79%
 109552 101169       -0.1973    55       -0.1794       -0.2060  7931351   14.79%
 110282 102282       -0.2036    61       -0.1794       -0.2060  8004236   14.79%
 111325 102891       -0.1920    44       -0.1794       -0.2060  8053386   14.79%
 112528 104388       -0.2008    52       -0.1794       -0.2060  8140799   14.79%
 113490 105526       -0.1998    58       -0.1794       -0.2060  8209707   14.79%
 114444 106111       -0.1889    45       -0.1794       -0.2060  8248942   14.79%
 115601 107342       -0.1796    27       -0.1794       -0.2060  8328890   14.79%
 116663 108411       -0.1796    24       -0.1794       -0.2060  8382126   14.79%
 117751 109417       -0.1920    38       -0.1794       -0.2060  8448210   14.79%
Elapsed time = 489.11 sec. (571214.77 ticks, tree = 3519.74 MB, solutions = 12)
Nodefile size = 1464.17 MB (1000.00 MB after compression)
 118705 110336       -0.2013    58       -0.1794       -0.2060  8510778   14.79%
 119764 111081       -0.1949    50       -0.1794       -0.2060  8564155   14.79%
 120715 112268       -0.1951    50       -0.1794       -0.2060  8631059   14.79%
 121657 113226       -0.1827    32       -0.1794       -0.2060  8692170   14.79%
 122539 113806       -0.2018    60       -0.1794       -0.2060  8750889   14.79%
 123531 115090       -0.1827    46       -0.1794       -0.2060  8846010   14.79%
 124630 115909       -0.1796    30       -0.1794       -0.2060  8901148   14.79%
 125539 116624       -0.1953    57       -0.1794       -0.2060  8948644   14.79%
 126676 117876       -0.1905    49       -0.1794       -0.2060  9032254   14.79%
 127720 118758       -0.1796    36       -0.1794       -0.2060  9083820   14.79%
Elapsed time = 524.47 sec. (609422.84 ticks, tree = 3820.69 MB, solutions = 12)
Nodefile size = 1763.60 MB (1205.07 MB after compression)
 128521 119773       -0.1843    39       -0.1794       -0.2060  9149246   14.79%
 129245 120588       -0.2026    69       -0.1794       -0.2060  9227346   14.79%
 130347 121094       -0.2026    65       -0.1794       -0.2060  9273869   14.79%
 131171 122019       -0.1798    35       -0.1794       -0.2060  9326101   14.79%
 131974 123053       -0.1876    38       -0.1794       -0.2060  9402215   14.79%
 132634 124003       -0.1796    30       -0.1794       -0.2060  9464424   14.79%
 133213 124510       -0.1796    33       -0.1794       -0.2060  9509045   14.79%
 133990 125016       -0.1933    52       -0.1794       -0.2060  9543277   14.79%
 134647 125808       -0.1967    67       -0.1794       -0.2060  9588172   14.79%
 135408 126496       -0.1982    59       -0.1794       -0.2060  9643290   14.79%
Elapsed time = 558.47 sec. (647662.64 ticks, tree = 4070.08 MB, solutions = 12)
Nodefile size = 2015.53 MB (1377.79 MB after compression)
 136225 126928       -0.1905    42       -0.1794       -0.2060  9674455   14.79%
 137076 128230       -0.1796    40       -0.1794       -0.2060  9739539   14.79%
 137924 128610       -0.1796    27       -0.1794       -0.2060  9768336   14.79%
 138766 129545       -0.1797    22       -0.1794       -0.2060  9831762   14.79%
 139578 130273       -0.1936    57       -0.1794       -0.2060  9867146   14.79%
 140319 130915       -0.1905    40       -0.1794       -0.2060  9907574   14.79%
 141058 131683       -0.1905    51       -0.1794       -0.2060  9943838   14.79%
 141853 132497       -0.1998    51       -0.1794       -0.2060 10000977   14.79%
 142713 133619       -0.1908    47       -0.1794       -0.2060 10062736   14.79%
 143589 134219       -0.1858    42       -0.1794       -0.2060 10106023   14.79%
Elapsed time = 592.86 sec. (685873.53 ticks, tree = 4319.38 MB, solutions = 12)
Nodefile size = 2263.57 MB (1547.57 MB after compression)
 144422 134859       -0.1991    56       -0.1794       -0.2060 10139512   14.79%
 145163 135958       -0.1819    36       -0.1794       -0.2060 10212444   14.79%

Mixed integer rounding cuts applied:  7
Gomory fractional cuts applied:  3

Root node processing (before b&c):
  Real time             =    6.34 sec. (6356.06 ticks)
Parallel b&c, 4 threads:
  Real time             =  594.56 sec. (688170.68 ticks)
  Sync time (average)   =   51.55 sec.
  Wait time (average)   =    0.00 sec.
                          ------------
Total (root+branch&cut) =  600.91 sec. (694526.75 ticks)
