Version identifier: 22.2.0.0 | 2026-05-04 | 5dff98e58
CPXPARAM_Read_DataCheck                          1
CPXPARAM_Threads                                 4
CPXPARAM_Parallel                                1
CPXPARAM_RandomSeed                              20260925
CPXPARAM_Simplex_Tolerances_Optimality           1.0000000000000001e-09
CPXPARAM_Simplex_Tolerances_Feasibility          1.0000000000000001e-09
CPXPARAM_TimeLimit                               600
CPXPARAM_MIP_Tolerances_AbsMIPGap                1.0000000000000001e-09
CPXPARAM_MIP_Tolerances_Integrality              1.0000000000000001e-09
Legacy callback                                  i
1 of 1 MIP starts provided solutions.
MIP start 'm1' defined initial solution with objective 0.0539.
Tried aggregator 1 time.
MIP Presolve eliminated 3106 rows and 2 columns.
MIP Presolve modified 3168 coefficients.
Reduced MIP has 3887 rows, 4830 columns, and 37992 nonzeros.
Reduced MIP has 1200 binaries, 0 generals, 0 SOSs, and 0 indicators.
Presolve time = 0.03 sec. (31.31 ticks)
Probing time = 0.00 sec. (0.57 ticks)
Tried aggregator 1 time.
Detecting symmetries...
MIP Presolve modified 120 coefficients.
Reduced MIP has 3887 rows, 4830 columns, and 37992 nonzeros.
Reduced MIP has 1200 binaries, 0 generals, 0 SOSs, and 0 indicators.
Presolve time = 0.02 sec. (20.94 ticks)
Probing time = 0.00 sec. (0.65 ticks)
MIP emphasis: balance optimality and feasibility.
MIP search method: dynamic search.
Parallel mode: deterministic, using up to 4 threads.
Root relaxation solution time = 0.03 sec. (35.80 ticks)

        Nodes                                         Cuts/
   Node  Left     Objective  IInf  Best Integer    Best Bound    ItCnt     Gap

*     0+    0                            0.0539        0.0000           100.00%
      0     0        0.0480    27        0.0539        0.0480      749   10.84%
      0     0        0.0480    12        0.0539   MIRcuts: 12      792   10.84%
      0     0        0.0480    10        0.0539   MIRcuts: 19      886   10.84%
      0     0        0.0480    11        0.0539    MIRcuts: 9      939   10.84%
*     0+    0                            0.0521        0.0480             7.89%
      0     0        0.0480    11        0.0521    MIRcuts: 7      960    7.89%
*     0+    0                            0.0521        0.0480             7.89%
*     0+    0                            0.0512        0.0480             6.30%
      0     0  -1.00000e+75     0        0.0512        0.0480      960    6.30%
      0     2        0.0480     7        0.0512        0.0480      960    6.30%
Elapsed time = 0.53 sec. (577.18 ticks, tree = 0.02 MB, solutions = 4)
*    28+    3                            0.0512        0.0480             6.29%
*    30+    3                            0.0512        0.0480             6.29%
     64    61        0.0483    12        0.0512        0.0480     4285    6.29%
    125    98        0.0497    13        0.0512        0.0480     9782    6.29%
    206   144        0.0484    19        0.0512        0.0480    16334    6.29%
    288   176        0.0490    13        0.0512        0.0480    24311    6.23%
    401   229        0.0491    12        0.0512        0.0481    29243    6.19%
    537   354        0.0499    20        0.0512        0.0481    34692    6.15%
    666   395        0.0510    17        0.0512        0.0481    37431    6.15%
    814   490        0.0484    15        0.0512        0.0481    44674    6.15%
    947   618        0.0508    31        0.0512        0.0481    52047    6.15%
   1539   991        0.0509    18        0.0512        0.0481    74345    6.06%
Elapsed time = 3.11 sec. (3693.83 ticks, tree = 24.15 MB, solutions = 6)
   2070  1438        0.0493    26        0.0512        0.0482   100238    6.00%

Performing restart 1

Repeating presolve.
Tried aggregator 1 time.
MIP Presolve modified 45 coefficients.
Reduced MIP has 3887 rows, 4830 columns, and 37992 nonzeros.
Reduced MIP has 1200 binaries, 0 generals, 0 SOSs, and 0 indicators.
Presolve time = 0.02 sec. (11.44 ticks)
Tried aggregator 1 time.
Reduced MIP has 3887 rows, 4830 columns, and 37992 nonzeros.
Reduced MIP has 1200 binaries, 0 generals, 0 SOSs, and 0 indicators.
Presolve time = 0.02 sec. (21.05 ticks)
Represolve time = 0.03 sec. (41.66 ticks)
*  2427+    0                            0.0512        0.0482             5.99%
   2427     0        0.0480    24        0.0512   MIRcuts: 31   122007    5.99%
   2427     0        0.0480    28        0.0512      Cuts: 24   122135    5.99%
   2427     0        0.0480    17        0.0512       Cuts: 8   122176    5.99%
   2427     0        0.0480    18        0.0512      Cuts: 10   122217    5.99%
   2427     0        0.0480    20        0.0512       Cuts: 6   122251    5.99%
   2427     0        0.0480    14        0.0512       Cuts: 3   122272    5.99%
   2427     0        0.0480    17        0.0512       Cuts: 9   122295    5.99%
   2427     2        0.0480    14        0.0512        0.0482   122295    5.99%
   2674   149        0.0495    20        0.0512        0.0482   132859    5.99%
   3257   601        0.0494    21        0.0512        0.0482   150139    5.99%
   3856  1050        0.0511    20        0.0512        0.0482   170009    5.99%
   4404  1414        cutoff              0.0512        0.0482   188746    5.99%
   4987  1783        0.0496    20        0.0512        0.0482   213588    5.99%
   5576  2219        0.0484    22        0.0512        0.0482   241935    5.99%
   6260  2682        0.0483    21        0.0512        0.0482   262883    5.99%
*  6368+ 2813                            0.0512        0.0482             5.99%
   6842  3115    infeasible              0.0512        0.0482   287394    5.99%
Elapsed time = 12.31 sec. (15818.33 ticks, tree = 85.80 MB, solutions = 8)
   7454  3538        0.0487    10        0.0512        0.0482   320657    5.99%
   8025  3931        0.0490    23        0.0512        0.0482   351158    5.99%
   8741  4319        0.0486    16        0.0512        0.0482   374922    5.99%
   9416  4958        0.0484    20        0.0512        0.0482   405257    5.99%
  10027  5254        0.0495    24        0.0512        0.0482   433010    5.99%
  10553  5510        0.0488    13        0.0512        0.0482   458436    5.99%
  11098  5966        0.0496    19        0.0512        0.0482   494537    5.97%
  11712  6314        0.0502    23        0.0512        0.0482   531048    5.94%
  12425  6687        cutoff              0.0512        0.0482   555254    5.87%
  13143  7255        0.0497    19        0.0512        0.0482   598535    5.87%
Elapsed time = 18.95 sec. (25373.37 ticks, tree = 158.34 MB, solutions = 8)
  13820  7575        cutoff              0.0512        0.0482   637169    5.87%
  14493  7899        0.0499    22        0.0512        0.0482   674749    5.86%
  15092  8125        0.0495    19        0.0512        0.0483   694506    5.83%
  15681  8367        0.0483    21        0.0512        0.0483   726397    5.81%
  16175  8494        cutoff              0.0512        0.0483   771550    5.76%
  16681  8553        cutoff              0.0512        0.0483   820742    5.72%
  17364  8825        0.0493    28        0.0512        0.0483   851178    5.70%
  18080  9290        0.0492    19        0.0512        0.0484   892531    5.60%
  18709  9539        0.0490    15        0.0512        0.0484   919666    5.56%
  19335  9867        0.0500    28        0.0512        0.0484   948806    5.55%
Elapsed time = 26.00 sec. (34922.81 ticks, tree = 196.84 MB, solutions = 8)
  19990 10187        0.0492    16        0.0512        0.0484   975647    5.55%
  20610 10773        0.0488    20        0.0512        0.0484  1025537    5.53%
  21280 11153        0.0505    26        0.0512        0.0484  1052501    5.53%
  21845 11507        0.0498    27        0.0512        0.0484  1089582    5.53%
  22389 11749        0.0490    19        0.0512        0.0484  1116254    5.52%
  23153 11906        0.0485    28        0.0512        0.0484  1143352    5.47%
  23808 12307        cutoff              0.0512        0.0485  1178035    5.44%
  24334 12551        0.0496    22        0.0512        0.0485  1201971    5.42%
  24897 12852        0.0487    21        0.0512        0.0485  1234898    5.39%
  25409 13180        0.0508    33        0.0512        0.0485  1276202    5.38%
Elapsed time = 32.72 sec. (44474.71 ticks, tree = 251.67 MB, solutions = 8)
  25933 13424        0.0505    18        0.0512        0.0485  1308463    5.36%
* 26023+13462                            0.0512        0.0485             5.36%
  26356 13596        cutoff              0.0512        0.0485  1344115    5.34%
  26713 13704        cutoff              0.0512        0.0485  1361743    5.34%
  27055 13853        0.0503    30        0.0512        0.0485  1378810    5.34%
  27375 13981        0.0492    17        0.0512        0.0485  1396399    5.34%
  27756 14166        0.0503    20        0.0512        0.0485  1415107    5.34%
* 27995 14359      integral     0        0.0512        0.0485  1425715    5.33%
* 28102+14467                            0.0503        0.0485             3.67%
  28125 14388        cutoff              0.0503        0.0485  1428692    3.67%
  28475 12055        cutoff              0.0503        0.0485  1444709    3.67%
  28865 12348        0.0492    28        0.0503        0.0485  1464822    3.67%
  29281 12580        0.0488    18        0.0503        0.0485  1480197    3.67%
Elapsed time = 40.47 sec. (54087.69 ticks, tree = 249.21 MB, solutions = 10)
  29659 12803        0.0503    22        0.0503        0.0485  1494542    3.67%
* 29776+12871                            0.0502        0.0485             3.35%
* 29786+12871                            0.0502        0.0485             3.34%
  30019 12417        cutoff              0.0502        0.0485  1508124    3.34%
  30421 12594        0.0491    22        0.0502        0.0485  1516221    3.34%
* 30553+12716                            0.0502        0.0485             3.34%
  30935 12930        0.0493    20        0.0502        0.0485  1537134    3.34%
  31486 13202        0.0491    24        0.0502        0.0486  1560116    3.14%
  32073 13673        0.0493    21        0.0502        0.0486  1600222    3.13%
* 32262+13529                            0.0500        0.0486             2.81%
* 32266+13529                            0.0500        0.0486             2.81%
  32830 12940        cutoff              0.0500        0.0486  1610311    2.80%
  33695 13461        0.0500    29        0.0500        0.0486  1637861    2.79%
  34442 13990        cutoff              0.0500        0.0486  1673657    2.77%
  35048 14262        cutoff              0.0500        0.0486  1695683    2.75%
Elapsed time = 47.59 sec. (63634.93 ticks, tree = 284.79 MB, solutions = 20)
  35706 14524        cutoff              0.0500        0.0486  1719127    2.75%
  36367 14861        0.0495    22        0.0500        0.0487  1763307    2.72%
  37130 15041        0.0495    21        0.0500        0.0487  1789533    2.70%
  38052 15387        0.0499    24        0.0500        0.0487  1819049    2.68%
  38830 16021        0.0490    20        0.0500        0.0487  1860571    2.66%
  39680 16328        0.0490    20        0.0500        0.0487  1883661    2.64%
  40526 16809        0.0490    19        0.0500        0.0487  1920147    2.62%
  41277 17149        cutoff              0.0500        0.0487  1955809    2.60%
  41951 17487        0.0493    20        0.0500        0.0487  1996406    2.59%
  42656 17822        0.0490    24        0.0500        0.0487  2029358    2.57%
Elapsed time = 54.22 sec. (73181.19 ticks, tree = 362.78 MB, solutions = 20)
  43434 18083        0.0493    29        0.0500        0.0487  2058743    2.55%
  44268 18488        cutoff              0.0500        0.0488  2088093    2.51%
  45079 18719        cutoff              0.0500        0.0488  2104162    2.49%
  45885 19143        cutoff              0.0500        0.0488  2140647    2.47%
  46731 19492        0.0497    17        0.0500        0.0488  2179485    2.46%
  47547 19819        0.0499    27        0.0500        0.0488  2204094    2.45%
  48356 20215        0.0496    27        0.0500        0.0488  2255998    2.44%
  49012 20387        0.0496    23        0.0500        0.0488  2278523    2.43%
  49770 20411        0.0495    28        0.0500        0.0488  2297431    2.42%
  50495 20815        0.0497    31        0.0500        0.0488  2346776    2.40%
Elapsed time = 60.72 sec. (82730.51 ticks, tree = 430.71 MB, solutions = 20)
  51198 21034        0.0492    20        0.0500        0.0488  2376553    2.38%
  51986 21275        0.0492    28        0.0500        0.0488  2399139    2.36%
  52768 21602        0.0499    22        0.0500        0.0488  2429735    2.35%
  53481 22007        cutoff              0.0500        0.0489  2473471    2.33%
  54285 22105        cutoff              0.0500        0.0489  2494368    2.30%
  55037 22477        cutoff              0.0500        0.0489  2552115    2.30%
  55730 22691        0.0494    14        0.0500        0.0489  2583493    2.28%
  56417 22779        0.0494    18        0.0500        0.0489  2605428    2.27%
  57105 23065        0.0494    21        0.0500        0.0489  2665121    2.26%
  60093 23905        0.0492    18        0.0500        0.0489  2783217    2.21%
Elapsed time = 69.20 sec. (95138.24 ticks, tree = 498.40 MB, solutions = 20)
  63143 24766        cutoff              0.0500        0.0489  2907253    2.15%
  66091 25465        0.0492    16        0.0500        0.0490  3035358    2.11%
  69570 26382        0.0493    20        0.0500        0.0490  3166479    2.08%
  72676 27327        0.0498    20        0.0500        0.0490  3291235    2.03%
  75815 28801        0.0493    15        0.0500        0.0490  3421019    2.02%
  78926 29694        0.0491    16        0.0500        0.0490  3555207    1.99%
  81902 30096        0.0492    16        0.0500        0.0490  3659752    1.95%
  84573 30371        0.0494    26        0.0500        0.0491  3780012    1.88%
  87262 30704        0.0493    14        0.0500        0.0491  3909873    1.84%
  91487 30862        0.0494    17        0.0500        0.0491  4044893    1.79%
Elapsed time = 95.62 sec. (133297.75 ticks, tree = 637.45 MB, solutions = 20)
  95098 30973        cutoff              0.0500        0.0492  4166946    1.72%
  98120 31568        0.0499    30        0.0500        0.0492  4280405    1.69%
 101251 32030        0.0500    21        0.0500        0.0492  4402266    1.67%
 103925 31901        0.0495    18        0.0500        0.0492  4519216    1.63%
 106330 31881        cutoff              0.0500        0.0492  4644522    1.59%
 108891 31962        cutoff              0.0500        0.0492  4768324    1.55%
 112297 30876        0.0493    22        0.0500        0.0493  4894333    1.51%
 115244 30795        0.0496    25        0.0500        0.0493  5001975    1.44%
 118498 30806        0.0496    29        0.0500        0.0493  5133212    1.40%
 121952 30787        cutoff              0.0500        0.0493  5221694    1.37%
Elapsed time = 122.58 sec. (171453.71 ticks, tree = 601.81 MB, solutions = 20)
 124823 30009        0.0500    23        0.0500        0.0494  5333493    1.32%
 127915 30063        0.0497    20        0.0500        0.0494  5472345    1.24%
 131281 29300        0.0496    21        0.0500        0.0494  5586757    1.20%
 134592 29426        0.0496    15        0.0500        0.0494  5687196    1.16%
 138195 29547        cutoff              0.0500        0.0495  5782464    1.12%
 141321 29093        cutoff              0.0500        0.0495  5882021    1.07%
 144973 28577        0.0499    28        0.0500        0.0495  5998123    1.02%
 147994 28270        0.0496    27        0.0500        0.0495  6100234    0.97%
 151482 28458        0.0499    19        0.0500        0.0495  6227134    0.95%
 154767 28412        0.0496    23        0.0500        0.0495  6318766    0.93%
Elapsed time = 149.55 sec. (209609.69 ticks, tree = 530.17 MB, solutions = 20)
 157744 28526        0.0499    15        0.0500        0.0496  6446806    0.91%
 160600 29010        cutoff              0.0500        0.0496  6555792    0.91%
 163934 29313        0.0499    26        0.0500        0.0496  6669772    0.89%
 166616 29091        0.0496     9        0.0500        0.0496  6778917    0.88%
 169430 28845        0.0496    13        0.0500        0.0496  6871251    0.87%
 174406 30270        cutoff              0.0500        0.0496  6962909    0.86%
 180684 33674        cutoff              0.0500        0.0496  7082553    0.84%
 187269 36564        cutoff              0.0500        0.0496  7180512    0.84%
 194110 40179        0.0500    11        0.0500        0.0496  7306582    0.84%
 200886 43439        0.0496    12        0.0500        0.0496  7429982    0.84%
Elapsed time = 176.62 sec. (247764.23 ticks, tree = 985.06 MB, solutions = 20)
 207464 47111        0.0496    10        0.0500        0.0496  7578803    0.84%
 213955 49577        0.0496    11        0.0500        0.0496  7685987    0.84%
 220330 51983        0.0497    15        0.0500        0.0496  7802642    0.84%
 226522 54898        0.0496    12        0.0500        0.0496  7957954    0.84%
 232797 57717        cutoff              0.0500        0.0496  8082389    0.84%
 239250 60181        cutoff              0.0500        0.0496  8212059    0.84%
 245697 63513        cutoff              0.0500        0.0496  8376053    0.84%
 251941 65759        0.0500     4        0.0500        0.0496  8496138    0.84%
 257852 67592        0.0498    15        0.0500        0.0496  8625607    0.84%
 264035 70042        cutoff              0.0500        0.0496  8784139    0.84%
Elapsed time = 204.75 sec. (285915.77 ticks, tree = 1842.80 MB, solutions = 20)
 270320 72477        0.0496    11        0.0500        0.0496  8893876    0.84%
 277252 75289        cutoff              0.0500        0.0496  9030615    0.84%
 283465 78087        0.0498    12        0.0500        0.0496  9133861    0.84%
 289538 80547        0.0497    10        0.0500        0.0496  9267208    0.83%
 295850 83020        0.0500    10        0.0500        0.0496  9391258    0.83%
 301899 85761        0.0497    11        0.0500        0.0496  9521050    0.83%
 307896 88489        0.0498    15        0.0500        0.0496  9656286    0.83%
 314136 90786        0.0497    13        0.0500        0.0496  9778337    0.83%
 320194 93579        0.0497    13        0.0500        0.0496  9897364    0.83%
 325953 95094        0.0498    10        0.0500        0.0496 10004845    0.83%
Elapsed time = 241.17 sec. (324070.68 ticks, tree = 2646.54 MB, solutions = 20)
Nodefile size = 584.28 MB (352.23 MB after compression)
 331685 97656        0.0497    12        0.0500        0.0496 10140200    0.83%
 336550 99379        0.0498    28        0.0500        0.0496 10259542    0.83%
 341604 100087        0.0496    11        0.0500        0.0496 10372015    0.83%
 348278 102575        0.0498    11        0.0500        0.0496 10468436    0.82%
 355301 106065        0.0496    10        0.0500        0.0496 10593171    0.81%
 362568 108782        0.0498    12        0.0500        0.0496 10711124    0.81%
 369213 111765        cutoff              0.0500        0.0496 10829095    0.81%
 376426 114815        0.0496    10        0.0500        0.0496 10932548    0.80%
 383552 118273        0.0496    12        0.0500        0.0496 11071190    0.80%
 390262 120729        0.0498    12        0.0500        0.0496 11185510    0.80%
Elapsed time = 281.12 sec. (362224.77 ticks, tree = 3480.90 MB, solutions = 20)
Nodefile size = 1418.58 MB (856.57 MB after compression)
 396925 123489        0.0498    11        0.0500        0.0496 11292219    0.80%
 403727 126962        0.0497    12        0.0500        0.0496 11408824    0.80%
 410514 129484        0.0498    13        0.0500        0.0496 11530502    0.80%
 417411 132454        0.0499    14        0.0500        0.0496 11629427    0.80%
 424702 135417        0.0496     7        0.0500        0.0496 11749560    0.80%
 431979 138357        cutoff              0.0500        0.0496 11878565    0.80%
 437996 141363        0.0496     6        0.0500        0.0496 11979464    0.80%
 444502 144051        cutoff              0.0500        0.0496 12121888    0.80%
 451553 146111        cutoff              0.0500        0.0496 12218383    0.80%
 458337 148772        cutoff              0.0500        0.0496 12354867    0.80%
Elapsed time = 322.00 sec. (400377.61 ticks, tree = 4375.60 MB, solutions = 20)
Nodefile size = 2312.30 MB (1397.71 MB after compression)
 465378 152193        cutoff              0.0500        0.0496 12484604    0.80%
 472413 155131        0.0496    15        0.0500        0.0496 12575443    0.80%
 479118 158731        cutoff              0.0500        0.0496 12681030    0.80%
 486287 161388        cutoff              0.0500        0.0496 12824621    0.80%
 493732 163424        0.0496     9        0.0500        0.0496 12931084    0.80%
 500343 166325        cutoff              0.0500        0.0496 13044034    0.80%
 506628 169944        0.0496     7        0.0500        0.0496 13169783    0.80%
 513208 172199        0.0496     9        0.0500        0.0496 13275865    0.80%
 519314 175288        0.0496     9        0.0500        0.0496 13399300    0.80%
 525673 177560        cutoff              0.0500        0.0496 13500719    0.80%
Elapsed time = 362.78 sec. (438529.30 ticks, tree = 5294.47 MB, solutions = 20)
Nodefile size = 3227.26 MB (1953.11 MB after compression)
 532182 180353        0.0496    12        0.0500        0.0496 13627135    0.80%
 538995 183890        0.0496     7        0.0500        0.0496 13738758    0.80%
 545611 187113        0.0496    10        0.0500        0.0496 13862852    0.80%
 551785 189888        0.0496    11        0.0500        0.0496 13997596    0.80%
 558473 192251        cutoff              0.0500        0.0496 14106797    0.80%
 564776 194985        cutoff              0.0500        0.0496 14206378    0.80%
 571102 198655        0.0497    17        0.0500        0.0496 14339242    0.80%
 577610 201441        0.0496     9        0.0500        0.0496 14434744    0.80%
 584266 203631        0.0496    10        0.0500        0.0496 14569851    0.80%
 590280 206156        0.0496     9        0.0500        0.0496 14682311    0.80%
Elapsed time = 405.22 sec. (476679.79 ticks, tree = 6206.58 MB, solutions = 20)
Nodefile size = 4141.52 MB (2509.07 MB after compression)
 597070 208806        0.0496    11        0.0500        0.0496 14801104    0.80%
 603412 211480        0.0498    11        0.0500        0.0496 14905721    0.80%
 609579 215523        cutoff              0.0500        0.0496 15041923    0.80%
 616106 218217        cutoff              0.0500        0.0496 15133809    0.80%
 621979 222410        cutoff              0.0500        0.0496 15254805    0.80%
 628679 223899        cutoff              0.0500        0.0496 15340195    0.80%
 635254 226321        0.0498    10        0.0500        0.0496 15507277    0.80%
 641493 228465        0.0496     9        0.0500        0.0496 15611878    0.80%
 648229 231725        0.0496    11        0.0500        0.0496 15746477    0.80%
 654349 234806        0.0496    10        0.0500        0.0496 15858608    0.80%
Elapsed time = 446.44 sec. (514834.04 ticks, tree = 7120.80 MB, solutions = 20)
Nodefile size = 5058.81 MB (3067.30 MB after compression)
 659761 237464        0.0497     7        0.0500        0.0496 15970027    0.80%
 665798 239500        0.0496    10        0.0500        0.0496 16084075    0.80%
 671762 241462        0.0496    15        0.0500        0.0496 16164092    0.80%
 677595 245117        0.0500    12        0.0500        0.0496 16292009    0.80%
 683420 247735        0.0496     9        0.0500        0.0496 16402129    0.80%
 689371 250445        0.0496     7        0.0500        0.0496 16551331    0.80%
 694945 252454        0.0497    10        0.0500        0.0496 16671728    0.80%
 700779 255025        0.0496    10        0.0500        0.0496 16790754    0.80%
 706568 257321        0.0496    10        0.0500        0.0496 16887352    0.80%
 712143 260619        cutoff              0.0500        0.0496 17031035    0.80%
Elapsed time = 486.91 sec. (552986.89 ticks, tree = 7944.54 MB, solutions = 20)
Nodefile size = 5878.96 MB (3567.86 MB after compression)
 718027 263247        0.0496     8        0.0500        0.0496 17146460    0.80%
 724036 266788        0.0496    12        0.0500        0.0496 17283642    0.80%
 729409 269835        0.0497    10        0.0500        0.0496 17391133    0.80%
 734936 272561        0.0499     7        0.0500        0.0496 17481644    0.80%
 740464 275406        0.0500    13        0.0500        0.0496 17581125    0.80%
 745974 278528        0.0500    10        0.0500        0.0496 17695473    0.80%
 751511 281587        cutoff              0.0500        0.0496 17796185    0.80%

Performing restart 2

Repeating presolve.
Tried aggregator 1 time.
MIP Presolve modified 75 coefficients.
Reduced MIP has 3887 rows, 4830 columns, and 37992 nonzeros.
Reduced MIP has 1200 binaries, 0 generals, 0 SOSs, and 0 indicators.
Presolve time = 0.02 sec. (11.42 ticks)
Tried aggregator 1 time.
Reduced MIP has 3887 rows, 4830 columns, and 37992 nonzeros.
Reduced MIP has 1200 binaries, 0 generals, 0 SOSs, and 0 indicators.
Presolve time = 0.02 sec. (20.98 ticks)
Represolve time = 2.11 sec. (47.77 ticks)
 751834     0        0.0480    32        0.0500      Cuts: 38 17842356    0.80%
 751834     0        0.0480    15        0.0500   MIRcuts: 14 17842403    0.80%
 751834     0        0.0480    19        0.0500      Cuts: 15 17842452    0.80%
 751834     0        0.0480    29        0.0500      Cuts: 14 17842547    0.80%
 751834     0        0.0480    32        0.0500      Cuts: 22 17842658    0.80%
 751834     0        0.0480    38        0.0500      Cuts: 23 17843174    0.80%
 751834     0        0.0480    37        0.0500      Cuts: 28 17843491    0.80%
 751834     2        0.0480    29        0.0500        0.0496 17843491    0.80%
 753148   717        0.0500    29        0.0500        0.0496 17894737    0.80%
 755125  1665        0.0492    23        0.0500        0.0496 17988541    0.80%
Elapsed time = 529.38 sec. (591558.11 ticks, tree = 25.03 MB, solutions = 20)
 757073  2142        cutoff              0.0500        0.0496 18086033    0.80%
 759518  2654        cutoff              0.0500        0.0496 18187059    0.80%
 763066  3297        0.0500    10        0.0500        0.0496 18271852    0.80%
 768596  5710        0.0500    10        0.0500        0.0496 18354051    0.80%
 770827  6979        0.0500     6        0.0500        0.0496 18396229    0.80%
 775508  8876        0.0500    12        0.0500        0.0496 18455963    0.80%
 781817 11903        0.0496    24        0.0500        0.0496 18545984    0.80%
 787649 14541        cutoff              0.0500        0.0496 18634697    0.80%
 793845 17314        0.0500     9        0.0500        0.0496 18729213    0.80%
 799527 19822        0.0499     7        0.0500        0.0496 18829159    0.80%
Elapsed time = 556.17 sec. (629724.71 ticks, tree = 354.15 MB, solutions = 20)
 805226 22695        0.0497    13        0.0500        0.0496 18932306    0.80%
 810590 24933        0.0500     9        0.0500        0.0496 19028933    0.80%
 816026 27276        0.0500     9        0.0500        0.0496 19132804    0.80%
 820038 29221        0.0496    10        0.0500        0.0496 19220908    0.80%
 825607 31004        cutoff              0.0500        0.0496 19316725    0.80%
 830746 33422        cutoff              0.0500        0.0496 19430764    0.80%
 836071 35135        0.0522    26        0.0500        0.0496 19521518    0.80%
 840473 37372        0.0499    22        0.0500        0.0496 19614503    0.78%
 844995 39880        0.0499    16        0.0500        0.0496 19704245    0.78%
 849622 42816        0.0499    12        0.0500        0.0496 19806187    0.78%
Elapsed time = 582.47 sec. (667891.97 ticks, tree = 386.22 MB, solutions = 20)
 852034 44138        0.0496    10        0.0500        0.0496 19852064    0.78%
 853341 44986        cutoff              0.0500        0.0496 19879590    0.78%
 855706 46241        0.0498    22        0.0500        0.0496 19924666    0.78%
 860096 48650        0.0496    14        0.0500        0.0496 20011122    0.78%
 865969 51048        0.0496    10        0.0500        0.0496 20101476    0.77%
 873489 54015        cutoff              0.0500        0.0496 20200930    0.77%

Cover cuts applied:  38
Mixed integer rounding cuts applied:  13
Zero-half cuts applied:  1
Gomory fractional cuts applied:  1

Root node processing (before b&c):
  Real time             =    0.52 sec. (575.70 ticks)
Parallel b&c, 4 threads:
  Real time             =  599.50 sec. (691783.94 ticks)
  Sync time (average)   =  110.87 sec.
  Wait time (average)   =    0.01 sec.
                          ------------
Total (root+branch&cut) =  600.02 sec. (692359.65 ticks)
