Version identifier: 22.2.0.0 | 2026-05-04 | 5dff98e58
CPXPARAM_Read_DataCheck                          1
CPXPARAM_Threads                                 4
CPXPARAM_Parallel                                1
CPXPARAM_RandomSeed                              20260925
CPXPARAM_Simplex_Tolerances_Optimality           1.0000000000000001e-09
CPXPARAM_Simplex_Tolerances_Feasibility          1.0000000000000001e-09
CPXPARAM_TimeLimit                               600
CPXPARAM_MIP_Tolerances_AbsMIPGap                1.0000000000000001e-09
CPXPARAM_MIP_Tolerances_Integrality              1.0000000000000001e-09
Legacy callback                                  i
Found incumbent of value 0.000000 after 0.00 sec. (0.16 ticks)
Tried aggregator 1 time.
MIP Presolve eliminated 3106 rows and 1 columns.
MIP Presolve modified 3168 coefficients.
Reduced MIP has 3887 rows, 4831 columns, and 37995 nonzeros.
Reduced MIP has 1200 binaries, 0 generals, 0 SOSs, and 0 indicators.
Presolve time = 0.03 sec. (31.31 ticks)
Probing time = 0.00 sec. (0.57 ticks)
Tried aggregator 1 time.
Detecting symmetries...
MIP Presolve modified 120 coefficients.
Reduced MIP has 3887 rows, 4831 columns, and 37995 nonzeros.
Reduced MIP has 1200 binaries, 0 generals, 0 SOSs, and 0 indicators.
Presolve time = 0.02 sec. (26.24 ticks)
Probing time = 0.00 sec. (0.65 ticks)
MIP emphasis: balance optimality and feasibility.
MIP search method: dynamic search.
Parallel mode: deterministic, using up to 4 threads.
Root relaxation solution time = 0.09 sec. (106.33 ticks)

        Nodes                                         Cuts/
   Node  Left     Objective  IInf  Best Integer    Best Bound    ItCnt     Gap

*     0+    0                            0.0000       -1.0000              --- 
      0     0       -0.2361    33        0.0000       -0.2361     2213     --- 
*     0+    0                           -0.1444       -0.2361            63.46%
*     0+    0                           -0.2250       -0.2361             4.94%
      0     0       -0.2361    33       -0.2250      Cuts: 33     3000    4.94%
      0     0       -0.2361    35       -0.2250   MIRcuts: 16     3856    4.94%
      0     2       -0.2361    30       -0.2250       -0.2361     3856    4.94%
Elapsed time = 3.80 sec. (3031.18 ticks, tree = 0.02 MB, solutions = 3)
      6     8       -0.2340    41       -0.2250       -0.2361     6556    4.94%
*     9+    3                           -0.2278       -0.2361             3.66%
*    12+    3                           -0.2306       -0.2361             2.41%
     16    15       -0.2340    38       -0.2306       -0.2361    11349    2.41%
     28    25       -0.2340    35       -0.2306       -0.2361    27307    2.41%
     54    48       -0.2340    34       -0.2306       -0.2361    38615    2.41%
     88    71       -0.2361    31       -0.2306       -0.2361    44164    2.41%
    112    87       -0.2361    22       -0.2306       -0.2361    48919    2.41%
    138   113       -0.2361    16       -0.2306       -0.2361    54407    2.41%
    180   138        cutoff             -0.2306       -0.2361    58071    2.41%
    215   159       -0.2329    46       -0.2306       -0.2361    64465    2.41%
    374   258       -0.2361    23       -0.2306       -0.2361    93754    2.41%
Elapsed time = 7.53 sec. (6279.27 ticks, tree = 5.63 MB, solutions = 5)
    513   337       -0.2309    32       -0.2306       -0.2361   111174    2.41%
    699   412       -0.2361    23       -0.2306       -0.2361   137532    2.41%
    865   529       -0.2319    25       -0.2306       -0.2361   169526    2.41%
   1070   601       -0.2329    33       -0.2306       -0.2361   184197    2.41%
   1337   746       -0.2333    29       -0.2306       -0.2361   216089    2.41%
   1547   879       -0.2333    23       -0.2306       -0.2361   240596    2.41%
   1746  1023       -0.2361    29       -0.2306       -0.2361   272165    2.41%
   1923  1157       -0.2325    43       -0.2306       -0.2361   298782    2.41%
   2087  1250       -0.2346    34       -0.2306       -0.2361   323117    2.41%
   2301  1385       -0.2346    37       -0.2306       -0.2361   351922    2.41%
Elapsed time = 17.69 sec. (15875.67 ticks, tree = 36.74 MB, solutions = 5)
   2471  1536       -0.2309    33       -0.2306       -0.2361   378230    2.41%
   2606  1567       -0.2329    30       -0.2306       -0.2361   385009    2.41%
   2747  1715       -0.2333    23       -0.2306       -0.2361   411937    2.41%
   2918  1818       -0.2346    37       -0.2306       -0.2361   430941    2.41%
   3102  1974       -0.2333    36       -0.2306       -0.2361   455179    2.41%
   3273  2052       -0.2361    29       -0.2306       -0.2361   471115    2.41%
   3437  2130       -0.2315    31       -0.2306       -0.2361   485593    2.41%
   3588  2270       -0.2310    37       -0.2306       -0.2361   508470    2.41%
   3731  2350       -0.2352    31       -0.2306       -0.2361   527903    2.41%

Performing restart 1

Repeating presolve.
Tried aggregator 1 time.
Reduced MIP has 3887 rows, 4831 columns, and 37995 nonzeros.
Reduced MIP has 1200 binaries, 0 generals, 0 SOSs, and 0 indicators.
Presolve time = 0.00 sec. (11.48 ticks)
Tried aggregator 1 time.
Reduced MIP has 3887 rows, 4831 columns, and 37995 nonzeros.
Reduced MIP has 1200 binaries, 0 generals, 0 SOSs, and 0 indicators.
Presolve time = 0.03 sec. (26.45 ticks)
Represolve time = 0.05 sec. (45.57 ticks)
   3781     0       -0.2361    54       -0.2306      Cuts: 41   547685    2.41%
   3781     0       -0.2361    61       -0.2306      Cuts: 21   548424    2.41%
   3781     0       -0.2361    44       -0.2306      Cuts: 22   549260    2.41%
   3781     0       -0.2361    41       -0.2306      Cuts: 22   550210    2.41%
   3781     0       -0.2361    35       -0.2306      Cuts: 21   550860    2.41%
   3781     0       -0.2361    49       -0.2306      Cuts: 19   551549    2.41%
   3781     0       -0.2361    19       -0.2306    MIRcuts: 4   551812    2.41%
   3781     0       -0.2361    22       -0.2306       Cuts: 5   551850    2.41%
   3781     2       -0.2361    18       -0.2306       -0.2361   551850    2.41%
Elapsed time = 35.84 sec. (35384.95 ticks, tree = 0.02 MB, solutions = 5)
   3790    10       -0.2361    22       -0.2306       -0.2361   555779    2.41%
   3801    18       -0.2347    27       -0.2306       -0.2361   563136    2.41%
   3827    28       -0.2316    27       -0.2306       -0.2361   572499    2.41%
   3861    55       -0.2319    15       -0.2306       -0.2361   580205    2.41%
   3955    86       -0.2352    34       -0.2306       -0.2361   589645    2.41%
   4087   177       -0.2318    31       -0.2306       -0.2361   613019    2.41%
   4266   260       -0.2312    41       -0.2306       -0.2361   633244    2.41%
   4478   381       -0.2344    25       -0.2306       -0.2361   658778    2.41%
   4746   449       -0.2319    22       -0.2306       -0.2352   676803    2.01%
   4998   583       -0.2333    17       -0.2306       -0.2347   707475    1.81%
Elapsed time = 44.25 sec. (45076.08 ticks, tree = 15.52 MB, solutions = 5)
   5169   703       -0.2312    39       -0.2306       -0.2347   731697    1.81%
   5454   821       -0.2333    25       -0.2306       -0.2347   752993    1.81%
   5706   911       -0.2311    24       -0.2306       -0.2347   772042    1.81%
   5965  1014       -0.2312    30       -0.2306       -0.2347   791182    1.81%
   6205  1163       -0.2309    33       -0.2306       -0.2347   821545    1.81%
   6485  1230       -0.2308    34       -0.2306       -0.2338   845933    1.41%
   6712  1292       -0.2333    28       -0.2306       -0.2336   867775    1.31%
   7016  1394       -0.2315    20       -0.2306       -0.2333   886572    1.20%
   7195  1509       -0.2333    12       -0.2306       -0.2333   912267    1.20%
   7362  1537       -0.2333    13       -0.2306       -0.2333   941393    1.20%
Elapsed time = 52.39 sec. (54664.58 ticks, tree = 41.23 MB, solutions = 5)
   7571  1544       -0.2333    19       -0.2306       -0.2333   972711    1.20%
   7811  1552       -0.2332    25       -0.2306       -0.2333   997526    1.20%
   8120  1586       -0.2333    19       -0.2306       -0.2333  1021591    1.20%
   8381  1616        cutoff             -0.2306       -0.2333  1054920    1.20%
   8618  1676        cutoff             -0.2306       -0.2333  1079080    1.20%
   8878  1727        cutoff             -0.2306       -0.2333  1092746    1.20%
   9144  1794       -0.2333    24       -0.2306       -0.2333  1126643    1.20%
   9412  1861       -0.2319    24       -0.2306       -0.2333  1156894    1.20%
   9659  1907        cutoff             -0.2306       -0.2333  1182510    1.20%
   9905  1962        cutoff             -0.2306       -0.2333  1199232    1.20%
Elapsed time = 60.62 sec. (64243.26 ticks, tree = 54.05 MB, solutions = 5)
  10187  2134       -0.2333    28       -0.2306       -0.2333  1243455    1.20%
  10469  2196       -0.2319    32       -0.2306       -0.2333  1254725    1.20%
  10787  2354       -0.2313    24       -0.2306       -0.2333  1288678    1.20%
  11046  2368        cutoff             -0.2306       -0.2333  1294998    1.20%
  11278  2450       -0.2319    31       -0.2306       -0.2333  1322503    1.20%
  11584  2520       -0.2333    26       -0.2306       -0.2333  1353426    1.20%
  11812  2591       -0.2324    32       -0.2306       -0.2333  1379898    1.20%
  12062  2644       -0.2309    24       -0.2306       -0.2333  1392213    1.20%
  12339  2683        cutoff             -0.2306       -0.2333  1428458    1.20%
  12560  2714        cutoff             -0.2306       -0.2333  1451540    1.20%
Elapsed time = 68.53 sec. (73808.12 ticks, tree = 76.89 MB, solutions = 5)
  12827  2750       -0.2315    31       -0.2306       -0.2333  1472194    1.20%
  13097  2728        cutoff             -0.2306       -0.2333  1488503    1.20%
  13273  2796       -0.2316    26       -0.2306       -0.2333  1531303    1.20%
  13497  2851       -0.2312    25       -0.2306       -0.2333  1569008    1.20%
  13734  2870       -0.2333    33       -0.2306       -0.2333  1585724    1.20%
  14012  2940       -0.2319    24       -0.2306       -0.2333  1614966    1.20%
  14354  3053       -0.2333    26       -0.2306       -0.2333  1661315    1.20%
  14663  3096       -0.2319    23       -0.2306       -0.2333  1678946    1.20%
  15012  3142       -0.2333    33       -0.2306       -0.2333  1702632    1.20%
  15253  3212       -0.2330    32       -0.2306       -0.2333  1723451    1.20%
Elapsed time = 76.86 sec. (83422.72 ticks, tree = 90.75 MB, solutions = 5)
  15479  3299        cutoff             -0.2306       -0.2333  1755759    1.20%
  15792  3337       -0.2333    18       -0.2306       -0.2333  1778702    1.20%
  15975  3341       -0.2317    28       -0.2306       -0.2333  1785710    1.20%
  16144  3369       -0.2333    29       -0.2306       -0.2333  1803381    1.20%
  16293  3418       -0.2312    24       -0.2306       -0.2333  1819031    1.20%
  16468  3435       -0.2333    24       -0.2306       -0.2333  1828414    1.20%
  16697  3493       -0.2311    31       -0.2306       -0.2333  1860206    1.20%
  16914  3511       -0.2333    18       -0.2306       -0.2333  1860941    1.20%
  17198  3588       -0.2333    20       -0.2306       -0.2333  1907440    1.20%
  17477  3597       -0.2333    30       -0.2306       -0.2333  1915056    1.20%
Elapsed time = 84.92 sec. (92999.87 ticks, tree = 102.22 MB, solutions = 5)
  17744  3696       -0.2333    27       -0.2306       -0.2333  1935718    1.20%
  18033  3771       -0.2333    20       -0.2306       -0.2333  1986221    1.20%
  18367  3779       -0.2333    28       -0.2306       -0.2333  1998583    1.20%
  18751  3860       -0.2317    28       -0.2306       -0.2333  2045903    1.20%
  19121  3939       -0.2333    22       -0.2306       -0.2333  2085750    1.20%
  19417  3929       -0.2333    35       -0.2306       -0.2333  2083834    1.20%
  19769  4039        cutoff             -0.2306       -0.2333  2116557    1.20%
  20055  4136       -0.2309    27       -0.2306       -0.2333  2160223    1.20%
  20335  4244       -0.2309    23       -0.2306       -0.2333  2200398    1.20%
  21178  4394       -0.2333    21       -0.2306       -0.2333  2284188    1.20%
Elapsed time = 95.17 sec. (105443.35 ticks, tree = 125.11 MB, solutions = 5)
  22188  4561       -0.2319    27       -0.2306       -0.2333  2405554    1.20%
  23191  4734        cutoff             -0.2306       -0.2333  2488778    1.20%
  24451  4845       -0.2319    27       -0.2306       -0.2333  2624545    1.20%
  26231  4291       -0.2315    39       -0.2306       -0.2327  2732617    0.92%
  27595  3884       -0.2310    18       -0.2306       -0.2324  2833774    0.80%
  28298  3853        cutoff             -0.2306       -0.2324  2892563    0.80%
  28978  3829       -0.2314    22       -0.2306       -0.2324  2945665    0.80%
  29577  3844       -0.2307    28       -0.2306       -0.2324  2987246    0.80%
  30264  3864       -0.2319    17       -0.2306       -0.2324  3065782    0.80%
  31265  3835       -0.2314    21       -0.2306       -0.2319  3158814    0.60%
Elapsed time = 126.44 sec. (143642.53 ticks, tree = 107.23 MB, solutions = 5)
  32497  3834       -0.2319    30       -0.2306       -0.2319  3210274    0.60%
  33785  3633        cutoff             -0.2306       -0.2319  3341467    0.60%
  34996  3468       -0.2319    23       -0.2306       -0.2319  3468875    0.60%
  36017  3404       -0.2313    40       -0.2306       -0.2319  3583354    0.60%
  37624  2790       -0.2309    25       -0.2306       -0.2319  3666278    0.60%
  39136  2339       -0.2315    27       -0.2306       -0.2316  3742750    0.47%
  41398   873        cutoff             -0.2306       -0.2311  3851927    0.24%

Mixed integer rounding cuts applied:  16

Root node processing (before b&c):
  Real time             =    3.78 sec. (3027.93 ticks)
Parallel b&c, 4 threads:
  Real time             =  145.00 sec. (169775.46 ticks)
  Sync time (average)   =    5.98 sec.
  Wait time (average)   =    0.00 sec.
                          ------------
Total (root+branch&cut) =  148.78 sec. (172803.39 ticks)
