Version identifier: 22.2.0.0 | 2026-05-04 | 5dff98e58
CPXPARAM_Read_DataCheck                          1
CPXPARAM_Threads                                 4
CPXPARAM_Parallel                                1
CPXPARAM_RandomSeed                              20260925
CPXPARAM_MIP_Strategy_Search                     1
CPXPARAM_Simplex_Tolerances_Optimality           1.0000000000000001e-09
CPXPARAM_Simplex_Tolerances_Feasibility          1.0000000000000001e-09
CPXPARAM_TimeLimit                               600
CPXPARAM_MIP_Tolerances_AbsMIPGap                1.0000000000000001e-09
CPXPARAM_MIP_Tolerances_Integrality              1.0000000000000001e-09
Legacy callback                                  iLUD
Lazy constraint(s) or lazy constraint/branch callback is present.
    Disabling dual reductions (CPX_PARAM_REDUCE) in presolve.
    Disabling presolve reductions that prevent crushing forms (CPX_PARAM_PREREFORM).
         Disabling repeat represolve because of lazy constraint/incumbent callback.
Warning: Effort level 'CheckFeas' is incompatible with lazy constraint/incumbent callback.
         Effort level increased to 'SolveFixed'.
1 of 1 MIP starts provided solutions.
MIP start 'm1' defined initial solution with objective 0.0578.
Tried aggregator 1 time.
MIP Presolve eliminated 3106 rows and 0 columns.
Reduced MIP has 1469 rows, 2432 columns, and 13759 nonzeros.
Reduced MIP has 1200 binaries, 0 generals, 0 SOSs, and 0 indicators.
Presolve time = 0.02 sec. (11.37 ticks)
Probing time = 0.00 sec. (0.24 ticks)
MIP emphasis: balance optimality and feasibility.
MIP search method: traditional branch-and-cut.
Parallel mode: deterministic, using up to 4 threads.
Root relaxation solution time = 0.02 sec. (26.48 ticks)

        Nodes                                         Cuts/
   Node  Left     Objective  IInf  Best Integer    Best Bound    ItCnt     Gap         Variable B NodeID Parent  Depth

*     0+    0                            0.0578        0.0000           100.00%
      0     0        0.0522    10        0.0578        0.0522      807    9.70%
      0     0        0.0522    12        0.0578     Covers: 1      815    9.61%
*     0+    0                            0.0556        0.0522             6.06%
      0     0  -1.00000e+75     0        0.0556        0.0522      815    6.06%
      0     2        0.0522    12        0.0556        0.0522      815    6.06%                        0             0
Elapsed time = 0.30 sec. (123.96 ticks, tree = 0.02 MB, solutions = 2)
*   137+   66                            0.0553        0.0522             5.49%
*   167+   82                            0.0553        0.0522             5.46%
    252   127        0.0552    17        0.0553        0.0522     6147    5.46%           x1007 D    213    209     18
    729   378        0.0539    18        0.0553        0.0531    14291    3.91%           x1128 U    728    570     13
*  1186+  646                            0.0553        0.0536             3.07%
   1299   708        0.0548    18        0.0553        0.0536    24515    3.00%            x576 D   1203   1199     10
*  1446+  826                            0.0553        0.0536             2.94%
*  1766+  942                            0.0553        0.0536             2.91%
   1775   964        0.0548    23        0.0553        0.0537    37404    2.91%           x1134 D   1751   1747      7
   2394  1131        0.0552    20        0.0553        0.0542    51686    1.96%            x995 D   2502   2498     15
   3117  1318        0.0552    22        0.0553        0.0546    62193    1.22%            x138 D   2933   2929     26
   3829  1606        cutoff              0.0553        0.0547    75510    0.97%           x1001 U   3669   3661     20
   4679  1602        cutoff              0.0553        0.0548    87400    0.83%            x840 U   4595   1239     20
   5699  1538        0.0549    14        0.0553        0.0548    99366    0.74%            x995 D   5724   5720     18

Cover cuts applied:  12

Root node processing (before b&c):
  Real time             =    0.30 sec. (123.20 ticks)
Parallel b&c, 4 threads:
  Real time             =    8.30 sec. (2813.49 ticks)
  Sync time (average)   =    0.72 sec.
  Wait time (average)   =    0.00 sec.
                          ------------
Total (root+branch&cut) =    8.59 sec. (2936.69 ticks)
