Version identifier: 22.2.0.0 | 2026-05-04 | 5dff98e58
CPXPARAM_Read_DataCheck                          1
CPXPARAM_Threads                                 4
CPXPARAM_Parallel                                1
CPXPARAM_RandomSeed                              20260925
CPXPARAM_MIP_Strategy_Search                     1
CPXPARAM_Simplex_Tolerances_Optimality           1.0000000000000001e-09
CPXPARAM_Simplex_Tolerances_Feasibility          1.0000000000000001e-09
CPXPARAM_TimeLimit                               600
CPXPARAM_MIP_Tolerances_AbsMIPGap                1.0000000000000001e-09
CPXPARAM_MIP_Tolerances_Integrality              1.0000000000000001e-09
Legacy callback                                  iLUD
Lazy constraint(s) or lazy constraint/branch callback is present.
    Disabling dual reductions (CPX_PARAM_REDUCE) in presolve.
    Disabling presolve reductions that prevent crushing forms (CPX_PARAM_PREREFORM).
         Disabling repeat represolve because of lazy constraint/incumbent callback.
Warning: Effort level 'CheckFeas' is incompatible with lazy constraint/incumbent callback.
         Effort level increased to 'SolveFixed'.
1 of 1 MIP starts provided solutions.
MIP start 'm1' defined initial solution with objective 0.1512.
Tried aggregator 1 time.
MIP Presolve eliminated 37 rows and 0 columns.
MIP Presolve modified 50 coefficients.
Reduced MIP has 300 rows, 362 columns, and 2216 nonzeros.
Reduced MIP has 174 binaries, 0 generals, 0 SOSs, and 0 indicators.
Presolve time = 0.00 sec. (0.92 ticks)
Probing time = 0.00 sec. (0.08 ticks)
MIP emphasis: balance optimality and feasibility.
MIP search method: traditional branch-and-cut.
Parallel mode: deterministic, using up to 4 threads.
Root relaxation solution time = 0.02 sec. (7.15 ticks)

        Nodes                                         Cuts/
   Node  Left     Objective  IInf  Best Integer    Best Bound    ItCnt     Gap         Variable B NodeID Parent  Depth

*     0+    0                            0.1512        0.0000           100.00%
      0     0        0.1396    19        0.1512        0.1396      409    7.65%
      0     0        0.1413    31        0.1512       Cuts: 8      463    6.54%
      0     0        0.1426    30        0.1512       Cuts: 4      483    5.71%
      0     0        0.1431    31        0.1512       Cuts: 2      499    5.38%
      0     2        0.1431    31        0.1512        0.1431      499    5.38%                        0             0
Elapsed time = 0.05 sec. (41.65 ticks, tree = 0.02 MB, solutions = 1)
*    23+    3                            0.1510        0.1439             4.69%
*   259+   43                            0.1507        0.1460             3.11%
*   313+    6                            0.1498        0.1484             0.88%

Flow cuts applied:  3
Mixed integer rounding cuts applied:  5
Gomory fractional cuts applied:  2
User cuts applied:  4

Root node processing (before b&c):
  Real time             =    0.05 sec. (41.43 ticks)
Parallel b&c, 4 threads:
  Real time             =    0.16 sec. (95.98 ticks)
  Sync time (average)   =    0.03 sec.
  Wait time (average)   =    0.00 sec.
                          ------------
Total (root+branch&cut) =    0.20 sec. (137.41 ticks)
