Version identifier: 22.2.0.0 | 2026-05-04 | 5dff98e58
CPXPARAM_Read_DataCheck                          1
CPXPARAM_Threads                                 4
CPXPARAM_Parallel                                1
CPXPARAM_RandomSeed                              20260925
CPXPARAM_MIP_Strategy_Search                     1
CPXPARAM_Simplex_Tolerances_Optimality           1.0000000000000001e-09
CPXPARAM_Simplex_Tolerances_Feasibility          1.0000000000000001e-09
CPXPARAM_TimeLimit                               600
CPXPARAM_MIP_Tolerances_AbsMIPGap                1.0000000000000001e-09
CPXPARAM_MIP_Tolerances_Integrality              1.0000000000000001e-09
Legacy callback                                  iLUD
Lazy constraint(s) or lazy constraint/branch callback is present.
    Disabling dual reductions (CPX_PARAM_REDUCE) in presolve.
    Disabling presolve reductions that prevent crushing forms (CPX_PARAM_PREREFORM).
         Disabling repeat represolve because of lazy constraint/incumbent callback.
Warning: Effort level 'CheckFeas' is incompatible with lazy constraint/incumbent callback.
         Effort level increased to 'SolveFixed'.
1 of 1 MIP starts provided solutions.
MIP start 'm1' defined initial solution with objective -0.1595.
Tried aggregator 1 time.
MIP Presolve eliminated 37 rows and 0 columns.
Reduced MIP has 299 rows, 362 columns, and 2165 nonzeros.
Reduced MIP has 174 binaries, 0 generals, 0 SOSs, and 0 indicators.
Presolve time = 0.00 sec. (0.88 ticks)
Probing time = 0.00 sec. (0.08 ticks)
MIP emphasis: balance optimality and feasibility.
MIP search method: traditional branch-and-cut.
Parallel mode: deterministic, using up to 4 threads.
Root relaxation solution time = 0.00 sec. (6.29 ticks)

        Nodes                                         Cuts/
   Node  Left     Objective  IInf  Best Integer    Best Bound    ItCnt     Gap         Variable B NodeID Parent  Depth

*     0+    0                           -0.1595       -0.9935           522.77%
      0     0       -0.2691    31       -0.1595       -0.2691      398   68.67%
*     0+    0                           -0.2143       -0.2691            25.56%
      0     0       -0.2670    34       -0.2143       Cuts: 9      458   24.60%
      0     0       -0.2669    42       -0.2143   Flowcuts: 3      473   24.55%
*     0+    0                           -0.2190       -0.2669            21.84%
      0     0       -0.2663    40       -0.2190    MIRcuts: 1      488   21.58%
*     0+    0                           -0.2262       -0.2663            17.75%
      0     0       -0.2655    41       -0.2262    MIRcuts: 1      540   17.37%
      0     0       -0.2655    41       -0.2262   Flowcuts: 1      541   17.37%
*     0+    0                           -0.2310       -0.2655            14.95%
*     0+    0                           -0.2405       -0.2655            10.39%
*     0+    0                           -0.2500       -0.2655             6.19%
      0     2       -0.2655    40       -0.2500       -0.2655      541    6.19%                        0             0
Elapsed time = 0.11 sec. (79.18 ticks, tree = 0.02 MB, solutions = 7)
*     2+    1                           -0.2571       -0.2644             2.82%
*     5+    1                           -0.2595       -0.2644             1.87%

Flow cuts applied:  2
Mixed integer rounding cuts applied:  5
Gomory fractional cuts applied:  2
User cuts applied:  1

Root node processing (before b&c):
  Real time             =    0.11 sec. (78.97 ticks)
Parallel b&c, 4 threads:
  Real time             =    0.16 sec. (86.42 ticks)
  Sync time (average)   =    0.02 sec.
  Wait time (average)   =    0.00 sec.
                          ------------
Total (root+branch&cut) =    0.27 sec. (165.38 ticks)
