Version identifier: 22.2.0.0 | 2026-05-04 | 5dff98e58
CPXPARAM_Read_DataCheck                          1
CPXPARAM_Threads                                 4
CPXPARAM_Parallel                                1
CPXPARAM_RandomSeed                              20260925
CPXPARAM_MIP_Strategy_Search                     1
CPXPARAM_Simplex_Tolerances_Optimality           1.0000000000000001e-09
CPXPARAM_Simplex_Tolerances_Feasibility          1.0000000000000001e-09
CPXPARAM_TimeLimit                               600
CPXPARAM_MIP_Tolerances_AbsMIPGap                1.0000000000000001e-09
CPXPARAM_MIP_Tolerances_Integrality              1.0000000000000001e-09
Legacy callback                                  iLUD
Lazy constraint(s) or lazy constraint/branch callback is present.
    Disabling dual reductions (CPX_PARAM_REDUCE) in presolve.
    Disabling presolve reductions that prevent crushing forms (CPX_PARAM_PREREFORM).
         Disabling repeat represolve because of lazy constraint/incumbent callback.
Warning: Effort level 'CheckFeas' is incompatible with lazy constraint/incumbent callback.
         Effort level increased to 'SolveFixed'.
1 of 1 MIP starts provided solutions.
MIP start 'm1' defined initial solution with objective -0.2028.
Tried aggregator 1 time.
MIP Presolve eliminated 3106 rows and 0 columns.
Reduced MIP has 1472 rows, 2462 columns, and 13912 nonzeros.
Reduced MIP has 1200 binaries, 0 generals, 0 SOSs, and 0 indicators.
Presolve time = 0.02 sec. (11.40 ticks)
Probing time = 0.00 sec. (0.24 ticks)
MIP emphasis: balance optimality and feasibility.
MIP search method: traditional branch-and-cut.
Parallel mode: deterministic, using up to 4 threads.
Root relaxation solution time = 0.03 sec. (48.35 ticks)

        Nodes                                         Cuts/
   Node  Left     Objective  IInf  Best Integer    Best Bound    ItCnt     Gap         Variable B NodeID Parent  Depth

*     0+    0                           -0.2028       -0.6212           206.37%
      0     0       -0.2380    59       -0.2028       -0.2380     1486   17.35%
      0     0       -0.2380    26       -0.2028      Fract: 1     1487   17.35%
*     0+    0                           -0.2222       -0.2380             7.08%
*     0+    0                           -0.2333       -0.2380             1.98%
      0     2       -0.2380    14       -0.2333       -0.2380     1487    1.98%                        0             0
Elapsed time = 0.61 sec. (268.61 ticks, tree = 0.02 MB, solutions = 3)
    100    45       -0.2361     2       -0.2333       -0.2361     4862    1.19%           x1013 D    102     98     23
*   201   134      integral     0       -0.2352       -0.2361     9286    0.39%
    229    94       -0.2361     8       -0.2352       -0.2361    10180    0.39%            x899 U    283    279     23
*   265    75      integral     0       -0.2361       -0.2361    12481    0.00%

Gomory fractional cuts applied:  1
User cuts applied:  1

Root node processing (before b&c):
  Real time             =    0.59 sec. (267.83 ticks)
Parallel b&c, 4 threads:
  Real time             =    2.64 sec. (620.27 ticks)
  Sync time (average)   =    0.18 sec.
  Wait time (average)   =    0.00 sec.
                          ------------
Total (root+branch&cut) =    3.23 sec. (888.10 ticks)
