Version identifier: 22.2.0.0 | 2026-05-04 | 5dff98e58
CPXPARAM_Read_DataCheck                          1
CPXPARAM_Threads                                 4
CPXPARAM_Parallel                                1
CPXPARAM_RandomSeed                              20260925
CPXPARAM_MIP_Strategy_Search                     1
CPXPARAM_Simplex_Tolerances_Optimality           1.0000000000000001e-09
CPXPARAM_Simplex_Tolerances_Feasibility          1.0000000000000001e-09
CPXPARAM_TimeLimit                               600
CPXPARAM_MIP_Tolerances_AbsMIPGap                1.0000000000000001e-09
CPXPARAM_MIP_Tolerances_Integrality              1.0000000000000001e-09
Legacy callback                                  iLUD
Lazy constraint(s) or lazy constraint/branch callback is present.
    Disabling dual reductions (CPX_PARAM_REDUCE) in presolve.
    Disabling presolve reductions that prevent crushing forms (CPX_PARAM_PREREFORM).
         Disabling repeat represolve because of lazy constraint/incumbent callback.
Warning: Effort level 'CheckFeas' is incompatible with lazy constraint/incumbent callback.
         Effort level increased to 'SolveFixed'.
1 of 1 MIP starts provided solutions.
MIP start 'm1' defined initial solution with objective -0.2847.
Tried aggregator 1 time.
MIP Presolve eliminated 3106 rows and 0 columns.
Reduced MIP has 1469 rows, 2432 columns, and 13759 nonzeros.
Reduced MIP has 1200 binaries, 0 generals, 0 SOSs, and 0 indicators.
Presolve time = 0.02 sec. (11.32 ticks)
Probing time = 0.00 sec. (0.24 ticks)
MIP emphasis: balance optimality and feasibility.
MIP search method: traditional branch-and-cut.
Parallel mode: deterministic, using up to 4 threads.
Root relaxation solution time = 0.05 sec. (34.35 ticks)

        Nodes                                         Cuts/
   Node  Left     Objective  IInf  Best Integer    Best Bound    ItCnt     Gap         Variable B NodeID Parent  Depth

*     0+    0                           -0.2847       -0.7244           154.41%
      0     0       -0.2986    44       -0.2847       -0.2986     1173    4.88%
*     0+    0                           -0.2882       -0.2986             3.61%
*     0+    0                           -0.2951       -0.2986             1.18%
      0     0  -1.00000e+75     0       -0.2951       -0.2986     1173    1.18%
      0     2       -0.2986    16       -0.2951       -0.2986     1173    1.18%                        0             0
Elapsed time = 1.02 sec. (201.52 ticks, tree = 0.02 MB, solutions = 3)
    274   210       -0.2969    11       -0.2951       -0.2986     5560    1.18%            x852 D    241    237     23
    748   531       -0.2986    16       -0.2951       -0.2986    14316    1.18%            x761 U    671    555     11
   1333   950       -0.2960    12       -0.2951       -0.2986    27844    1.18%            x408 U   1306   1302     25
   1969  1362       -0.2975    12       -0.2951       -0.2986    39513    1.18%            x162 D   1899   1895     25
   2647  1919       -0.2969    12       -0.2951       -0.2986    50305    1.18%            x402 D   2553   2549     27
   3349  2423       -0.2960    10       -0.2951       -0.2986    61585    1.18%           x1128 D   3367   3363     33
   4061  2976       -0.2965    17       -0.2951       -0.2986    74341    1.18%            x240 D   4202   4198     38
   4697  3473        cutoff             -0.2951       -0.2986    85764    1.18%           x1116 D   4866   4858     27
   5477  3983       -0.2975    17       -0.2951       -0.2986    96904    1.18%             x63 D   5365   5361     16
   8628  6197       -0.2975    21       -0.2951       -0.2986   149581    1.18%            x600 D   8453   8449     19
Elapsed time = 47.84 sec. (3305.84 ticks, tree = 40.81 MB, solutions = 3)
  11857  8745       -0.2963     7       -0.2951       -0.2986   202546    1.18%            x588 U  12114  12110     26
  14617 10572       -0.2963    21       -0.2951       -0.2986   252405    1.18%           x1140 U  14826  14822     24
  17620 12549       -0.2963     9       -0.2951       -0.2986   302443    1.18%            x240 D  17231  17227     26
  20575 14968       -0.2957    15       -0.2951       -0.2986   361660    1.18%           x1134 D  20588  20584     30
  23474 16758       -0.2975    12       -0.2951       -0.2986   402478    1.18%            x156 D  23552  23548     16
  26201 18745       -0.2975    19       -0.2951       -0.2986   451550    1.18%            x600 U  26346  26342     17
  28924 20814       -0.2963    13       -0.2951       -0.2986   500068    1.18%           x1140 D  29257  29253     16
  31862 22985       -0.2972    28       -0.2951       -0.2986   544041    1.18%            x586 N  31744  31740     31
  34546 25018       -0.2963     7       -0.2951       -0.2986   584322    1.18%           x1122 U  34544  34536     17
  36910 26756       -0.2975    18       -0.2951       -0.2982   630106    1.03%            x600 U  37441   9685     20
Elapsed time = 183.91 sec. (12850.73 ticks, tree = 255.74 MB, solutions = 3)
  39932 28708       -0.2971    12       -0.2951       -0.2979   672984    0.94%            x738 U  40365  40253     20
  43920 30992       -0.2963     7       -0.2951       -0.2975   709947    0.78%           x1122 D  44293  44289     33
  47871 32764       -0.2963     7       -0.2951       -0.2975   739450    0.78%            x588 U  47043  47039     26
  52509 36201       -0.2969    12       -0.2951       -0.2975   776697    0.78%            x162 U  51547  26197     18
  57240 38937       -0.2969    11       -0.2951       -0.2975   808058    0.78%            x240 D  57393  57389     19
  61088 41691        cutoff             -0.2951       -0.2975   848895    0.78%           x1116 D  61061  61053     34
  65037 43747       -0.2960     9       -0.2951       -0.2975   879130    0.78%           x1140 D  64975  64971     41
  69373 46536       -0.2969     9       -0.2951       -0.2975   912581    0.78%           x1140 D  69486  69482     24
  73387 48985        cutoff             -0.2951       -0.2975   947291    0.78%           x1116 U  74150  74146     28
  77039 51734       -0.2969     9       -0.2951       -0.2975   987627    0.78%            x156 U  76268  76176     32
Elapsed time = 364.73 sec. (22389.53 ticks, tree = 312.14 MB, solutions = 3)
  79699 53241       -0.2963     8       -0.2951       -0.2975  1022443    0.78%           x1134 D  78689  78685     43
  82579 54994       -0.2969    16       -0.2951       -0.2975  1067814    0.78%            x396 D  83843  83839     27
  85864 56634       -0.2960     8       -0.2951       -0.2975  1101122    0.78%           x1140 D  85994  85990     38
  89076 58834       -0.2960    17       -0.2951       -0.2975  1137090    0.78%            x402 U  91055  91051     28
  92321 60744       -0.2960     9       -0.2951       -0.2975  1172649    0.78%           x1140 D  94703  94699     38
  95843 62974       -0.2963     5       -0.2951       -0.2975  1206537    0.78%            x719 D  98191  98183     68
  99082 65259       -0.2969    14       -0.2951       -0.2975  1249361    0.78%            x156 U  99040  75711     26
 102311 67440       -0.2969     9       -0.2951       -0.2975  1288282    0.78%            x702 D 101758 101754     46
 105443 69219       -0.2960    13       -0.2951       -0.2975  1319949    0.78%           x1128 D 103669 103665     41
 108775 71117       -0.2969     9       -0.2951       -0.2975  1353208    0.78%            x420 D 111631 111627     44
Elapsed time = 526.92 sec. (31931.27 ticks, tree = 461.69 MB, solutions = 3)
 112400 73476       -0.2975    17       -0.2951       -0.2975  1384388    0.78%            x732 U 110802  99589     28
 113401 74716       -0.2960     9       -0.2951       -0.2975  1395297    0.78%            x429 U 111606 111602     36
 114100 75228       -0.2969    10       -0.2951       -0.2975  1401388    0.78%            x396 D 118003 117999     39
 114800 75632       -0.2971    12       -0.2951       -0.2975  1407021    0.78%             x63 D 119203 119199     37
 115810 76333       -0.2969    10       -0.2951       -0.2975  1417543    0.78%            x396 D 113641 113637     18
 116500 76656       -0.2965    12       -0.2951       -0.2975  1421044    0.78%            x720 D 116400 116396     32
 118160 77575       -0.2969    14       -0.2951       -0.2975  1433240    0.78%           x1013 D 115721 115717     47
 120127 78673       -0.2975    16       -0.2951       -0.2975  1447475    0.78%             x63 U 121292 115385     37
 122440 79882       -0.2969     9       -0.2951       -0.2975  1458970    0.78%            x396 D 119670 119666     40

User cuts applied:  133

Root node processing (before b&c):
  Real time             =    1.02 sec. (200.74 ticks)
Parallel b&c, 4 threads:
  Real time             =  599.11 sec. (41360.49 ticks)
  Sync time (average)   =   47.82 sec.
  Wait time (average)   =    0.00 sec.
                          ------------
Total (root+branch&cut) =  600.12 sec. (41561.23 ticks)
