Version identifier: 22.2.0.0 | 2026-05-04 | 5dff98e58
CPXPARAM_Read_DataCheck                          1
CPXPARAM_Threads                                 4
CPXPARAM_Parallel                                1
CPXPARAM_RandomSeed                              20260925
CPXPARAM_MIP_Strategy_Search                     1
CPXPARAM_Simplex_Tolerances_Optimality           1.0000000000000001e-09
CPXPARAM_Simplex_Tolerances_Feasibility          1.0000000000000001e-09
CPXPARAM_TimeLimit                               600
CPXPARAM_MIP_Tolerances_AbsMIPGap                1.0000000000000001e-09
CPXPARAM_MIP_Tolerances_Integrality              1.0000000000000001e-09
Legacy callback                                  iLUD
Lazy constraint(s) or lazy constraint/branch callback is present.
    Disabling dual reductions (CPX_PARAM_REDUCE) in presolve.
    Disabling presolve reductions that prevent crushing forms (CPX_PARAM_PREREFORM).
         Disabling repeat represolve because of lazy constraint/incumbent callback.
Warning: Effort level 'CheckFeas' is incompatible with lazy constraint/incumbent callback.
         Effort level increased to 'SolveFixed'.
1 of 1 MIP starts provided solutions.
MIP start 'm1' defined initial solution with objective 0.1159.
Tried aggregator 1 time.
MIP Presolve eliminated 16 rows and 0 columns.
Reduced MIP has 159 rows, 188 columns, and 972 nonzeros.
Reduced MIP has 87 binaries, 0 generals, 0 SOSs, and 0 indicators.
Presolve time = 0.00 sec. (0.45 ticks)
Probing time = 0.00 sec. (0.04 ticks)
MIP emphasis: balance optimality and feasibility.
MIP search method: traditional branch-and-cut.
Parallel mode: deterministic, using up to 4 threads.
Root relaxation solution time = 0.00 sec. (1.05 ticks)

        Nodes                                         Cuts/
   Node  Left     Objective  IInf  Best Integer    Best Bound    ItCnt     Gap         Variable B NodeID Parent  Depth

*     0+    0                            0.1159        0.0000           100.00%
      0     0        0.0971    15        0.1159        0.0971      121   16.24%
      0     0        0.0974    15        0.1159       Cuts: 9      148   15.93%
      0     0        0.0974    17        0.1159       Cuts: 2      153   15.93%
      0     2        0.0974    17        0.1159        0.0974      153   15.93%                        0             0
Elapsed time = 0.03 sec. (12.34 ticks, tree = 0.02 MB, solutions = 1)
*     7+    2                            0.1142        0.0977            14.51%
*    43+   15                            0.0997        0.0981             1.59%
*    73    24      integral     0        0.0994        0.0985      769    0.88%             x69 D     83     79     11

Cover cuts applied:  6
Flow cuts applied:  2
Mixed integer rounding cuts applied:  2
Gomory fractional cuts applied:  2

Root node processing (before b&c):
  Real time             =    0.03 sec. (12.24 ticks)
Parallel b&c, 4 threads:
  Real time             =    0.03 sec. (15.47 ticks)
  Sync time (average)   =    0.00 sec.
  Wait time (average)   =    0.00 sec.
                          ------------
Total (root+branch&cut) =    0.06 sec. (27.71 ticks)
