Version identifier: 22.2.0.0 | 2026-05-04 | 5dff98e58
CPXPARAM_Read_DataCheck                          1
CPXPARAM_Threads                                 4
CPXPARAM_Parallel                                1
CPXPARAM_RandomSeed                              20260925
CPXPARAM_MIP_Strategy_Search                     1
CPXPARAM_Simplex_Tolerances_Optimality           1.0000000000000001e-09
CPXPARAM_Simplex_Tolerances_Feasibility          1.0000000000000001e-09
CPXPARAM_TimeLimit                               600
CPXPARAM_MIP_Tolerances_AbsMIPGap                1.0000000000000001e-09
CPXPARAM_MIP_Tolerances_Integrality              1.0000000000000001e-09
Legacy callback                                  iLUD
Lazy constraint(s) or lazy constraint/branch callback is present.
    Disabling dual reductions (CPX_PARAM_REDUCE) in presolve.
    Disabling presolve reductions that prevent crushing forms (CPX_PARAM_PREREFORM).
         Disabling repeat represolve because of lazy constraint/incumbent callback.
Warning: Effort level 'CheckFeas' is incompatible with lazy constraint/incumbent callback.
         Effort level increased to 'SolveFixed'.
1 of 1 MIP starts provided solutions.
MIP start 'm1' defined initial solution with objective 0.0569.
Tried aggregator 1 time.
MIP Presolve eliminated 3106 rows and 0 columns.
MIP Presolve modified 152 coefficients.
Reduced MIP has 1482 rows, 2432 columns, and 17239 nonzeros.
Reduced MIP has 1200 binaries, 0 generals, 0 SOSs, and 0 indicators.
Presolve time = 0.02 sec. (12.44 ticks)
Probing time = 0.00 sec. (0.30 ticks)
MIP emphasis: balance optimality and feasibility.
MIP search method: traditional branch-and-cut.
Parallel mode: deterministic, using up to 4 threads.
Root relaxation solution time = 0.03 sec. (41.64 ticks)

        Nodes                                         Cuts/
   Node  Left     Objective  IInf  Best Integer    Best Bound    ItCnt     Gap         Variable B NodeID Parent  Depth

*     0+    0                            0.0569        0.0000           100.00%
      0     0        0.0522    11        0.0569        0.0522     1176    8.24%
*     0+    0                            0.0553        0.0522             5.67%
      0     0  -1.00000e+75     0        0.0553        0.0522     1176    5.67%
      0     2        0.0522    10        0.0553        0.0522     1176    5.67%                        0             0
Elapsed time = 0.30 sec. (207.77 ticks, tree = 0.02 MB, solutions = 2)
*     5+    1                            0.0553        0.0522             5.58%
*     5+    1                            0.0553        0.0522             5.58%
*    16+    2                            0.0553        0.0522             5.58%
*   153+   81                            0.0553        0.0523             5.42%
*   164+   83                            0.0553        0.0523             5.39%
    174    86        0.0547    23        0.0553        0.0532     4893    3.67%            x756 D    175    171      6
*   207    91      integral     0        0.0553        0.0532     6093    3.67%
*   429   147      integral     0        0.0553        0.0539    14404    2.47%
*   447+  162                            0.0553        0.0539             2.46%
    448   153        0.0552    23        0.0553        0.0539    16295    2.46%           x1128 U    467    245     13
   1048   199        0.0552    21        0.0553        0.0550    25957    0.55%            x498 D   1199   1195     27
   1667   205        cutoff              0.0553        0.0552    35178    0.10%            x372 U   1590    914     22

Cover cuts applied:  8
User cuts applied:  1

Root node processing (before b&c):
  Real time             =    0.30 sec. (207.03 ticks)
Parallel b&c, 4 threads:
  Real time             =    2.88 sec. (1005.51 ticks)
  Sync time (average)   =    0.32 sec.
  Wait time (average)   =    0.00 sec.
                          ------------
Total (root+branch&cut) =    3.17 sec. (1212.54 ticks)
