Version identifier: 22.2.0.0 | 2026-05-04 | 5dff98e58
CPXPARAM_Read_DataCheck                          1
CPXPARAM_Threads                                 4
CPXPARAM_Parallel                                1
CPXPARAM_RandomSeed                              20260925
CPXPARAM_MIP_Strategy_Search                     1
CPXPARAM_Simplex_Tolerances_Optimality           1.0000000000000001e-09
CPXPARAM_Simplex_Tolerances_Feasibility          1.0000000000000001e-09
CPXPARAM_TimeLimit                               600
CPXPARAM_MIP_Tolerances_AbsMIPGap                1.0000000000000001e-09
CPXPARAM_MIP_Tolerances_Integrality              1.0000000000000001e-09
Legacy callback                                  iLUD
Lazy constraint(s) or lazy constraint/branch callback is present.
    Disabling dual reductions (CPX_PARAM_REDUCE) in presolve.
    Disabling presolve reductions that prevent crushing forms (CPX_PARAM_PREREFORM).
         Disabling repeat represolve because of lazy constraint/incumbent callback.
Warning: Effort level 'CheckFeas' is incompatible with lazy constraint/incumbent callback.
         Effort level increased to 'SolveFixed'.
1 of 1 MIP starts provided solutions.
MIP start 'm1' defined initial solution with objective -0.1426.
Tried aggregator 1 time.
MIP Presolve eliminated 1353 rows and 0 columns.
Reduced MIP has 1616 rows, 2360 columns, and 18098 nonzeros.
Reduced MIP has 1164 binaries, 0 generals, 0 SOSs, and 0 indicators.
Presolve time = 0.02 sec. (12.26 ticks)
Probing time = 0.00 sec. (0.29 ticks)
MIP emphasis: balance optimality and feasibility.
MIP search method: traditional branch-and-cut.
Parallel mode: deterministic, using up to 4 threads.
Root relaxation solution time = 0.03 sec. (35.01 ticks)

        Nodes                                         Cuts/
   Node  Left     Objective  IInf  Best Integer    Best Bound    ItCnt     Gap         Variable B NodeID Parent  Depth

*     0+    0                           -0.1426       -0.8736           512.44%
      0     0       -0.2053    28       -0.1426       -0.2053     1211   43.91%
*     0+    0                           -0.1984       -0.2053             3.44%
*     0+    0                           -0.2016       -0.2053             1.85%
*     0+    0                           -0.2028       -0.2053             1.22%
      0     0  -1.00000e+75     0       -0.2028       -0.2053     1211    1.22%
      0     2       -0.2053    12       -0.2028       -0.2053     1211    1.22%                        0             0
Elapsed time = 0.56 sec. (407.56 ticks, tree = 0.02 MB, solutions = 4)
*    29+   11                           -0.2031       -0.2053             1.07%
     53    36       -0.2037     2       -0.2031       -0.2053     5822    1.07%            x820 U     45     37     10
    159   116       -0.2047    18       -0.2031       -0.2053    10339    1.07%            x843 D    133    125     13
    350   215        cutoff             -0.2031       -0.2050    16476    0.92%            x842 D    254    250     24
    565   332       -0.2048    14       -0.2031       -0.2050    20250    0.92%            x932 U    695    691     15
    811   534       -0.2041    13       -0.2031       -0.2048    30535    0.85%            x819 D    848    844     18
   1035   689       -0.2038    12       -0.2031       -0.2048    39693    0.85%            x842 U    825    813     19
   1272   829       -0.2035     6       -0.2031       -0.2048    50446    0.85%            x753 D   1236   1232     27
   1502   956       -0.2040    15       -0.2031       -0.2048    58632    0.84%            x844 D   1556   1552     16
   1825  1127       -0.2035     9       -0.2031       -0.2048    67500    0.84%            x611 D   2035   2031     21
   3233  2169       -0.2041    12       -0.2031       -0.2046   114915    0.74%            x839 D   3374   3370     10
Elapsed time = 67.75 sec. (3513.97 ticks, tree = 2.84 MB, solutions = 5)
   4447  2903       -0.2038    13       -0.2031       -0.2046   161090    0.73%            x926 D   4029   4025     18
   6054  3915       -0.2033     8       -0.2031       -0.2045   208757    0.70%            x458 D   5485   5481     41
   7627  4804       -0.2044    16       -0.2031       -0.2045   255799    0.67%            x817 D   6945   1273     10
   9351  5881       -0.2037    17       -0.2031       -0.2043   306033    0.61%             x35 D   8605   8601     16
  11318  7131        cutoff             -0.2031       -0.2043   350740    0.59%            x934 D  10805  10793     18
  12934  8103       -0.2036    14       -0.2031       -0.2043   398848    0.57%            x934 U  13284  13280     16
  14557  8948       -0.2035    20       -0.2031       -0.2042   444080    0.56%            x845 U  15084  15080     21
  16195  9879       -0.2032     4       -0.2031       -0.2042   498684    0.53%            x427 D  16763  16759     45
  17904 10567       -0.2038    11       -0.2031       -0.2041   533380    0.51%            x845 U  18747  18703     15
  19642 11357       -0.2032     3       -0.2031       -0.2041   582277    0.49%            x393 D  19162  19158     31
Elapsed time = 432.39 sec. (13063.29 ticks, tree = 12.27 MB, solutions = 5)
  21448 12311        cutoff             -0.2031       -0.2041   644012    0.48%            x915 D  22483  22475     24
  23195 13029        cutoff             -0.2031       -0.2041   686833    0.48%            x839 D  24219  24215     25
  24914 13836        cutoff             -0.2031       -0.2040   738566    0.45%            x840 U  23589  23581     23
  26175 14431       -0.2032    13       -0.2031       -0.2040   789048    0.44%            x827 D  27100  27096     17
  27031 14809       -0.2032     4       -0.2031       -0.2040   808824    0.42%            x933 U  25821  25817     27
  27365 14904        cutoff             -0.2031       -0.2040   816858    0.42%            x915 U  26021  26017     25

User cuts applied:  1

Root node processing (before b&c):
  Real time             =    0.56 sec. (406.64 ticks)
Parallel b&c, 4 threads:
  Real time             =  600.22 sec. (19050.09 ticks)
  Sync time (average)   =   47.45 sec.
  Wait time (average)   =    0.00 sec.
                          ------------
Total (root+branch&cut) =  600.78 sec. (19456.73 ticks)
