Version identifier: 22.2.0.0 | 2026-05-04 | 5dff98e58
CPXPARAM_Read_DataCheck                          1
CPXPARAM_Threads                                 4
CPXPARAM_Parallel                                1
CPXPARAM_RandomSeed                              20260925
CPXPARAM_MIP_Strategy_Search                     1
CPXPARAM_Simplex_Tolerances_Optimality           1.0000000000000001e-09
CPXPARAM_Simplex_Tolerances_Feasibility          1.0000000000000001e-09
CPXPARAM_TimeLimit                               600
CPXPARAM_MIP_Tolerances_AbsMIPGap                1.0000000000000001e-09
CPXPARAM_MIP_Tolerances_Integrality              1.0000000000000001e-09
Legacy callback                                  iLUD
Lazy constraint(s) or lazy constraint/branch callback is present.
    Disabling dual reductions (CPX_PARAM_REDUCE) in presolve.
    Disabling presolve reductions that prevent crushing forms (CPX_PARAM_PREREFORM).
         Disabling repeat represolve because of lazy constraint/incumbent callback.
Warning: Effort level 'CheckFeas' is incompatible with lazy constraint/incumbent callback.
         Effort level increased to 'SolveFixed'.
1 of 1 MIP starts provided solutions.
MIP start 'm1' defined initial solution with objective 0.0608.
Tried aggregator 1 time.
MIP Presolve eliminated 3107 rows and 0 columns.
Reduced MIP has 1470 rows, 2432 columns, and 14345 nonzeros.
Reduced MIP has 1200 binaries, 0 generals, 0 SOSs, and 0 indicators.
Presolve time = 0.02 sec. (11.50 ticks)
Probing time = 0.00 sec. (0.25 ticks)
MIP emphasis: balance optimality and feasibility.
MIP search method: traditional branch-and-cut.
Parallel mode: deterministic, using up to 4 threads.
Root relaxation solution time = 0.02 sec. (25.38 ticks)

        Nodes                                         Cuts/
   Node  Left     Objective  IInf  Best Integer    Best Bound    ItCnt     Gap         Variable B NodeID Parent  Depth

*     0+    0                            0.0608        0.0000           100.00%
      0     0        0.0522    11        0.0608        0.0522      821   14.21%
      0     0        0.0524    28        0.0608     Covers: 1      842   13.81%
      0     0        0.0524    28        0.0608 UserPurge1: 1      843   13.81%
      0     0        0.0524    28        0.0608 UserPurge1: 1      844   13.81%
      0     0        0.0524    28        0.0608 UserPurge1: 1      845   13.81%
      0     0        0.0524    29        0.0608 UserPurge1: 1      846   13.81%
*     0+    0                            0.0565        0.0524             7.18%
*     0+    0                            0.0565        0.0524             7.17%
*     0+    0                            0.0565        0.0524             7.17%
      0     0  -1.00000e+75     0        0.0565        0.0524      846    7.17%
      0     2        0.0524    28        0.0565        0.0524      846    7.17%                        0             0
Elapsed time = 0.56 sec. (253.71 ticks, tree = 0.02 MB, solutions = 4)
*   158+  103                            0.0555        0.0524             5.49%
*   171+  126                            0.0553        0.0524             5.17%
    197   104        0.0553     4        0.0553        0.0525     6633    5.10%           x1158 D    171    167     17
*   249   139      integral     0        0.0553        0.0525     8220    5.07%
*   290+  138                            0.0553        0.0525             5.03%
*   413+  172                            0.0553        0.0525             5.03%
*   433+  186                            0.0553        0.0527             4.63%
    525   170        0.0552    12        0.0553        0.0532    16390    3.69%           x1116 D    506    502      8
*   814+  181                            0.0553        0.0539             2.55%
   1001   118        0.0552     8        0.0553        0.0546    32151    1.15%            x498 D   1023   1019     12

Cover cuts applied:  7
User cuts applied:  1

Root node processing (before b&c):
  Real time             =    0.56 sec. (253.02 ticks)
Parallel b&c, 4 threads:
  Real time             =    2.31 sec. (751.57 ticks)
  Sync time (average)   =    0.21 sec.
  Wait time (average)   =    0.00 sec.
                          ------------
Total (root+branch&cut) =    2.88 sec. (1004.59 ticks)
