Version identifier: 22.2.0.0 | 2026-05-04 | 5dff98e58
CPXPARAM_Read_DataCheck                          1
CPXPARAM_Threads                                 4
CPXPARAM_Parallel                                1
CPXPARAM_RandomSeed                              20260925
CPXPARAM_Simplex_Tolerances_Optimality           1.0000000000000001e-09
CPXPARAM_Simplex_Tolerances_Feasibility          1.0000000000000001e-09
CPXPARAM_TimeLimit                               600
CPXPARAM_MIP_Tolerances_AbsMIPGap                1.0000000000000001e-09
CPXPARAM_MIP_Tolerances_Integrality              1.0000000000000001e-09
Legacy callback                                  i
1 of 1 MIP starts provided solutions.
MIP start 'm1' defined initial solution with objective 0.0609.
Tried aggregator 1 time.
MIP Presolve eliminated 3102 rows and 2 columns.
MIP Presolve modified 3125 coefficients.
Reduced MIP has 3891 rows, 4830 columns, and 38472 nonzeros.
Reduced MIP has 1200 binaries, 0 generals, 0 SOSs, and 0 indicators.
Presolve time = 0.03 sec. (36.07 ticks)
Probing time = 0.00 sec. (0.58 ticks)
Tried aggregator 1 time.
Detecting symmetries...
MIP Presolve modified 120 coefficients.
Reduced MIP has 3891 rows, 4830 columns, and 38472 nonzeros.
Reduced MIP has 1200 binaries, 0 generals, 0 SOSs, and 0 indicators.
Presolve time = 0.02 sec. (21.09 ticks)
Probing time = 0.00 sec. (0.65 ticks)
MIP emphasis: balance optimality and feasibility.
MIP search method: dynamic search.
Parallel mode: deterministic, using up to 4 threads.
Root relaxation solution time = 0.03 sec. (50.60 ticks)

        Nodes                                         Cuts/
   Node  Left     Objective  IInf  Best Integer    Best Bound    ItCnt     Gap

*     0+    0                            0.0609        0.0000           100.00%
      0     0        0.0506    27        0.0609        0.0506      972   16.85%
      0     0        0.0506    15        0.0609   MIRcuts: 43     1028   16.85%
      0     0        0.0506    16        0.0609   MIRcuts: 21     1091   16.85%
*     0+    0                            0.0581        0.0506            12.87%
      0     0        0.0506    12        0.0581      Cuts: 11     1124   12.87%
      0     0        0.0506    13        0.0581    MIRcuts: 5     1152   12.87%
*     0+    0                            0.0581        0.0506            12.87%
*     0+    0                            0.0567        0.0506            10.66%
      0     0  -1.00000e+75     0        0.0567        0.0506     1152   10.66%
      0     2        0.0506    13        0.0567        0.0506     1152   10.66%
Elapsed time = 0.53 sec. (580.84 ticks, tree = 0.02 MB, solutions = 4)
*     9+    3                            0.0567        0.0506            10.66%
*    12+    3                            0.0565        0.0506            10.40%
     68    59        0.0508    23        0.0565        0.0506     4741   10.40%
    121    88        0.0535    35        0.0565        0.0506    10335   10.40%
    197   116    infeasible              0.0565        0.0506    19197   10.40%
    259   135        0.0506    23        0.0565        0.0506    21814   10.40%
    337   167    infeasible              0.0565        0.0506    32394   10.40%
    405   188        0.0511    31        0.0565        0.0506    38585   10.40%
    487   193        0.0518    29        0.0565        0.0507    44974   10.33%
    576   200        0.0522    36        0.0565        0.0508    53935   10.07%
    691   274        0.0523    36        0.0565        0.0510    62481    9.68%
   1102   455        cutoff              0.0565        0.0512    84723    9.41%
Elapsed time = 3.11 sec. (3732.47 ticks, tree = 1.23 MB, solutions = 7)
   1567   729        0.0516    12        0.0565        0.0516   113239    8.65%
   2010   961        0.0529    42        0.0565        0.0516   143966    8.65%
   2400  1193        0.0516    13        0.0565        0.0516   175640    8.65%

Performing restart 1

Repeating presolve.
Tried aggregator 1 time.
Reduced MIP has 3891 rows, 4830 columns, and 38472 nonzeros.
Reduced MIP has 1200 binaries, 0 generals, 0 SOSs, and 0 indicators.
Presolve time = 0.00 sec. (11.55 ticks)
Tried aggregator 1 time.
Reduced MIP has 3891 rows, 4830 columns, and 38472 nonzeros.
Reduced MIP has 1200 binaries, 0 generals, 0 SOSs, and 0 indicators.
Presolve time = 0.02 sec. (21.30 ticks)
Represolve time = 0.03 sec. (42.25 ticks)
*  2414+    0                            0.0565        0.0516             8.65%
   2414     0        0.0507    52        0.0565      Cuts: 71   185898    8.65%
   2414     0        0.0507    31        0.0565      Cuts: 30   186029    8.65%
   2414     0        0.0507    36        0.0565      Cuts: 19   186171    8.65%
   2414     0        0.0507    34        0.0565      Cuts: 29   186278    8.65%
   2414     0        0.0507    30        0.0565      Cuts: 17   186398    8.65%
*  2414+    0                            0.0565        0.0516             8.64%
   2414     0  -1.00000e+75     0        0.0565        0.0516   186398    8.64%
   2414     2        0.0507    21        0.0565        0.0516   186398    8.64%
*  2543+   58                            0.0561        0.0516             7.99%
   2649   106        0.0560    13        0.0561        0.0516   194264    7.99%
*  2684+  109                            0.0560        0.0516             7.78%
*  2897+  156                            0.0560        0.0521             6.83%
*  3050+  219                            0.0559        0.0522             6.58%
*  3147+  245                            0.0555        0.0523             5.83%
   3147   269        0.0543    27        0.0555        0.0523   210990    5.83%
*  3538+  433                            0.0553        0.0526             4.74%
   3844   562        0.0552    15        0.0553        0.0527   225337    4.71%
   4778   988        0.0546    27        0.0553        0.0539   237722    2.38%
   5726  1576        0.0542     4        0.0553        0.0541   255065    2.18%
   7140  2265        0.0544     4        0.0553        0.0542   277633    1.83%
Elapsed time = 12.08 sec. (15805.94 ticks, tree = 68.18 MB, solutions = 15)
   8602  2786        0.0548     8        0.0553        0.0542   303763    1.83%
  10034  3121        cutoff              0.0553        0.0542   332292    1.83%
  11523  3297        0.0542     4        0.0553        0.0542   361724    1.83%
  13098  3142        0.0543     4        0.0553        0.0542   393039    1.83%
  14290  3275        0.0543     4        0.0553        0.0542   412113    1.83%
  15872  3873        0.0548     8        0.0553        0.0543   436149    1.77%
  17399  4420        cutoff              0.0553        0.0543   474061    1.76%
  18753  4645        cutoff              0.0553        0.0543   501437    1.76%
  20359  4675        cutoff              0.0553        0.0543   527042    1.76%
  21514  4498        0.0547    21        0.0553        0.0543   555210    1.76%
Elapsed time = 20.42 sec. (25349.29 ticks, tree = 88.17 MB, solutions = 15)
  22363  4802        0.0545    21        0.0553        0.0543   567113    1.76%
* 22918+ 5009                            0.0553        0.0543             1.66%
* 22994+ 5009                            0.0553        0.0543             1.66%
* 23071+ 5009                            0.0553        0.0543             1.66%
  23098  5379        0.0546    20        0.0553        0.0543   583117    1.66%
* 23491+ 5593                            0.0553        0.0543             1.66%
  24159  6140        0.0543    23        0.0553        0.0543   604034    1.65%
  25287  6761        0.0550    17        0.0553        0.0543   623212    1.65%
  26401  7585        0.0550    17        0.0553        0.0543   644907    1.65%
  27040  8026        0.0546    19        0.0553        0.0543   655410    1.65%
  27661  8506        0.0549    14        0.0553        0.0543   665353    1.65%
  28073  8769        0.0549    24        0.0553        0.0543   677119    1.65%
  28514  8893        0.0549    16        0.0553        0.0543   689154    1.65%
  29119  9284        0.0549    19        0.0553        0.0543   698651    1.65%
Elapsed time = 28.06 sec. (34902.02 ticks, tree = 197.71 MB, solutions = 19)
  29891  9874        0.0549    17        0.0553        0.0543   708255    1.65%
  30544 10342        0.0547    19        0.0553        0.0543   716182    1.65%
  31306 11024        0.0548    18        0.0553        0.0543   726140    1.65%
  32085 11604        0.0546    15        0.0553        0.0543   735320    1.65%
  32800 12100        0.0549    15        0.0553        0.0543   744880    1.65%
  33329 12506        0.0549    19        0.0553        0.0543   753422    1.65%
  34158 12908        0.0545    24        0.0553        0.0543   768878    1.65%
  35159 13282        0.0544     4        0.0553        0.0543   786349    1.65%
  36472 13685        0.0544     4        0.0553        0.0544   817210    1.56%
  38011 13955        0.0546     4        0.0553        0.0544   851260    1.53%
Elapsed time = 36.25 sec. (44447.34 ticks, tree = 197.66 MB, solutions = 19)
  39603 14003        0.0550     8        0.0553        0.0544   884875    1.53%
  40875 14019        cutoff              0.0553        0.0544   908125    1.53%
  42451 13924        cutoff              0.0553        0.0544   941877    1.53%
  43941 13733        cutoff              0.0553        0.0544   971848    1.53%
  45540 13818        0.0547    16        0.0553        0.0544   997751    1.53%
  47163 14295        0.0546     4        0.0553        0.0544  1020392    1.53%
  48632 14709        0.0544     4        0.0553        0.0544  1048499    1.49%
  50364 14850        0.0544     4        0.0553        0.0544  1080276    1.47%
  52055 14870        0.0550     8        0.0553        0.0544  1119109    1.47%
  53779 14695        0.0550     8        0.0553        0.0544  1156941    1.46%
Elapsed time = 43.81 sec. (53988.96 ticks, tree = 173.43 MB, solutions = 19)
  55442 14410        cutoff              0.0553        0.0544  1180737    1.46%
  56687 14030        0.0548    18        0.0553        0.0544  1209495    1.46%
  57973 14525        0.0546    18        0.0553        0.0545  1229952    1.46%
  59427 15468        0.0546    21        0.0553        0.0545  1253573    1.41%
  60803 16273        0.0546    19        0.0553        0.0545  1272206    1.34%
  62059 17217        0.0549    18        0.0553        0.0545  1295319    1.34%
  63612 18451        cutoff              0.0553        0.0545  1321381    1.33%
  65013 19222        0.0546    18        0.0553        0.0545  1336371    1.30%
  66860 20698        0.0552    19        0.0553        0.0546  1362823    1.28%
  68508 21537        0.0546    17        0.0553        0.0546  1378268    1.27%
Elapsed time = 51.56 sec. (63531.69 ticks, tree = 163.17 MB, solutions = 19)
  70215 22461        0.0547    17        0.0553        0.0546  1398668    1.27%
  71912 23942        0.0553    17        0.0553        0.0546  1429797    1.27%
  73639 24905        0.0547    18        0.0553        0.0546  1451224    1.27%
  75353 25625        cutoff              0.0553        0.0546  1468235    1.27%
  76985 26833        cutoff              0.0553        0.0546  1495173    1.26%
  78602 27679        0.0546    14        0.0553        0.0546  1520624    1.26%
  80187 28340        0.0546    17        0.0553        0.0546  1537878    1.26%
  82031 29589        0.0547    16        0.0553        0.0546  1570405    1.26%
  83656 30347        0.0546    17        0.0553        0.0546  1591350    1.26%
  85246 31321        0.0547    14        0.0553        0.0546  1616922    1.26%
Elapsed time = 58.78 sec. (73073.02 ticks, tree = 182.14 MB, solutions = 19)
  86674 31970        cutoff              0.0553        0.0546  1637016    1.26%
  88106 32767        0.0547    14        0.0553        0.0546  1662436    1.26%
  89538 33595        cutoff              0.0553        0.0546  1686072    1.26%
  90993 34235        cutoff              0.0553        0.0546  1705756    1.26%
  92552 35146        cutoff              0.0553        0.0546  1735535    1.26%
  93851 35481        cutoff              0.0553        0.0546  1748479    1.26%
  95308 36141        cutoff              0.0553        0.0546  1774078    1.26%
  96856 37040        0.0548    15        0.0553        0.0546  1805183    1.26%
  98592 37893        0.0548    14        0.0553        0.0546  1831447    1.26%
 100358 38723        0.0546    17        0.0553        0.0546  1858285    1.26%
Elapsed time = 65.72 sec. (82613.31 ticks, tree = 196.49 MB, solutions = 19)
 101650 39420        0.0551    17        0.0553        0.0546  1880364    1.26%
 103277 40005        0.0551    14        0.0553        0.0546  1901230    1.26%
 104923 40808        0.0551    14        0.0553        0.0546  1930804    1.26%
 106451 41457        cutoff              0.0553        0.0546  1956269    1.26%
 107900 41871        0.0551    18        0.0553        0.0546  1973154    1.26%
 109188 42698        0.0547    14        0.0553        0.0546  2001076    1.26%
 110654 43438        0.0548    17        0.0553        0.0546  2024263    1.26%
 112039 43920        cutoff              0.0553        0.0546  2043868    1.26%
 113548 44709        0.0547    15        0.0553        0.0546  2071339    1.26%
 119060 46990        0.0548     7        0.0553        0.0546  2178352    1.26%
Elapsed time = 74.16 sec. (95014.66 ticks, tree = 210.68 MB, solutions = 19)
 125303 49691        0.0552    17        0.0553        0.0546  2278245    1.26%
 131870 53033        0.0551    15        0.0553        0.0546  2374766    1.26%
 138199 56138        0.0552    15        0.0553        0.0546  2463004    1.26%
 144174 59215        0.0546    15        0.0553        0.0546  2572989    1.26%
 150280 62696        cutoff              0.0553        0.0546  2670017    1.26%
 156099 65748        0.0546    17        0.0553        0.0546  2759456    1.26%
 162147 69332        0.0546    17        0.0553        0.0546  2854945    1.26%
 168107 72723        0.0552    15        0.0553        0.0546  2943354    1.26%
 173956 75117        0.0551    14        0.0553        0.0546  3031903    1.25%
 180158 78021        0.0546    16        0.0553        0.0546  3134902    1.25%
Elapsed time = 100.31 sec. (133167.60 ticks, tree = 267.87 MB, solutions = 19)
 183953 79223        cutoff              0.0553        0.0546  3268378    1.24%
 187050 79651        0.0551     8        0.0553        0.0546  3408640    1.24%
 190189 79656        cutoff              0.0553        0.0546  3592023    1.24%
 194789 80260        0.0551    15        0.0553        0.0546  3710071    1.23%
 201091 83515        0.0551    16        0.0553        0.0546  3809805    1.21%
 207061 86210        0.0552    15        0.0553        0.0546  3889030    1.20%
 213830 89569        0.0551    16        0.0553        0.0546  3990257    1.20%
 220923 92622        0.0548     9        0.0553        0.0546  4085243    1.20%
 227581 95291        cutoff              0.0553        0.0546  4180503    1.20%
 234243 97772        0.0546    14        0.0553        0.0546  4274013    1.20%
Elapsed time = 126.14 sec. (171322.16 ticks, tree = 295.73 MB, solutions = 19)
 240247 100197        0.0546    17        0.0553        0.0546  4372757    1.19%
 246359 101898        0.0548     8        0.0553        0.0546  4447889    1.19%
 251774 103972        0.0548    13        0.0553        0.0546  4547356    1.19%
 255814 105255        cutoff              0.0553        0.0546  4655148    1.19%
 258804 105578        cutoff              0.0553        0.0546  4814429    1.17%
 261732 105542        0.0552     8        0.0553        0.0546  4974798    1.17%
 265019 105229        0.0546    20        0.0553        0.0546  5094084    1.17%
 270017 107343        cutoff              0.0553        0.0546  5205685    1.14%
 275314 108825        0.0548     7        0.0553        0.0546  5276136    1.14%
 280223 111060        0.0551    16        0.0553        0.0546  5379719    1.13%
Elapsed time = 151.98 sec. (209476.20 ticks, tree = 308.98 MB, solutions = 19)
 283545 111275        0.0547    13        0.0553        0.0546  5514771    1.10%
 287177 110968        0.0551    16        0.0553        0.0547  5647579    1.06%
 293567 113217        0.0547    16        0.0553        0.0547  5731890    1.05%
 300174 115775        cutoff              0.0553        0.0547  5819242    1.04%
 306443 117948        0.0547    18        0.0553        0.0547  5896961    1.04%
 312605 120333        0.0551    15        0.0553        0.0547  5979751    1.04%
 318794 123151        0.0547    18        0.0553        0.0547  6076916    1.04%
 324726 125514        cutoff              0.0553        0.0547  6162950    1.04%
 329153 126578        0.0552    17        0.0553        0.0547  6293098    1.03%
 335129 128392        0.0552    17        0.0553        0.0547  6392116    0.99%
Elapsed time = 177.34 sec. (247627.11 ticks, tree = 329.42 MB, solutions = 19)
 341784 130491        0.0552    15        0.0553        0.0547  6466752    0.98%
 347856 133259        cutoff              0.0553        0.0547  6560439    0.98%
 354786 136902        0.0550    10        0.0553        0.0547  6665335    0.97%
 361120 139127        0.0552    15        0.0553        0.0547  6732769    0.97%
 367864 142324        0.0552    17        0.0553        0.0547  6828918    0.97%
 374426 144780        0.0547    18        0.0553        0.0547  6904679    0.97%
 380783 147639        0.0552    14        0.0553        0.0547  7003402    0.97%
 387019 150212        0.0552    17        0.0553        0.0547  7088068    0.97%
 393628 152540        0.0553    14        0.0553        0.0547  7166199    0.97%
 399418 154627        0.0552    17        0.0553        0.0547  7257677    0.97%
Elapsed time = 202.27 sec. (285778.31 ticks, tree = 376.13 MB, solutions = 19)
 406091 157375        cutoff              0.0553        0.0547  7356556    0.97%
 412662 159622        0.0552    15        0.0553        0.0547  7436873    0.96%
 418618 161903        0.0552    17        0.0553        0.0547  7533606    0.96%
 424995 164053        0.0552    17        0.0553        0.0547  7619452    0.96%
 430918 166204        0.0552    15        0.0553        0.0547  7706279    0.96%
 437122 168328        0.0552    15        0.0553        0.0547  7794878    0.96%
 442926 170835        0.0547    15        0.0553        0.0547  7889023    0.96%
 449406 173522        0.0552    18        0.0553        0.0547  7994837    0.96%
 454678 174600        0.0552    15        0.0553        0.0547  8098188    0.96%
 460893 176718        0.0548    16        0.0553        0.0547  8198459    0.93%
Elapsed time = 227.17 sec. (323928.53 ticks, tree = 411.08 MB, solutions = 19)
 467145 178730        cutoff              0.0553        0.0548  8276207    0.91%
 473109 180962        cutoff              0.0553        0.0548  8365893    0.90%
 479192 182978        0.0552    17        0.0553        0.0548  8470691    0.90%
 484996 184423        0.0553    15        0.0553        0.0548  8565754    0.90%
 490226 185487        0.0553    15        0.0553        0.0548  8649423    0.90%
 494508 186754        0.0551    14        0.0553        0.0548  8763394    0.90%
 498688 187677        cutoff              0.0553        0.0548  8864060    0.89%
 502883 188135        0.0551    17        0.0553        0.0548  8973583    0.89%
 508051 188696        cutoff              0.0553        0.0548  9087870    0.89%
 513032 190369        0.0551    18        0.0553        0.0548  9188760    0.84%
Elapsed time = 252.06 sec. (362078.26 ticks, tree = 431.80 MB, solutions = 19)
 517549 191853        0.0548     7        0.0553        0.0548  9290520    0.84%
 522172 193721        0.0552    16        0.0553        0.0548  9391484    0.83%
 526440 195628        0.0552    15        0.0553        0.0548  9512647    0.83%
 530774 196549        0.0551    12        0.0553        0.0548  9596473    0.83%
 534860 197836        cutoff              0.0553        0.0548  9717012    0.82%
 539354 197798        0.0551    15        0.0553        0.0548  9821431    0.82%
 544367 197879        cutoff              0.0553        0.0548  9940620    0.82%
 549272 200275        0.0552    17        0.0553        0.0548 10041288    0.78%
 554126 202166        0.0551    19        0.0553        0.0548 10148377    0.77%
 558600 202860        cutoff              0.0553        0.0548 10233022    0.77%
Elapsed time = 277.02 sec. (400233.08 ticks, tree = 449.27 MB, solutions = 19)
 562625 202955        0.0548    18        0.0553        0.0548 10345307    0.77%
 567957 202791        0.0548    15        0.0553        0.0548 10463191    0.76%
 573362 200998        0.0549    15        0.0553        0.0548 10568189    0.75%
 579435 200007        0.0549    15        0.0553        0.0548 10641356    0.74%
 585161 197123        cutoff              0.0553        0.0549 10763541    0.70%
 590516 196348        0.0549    17        0.0553        0.0549 10859993    0.67%
 595245 196850        cutoff              0.0553        0.0549 10947229    0.61%
 600319 195917        0.0550     9        0.0553        0.0549 11064640    0.60%
 605192 196451        0.0553    16        0.0553        0.0549 11148231    0.59%
 609080 196956        cutoff              0.0553        0.0550 11279293    0.54%
Elapsed time = 302.17 sec. (438386.42 ticks, tree = 415.52 MB, solutions = 19)
 613563 196988        cutoff              0.0553        0.0550 11378522    0.53%
 618034 195632        cutoff              0.0553        0.0550 11471238    0.53%
 622293 194771        cutoff              0.0553        0.0550 11595898    0.51%
 627699 192366        0.0550    16        0.0553        0.0550 11701002    0.46%
 632610 189757        0.0550    15        0.0553        0.0550 11795545    0.42%
 637829 187879        0.0551    16        0.0553        0.0550 11880614    0.40%
 643611 188334        0.0551    14        0.0553        0.0550 11990337    0.38%
 648998 189141        0.0551    16        0.0553        0.0551 12091041    0.37%
 654244 189887        0.0551    16        0.0553        0.0551 12179004    0.37%
 659552 190757        cutoff              0.0553        0.0551 12290030    0.37%
Elapsed time = 327.80 sec. (476536.63 ticks, tree = 397.45 MB, solutions = 19)
 664842 191247        0.0552    16        0.0553        0.0551 12346708    0.37%
 670158 191947        0.0551    16        0.0553        0.0551 12459499    0.36%
 675650 192560        0.0551    16        0.0553        0.0551 12551843    0.36%
 681069 193479        0.0551    14        0.0553        0.0551 12653936    0.36%
 686467 194230        cutoff              0.0553        0.0551 12753170    0.36%
 691798 194898        0.0551    14        0.0553        0.0551 12851545    0.36%
 697112 195269        cutoff              0.0553        0.0551 12919756    0.36%
 702403 195932        0.0551    15        0.0553        0.0551 13036154    0.36%
 707657 196366        0.0551    16        0.0553        0.0551 13112200    0.36%
 713181 196915        cutoff              0.0553        0.0551 13199785    0.36%
Elapsed time = 352.03 sec. (514689.91 ticks, tree = 408.83 MB, solutions = 19)
 718492 197857        0.0551    15        0.0553        0.0551 13312564    0.36%
 723913 198354        0.0551    14        0.0553        0.0551 13393896    0.36%
 729382 198987        cutoff              0.0553        0.0551 13481454    0.36%
 734800 199634        0.0551    15        0.0553        0.0551 13578236    0.36%
 740399 200635        cutoff              0.0553        0.0551 13688912    0.36%
 745703 201256        0.0551    15        0.0553        0.0551 13757490    0.36%
 751094 201856        0.0551    14        0.0553        0.0551 13859356    0.36%
 756455 202522        0.0551    15        0.0553        0.0551 13947222    0.36%
 761642 203520        cutoff              0.0553        0.0551 14054634    0.36%
 766952 203769        cutoff              0.0553        0.0551 14153017    0.36%
Elapsed time = 376.23 sec. (552845.09 ticks, tree = 421.55 MB, solutions = 19)
 772161 204330        0.0551    17        0.0553        0.0551 14261846    0.36%
 777224 205019        cutoff              0.0553        0.0551 14352296    0.36%
 782510 205785        0.0551    13        0.0553        0.0551 14441548    0.36%
 787784 206078        0.0551    17        0.0553        0.0551 14516093    0.36%
 793057 206814        0.0551    14        0.0553        0.0551 14635358    0.36%
 798304 207161        cutoff              0.0553        0.0551 14703049    0.36%
 803362 207479        cutoff              0.0553        0.0551 14808893    0.36%
 808618 207943        0.0551    15        0.0553        0.0551 14893118    0.36%
 813989 209115        0.0551    13        0.0553        0.0551 15016721    0.36%
 819267 209929        0.0551    16        0.0553        0.0551 15102963    0.36%
Elapsed time = 400.88 sec. (590996.96 ticks, tree = 432.92 MB, solutions = 19)
 824510 210321        cutoff              0.0553        0.0551 15181210    0.36%
 829870 210679        cutoff              0.0553        0.0551 15278752    0.36%
 835230 211456        0.0551    15        0.0553        0.0551 15388215    0.36%
 840269 211976        0.0551    15        0.0553        0.0551 15469196    0.36%
 845337 212534        0.0551    16        0.0553        0.0551 15574658    0.36%
 850341 212782        0.0551    16        0.0553        0.0551 15638283    0.36%
 855623 213574        0.0551    16        0.0553        0.0551 15746735    0.36%
 860789 214144        0.0551    15        0.0553        0.0551 15848240    0.36%
 865434 214472        cutoff              0.0553        0.0551 15909171    0.36%
 870794 214961        cutoff              0.0553        0.0551 16003543    0.36%
Elapsed time = 426.14 sec. (629151.60 ticks, tree = 442.22 MB, solutions = 19)
 875984 215497        cutoff              0.0553        0.0551 16107641    0.36%
 881468 216075        0.0551    17        0.0553        0.0551 16192962    0.36%
 886877 216732        0.0551    17        0.0553        0.0551 16284611    0.36%
 891971 217363        0.0551    15        0.0553        0.0551 16405378    0.36%
 896838 217387        cutoff              0.0553        0.0551 16467989    0.36%
 901971 217645        cutoff              0.0553        0.0551 16563648    0.36%
 907373 217868        0.0551    16        0.0553        0.0551 16627158    0.36%
 912371 218717        0.0551    15        0.0553        0.0551 16752548    0.36%
 917999 219426        cutoff              0.0553        0.0551 16857308    0.36%
 923151 219702        0.0551    14        0.0553        0.0551 16936398    0.36%
Elapsed time = 451.06 sec. (667302.14 ticks, tree = 461.15 MB, solutions = 19)
 928608 219899        cutoff              0.0553        0.0551 17046002    0.36%
 933793 220020        0.0551    15        0.0553        0.0551 17113947    0.36%
 939051 220827        cutoff              0.0553        0.0551 17241308    0.36%
 944010 220974        cutoff              0.0553        0.0551 17330843    0.36%
 949367 221198        0.0551    14        0.0553        0.0551 17392742    0.36%
 954796 221548        0.0551    14        0.0553        0.0551 17469618    0.36%
 960169 222207        0.0551    16        0.0553        0.0551 17581251    0.36%
 965437 222597        0.0551    14        0.0553        0.0551 17676840    0.36%
 970387 222790        cutoff              0.0553        0.0551 17760696    0.36%
 975908 223120        0.0551    16        0.0553        0.0551 17882989    0.36%
Elapsed time = 475.70 sec. (705454.71 ticks, tree = 465.94 MB, solutions = 19)
 981259 223597        cutoff              0.0553        0.0551 17967628    0.36%
 986846 224271        0.0551    14        0.0553        0.0551 18060991    0.36%
 991928 224468        cutoff              0.0553        0.0551 18125617    0.36%
 997578 224621        0.0552    17        0.0553        0.0551 18230170    0.36%
 1002749 224754        cutoff              0.0553        0.0551 18363870    0.36%
 1008366 225117        0.0551    16        0.0553        0.0551 18441772    0.36%
 1013759 225793        0.0551    16        0.0553        0.0551 18539148    0.36%
 1019229 226223        0.0551    13        0.0553        0.0551 18615503    0.36%
 1024471 226644        cutoff              0.0553        0.0551 18686998    0.36%
 1029981 227231        cutoff              0.0553        0.0551 18798601    0.36%
Elapsed time = 500.03 sec. (743606.52 ticks, tree = 476.23 MB, solutions = 19)
 1035456 228424        cutoff              0.0553        0.0551 18936004    0.36%
 1040547 228611        cutoff              0.0553        0.0551 18975701    0.36%
 1046233 228974        0.0552    17        0.0553        0.0551 19104796    0.36%
 1051594 229394        0.0552    17        0.0553        0.0551 19180291    0.36%
 1056991 230061        0.0551    15        0.0553        0.0551 19292986    0.36%
 1062407 230273        0.0552    17        0.0553        0.0551 19363827    0.36%
 1067553 230480        cutoff              0.0553        0.0551 19470422    0.36%
 1072720 230565        cutoff              0.0553        0.0551 19559677    0.36%
 1077961 231377        0.0551    16        0.0553        0.0551 19666804    0.36%
 1083559 232266        0.0551    16        0.0553        0.0551 19762854    0.36%
Elapsed time = 524.58 sec. (781760.63 ticks, tree = 485.21 MB, solutions = 19)
 1089054 232539        cutoff              0.0553        0.0551 19851659    0.36%
 1094402 232725        0.0551    15        0.0553        0.0551 19927091    0.36%
 1099844 233209        0.0551    16        0.0553        0.0551 20060762    0.36%
 1105135 233633        0.0552    16        0.0553        0.0551 20132467    0.36%
 1110440 234091        cutoff              0.0553        0.0551 20262125    0.36%
 1115797 234474        0.0551    16        0.0553        0.0551 20322363    0.36%
 1120092 235379        0.0551    14        0.0553        0.0551 20442287    0.36%
 1121612 235501        0.0552    17        0.0553        0.0551 20454385    0.36%
 1122349 235766        cutoff              0.0553        0.0551 20475139    0.36%
 1123412 235942        0.0551    15        0.0553        0.0551 20489607    0.36%
Elapsed time = 550.44 sec. (820268.35 ticks, tree = 491.13 MB, solutions = 19)
 1124407 236081        0.0551    13        0.0553        0.0551 20502498    0.36%
 1125491 236276        cutoff              0.0553        0.0551 20529670    0.36%
 1126212 236292        0.0552    17        0.0553        0.0551 20530307    0.36%
 1127307 236539        cutoff              0.0553        0.0551 20557568    0.36%
 1128112 236501        0.0551    16        0.0553        0.0551 20556030    0.36%
 1129365 236645        0.0551    15        0.0553        0.0551 20590834    0.36%
 1130612 236706        0.0551    16        0.0553        0.0551 20606341    0.36%
 1131619 236733        cutoff              0.0553        0.0551 20631166    0.36%
 1133545 236692        0.0551    13        0.0553        0.0551 20657830    0.36%
 1134696 236694        0.0551    17        0.0553        0.0551 20668844    0.36%
Elapsed time = 579.34 sec. (860364.34 ticks, tree = 492.57 MB, solutions = 19)
 1137491 236639        cutoff              0.0553        0.0551 20704647    0.36%
 1140795 236809        0.0551    15        0.0553        0.0551 20759604    0.36%
 1143931 237339        cutoff              0.0553        0.0551 20844829    0.36%
 1146676 237512        0.0552    17        0.0553        0.0551 20868171    0.36%
 1149347 237677        0.0551    11        0.0553        0.0551 20940126    0.36%
 1151638 237755        0.0551    16        0.0553        0.0551 20972574    0.36%
 1154365 237855        0.0551    14        0.0553        0.0551 21014708    0.36%

Cover cuts applied:  6
Mixed integer rounding cuts applied:  21
Gomory fractional cuts applied:  1

Root node processing (before b&c):
  Real time             =    0.52 sec. (579.30 ticks)
Parallel b&c, 4 threads:
  Real time             =  599.50 sec. (889368.39 ticks)
  Sync time (average)   =   28.88 sec.
  Wait time (average)   =    0.00 sec.
                          ------------
Total (root+branch&cut) =  600.02 sec. (889947.69 ticks)
