Version identifier: 22.2.0.0 | 2026-05-04 | 5dff98e58
CPXPARAM_Read_DataCheck                          1
CPXPARAM_Threads                                 4
CPXPARAM_Parallel                                1
CPXPARAM_RandomSeed                              20260925
CPXPARAM_MIP_Strategy_Search                     1
CPXPARAM_Simplex_Tolerances_Optimality           1.0000000000000001e-09
CPXPARAM_Simplex_Tolerances_Feasibility          1.0000000000000001e-09
CPXPARAM_TimeLimit                               180
CPXPARAM_MIP_Tolerances_AbsMIPGap                1.0000000000000001e-09
CPXPARAM_MIP_Tolerances_Integrality              1.0000000000000001e-09
Legacy callback                                  iLUD
Lazy constraint(s) or lazy constraint/branch callback is present.
    Disabling dual reductions (CPX_PARAM_REDUCE) in presolve.
    Disabling presolve reductions that prevent crushing forms (CPX_PARAM_PREREFORM).
         Disabling repeat represolve because of lazy constraint/incumbent callback.
Tried aggregator 1 time.
Reduced MIP has 17 rows, 188 columns, and 412 nonzeros.
Reduced MIP has 174 binaries, 0 generals, 0 SOSs, and 0 indicators.
Presolve time = 0.00 sec. (0.11 ticks)
Probing time = 0.00 sec. (0.03 ticks)
MIP emphasis: balance optimality and feasibility.
MIP search method: traditional branch-and-cut.
Parallel mode: deterministic, using up to 4 threads.
Root relaxation solution time = 0.00 sec. (0.12 ticks)

        Nodes                                         Cuts/
   Node  Left     Objective  IInf  Best Integer    Best Bound    ItCnt     Gap         Variable B NodeID Parent  Depth

      0     0       -0.1337     2                     -0.1337       23         
*     0+    0                           -0.1071       -0.1337            24.80%
      0     0       -0.1337     2       -0.1071      Fract: 1       26   24.80%
*     0+    0                           -0.1143       -0.1337            17.00%
      0     0       -0.1337     2       -0.1143       Cuts: 2       28   17.00%
*     0+    0                           -0.1286       -0.1337             4.00%
      0     0       -0.1337     2       -0.1286 UserPurge1: 1       30    4.00%
      0     0       -0.1337     2       -0.1286 UserPurge1: 1       31    4.00%
*     0+    0                           -0.1337       -0.1337             0.00%
      0     0        cutoff             -0.1337       -0.1337       31    0.00%                        0             0
Elapsed time = 0.08 sec. (6.83 ticks, tree = 0.01 MB, solutions = 4)

User cuts applied:  31

Root node processing (before b&c):
  Real time             =    0.08 sec. (6.85 ticks)
Parallel b&c, 4 threads:
  Real time             =    0.00 sec. (0.00 ticks)
  Sync time (average)   =    0.00 sec.
  Wait time (average)   =    0.00 sec.
                          ------------
Total (root+branch&cut) =    0.08 sec. (6.85 ticks)
