Version identifier: 22.2.0.0 | 2026-05-04 | 5dff98e58
CPXPARAM_Read_DataCheck                          1
CPXPARAM_Threads                                 4
CPXPARAM_Parallel                                1
CPXPARAM_RandomSeed                              20260925
CPXPARAM_Simplex_Tolerances_Optimality           1.0000000000000001e-09
CPXPARAM_Simplex_Tolerances_Feasibility          1.0000000000000001e-09
CPXPARAM_TimeLimit                               600
CPXPARAM_MIP_Tolerances_AbsMIPGap                1.0000000000000001e-09
CPXPARAM_MIP_Tolerances_Integrality              1.0000000000000001e-09
Legacy callback                                  i
3 of 20 MIP starts provided solutions.
MIP start 'm19' defined initial solution with objective -0.2053.
Tried aggregator 1 time.
MIP Presolve eliminated 1348 rows and 2 columns.
MIP Presolve modified 3414 coefficients.
Reduced MIP has 3968 rows, 4686 columns, and 49203 nonzeros.
Reduced MIP has 1164 binaries, 0 generals, 0 SOSs, and 0 indicators.
Presolve time = 0.02 sec. (32.62 ticks)
Probing time = 0.02 sec. (0.68 ticks)
Tried aggregator 1 time.
Detecting symmetries...
Reduced MIP has 3968 rows, 4686 columns, and 49203 nonzeros.
Reduced MIP has 1164 binaries, 0 generals, 0 SOSs, and 0 indicators.
Presolve time = 0.02 sec. (21.06 ticks)
Probing time = 0.00 sec. (0.78 ticks)
MIP emphasis: balance optimality and feasibility.
MIP search method: dynamic search.
Parallel mode: deterministic, using up to 4 threads.
Root relaxation solution time = 0.12 sec. (161.21 ticks)

        Nodes                                         Cuts/
   Node  Left     Objective  IInf  Best Integer    Best Bound    ItCnt     Gap

*     0+    0                           -0.2053       -1.0000           387.09%
      0     0       -0.2279   104       -0.2053       -0.2279     3491   11.01%
      0     0       -0.2279    71       -0.2053      Cuts: 10     4131   11.01%
      0     0       -0.2279    87       -0.2053      Cuts: 19     5433   11.01%
      0     0       -0.2279    73       -0.2053    MIRcuts: 4     5843   11.01%
      0     0       -0.2279    75       -0.2053    MIRcuts: 2     6286   11.01%
      0     2       -0.2279    68       -0.2053       -0.2279     6286   11.01%
Elapsed time = 7.53 sec. (7819.40 ticks, tree = 0.02 MB, solutions = 3)
      2     4       -0.2279    83       -0.2053       -0.2279    11899   11.01%
      8     8       -0.2279    87       -0.2053       -0.2279    17483   11.01%
     12    13       -0.2248    80       -0.2053       -0.2279    26328   11.01%
     16    17       -0.2248   102       -0.2053       -0.2279    38536   11.01%
     20    19       -0.2279    95       -0.2053       -0.2279    39446   11.01%
     25    23       -0.2233    98       -0.2053       -0.2279    51260   11.01%
     31    26       -0.2248    85       -0.2053       -0.2279    56613   11.01%
     33    28       -0.2279    95       -0.2053       -0.2279    61816   11.01%
     37    34       -0.2233    92       -0.2053       -0.2279    68276   11.01%
    107    87       -0.2226    84       -0.2053       -0.2279   112233   11.01%
Elapsed time = 11.05 sec. (11908.29 ticks, tree = 0.38 MB, solutions = 3)
    165   133       -0.2231    86       -0.2053       -0.2279   143362   11.01%
    188   177       -0.2202    69       -0.2053       -0.2279   174927   11.01%
    230   217       -0.2212    82       -0.2053       -0.2279   195372   11.01%
    267   240       -0.2228    94       -0.2053       -0.2279   207640   11.01%
    317   303       -0.2213    89       -0.2053       -0.2279   225519   11.01%
    368   307       -0.2062    45       -0.2053       -0.2279   232787   11.01%
    440   354       -0.2279    83       -0.2053       -0.2279   248205   11.01%
    488   429       -0.2157    73       -0.2053       -0.2279   261869   11.01%
    559   469       -0.2195    83       -0.2053       -0.2279   269824   11.01%
    617   546       -0.2279    84       -0.2053       -0.2279   285165   11.01%
Elapsed time = 18.73 sec. (21764.28 ticks, tree = 10.66 MB, solutions = 3)
    672   611       -0.2279    83       -0.2053       -0.2279   305641   11.01%
    711   643       -0.2233    76       -0.2053       -0.2279   324215   11.01%
    784   694       -0.2225    80       -0.2053       -0.2279   339716   11.01%
    874   745       -0.2219    68       -0.2053       -0.2279   344412   11.01%
    984   865       -0.2124    45       -0.2053       -0.2279   362614   11.01%
   1104   954       -0.2169    45       -0.2053       -0.2279   384814   11.01%
   1195  1035       -0.2105    42       -0.2053       -0.2279   403537   11.01%
   1244  1100       -0.2279    82       -0.2053       -0.2279   416054   11.01%
   1329  1120       -0.2233    78       -0.2053       -0.2279   418283   11.01%
   1435  1191       -0.2248    94       -0.2053       -0.2279   441146   11.01%
Elapsed time = 26.22 sec. (31575.35 ticks, tree = 30.25 MB, solutions = 3)
   1574  1308       -0.2223    71       -0.2053       -0.2279   450841   11.01%
   1666  1458       -0.2155    60       -0.2053       -0.2279   473151   11.01%
   1759  1572       -0.2155    57       -0.2053       -0.2279   488875   11.01%
   1917  1724       -0.2155    58       -0.2053       -0.2279   508538   11.01%
   2074  1773       -0.2085    65       -0.2053       -0.2279   517956   11.01%
   2219  2001       -0.2147    75       -0.2053       -0.2279   542788   11.01%
   2312  2121       -0.2234    83       -0.2053       -0.2279   558324   11.01%
   2446  2154       -0.2062    57       -0.2053       -0.2279   573173   11.01%
   2502  2216       -0.2269    81       -0.2053       -0.2279   581633   11.01%

Performing restart 1

Repeating presolve.
Tried aggregator 1 time.
Reduced MIP has 3968 rows, 4686 columns, and 49203 nonzeros.
Reduced MIP has 1164 binaries, 0 generals, 0 SOSs, and 0 indicators.
Presolve time = 0.00 sec. (13.86 ticks)
Tried aggregator 1 time.
Reduced MIP has 3968 rows, 4686 columns, and 49203 nonzeros.
Reduced MIP has 1164 binaries, 0 generals, 0 SOSs, and 0 indicators.
Presolve time = 0.00 sec. (21.34 ticks)
Represolve time = 0.03 sec. (42.07 ticks)
   2508     0       -0.2279    93       -0.2053       Cuts: 7   604250   11.01%
   2508     0       -0.2279    89       -0.2053    MIRcuts: 5   604570   11.01%
   2508     0       -0.2279   105       -0.2053       Cuts: 7   605414   11.01%
   2508     0       -0.2279    77       -0.2053    MIRcuts: 3   606015   11.01%
   2508     0       -0.2279    81       -0.2053      Cuts: 11   607236   11.01%
   2508     0       -0.2279    97       -0.2053       Cuts: 3   607601   11.01%
   2508     0       -0.2279    72       -0.2053    MIRcuts: 3   607870   11.01%
   2508     0       -0.2279    76       -0.2053       Cuts: 7   609112   11.01%
   2508     2       -0.2279    72       -0.2053       -0.2279   609112   11.01%
Elapsed time = 42.23 sec. (53673.16 ticks, tree = 0.02 MB, solutions = 3)
   2510     4       -0.2279    89       -0.2053       -0.2279   615026   11.01%
   2517     8       -0.2279    67       -0.2053       -0.2279   618855   11.01%
   2526    12       -0.2279   103       -0.2053       -0.2279   621329   11.01%
   2534    21       -0.2279    81       -0.2053       -0.2279   636515   11.01%
   2547    34       -0.2279    97       -0.2053       -0.2279   658524   11.01%
   2559    46       -0.2225    96       -0.2053       -0.2279   667614   11.01%
   2580    59       -0.2189    97       -0.2053       -0.2279   687114   11.01%
   2611    74       -0.2168    87       -0.2053       -0.2279   695323   11.01%
   2656   111       -0.2078    70       -0.2053       -0.2279   708329   11.01%
   2715   179       -0.2165    81       -0.2053       -0.2279   728503   11.01%
Elapsed time = 50.03 sec. (63739.42 ticks, tree = 3.44 MB, solutions = 3)
   2760   232       -0.2143    76       -0.2053       -0.2279   738521   11.01%
   2862   259       -0.2093    73       -0.2053       -0.2279   743194   11.01%
   2969   371       -0.2078    63       -0.2053       -0.2279   759032   11.01%
   3053   406       -0.2067    59       -0.2053       -0.2279   768548   11.01%
   3109   472       -0.2062    60       -0.2053       -0.2279   785087   11.01%
   3170   545       -0.2191    65       -0.2053       -0.2279   812515   11.01%
   3227   530       -0.2245    86       -0.2053       -0.2279   811845   11.01%
   3299   666       -0.2085    44       -0.2053       -0.2279   839142   11.01%
   3396   744       -0.2089    62       -0.2053       -0.2279   854137   11.01%
   3501   818       -0.2060    50       -0.2053       -0.2279   864923   11.01%
Elapsed time = 57.41 sec. (73405.17 ticks, tree = 22.87 MB, solutions = 3)
   3574   863       -0.2226    56       -0.2053       -0.2279   880982   11.01%
   3649   917       -0.2124    61       -0.2053       -0.2279   891630   11.01%
   3777  1019       -0.2058    46       -0.2053       -0.2279   905707   11.01%
   3881  1092       -0.2248    79       -0.2053       -0.2279   916693   11.01%
   3995  1235       -0.2121    59       -0.2053       -0.2279   938071   11.01%
   4052  1326       -0.2116    62       -0.2053       -0.2279   944028   11.01%
   4145  1397       -0.2129    60       -0.2053       -0.2279   951789   11.01%
   4266  1528       -0.2080    57       -0.2053       -0.2279   966099   11.01%
   4357  1626       -0.2153    62       -0.2053       -0.2279   984675   11.01%
   4446  1711       -0.2166    64       -0.2053       -0.2279   996017   11.01%
Elapsed time = 64.59 sec. (83073.36 ticks, tree = 51.43 MB, solutions = 3)
   4569  1753       -0.2169    64       -0.2053       -0.2279  1006557   11.01%
   4664  1907       -0.2062    48       -0.2053       -0.2279  1022936   11.01%
   4749  1977       -0.2206    64       -0.2053       -0.2279  1039526   11.01%
   4787  2002       -0.2091    68       -0.2053       -0.2279  1051914   11.01%
   4894  2058       -0.2279    78       -0.2053       -0.2279  1070559   11.01%
   4975  2119       -0.2236    72       -0.2053       -0.2279  1080422   11.01%
   5037  2183       -0.2279    87       -0.2053       -0.2279  1098152   11.01%
   5109  2256       -0.2237    80       -0.2053       -0.2279  1115835   11.01%
   5196  2274       -0.2175    67       -0.2053       -0.2279  1117534   11.01%
   5255  2398       -0.2122    53       -0.2053       -0.2279  1142541   11.01%
Elapsed time = 71.89 sec. (92822.39 ticks, tree = 73.47 MB, solutions = 3)
   5326  2479       -0.2066    46       -0.2053       -0.2279  1160693   11.01%
   5411  2528       -0.2217    78       -0.2053       -0.2279  1168993   11.01%
   5497  2571       -0.2173    64       -0.2053       -0.2279  1179299   11.01%
   5575  2657       -0.2158    70       -0.2053       -0.2279  1195869   11.01%
   5647  2712       -0.2083    66       -0.2053       -0.2279  1211170   11.01%
   5752  2793       -0.2058    60       -0.2053       -0.2279  1220752   11.01%
   5880  2886       -0.2248    73       -0.2053       -0.2279  1238335   11.01%
   5974  2906       -0.2244    70       -0.2053       -0.2279  1240326   11.01%
   6093  2975       -0.2153    62       -0.2053       -0.2279  1250781   11.01%
   6205  3193       -0.2184    76       -0.2053       -0.2279  1276504   11.01%
Elapsed time = 79.00 sec. (102430.71 ticks, tree = 98.76 MB, solutions = 3)
   6355  3257       -0.2093    57       -0.2053       -0.2279  1278472   11.01%
   6444  3309       -0.2256    85       -0.2053       -0.2279  1293754   11.01%
   6526  3482       -0.2161    60       -0.2053       -0.2279  1309157   11.01%
   6622  3550       -0.2107    56       -0.2053       -0.2279  1324580   11.01%
   6750  3661       -0.2171    75       -0.2053       -0.2279  1337188   11.01%
   6863  3682       -0.2093    50       -0.2053       -0.2279  1346771   11.01%
   6920  3837       -0.2059    47       -0.2053       -0.2279  1367782   11.01%
   7005  3901       -0.2174    65       -0.2053       -0.2279  1370330   11.01%
   7183  4062       -0.2162    76       -0.2053       -0.2279  1391522   11.01%
   7726  4484       -0.2171    70       -0.2053       -0.2279  1424914   11.01%
Elapsed time = 88.25 sec. (114958.00 ticks, tree = 140.03 MB, solutions = 3)
   8094  4915       -0.2260    82       -0.2053       -0.2279  1495382   11.01%
   8572  5304       -0.2084    63       -0.2053       -0.2279  1548289   11.01%
   8948  5645       -0.2125    64       -0.2053       -0.2279  1605485   11.01%
   9363  6025       -0.2139    65       -0.2053       -0.2279  1664475   11.01%
   9862  6343       -0.2082    59       -0.2053       -0.2279  1712113   11.01%
  10226  6741       -0.2055    49       -0.2053       -0.2279  1777878   11.01%
  10714  7166       -0.2136    51       -0.2053       -0.2279  1834363   11.01%
  11178  7535       -0.2155    63       -0.2053       -0.2279  1901452   11.01%
  11475  7850       -0.2158    74       -0.2053       -0.2279  1959131   11.01%
  11996  8291       -0.2134    59       -0.2053       -0.2279  2021514   11.01%
Elapsed time = 116.69 sec. (153212.80 ticks, tree = 261.24 MB, solutions = 3)
  12364  8624       -0.2138    65       -0.2053       -0.2279  2082431   11.01%
  13011  9103       -0.2155    73       -0.2053       -0.2279  2141278   11.01%
  13408  9586       -0.2136    63       -0.2053       -0.2279  2218760   11.01%
  14028 10062       -0.2062    53       -0.2053       -0.2279  2276642   11.01%
  14593 10451       -0.2233    72       -0.2053       -0.2279  2331117   11.01%
  15053 11143       -0.2233    73       -0.2053       -0.2279  2425994   11.01%
  15449 11298       -0.2145    75       -0.2053       -0.2279  2456391   11.01%
  15828 11743       -0.2105    55       -0.2053       -0.2279  2536830   11.01%
  16332 12105       -0.2204    70       -0.2053       -0.2279  2589769   11.01%
  16863 12504       -0.2076    52       -0.2053       -0.2279  2648818   11.01%
Elapsed time = 145.20 sec. (191465.56 ticks, tree = 395.74 MB, solutions = 3)
  17301 12801       -0.2233    64       -0.2053       -0.2279  2684108   11.01%
  17905 13306       -0.2171    65       -0.2053       -0.2279  2758996   11.01%
  18337 13853       -0.2173    64       -0.2053       -0.2279  2839835   11.01%
  18977 14183       -0.2171    70       -0.2053       -0.2279  2893843   11.01%
  19529 14830       -0.2215    79       -0.2053       -0.2279  2977900   11.01%
  20081 15344       -0.2245    87       -0.2053       -0.2279  3040539   11.01%
  20621 15649       -0.2102    58       -0.2053       -0.2279  3093572   11.01%
  21140 16109       -0.2269    88       -0.2053       -0.2279  3163288   11.01%
  21558 16753       -0.2279    86       -0.2053       -0.2279  3261395   11.01%
  22013 17105       -0.2227    81       -0.2053       -0.2279  3320637   11.01%
Elapsed time = 173.39 sec. (229699.09 ticks, tree = 542.95 MB, solutions = 3)
  22512 17361       -0.2104    63       -0.2053       -0.2279  3373408   11.01%
  22959 18028       -0.2124    54       -0.2053       -0.2279  3473710   11.01%
  23368 18134       -0.2200    74       -0.2053       -0.2279  3504099   11.01%
  23783 18499       -0.2085    63       -0.2053       -0.2279  3575637   11.01%
  24355 18934       -0.2101    66       -0.2053       -0.2279  3649239   11.01%
  24993 19471       -0.2093    52       -0.2053       -0.2279  3724026   11.01%
  25458 19842       -0.2138    63       -0.2053       -0.2279  3776009   11.01%
  25736 20476       -0.2242    88       -0.2053       -0.2279  3865132   11.01%
  26052 20732       -0.2124    61       -0.2053       -0.2279  3904573   11.01%
  26417 20746       -0.2279    82       -0.2053       -0.2279  3911674   11.01%
Elapsed time = 202.33 sec. (267964.86 ticks, tree = 659.99 MB, solutions = 3)
  27019 21161       -0.2158    67       -0.2053       -0.2279  3969716   11.01%
  27543 21956       -0.2264    79       -0.2053       -0.2279  4092971   11.01%
  28062 22262       -0.2248    88       -0.2053       -0.2279  4129376   11.01%
  28611 22828       -0.2191    67       -0.2053       -0.2279  4224307   11.01%
  29181 23052       -0.2279    91       -0.2053       -0.2279  4253145   11.01%
  29706 23760       -0.2231    71       -0.2053       -0.2279  4337827   11.01%
  30310 24313       -0.2145    67       -0.2053       -0.2279  4430056   11.01%
  30830 24717       -0.2114    67       -0.2053       -0.2279  4472267   11.01%
  31321 25084       -0.2131    74       -0.2053       -0.2279  4543998   11.01%
  31961 25600       -0.2153    76       -0.2053       -0.2279  4612567   11.01%
Elapsed time = 230.89 sec. (306236.52 ticks, tree = 816.60 MB, solutions = 3)
  32529 26132       -0.2124    67       -0.2053       -0.2279  4695531   11.01%
  33027 26673       -0.2093    59       -0.2053       -0.2279  4763160   11.01%
  33511 27076       -0.2249    73       -0.2053       -0.2279  4838203   11.01%
  34062 27420       -0.2271    80       -0.2053       -0.2279  4880946   11.01%
  34410 28059       -0.2202    88       -0.2053       -0.2279  4989606   11.01%
  34919 28489       -0.2054    65       -0.2053       -0.2279  5055603   11.01%
  35409 28951       -0.2186    57       -0.2053       -0.2279  5128872   11.01%
  36036 29203       -0.2062    53       -0.2053       -0.2279  5162270   11.01%
  36624 29978       -0.2215    73       -0.2053       -0.2279  5263814   11.01%
  37157 30338       -0.2184    79       -0.2053       -0.2279  5312028   11.01%
Elapsed time = 260.19 sec. (344544.98 ticks, tree = 969.85 MB, solutions = 3)
  37707 30690       -0.2210    87       -0.2053       -0.2279  5355873   11.01%
  38313 31364       -0.2062    56       -0.2053       -0.2279  5437371   11.01%
  38833 31849       -0.2271    94       -0.2053       -0.2279  5519204   11.01%
  39443 32536       -0.2140    61       -0.2053       -0.2279  5608005   11.01%
  40094 32888        cutoff             -0.2053       -0.2279  5663871   11.01%
  40659 33335       -0.2108    59       -0.2053       -0.2279  5726200   11.01%
  41300 34001       -0.2093    73       -0.2053       -0.2279  5817868   11.01%
  41643 34549       -0.2233    90       -0.2053       -0.2279  5906628   11.01%
  42180 34899       -0.2062    54       -0.2053       -0.2279  5970609   11.01%
  42505 35400       -0.2203    90       -0.2053       -0.2279  6053686   11.01%
Elapsed time = 289.00 sec. (382789.60 ticks, tree = 1135.00 MB, solutions = 3)
  42956 35661       -0.2062    55       -0.2053       -0.2279  6099415   11.01%
  43591 35987       -0.2098    77       -0.2053       -0.2279  6146978   11.01%
  44062 36435       -0.2151    67       -0.2053       -0.2279  6210356   11.01%
  44477 37089       -0.2202    82       -0.2053       -0.2279  6313729   11.01%
  44910 37546       -0.2217    84       -0.2053       -0.2279  6400641   11.01%
  45382 37721       -0.2053    74       -0.2053       -0.2279  6418297   11.01%
  45832 38312       -0.2093    62       -0.2053       -0.2279  6534067   11.01%
  46393 38627        cutoff             -0.2053       -0.2279  6574312   11.01%
  46851 39210       -0.2109    53       -0.2053       -0.2279  6667527   11.01%
  47269 39507       -0.2155    84       -0.2053       -0.2279  6729120   11.01%
Elapsed time = 318.19 sec. (421006.27 ticks, tree = 1267.31 MB, solutions = 3)
  47815 40059       -0.2140    50       -0.2053       -0.2279  6822790   11.01%
  48399 40385       -0.2087    55       -0.2053       -0.2279  6867175   11.01%

Performing restart 2

Repeating presolve.
Tried aggregator 1 time.
Reduced MIP has 3968 rows, 4686 columns, and 49203 nonzeros.
Reduced MIP has 1164 binaries, 0 generals, 0 SOSs, and 0 indicators.
Presolve time = 0.00 sec. (13.86 ticks)
Tried aggregator 1 time.
Reduced MIP has 3968 rows, 4686 columns, and 49203 nonzeros.
Reduced MIP has 1164 binaries, 0 generals, 0 SOSs, and 0 indicators.
Presolve time = 0.02 sec. (21.34 ticks)
Represolve time = 0.05 sec. (44.53 ticks)
  48576     0       -0.2279    91       -0.2053      Cuts: 13  6962155   11.01%
  48576     0       -0.2279    98       -0.2053    MIRcuts: 3  6962311   11.01%
  48576     0       -0.2279    75       -0.2053    MIRcuts: 3  6963049   11.01%
  48576     0       -0.2279    73       -0.2053    MIRcuts: 6  6963911   11.01%
  48576     0       -0.2279    70       -0.2053    MIRcuts: 2  6964870   11.01%
  48576     0       -0.2279    84       -0.2053      Cuts: 10  6966265   11.01%
  48576     0       -0.2279    83       -0.2053       Cuts: 2  6966820   11.01%
  48576     0       -0.2279    72       -0.2053    MIRcuts: 1  6966896   11.01%
  48576     0       -0.2279    75       -0.2053    MIRcuts: 2  6967047   11.01%
  48576     2       -0.2279    68       -0.2053       -0.2279  6967047   11.01%
  48604    21       -0.2243    94       -0.2053       -0.2279  6998480   11.01%
  48684    99       -0.2124    74       -0.2053       -0.2279  7053701   11.01%
  48779   180       -0.2093    64       -0.2053       -0.2279  7068146   11.01%
  48917   257       -0.2133    72       -0.2053       -0.2279  7090675   11.01%
  49070   328       -0.2078    59       -0.2053       -0.2279  7108019   11.01%
  49270   507       -0.2157    60       -0.2053       -0.2279  7142654   11.01%
  49475   748       -0.2087    69       -0.2053       -0.2279  7187358   11.01%
Elapsed time = 358.03 sec. (473862.94 ticks, tree = 20.80 MB, solutions = 3)
  49648   838       -0.2187    68       -0.2053       -0.2279  7212390   11.01%
  50055  1084        cutoff             -0.2053       -0.2277  7259533   10.91%
  50443  1392       -0.2178    73       -0.2053       -0.2276  7310783   10.85%
  50873  1716       -0.2217   103       -0.2053       -0.2271  7354280   10.63%
  51288  2100       -0.2154    73       -0.2053       -0.2268  7404548   10.49%
  51793  2442       -0.2183    79       -0.2053       -0.2268  7456859   10.47%
  52178  2854       -0.2186    74       -0.2053       -0.2267  7513681   10.40%
  52535  3165       -0.2125    77       -0.2053       -0.2267  7560851   10.40%
  52974  3452       -0.2068    58       -0.2053       -0.2265  7594714   10.33%
  53401  3869       -0.2248    76       -0.2053       -0.2265  7667322   10.33%
Elapsed time = 386.42 sec. (512135.06 ticks, tree = 120.26 MB, solutions = 3)
  53808  4233       -0.2078    61       -0.2053       -0.2264  7723595   10.26%
  54151  4546       -0.2155    69       -0.2053       -0.2264  7775027   10.26%
  54697  4950       -0.2165    65       -0.2053       -0.2264  7834988   10.26%
  55216  5409       -0.2185    70       -0.2053       -0.2264  7893544   10.26%
  55700  5978       -0.2109    61       -0.2053       -0.2264  7997089   10.26%
  56161  6321       -0.2239    88       -0.2053       -0.2264  8047831   10.26%
  56735  6724       -0.2128    50       -0.2053       -0.2264  8114270   10.26%
  57149  7232       -0.2101    71       -0.2053       -0.2264  8171902   10.26%
  57502  7496       -0.2140    63       -0.2053       -0.2264  8232089   10.26%
  57934  7996       -0.2124    60       -0.2053       -0.2264  8324144   10.26%
Elapsed time = 415.17 sec. (550324.43 ticks, tree = 251.96 MB, solutions = 3)
  58397  8262       -0.2172    71       -0.2053       -0.2264  8373078   10.26%
  58710  8586       -0.2120    61       -0.2053       -0.2264  8425242   10.26%
  59171  8993       -0.2164    63       -0.2053       -0.2264  8488878   10.26%
  59683  9306       -0.2195    60       -0.2053       -0.2264  8541354   10.26%
  60174  9761       -0.2056    61       -0.2053       -0.2264  8634482   10.26%
  60491 10203       -0.2077    56       -0.2053       -0.2264  8705448   10.26%
  60943 10428       -0.2078    58       -0.2053       -0.2264  8743918   10.26%
  61384 11036       -0.2147    52       -0.2053       -0.2264  8832301   10.26%
  61835 11240       -0.2062    51       -0.2053       -0.2264  8869037   10.26%
  62417 11737       -0.2186    78       -0.2053       -0.2264  8949999   10.26%
Elapsed time = 444.41 sec. (588552.59 ticks, tree = 371.64 MB, solutions = 3)
  62827 12323       -0.2169    64       -0.2053       -0.2264  9041518   10.26%
  63201 12538       -0.2197    63       -0.2053       -0.2264  9076846   10.26%
  63679 12931       -0.2232    73       -0.2053       -0.2264  9134206   10.26%
  64069 13083       -0.2076    66       -0.2053       -0.2264  9167011   10.26%
  64719 13794       -0.2197    74       -0.2053       -0.2264  9281643   10.26%
  65262 14371       -0.2062    47       -0.2053       -0.2264  9351769   10.26%
  65648 14577       -0.2186    73       -0.2053       -0.2264  9389635   10.26%
  66094 15027       -0.2155    52       -0.2053       -0.2264  9464080   10.26%
  66610 15204       -0.2186    72       -0.2053       -0.2264  9492692   10.26%
  67047 15858       -0.2124    63       -0.2053       -0.2264  9586098   10.26%
Elapsed time = 481.77 sec. (626838.91 ticks, tree = 503.02 MB, solutions = 3)
  67621 15971       -0.2248    96       -0.2053       -0.2264  9621160   10.26%
  67949 16412       -0.2248    87       -0.2053       -0.2264  9694934   10.26%
  68345 16970       -0.2171    68       -0.2053       -0.2264  9793672   10.26%
  68775 17390       -0.2078    55       -0.2053       -0.2264  9850845   10.26%
  69231 17586       -0.2072    62       -0.2053       -0.2264  9882012   10.26%
  69863 17996       -0.2057    60       -0.2053       -0.2264  9955600   10.26%
  70419 18748       -0.2078    63       -0.2053       -0.2264 10065268   10.26%
  70919 19303       -0.2155    67       -0.2053       -0.2264 10145003   10.26%
  71365 19454       -0.2255   104       -0.2053       -0.2264 10172896   10.26%
  71824 19950       -0.2109    62       -0.2053       -0.2264 10245665   10.26%
Elapsed time = 515.64 sec. (665035.05 ticks, tree = 634.46 MB, solutions = 3)
  72309 20045       -0.2055    58       -0.2053       -0.2264 10262016   10.26%
  72770 20473       -0.2234    77       -0.2053       -0.2264 10332138   10.26%
  73359 21303       -0.2178    75       -0.2053       -0.2264 10460740   10.26%
  73796 21771       -0.2057    52       -0.2053       -0.2264 10524655   10.26%
  74203 22111       -0.2247    83       -0.2053       -0.2264 10588365   10.26%
  74585 22353       -0.2144    78       -0.2053       -0.2264 10626875   10.26%
  75094 22825       -0.2233    92       -0.2053       -0.2264 10715492   10.26%
  75452 23089       -0.2217    69       -0.2053       -0.2264 10763487   10.26%
  75821 23530       -0.2062    54       -0.2053       -0.2264 10823890   10.26%
  76184 23848       -0.2054    63       -0.2053       -0.2264 10863233   10.26%
Elapsed time = 549.70 sec. (703338.85 ticks, tree = 760.70 MB, solutions = 3)
  76532 24197       -0.2078    44       -0.2053       -0.2264 10927214   10.26%
  76884 24475       -0.2217    79       -0.2053       -0.2264 10978609   10.26%
  77159 24706       -0.2062    51       -0.2053       -0.2264 11005515   10.26%
  77488 25096       -0.2093    53       -0.2053       -0.2264 11066829   10.26%
  77951 25391       -0.2171    76       -0.2053       -0.2264 11106128   10.26%
  78343 25614       -0.2124    75       -0.2053       -0.2264 11146995   10.26%
  78707 26100       -0.2109    61       -0.2053       -0.2264 11200708   10.26%
  79065 26485       -0.2186    82       -0.2053       -0.2264 11255065   10.26%
  79446 26902       -0.2248    89       -0.2053       -0.2264 11317276   10.26%
  79878 27200       -0.2078    57       -0.2053       -0.2264 11357259   10.26%
Elapsed time = 580.92 sec. (741659.74 ticks, tree = 869.05 MB, solutions = 3)
  80271 27401       -0.2109    63       -0.2053       -0.2264 11383880   10.26%
  80725 27948       -0.2071    66       -0.2053       -0.2264 11441665   10.26%
  81014 28036       -0.2264    94       -0.2053       -0.2264 11478588   10.26%
  81374 28591       -0.2202    73       -0.2053       -0.2264 11549849   10.26%
  81803 29061       -0.2054    64       -0.2053       -0.2264 11609533   10.26%
  82326 29251       -0.2078    52       -0.2053       -0.2264 11654723   10.26%

Mixed integer rounding cuts applied:  22
Gomory fractional cuts applied:  5

Root node processing (before b&c):
  Real time             =    7.52 sec. (7815.24 ticks)
Parallel b&c, 4 threads:
  Real time             =  592.50 sec. (756983.38 ticks)
  Sync time (average)   =   17.97 sec.
  Wait time (average)   =    0.00 sec.
                          ------------
Total (root+branch&cut) =  600.02 sec. (764798.61 ticks)
