Version identifier: 22.2.0.0 | 2026-05-04 | 5dff98e58
CPXPARAM_Read_DataCheck                          1
CPXPARAM_Threads                                 4
CPXPARAM_Parallel                                1
CPXPARAM_RandomSeed                              20260925
CPXPARAM_Simplex_Tolerances_Optimality           1.0000000000000001e-09
CPXPARAM_Simplex_Tolerances_Feasibility          1.0000000000000001e-09
CPXPARAM_TimeLimit                               600
CPXPARAM_MIP_Tolerances_AbsMIPGap                1.0000000000000001e-09
CPXPARAM_MIP_Tolerances_Integrality              1.0000000000000001e-09
Legacy callback                                  i
Found incumbent of value 0.000000 after 0.00 sec. (0.15 ticks)
Tried aggregator 1 time.
MIP Presolve eliminated 1347 rows and 1 columns.
MIP Presolve modified 3414 coefficients.
Reduced MIP has 3968 rows, 4687 columns, and 49206 nonzeros.
Reduced MIP has 1164 binaries, 0 generals, 0 SOSs, and 0 indicators.
Presolve time = 0.03 sec. (32.62 ticks)
Probing time = 0.00 sec. (0.68 ticks)
Tried aggregator 1 time.
Detecting symmetries...
Reduced MIP has 3968 rows, 4687 columns, and 49206 nonzeros.
Reduced MIP has 1164 binaries, 0 generals, 0 SOSs, and 0 indicators.
Presolve time = 0.02 sec. (21.10 ticks)
Probing time = 0.00 sec. (0.78 ticks)
MIP emphasis: balance optimality and feasibility.
MIP search method: dynamic search.
Parallel mode: deterministic, using up to 4 threads.
Root relaxation solution time = 0.14 sec. (173.01 ticks)

        Nodes                                         Cuts/
   Node  Left     Objective  IInf  Best Integer    Best Bound    ItCnt     Gap

*     0+    0                            0.0000       -1.0000              --- 
      0     0       -0.2279   104        0.0000       -0.2279     3285     --- 
*     0+    0                           -0.0977       -0.2279           133.33%
*     0+    0                           -0.1798       -0.2279            26.72%
      0     0       -0.2279    67       -0.1798    MIRcuts: 3     4078   26.72%
      0     0       -0.2279    75       -0.1798      Cuts: 16     5315   26.72%
*     0+    0                           -0.1922       -0.2279            18.55%
      0     0       -0.2279    73       -0.1922    MIRcuts: 4     5971   18.55%
*     0+    0                           -0.1938       -0.2279            17.60%
*     0+    0                           -0.1953       -0.2279            16.67%
      0     0  -1.00000e+75     0       -0.1953       -0.2279     5971   16.67%
*     0+    0                           -0.1969       -0.2279            15.75%
      0     2       -0.2279    73       -0.1969       -0.2279     5971   15.75%
Elapsed time = 7.59 sec. (8379.95 ticks, tree = 0.02 MB, solutions = 7)
      3     3       -0.2275    85       -0.1969       -0.2279     9682   15.75%
      9     7       -0.2275    87       -0.1969       -0.2279    13382   15.75%
     14    13       -0.2279    82       -0.1969       -0.2279    29563   15.75%
     18    15       -0.2248    73       -0.1969       -0.2279    35140   15.75%
     23    22       -0.2275    94       -0.1969       -0.2279    43726   15.75%
     30    32       -0.2248    72       -0.1969       -0.2279    63305   15.75%
     37    32       -0.2279    92       -0.1969       -0.2279    67909   15.75%
     50    43       -0.2239    88       -0.1969       -0.2279    80106   15.75%
     59    49       -0.2217    74       -0.1969       -0.2279    83030   15.75%
    109    89       -0.2233    83       -0.1969       -0.2279   119613   15.75%
Elapsed time = 11.08 sec. (11955.30 ticks, tree = 0.26 MB, solutions = 7)
    169   141       -0.2135    56       -0.1969       -0.2279   149951   15.75%
    230   199       -0.2217    87       -0.1969       -0.2279   165996   15.75%
*   309+  218                           -0.2016       -0.2279            13.08%
*   316+  218                           -0.2031       -0.2279            12.21%
*   319+  218                           -0.2037       -0.2279            11.86%
    353   280       -0.2031    34       -0.2037       -0.2279   181612   11.86%
    440   306       -0.2279    82       -0.2037       -0.2279   190921   11.86%
    509   387       -0.2106    65       -0.2037       -0.2279   212771   11.86%
    604   479       -0.2217    75       -0.2037       -0.2279   229172   11.86%
    668   512       -0.2248    72       -0.2037       -0.2279   244695   11.86%
    724   563       -0.2271    97       -0.2037       -0.2279   254486   11.86%
    768   614       -0.2154    41       -0.2037       -0.2279   274900   11.86%
    842   693       -0.2065    52       -0.2037       -0.2279   291994   11.86%
Elapsed time = 19.12 sec. (21680.75 ticks, tree = 17.63 MB, solutions = 14)
    941   792       -0.2178    52       -0.2037       -0.2279   307800   11.86%
   1092   873       -0.2191    61       -0.2037       -0.2279   323070   11.86%
   1168   913       -0.2178    80       -0.2037       -0.2279   330277   11.86%
   1198  1014       -0.2178    84       -0.2037       -0.2279   340192   11.86%
   1231  1070       -0.2233    79       -0.2037       -0.2279   355443   11.86%
   1262  1105       -0.2191    78       -0.2037       -0.2279   358635   11.86%

Performing restart 1

Repeating presolve.
Tried aggregator 1 time.
Reduced MIP has 3968 rows, 4687 columns, and 49206 nonzeros.
Reduced MIP has 1164 binaries, 0 generals, 0 SOSs, and 0 indicators.
Presolve time = 0.02 sec. (13.87 ticks)
Tried aggregator 1 time.
Reduced MIP has 3968 rows, 4687 columns, and 49206 nonzeros.
Reduced MIP has 1164 binaries, 0 generals, 0 SOSs, and 0 indicators.
Presolve time = 0.00 sec. (21.38 ticks)
Represolve time = 0.05 sec. (44.91 ticks)
   1263     0       -0.2279    74       -0.2037       Cuts: 3   372045   11.86%
   1263     0       -0.2279    79       -0.2037       Cuts: 5   372513   11.86%
   1263     0       -0.2279    73       -0.2037    MIRcuts: 4   373353   11.86%
   1263     0       -0.2279    72       -0.2037       Cuts: 8   374587   11.86%
   1263     0       -0.2279    91       -0.2037      Cuts: 11   375592   11.86%
   1263     0       -0.2279    73       -0.2037       Cuts: 7   376564   11.86%
   1263     0       -0.2279    73       -0.2037    MIRcuts: 7   377670   11.86%
   1263     2       -0.2279    64       -0.2037       -0.2279   377670   11.86%
   1265     4       -0.2279    82       -0.2037       -0.2279   385477   11.86%
   1268     7       -0.2279    89       -0.2037       -0.2279   390031   11.86%
   1274     5       -0.2279    92       -0.2037       -0.2279   387393   11.86%
Elapsed time = 39.44 sec. (45920.50 ticks, tree = 0.02 MB, solutions = 14)
   1281    13       -0.2279    84       -0.2037       -0.2279   400193   11.86%
   1293    24       -0.2248    79       -0.2037       -0.2279   418295   11.86%
   1312    44       -0.2217    74       -0.2037       -0.2279   435770   11.86%
   1329    61       -0.2245   107       -0.2037       -0.2279   443603   11.86%
   1349    71       -0.2279    82       -0.2037       -0.2279   455320   11.86%
   1372    98       -0.2217    81       -0.2037       -0.2279   481612   11.86%
   1410   112       -0.2271    90       -0.2037       -0.2279   492632   11.86%
   1453   173       -0.2250    85       -0.2037       -0.2279   506169   11.86%
   1493   200       -0.2093    61       -0.2037       -0.2279   514383   11.86%
   1543   256       -0.2078    53       -0.2037       -0.2279   529357   11.86%
Elapsed time = 47.53 sec. (55829.34 ticks, tree = 6.22 MB, solutions = 14)
   1648   299       -0.2097    47       -0.2037       -0.2279   532194   11.86%
   1739   331       -0.2197    93       -0.2037       -0.2279   544022   11.86%
   1803   476       -0.2171    74       -0.2037       -0.2279   561529   11.86%
   1877   508       -0.2248    73       -0.2037       -0.2279   568526   11.86%
   1928   602       -0.2197    83       -0.2037       -0.2279   588205   11.86%
   2029   619       -0.2184    62       -0.2037       -0.2279   591898   11.86%
   2104   704       -0.2199    72       -0.2037       -0.2279   605684   11.86%
   2211   738       -0.2090    51       -0.2037       -0.2279   609151   11.86%
   2258   888       -0.2205    68       -0.2037       -0.2279   633518   11.86%
   2295   932       -0.2249    86       -0.2037       -0.2279   644576   11.86%
Elapsed time = 55.31 sec. (65476.13 ticks, tree = 27.29 MB, solutions = 14)
   2383   958       -0.2074    57       -0.2037       -0.2279   645267   11.86%
   2457   994       -0.2134    37       -0.2037       -0.2279   653401   11.86%
   2606  1118       -0.2278    81       -0.2037       -0.2279   668981   11.86%
   2739  1216       -0.2266    76       -0.2037       -0.2279   671633   11.86%
   2830  1419       -0.2089    55       -0.2037       -0.2279   696862   11.86%
   2994  1378       -0.2271    96       -0.2037       -0.2279   696276   11.86%
   3146  1557       -0.2259    77       -0.2037       -0.2279   709799   11.86%
   3286  1809       -0.2279    73       -0.2037       -0.2279   728316   11.86%
   3405  1898       -0.2079    47       -0.2037       -0.2279   733622   11.86%
   3578  2049       -0.2233    75       -0.2037       -0.2279   749523   11.86%
Elapsed time = 63.25 sec. (75141.80 ticks, tree = 62.89 MB, solutions = 14)
   3656  2207       -0.2084    54       -0.2037       -0.2279   754432   11.86%
   3816  2271       -0.2093    55       -0.2037       -0.2279   762702   11.86%
   3896  2426       -0.2217    84       -0.2037       -0.2279   773049   11.86%
   3926  2458       -0.2253    72       -0.2037       -0.2279   788716   11.86%
   3976  2507       -0.2175    68       -0.2037       -0.2279   811151   11.86%
   4068  2557       -0.2160    72       -0.2037       -0.2279   824102   11.86%
   4121  2660       -0.2139    72       -0.2037       -0.2279   840072   11.86%
   4244  2689       -0.2248    82       -0.2037       -0.2279   848335   11.86%
   4339  2792       -0.2248    75       -0.2037       -0.2279   863784   11.86%
   4430  2825       -0.2243    73       -0.2037       -0.2279   870385   11.86%
Elapsed time = 71.30 sec. (84888.01 ticks, tree = 87.75 MB, solutions = 14)
   4490  2935       -0.2159    59       -0.2037       -0.2279   885943   11.86%
   4601  3004       -0.2052    68       -0.2037       -0.2279   893794   11.86%
   4647  3133       -0.2120    49       -0.2037       -0.2279   918238   11.86%
   4710  3140       -0.2186    71       -0.2037       -0.2279   924694   11.86%
   4820  3235       -0.2239    79       -0.2037       -0.2279   934776   11.86%
   4947  3328       -0.2087    76       -0.2037       -0.2279   955812   11.86%
   5063  3362       -0.2084    69       -0.2037       -0.2279   962617   11.86%
   5198  3483       -0.2248    80       -0.2037       -0.2279   966696   11.86%
   5266  3709       -0.2055    66       -0.2037       -0.2279   990208   11.86%
   5323  3741       -0.2151    59       -0.2037       -0.2279   995579   11.86%
Elapsed time = 78.80 sec. (94554.99 ticks, tree = 116.93 MB, solutions = 14)
   5407  3799       -0.2188    71       -0.2037       -0.2279  1011443   11.86%
   5511  3830       -0.2124    70       -0.2037       -0.2279  1025363   11.86%
   5606  3847       -0.2047    51       -0.2037       -0.2279  1029311   11.86%
   5684  4081       -0.2254    87       -0.2037       -0.2279  1058057   11.86%
   5771  4130       -0.2155    69       -0.2037       -0.2279  1075109   11.86%
   5906  4147       -0.2061    72       -0.2037       -0.2279  1071365   11.86%
   6036  4408       -0.2069    67       -0.2037       -0.2279  1099682   11.86%
   6132  4430       -0.2244    92       -0.2037       -0.2279  1103799   11.86%
   6185  4567       -0.2207    64       -0.2037       -0.2279  1121812   11.86%
   6309  4655       -0.2174    55       -0.2037       -0.2279  1133174   11.86%
Elapsed time = 86.12 sec. (104207.71 ticks, tree = 146.09 MB, solutions = 14)
   6508  4707       -0.2083    51       -0.2037       -0.2279  1135555   11.86%
   6675  4750       -0.2114    66       -0.2037       -0.2279  1142953   11.86%
   6762  4937       -0.2180    58       -0.2037       -0.2279  1154728   11.86%
   6879  5080       -0.2279    77       -0.2037       -0.2279  1167947   11.86%
   6972  5227       -0.2125    41       -0.2037       -0.2279  1184075   11.86%
   7107  5416       -0.2098    43       -0.2037       -0.2279  1202346   11.86%
   7205  5338       -0.2231    78       -0.2037       -0.2279  1203899   11.86%
   7325  5583       -0.2169    72       -0.2037       -0.2279  1229210   11.86%
   7414  5521       -0.2155    65       -0.2037       -0.2279  1215404   11.86%
   7774  5953       -0.2150    68       -0.2037       -0.2279  1285366   11.86%
Elapsed time = 95.98 sec. (116689.41 ticks, tree = 187.29 MB, solutions = 14)
   8241  6349       -0.2109    61       -0.2037       -0.2279  1332354   11.86%
   8726  6844       -0.2236    65       -0.2037       -0.2279  1394638   11.86%
   9311  7196       -0.2126    73       -0.2037       -0.2279  1439479   11.86%
   9752  7794       -0.2143    56       -0.2037       -0.2279  1502014   11.86%
*  9896+ 7906                           -0.2047       -0.2279            11.36%
  10245  7997       -0.2093    56       -0.2047       -0.2279  1550632   11.36%
  10732  8275       -0.2167    70       -0.2047       -0.2279  1588184   11.36%
  11135  8796       -0.2233    84       -0.2047       -0.2279  1645264   11.36%
  11678  9089       -0.2227    71       -0.2047       -0.2279  1689498   11.36%
  12168  9750       -0.2269    84       -0.2047       -0.2279  1757830   11.36%
  12780 10201       -0.2093    35       -0.2047       -0.2279  1804425   11.36%
Elapsed time = 125.08 sec. (154919.20 ticks, tree = 322.65 MB, solutions = 15)
  13341 10958       -0.2062    53       -0.2047       -0.2279  1882833   11.36%
  13649 11136       -0.2235    75       -0.2047       -0.2279  1914977   11.36%
  14101 11557       -0.2084    68       -0.2047       -0.2279  1983470   11.36%
  14670 11868       -0.2198    74       -0.2047       -0.2279  2037755   11.36%
  15061 12424       -0.2148    61       -0.2047       -0.2279  2109009   11.36%
  15424 12896       -0.2152    60       -0.2047       -0.2279  2180216   11.36%
  15872 13094       -0.2124    61       -0.2047       -0.2279  2215934   11.36%
  16413 13619       -0.2127    68       -0.2047       -0.2279  2281162   11.36%
  16957 14384       -0.2108    63       -0.2047       -0.2279  2377124   11.36%
  17361 14570       -0.2264    82       -0.2047       -0.2279  2403015   11.36%
Elapsed time = 153.84 sec. (193133.88 ticks, tree = 461.61 MB, solutions = 15)
  17861 15184       -0.2271    82       -0.2047       -0.2279  2493765   11.36%
  18545 15602       -0.2183    62       -0.2047       -0.2279  2541379   11.36%
  19009 16001       -0.2192    71       -0.2047       -0.2279  2584983   11.36%
  19567 16579       -0.2140    57       -0.2047       -0.2279  2665225   11.36%
  20021 17117       -0.2186    65       -0.2047       -0.2279  2727926   11.36%
  20405 17520       -0.2078    56       -0.2047       -0.2279  2797993   11.36%
  20764 18019       -0.2055    41       -0.2047       -0.2279  2890130   11.36%
  21308 18350       -0.2229    87       -0.2047       -0.2279  2931889   11.36%
  21737 18835       -0.2070    60       -0.2047       -0.2279  2986583   11.36%
  22281 19299       -0.2171    65       -0.2047       -0.2279  3053373   11.36%
Elapsed time = 182.73 sec. (231375.58 ticks, tree = 612.81 MB, solutions = 15)
  22729 19767       -0.2279    77       -0.2047       -0.2279  3103368   11.36%
  23073 20123       -0.2221    78       -0.2047       -0.2279  3168546   11.36%
  23531 20349       -0.2145    64       -0.2047       -0.2279  3207497   11.36%
  24004 20863       -0.2248    82       -0.2047       -0.2279  3286447   11.36%
* 24081+21011                           -0.2050       -0.2279            11.19%
  24180 21279       -0.2238    76       -0.2050       -0.2279  3384400   11.19%
* 24320+21074                           -0.2053       -0.2279            11.01%
  24425 21496       -0.2057    55       -0.2053       -0.2279  3422865   11.01%
  24701 21639       -0.2078    57       -0.2053       -0.2279  3446436   11.01%
  24896 21884       -0.2219    85       -0.2053       -0.2279  3483881   11.01%
* 24971+21947                           -0.2053       -0.2279            11.01%
  25111 21653       -0.2217    79       -0.2053       -0.2279  3514465   11.01%
  25309 22013       -0.2084    59       -0.2053       -0.2279  3558274   11.01%
Elapsed time = 212.31 sec. (269736.92 ticks, tree = 708.27 MB, solutions = 18)
  25596 22134       -0.2057    44       -0.2053       -0.2279  3574291   11.01%
  25797 22342       -0.2070    71       -0.2053       -0.2279  3610389   11.01%
  25946 22597       -0.2202    83       -0.2053       -0.2279  3655534   11.01%
  26187 22717       -0.2093    61       -0.2053       -0.2279  3672243   11.01%
  26332 22976       -0.2155    74       -0.2053       -0.2279  3723183   11.01%
  26535 23052       -0.2248    84       -0.2053       -0.2279  3743218   11.01%
  26706 23332       -0.2140    51       -0.2053       -0.2279  3795753   11.01%
  26897 23451       -0.2171    62       -0.2053       -0.2279  3812749   11.01%
  27182 23519       -0.2109    64       -0.2053       -0.2279  3827082   11.01%
  27509 23832       -0.2140    78       -0.2053       -0.2279  3870391   11.01%
Elapsed time = 242.80 sec. (308174.10 ticks, tree = 759.26 MB, solutions = 20)
  27909 24328       -0.2062    59       -0.2053       -0.2279  3956331   11.01%
  28314 24508       -0.2152    68       -0.2053       -0.2279  4004535   11.01%
  28822 24807        cutoff             -0.2053       -0.2279  4047396   11.01%
  29199 25437       -0.2269    86       -0.2053       -0.2279  4164051   11.01%
  29575 25780       -0.2202    73       -0.2053       -0.2279  4224211   11.01%
  30030 26193       -0.2062    52       -0.2053       -0.2279  4297455   11.01%
  30444 26531       -0.2062    52       -0.2053       -0.2279  4365462   11.01%
  30790 27116       -0.2124    57       -0.2053       -0.2279  4478396   11.01%
  31200 27277       -0.2171    65       -0.2053       -0.2279  4506560   11.01%
  31495 27474       -0.2264    87       -0.2053       -0.2279  4543396   11.01%
Elapsed time = 271.89 sec. (346462.75 ticks, tree = 876.51 MB, solutions = 20)
  31892 27907       -0.2155    70       -0.2053       -0.2279  4616942   11.01%
  32266 28342       -0.2186    67       -0.2053       -0.2279  4704636   11.01%
  32496 28672       -0.2168    73       -0.2053       -0.2279  4770509   11.01%
  32875 28876       -0.2171    67       -0.2053       -0.2279  4810301   11.01%
  33308 29112       -0.2171    58       -0.2053       -0.2279  4865181   11.01%
  33740 29717       -0.2264    85       -0.2053       -0.2279  4961852   11.01%
  34187 30197       -0.2163    56       -0.2053       -0.2279  5039724   11.01%
  34646 30328       -0.2093    36       -0.2053       -0.2279  5060636   11.01%
  35224 30896       -0.2096    57       -0.2053       -0.2279  5164447   11.01%
  35709 31722       -0.2155    82       -0.2053       -0.2279  5283832   11.01%
Elapsed time = 301.00 sec. (384691.90 ticks, tree = 1013.59 MB, solutions = 20)
  36181 32060       -0.2062    52       -0.2053       -0.2279  5336569   11.01%
  36624 32287       -0.2217    76       -0.2053       -0.2279  5400668   11.01%
  37170 32862       -0.2243    80       -0.2053       -0.2279  5489754   11.01%
  37679 33220       -0.2116    69       -0.2053       -0.2279  5539033   11.01%
  38080 33886       -0.2085    67       -0.2053       -0.2279  5640491   11.01%
  38509 34325       -0.2238    87       -0.2053       -0.2279  5702920   11.01%
  39001 34537       -0.2078    52       -0.2053       -0.2279  5758407   11.01%
  39573 35279       -0.2233    96       -0.2053       -0.2279  5872383   11.01%
  40112 35688       -0.2054    40       -0.2053       -0.2279  5938869   11.01%
  40534 36051       -0.2078    66       -0.2053       -0.2279  5989228   11.01%
Elapsed time = 330.50 sec. (422981.90 ticks, tree = 1154.66 MB, solutions = 20)
  40858 36535       -0.2070    57       -0.2053       -0.2279  6084674   11.01%
  41521 37067       -0.2078    50       -0.2053       -0.2279  6160820   11.01%
  42033 37572       -0.2214    82       -0.2053       -0.2279  6223935   11.01%
  42504 37737       -0.2140    61       -0.2053       -0.2279  6260511   11.01%
  43024 38289       -0.2217    76       -0.2053       -0.2279  6344505   11.01%
  43713 38686       -0.2062    48       -0.2053       -0.2279  6410883   11.01%
  44296 39052       -0.2224    82       -0.2053       -0.2279  6461874   11.01%
  44945 40090       -0.2277    74       -0.2053       -0.2279  6603122   11.01%
  45505 40657       -0.2200    60       -0.2053       -0.2279  6693638   11.01%
  46057 41178       -0.2062    49       -0.2053       -0.2279  6757646   11.01%
Elapsed time = 360.06 sec. (461265.24 ticks, tree = 1320.08 MB, solutions = 20)
  46505 41535       -0.2056    61       -0.2053       -0.2279  6808595   11.01%
  47025 41907       -0.2248    81       -0.2053       -0.2279  6877824   11.01%
  47549 42441       -0.2256    86       -0.2053       -0.2279  6959508   11.01%
  48069 42965       -0.2248    85       -0.2053       -0.2279  7031561   11.01%
  48583 43655       -0.2078    56       -0.2053       -0.2279  7141771   11.01%
  49203 44036       -0.2151    64       -0.2053       -0.2279  7186550   11.01%
  49663 44577       -0.2054    51       -0.2053       -0.2279  7267673   11.01%
  50125 44776       -0.2078    57       -0.2053       -0.2279  7297563   11.01%
  50556 45312       -0.2248    86       -0.2053       -0.2279  7399616   11.01%
  51088 45615       -0.2230    83       -0.2053       -0.2279  7459798   11.01%
Elapsed time = 389.28 sec. (499479.81 ticks, tree = 1463.20 MB, solutions = 20)
  51733 46140       -0.2062    42       -0.2053       -0.2279  7530874   11.01%
  52081 46820       -0.2264    81       -0.2053       -0.2279  7631612   11.01%
  52600 46920       -0.2248    93       -0.2053       -0.2279  7648923   11.01%
  53005 47630       -0.2078    59       -0.2053       -0.2279  7778153   11.01%
  53577 47990       -0.2062    30       -0.2053       -0.2279  7836248   11.01%
  54056 48550       -0.2113    64       -0.2053       -0.2279  7925003   11.01%
  54560 49080       -0.2217    62       -0.2053       -0.2279  8030453   11.01%
  55054 49389       -0.2055    57       -0.2053       -0.2279  8081761   11.01%
  55456 49676       -0.2217    70       -0.2053       -0.2279  8130949   11.01%
  55845 50241       -0.2171    79       -0.2053       -0.2279  8217448   11.01%
Elapsed time = 418.81 sec. (537691.77 ticks, tree = 1612.37 MB, solutions = 20)
  56317 50525       -0.2255    89       -0.2053       -0.2279  8265328   11.01%
  56885 50974       -0.2054    51       -0.2053       -0.2279  8350508   11.01%
  57394 51274       -0.2062    36       -0.2053       -0.2279  8403741   11.01%
  57846 52138       -0.2062    56       -0.2053       -0.2279  8537575   11.01%
  58319 52380       -0.2248    77       -0.2053       -0.2279  8583512   11.01%
  58831 52868       -0.2078    44       -0.2053       -0.2279  8664318   11.01%
  59315 53165       -0.2186    69       -0.2053       -0.2279  8719140   11.01%
  59709 53502       -0.2262    86       -0.2053       -0.2279  8764278   11.01%
  60169 53929       -0.2186    76       -0.2053       -0.2279  8849217   11.01%
  60641 54309       -0.2233    92       -0.2053       -0.2279  8938045   11.01%
Elapsed time = 448.27 sec. (575982.89 ticks, tree = 1743.16 MB, solutions = 20)
  61103 55080       -0.2055    57       -0.2053       -0.2279  9067138   11.01%
  61562 55399       -0.2066    55       -0.2053       -0.2279  9118241   11.01%
  61967 55663       -0.2124    64       -0.2053       -0.2279  9178393   11.01%
  62344 56322       -0.2217    89       -0.2053       -0.2279  9320767   11.01%
  62870 56644       -0.2109    48       -0.2053       -0.2279  9371742   11.01%
  63269 56898       -0.2109    56       -0.2053       -0.2279  9404080   11.01%
  63606 57414       -0.2263    85       -0.2053       -0.2279  9504633   11.01%
  64214 57781       -0.2217    89       -0.2053       -0.2279  9572628   11.01%
  64651 57981       -0.2186    65       -0.2053       -0.2279  9602825   11.01%
  65200 58750       -0.2107    52       -0.2053       -0.2279  9725621   11.01%
Elapsed time = 477.78 sec. (614199.48 ticks, tree = 1886.45 MB, solutions = 20)
  65690 59043       -0.2217    90       -0.2053       -0.2279  9764218   11.01%
  66145 59590       -0.2227    78       -0.2053       -0.2279  9863889   11.01%
  66611 59763       -0.2207    75       -0.2053       -0.2279  9893327   11.01%
  67152 60256       -0.2124    68       -0.2053       -0.2279  9977555   11.01%
  67660 61043       -0.2057    48       -0.2053       -0.2279 10100280   11.01%
  68118 61340       -0.2109    72       -0.2053       -0.2279 10146919   11.01%
  68518 61661       -0.2186    79       -0.2053       -0.2279 10197321   11.01%
  69062 62084       -0.2078    51       -0.2053       -0.2279 10268790   11.01%
  69533 62568       -0.2054    53       -0.2053       -0.2279 10357341   11.01%
  70064 63080       -0.2171    69       -0.2053       -0.2279 10443761   11.01%
Elapsed time = 507.69 sec. (652474.76 ticks, tree = 2026.13 MB, solutions = 20)
  70492 63378       -0.2279    82       -0.2053       -0.2279 10501626   11.01%
  70989 63985       -0.2062    46       -0.2053       -0.2279 10602969   11.01%
  71609 64483       -0.2264    91       -0.2053       -0.2279 10693568   11.01%
  72134 65017       -0.2124    49       -0.2053       -0.2279 10768657   11.01%
  72646 65285       -0.2217    72       -0.2053       -0.2279 10802618   11.01%
  73049 65815       -0.2053    50       -0.2053       -0.2279 10894730   11.01%
  73580 66221       -0.2093    56       -0.2053       -0.2279 10962465   11.01%
  74208 66640       -0.2073    53       -0.2053       -0.2279 11021657   11.01%
  74765 67118       -0.2140    64       -0.2053       -0.2279 11084297   11.01%
  75361 67990       -0.2124    62       -0.2053       -0.2279 11213310   11.01%
Elapsed time = 539.58 sec. (690741.97 ticks, tree = 2184.30 MB, solutions = 20)
Nodefile size = 131.03 MB (90.45 MB after compression)
  75720 68456       -0.2233    85       -0.2053       -0.2279 11275611   11.01%
  76017 68768       -0.2093    63       -0.2053       -0.2279 11344227   11.01%
  76237 68847       -0.2140    99       -0.2053       -0.2279 11359870   11.01%
  76614 69184       -0.2248    95       -0.2053       -0.2279 11426177   11.01%
  76927 69572       -0.2241    91       -0.2053       -0.2279 11497181   11.01%
  77209 69699       -0.2140    71       -0.2053       -0.2279 11515167   11.01%
  77503 70252       -0.2238    99       -0.2053       -0.2279 11638226   11.01%
  77835 70365       -0.2202    81       -0.2053       -0.2279 11652468   11.01%
  78163 70600       -0.2207    76       -0.2053       -0.2279 11704493   11.01%
  78363 70949       -0.2233    70       -0.2053       -0.2279 11783710   11.01%
Elapsed time = 570.44 sec. (729505.56 ticks, tree = 2279.45 MB, solutions = 20)
Nodefile size = 226.71 MB (156.35 MB after compression)
  78708 71204       -0.2140    68       -0.2053       -0.2279 11825758   11.01%
  78979 71571       -0.2186    78       -0.2053       -0.2279 11887549   11.01%
  79263 71555       -0.2140    68       -0.2053       -0.2279 11884978   11.01%
  79658 71844       -0.2217    76       -0.2053       -0.2279 11940667   11.01%
  79985 72285       -0.2171    72       -0.2053       -0.2279 12025901   11.01%
  80208 72534       -0.2264    83       -0.2053       -0.2279 12073198   11.01%
  80549 72688       -0.2124    65       -0.2053       -0.2279 12104116   11.01%
  80826 72968       -0.2062    61       -0.2053       -0.2279 12155100   11.01%
  81210 73354       -0.2109    55       -0.2053       -0.2279 12216444   11.01%

Mixed integer rounding cuts applied:  9
Gomory fractional cuts applied:  2

Root node processing (before b&c):
  Real time             =    7.59 sec. (8376.31 ticks)
Parallel b&c, 4 threads:
  Real time             =  593.06 sec. (758357.31 ticks)
  Sync time (average)   =   19.45 sec.
  Wait time (average)   =    0.00 sec.
                          ------------
Total (root+branch&cut) =  600.66 sec. (766733.62 ticks)
