Version identifier: 22.2.0.0 | 2026-05-04 | 5dff98e58
CPXPARAM_Read_DataCheck                          1
CPXPARAM_Threads                                 4
CPXPARAM_Parallel                                1
CPXPARAM_RandomSeed                              20260925
CPXPARAM_Simplex_Tolerances_Optimality           1.0000000000000001e-09
CPXPARAM_Simplex_Tolerances_Feasibility          1.0000000000000001e-09
CPXPARAM_TimeLimit                               600
CPXPARAM_MIP_Tolerances_AbsMIPGap                1.0000000000000001e-09
CPXPARAM_MIP_Tolerances_Integrality              1.0000000000000001e-09
Legacy callback                                  i
3 of 3 MIP starts provided solutions.
MIP start 'm1' defined initial solution with objective 0.0292.
Tried aggregator 1 time.
MIP Presolve eliminated 1348 rows and 2 columns.
MIP Presolve modified 3414 coefficients.
Reduced MIP has 3969 rows, 4686 columns, and 49233 nonzeros.
Reduced MIP has 1164 binaries, 0 generals, 0 SOSs, and 0 indicators.
Presolve time = 0.03 sec. (32.63 ticks)
Probing time = 0.00 sec. (0.68 ticks)
Tried aggregator 1 time.
Detecting symmetries...
Reduced MIP has 3969 rows, 4686 columns, and 49233 nonzeros.
Reduced MIP has 1164 binaries, 0 generals, 0 SOSs, and 0 indicators.
Presolve time = 0.02 sec. (20.17 ticks)
Probing time = 0.02 sec. (0.78 ticks)
MIP emphasis: balance optimality and feasibility.
MIP search method: dynamic search.
Parallel mode: deterministic, using up to 4 threads.
Root relaxation solution time = 0.02 sec. (36.38 ticks)

        Nodes                                         Cuts/
   Node  Left     Objective  IInf  Best Integer    Best Bound    ItCnt     Gap

*     0+    0                            0.0292        0.0000           100.00%
      0     0        0.0240    63        0.0292        0.0240      801   17.81%
      0     0        0.0240    54        0.0292    MIRcuts: 5      851   17.81%
      0     0        0.0240    56        0.0292    MIRcuts: 8      921   17.81%
      0     0        0.0240    56        0.0292    MIRcuts: 2      963   17.81%
      0     2        0.0240    55        0.0292        0.0240      963   17.81%
Elapsed time = 1.34 sec. (1294.72 ticks, tree = 0.02 MB, solutions = 3)
     20    22        0.0242    62        0.0292        0.0240     2236   17.81%
     40     5        0.0241    56        0.0292        0.0240     1157   17.81%
    100    72        0.0241    58        0.0292        0.0240     5131   17.81%
    161   152        0.0241    58        0.0292        0.0240    10895   17.81%
    234   198        0.0245    44        0.0292        0.0240    13384   17.81%
    285   265        0.0247    51        0.0292        0.0240    21720   17.81%
    338   321        0.0247    46        0.0292        0.0240    27333   17.81%
    387   321    infeasible              0.0292        0.0240    30375   17.81%
    421   368        0.0270    15        0.0292        0.0240    40418   17.81%
    633   492        0.0270    27        0.0292        0.0240    66575   17.68%
Elapsed time = 4.42 sec. (4720.77 ticks, tree = 5.41 MB, solutions = 3)
    810   667        0.0244    51        0.0292        0.0240    91066   17.68%
    993   796        0.0240    58        0.0292        0.0240   120078   17.68%
   1183   919        0.0247    65        0.0292        0.0240   142079   17.68%
   1421  1107        0.0244    52        0.0292        0.0240   168328   17.68%
   1579  1184        0.0276    19        0.0292        0.0240   196044   17.68%
   1824  1319        0.0248    55        0.0292        0.0240   222608   17.68%
   2126  1568        0.0246    60        0.0292        0.0240   257971   17.66%

Performing restart 1

Repeating presolve.
Tried aggregator 1 time.
Reduced MIP has 3969 rows, 4686 columns, and 49233 nonzeros.
Reduced MIP has 1164 binaries, 0 generals, 0 SOSs, and 0 indicators.
Presolve time = 0.02 sec. (13.86 ticks)
Tried aggregator 1 time.
Reduced MIP has 3969 rows, 4686 columns, and 49233 nonzeros.
Reduced MIP has 1164 binaries, 0 generals, 0 SOSs, and 0 indicators.
Presolve time = 0.02 sec. (20.45 ticks)
Represolve time = 0.03 sec. (39.74 ticks)
   2379     0        0.0240    59        0.0292       Cuts: 5   294896   17.66%
   2379     0        0.0240    65        0.0292      Cuts: 14   294977   17.66%
   2379     0        0.0240    58        0.0292       Cuts: 8   295131   17.66%
   2379     0        0.0240    64        0.0292      Cuts: 14   295310   17.66%
   2379     0        0.0240    57        0.0292     Covers: 2   295389   17.66%
   2379     0        0.0240    61        0.0292       Cuts: 7   295529   17.66%
   2379     0        0.0240    61        0.0292       Cuts: 9   295629   17.66%
   2379     2        0.0240    61        0.0292        0.0240   295629   17.66%
   2405    19        0.0247    65        0.0292        0.0240   297067   17.66%
   2565   158        0.0249    63        0.0292        0.0240   307144   17.66%
Elapsed time = 18.36 sec. (21133.91 ticks, tree = 1.90 MB, solutions = 3)
   2709   293        0.0244    65        0.0292        0.0240   318517   17.66%
   2839   390        0.0280    72        0.0292        0.0240   333406   17.66%
   3037   522        0.0263    66        0.0292        0.0240   346436   17.66%
   3256   725        0.0285    64        0.0292        0.0240   365383   17.66%
   3493   968        0.0252    49        0.0292        0.0240   382389   17.66%
   3779  1151        0.0268    78        0.0292        0.0240   397736   17.66%
   4014  1403        0.0279    49        0.0292        0.0240   415037   17.66%
   4265  1683        0.0242    58        0.0292        0.0240   436444   17.66%
   4523  1851        0.0282    42        0.0292        0.0240   448180   17.66%
   4778  2089        0.0272    54        0.0292        0.0240   468379   17.66%
Elapsed time = 25.97 sec. (30740.66 ticks, tree = 58.43 MB, solutions = 3)
   5058  2268        0.0263    59        0.0292        0.0240   490446   17.66%
   5331  2585        0.0286    72        0.0292        0.0240   505528   17.66%
   5639  2768        0.0254    54        0.0292        0.0240   520087   17.66%
   5992  3170        0.0246    64        0.0292        0.0240   543625   17.66%
   6267  3339        0.0279    49        0.0292        0.0240   558342   17.66%
   6573  3601        0.0254    69        0.0292        0.0240   573120   17.66%
   6836  3871        cutoff              0.0292        0.0240   592633   17.66%
   7116  4161        0.0272    49        0.0292        0.0240   612836   17.66%
   7475  4436        0.0278    65        0.0292        0.0240   629794   17.66%
   7790  4786        0.0250    53        0.0292        0.0240   653564   17.66%
Elapsed time = 34.36 sec. (40317.15 ticks, tree = 140.49 MB, solutions = 3)
   8113  4970        0.0247    56        0.0292        0.0240   666782   17.66%
   8394  5167        0.0263    47        0.0292        0.0240   681888   17.66%
   8629  5518        0.0272    73        0.0292        0.0240   713247   17.66%
   8822  5716        0.0248    59        0.0292        0.0240   734718   17.66%
   9111  5854        0.0240    59        0.0292        0.0240   745130   17.66%
   9432  6230        0.0286    59        0.0292        0.0240   768014   17.66%
   9793  6487        0.0284    62        0.0292        0.0240   783759   17.66%
  10166  6746        0.0273    54        0.0292        0.0240   799752   17.66%
  10400  7119        0.0289    71        0.0292        0.0240   825765   17.66%
  10736  7358        0.0258    59        0.0292        0.0240   837573   17.66%
Elapsed time = 42.50 sec. (49903.47 ticks, tree = 222.18 MB, solutions = 3)
  11175  7631        0.0249    53        0.0292        0.0240   851392   17.66%
  11591  8186        0.0266    55        0.0292        0.0240   889322   17.66%
  11933  8302        0.0257    69        0.0292        0.0240   897290   17.63%
  12294  8738        0.0249    61        0.0292        0.0240   921849   17.63%
  12541  9060        0.0283    55        0.0292        0.0240   949705   17.62%
  12914  9320        0.0287    64        0.0292        0.0240   964047   17.62%
  13267  9647        0.0252    60        0.0292        0.0240   986657   17.62%
  13708  9805        cutoff              0.0292        0.0240   997734   17.62%
  14048 10123        0.0274    50        0.0292        0.0240  1019775   17.61%
  14324 10467        0.0244    62        0.0292        0.0241  1037623   17.61%
Elapsed time = 49.95 sec. (59461.82 ticks, tree = 321.28 MB, solutions = 3)
  14698 10834        0.0266    39        0.0292        0.0241  1063247   17.60%
  14953 11235        0.0249    52        0.0292        0.0241  1094221   17.60%
  15338 11418        0.0278    57        0.0292        0.0241  1109419   17.60%
  15723 11597        0.0268    25        0.0292        0.0241  1119955   17.57%
  16081 12128        0.0257    49        0.0292        0.0241  1155576   17.56%
  16514 12390        0.0284    54        0.0292        0.0241  1171280   17.56%
  16831 12814        0.0254    57        0.0292        0.0241  1198436   17.56%
  17056 13010        0.0275    40        0.0292        0.0241  1212491   17.55%
  17348 13278        0.0276    33        0.0292        0.0241  1229593   17.55%
  17645 13518        0.0288    42        0.0292        0.0241  1249795   17.55%
Elapsed time = 58.53 sec. (69047.53 ticks, tree = 418.36 MB, solutions = 3)
  17880 13899        0.0252    70        0.0292        0.0241  1268667   17.55%
  18226 14144        0.0261    68        0.0292        0.0241  1293855   17.55%
  18524 14265        0.0254    64        0.0292        0.0241  1304181   17.55%
  18790 14514        0.0280    60        0.0292        0.0241  1317143   17.55%
  19296 14920        0.0249    62        0.0292        0.0241  1339311   17.55%
  19594 15458        0.0271    63        0.0292        0.0241  1377353   17.55%
  19874 15533        0.0262    57        0.0292        0.0241  1382730   17.55%
  20168 15702        0.0252    64        0.0292        0.0241  1400820   17.55%
  20515 16030        0.0261    70        0.0292        0.0241  1425807   17.55%
  20889 16518        0.0256    61        0.0292        0.0241  1461018   17.55%
Elapsed time = 66.23 sec. (78615.57 ticks, tree = 513.68 MB, solutions = 3)
  21154 16717        0.0242    66        0.0292        0.0241  1478722   17.55%
  21515 16992        0.0281    75        0.0292        0.0241  1507562   17.55%
  21852 17141        0.0268    59        0.0292        0.0241  1519352   17.55%
  22109 17552        0.0252    68        0.0292        0.0241  1546205   17.55%
  22435 17847        0.0260    61        0.0292        0.0241  1566387   17.55%
  22710 18092        0.0252    53        0.0292        0.0241  1581166   17.55%
  23007 18362        0.0275    60        0.0292        0.0241  1600679   17.55%
  23318 18402        0.0277    52        0.0292        0.0241  1608696   17.55%
  23771 18854        0.0250    73        0.0292        0.0241  1637844   17.55%
  24082 19101        0.0253    67        0.0292        0.0241  1652609   17.55%
Elapsed time = 73.72 sec. (88189.61 ticks, tree = 595.84 MB, solutions = 3)
  24416 19381        0.0241    59        0.0292        0.0241  1673160   17.55%
  24738 19648        0.0261    54        0.0292        0.0241  1688924   17.55%
  24945 20123        cutoff              0.0292        0.0241  1724034   17.55%
  25247 20382        0.0286    79        0.0292        0.0241  1740381   17.55%
* 25334+20417                            0.0289        0.0241            16.83%
  25386 20623        cutoff              0.0289        0.0241  1769160   16.83%
  25543 20790        0.0255    51        0.0289        0.0241  1780312   16.83%
  25673 20910        0.0276    71        0.0289        0.0241  1789414   16.83%
  25782 21047        0.0243    58        0.0289        0.0241  1801787   16.83%
* 25896+20475                            0.0289        0.0241            16.83%
  25979 21231        0.0285    74        0.0289        0.0241  1814981   16.83%
* 26092+20475                            0.0289        0.0241            16.73%
* 26116+20475                            0.0288        0.0241            16.30%
* 26116+20475                            0.0287        0.0241            16.20%
  26631 21744        0.0241    64        0.0287        0.0241  1855456   16.20%
Elapsed time = 87.25 sec. (100644.63 ticks, tree = 688.60 MB, solutions = 3)
* 27100+20475                            0.0287        0.0241            16.19%
* 27132+20475                            0.0287        0.0241            16.06%
* 27140+20475                            0.0287        0.0241            16.05%
  27335 22372        0.0274    68        0.0287        0.0241  1900222   16.05%
* 27730+20475                            0.0284        0.0241            15.21%
  27975 23014        0.0282    65        0.0284        0.0241  1947126   15.21%
* 28060+20475                            0.0281        0.0241            14.30%
* 28192+20475                            0.0279        0.0241            13.74%
* 28560+20475                            0.0276        0.0241            12.69%
  28673 23544        0.0255    68        0.0276        0.0241  1984199   12.69%
* 29079+20475                            0.0273        0.0241            11.99%
  29246 24058        0.0283    78        0.0273        0.0241  2023276   11.99%
  29859 24713        0.0255    55        0.0273        0.0241  2072118   11.99%
* 30396+20475                            0.0273        0.0241            11.98%
* 30412+20475                            0.0273        0.0241            11.88%
* 30646+20475                            0.0273        0.0241            11.86%
  30648 25379        0.0260    43        0.0273        0.0241  2108659   11.86%
  31801 21338        0.0257    67        0.0273        0.0241  2157926   11.86%
  33365 23120        0.0251    61        0.0273        0.0241  2231306   11.86%
  35222 24655        0.0251    51        0.0273        0.0241  2301272   11.86%
  37166 26135        0.0250    65        0.0273        0.0241  2362946   11.86%
Elapsed time = 122.75 sec. (138837.61 ticks, tree = 827.82 MB, solutions = 20)
  39240 28025        0.0243    58        0.0273        0.0241  2436059   11.80%
  41654 30684        0.0262    57        0.0273        0.0241  2553813   11.80%
  43920 32451        cutoff              0.0273        0.0241  2625395   11.78%
  46021 34694        0.0255    61        0.0273        0.0241  2722821   11.77%
  48139 36544        0.0243    59        0.0273        0.0241  2811026   11.76%

Performing restart 2

Repeating presolve.
Tried aggregator 1 time.
Reduced MIP has 3969 rows, 4686 columns, and 49233 nonzeros.
Reduced MIP has 1164 binaries, 0 generals, 0 SOSs, and 0 indicators.
Presolve time = 0.00 sec. (13.86 ticks)
Tried aggregator 1 time.
Reduced MIP has 3969 rows, 4686 columns, and 49233 nonzeros.
Reduced MIP has 1164 binaries, 0 generals, 0 SOSs, and 0 indicators.
Presolve time = 0.00 sec. (20.45 ticks)
Represolve time = 0.06 sec. (48.39 ticks)
  48249     0        0.0240    62        0.0273       Cuts: 5  2842547   11.76%
  48249     0        0.0240    59        0.0273       Cuts: 7  2842639   11.76%
  48249     0        0.0240    64        0.0273       Cuts: 9  2842716   11.76%
  48249     2        0.0240    56        0.0273        0.0241  2842716   11.76%
  48538   258        0.0259    54        0.0273        0.0241  2857278   11.76%
  49212   769        0.0272    36        0.0273        0.0241  2899991   11.76%
  50728  2090        0.0259    41        0.0273        0.0241  2968286   11.76%
  52230  3372        0.0241    59        0.0273        0.0241  3027331   11.76%
Elapsed time = 151.89 sec. (177656.11 ticks, tree = 100.53 MB, solutions = 35)
  53968  5087        0.0269    44        0.0273        0.0241  3112478   11.76%
  55630  6375        0.0272    73        0.0273        0.0241  3173526   11.76%
  57303  7936        0.0259    51        0.0273        0.0241  3257810   11.76%
  59248  9687        0.0258    68        0.0273        0.0241  3341221   11.76%
  61018 11200        0.0244    58        0.0273        0.0241  3416000   11.76%
  62868 12838        0.0266    49        0.0273        0.0241  3499245   11.76%
  64442 14423        0.0249    57        0.0273        0.0241  3578286   11.76%
  66081 15944        0.0272    58        0.0273        0.0241  3659233   11.76%
  67705 17114        0.0255    45        0.0273        0.0241  3729185   11.76%
  69270 18608        0.0260    51        0.0273        0.0241  3807271   11.76%
Elapsed time = 180.05 sec. (215852.02 ticks, tree = 582.88 MB, solutions = 35)
  71030 20292        0.0255    56        0.0273        0.0241  3892918   11.76%
  72825 21584        0.0272    39        0.0273        0.0241  3958521   11.76%
  74890 23669        0.0268    50        0.0273        0.0241  4058789   11.76%
  76416 25327        0.0250    53        0.0273        0.0241  4147954   11.74%
  78227 26793        0.0245    60        0.0273        0.0241  4228446   11.74%
  80022 28526        0.0260    50        0.0273        0.0241  4321616   11.74%
  81722 29684        0.0272    40        0.0273        0.0241  4378126   11.73%
  83426 31372        0.0257    51        0.0273        0.0241  4464633   11.72%
  85095 32798        0.0249    58        0.0273        0.0241  4545030   11.72%
  86676 34471        0.0250    64        0.0273        0.0241  4642298   11.72%
Elapsed time = 207.91 sec. (254020.80 ticks, tree = 1050.07 MB, solutions = 35)
  88385 35896        0.0269    31        0.0273        0.0241  4716976   11.72%
  90105 37392        0.0243    60        0.0273        0.0241  4791349   11.72%
  91611 38913        0.0258    45        0.0273        0.0241  4875783   11.72%
  93215 40644        0.0271    49        0.0273        0.0241  4967224   11.72%
  95114 42240        0.0253    31        0.0273        0.0241  5050984   11.71%
* 96438+43209                            0.0273        0.0241            11.68%
  97052 44029        0.0250    63        0.0273        0.0241  5142742   11.68%
  98706 45197        0.0245    62        0.0273        0.0241  5211295   11.67%
 100508 46985        0.0245    60        0.0273        0.0241  5304594   11.67%
 102393 48821        0.0243    59        0.0273        0.0241  5399762   11.67%
 103978 50256        0.0243    60        0.0273        0.0241  5476293   11.67%
Elapsed time = 236.11 sec. (292180.58 ticks, tree = 1536.05 MB, solutions = 36)
 105550 51736        0.0247    63        0.0273        0.0241  5557153   11.67%
 107294 53087        0.0245    56        0.0273        0.0241  5638115   11.67%
 109159 54922        0.0265    39        0.0273        0.0241  5734263   11.66%
 111028 56471        0.0255    45        0.0273        0.0241  5812260   11.65%
 112422 58033        0.0247    63        0.0273        0.0241  5908423   11.65%
 114272 59721        0.0268    48        0.0273        0.0241  6001134   11.65%
 116124 61271        0.0245    51        0.0273        0.0241  6084470   11.64%
 117606 62865        0.0247    60        0.0273        0.0241  6177166   11.64%
 119113 64171        0.0269    54        0.0273        0.0241  6259113   11.63%
 120816 65714        0.0272    48        0.0273        0.0241  6351263   11.63%
Elapsed time = 264.33 sec. (330356.60 ticks, tree = 1998.48 MB, solutions = 36)
 122783 67415        0.0257    42        0.0273        0.0241  6460455   11.63%
 124646 69402        0.0264    37        0.0273        0.0241  6591131   11.63%
 126482 70789        0.0241    58        0.0273        0.0241  6683331   11.62%
 128287 72483        0.0244    52        0.0273        0.0241  6808357   11.62%
 130142 73956        cutoff              0.0273        0.0241  6912091   11.61%
 131993 75550        0.0246    58        0.0273        0.0241  7019758   11.61%
 133678 77655        0.0250    36        0.0273        0.0241  7161108   11.61%
 135639 79110        0.0259    47        0.0273        0.0241  7259134   11.61%
 137532 80517        0.0260    44        0.0273        0.0241  7358976   11.60%
 139535 82977        0.0265    45        0.0273        0.0241  7513812   11.60%
Elapsed time = 291.97 sec. (368521.34 ticks, tree = 2036.22 MB, solutions = 36)
 141375 84230        0.0263    41        0.0273        0.0241  7592703   11.59%
 143287 86312        0.0249    61        0.0273        0.0241  7736645   11.59%
 145295 87787        0.0258    33        0.0273        0.0241  7835199   11.59%
 147204 89556        0.0242    61        0.0273        0.0241  7941934   11.58%
 149088 91240        0.0241    56        0.0273        0.0241  8061568   11.57%
 150768 93019        0.0245    54        0.0273        0.0241  8190611   11.57%
 152535 94802        0.0265    53        0.0273        0.0241  8318696   11.57%
 154190 96100        0.0258    54        0.0273        0.0241  8411331   11.57%
 155926 97767        0.0254    53        0.0273        0.0241  8531398   11.57%
 157723 99182        0.0247    54        0.0273        0.0241  8634432   11.57%
Elapsed time = 319.41 sec. (406681.58 ticks, tree = 2063.57 MB, solutions = 36)
Nodefile size = 12.12 MB (7.84 MB after compression)
 159550 100992        0.0255    31        0.0273        0.0241  8767261   11.57%
 161176 102529        0.0265    40        0.0273        0.0241  8881898   11.57%
 163081 104251        0.0245    57        0.0273        0.0241  8996224   11.57%
 165090 105980        0.0270    42        0.0273        0.0241  9104207   11.57%
 167100 107652        0.0257    35        0.0273        0.0241  9208817   11.56%
 169371 110376        0.0243    53        0.0273        0.0241  9371190   11.55%
 171196 111823        0.0247    68        0.0273        0.0241  9465553   11.55%
 172811 113289        0.0249    53        0.0273        0.0241  9569188   11.55%
 174378 114665        0.0269    43        0.0273        0.0241  9670835   11.55%
*175761+116370                            0.0273        0.0241            11.44%
 176005 116088        0.0261    51        0.0273        0.0241  9783140   11.44%
Elapsed time = 347.03 sec. (444865.26 ticks, tree = 2092.16 MB, solutions = 37)
Nodefile size = 41.08 MB (26.51 MB after compression)
 177464 117492        0.0265    54        0.0273        0.0241  9915503   11.44%
 178859 118704        0.0272    44        0.0273        0.0241 10011743   11.44%
 180781 120569        0.0264    45        0.0273        0.0241 10144713   11.44%
 182997 121898        0.0265    43        0.0273        0.0241 10228546   11.44%
 185015 124154        0.0272    51        0.0273        0.0241 10363192   11.43%
 186930 126358        0.0246    52        0.0273        0.0241 10508191   11.43%
 188788 127824        0.0246    63        0.0273        0.0241 10601270   11.43%
 190433 129093        0.0244    62        0.0273        0.0241 10698662   11.42%
 192262 131346        0.0272    52        0.0273        0.0241 10856189   11.42%
 194022 132365        0.0264    50        0.0273        0.0241 10930097   11.42%
Elapsed time = 375.16 sec. (483022.75 ticks, tree = 2113.55 MB, solutions = 37)
Nodefile size = 62.55 MB (40.18 MB after compression)
 195641 134374        0.0261    54        0.0273        0.0241 11072705   11.42%
 197314 135886        0.0254    57        0.0273        0.0241 11176652   11.42%
 199175 137507        0.0261    45        0.0273        0.0241 11300764   11.42%
 200922 139173        0.0259    50        0.0273        0.0241 11424982   11.42%
 202673 140508        0.0243    68        0.0273        0.0241 11521117   11.42%
 204496 141925        0.0257    33        0.0273        0.0241 11621856   11.42%
 206341 143939        0.0251    56        0.0273        0.0242 11754238   11.42%
 208546 146392        0.0270    48        0.0273        0.0242 11902706   11.42%
 210463 148116        0.0254    33        0.0273        0.0242 12021516   11.41%
 212405 149414        0.0267    51        0.0273        0.0242 12110104   11.41%
Elapsed time = 403.28 sec. (521198.59 ticks, tree = 2146.39 MB, solutions = 37)
Nodefile size = 94.69 MB (60.62 MB after compression)
 214146 151411        0.0264    50        0.0273        0.0242 12243732   11.41%
 216140 153043        0.0261    47        0.0273        0.0242 12356137   11.41%
 218112 154718        0.0245    59        0.0273        0.0242 12467513   11.41%
 220124 157057        0.0268    31        0.0273        0.0242 12618929   11.41%
 222263 158319        0.0261    41        0.0273        0.0242 12695810   11.41%
 224168 160193        0.0249    51        0.0273        0.0242 12812645   11.40%
 225845 161843        0.0249    68        0.0273        0.0242 12933652   11.40%
 227552 163323        0.0247    44        0.0273        0.0242 13047372   11.40%
 229449 165446        0.0254    52        0.0273        0.0242 13176521   11.40%
 231270 166781        0.0259    49        0.0273        0.0242 13276712   11.40%
Elapsed time = 431.69 sec. (559364.96 ticks, tree = 2176.32 MB, solutions = 37)
Nodefile size = 125.26 MB (79.78 MB after compression)
 233230 168282        0.0265    55        0.0273        0.0242 13379404   11.40%
 235289 170232        0.0248    53        0.0273        0.0242 13510431   11.40%
 237374 172638        0.0253    50        0.0273        0.0242 13642495   11.40%
 239518 174617        0.0261    20        0.0273        0.0242 13761469   11.39%
 241808 177064        0.0257    47        0.0273        0.0242 13902868   11.39%
 244014 178830        cutoff              0.0273        0.0242 13999539   11.39%
 246403 180783        0.0270    41        0.0273        0.0242 14114314   11.39%
 248673 182855        0.0255    35        0.0273        0.0242 14229153   11.39%
 250704 184994        0.0246    51        0.0273        0.0242 14349155   11.38%
 252695 186590        0.0252    50        0.0273        0.0242 14455324   11.38%
Elapsed time = 461.75 sec. (597539.27 ticks, tree = 2212.50 MB, solutions = 37)
Nodefile size = 161.38 MB (102.05 MB after compression)
 254790 188865        0.0271    37        0.0273        0.0242 14603419   11.38%
 256996 190741        0.0245    55        0.0273        0.0242 14710795   11.38%
 259081 192603        0.0258    40        0.0273        0.0242 14828930   11.37%
 261291 194454        0.0248    61        0.0273        0.0242 14950694   11.37%
 263736 196675        0.0258    50        0.0273        0.0242 15061877   11.37%
 265862 199356        0.0264    46        0.0273        0.0242 15210937   11.37%
 267908 201022        0.0263    46        0.0273        0.0242 15310137   11.37%
 269991 202609        0.0246    53        0.0273        0.0242 15424440   11.37%
 272133 204560        0.0269    46        0.0273        0.0242 15531989   11.37%
 274405 207098        0.0242    64        0.0273        0.0242 15690953   11.37%
Elapsed time = 490.86 sec. (635705.31 ticks, tree = 2248.19 MB, solutions = 37)
Nodefile size = 197.66 MB (123.94 MB after compression)
 276436 208717        0.0269    50        0.0273        0.0242 15786169   11.37%
 278451 210616        0.0270    50        0.0273        0.0242 15902071   11.37%
 280660 212871        0.0271    50        0.0273        0.0242 16031899   11.37%
 282824 214562        0.0242    59        0.0273        0.0242 16136101   11.36%
 284750 216807        0.0267    33        0.0273        0.0242 16269261   11.36%
 286898 218861        0.0257    42        0.0273        0.0242 16400524   11.36%
 289039 220964        0.0254    54        0.0273        0.0242 16520488   11.36%
 291084 222428        0.0268    48        0.0273        0.0242 16615307   11.36%
 293175 224292        0.0245    47        0.0273        0.0242 16730083   11.35%
 295240 226086        0.0257    32        0.0273        0.0242 16841494   11.35%
Elapsed time = 521.53 sec. (673867.57 ticks, tree = 2283.10 MB, solutions = 37)
Nodefile size = 232.43 MB (144.77 MB after compression)
 297422 228577        0.0248    43        0.0273        0.0242 17001958   11.35%
 299825 230543        0.0262    46        0.0273        0.0242 17123627   11.35%
 301777 232094        0.0248    46        0.0273        0.0242 17220204   11.35%
 303865 234319        0.0257    44        0.0273        0.0242 17348642   11.35%
 306015 236095        0.0245    54        0.0273        0.0242 17455542   11.35%
 308491 238603        0.0267    45        0.0273        0.0242 17596740   11.35%
 309934 240538        0.0270    42        0.0273        0.0242 17705982   11.34%
 311027 241429        0.0258    42        0.0273        0.0242 17759698   11.34%
 311839 242089        0.0243    54        0.0273        0.0242 17803982   11.34%
 312870 243128        0.0247    61        0.0273        0.0242 17860284   11.34%
Elapsed time = 551.23 sec. (712041.43 ticks, tree = 2312.70 MB, solutions = 37)
Nodefile size = 262.01 MB (162.17 MB after compression)
 313830 243739        0.0263    35        0.0273        0.0242 17894961   11.34%
 314766 244936        0.0243    60        0.0273        0.0242 17966006   11.34%
 315576 245773        0.0270    54        0.0273        0.0242 18010637   11.34%
 316519 246504        0.0242    60        0.0273        0.0242 18053120   11.34%
 317376 247287        0.0254    38        0.0273        0.0242 18107237   11.34%
 318401 248059        0.0271    34        0.0273        0.0242 18152037   11.34%
 319249 249167        0.0243    61        0.0273        0.0242 18216364   11.34%
 320156 249820        0.0258    44        0.0273        0.0242 18259186   11.34%
 321314 250691        0.0247    43        0.0273        0.0242 18307647   11.34%
 322429 251625        0.0248    47        0.0273        0.0242 18359514   11.34%
Elapsed time = 586.44 sec. (750683.38 ticks, tree = 2327.60 MB, solutions = 37)
Nodefile size = 277.29 MB (171.08 MB after compression)
 323249 252299        0.0264    47        0.0273        0.0242 18393651   11.34%
 324241 253383        0.0266    45        0.0273        0.0242 18461197   11.33%
 325049 254053        0.0248    44        0.0273        0.0242 18493124   11.33%

Mixed integer rounding cuts applied:  5

Root node processing (before b&c):
  Real time             =    1.33 sec. (1293.75 ticks)
Parallel b&c, 4 threads:
  Real time             =  599.06 sec. (764359.15 ticks)
  Sync time (average)   =   29.40 sec.
  Wait time (average)   =    0.00 sec.
                          ------------
Total (root+branch&cut) =  600.39 sec. (765652.90 ticks)
