Version identifier: 22.2.0.0 | 2026-05-04 | 5dff98e58
CPXPARAM_Read_DataCheck                          1
CPXPARAM_Threads                                 4
CPXPARAM_Parallel                                1
CPXPARAM_RandomSeed                              20260925
CPXPARAM_MIP_Strategy_Search                     1
CPXPARAM_Simplex_Tolerances_Optimality           1.0000000000000001e-09
CPXPARAM_Simplex_Tolerances_Feasibility          1.0000000000000001e-09
CPXPARAM_TimeLimit                               600
CPXPARAM_MIP_Tolerances_AbsMIPGap                1.0000000000000001e-09
CPXPARAM_MIP_Tolerances_Integrality              1.0000000000000001e-09
Legacy callback                                  iLUD
Lazy constraint(s) or lazy constraint/branch callback is present.
    Disabling dual reductions (CPX_PARAM_REDUCE) in presolve.
    Disabling presolve reductions that prevent crushing forms (CPX_PARAM_PREREFORM).
         Disabling repeat represolve because of lazy constraint/incumbent callback.
Warning: Effort level 'CheckFeas' is incompatible with lazy constraint/incumbent callback.
         Effort level increased to 'SolveFixed'.
1 of 1 MIP starts provided solutions.
MIP start 'm1' defined initial solution with objective 0.0608.
Tried aggregator 1 time.
MIP Presolve eliminated 3106 rows and 0 columns.
MIP Presolve modified 40 coefficients.
Reduced MIP has 1472 rows, 2432 columns, and 14366 nonzeros.
Reduced MIP has 1200 binaries, 0 generals, 0 SOSs, and 0 indicators.
Presolve time = 0.02 sec. (11.48 ticks)
Probing time = 0.00 sec. (0.25 ticks)
MIP emphasis: balance optimality and feasibility.
MIP search method: traditional branch-and-cut.
Parallel mode: deterministic, using up to 4 threads.
Root relaxation solution time = 0.02 sec. (27.23 ticks)

        Nodes                                         Cuts/
   Node  Left     Objective  IInf  Best Integer    Best Bound    ItCnt     Gap         Variable B NodeID Parent  Depth

*     0+    0                            0.0608        0.0000           100.00%
      0     0        0.0522    12        0.0608        0.0522      869   14.20%
      0     0        0.0522    13        0.0608     Covers: 1      872   14.20%
      0     0        0.0522    14        0.0608 UserPurge1: 1      873   14.20%
      0     0        0.0522    13        0.0608 UserPurge1: 1      874   14.20%
      0     0        0.0522    15        0.0608 UserPurge1: 1      877   14.20%
      0     0        0.0522    18        0.0608 UserPurge1: 1      880   14.20%
      0     0        0.0522    15        0.0608 UserPurge1: 1      882   14.20%
      0     0        0.0522    11        0.0608 UserPurge1: 1      883   14.20%
      0     0        0.0522    10        0.0608 UserPurge1: 1      884   14.20%
      0     0        0.0522    12        0.0608 UserPurge1: 1      885   14.20%
*     0+    0                            0.0603        0.0522            13.52%
      0     0  -1.00000e+75     0        0.0603        0.0522      885   13.52%
      0     2        0.0522    10        0.0603        0.0522      885   13.52%                        0             0
Elapsed time = 1.11 sec. (622.00 ticks, tree = 0.02 MB, solutions = 2)
*    97+   55                            0.0553        0.0522             5.58%
    182    98        0.0531    23        0.0553        0.0522     6043    5.53%            x156 D    180    176      5
    563   322        0.0549     4        0.0553        0.0526    15697    4.88%           x1146 D    515    511     30
*   968+  605                            0.0553        0.0532             3.66%
   1029   651        0.0552    24        0.0553        0.0533    27248    3.59%            x174 U   1014    720     12
*  1050+  650                            0.0553        0.0533             3.59%
*  1052+  649                            0.0553        0.0533             3.58%
*  1130   640      integral     0        0.0553        0.0537    30260    2.88%            x876 D   1111   1107     15
   1420   510        0.0552    21        0.0553        0.0543    48469    1.65%           x1122 U   1414   1330     15
   1800   356        cutoff              0.0553        0.0547    63060    0.93%            x822 U   1814    654     18

Cover cuts applied:  10
User cuts applied:  1

Root node processing (before b&c):
  Real time             =    1.09 sec. (621.22 ticks)
Parallel b&c, 4 threads:
  Real time             =    3.61 sec. (1368.31 ticks)
  Sync time (average)   =    0.32 sec.
  Wait time (average)   =    0.00 sec.
                          ------------
Total (root+branch&cut) =    4.70 sec. (1989.53 ticks)
