Version identifier: 22.2.0.0 | 2026-05-04 | 5dff98e58
CPXPARAM_Read_DataCheck                          1
CPXPARAM_Threads                                 4
CPXPARAM_Parallel                                1
CPXPARAM_RandomSeed                              20260925
CPXPARAM_MIP_Strategy_Search                     1
CPXPARAM_Simplex_Tolerances_Optimality           1.0000000000000001e-09
CPXPARAM_Simplex_Tolerances_Feasibility          1.0000000000000001e-09
CPXPARAM_TimeLimit                               600
CPXPARAM_MIP_Tolerances_AbsMIPGap                1.0000000000000001e-09
CPXPARAM_MIP_Tolerances_Integrality              1.0000000000000001e-09
Legacy callback                                  iLUD
Lazy constraint(s) or lazy constraint/branch callback is present.
    Disabling dual reductions (CPX_PARAM_REDUCE) in presolve.
    Disabling presolve reductions that prevent crushing forms (CPX_PARAM_PREREFORM).
         Disabling repeat represolve because of lazy constraint/incumbent callback.
Warning: Effort level 'CheckFeas' is incompatible with lazy constraint/incumbent callback.
         Effort level increased to 'SolveFixed'.
1 of 1 MIP starts provided solutions.
MIP start 'm1' defined initial solution with objective 0.0598.
Tried aggregator 1 time.
MIP Presolve eliminated 3106 rows and 0 columns.
Reduced MIP has 1469 rows, 2432 columns, and 13759 nonzeros.
Reduced MIP has 1200 binaries, 0 generals, 0 SOSs, and 0 indicators.
Presolve time = 0.00 sec. (11.36 ticks)
Probing time = 0.02 sec. (0.24 ticks)
MIP emphasis: balance optimality and feasibility.
MIP search method: traditional branch-and-cut.
Parallel mode: deterministic, using up to 4 threads.
Root relaxation solution time = 0.02 sec. (31.79 ticks)

        Nodes                                         Cuts/
   Node  Left     Objective  IInf  Best Integer    Best Bound    ItCnt     Gap         Variable B NodeID Parent  Depth

*     0+    0                            0.0598        0.0000           100.00%
      0     0        0.0522    12        0.0598        0.0522      974   12.80%
      0     0        0.0522    10        0.0598     Covers: 1      975   12.80%
      0     0        0.0522    12        0.0598     Covers: 1      976   12.80%
*     0+    0                            0.0567        0.0522             7.88%
      0     0  -1.00000e+75     0        0.0567        0.0522      976    7.88%
      0     2        0.0522    10        0.0567        0.0522      976    7.88%                        0             0
Elapsed time = 0.31 sec. (228.84 ticks, tree = 0.02 MB, solutions = 2)
*    10+    1                            0.0567        0.0522             7.87%
*   107+   61                            0.0553        0.0522             5.59%
    206   138    infeasible              0.0553        0.0522     4797    5.59%            x540 U    224    212     45
*   212+  125                            0.0553        0.0522             5.56%
*   275+  185                            0.0553        0.0522             5.56%
*   373   202      integral     0        0.0553        0.0527     9756    4.66%            x756 D    383    379     12
*   379+  211                            0.0553        0.0527             4.66%
*   390   221      integral     0        0.0553        0.0528    10804    4.41%
    779   397        cutoff              0.0553        0.0536    19034    2.92%            x876 U    811     47     11
*  1080   445      integral     0        0.0553        0.0546    29529    1.13%            x366 U   1083    483     11

Cover cuts applied:  9

Root node processing (before b&c):
  Real time             =    0.31 sec. (228.14 ticks)
Parallel b&c, 4 threads:
  Real time             =    1.70 sec. (928.01 ticks)
  Sync time (average)   =    0.20 sec.
  Wait time (average)   =    0.00 sec.
                          ------------
Total (root+branch&cut) =    2.02 sec. (1156.15 ticks)
