Version identifier: 22.2.0.0 | 2026-05-04 | 5dff98e58
CPXPARAM_Read_DataCheck                          1
CPXPARAM_Threads                                 4
CPXPARAM_Parallel                                1
CPXPARAM_RandomSeed                              20260925
CPXPARAM_Simplex_Tolerances_Optimality           1.0000000000000001e-09
CPXPARAM_Simplex_Tolerances_Feasibility          1.0000000000000001e-09
CPXPARAM_TimeLimit                               600
CPXPARAM_MIP_Tolerances_AbsMIPGap                1.0000000000000001e-09
CPXPARAM_MIP_Tolerances_Integrality              1.0000000000000001e-09
Legacy callback                                  i
Found incumbent of value 0.000000 after 0.00 sec. (0.15 ticks)
Tried aggregator 1 time.
MIP Presolve eliminated 1347 rows and 1 columns.
MIP Presolve modified 3492 coefficients.
Reduced MIP has 3968 rows, 4687 columns, and 49206 nonzeros.
Reduced MIP has 1164 binaries, 0 generals, 0 SOSs, and 0 indicators.
Presolve time = 0.03 sec. (32.69 ticks)
Probing time = 0.00 sec. (0.68 ticks)
Tried aggregator 1 time.
Detecting symmetries...
Reduced MIP has 3968 rows, 4687 columns, and 49206 nonzeros.
Reduced MIP has 1164 binaries, 0 generals, 0 SOSs, and 0 indicators.
Presolve time = 0.02 sec. (21.11 ticks)
Probing time = 0.00 sec. (0.78 ticks)
MIP emphasis: balance optimality and feasibility.
MIP search method: dynamic search.
Parallel mode: deterministic, using up to 4 threads.
Root relaxation solution time = 0.17 sec. (151.38 ticks)

        Nodes                                         Cuts/
   Node  Left     Objective  IInf  Best Integer    Best Bound    ItCnt     Gap

*     0+    0                            0.0000       -1.0000              --- 
      0     0       -0.2279    92        0.0000       -0.2279     2838     --- 
*     0+    0                           -0.0946       -0.2279           140.98%
*     0+    0                           -0.1960       -0.2279            16.28%
      0     0       -0.2279    73       -0.1960       Cuts: 8     3661   16.28%
      0     0       -0.2279    79       -0.1960       Cuts: 5     4308   16.28%
      0     0       -0.2279    68       -0.1960    MIRcuts: 2     5048   16.28%
      0     0       -0.2279    75       -0.1960    MIRcuts: 4     5786   16.28%
      0     2       -0.2279    68       -0.1960       -0.2279     5786   16.28%
Elapsed time = 8.92 sec. (8835.65 ticks, tree = 0.02 MB, solutions = 3)
      1     3       -0.2248    70       -0.1960       -0.2279     8388   16.28%
      2     3       -0.2279    72       -0.1960       -0.2279     9948   16.28%
      5     7       -0.2248    78       -0.1960       -0.2279    16255   16.28%
     10     4       -0.2248    72       -0.1960       -0.2279    10272   16.28%
     16    15       -0.2275    91       -0.1960       -0.2279    34154   16.28%
     19    16       -0.2233    76       -0.1960       -0.2279    34805   16.28%
     30    19       -0.2248    86       -0.1960       -0.2279    40451   16.28%
     37    29       -0.2275    86       -0.1960       -0.2279    56216   16.28%
     43    39       -0.2248    86       -0.1960       -0.2279    75995   16.28%
     80    57       -0.2234    91       -0.1960       -0.2279    89527   16.28%
Elapsed time = 12.47 sec. (12369.42 ticks, tree = 0.22 MB, solutions = 3)
    163   153       -0.2251    75       -0.1960       -0.2279   124603   16.28%
    222   205       -0.2209    76       -0.1960       -0.2279   134183   16.28%
    270   243       -0.2177    74       -0.1960       -0.2279   140165   16.28%
    343   306       -0.2050    35       -0.1960       -0.2279   146451   16.28%
*   428+  338                           -0.1980       -0.2279            15.11%
    461   408       -0.2250    77       -0.1980       -0.2279   158808   15.11%
    588   482       -0.2211    69       -0.1980       -0.2279   170151   15.11%
    677   595       -0.2157    53       -0.1980       -0.2279   185594   15.11%
    752   652       -0.2271    95       -0.1980       -0.2279   202150   15.11%
    876   727       -0.2115    53       -0.1980       -0.2279   214031   15.11%
   1000   870       -0.2194    58       -0.1980       -0.2279   233056   15.11%
Elapsed time = 21.08 sec. (21968.47 ticks, tree = 20.69 MB, solutions = 4)
   1135   937       -0.2083    40       -0.1980       -0.2279   241281   15.11%
*  1269+ 1149                           -0.2016       -0.2279            13.08%
*  1271+ 1149                           -0.2027       -0.2279            12.46%
*  1271+ 1149                           -0.2031       -0.2279            12.21%
*  1271+ 1149                           -0.2037       -0.2279            11.86%
*  1271+ 1149                           -0.2042       -0.2279            11.61%
   1275  1190       -0.2271    89       -0.2042       -0.2279   262240   11.61%

Performing restart 1

Repeating presolve.
Tried aggregator 1 time.
Reduced MIP has 3968 rows, 4687 columns, and 49206 nonzeros.
Reduced MIP has 1164 binaries, 0 generals, 0 SOSs, and 0 indicators.
Presolve time = 0.02 sec. (13.87 ticks)
Tried aggregator 1 time.
Reduced MIP has 3968 rows, 4687 columns, and 49206 nonzeros.
Reduced MIP has 1164 binaries, 0 generals, 0 SOSs, and 0 indicators.
Presolve time = 0.02 sec. (21.39 ticks)
Represolve time = 0.05 sec. (44.65 ticks)
   1336     0       -0.2279    77       -0.2042       Cuts: 9   274689   11.61%
   1336     0       -0.2279    76       -0.2042      Cuts: 10   275322   11.61%
   1336     0       -0.2279    71       -0.2042       Cuts: 4   276355   11.61%
   1336     0       -0.2279    85       -0.2042       Cuts: 8   277262   11.61%
   1336     0       -0.2279    94       -0.2042    MIRcuts: 1   277296   11.61%
   1336     0       -0.2279    76       -0.2042      Fract: 2   277767   11.61%
   1336     0       -0.2279    84       -0.2042       Cuts: 5   278674   11.61%
   1336     2       -0.2279    84       -0.2042       -0.2279   278674   11.61%
   1338     3       -0.2248    84       -0.2042       -0.2279   278936   11.61%
   1341     7       -0.2248    82       -0.2042       -0.2279   290048   11.61%
   1354    12       -0.2244   103       -0.2042       -0.2279   298436   11.61%
   1385    33       -0.2233    84       -0.2042       -0.2279   318011   11.61%
   1436    74       -0.2202    80       -0.2042       -0.2279   322569   11.61%
   1506   127       -0.2189    80       -0.2042       -0.2279   327554   11.61%
   1570   195       -0.2174    68       -0.2042       -0.2279   334000   11.61%
Elapsed time = 42.44 sec. (45551.83 ticks, tree = 4.49 MB, solutions = 9)
   1635   264       -0.2145    68       -0.2042       -0.2279   346148   11.61%
   1701   302       -0.2217    79       -0.2042       -0.2279   352356   11.61%
   1739   373       -0.2060    60       -0.2042       -0.2279   364085   11.61%
   1836   427       -0.2229    75       -0.2042       -0.2279   369771   11.61%
   1961   477       -0.2047    68       -0.2042       -0.2279   374148   11.61%
   2074   612       -0.2244    89       -0.2042       -0.2279   394295   11.61%
   2296   697       -0.2155    67       -0.2042       -0.2279   398585   11.61%
   2476   842       -0.2268   106       -0.2042       -0.2279   409984   11.61%
   2641  1056       -0.2056    46       -0.2042       -0.2279   429957   11.61%
   2849  1277       -0.2051    43       -0.2042       -0.2279   442525   11.61%
Elapsed time = 51.55 sec. (55162.43 ticks, tree = 38.70 MB, solutions = 9)
   3041  1407       -0.2193    84       -0.2042       -0.2279   450873   11.61%
   3219  1526       -0.2121    68       -0.2042       -0.2279   461120   11.61%
   3354  1718       -0.2222    62       -0.2042       -0.2279   474450   11.61%
   3510  1861       -0.2129    52       -0.2042       -0.2273   487878   11.30%
   3734  2070       -0.2237    99       -0.2042       -0.2272   500464   11.26%
   3970  2209       -0.2067    50       -0.2042       -0.2272   508881   11.25%
   4160  2505       -0.2063    62       -0.2042       -0.2270   523278   11.18%
   4314  2620       -0.2220    85       -0.2042       -0.2268   535237   11.08%
   4385  2771       -0.2049    59       -0.2042       -0.2268   550163   11.08%
   4531  2858       -0.2112    65       -0.2042       -0.2268   558895   11.06%
Elapsed time = 60.98 sec. (64782.57 ticks, tree = 89.14 MB, solutions = 9)
   4693  2907       -0.2122    45       -0.2042       -0.2268   563622   11.04%
   4926  3168       -0.2062    40       -0.2042       -0.2268   581593   11.04%
   5069  3318       -0.2099    45       -0.2042       -0.2267   592181   11.03%
   5222  3516       -0.2224    87       -0.2042       -0.2267   605995   11.01%
   5312  3593       -0.2171    72       -0.2042       -0.2267   611175   11.00%
   5388  3701       -0.2171    72       -0.2042       -0.2267   626540   11.00%
   5511  3803       -0.2092    57       -0.2042       -0.2267   639565   11.00%
   5701  3864       -0.2134    58       -0.2042       -0.2267   645121   11.00%
   5832  4027       -0.2090    57       -0.2042       -0.2267   665950   11.00%
   5967  4211       -0.2114    50       -0.2042       -0.2267   681763   11.00%
Elapsed time = 69.72 sec. (74556.71 ticks, tree = 132.47 MB, solutions = 9)
   6109  4196       -0.2096    67       -0.2042       -0.2266   678641   10.98%
   6377  4408       -0.2171    77       -0.2042       -0.2266   697582   10.98%
   6605  4653       -0.2116    70       -0.2042       -0.2266   713242   10.96%
   6765  4824       -0.2216    72       -0.2042       -0.2266   719775   10.96%
   6882  5026       -0.2196    71       -0.2042       -0.2266   743668   10.96%
   7037  5053       -0.2127    56       -0.2042       -0.2266   749904   10.96%
   7150  5324       -0.2217    67       -0.2042       -0.2266   774228   10.96%
   7267  5349       -0.2175    60       -0.2042       -0.2266   777324   10.96%
   7468  5442       -0.2118    57       -0.2042       -0.2266   791510   10.96%
   7575  5516       -0.2202    70       -0.2042       -0.2266   803209   10.96%
Elapsed time = 78.39 sec. (84210.33 ticks, tree = 174.22 MB, solutions = 9)
   7698  5697       -0.2233    87       -0.2042       -0.2266   812536   10.96%
   7771  5855       -0.2128    56       -0.2042       -0.2266   835828   10.96%
   7908  5955       -0.2132    57       -0.2042       -0.2266   845918   10.96%
   8112  6019       -0.2171    72       -0.2042       -0.2266   852384   10.96%
   8282  6275       -0.2093    49       -0.2042       -0.2266   878723   10.96%
   8380  6467       -0.2230    79       -0.2042       -0.2266   899264   10.95%
   8520  6442       -0.2166    57       -0.2042       -0.2266   900721   10.95%
   8704  6657       -0.2057    64       -0.2042       -0.2266   915557   10.95%
   8899  6816       -0.2239    88       -0.2042       -0.2265   930772   10.93%
   8998  6886       -0.2184    63       -0.2042       -0.2265   937989   10.92%
Elapsed time = 87.44 sec. (93794.63 ticks, tree = 218.06 MB, solutions = 9)
   9162  6997       -0.2124    57       -0.2042       -0.2265   946970   10.92%
   9322  7259       -0.2096    61       -0.2042       -0.2264   975160   10.89%
   9472  7339       -0.2165    76       -0.2042       -0.2264   985324   10.89%
   9635  7390       -0.2207    84       -0.2042       -0.2264   991001   10.87%
   9734  7660       -0.2186    72       -0.2042       -0.2264  1012403   10.85%
   9820  7775       -0.2124    73       -0.2042       -0.2264  1029308   10.85%
  10024  7780       -0.2046    51       -0.2042       -0.2264  1028335   10.85%
  10086  8064       -0.2246    83       -0.2042       -0.2264  1058361   10.85%
  10237  8093       -0.2202    86       -0.2042       -0.2264  1060413   10.85%
  10354  8225       -0.2155    70       -0.2042       -0.2264  1079291   10.85%
Elapsed time = 96.44 sec. (103409.12 ticks, tree = 260.76 MB, solutions = 9)
  10581  8292       -0.2155    71       -0.2042       -0.2264  1085137   10.85%
  10689  8309       -0.2150    69       -0.2042       -0.2264  1089721   10.85%
  10843  8547       -0.2110    74       -0.2042       -0.2264  1112601   10.85%
  10954  8585       -0.2108    41       -0.2042       -0.2264  1124920   10.85%
  11133  8910       -0.2171    80       -0.2042       -0.2264  1152160   10.85%
  11276  8937       -0.2124    59       -0.2042       -0.2264  1156096   10.85%
  11534  9018       -0.2053    55       -0.2042       -0.2264  1160006   10.85%
  11723  9329       -0.2152    57       -0.2042       -0.2264  1185271   10.85%
  11861  9348       -0.2132    71       -0.2042       -0.2264  1183584   10.85%
  12374  9973       -0.2057    47       -0.2042       -0.2264  1262015   10.85%
Elapsed time = 107.02 sec. (115871.85 ticks, tree = 316.90 MB, solutions = 9)
  12933 10423       -0.2093    54       -0.2042       -0.2264  1307886   10.85%
  13583 11031       -0.2088    61       -0.2042       -0.2263  1375019   10.84%
* 13804+11357                           -0.2047       -0.2263            10.59%
  13991 10992       -0.2202    70       -0.2047       -0.2263  1426009   10.59%
* 13993+11062                           -0.2053       -0.2263            10.24%
  14637 11216       -0.2124    59       -0.2053       -0.2262  1465986   10.20%
  15026 11805       -0.2140    58       -0.2053       -0.2262  1538432   10.18%
  15552 12191       -0.2086    60       -0.2053       -0.2262  1592817   10.18%
  16159 12749       -0.2186    65       -0.2053       -0.2261  1651315   10.15%
  16737 13343       -0.2242    93       -0.2053       -0.2261  1712572   10.13%
  17439 13722       -0.2243    77       -0.2053       -0.2261  1752469   10.13%
  18011 14420       -0.2233    79       -0.2053       -0.2260  1822234   10.07%
Elapsed time = 139.89 sec. (154120.73 ticks, tree = 458.24 MB, solutions = 11)
  18548 14943       -0.2231    63       -0.2053       -0.2259  1894067   10.05%
  19069 15472       -0.2129    48       -0.2053       -0.2259  1952855   10.04%
  19540 15884       -0.2093    47       -0.2053       -0.2259  2004163   10.04%
  20131 16282       -0.2124    71       -0.2053       -0.2259  2055047   10.04%
  20762 16912       -0.2109    57       -0.2053       -0.2258  2118517   10.00%
  21197 17447       -0.2072    50       -0.2053       -0.2258  2178843    9.97%
  21708 17761       -0.2123    51       -0.2053       -0.2257  2229605    9.96%
  22308 18401       -0.2175    74       -0.2053       -0.2257  2308681    9.96%
  23001 19012       -0.2202    84       -0.2053       -0.2257  2362219    9.93%
  23541 19387       -0.2083    74       -0.2053       -0.2257  2405334    9.92%
Elapsed time = 171.78 sec. (192356.08 ticks, tree = 618.26 MB, solutions = 11)
  24180 19939       -0.2171    82       -0.2053       -0.2256  2478887    9.91%
  24558 20616       -0.2169    75       -0.2053       -0.2256  2546777    9.90%
  24855 20736       -0.2059    41       -0.2053       -0.2256  2564954    9.89%
  25103 20970       -0.2137    72       -0.2053       -0.2256  2595330    9.89%
  25316 21305       -0.2124    64       -0.2053       -0.2256  2640667    9.89%
  25586 21600       -0.2057    58       -0.2053       -0.2256  2679484    9.89%
  25784 21739       -0.2168    72       -0.2053       -0.2256  2701476    9.89%
  26033 21873       -0.2147    68       -0.2053       -0.2256  2719441    9.89%
  26212 22071       -0.2155    64       -0.2053       -0.2256  2748205    9.89%
  26505 22322       -0.2065    60       -0.2053       -0.2256  2788523    9.89%
Elapsed time = 204.94 sec. (230692.13 ticks, tree = 721.33 MB, solutions = 11)
  26809 22700       -0.2061    43       -0.2053       -0.2256  2831601    9.89%
  27181 22996       -0.2194    81       -0.2053       -0.2256  2860807    9.89%
  27454 23103       -0.2207    82       -0.2053       -0.2256  2878411    9.89%
  27750 23482       -0.2186    75       -0.2053       -0.2256  2924193    9.89%
  28060 23709       -0.2194    81       -0.2053       -0.2256  2956224    9.89%
  28528 23998       -0.2214    86       -0.2053       -0.2256  2993832    9.89%
  29083 24424       -0.2155    48       -0.2053       -0.2256  3036129    9.89%
  29702 25054       -0.2070    55       -0.2053       -0.2255  3089826    9.85%
  30261 25576       -0.2202    74       -0.2053       -0.2255  3144645    9.84%
  31012 26188       -0.2140    53       -0.2053       -0.2255  3227844    9.83%
Elapsed time = 237.70 sec. (269011.34 ticks, tree = 838.67 MB, solutions = 11)
  31708 26779       -0.2255    74       -0.2053       -0.2255  3294633    9.83%
  32118 27472       -0.2151    73       -0.2053       -0.2255  3367529    9.83%
  32717 27880       -0.2062    15       -0.2053       -0.2255  3415162    9.83%
  33343 28351       -0.2068    51       -0.2053       -0.2255  3465753    9.83%
  34045 29294       -0.2191    69       -0.2053       -0.2255  3562738    9.83%
  34623 29594       -0.2140    58       -0.2053       -0.2255  3596609    9.82%
  35097 30253       -0.2105    70       -0.2053       -0.2255  3676344    9.82%
  35656 30590       -0.2155    73       -0.2053       -0.2254  3718309    9.80%
  36312 31344       -0.2191    79       -0.2053       -0.2254  3794328    9.80%
  36973 31734       -0.2072    56       -0.2053       -0.2254  3839445    9.79%
Elapsed time = 270.34 sec. (307246.43 ticks, tree = 1018.56 MB, solutions = 11)
  37435 32154       -0.2135    70       -0.2053       -0.2254  3898759    9.79%
  38053 32776       -0.2111    51       -0.2053       -0.2254  3975806    9.78%
  38684 33539       -0.2186    60       -0.2053       -0.2254  4057679    9.77%
  39369 33928       -0.2124    57       -0.2053       -0.2254  4109246    9.77%
  39983 34404       -0.2132    55       -0.2053       -0.2253  4159890    9.76%
  40647 34937       -0.2245    85       -0.2053       -0.2253  4229366    9.75%
  41251 35486       -0.2233    83       -0.2053       -0.2253  4284856    9.74%
  41775 36376       -0.2171    61       -0.2053       -0.2253  4364169    9.74%
  42476 36777       -0.2217    73       -0.2053       -0.2253  4420277    9.73%
  43201 37412       -0.2124    63       -0.2053       -0.2253  4479447    9.73%
Elapsed time = 302.14 sec. (345498.53 ticks, tree = 1204.15 MB, solutions = 11)
  43701 38016       -0.2169    59       -0.2053       -0.2253  4537933    9.73%
  44534 38555       -0.2093    48       -0.2053       -0.2253  4595349    9.73%
  45282 39225       -0.2169    56       -0.2053       -0.2253  4660752    9.73%
  46076 40171       -0.2171    65       -0.2053       -0.2253  4743823    9.73%
  46686 40915       -0.2171    66       -0.2053       -0.2252  4808571    9.71%
  47245 41344       -0.2155    62       -0.2053       -0.2252  4863358    9.70%

Performing restart 2

Repeating presolve.
Tried aggregator 1 time.
Reduced MIP has 3968 rows, 4687 columns, and 49206 nonzeros.
Reduced MIP has 1164 binaries, 0 generals, 0 SOSs, and 0 indicators.
Presolve time = 0.02 sec. (13.87 ticks)
Tried aggregator 1 time.
Reduced MIP has 3968 rows, 4687 columns, and 49206 nonzeros.
Reduced MIP has 1164 binaries, 0 generals, 0 SOSs, and 0 indicators.
Presolve time = 0.02 sec. (21.39 ticks)
Represolve time = 0.06 sec. (45.49 ticks)
  47270     0       -0.2279    91       -0.2053       Cuts: 3  4911519    9.70%
  47270     0       -0.2279    91       -0.2053       Cuts: 6  4911960    9.70%
  47270     0       -0.2279    89       -0.2053       Cuts: 3  4912360    9.70%
  47270     0       -0.2279    78       -0.2053    MIRcuts: 2  4912471    9.70%
  47270     0       -0.2279    83       -0.2053    MIRcuts: 2  4912738    9.70%
  47270     0       -0.2279    89       -0.2053    MIRcuts: 3  4913159    9.70%
  47270     0       -0.2279    86       -0.2053       Cuts: 5  4913616    9.70%
  47270     0       -0.2279    80       -0.2053       Cuts: 3  4914284    9.70%
  47270     2       -0.2279    80       -0.2053       -0.2252  4914284    9.70%
  47286    15       -0.2233    87       -0.2053       -0.2252  4939605    9.70%
  47331    54       -0.2202    84       -0.2053       -0.2252  5001257    9.70%
  47402   107       -0.2217    86       -0.2053       -0.2252  5043440    9.70%
Elapsed time = 339.06 sec. (389190.89 ticks, tree = 1.01 MB, solutions = 11)
  47571   185       -0.2248    88       -0.2053       -0.2252  5075612    9.70%
  47789   409       -0.2068    57       -0.2053       -0.2252  5092859    9.70%
  48034   559       -0.2123    61       -0.2053       -0.2252  5114485    9.70%
  48286   690       -0.2260    97       -0.2053       -0.2252  5136794    9.70%
  48738  1133       -0.2186    76       -0.2053       -0.2252  5175877    9.70%
  49204  1551       -0.2163    75       -0.2053       -0.2252  5203420    9.70%
  49749  1975       -0.2109    61       -0.2053       -0.2252  5234944    9.70%
  50252  2414       -0.2111    40       -0.2053       -0.2252  5290428    9.70%
  50657  2832       -0.2119    63       -0.2053       -0.2252  5330669    9.70%
  51336  3360       -0.2233    73       -0.2053       -0.2252  5382524    9.70%
Elapsed time = 369.83 sec. (427473.80 ticks, tree = 79.88 MB, solutions = 11)
  51809  3734       -0.2113    68       -0.2053       -0.2252  5433308    9.70%
  52338  4260       -0.2062    55       -0.2053       -0.2252  5486774    9.70%
  52668  4659       -0.2099    51       -0.2053       -0.2252  5544796    9.70%
  53254  5219       -0.2127    56       -0.2053       -0.2252  5592479    9.70%
  53889  5739       -0.2130    53       -0.2053       -0.2252  5645319    9.70%
  54501  6328       -0.2207    74       -0.2053       -0.2252  5713024    9.70%
  55077  6730       -0.2104    62       -0.2053       -0.2252  5752648    9.70%
  55781  7257       -0.2155    58       -0.2053       -0.2252  5807070    9.70%
  56367  7768       -0.2248    88       -0.2053       -0.2252  5873936    9.70%
  56966  8497       -0.2202    72       -0.2053       -0.2252  5954411    9.70%
Elapsed time = 403.09 sec. (465702.90 ticks, tree = 217.51 MB, solutions = 11)
  57536  8803       -0.2148    52       -0.2053       -0.2252  6002720    9.70%
  58214  9502       -0.2076    55       -0.2053       -0.2252  6078218    9.70%
  58893 10352       -0.2202    74       -0.2053       -0.2252  6156318    9.70%
  59341 10673       -0.2147    71       -0.2053       -0.2252  6194581    9.70%
  59903 11155       -0.2117    60       -0.2053       -0.2252  6252102    9.70%
  60381 11640       -0.2153    61       -0.2053       -0.2252  6312114    9.70%
  61181 12071       -0.2217    82       -0.2053       -0.2252  6361812    9.70%
  61650 12895       -0.2227    81       -0.2053       -0.2252  6446896    9.70%
  62038 13084       -0.2076    56       -0.2053       -0.2252  6476469    9.70%
  62510 13461       -0.2097    48       -0.2053       -0.2252  6530431    9.70%
Elapsed time = 438.77 sec. (503945.69 ticks, tree = 351.76 MB, solutions = 11)
  62921 14034       -0.2124    63       -0.2053       -0.2252  6612628    9.70%
  63452 14309       -0.2219    81       -0.2053       -0.2252  6645878    9.70%
  63978 14811       -0.2108    70       -0.2053       -0.2252  6700252    9.70%
  64442 15301       -0.2233    86       -0.2053       -0.2252  6754091    9.70%
  64886 15832       -0.2140    69       -0.2053       -0.2252  6807888    9.70%
  65478 16171       -0.2186    71       -0.2053       -0.2252  6854541    9.70%
  65964 16629       -0.2078    47       -0.2053       -0.2252  6908505    9.70%
  66582 17287       -0.2231    88       -0.2053       -0.2252  6980575    9.70%
  67065 17797       -0.2202    82       -0.2053       -0.2252  7035720    9.70%
  67418 18255       -0.2254    87       -0.2053       -0.2252  7105474    9.70%
Elapsed time = 473.05 sec. (542180.66 ticks, tree = 490.82 MB, solutions = 11)
  67788 18438       -0.2124    62       -0.2053       -0.2252  7137687    9.70%
  68381 18872       -0.2217    75       -0.2053       -0.2252  7207826    9.70%
  69005 19349       -0.2126    64       -0.2053       -0.2252  7254937    9.70%
  69548 19800       -0.2250    89       -0.2053       -0.2252  7303632    9.70%
  70119 20572       -0.2186    83       -0.2053       -0.2252  7388937    9.70%
  70517 21029       -0.2221    90       -0.2053       -0.2252  7447066    9.70%
  71105 21408       -0.2221    88       -0.2053       -0.2252  7490053    9.70%
  71738 21871       -0.2173    62       -0.2053       -0.2252  7533027    9.70%
  72314 22731       -0.2145    67       -0.2053       -0.2252  7636990    9.70%
  72874 23151       -0.2171    84       -0.2053       -0.2252  7685174    9.70%
Elapsed time = 506.00 sec. (580411.92 ticks, tree = 646.21 MB, solutions = 11)
  73479 23701       -0.2233    88       -0.2053       -0.2252  7757756    9.70%
  73820 24311       -0.2062    48       -0.2053       -0.2252  7833680    9.70%
  74349 24579       -0.2094    55       -0.2053       -0.2252  7881757    9.70%
  74966 25116       -0.2060    59       -0.2053       -0.2252  7932652    9.70%
  75549 25618       -0.2080    64       -0.2053       -0.2252  7978394    9.70%
  76223 26232       -0.2204    75       -0.2053       -0.2252  8047583    9.70%
  76760 26583       -0.2217    81       -0.2053       -0.2252  8092136    9.70%
  77348 27089       -0.2215    84       -0.2053       -0.2252  8156665    9.70%
  77935 27623       -0.2217    78       -0.2053       -0.2252  8219149    9.70%
  78338 28246       -0.2101    58       -0.2053       -0.2252  8285967    9.70%
Elapsed time = 538.58 sec. (618632.63 ticks, tree = 810.87 MB, solutions = 11)
Starting limited solution polishing.
  78964 28961       -0.2124    57       -0.2053       -0.2252  8361512    9.70%
  79279 29170       -0.2099    43       -0.2053       -0.2252  8381631    9.70%
  79651 29468       -0.2195    71       -0.2053       -0.2252  8413476    9.70%
  80078 29813       -0.2216    93       -0.2053       -0.2252  8458946    9.70%
  80416 30200       -0.2202    71       -0.2053       -0.2252  8491883    9.70%
  80813 30559       -0.2098    58       -0.2053       -0.2252  8535412    9.70%
  81270 31000       -0.2233    79       -0.2053       -0.2252  8593407    9.70%
  81678 31196       -0.2116    57       -0.2053       -0.2252  8618929    9.70%
  81970 31738       -0.2062    42       -0.2053       -0.2252  8679798    9.70%
  82317 31843       -0.2151    57       -0.2053       -0.2252  8693452    9.70%
Elapsed time = 572.84 sec. (656973.41 ticks, tree = 927.38 MB, solutions = 11)
  82679 32322       -0.2123    68       -0.2053       -0.2252  8749892    9.70%
  83089 32911       -0.2124    78       -0.2053       -0.2252  8814252    9.70%
  83497 33091       -0.2077    63       -0.2053       -0.2252  8839335    9.70%
  83919 33409       -0.2076    55       -0.2053       -0.2252  8878731    9.70%
  84271 33816       -0.2140    64       -0.2053       -0.2252  8926024    9.70%
  84787 34428       -0.2163    74       -0.2053       -0.2252  8996897    9.70%
  85385 34686       -0.2229    89       -0.2053       -0.2252  9026223    9.70%
  85956 35104       -0.2202    94       -0.2053       -0.2252  9073227    9.70%

Mixed integer rounding cuts applied:  18
Gomory fractional cuts applied:  14

Root node processing (before b&c):
  Real time             =    8.91 sec. (8831.81 ticks)
Parallel b&c, 4 threads:
  Real time             =  591.11 sec. (680616.82 ticks)
  Sync time (average)   =   17.68 sec.
  Wait time (average)   =    0.00 sec.
                          ------------
Total (root+branch&cut) =  600.02 sec. (689448.63 ticks)
