Version identifier: 22.2.0.0 | 2026-05-04 | 5dff98e58
CPXPARAM_Read_DataCheck                          1
CPXPARAM_Threads                                 4
CPXPARAM_Parallel                                1
CPXPARAM_RandomSeed                              20260925
CPXPARAM_Simplex_Tolerances_Optimality           1.0000000000000001e-09
CPXPARAM_Simplex_Tolerances_Feasibility          1.0000000000000001e-09
CPXPARAM_TimeLimit                               600
CPXPARAM_MIP_Tolerances_AbsMIPGap                1.0000000000000001e-09
CPXPARAM_MIP_Tolerances_Integrality              1.0000000000000001e-09
Legacy callback                                  i
1 of 10 MIP starts provided solutions.
MIP start 'm1' defined initial solution with objective 0.0000.
Tried aggregator 1 time.
MIP Presolve eliminated 72 rows and 3 columns.
MIP Presolve modified 300 coefficients.
Reduced MIP has 379 rows, 397 columns, and 2082 nonzeros.
Reduced MIP has 96 binaries, 0 generals, 0 SOSs, and 0 indicators.
Presolve time = 0.00 sec. (1.15 ticks)
Probing time = 0.00 sec. (0.08 ticks)
Tried aggregator 1 time.
Detecting symmetries...
MIP Presolve modified 66 coefficients.
Reduced MIP has 379 rows, 397 columns, and 2082 nonzeros.
Reduced MIP has 96 binaries, 0 generals, 0 SOSs, and 0 indicators.
Presolve time = 0.00 sec. (1.06 ticks)
Probing time = 0.00 sec. (0.08 ticks)
MIP emphasis: balance optimality and feasibility.
MIP search method: dynamic search.
Parallel mode: deterministic, using up to 4 threads.
Root relaxation solution time = 0.00 sec. (4.93 ticks)

        Nodes                                         Cuts/
   Node  Left     Objective  IInf  Best Integer    Best Bound    ItCnt     Gap

*     0+    0                            0.0000       -1.7390              --- 
      0     0       -0.6287    38        0.0000       -0.6287      375     --- 
      0     0       -0.5995    49        0.0000      Cuts: 28      595     --- 
      0     0       -0.5213    45        0.0000      Cuts: 41      758     --- 
      0     0       -0.4871    37        0.0000   MIRcuts: 22      821     --- 
      0     0       -0.4681    25        0.0000   MIRcuts: 20      873     --- 
      0     0       -0.4619    33        0.0000   MIRcuts: 12      923     --- 
Detecting symmetries...
      0     0       -0.4595    36        0.0000    MIRcuts: 9      961     --- 
      0     0       -0.4559    34        0.0000    MIRcuts: 6      986     --- 
      0     0       -0.4550    30        0.0000    MIRcuts: 5      999     --- 
      0     0       -0.4541    28        0.0000    MIRcuts: 4     1005     --- 
*     0+    0                           -0.4341       -0.4541             4.60%
      0     0       -0.4541    28       -0.4341    MIRcuts: 2     1007    4.60%
*     0+    0                           -0.4341       -0.4541             4.60%
Detecting symmetries...
      0     2       -0.4541    28       -0.4341       -0.4541     1007    4.60%
Elapsed time = 0.16 sec. (112.26 ticks, tree = 0.02 MB, solutions = 2)

Mixed integer rounding cuts applied:  79
Lift and project cuts applied:  5
Gomory fractional cuts applied:  11

Root node processing (before b&c):
  Real time             =    0.16 sec. (111.95 ticks)
Parallel b&c, 4 threads:
  Real time             =    0.02 sec. (17.11 ticks)
  Sync time (average)   =    0.00 sec.
  Wait time (average)   =    0.00 sec.
                          ------------
Total (root+branch&cut) =    0.17 sec. (129.06 ticks)
