Version identifier: 22.2.0.0 | 2026-05-04 | 5dff98e58
CPXPARAM_Read_DataCheck                          1
CPXPARAM_Threads                                 4
CPXPARAM_Parallel                                1
CPXPARAM_RandomSeed                              20260925
CPXPARAM_Simplex_Tolerances_Optimality           1.0000000000000001e-09
CPXPARAM_Simplex_Tolerances_Feasibility          1.0000000000000001e-09
CPXPARAM_TimeLimit                               600
CPXPARAM_MIP_Tolerances_AbsMIPGap                1.0000000000000001e-09
CPXPARAM_MIP_Tolerances_Integrality              1.0000000000000001e-09
Legacy callback                                  i
Found incumbent of value 0.000000 after 0.00 sec. (0.04 ticks)
Tried aggregator 2 times.
MIP Presolve eliminated 74 rows and 3 columns.
MIP Presolve modified 300 coefficients.
Aggregator did 3 substitutions.
Reduced MIP has 373 rows, 394 columns, and 2052 nonzeros.
Reduced MIP has 96 binaries, 0 generals, 0 SOSs, and 0 indicators.
Presolve time = 0.00 sec. (1.58 ticks)
Probing time = 0.00 sec. (0.07 ticks)
Tried aggregator 1 time.
Detecting symmetries...
MIP Presolve modified 66 coefficients.
Reduced MIP has 373 rows, 394 columns, and 2052 nonzeros.
Reduced MIP has 96 binaries, 0 generals, 0 SOSs, and 0 indicators.
Presolve time = 0.00 sec. (1.05 ticks)
Probing time = 0.00 sec. (0.07 ticks)
MIP emphasis: balance optimality and feasibility.
MIP search method: dynamic search.
Parallel mode: deterministic, using up to 4 threads.
Root relaxation solution time = 0.00 sec. (6.61 ticks)

        Nodes                                         Cuts/
   Node  Left     Objective  IInf  Best Integer    Best Bound    ItCnt     Gap

*     0+    0                            0.0000       -0.6625              --- 
*     0+    0                           -0.0316       -0.6625              --- 
*     0+    0                           -0.0895       -0.6625           639.92%
      0     0       -0.2946    31       -0.0895       -0.2946      487  229.03%
*     0+    0                           -0.1410       -0.2946           108.92%
      0     0       -0.2666    39       -0.1410      Cuts: 27      711   89.05%
*     0+    0                           -0.1524       -0.2666            74.95%
      0     0       -0.2561    37       -0.1524      Cuts: 27      813   68.04%
      0     0       -0.2435    46       -0.1524   MIRcuts: 15      929   59.80%
      0     0       -0.2317    38       -0.1524   MIRcuts: 21     1016   52.05%
      0     0       -0.2302    41       -0.1524    MIRcuts: 9     1046   51.08%
Detecting symmetries...
      0     0       -0.2294    41       -0.1524    MIRcuts: 8     1072   50.53%
*     0+    0                           -0.1586       -0.2294            44.65%
      0     0       -0.2282    42       -0.1586   MIRcuts: 10     1115   43.90%
      0     0       -0.2273    33       -0.1586    MIRcuts: 9     1137   43.37%
*     0+    0                           -0.1787       -0.2273            27.25%
      0     0       -0.2270    33       -0.1787    MIRcuts: 5     1151   27.05%
*     0+    0                           -0.1843       -0.2270            23.18%
      0     0       -0.2266    36       -0.1843    MIRcuts: 5     1178   22.98%
*     0+    0                           -0.2007       -0.2266            12.94%
      0     0       -0.2260    34       -0.2007    MIRcuts: 5     1206   12.64%
      0     0       -0.2260    32       -0.2007    MIRcuts: 1     1209   12.64%
*     0+    0                           -0.2171       -0.2260             4.13%
Detecting symmetries...
      0     2       -0.2260    32       -0.2171       -0.2260     1209    4.13%
Elapsed time = 0.16 sec. (104.75 ticks, tree = 0.02 MB, solutions = 10)

Mixed integer rounding cuts applied:  88
Lift and project cuts applied:  5
Gomory fractional cuts applied:  6

Root node processing (before b&c):
  Real time             =    0.16 sec. (104.46 ticks)
Parallel b&c, 4 threads:
  Real time             =    0.03 sec. (26.70 ticks)
  Sync time (average)   =    0.02 sec.
  Wait time (average)   =    0.00 sec.
                          ------------
Total (root+branch&cut) =    0.19 sec. (131.15 ticks)
