Version identifier: 22.2.0.0 | 2026-05-04 | 5dff98e58
CPXPARAM_Read_DataCheck                          1
CPXPARAM_Threads                                 4
CPXPARAM_Parallel                                1
CPXPARAM_RandomSeed                              20260925
CPXPARAM_MIP_Strategy_Search                     1
CPXPARAM_Simplex_Tolerances_Optimality           1.0000000000000001e-09
CPXPARAM_Simplex_Tolerances_Feasibility          1.0000000000000001e-09
CPXPARAM_TimeLimit                               600
CPXPARAM_MIP_Tolerances_AbsMIPGap                1.0000000000000001e-09
CPXPARAM_MIP_Tolerances_Integrality              1.0000000000000001e-09
Legacy callback                                  iLUD
Lazy constraint(s) or lazy constraint/branch callback is present.
    Disabling dual reductions (CPX_PARAM_REDUCE) in presolve.
    Disabling presolve reductions that prevent crushing forms (CPX_PARAM_PREREFORM).
         Disabling repeat represolve because of lazy constraint/incumbent callback.
Warning: Effort level 'CheckFeas' is incompatible with lazy constraint/incumbent callback.
         Effort level increased to 'SolveFixed'.
1 of 1 MIP starts provided solutions.
MIP start 'm1' defined initial solution with objective 0.0259.
Tried aggregator 1 time.
MIP Presolve eliminated 1353 rows and 0 columns.
Reduced MIP has 1616 rows, 2360 columns, and 18098 nonzeros.
Reduced MIP has 1164 binaries, 0 generals, 0 SOSs, and 0 indicators.
Presolve time = 0.00 sec. (12.26 ticks)
Probing time = 0.00 sec. (0.29 ticks)
MIP emphasis: balance optimality and feasibility.
MIP search method: traditional branch-and-cut.
Parallel mode: deterministic, using up to 4 threads.
Root relaxation solution time = 0.03 sec. (23.96 ticks)

        Nodes                                         Cuts/
   Node  Left     Objective  IInf  Best Integer    Best Bound    ItCnt     Gap         Variable B NodeID Parent  Depth

*     0+    0                            0.0259        0.0000           100.00%
      0     0        0.0232    42        0.0259        0.0232      813   10.24%
*     0+    0                            0.0247        0.0232             5.93%
      0     0  -1.00000e+75     0        0.0247        0.0232      813    5.93%
      0     2        0.0232    37        0.0247        0.0232      813    5.93%                        0             0
Elapsed time = 0.30 sec. (278.99 ticks, tree = 0.02 MB, solutions = 2)
*    35+    1                            0.0246        0.0233             5.23%
     95    72        0.0233    32        0.0246        0.0233     3397    5.23%            x820 D    120    112      8
    332   258        0.0237    21        0.0246        0.0233    11113    5.23%             x32 U    372    368     16
    683   463        0.0244    23        0.0246        0.0233    18312    5.23%             x33 D    628    624     22
   1019   799        0.0242    20        0.0246        0.0234    29771    5.02%           x1031 U   1104   1100     19
   1404  1058        0.0243    13        0.0246        0.0234    38255    5.02%           x1031 U   1375   1371     25
*  1556+ 1179                            0.0245        0.0234             4.71%
   1747  1250        0.0243    16        0.0245        0.0234    47326    4.71%           x1032 D   1767   1763     25
*  1941+ 1380                            0.0244        0.0234             4.10%
   2023  1487        cutoff              0.0244        0.0234    56003    4.10%            x935 U   2003   1999     35
   2473  1713        0.0244    10        0.0244        0.0234    67253    4.10%           x1036 U   2378   2374     27
   3038  2109        0.0239    18        0.0244        0.0234    78975    3.91%           x1031 U   3223   3219     15
   4921  3414        cutoff              0.0244        0.0235   126884    3.75%            x932 D   5375   5367     21
Elapsed time = 6.92 sec. (3387.17 ticks, tree = 6.25 MB, solutions = 9)
   6985  4846        cutoff              0.0244        0.0235   185153    3.58%           x1034 U   6320   6316     25
   8942  6278        0.0237    25        0.0244        0.0235   245189    3.45%           x1028 U   8901   8897     13
  10848  7414        0.0241    11        0.0244        0.0236   297633    3.29%            x835 D  10538  10534     21
  12399  8558        0.0241    18        0.0244        0.0236   360061    3.15%            x912 D  11980  11976     18
  14102  9583        cutoff              0.0244        0.0236   419487    3.10%           x1037 D  13552  13544     25
  15745 10568        0.0243    21        0.0244        0.0236   479801    3.04%            x835 D  15558  15550     24
  17327 11604        0.0240    22        0.0244        0.0236   539819    3.04%           x1032 U  17525  17521     19
  18900 12719        0.0241    27        0.0244        0.0236   610117    2.99%            x933 U  18452  18448     15
  20397 13625        0.0241    16        0.0244        0.0237   671407    2.96%           x1030 U  19814  19810     19
  21682 14299        0.0243    18        0.0244        0.0237   730314    2.90%           x1028 D  22181  22173     21
Elapsed time = 23.88 sec. (12933.13 ticks, tree = 25.23 MB, solutions = 9)
  23755 15240        0.0240    22        0.0244        0.0237   783405    2.85%            x392 D  23268  23264     19
  25936 16675        0.0237    24        0.0244        0.0237   847108    2.85%            x821 U  25360  17503     18
  28043 18045        0.0239    22        0.0244        0.0237   915857    2.80%            x936 U  27584  27580     14
  30063 19078        0.0238    22        0.0244        0.0237   960314    2.79%            x929 D  29596  29592     19
  31695 20300        0.0242    12        0.0244        0.0237  1032576    2.75%           x1034 U  30842  30838     26
  33418 21204        0.0240    14        0.0244        0.0237  1079285    2.73%           x1030 U  32562  32558     18
  34938 22281        0.0243    14        0.0244        0.0237  1143389    2.72%           x1034 U  34492  34488     27
  36333 23057        0.0239    25        0.0244        0.0237  1200546    2.70%           x1030 U  35494  35490     15
  37836 23729        0.0237    21        0.0244        0.0237  1254224    2.66%            x819 D  38837  38761     14
  39387 24808        0.0240    16        0.0244        0.0237  1337668    2.60%            x935 U  38800  38796     17
Elapsed time = 39.66 sec. (22473.29 ticks, tree = 37.35 MB, solutions = 9)
  40753 25434        cutoff              0.0244        0.0237  1386322    2.59%            x843 U  41011  41003     31
  41867 26036        0.0239    20        0.0244        0.0237  1454349    2.58%             x36 U  41130  41126     26
  43116 26789        0.0242    19        0.0244        0.0237  1529927    2.58%           x1030 U  42500  42496     30
  44357 27444        0.0238    24        0.0244        0.0237  1592506    2.58%            x846 D  43622  43618     26
  45549 28018        0.0239    21        0.0244        0.0237  1654189    2.58%            x927 D  46877  46873     26
  46739 28582        cutoff              0.0244        0.0237  1717272    2.56%            x928 U  47945  47937     22
  47830 29193        cutoff              0.0244        0.0237  1784035    2.56%            x607 D  47320  47316     25
  49842 30285        0.0243    15        0.0244        0.0238  1854713    2.55%           x1030 U  49516  49512     24
  51310 31013        0.0238    27        0.0244        0.0238  1891935    2.55%           x1031 D  52317   5261     11
  52420 31565    infeasible              0.0244        0.0238  1933373    2.53%            x392 D  52771  52767     23
Elapsed time = 55.52 sec. (32017.65 ticks, tree = 57.65 MB, solutions = 9)
  53350 32049        0.0239    20        0.0244        0.0238  2000908    2.52%            x819 D  53008  53004     19
  54903 32776        0.0242    11        0.0244        0.0238  2065773    2.52%           x1028 U  54054  54050     27
  56257 33569        cutoff              0.0244        0.0238  2125151    2.51%           x1032 D  56611  56603     19
  57994 34653        0.0240    21        0.0244        0.0238  2186222    2.49%           x1032 U  58941  58937     13
  59330 35348        0.0239    20        0.0244        0.0238  2239110    2.48%           x1031 U  59715  59711     26
  60761 36306        0.0243    22        0.0244        0.0238  2318740    2.45%           x1029 U  59894  59890     19
  62273 36962        0.0240    21        0.0244        0.0238  2362568    2.42%            x838 D  61908  61904     24
  63916 37901        0.0238    21        0.0244        0.0238  2436079    2.40%            x931 U  62974  10421     16
  66088 39023        0.0242    16        0.0244        0.0238  2490487    2.40%           x1028 U  66451  66447     24
  67842 40372        0.0242    19        0.0244        0.0238  2551625    2.40%            x840 D  67424  67420     25
Elapsed time = 74.02 sec. (41559.13 ticks, tree = 69.16 MB, solutions = 9)
  69423 41183        0.0238    18        0.0244        0.0238  2600859    2.39%            x827 U  69831   5472     16
  70961 42203        0.0243    19        0.0244        0.0238  2681466    2.38%           x1028 U  69758  69754     24
  72468 42824        0.0239    16        0.0244        0.0238  2735275    2.38%           x1030 D  73337  63034     18
  73788 43573        0.0243    13        0.0244        0.0238  2800824    2.36%            x931 U  72838  72834     28
  75355 44326        0.0239    22        0.0244        0.0238  2863712    2.35%            x839 D  74442  74438     22
  76686 44819        0.0240    21        0.0244        0.0238  2905587    2.35%           x1028 U  77223  77219     23
  77985 45368        0.0241    18        0.0244        0.0238  2968383    2.33%           x1030 U  78655  78651     16
  79239 45949        0.0243    14        0.0244        0.0238  3034674    2.32%             x32 U  79851  79847     23
  80483 46522        0.0242    23        0.0244        0.0238  3098401    2.31%            x395 U  81011  81007     19
  81856 47158        0.0240    19        0.0244        0.0238  3165005    2.29%           x1031 U  82543  82539     25
Elapsed time = 90.58 sec. (51100.81 ticks, tree = 75.17 MB, solutions = 9)
  83459 48004        0.0240    17        0.0244        0.0238  3236889    2.28%           x1030 U  82464  82460     27
  84998 49020        cutoff              0.0244        0.0238  3295143    2.27%           x1037 U  86321  86317     19
  86445 49687        0.0241    24        0.0244        0.0238  3341627    2.27%           x1030 U  85160  85156     29
  87866 50452        0.0241    19        0.0244        0.0238  3404676    2.26%           x1030 U  86572  86568     32
  89276 51375        0.0243    15        0.0244        0.0238  3483706    2.25%           x1029 U  88010  88006     20
  90482 51894        0.0242    25        0.0244        0.0238  3543217    2.24%            x841 D  92165  92161     30
  91678 52458        0.0242    20        0.0244        0.0238  3605481    2.24%            x840 D  92299  92295     28
  92815 52940        0.0241    26        0.0244        0.0238  3667131    2.23%            x908 D  91684  91680     13
  94143 53615        0.0244    21        0.0244        0.0238  3742644    2.22%           x1029 D  94887  94875     25
  95403 54140        0.0242    18        0.0244        0.0238  3795836    2.22%           x1031 U  94514  94510     20
Elapsed time = 106.77 sec. (60648.08 ticks, tree = 99.72 MB, solutions = 9)
  96582 54697        0.0243    19        0.0244        0.0238  3863936    2.21%           x1030 U  95694  95690     27
  97712 55155        0.0240    24        0.0244        0.0238  3934406    2.20%             x31 D  96874  18157     25
  98965 55536        0.0240    23        0.0244        0.0238  3992748    2.19%            x936 U  97956  97952     17
 100282 56075        0.0243    18        0.0244        0.0238  4054376    2.19%           x1030 U  99574  99570     27
 101982 56653        0.0239    24        0.0244        0.0238  4118071    2.18%            x936 D 103189   1286     17
 103500 57314        0.0243    18        0.0244        0.0238  4184479    2.17%           x1031 U 102568 102564     24
 104965 58108        cutoff              0.0244        0.0238  4266961    2.16%            x607 D 106241 106237     34
 106372 58701        0.0243    20        0.0244        0.0238  4339966    2.16%            x935 U 107509 107505     24
 107893 59193        0.0241    21        0.0244        0.0238  4395283    2.15%           x1031 U 108571 108567     23
 109300 59628        cutoff              0.0244        0.0239  4450539    2.14%            x607 U 108320 108312     29
Elapsed time = 122.09 sec. (70190.97 ticks, tree = 107.17 MB, solutions = 9)
 110756 60272        cutoff              0.0244        0.0239  4524761    2.14%           x1035 D 109896 109892     17
 112081 60868        0.0243    26        0.0244        0.0239  4593694    2.13%           x1030 U 111288 111284     17
 113506 61524        0.0239    22        0.0244        0.0239  4659147    2.12%           x1028 D 113971    897     14
 114853 62078        0.0240    23        0.0244        0.0239  4728514    2.11%            x842 D 113674 113670     25
 116332 62691        0.0242    18        0.0244        0.0239  4794259    2.10%            x934 U 117537 117533     19
 117860 63251        0.0244    17        0.0244        0.0239  4852823    2.10%            x844 U 118507 118499     33
 119409 63885        0.0239    14        0.0244        0.0239  4915270    2.10%            x839 D 120729 120725     25
 120671 64539        0.0242    20        0.0244        0.0239  4983735    2.09%            x844 D 121355 121351     24
 122167 65128        cutoff              0.0244        0.0239  5047294    2.08%           x1033 U 121368 121364     30
 123553 65914        0.0241    23        0.0244        0.0239  5118803    2.08%           x1030 D 122720     59     13
Elapsed time = 137.61 sec. (79732.50 ticks, tree = 118.70 MB, solutions = 9)
 124875 66486        0.0239    21        0.0244        0.0239  5185426    2.07%            x935 D 126277 126273     26
 126308 67224        0.0241    25        0.0244        0.0239  5269000    2.06%           x1031 U 124986 124982     34
 127771 67814        0.0244    21        0.0244        0.0239  5319767    2.06%            x921 D 127292 127288     38
 129218 68443        0.0243    22        0.0244        0.0239  5383275    2.05%            x842 D 130917 130913     26
 130638 69125        0.0240    19        0.0244        0.0239  5456032    2.05%             x32 D 132505  90981     27
 132045 69762        0.0240    18        0.0244        0.0239  5523669    2.03%            x836 D 132267 132263     37
 133457 70107        0.0241    16        0.0244        0.0239  5562582    2.03%            x394 U 133188 133184     19
 134870 70849        0.0241    19        0.0244        0.0239  5650530    2.02%             x34 U 134967 134963     22
 136756 71194        0.0243    25        0.0244        0.0239  5689386    2.01%            x827 U 136464 136456     18
 142529 73920        0.0244     5        0.0244        0.0239  5980906    1.98%            x566 D 143095 143091     54
Elapsed time = 154.98 sec. (92134.88 ticks, tree = 129.76 MB, solutions = 9)
 148161 75924        0.0242    13        0.0244        0.0239  6242919    1.94%           x1032 U 146130 146126     19
 152949 77605        0.0243    22        0.0244        0.0239  6485247    1.91%           x1031 U 152548 152544     29
 157739 79347        cutoff              0.0244        0.0239  6731436    1.90%            x840 D 158071 158067     26
 162592 80781        0.0242    13        0.0244        0.0239  6996961    1.89%           x1035 U 162400 162396     21
 167656 82928        0.0242    20        0.0244        0.0239  7279703    1.87%           x1031 U 169821 169817     33
 172741 84605        0.0243    20        0.0244        0.0239  7514026    1.85%           x1031 U 172128 172124     34
 178086 86229        0.0240    20        0.0244        0.0239  7755383    1.83%            x914 D 177436 177432     24
 182446 87823        0.0242    23        0.0244        0.0239  8056031    1.82%            x844 D 184597 184593     25
 187433 89083        0.0243    18        0.0244        0.0239  8287353    1.81%            x932 U 187715 187707     26
 192945 91423        0.0240    22        0.0244        0.0239  8558725    1.79%            x934 D 192372 192368     25
Elapsed time = 208.83 sec. (130287.21 ticks, tree = 153.53 MB, solutions = 9)
 198221 93418        0.0240    21        0.0244        0.0239  8820631    1.78%            x934 U 198231 198227     27
 203403 95059        0.0243    23        0.0244        0.0239  9068326    1.75%            x836 D 203343 203339     22
 208639 96545        0.0240    19        0.0244        0.0239  9311143    1.73%            x821 U 208080  34905     19
 213339 98222        0.0242    14        0.0244        0.0240  9573082    1.71%            x839 D 213303 213299     23
 218506 99906        0.0243    25        0.0244        0.0240  9839145    1.71%           x1030 U 216318 216314     18
 222886 100889        0.0243    11        0.0244        0.0240 10084963    1.69%           x1032 U 225573 225569     19
 227815 102287        0.0241    24        0.0244        0.0240 10337055    1.68%           x1030 U 227915 227911     16
 232813 103779        0.0240    22        0.0244        0.0240 10587046    1.67%            x917 D 230898 195137     20
 237607 105350        cutoff              0.0244        0.0240 10868881    1.66%           x1029 D 237292 237288     21
 242065 106477        0.0241    23        0.0244        0.0240 11112574    1.65%            x394 D 241991 124444     24
Elapsed time = 262.27 sec. (168442.69 ticks, tree = 174.68 MB, solutions = 9)
 247017 107941        0.0240    19        0.0244        0.0240 11402547    1.64%             x35 U 249161 249157     17
 252184 109249        0.0241    26        0.0244        0.0240 11657091    1.62%            x846 D 251992 251988     35
 257586 110515        0.0243    19        0.0244        0.0240 11906493    1.60%           x1028 D 257647 257639     40
 262814 111831        0.0241    20        0.0244        0.0240 12173689    1.59%           x1032 D 262452  28067     20
 268188 113333        0.0241    18        0.0244        0.0240 12430806    1.57%            x821 U 268231   8404     17
 273437 114673        0.0241    21        0.0244        0.0240 12687253    1.55%            x838 U 275865 275861     19
 277998 115669        0.0240    24        0.0244        0.0240 12911932    1.54%            x932 D 278003 228423     32
 283175 117099        0.0243    11        0.0244        0.0240 13166356    1.53%           x1036 U 285669 285665     26
 288097 118409        0.0242    19        0.0244        0.0240 13394133    1.53%            x395 U 287852 287848     30
 292253 119100        0.0241    21        0.0244        0.0240 13685560    1.52%           x1030 U 294805 294797     30
Elapsed time = 318.39 sec. (206596.14 ticks, tree = 202.19 MB, solutions = 9)
 297339 120101        0.0241    22        0.0244        0.0240 13932329    1.51%            x824 D 297363 273575     25
 302886 121286        0.0243    14        0.0244        0.0240 14215743    1.50%           x1033 U 300594 300590     27
 307936 122333        0.0242    24        0.0244        0.0240 14451275    1.49%            x391 U 307983 307979     25
 312445 122945        0.0243    21        0.0244        0.0240 14731755    1.48%           x1030 U 314817 314813     25
 317330 123798        0.0243    16        0.0244        0.0240 14947992    1.47%           x1032 D 319765 319761     21
 322521 124798        0.0243    17        0.0244        0.0240 15166564    1.46%           x1029 U 319838 319834     22
 326994 125415        0.0243    10        0.0244        0.0240 15455422    1.45%           x1033 U 327200 327196     25
 331593 125990        cutoff              0.0244        0.0240 15737757    1.44%           x1028 U 332155 332151     33
 336293 126862        0.0242    27        0.0244        0.0240 15980054    1.43%            x910 D 333758 333750     20
 341025 127616        0.0242    18        0.0244        0.0240 16205380    1.42%           x1029 U 341048 341044     19
Elapsed time = 375.08 sec. (244750.72 ticks, tree = 219.43 MB, solutions = 9)
 345697 128452        0.0243    25        0.0244        0.0240 16476689    1.41%           x1031 U 345708 345704     32
 350597 129181        cutoff              0.0244        0.0240 16715466    1.39%           x1028 U 350915 350911     23
 355421 130162        0.0242    19        0.0244        0.0240 16965414    1.38%            x844 U 355656  85081     29
 360130 130789        0.0242    20        0.0244        0.0240 17248835    1.37%            x916 D 360404 351553     35
 364402 131174        0.0241    24        0.0244        0.0240 17516139    1.36%           x1030 U 366841 212727     32
 369437 131922        cutoff              0.0244        0.0240 17792231    1.35%            x911 U 369231 369223     19
 374357 132541        0.0242    20        0.0244        0.0240 18042067    1.34%           x1030 D 377041  34682     24
 379195 133200        0.0241    22        0.0244        0.0240 18268052    1.33%            x827 U 381845 381837     17
 383894 133742        cutoff              0.0244        0.0241 18515460    1.31%           x1033 D 381778 381770     20
 388398 134064        0.0242    22        0.0244        0.0241 18762098    1.30%            x936 U 388660 388656     20
Elapsed time = 424.34 sec. (282905.27 ticks, tree = 233.86 MB, solutions = 9)
 392967 134428        cutoff              0.0244        0.0241 19062555    1.29%           x1037 U 393296 393292     25
 397583 134560        0.0242    21        0.0244        0.0241 19341481    1.28%           x1031 D 400121  62671     21
 402207 134653        0.0244    14        0.0244        0.0241 19567247    1.27%            x907 D 401531 401527     18
 407008 135241        0.0242    19        0.0244        0.0241 19844175    1.26%             x32 U 404714 404710     23
 411739 135670        0.0243    17        0.0244        0.0241 20080193    1.25%             x32 U 414261 414257     20
 415879 136100        0.0242    14        0.0244        0.0241 20373243    1.23%           x1030 D 418573  35531     18
 420314 136211        0.0243    24        0.0244        0.0241 20572070    1.22%           x1030 U 418146 418142     22
 424775 137005        0.0241    14        0.0244        0.0241 20801087    1.21%            x818 D 425056 322227     27
 429310 137346        0.0243    21        0.0244        0.0241 21094061    1.20%           x1031 U 426922 426918     21
 433873 137599        0.0242    26        0.0244        0.0241 21350181    1.19%            x932 D 431310 431306     22
Elapsed time = 475.77 sec. (321059.25 ticks, tree = 245.83 MB, solutions = 9)
 438531 138268        0.0244    20        0.0244        0.0241 21606772    1.18%           x1030 U 436002 435998     19
 443105 138941        0.0243    16        0.0244        0.0241 21893486    1.17%           x1029 U 442727 442723     18
 447516 139482        0.0243    20        0.0244        0.0241 22136097    1.16%            x930 U 447892 278883     31
 452061 139999        0.0242    30        0.0244        0.0241 22383178    1.15%            x838 D 449370 449366     18
 456505 140347        0.0242    22        0.0244        0.0241 22612293    1.14%            x916 U 456323 284625     26
 461349 141092        0.0243    22        0.0244        0.0241 22890208    1.13%            x837 U 464153 158232     22
 465551 141783        0.0243    19        0.0244        0.0241 23165611    1.12%             x32 U 465528 465524     33
 470299 141888        cutoff              0.0244        0.0241 23405627    1.11%            x820 U 472853 472849     19
 474911 142188        0.0242    23        0.0244        0.0241 23662456    1.10%            x846 D 474875 474871     32
 479898 142781        0.0243    21        0.0244        0.0241 23946786    1.09%           x1032 U 482393 482389     22
Elapsed time = 537.52 sec. (359213.68 ticks, tree = 255.41 MB, solutions = 9)
 483569 143137        0.0242    23        0.0244        0.0241 24172274    1.08%           x1029 U 483663 483659     34
 484969 143148        0.0243    16        0.0244        0.0241 24258101    1.08%            x927 U 482718 350205     22
 486523 143274        0.0243    10        0.0244        0.0241 24332679    1.07%           x1031 U 486096 486092     20
 487982 143358        0.0244    18        0.0244        0.0241 24414444    1.07%            x827 U 489533 489525     30
 489193 143397        0.0243    13        0.0244        0.0241 24490124    1.06%            x846 U 491093   8207     21
 490782 143329        0.0243    26        0.0244        0.0241 24573985    1.06%            x844 U 492333 492329     20
 491835 143243        cutoff              0.0244        0.0241 24631657    1.06%            x930 U 490814 490806     26
 493696 143423        0.0243    22        0.0244        0.0241 24750403    1.05%            x840 U 495589 133225     20
 496807 143589        0.0243    16        0.0244        0.0241 24918300    1.05%           x1030 U 495448 495444     18
 500203 143476        0.0243    22        0.0244        0.0241 25149556    1.05%           x1029 U 499498 499494     29
Elapsed time = 585.67 sec. (397377.59 ticks, tree = 259.25 MB, solutions = 9)
 503734 143311        0.0242    18        0.0244        0.0241 25384990    1.05%            x820 D 504563 504559     25
 507405 143292        0.0242    22        0.0244        0.0241 25610905    1.04%            x916 D 506554 506550     36

Cover cuts applied:  30

Root node processing (before b&c):
  Real time             =    0.28 sec. (278.24 ticks)
Parallel b&c, 4 threads:
  Real time             =  599.73 sec. (406662.95 ticks)
  Sync time (average)   =   27.53 sec.
  Wait time (average)   =    0.00 sec.
                          ------------
Total (root+branch&cut) =  600.02 sec. (406941.19 ticks)
