Version identifier: 22.2.0.0 | 2026-05-04 | 5dff98e58
CPXPARAM_Read_DataCheck                          1
CPXPARAM_Threads                                 4
CPXPARAM_Parallel                                1
CPXPARAM_RandomSeed                              20260925
CPXPARAM_Simplex_Tolerances_Optimality           1.0000000000000001e-09
CPXPARAM_Simplex_Tolerances_Feasibility          1.0000000000000001e-09
CPXPARAM_TimeLimit                               600
CPXPARAM_MIP_Tolerances_AbsMIPGap                1.0000000000000001e-09
CPXPARAM_MIP_Tolerances_Integrality              1.0000000000000001e-09
Legacy callback                                  i
Found incumbent of value 0.000000 after 0.00 sec. (0.08 ticks)
Tried aggregator 2 times.
MIP Presolve eliminated 40 rows and 1 columns.
MIP Presolve modified 504 coefficients.
Aggregator did 12 substitutions.
Reduced MIP has 656 rows, 697 columns, and 5658 nonzeros.
Reduced MIP has 174 binaries, 0 generals, 0 SOSs, and 0 indicators.
Presolve time = 0.00 sec. (3.08 ticks)
Probing time = 0.00 sec. (0.17 ticks)
Tried aggregator 1 time.
Detecting symmetries...
Reduced MIP has 656 rows, 697 columns, and 5658 nonzeros.
Reduced MIP has 174 binaries, 0 generals, 0 SOSs, and 0 indicators.
Presolve time = 0.00 sec. (2.25 ticks)
Probing time = 0.00 sec. (0.17 ticks)
MIP emphasis: balance optimality and feasibility.
MIP search method: dynamic search.
Parallel mode: deterministic, using up to 4 threads.
Root relaxation solution time = 0.02 sec. (18.55 ticks)

        Nodes                                         Cuts/
   Node  Left     Objective  IInf  Best Integer    Best Bound    ItCnt     Gap

*     0+    0                            0.0000       -1.0000              --- 
*     0+    0                           -0.1156       -1.0000           765.35%
      0     0       -0.2828    41       -0.1156       -0.2828      653  144.76%
      0     0       -0.2826    61       -0.1156      Cuts: 45     1158  144.56%
      0     0       -0.2820    76       -0.1156      Cuts: 64     1730  144.02%
      0     0       -0.2800    79       -0.1156   MIRcuts: 43     2450  142.34%
*     0+    0                           -0.1156       -0.2800           142.34%
      0     0  -1.00000e+75     0       -0.1156       -0.2800     2450  142.34%
      0     0       -0.2774    81       -0.1156   MIRcuts: 24     2717  140.08%
      0     0       -0.2754    84       -0.1156   MIRcuts: 19     2887  138.35%
Detecting symmetries...
      0     0       -0.2750    89       -0.1156   MIRcuts: 12     2978  137.95%
      0     0       -0.2747    86       -0.1156    MIRcuts: 7     3048  137.68%
      0     0       -0.2744    86       -0.1156    MIRcuts: 6     3121  137.42%
      0     0       -0.2742    89       -0.1156    MIRcuts: 8     3181  137.28%
*     0+    0                           -0.1199       -0.2742           128.72%
      0     0       -0.2737    88       -0.1199    MIRcuts: 3     3302  123.64%
      0     0       -0.2726    89       -0.1199   MIRcuts: 21     3453  123.64%
      0     0       -0.2715    96       -0.1199   MIRcuts: 22     3585  123.64%
      0     0       -0.2696    97       -0.1199   MIRcuts: 20     3768  121.72%
*     0+    0                           -0.1386       -0.2658            91.76%
*     0+    0                           -0.1481       -0.2658            79.52%
*     0+    0                           -0.1561       -0.2658            70.24%
*     0+    0                           -0.1613       -0.2658            64.75%
*     0+    0                           -0.1677       -0.2658            58.54%
*     0+    0                           -0.1744       -0.2658            52.44%
      0     0  -1.00000e+75     0       -0.1744       -0.2658     3768   52.44%
      0     0       -0.2690   100       -0.1744   MIRcuts: 12     3880   52.44%
*     0+    0                           -0.1848       -0.2658            43.88%
      0     0       -0.2684   103       -0.1848   MIRcuts: 12     3993   42.53%
      0     0       -0.2676   100       -0.1848   MIRcuts: 11     4139   42.53%
      0     0       -0.2672   101       -0.1848    MIRcuts: 7     4211   42.53%
      0     0       -0.2672    99       -0.1848    MIRcuts: 3     4259   42.53%
      0     0       -0.2669   100       -0.1848    MIRcuts: 9     4364   41.79%
      0     0       -0.2665    99       -0.1848    MIRcuts: 6     4448   41.79%
      0     0       -0.2665   100       -0.1848    MIRcuts: 1     4467   41.79%
*     0+    0                           -0.1914       -0.2620            36.83%
*     0+    0                           -0.1986       -0.2620            31.92%
*     0+    0                           -0.1992       -0.2619            31.47%
Detecting symmetries...
      0     2       -0.2665   100       -0.1992       -0.2619     4467   31.47%
Elapsed time = 1.42 sec. (1423.74 ticks, tree = 0.02 MB, solutions = 13)
     24    22       -0.2621    85       -0.1992       -0.2619    10938   31.47%
     73    72       -0.2441    52       -0.1992       -0.2619    25705   31.47%
*   147+  108                           -0.2032       -0.2619            28.88%
    199   142       -0.2632    88       -0.2032       -0.2619    38748   28.88%
    256   215       -0.2349    44       -0.2032       -0.2619    48618   28.88%
    346   287       -0.2358    23       -0.2032       -0.2619    59760   28.88%
*   426   319      integral     0       -0.2033       -0.2619    63011   28.82%
    539   426       -0.2252    42       -0.2033       -0.2619    75409   28.82%
    672   539       -0.2476    74       -0.2033       -0.2619    87877   28.82%
    783   632       -0.2418    68       -0.2033       -0.2619    97934   28.82%
*   798+  618                           -0.2059       -0.2619            27.21%
*   806+  618                           -0.2067       -0.2619            26.69%
*  1187+  933                           -0.2094       -0.2619            25.08%
   1197   999       -0.2230    33       -0.2094       -0.2619   137947   25.08%
Elapsed time = 4.50 sec. (4555.92 ticks, tree = 5.52 MB, solutions = 17)

Performing restart 1

Repeating presolve.
Tried aggregator 1 time.
MIP Presolve modified 168 coefficients.
Reduced MIP has 656 rows, 697 columns, and 5606 nonzeros.
Reduced MIP has 174 binaries, 0 generals, 0 SOSs, and 0 indicators.
Presolve time = 0.00 sec. (2.52 ticks)
Tried aggregator 1 time.
Reduced MIP has 656 rows, 697 columns, and 5606 nonzeros.
Reduced MIP has 174 binaries, 0 generals, 0 SOSs, and 0 indicators.
Presolve time = 0.00 sec. (2.25 ticks)
Represolve time = 0.02 sec. (15.86 ticks)
   1245     0       -0.2656    94       -0.2094      Cuts: 14   147364   24.88%
   1245     0       -0.2648    95       -0.2094      Cuts: 14   147501   24.88%
   1245     0       -0.2644    94       -0.2094    MIRcuts: 8   147645   24.88%
   1245     0       -0.2640   101       -0.2094       Cuts: 8   147770   24.88%
   1245     0       -0.2635    97       -0.2094      Cuts: 14   147898   24.88%
   1245     0       -0.2631    97       -0.2094      Cuts: 14   148067   24.88%
   1245     0       -0.2627   106       -0.2094      Cuts: 11   148182   24.88%
   1245     0       -0.2619   103       -0.2094   MIRcuts: 13   148363   24.88%
   1245     0       -0.2618    99       -0.2094       Cuts: 3   148419   24.88%
   1245     0       -0.2617    98       -0.2094       Cuts: 6   148483   24.88%
*  1245+    0                           -0.2096       -0.2615            24.72%
   1245     0  -1.00000e+75     0       -0.2096       -0.2615   148483   24.72%
   1245     0       -0.2617    97       -0.2096    MIRcuts: 2   148501   24.72%
   1245     0       -0.2616   106       -0.2096    MIRcuts: 2   148544   24.72%
   1245     0       -0.2616   100       -0.2096    MIRcuts: 4   148612   24.72%
   1245     0       -0.2615   100       -0.2096    MIRcuts: 2   148658   24.72%
   1245     0       -0.2615   100       -0.2096    MIRcuts: 1   148680   24.72%
   1245     0       -0.2615   100       -0.2096    MIRcuts: 1   148707   24.72%
*  1245+    0                           -0.2105       -0.2614            24.22%
   1245     0  -1.00000e+75     0       -0.2105       -0.2614   148707   24.22%
   1245     2       -0.2615   100       -0.2105       -0.2614   148707   24.22%
   1332    57       -0.2422    79       -0.2105       -0.2606   167850   23.82%
   1629   315       -0.2113    42       -0.2105       -0.2601   202351   23.59%
   1961   580       -0.2516    83       -0.2105       -0.2579   233412   22.52%
   2428   946       -0.2533    97       -0.2105       -0.2573   267580   22.25%
   2782  1326       -0.2401    76       -0.2105       -0.2564   313397   21.83%
   3229  1710       -0.2169    40       -0.2105       -0.2558   353381   21.55%
   3694  2145       -0.2441    76       -0.2105       -0.2555   397769   21.40%
   4180  2494       -0.2499    91       -0.2105       -0.2553   440792   21.29%
   4719  3036       -0.2305    68       -0.2105       -0.2549   492500   21.12%
Elapsed time = 14.36 sec. (16100.48 ticks, tree = 16.47 MB, solutions = 20)
   5199  3385       -0.2178    44       -0.2105       -0.2545   530919   20.93%
   5726  3930       -0.2466    70       -0.2105       -0.2543   586586   20.85%
   6248  4359       -0.2270    45       -0.2105       -0.2541   634537   20.72%
   6793  4837       -0.2379    62       -0.2105       -0.2538   682547   20.60%
   7399  5372       -0.2234    50       -0.2105       -0.2534   735584   20.40%
   7861  5850       -0.2398    77       -0.2105       -0.2531   790698   20.27%
   8519  6192       -0.2410    66       -0.2105       -0.2530   822117   20.22%
   9138  6755       -0.2252    58       -0.2105       -0.2528   876323   20.14%
   9619  7363       -0.2358    71       -0.2105       -0.2527   946565   20.08%
  10187  7827       -0.2301    63       -0.2105       -0.2525   997009   19.96%
Elapsed time = 22.16 sec. (25658.58 ticks, tree = 42.82 MB, solutions = 20)
  10800  8131       -0.2106    29       -0.2105       -0.2524  1031418   19.91%
  11333  8674       -0.2412    72       -0.2105       -0.2522  1085819   19.85%
  11906  9190       -0.2217    40       -0.2105       -0.2521  1142021   19.79%
  12501  9614       -0.2236    45       -0.2105       -0.2520  1183560   19.74%
  13063 10294        cutoff             -0.2105       -0.2519  1258962   19.70%
  13664 10705       -0.2178    29       -0.2105       -0.2518  1300569   19.64%
  14298 11227       -0.2466    76       -0.2105       -0.2517  1354704   19.61%
  14925 11717       -0.2219    36       -0.2105       -0.2517  1404159   19.58%
  15527 12388       -0.2391    72       -0.2105       -0.2515  1473674   19.48%
  16126 12833       -0.2180    51       -0.2105       -0.2514  1523059   19.43%
Elapsed time = 29.88 sec. (35209.51 ticks, tree = 69.35 MB, solutions = 20)
  16822 13496       -0.2284    58       -0.2105       -0.2512  1582159   19.37%
  17359 14002       -0.2142    49       -0.2105       -0.2511  1634300   19.33%
  17935 14403       -0.2385    70       -0.2105       -0.2511  1682676   19.29%
  18529 14965       -0.2367    70       -0.2105       -0.2510  1734428   19.27%
  19143 15318        cutoff             -0.2105       -0.2509  1773787   19.22%
  19678 16012       -0.2241    54       -0.2105       -0.2508  1846370   19.18%
  20266 16376       -0.2133    20       -0.2105       -0.2508  1886734   19.15%
  20892 16875       -0.2239    65       -0.2105       -0.2507  1934757   19.12%
  21586 17386       -0.2143    49       -0.2105       -0.2506  1986010   19.09%
  22168 18134       -0.2470    73       -0.2105       -0.2506  2056400   19.06%
Elapsed time = 37.75 sec. (44759.19 ticks, tree = 100.13 MB, solutions = 20)
  22750 18742       -0.2280    49       -0.2105       -0.2505  2123168   19.04%
  23438 18994       -0.2337    62       -0.2105       -0.2505  2147565   19.00%
  24119 20026       -0.2401    76       -0.2105       -0.2504  2240756   18.96%
  24711 20531       -0.2203    54       -0.2105       -0.2503  2293972   18.94%
  25108 21024       -0.2119    47       -0.2105       -0.2502  2341951   18.91%
  25409 21196       -0.2468    87       -0.2105       -0.2502  2359229   18.91%
  25678 21491       -0.2309    70       -0.2105       -0.2502  2393781   18.91%
  25939 21649       -0.2158    48       -0.2105       -0.2502  2409164   18.91%
  26212 21925       -0.2417    84       -0.2105       -0.2502  2444113   18.91%
* 26401+20632                           -0.2124       -0.2502            17.80%
  26465 22073       -0.2331    62       -0.2124       -0.2502  2458370   17.80%
Elapsed time = 46.39 sec. (54332.42 ticks, tree = 125.85 MB, solutions = 20)
  26678 22342       -0.2300    67       -0.2124       -0.2502  2491114   17.80%
  27002 21426       -0.2332    73       -0.2124       -0.2502  2494100   17.80%
  27368 21688       -0.2401    73       -0.2124       -0.2502  2528233   17.80%
  27738 22207       -0.2258    44       -0.2124       -0.2502  2589863   17.80%
  28094 22487        cutoff             -0.2124       -0.2502  2626146   17.80%
  28429 22783       -0.2458    86       -0.2124       -0.2502  2662274   17.80%
  28747 23211       -0.2320    64       -0.2124       -0.2502  2724675   17.80%
  29123 23491       -0.2155    43       -0.2124       -0.2497  2759031   17.53%
  29581 23866       -0.2435    76       -0.2124       -0.2496  2804602   17.50%
  30118 24337       -0.2236    39       -0.2124       -0.2495  2857358   17.47%
Elapsed time = 54.53 sec. (63891.74 ticks, tree = 138.35 MB, solutions = 21)
  30618 24689       -0.2255    57       -0.2124       -0.2495  2895846   17.45%
  31107 25063       -0.2400    68       -0.2124       -0.2494  2944998   17.42%
  31636 25571       -0.2444    79       -0.2124       -0.2494  3006823   17.39%
  32085 25954       -0.2236    34       -0.2124       -0.2493  3047358   17.36%
  32585 26157       -0.2361    71       -0.2124       -0.2493  3072048   17.34%
  33059 26518       -0.2328    60       -0.2124       -0.2492  3122265   17.33%
  33577 27246       -0.2144    31       -0.2124       -0.2492  3209135   17.29%
  34064 27394       -0.2440    75       -0.2124       -0.2491  3225003   17.27%
  34551 28072       -0.2220    41       -0.2124       -0.2491  3311482   17.25%
  34965 28194       -0.2454    70       -0.2124       -0.2490  3327732   17.23%
Elapsed time = 62.36 sec. (73438.85 ticks, tree = 161.65 MB, solutions = 21)
  35450 28862       -0.2236    20       -0.2124       -0.2490  3410925   17.21%
  35962 29230       -0.2140    47       -0.2124       -0.2490  3459895   17.20%
  36459 29368       -0.2450    73       -0.2124       -0.2489  3475996   17.18%
  37021 30057       -0.2396    73       -0.2124       -0.2489  3551707   17.17%
  37558 30655       -0.2387    66       -0.2124       -0.2489  3616636   17.15%
  37978 31087       -0.2241    58       -0.2124       -0.2488  3668879   17.12%
  38485 31454       -0.2423    82       -0.2124       -0.2487  3721049   17.09%
  38952 31623       -0.2345    55       -0.2124       -0.2487  3737136   17.07%
  39397 32144       -0.2370    81       -0.2124       -0.2486  3799756   17.05%
  39843 32616       -0.2320    59       -0.2124       -0.2486  3866074   17.02%
Elapsed time = 70.23 sec. (82992.67 ticks, tree = 189.15 MB, solutions = 21)
  40354 33150       -0.2315    60       -0.2124       -0.2485  3924921   17.00%
  40849 33550       -0.2277    60       -0.2124       -0.2485  3967595   16.97%
  41305 33928       -0.2378    76       -0.2124       -0.2485  4018606   16.96%
  41711 34195       -0.2314    64       -0.2124       -0.2484  4054159   16.94%
  42242 34708       -0.2306    59       -0.2124       -0.2484  4119757   16.94%
  42791 35203       -0.2353    76       -0.2124       -0.2484  4175045   16.93%
  43298 35715       -0.2236    40       -0.2124       -0.2483  4239313   16.91%
  43761 36001       -0.2437    79       -0.2124       -0.2483  4268586   16.90%
  44239 36431       -0.2361    70       -0.2124       -0.2483  4320978   16.87%
  46276 38140       -0.2167    32       -0.2124       -0.2481  4511850   16.81%
Elapsed time = 80.19 sec. (95413.36 ticks, tree = 223.16 MB, solutions = 21)
  48313 39733       -0.2356    65       -0.2124       -0.2480  4699705   16.76%

Performing restart 2

Repeating presolve.
Tried aggregator 1 time.
Reduced MIP has 656 rows, 697 columns, and 5606 nonzeros.
Reduced MIP has 174 binaries, 0 generals, 0 SOSs, and 0 indicators.
Presolve time = 0.00 sec. (1.60 ticks)
Tried aggregator 1 time.
Reduced MIP has 656 rows, 697 columns, and 5606 nonzeros.
Reduced MIP has 174 binaries, 0 generals, 0 SOSs, and 0 indicators.
Presolve time = 0.00 sec. (2.25 ticks)
Represolve time = 0.05 sec. (27.68 ticks)
  48557     0       -0.2588   102       -0.2124       Cuts: 7  4787277   16.75%
  48557     0       -0.2587   102       -0.2124       Cuts: 2  4787323   16.75%
  48557     0       -0.2584    90       -0.2124       Cuts: 3  4787434   16.75%
  48557     0       -0.2583    94       -0.2124    MIRcuts: 9  4787530   16.75%
  48557     0       -0.2582    97       -0.2124    MIRcuts: 1  4787599   16.75%
  48557     0       -0.2577    94       -0.2124       Cuts: 5  4787721   16.75%
  48557     0       -0.2573    91       -0.2124    MIRcuts: 5  4787828   16.75%
  48557     0       -0.2571    91       -0.2124       Cuts: 5  4787881   16.75%
  48561     3       -0.2565    89       -0.2124       -0.2480  4788067   16.75%
  49403   581       -0.2314    40       -0.2124       -0.2480  4867587   16.75%
  51995  2924       -0.2205    56       -0.2124       -0.2480  5077599   16.75%
  54651  5339       -0.2229    48       -0.2124       -0.2480  5303511   16.75%
  57413  7777       -0.2308    60       -0.2124       -0.2480  5531327   16.73%
  60142 10149        cutoff             -0.2124       -0.2474  5758196   16.48%
  62983 12439       -0.2140    26       -0.2124       -0.2468  5970164   16.19%
  65305 14511       -0.2234    57       -0.2124       -0.2465  6175765   16.05%
  67646 16557       -0.2419    73       -0.2124       -0.2463  6390188   15.93%
Elapsed time = 109.70 sec. (133585.41 ticks, tree = 81.40 MB, solutions = 21)
  69998 18726       -0.2350    78       -0.2124       -0.2460  6620870   15.82%
  72297 20735       -0.2406    72       -0.2124       -0.2458  6843424   15.71%
  74651 22658       -0.2360    73       -0.2124       -0.2456  7046459   15.60%
  76964 24708       -0.2277    52       -0.2124       -0.2454  7269342   15.52%
  79057 26428       -0.2357    75       -0.2124       -0.2452  7462769   15.43%
  81283 28248       -0.2409    71       -0.2124       -0.2450  7669623   15.33%
  83540 30184       -0.2348    56       -0.2124       -0.2448  7892885   15.23%
  85838 32486       -0.2230    57       -0.2124       -0.2446  8133466   15.14%
  88202 34433        cutoff             -0.2124       -0.2444  8352765   15.07%
  90569 36433       -0.2293    53       -0.2124       -0.2443  8565085   14.99%
Elapsed time = 140.23 sec. (171761.98 ticks, tree = 188.50 MB, solutions = 21)
  92920 38660       -0.2238    25       -0.2124       -0.2441  8809105   14.91%
  95495 40571       -0.2345    76       -0.2124       -0.2439  8992350   14.84%
  97806 42546       -0.2158    28       -0.2124       -0.2438  9204833   14.75%
 100198 44613       -0.2348    67       -0.2124       -0.2435  9428778   14.65%
 102566 46818       -0.2340    60       -0.2124       -0.2434  9668589   14.59%
 105150 49026       -0.2372    73       -0.2124       -0.2433  9890794   14.52%
 107587 50871       -0.2223    52       -0.2124       -0.2431 10087371   14.46%
 109997 53233       -0.2316    66       -0.2124       -0.2430 10336854   14.40%
 112562 55312       -0.2244    60       -0.2124       -0.2429 10548666   14.35%
 114916 57500       -0.2212    56       -0.2124       -0.2428 10785183   14.30%
Elapsed time = 172.05 sec. (209922.42 ticks, tree = 307.91 MB, solutions = 21)
 117406 59559       -0.2213    67       -0.2124       -0.2427 11001324   14.25%
 119996 61806       -0.2392    65       -0.2124       -0.2426 11231911   14.18%
 122595 64002       -0.2382    76       -0.2124       -0.2424 11447500   14.13%
 125009 66088       -0.2202    53       -0.2124       -0.2423 11668869   14.07%
 127616 67960       -0.2201    47       -0.2124       -0.2422 11857701   14.02%
 130137 70522       -0.2175    56       -0.2124       -0.2421 12129129   13.97%
 132598 72577       -0.2298    52       -0.2124       -0.2420 12344135   13.92%
 135164 74526       -0.2136    29       -0.2124       -0.2419 12548473   13.88%
 137633 76478       -0.2271    35       -0.2124       -0.2418 12765566   13.84%
 140365 78966       -0.2350    59       -0.2124       -0.2417 13001589   13.79%
Elapsed time = 203.70 sec. (248093.02 ticks, tree = 436.78 MB, solutions = 21)
 142807 80886       -0.2341    71       -0.2124       -0.2416 13205844   13.75%
*143353+81754                           -0.2155       -0.2416            12.10%
 145262 74142       -0.2236    56       -0.2155       -0.2415 13453551   12.07%
 147538 76110       -0.2355    66       -0.2155       -0.2415 13679077   12.04%
 150012 78260       -0.2331    71       -0.2155       -0.2414 13919238   12.00%
 152400 80128       -0.2192    32       -0.2155       -0.2413 14133278   11.96%
 154697 82086       -0.2356    72       -0.2155       -0.2412 14357886   11.93%
 157161 83907       -0.2246    48       -0.2155       -0.2412 14561307   11.89%
 159627 85946       -0.2286    64       -0.2155       -0.2411 14786269   11.86%
 162085 88181       -0.2315    56       -0.2155       -0.2410 15034664   11.83%
 164591 90129       -0.2339    69       -0.2155       -0.2410 15252817   11.79%
Elapsed time = 234.28 sec. (286258.24 ticks, tree = 501.38 MB, solutions = 22)
 166969 91937       -0.2314    63       -0.2155       -0.2409 15451111   11.76%
 169512 94125       -0.2173    18       -0.2155       -0.2408 15699779   11.72%
 172125 96404       -0.2369    63       -0.2155       -0.2408 15937121   11.70%
 174651 98535       -0.2219    54       -0.2155       -0.2407 16163571   11.67%
 176882 100397       -0.2329    62       -0.2155       -0.2406 16377204   11.64%
 179260 102235        cutoff             -0.2155       -0.2406 16582355   11.61%
 181636 104086        cutoff             -0.2155       -0.2405 16791521   11.58%
 184134 105951       -0.2216    44       -0.2155       -0.2404 16983841   11.55%
 186382 108289       -0.2366    88       -0.2155       -0.2404 17240869   11.52%
 188577 109954       -0.2321    56       -0.2155       -0.2403 17446079   11.50%
Elapsed time = 265.44 sec. (324414.88 ticks, tree = 614.87 MB, solutions = 22)
 190839 111743       -0.2354    70       -0.2155       -0.2403 17652549   11.47%
 193019 113599       -0.2263    53       -0.2155       -0.2402 17868629   11.45%
 195204 115191       -0.2236    41       -0.2155       -0.2402 18058544   11.43%
 197510 116999       -0.2157    24       -0.2155       -0.2401 18270805   11.41%
 199842 119198       -0.2199    42       -0.2155       -0.2401 18532852   11.39%
 201956 120953       -0.2277    74       -0.2155       -0.2400 18747856   11.36%
 204249 122675       -0.2204    19       -0.2155       -0.2400 18939919   11.34%
 206443 124455       -0.2242    39       -0.2155       -0.2399 19153807   11.31%
 208327 125893       -0.2362    45       -0.2155       -0.2399 19343957   11.29%
 210217 127699       -0.2301    73       -0.2155       -0.2398 19582795   11.28%
Elapsed time = 296.06 sec. (362574.49 ticks, tree = 720.21 MB, solutions = 22)
 212186 129067       -0.2159    48       -0.2155       -0.2398 19766567   11.26%
 214037 130577       -0.2312    69       -0.2155       -0.2398 19963074   11.24%
 215851 131963       -0.2332    66       -0.2155       -0.2397 20167097   11.22%
 217867 133587       -0.2162    32       -0.2155       -0.2397 20385683   11.21%
 219723 135063       -0.2276    66       -0.2155       -0.2397 20574630   11.19%
 221697 136685       -0.2333    65       -0.2155       -0.2396 20784399   11.17%
 223570 138413       -0.2158    56       -0.2155       -0.2396 21017831   11.16%
 225590 140054       -0.2247    64       -0.2155       -0.2396 21234161   11.14%
 227659 141504       -0.2267    51       -0.2155       -0.2395 21417726   11.13%
 229576 143330       -0.2316    71       -0.2155       -0.2395 21655149   11.11%
Elapsed time = 328.83 sec. (400744.52 ticks, tree = 820.94 MB, solutions = 22)
 231660 144583       -0.2233    46       -0.2155       -0.2395 21811346   11.10%
 233746 146420       -0.2196    25       -0.2155       -0.2394 22037423   11.08%
 235782 148236        cutoff             -0.2155       -0.2394 22266697   11.06%
 237777 149576        cutoff             -0.2155       -0.2394 22441104   11.05%
 239778 151500       -0.2211    41       -0.2155       -0.2393 22683128   11.03%
 241745 152731       -0.2275    71       -0.2155       -0.2393 22840086   11.02%
 243751 154603       -0.2170    28       -0.2155       -0.2393 23073430   11.00%
 245814 156153       -0.2268    51       -0.2155       -0.2392 23277775   10.99%
 247853 157733       -0.2292    35       -0.2155       -0.2392 23473036   10.97%
 249940 159513       -0.2260    59       -0.2155       -0.2392 23691954   10.96%
Elapsed time = 358.42 sec. (438926.41 ticks, tree = 920.60 MB, solutions = 22)
 251937 161146       -0.2291    66       -0.2155       -0.2391 23904734   10.94%
 254112 163119       -0.2236    49       -0.2155       -0.2391 24149122   10.93%
 256141 164787       -0.2307    69       -0.2155       -0.2391 24358557   10.91%
 258086 166165       -0.2241    37       -0.2155       -0.2390 24538428   10.90%
 260033 167722        cutoff             -0.2155       -0.2390 24750275   10.89%
 261978 169219       -0.2201    47       -0.2155       -0.2390 24949004   10.87%
 264036 170774       -0.2284    66       -0.2155       -0.2390 25149570   10.86%
 266073 172563       -0.2209    47       -0.2155       -0.2389 25376636   10.85%
 268063 174105       -0.2307    45       -0.2155       -0.2389 25579740   10.83%
 270171 175741       -0.2360    71       -0.2155       -0.2389 25781069   10.82%
Elapsed time = 389.78 sec. (477093.72 ticks, tree = 1023.49 MB, solutions = 22)
 272188 177219       -0.2285    75       -0.2155       -0.2388 25987683   10.80%
 274244 178852       -0.2163    51       -0.2155       -0.2388 26188102   10.79%
 276299 180651       -0.2158    50       -0.2155       -0.2388 26415213   10.78%
 278398 182402       -0.2164    26       -0.2155       -0.2388 26633400   10.77%
 280433 184295       -0.2167    52       -0.2155       -0.2387 26871470   10.76%
 282503 185744       -0.2344    87       -0.2155       -0.2387 27061523   10.74%
 284508 187603       -0.2283    56       -0.2155       -0.2387 27286714   10.73%
 286489 189020       -0.2255    75       -0.2155       -0.2386 27482678   10.71%
 288515 190714       -0.2329    80       -0.2155       -0.2386 27705967   10.70%
 290447 192132       -0.2323    73       -0.2155       -0.2386 27886232   10.69%
Elapsed time = 420.08 sec. (515263.74 ticks, tree = 1122.74 MB, solutions = 22)
 292582 193554       -0.2187    38       -0.2155       -0.2386 28078316   10.68%
 294552 195232       -0.2236    56       -0.2155       -0.2385 28290213   10.66%
 296611 196816       -0.2178    27       -0.2155       -0.2385 28501799   10.65%
 298654 198832       -0.2312    57       -0.2155       -0.2385 28751546   10.64%
 300670 200211       -0.2236    64       -0.2155       -0.2385 28933484   10.63%
 302572 202071       -0.2235    57       -0.2155       -0.2384 29183714   10.61%
 304489 203400        cutoff             -0.2155       -0.2384 29361508   10.60%
 306479 204961       -0.2296    72       -0.2155       -0.2384 29580408   10.60%
 308494 206302       -0.2206    55       -0.2155       -0.2384 29760205   10.58%
 310275 207635       -0.2310    63       -0.2155       -0.2383 29943604   10.57%
Elapsed time = 448.80 sec. (553433.79 ticks, tree = 1212.16 MB, solutions = 22)
 312311 209239       -0.2198    27       -0.2155       -0.2383 30155602   10.56%
 314463 211278       -0.2207    38       -0.2155       -0.2383 30410231   10.55%
 316382 212759       -0.2325    74       -0.2155       -0.2382 30615966   10.53%
 318443 214298       -0.2169    32       -0.2155       -0.2382 30817353   10.52%
 320489 215979       -0.2205    49       -0.2155       -0.2382 31040456   10.51%
 322531 217756       -0.2164    35       -0.2155       -0.2382 31266676   10.49%
 324577 218866       -0.2173    35       -0.2155       -0.2381 31419145   10.48%
 326587 220703       -0.2260    54       -0.2155       -0.2381 31656925   10.47%
 328709 222575        cutoff             -0.2155       -0.2381 31892863   10.46%
 330801 224275       -0.2262    59       -0.2155       -0.2381 32101478   10.45%
Elapsed time = 478.06 sec. (591594.38 ticks, tree = 1310.83 MB, solutions = 22)
 332940 225766       -0.2174    22       -0.2155       -0.2380 32292023   10.44%
 334983 227372       -0.2236    37       -0.2155       -0.2380 32498044   10.43%
 337130 229092       -0.2317    73       -0.2155       -0.2380 32711997   10.42%
 339254 230717       -0.2234    41       -0.2155       -0.2380 32909259   10.41%
 341353 232420       -0.2304    75       -0.2155       -0.2380 33126100   10.40%
 343474 234428       -0.2190    46       -0.2155       -0.2379 33377084   10.39%
 345605 235945       -0.2274    59       -0.2155       -0.2379 33570405   10.38%
 347756 237650       -0.2302    68       -0.2155       -0.2379 33788696   10.37%
 349720 238859       -0.2231    48       -0.2155       -0.2379 33950137   10.36%
 351842 240666        cutoff             -0.2155       -0.2378 34186244   10.35%
Elapsed time = 510.67 sec. (629750.72 ticks, tree = 1405.48 MB, solutions = 22)
 353935 242222       -0.2290    66       -0.2155       -0.2378 34383696   10.33%
 356009 243891        cutoff             -0.2155       -0.2378 34600421   10.32%
 358153 245681        cutoff             -0.2155       -0.2378 34822980   10.31%
 360249 247582        cutoff             -0.2155       -0.2377 35060754   10.30%
 362175 248968       -0.2298    75       -0.2155       -0.2377 35259707   10.29%
 364189 250332       -0.2212    61       -0.2155       -0.2377 35437869   10.28%
 366192 252065       -0.2181    44       -0.2155       -0.2377 35676634   10.27%
 368299 253994       -0.2232    63       -0.2155       -0.2377 35920347   10.26%
 370144 255320       -0.2236    47       -0.2155       -0.2376 36090898   10.25%
 371144 256214       -0.2263    67       -0.2155       -0.2376 36216774   10.24%
Elapsed time = 546.09 sec. (667917.92 ticks, tree = 1494.50 MB, solutions = 22)
 372132 257006       -0.2262    61       -0.2155       -0.2376 36318404   10.23%
 373059 257677       -0.2227    61       -0.2155       -0.2376 36406207   10.23%
 374250 258690       -0.2324    58       -0.2155       -0.2376 36551167   10.22%
 375057 259048       -0.2167    23       -0.2155       -0.2376 36595679   10.22%
 376021 260074       -0.2287    74       -0.2155       -0.2376 36727854   10.21%
 376934 260399       -0.2225    66       -0.2155       -0.2375 36773091   10.21%
 378032 261574       -0.2158    43       -0.2155       -0.2375 36912047   10.20%
 378932 262292       -0.2267    76       -0.2155       -0.2375 37009282   10.20%
 379778 263024       -0.2200    38       -0.2155       -0.2375 37107027   10.19%
 380653 263641       -0.2297    67       -0.2155       -0.2375 37180183   10.19%
Elapsed time = 584.48 sec. (706144.33 ticks, tree = 1539.86 MB, solutions = 22)
 381584 264358       -0.2266    44       -0.2155       -0.2375 37277212   10.18%
 382495 265138       -0.2327    75       -0.2155       -0.2375 37385873   10.18%
 383431 265638       -0.2306    65       -0.2155       -0.2375 37449585   10.18%

Cover cuts applied:  4
Mixed integer rounding cuts applied:  261
Lift and project cuts applied:  17

Root node processing (before b&c):
  Real time             =    1.42 sec. (1422.89 ticks)
Parallel b&c, 4 threads:
  Real time             =  598.59 sec. (718788.14 ticks)
  Sync time (average)   =   16.94 sec.
  Wait time (average)   =    0.00 sec.
                          ------------
Total (root+branch&cut) =  600.02 sec. (720211.04 ticks)
