Version identifier: 22.2.0.0 | 2026-05-04 | 5dff98e58
CPXPARAM_Read_DataCheck                          1
CPXPARAM_Threads                                 4
CPXPARAM_Parallel                                1
CPXPARAM_RandomSeed                              20260925
CPXPARAM_Simplex_Tolerances_Optimality           1.0000000000000001e-09
CPXPARAM_Simplex_Tolerances_Feasibility          1.0000000000000001e-09
CPXPARAM_TimeLimit                               600
CPXPARAM_MIP_Tolerances_AbsMIPGap                1.0000000000000001e-09
CPXPARAM_MIP_Tolerances_Integrality              1.0000000000000001e-09
Legacy callback                                  i
1 of 22 MIP starts provided solutions.
MIP start 'm1' defined initial solution with objective 0.1361.
Tried aggregator 2 times.
MIP Presolve eliminated 41 rows and 1 columns.
MIP Presolve modified 504 coefficients.
Aggregator did 12 substitutions.
Reduced MIP has 656 rows, 697 columns, and 5658 nonzeros.
Reduced MIP has 174 binaries, 0 generals, 0 SOSs, and 0 indicators.
Presolve time = 0.00 sec. (3.06 ticks)
Probing time = 0.00 sec. (0.17 ticks)
Tried aggregator 1 time.
Detecting symmetries...
Reduced MIP has 656 rows, 697 columns, and 5658 nonzeros.
Reduced MIP has 174 binaries, 0 generals, 0 SOSs, and 0 indicators.
Presolve time = 0.02 sec. (2.22 ticks)
Probing time = 0.00 sec. (0.17 ticks)
MIP emphasis: balance optimality and feasibility.
MIP search method: dynamic search.
Parallel mode: deterministic, using up to 4 threads.
Root relaxation solution time = 0.00 sec. (9.04 ticks)

        Nodes                                         Cuts/
   Node  Left     Objective  IInf  Best Integer    Best Bound    ItCnt     Gap

*     0+    0                            0.1361        0.0000           100.00%
      0     0        0.1272    29        0.1361        0.1272      464    6.53%
      0     0        0.1272    27        0.1361      Cuts: 29      537    6.53%
      0     0        0.1272    31        0.1361      Cuts: 40      653    6.53%
      0     0        0.1272    35        0.1361      Cuts: 19      757    6.53%
Detecting symmetries...
      0     2        0.1272    31        0.1361        0.1272      757    6.53%
Elapsed time = 0.59 sec. (432.26 ticks, tree = 0.02 MB, solutions = 1)
*    10+    2                            0.1350        0.1272             5.76%
    181   144        0.1280    22        0.1350        0.1272    19476    5.76%
    501   344        0.1294    16        0.1350        0.1272    41454    5.76%
    917   721        0.1280    18        0.1350        0.1272    66512    5.75%
   1332   991        0.1305    21        0.1350        0.1272    91847    5.75%
   1794  1449        0.1310    20        0.1350        0.1273   121089    5.71%
   2309  1832        0.1277    28        0.1350        0.1274   149220    5.63%

Performing restart 1

Repeating presolve.
Tried aggregator 1 time.
MIP Presolve modified 264 coefficients.
Reduced MIP has 656 rows, 697 columns, and 5606 nonzeros.
Reduced MIP has 174 binaries, 0 generals, 0 SOSs, and 0 indicators.
Presolve time = 0.00 sec. (2.39 ticks)
Tried aggregator 1 time.
Reduced MIP has 656 rows, 697 columns, and 5606 nonzeros.
Reduced MIP has 174 binaries, 0 generals, 0 SOSs, and 0 indicators.
Presolve time = 0.00 sec. (2.16 ticks)
Represolve time = 0.00 sec. (7.00 ticks)
   2480     0        0.1272    32        0.1350      Cuts: 21   165949    5.62%
   2480     0        0.1272    36        0.1350      Cuts: 14   166087    5.62%
   2480     0        0.1273    28        0.1350      Cuts: 11   166181    5.62%
   2480     0        0.1273    29        0.1350      Cuts: 10   166250    5.62%
   2480     0        0.1273    30        0.1350      Cuts: 11   166363    5.62%
   2480     0        0.1273    34        0.1350      Cuts: 18   166434    5.62%
   2480     0        0.1273    32        0.1350       Cuts: 3   166469    5.62%
   2480     2        0.1273    26        0.1350        0.1274   166469    5.62%
   2524    44        0.1277    24        0.1350        0.1274   168698    5.62%
   2735   189        0.1293    21        0.1350        0.1274   181221    5.62%
   4529  1684        0.1292    14        0.1350        0.1276   259897    5.48%
Elapsed time = 4.42 sec. (4219.67 ticks, tree = 8.38 MB, solutions = 2)
   6304  3072        0.1296    15        0.1350        0.1277   346411    5.44%
   7921  4262        0.1289    20        0.1350        0.1277   434212    5.40%
   9768  5502        0.1297    15        0.1350        0.1278   525672    5.35%
  11432  6829        0.1331    21        0.1350        0.1279   624688    5.28%
  13249  8116        0.1293    14        0.1350        0.1279   719630    5.26%
  15055  9426        0.1315    22        0.1350        0.1279   815775    5.24%
  17226 10928        0.1292     8        0.1350        0.1279   911440    5.24%
  19007 12484        0.1302    12        0.1350        0.1280  1020154    5.22%
  20845 13802        0.1307    15        0.1350        0.1280  1123584    5.21%
  22594 14935        0.1321    21        0.1350        0.1280  1206714    5.19%
Elapsed time = 14.58 sec. (13763.26 ticks, tree = 80.88 MB, solutions = 2)
  24383 16221        0.1287    20        0.1350        0.1280  1304384    5.17%
  26113 17622        0.1283    18        0.1350        0.1280  1419552    5.16%
  27044 18538        0.1332    20        0.1350        0.1281  1490318    5.15%
  27975 19169        0.1328    21        0.1350        0.1281  1535899    5.15%
  28865 19749        0.1308    24        0.1350        0.1281  1576024    5.15%
  29775 20523        0.1289    23        0.1350        0.1281  1639283    5.15%
  30684 21034        0.1294    13        0.1350        0.1281  1684380    5.15%
  32046 21917    infeasible              0.1350        0.1281  1753089    5.15%
  33616 22940        0.1339    21        0.1350        0.1281  1830212    5.08%
  35340 24345        0.1289    15        0.1350        0.1282  1947228    5.06%
Elapsed time = 26.20 sec. (23304.46 ticks, tree = 132.69 MB, solutions = 2)
  37294 25408        0.1347    19        0.1350        0.1282  2023791    5.04%
  38994 26652        0.1314    14        0.1350        0.1282  2127941    5.02%
  40978 28119        0.1299    16        0.1350        0.1283  2234620    5.00%
  42796 29363        0.1308    27        0.1350        0.1283  2336431    4.99%
  44670 30519        cutoff              0.1350        0.1283  2429793    4.98%
  46413 31940        0.1308    20        0.1350        0.1283  2539754    4.97%
  48026 33294    infeasible              0.1350        0.1283  2674644    4.95%
  49550 34066        0.1322    15        0.1350        0.1283  2755281    4.94%

Performing restart 2

Repeating presolve.
Tried aggregator 1 time.
MIP Presolve modified 96 coefficients.
Reduced MIP has 656 rows, 697 columns, and 5606 nonzeros.
Reduced MIP has 174 binaries, 0 generals, 0 SOSs, and 0 indicators.
Presolve time = 0.00 sec. (1.54 ticks)
Tried aggregator 1 time.
Reduced MIP has 656 rows, 697 columns, and 5606 nonzeros.
Reduced MIP has 174 binaries, 0 generals, 0 SOSs, and 0 indicators.
Presolve time = 0.00 sec. (2.16 ticks)
Represolve time = 0.03 sec. (11.56 ticks)
  49700     0        0.1273    31        0.1350      Cuts: 16  2802805    4.94%
  49700     0        0.1273    39        0.1350      Cuts: 16  2802983    4.94%
  49700     0        0.1273    32        0.1350       Cuts: 6  2803097    4.94%
  49700     0        0.1273    38        0.1350      Cuts: 19  2803288    4.94%
  49700     0        0.1273    32        0.1350       Cuts: 2  2803364    4.94%
  49700     0        0.1273    38        0.1350      Cuts: 10  2803540    4.94%
  49700     0        0.1273    33        0.1350       Cuts: 5  2803648    4.94%
  49700     0        0.1273    35        0.1350      Cuts: 15  2803747    4.94%
  49700     2        0.1273    35        0.1350        0.1283  2803747    4.94%
  50060   256        0.1315    24        0.1350        0.1283  2830876    4.94%
Elapsed time = 37.61 sec. (33354.09 ticks, tree = 0.60 MB, solutions = 2)
  51281  1157        0.1287    26        0.1350        0.1283  2900937    4.94%
  52865  2367        0.1307    28        0.1350        0.1283  2982920    4.94%
  54426  3512        cutoff              0.1350        0.1283  3072848    4.94%
  56224  4828    infeasible              0.1350        0.1283  3161732    4.94%
  57842  6043        0.1305    22        0.1350        0.1283  3250359    4.94%
  59662  7355        0.1326    21        0.1350        0.1283  3351946    4.94%
  61512  8863    infeasible              0.1350        0.1283  3446971    4.94%
  63180 10006        cutoff              0.1350        0.1283  3522875    4.94%
  65092 11545        0.1290    25        0.1350        0.1283  3626194    4.94%
  66942 12943        0.1307    28        0.1350        0.1283  3714720    4.94%
Elapsed time = 46.61 sec. (42896.14 ticks, tree = 68.39 MB, solutions = 2)
  68605 14282        0.1284    23        0.1350        0.1283  3803926    4.94%
  70257 15667        0.1297    18        0.1350        0.1283  3898204    4.94%
  71911 16715        0.1296    18        0.1350        0.1283  3983049    4.94%
  73629 18247        0.1338    20        0.1350        0.1283  4095004    4.94%
  75256 19551        0.1290    21        0.1350        0.1283  4190633    4.94%
  77014 20720        0.1326    17        0.1350        0.1283  4275577    4.94%
  78673 22081        0.1341    31        0.1350        0.1283  4371844    4.93%
  80439 23640        0.1291    19        0.1350        0.1284  4476852    4.92%
  82027 24630        0.1305    19        0.1350        0.1284  4552455    4.92%
  83770 25962        0.1291    19        0.1350        0.1284  4652246    4.91%
Elapsed time = 56.22 sec. (52439.25 ticks, tree = 136.69 MB, solutions = 2)
  85568 26956        0.1308    29        0.1350        0.1284  4723380    4.91%
  87314 28458        0.1291    15        0.1350        0.1284  4827257    4.90%
  89410 30144        0.1319    23        0.1350        0.1284  4932199    4.90%
  91314 31334        cutoff              0.1350        0.1284  5012433    4.90%
  93059 32682        0.1310     9        0.1350        0.1284  5109950    4.90%
  94517 33860        0.1307    28        0.1350        0.1284  5207818    4.88%
  96182 34954        0.1287    14        0.1350        0.1284  5304186    4.86%
  97666 35958        0.1314    24        0.1350        0.1285  5388288    4.84%
  99144 37139    infeasible              0.1350        0.1285  5490210    4.83%
 100855 38253        0.1306    25        0.1350        0.1285  5575111    4.82%
Elapsed time = 70.23 sec. (61982.37 ticks, tree = 208.21 MB, solutions = 2)
 102501 39449        0.1318    19        0.1350        0.1285  5668771    4.81%
 104164 40945        0.1292    16        0.1350        0.1285  5789886    4.80%
 105759 41743        0.1286    26        0.1350        0.1285  5861274    4.79%
 107438 43090        0.1308    17        0.1350        0.1285  5963232    4.78%
 109117 44533        0.1308    15        0.1350        0.1286  6076430    4.77%
 110684 45596        0.1310    31        0.1350        0.1286  6169404    4.76%
 112240 46578        cutoff              0.1350        0.1286  6259047    4.76%
 113919 47754        0.1295    17        0.1350        0.1286  6350683    4.75%
 115568 48721        0.1315    17        0.1350        0.1286  6432393    4.74%
 117124 50066        0.1331    20        0.1350        0.1286  6550884    4.74%
Elapsed time = 83.59 sec. (71525.35 ticks, tree = 272.76 MB, solutions = 2)
 118647 50934        0.1300    15        0.1350        0.1286  6629948    4.73%
 120092 52006        0.1332    24        0.1350        0.1286  6734344    4.73%
 121634 53086    infeasible              0.1350        0.1286  6835395    4.72%
 123203 53848        0.1318    26        0.1350        0.1286  6904356    4.72%
 124718 55220        cutoff              0.1350        0.1286  7017464    4.71%
 126351 56260        0.1302    18        0.1350        0.1286  7109118    4.71%
 127916 57420        0.1322    20        0.1350        0.1287  7199963    4.70%
 129516 58590        0.1296    29        0.1350        0.1287  7298753    4.70%
 131015 59459        0.1318    30        0.1350        0.1287  7371287    4.69%
 132529 60758        0.1326    17        0.1350        0.1287  7495449    4.69%
Elapsed time = 96.67 sec. (81070.91 ticks, tree = 330.06 MB, solutions = 2)
 134019 61885    infeasible              0.1350        0.1287  7594985    4.68%
 135612 62836        0.1296    26        0.1350        0.1287  7685302    4.68%
 137570 64183        0.1293    20        0.1350        0.1287  7780319    4.67%
 139411 65403        cutoff              0.1350        0.1287  7869096    4.67%
 140914 66426        cutoff              0.1350        0.1287  7955939    4.67%
 142427 67365        0.1294    16        0.1350        0.1287  8046293    4.67%
 143957 68280        0.1345    35        0.1350        0.1287  8132911    4.66%
 145356 69600        0.1314    11        0.1350        0.1287  8251274    4.66%
 146774 70460        cutoff              0.1350        0.1287  8328004    4.66%
 152627 74659        0.1288    28        0.1350        0.1287  8706356    4.64%
Elapsed time = 108.20 sec. (93476.75 ticks, tree = 412.29 MB, solutions = 2)
 157831 77959        0.1306    15        0.1350        0.1288  9045948    4.63%
 162996 81485        0.1316    17        0.1350        0.1288  9414859    4.61%
 167887 84630        0.1301    23        0.1350        0.1288  9751360    4.60%
 173680 88808        0.1299    21        0.1350        0.1288 10117867    4.59%
 179039 92716        0.1310    13        0.1350        0.1288 10474241    4.59%
 184689 96429        0.1298    20        0.1350        0.1288 10811447    4.58%
 189789 99969        0.1337    25        0.1350        0.1288 11163206    4.57%
 195189 103545        0.1305    30        0.1350        0.1288 11505266    4.56%
 200216 106863        0.1300    20        0.1350        0.1289 11857612    4.55%
 205231 110105        0.1328    30        0.1350        0.1289 12209910    4.54%
Elapsed time = 144.36 sec. (131629.61 ticks, tree = 633.74 MB, solutions = 2)
 210105 113242        0.1303    17        0.1350        0.1289 12561546    4.53%
 215084 116400        0.1313    28        0.1350        0.1289 12893684    4.52%
 220183 119853        0.1317    25        0.1350        0.1289 13261059    4.52%
 224886 122716        0.1292    27        0.1350        0.1289 13588581    4.51%
 229277 125400        0.1321    22        0.1350        0.1289 13911442    4.50%
 233650 128214        cutoff              0.1350        0.1289 14260260    4.49%
 238329 130834    infeasible              0.1350        0.1290 14570575    4.48%
 243900 134892        0.1342    30        0.1350        0.1290 14939085    4.47%
 248674 137790        0.1296    27        0.1350        0.1290 15276490    4.47%
 253717 141048        0.1290    23        0.1350        0.1290 15578831    4.47%
Elapsed time = 177.98 sec. (169786.97 ticks, tree = 841.69 MB, solutions = 2)
 258545 144368        0.1301    33        0.1350        0.1290 15926902    4.46%
 263284 147448        0.1339    31        0.1350        0.1290 16246088    4.45%
 267913 150890        0.1303    26        0.1350        0.1290 16582038    4.45%
 272451 154007        cutoff              0.1350        0.1290 16882156    4.45%
 277089 157049        0.1328    15        0.1350        0.1290 17220563    4.45%
 281679 159618        0.1348    34        0.1350        0.1290 17526913    4.44%
 286354 162757        0.1292    28        0.1350        0.1290 17845562    4.44%
*289060+164586                            0.1344        0.1290             4.01%
 291225 163392        0.1326    22        0.1344        0.1290 18191359    4.01%
 296329 167213        0.1299    24        0.1344        0.1290 18529828    4.01%
 300869 169660        0.1305    19        0.1344        0.1290 18818064    4.01%
Elapsed time = 208.81 sec. (207943.06 ticks, tree = 1041.68 MB, solutions = 3)
*305112+172319                            0.1343        0.1290             3.94%
 305752 172832        0.1318    28        0.1343        0.1290 19141573    3.94%
 310873 175698        0.1318    22        0.1343        0.1290 19489404    3.94%
 315927 179394        cutoff              0.1343        0.1290 19865333    3.94%
 320725 182375        0.1336    35        0.1343        0.1290 20167101    3.94%
 325348 185178        0.1313    29        0.1343        0.1290 20484926    3.94%
 330073 188223        cutoff              0.1343        0.1290 20800495    3.93%
 334808 191289        0.1315    29        0.1343        0.1291 21100575    3.93%
*337730+192934                            0.1327        0.1291             2.74%
 339375 166623        0.1317    19        0.1327        0.1291 21423951    2.74%
 344133 169227        cutoff              0.1327        0.1291 21696699    2.74%
 348727 172314        cutoff              0.1327        0.1291 22067661    2.73%
Elapsed time = 239.67 sec. (246096.34 ticks, tree = 1087.14 MB, solutions = 5)
 353569 174823        0.1316    20        0.1327        0.1291 22327355    2.72%
 358571 178136        0.1317    17        0.1327        0.1291 22668480    2.71%
 363226 180520        0.1310    18        0.1327        0.1291 22926629    2.71%
 368009 184076        0.1315    20        0.1327        0.1291 23282771    2.70%
 372798 186932        cutoff              0.1327        0.1291 23574948    2.70%
 377552 189604        0.1299    32        0.1327        0.1291 23856184    2.69%
 382324 192528        0.1305    12        0.1327        0.1291 24161092    2.69%
 387581 195755        0.1291    23        0.1327        0.1291 24476526    2.68%
 392642 198787    infeasible              0.1327        0.1291 24790180    2.68%
 397452 201471        0.1292    31        0.1327        0.1291 25092527    2.68%
Elapsed time = 269.00 sec. (284256.64 ticks, tree = 1311.59 MB, solutions = 5)
 402295 204382        0.1305    25        0.1327        0.1291 25407102    2.68%
 406775 206707        cutoff              0.1327        0.1291 25690289    2.68%
 411496 209879        0.1317    20        0.1327        0.1291 26039361    2.67%
 416265 212380        0.1307    29        0.1327        0.1292 26305943    2.67%
 421227 215245        0.1295    20        0.1327        0.1292 26581155    2.66%
 426089 218718        0.1292    24        0.1327        0.1292 26927087    2.66%
 431031 221740        0.1315    12        0.1327        0.1292 27241732    2.66%
 435846 224287        cutoff              0.1327        0.1292 27509092    2.65%
 440486 227235        0.1317    16        0.1327        0.1292 27831078    2.65%
 445100 229581        cutoff              0.1327        0.1292 28092930    2.65%
Elapsed time = 298.55 sec. (322415.39 ticks, tree = 1539.40 MB, solutions = 5)
 449587 232168        cutoff              0.1327        0.1292 28395621    2.65%
 454234 234992        0.1307     9        0.1327        0.1292 28701408    2.64%
 458865 237591        0.1298    10        0.1327        0.1292 29008018    2.64%
 463183 239668        0.1292    27        0.1327        0.1292 29261954    2.63%
 467532 242251        0.1321    28        0.1327        0.1292 29544404    2.63%
 471800 245129        0.1295    17        0.1327        0.1292 29859784    2.63%
 476186 247409        0.1311    23        0.1327        0.1292 30121078    2.62%
 480836 250541        cutoff              0.1327        0.1292 30426153    2.62%
 485477 253071        0.1315    31        0.1327        0.1292 30676222    2.61%
 490160 255690        0.1321    17        0.1327        0.1292 30957562    2.61%
Elapsed time = 326.80 sec. (360567.89 ticks, tree = 1750.59 MB, solutions = 5)
 494199 258345        cutoff              0.1327        0.1292 31263272    2.61%
 498396 260567        0.1313    16        0.1327        0.1292 31506743    2.60%
 502523 263035        0.1319    21        0.1327        0.1292 31810906    2.60%
 506759 265736        0.1324    23        0.1327        0.1292 32086439    2.60%
 511294 268297        0.1313    28        0.1327        0.1293 32348248    2.59%
 515770 270856        0.1311    19        0.1327        0.1293 32619182    2.59%
 519926 273296        cutoff              0.1327        0.1293 32882493    2.59%
 524274 276104        0.1323    21        0.1327        0.1293 33208979    2.59%
 528567 277952        0.1308    33        0.1327        0.1293 33430489    2.58%
 533402 281612        0.1309    23        0.1327        0.1293 33752003    2.58%
Elapsed time = 360.02 sec. (398728.07 ticks, tree = 1971.77 MB, solutions = 5)
 538265 284527        0.1303    29        0.1327        0.1293 33983077    2.58%
 542805 287808        0.1305    22        0.1327        0.1293 34277218    2.58%
 547209 290587        0.1315    31        0.1327        0.1293 34553943    2.58%
 551171 292673        0.1313    20        0.1327        0.1293 34782534    2.58%
 555341 295421        0.1313    18        0.1327        0.1293 35072992    2.57%
 559404 297881        0.1310    35        0.1327        0.1293 35324330    2.57%
 563400 299674        0.1295    28        0.1327        0.1293 35542842    2.57%
 567427 302491        0.1322    31        0.1327        0.1293 35845824    2.57%
 571268 304843        0.1318    18        0.1327        0.1293 36079884    2.56%
 575359 306719        cutoff              0.1327        0.1293 36295415    2.56%
Elapsed time = 399.62 sec. (436881.16 ticks, tree = 2185.48 MB, solutions = 5)
Nodefile size = 133.77 MB (72.14 MB after compression)
 579599 309753        0.1327    32        0.1327        0.1293 36615686    2.56%
 583709 311331        0.1314    25        0.1327        0.1293 36791476    2.56%
 588027 314235        0.1304    19        0.1327        0.1293 37100005    2.55%
 592021 316190        0.1301    22        0.1327        0.1293 37327306    2.55%
 596040 319306        0.1307    22        0.1327        0.1293 37665105    2.55%
 600264 321718        0.1315    10        0.1327        0.1293 37904679    2.55%
 603946 323544        cutoff              0.1327        0.1293 38131595    2.54%
 607792 326045        0.1304    25        0.1327        0.1293 38422931    2.54%
 611745 327889        0.1314    21        0.1327        0.1293 38650378    2.54%
 615959 330531        0.1310    18        0.1327        0.1293 38926698    2.54%
Elapsed time = 440.94 sec. (475034.18 ticks, tree = 2385.38 MB, solutions = 5)
Nodefile size = 335.24 MB (181.08 MB after compression)
 620139 333144        0.1314    35        0.1327        0.1293 39177678    2.54%
 624167 335525        0.1313    13        0.1327        0.1293 39434724    2.53%
 628342 337654        0.1293    27        0.1327        0.1293 39669892    2.53%
 632315 340575        0.1295    21        0.1327        0.1293 39947207    2.53%
 636394 342994        0.1323    13        0.1327        0.1293 40212406    2.53%
 640405 345294        0.1319    14        0.1327        0.1293 40465289    2.53%
 644347 347702        cutoff              0.1327        0.1293 40739841    2.53%
 648246 349599        0.1311    24        0.1327        0.1293 40983795    2.53%
 652011 352000        0.1293    24        0.1327        0.1293 41290901    2.53%
 655938 354026        0.1301    31        0.1327        0.1293 41559574    2.53%
Elapsed time = 479.28 sec. (513194.19 ticks, tree = 2597.78 MB, solutions = 5)
Nodefile size = 547.22 MB (295.32 MB after compression)
 659867 356226        0.1310    26        0.1327        0.1293 41786815    2.53%
 663522 358283        0.1294    35        0.1327        0.1293 42011572    2.53%
 667250 360736        0.1316    26        0.1327        0.1293 42312640    2.53%
 671093 362386        0.1317    18        0.1327        0.1293 42503475    2.52%
 674794 364646        0.1314    14        0.1327        0.1293 42777248    2.52%
 678289 366474        cutoff              0.1327        0.1294 42999755    2.52%
 681847 368448        0.1321    22        0.1327        0.1294 43241680    2.52%
 685130 370676        0.1324    22        0.1327        0.1294 43517107    2.51%
 688829 372253        0.1312    24        0.1327        0.1294 43698191    2.51%
 692478 374245        0.1312    22        0.1327        0.1294 43922622    2.51%
Elapsed time = 514.27 sec. (551350.79 ticks, tree = 2778.09 MB, solutions = 5)
Nodefile size = 725.98 MB (391.71 MB after compression)
 696049 376805    infeasible              0.1327        0.1294 44213018    2.51%
 699463 378445        0.1303    19        0.1327        0.1294 44412233    2.50%
 702804 380742        0.1306    21        0.1327        0.1294 44658665    2.50%
 706285 382082        0.1297    23        0.1327        0.1294 44814552    2.50%
 709683 384501        0.1300    30        0.1327        0.1294 45082024    2.50%
 713320 386123        0.1304    24        0.1327        0.1294 45273222    2.50%
 717039 388640        0.1318    21        0.1327        0.1294 45534373    2.49%
 720038 390745        0.1320    32        0.1327        0.1294 45774381    2.49%
 721624 391739        0.1314    25        0.1327        0.1294 45878836    2.49%
 723623 392878        cutoff              0.1327        0.1294 46008207    2.49%
Elapsed time = 549.02 sec. (589515.14 ticks, tree = 2955.05 MB, solutions = 5)
Nodefile size = 904.38 MB (488.63 MB after compression)
 725394 393740        0.1312    20        0.1327        0.1294 46111396    2.49%
 726964 394833        0.1297    23        0.1327        0.1294 46240534    2.49%
 728295 395556        0.1297    21        0.1327        0.1294 46329810    2.49%
 729693 396368        cutoff              0.1327        0.1294 46423937    2.48%
 731367 397091        0.1323    27        0.1327        0.1294 46501404    2.48%
 733017 398204        0.1314    28        0.1327        0.1294 46622776    2.48%
 734566 398851        cutoff              0.1327        0.1294 46704240    2.48%
 735700 399495        0.1294    26        0.1327        0.1294 46777262    2.48%
 737242 400603        0.1315    34        0.1327        0.1294 46913508    2.48%
 738831 401332        0.1308    25        0.1327        0.1294 47010003    2.48%
Elapsed time = 584.17 sec. (627799.71 ticks, tree = 3035.14 MB, solutions = 5)
Nodefile size = 982.95 MB (531.23 MB after compression)
 740018 402302        0.1308    24        0.1327        0.1294 47119468    2.48%
 741617 403191        0.1297    26        0.1327        0.1294 47232246    2.48%
 743150 403750        0.1326    23        0.1327        0.1294 47298640    2.48%
 744542 404816        0.1325    20        0.1327        0.1294 47412662    2.48%

Cover cuts applied:  714
Flow cuts applied:  1
Mixed integer rounding cuts applied:  19
Gomory fractional cuts applied:  2

Root node processing (before b&c):
  Real time             =    0.59 sec. (431.98 ticks)
Parallel b&c, 4 threads:
  Real time             =  600.70 sec. (645686.40 ticks)
  Sync time (average)   =   55.60 sec.
  Wait time (average)   =    0.00 sec.
                          ------------
Total (root+branch&cut) =  601.30 sec. (646118.39 ticks)
