Version identifier: 22.2.0.0 | 2026-05-04 | 5dff98e58
CPXPARAM_Read_DataCheck                          1
CPXPARAM_Threads                                 4
CPXPARAM_Parallel                                1
CPXPARAM_RandomSeed                              20260925
CPXPARAM_MIP_Strategy_Search                     1
CPXPARAM_Simplex_Tolerances_Optimality           1.0000000000000001e-09
CPXPARAM_Simplex_Tolerances_Feasibility          1.0000000000000001e-09
CPXPARAM_TimeLimit                               600
CPXPARAM_MIP_Tolerances_AbsMIPGap                1.0000000000000001e-09
CPXPARAM_MIP_Tolerances_Integrality              1.0000000000000001e-09
Legacy callback                                  iLUD
Lazy constraint(s) or lazy constraint/branch callback is present.
    Disabling dual reductions (CPX_PARAM_REDUCE) in presolve.
    Disabling presolve reductions that prevent crushing forms (CPX_PARAM_PREREFORM).
         Disabling repeat represolve because of lazy constraint/incumbent callback.
Warning: Effort level 'CheckFeas' is incompatible with lazy constraint/incumbent callback.
         Effort level increased to 'SolveFixed'.
1 of 1 MIP starts provided solutions.
MIP start 'm1' defined initial solution with objective -0.1986.
Tried aggregator 1 time.
MIP Presolve eliminated 3101 rows and 0 columns.
Reduced MIP has 1474 rows, 2432 columns, and 14969 nonzeros.
Reduced MIP has 1200 binaries, 0 generals, 0 SOSs, and 0 indicators.
Presolve time = 0.02 sec. (11.83 ticks)
Probing time = 0.00 sec. (0.26 ticks)
MIP emphasis: balance optimality and feasibility.
MIP search method: traditional branch-and-cut.
Parallel mode: deterministic, using up to 4 threads.
Root relaxation solution time = 0.05 sec. (52.17 ticks)

        Nodes                                         Cuts/
   Node  Left     Objective  IInf  Best Integer    Best Bound    ItCnt     Gap         Variable B NodeID Parent  Depth

*     0+    0                           -0.1986       -0.6827           243.75%
      0     0       -0.2364    46       -0.1986       -0.2364     1428   19.01%
*     0+    0                           -0.2153       -0.2364             9.79%
*     0+    0                           -0.2278       -0.2364             3.77%
*     0+    0                           -0.2306       -0.2364             2.52%
      0     2       -0.2364    16       -0.2306       -0.2364     1428    2.52%                        0             0
Elapsed time = 0.97 sec. (242.53 ticks, tree = 0.02 MB, solutions = 4)
*     8+    2                           -0.2319       -0.2347             1.20%
*    20+    1                           -0.2319       -0.2347             1.20%
    119    89       -0.2345    18       -0.2319       -0.2347     5706    1.20%            x408 D     62     58     15
    262   225       -0.2337     7       -0.2319       -0.2347    11528    1.20%            x840 U    230    222     14
    426   318       -0.2326    14       -0.2319       -0.2347    17108    1.20%            x875 U    458    454     35
*   667   543      integral     0       -0.2326       -0.2347    25500    0.90%
    670   498       -0.2337    14       -0.2326       -0.2347    25543    0.90%            x732 D    711    707     19
    980   695       -0.2337     7       -0.2326       -0.2347    32104    0.90%            x330 D    962    958     27
   1347   983       -0.2337    14       -0.2326       -0.2347    41111    0.90%            x816 D   1499   1495     23
   1765  1277       -0.2333     8       -0.2326       -0.2347    51719    0.90%            x660 D   1705   1701     25
   2149  1672       -0.2331    30       -0.2326       -0.2347    64557    0.90%            x423 U   2259   2255     36
   2560  1908       -0.2333    15       -0.2326       -0.2347    73907    0.90%            x897 D   2360   2356     45
   3727  2886       -0.2347    23       -0.2326       -0.2347   120334    0.90%            x414 D   3332   3328     27
Elapsed time = 19.88 sec. (3361.65 ticks, tree = 26.90 MB, solutions = 7)
   5105  3943       -0.2337    29       -0.2326       -0.2347   165306    0.90%            x324 U   4601   4597     20
   6680  5055       -0.2328    25       -0.2326       -0.2347   214944    0.90%            x234 D   6089   6085     53
   8273  6252       -0.2329    25       -0.2326       -0.2347   267541    0.90%            x898 D   8056   8052     41
   9726  7155       -0.2333    37       -0.2326       -0.2347   309527    0.90%            x744 U   9564   9556     21
  10926  8345       -0.2329    44       -0.2326       -0.2347   364872    0.90%             x63 D  10744  10740     24
  12140  9122        cutoff             -0.2326       -0.2347   409127    0.90%            x396 U  10957  10953     54
  13330  9866       -0.2332    44       -0.2326       -0.2347   453556    0.90%            x366 D  12221  12217     30
  14649 10753       -0.2333    21       -0.2326       -0.2347   510770    0.90%            x767 D  14164  14160     14
  16031 11579       -0.2332    48       -0.2326       -0.2347   547872    0.90%            x228 D  15125  15121     24
  17591 12701       -0.2345    23       -0.2326       -0.2347   599537    0.90%            x755 U  16845   3268     12
Elapsed time = 103.05 sec. (12913.29 ticks, tree = 132.59 MB, solutions = 7)
  18980 13607        cutoff             -0.2326       -0.2347   649796    0.90%            x875 U  19298  19294     27
  20270 14561       -0.2341    23       -0.2326       -0.2347   702210    0.90%            x462 D  21195  21191     29
  21546 15334       -0.2327    40       -0.2326       -0.2347   747356    0.90%            x835 D  22547  22539     53
  22852 16313       -0.2331    21       -0.2326       -0.2347   798896    0.90%            x823 D  22096  22092     41
  24124 17308       -0.2333    16       -0.2326       -0.2347   848635    0.90%            x879 D  25027  25023     44
  25483 17993       -0.2336    29       -0.2326       -0.2347   888155    0.90%            x666 D  24789  24785     23
  26940 19044       -0.2333    23       -0.2326       -0.2347   942055    0.90%            x423 U  27286  27282     48
  28482 19750       -0.2333    41       -0.2326       -0.2347   975512    0.90%            x834 D  27545  27541     46
  29867 20862       -0.2339    20       -0.2326       -0.2347  1024836    0.90%            x216 U  30318  26831     27
  31380 21792       -0.2329    16       -0.2326       -0.2347  1068007    0.90%           x1001 D  31922  31918     31
Elapsed time = 194.42 sec. (22459.31 ticks, tree = 224.67 MB, solutions = 7)
  32621 22934       -0.2347    29       -0.2326       -0.2347  1123287    0.90%            x408 U  32834   9717     10
  34201 23838       -0.2347    42       -0.2326       -0.2347  1165063    0.90%            x216 D  34366  34362     30
  35581 24541       -0.2337    41       -0.2326       -0.2347  1198956    0.90%            x755 D  34965  34961     38
  36834 25507       -0.2335    23       -0.2326       -0.2347  1246358    0.90%            x162 D  36850  36846     20
  38254 26308       -0.2331    44       -0.2326       -0.2347  1284137    0.90%            x995 U  38230  38226     59
  39501 26941       -0.2337    40       -0.2326       -0.2347  1326223    0.90%            x690 D  40547  40543     24
  40717 27908       -0.2344    40       -0.2326       -0.2347  1386976    0.90%             x78 D  41651  32096     13
  42200 28508       -0.2335    37       -0.2326       -0.2347  1418760    0.90%            x408 U  41460  41456     19
  43620 29209       -0.2327    31       -0.2326       -0.2347  1461733    0.90%           x1013 D  43052  43048     64
  44898 30050       -0.2330    45       -0.2326       -0.2347  1500403    0.90%            x408 D  44609  44605     30
Elapsed time = 294.53 sec. (32002.85 ticks, tree = 309.30 MB, solutions = 7)
  46734 30844       -0.2332    22       -0.2326       -0.2347  1533395    0.87%            x401 D  45668  45664     39
  48051 31957       -0.2333    16       -0.2326       -0.2345  1576027    0.80%            x897 D  47032  47028     55
  49512 32957        cutoff             -0.2326       -0.2345  1633960    0.80%            x666 U  49818  27621     34
  50991 33543        cutoff             -0.2326       -0.2345  1663596    0.80%            x897 U  50044  50040     54
  52313 34480       -0.2329    37       -0.2326       -0.2345  1710263    0.79%            x228 D  51989  51985     33
  53484 35485       -0.2329    14       -0.2326       -0.2345  1760084    0.78%            x873 D  53610  53606     55
  54737 36114        cutoff             -0.2326       -0.2344  1804958    0.78%            x684 U  54962  54830     39
  56132 36783       -0.2333    12       -0.2326       -0.2344  1844237    0.78%            x393 D  57475  57471     53
  57418 37591       -0.2333    20       -0.2326       -0.2344  1881355    0.76%            x186 D  57177  57173     26
  58856 38647       -0.2333    41       -0.2326       -0.2344  1933088    0.75%            x671 D  60087  60083     47
Elapsed time = 381.19 sec. (41548.36 ticks, tree = 407.79 MB, solutions = 7)
  60169 39401       -0.2331    28       -0.2326       -0.2344  1970244    0.75%            x754 U  60089  60085     42
  61532 40177       -0.2327    15       -0.2326       -0.2344  2009673    0.75%            x744 U  61609  61605     52
  62888 41149        cutoff             -0.2326       -0.2344  2057590    0.75%            x198 U  61788  48376     44
  64091 41808       -0.2333    18       -0.2326       -0.2344  2091133    0.75%            x429 U  64018  64014     61
  65400 42623       -0.2329    35       -0.2326       -0.2344  2143665    0.75%            x605 D  65521  65517     31
  66986 43605       -0.2328    32       -0.2326       -0.2344  2186530    0.75%            x192 D  67225  67221     39
  68140 44155       -0.2333    48       -0.2326       -0.2343  2212163    0.73%            x186 D  68277  68273     40
  69777 44932       -0.2327    17       -0.2326       -0.2343  2253207    0.71%            x324 D  68732  68728     21
  71263 45969       -0.2339    45       -0.2326       -0.2343  2295899    0.70%            x228 D  70320  70316     37
  72902 47164       -0.2332    19       -0.2326       -0.2342  2342635    0.68%            x497 D  73185  73181     51
Elapsed time = 470.52 sec. (51091.17 ticks, tree = 497.40 MB, solutions = 7)
  74348 48066       -0.2331    24       -0.2326       -0.2342  2385045    0.66%            x480 D  73866  73862     42
  75570 48836       -0.2337    22       -0.2326       -0.2341  2433209    0.65%            x378 U  75174  53799     35
  76733 49398       -0.2333    23       -0.2326       -0.2341  2460339    0.65%           x1001 U  76270  76266     31
  78511 50517       -0.2331    22       -0.2326       -0.2341  2503966    0.64%            x786 D  78438  78434     52
  79999 51642       -0.2333    16       -0.2326       -0.2341  2546761    0.64%            x341 D  79108  79104     70
  81721 52950       -0.2331    39       -0.2326       -0.2341  2596284    0.64%            x683 D  81754  81750     40
  83172 53593        cutoff             -0.2326       -0.2341  2631196    0.64%            x754 U  82917  82913     45
  84678 54761       -0.2334    23       -0.2326       -0.2341  2684111    0.62%            x156 D  84718  84714     28
  85497 55145       -0.2332    40       -0.2326       -0.2340  2707570    0.60%            x324 D  84400  84396     22
  86092 55371       -0.2328    40       -0.2326       -0.2340  2720129    0.60%            x690 D  85240  85236     41
Elapsed time = 556.33 sec. (61412.32 ticks, tree = 581.43 MB, solutions = 7)
  86497 55563       -0.2328    22       -0.2326       -0.2340  2730163    0.60%           x1049 D  86000  85996     49
  87307 55940        cutoff             -0.2326       -0.2340  2747778    0.58%            x753 D  87745  87741     45
  87637 56158       -0.2328    30       -0.2326       -0.2340  2756926    0.58%            x432 D  86562  86558     45
  87997 56234       -0.2333    41       -0.2326       -0.2339  2759872    0.56%            x372 D  87600  87596     41
  88542 56612       -0.2328    47       -0.2326       -0.2339  2774827    0.55%            x741 D  88469  88465     65
  89072 56950       -0.2333    16       -0.2326       -0.2339  2788070    0.55%            x585 U  89811  89807     53
  89405 57167       -0.2333    12       -0.2326       -0.2339  2796933    0.55%            x954 U  89633  89629     26
  89886 57324        cutoff             -0.2326       -0.2339  2805739    0.54%            x588 U  90743  90735     24
  90397 57337       -0.2330     9       -0.2326       -0.2339  2806136    0.54%            x771 U  90803  90799     24
  91727 58076       -0.2339    16       -0.2326       -0.2339  2841691    0.54%             x63 U  92021  23562     20
Elapsed time = 598.88 sec. (71450.78 ticks, tree = 613.86 MB, solutions = 7)

User cuts applied:  7

Root node processing (before b&c):
  Real time             =    0.95 sec. (241.68 ticks)
Parallel b&c, 4 threads:
  Real time             =  599.09 sec. (71821.52 ticks)
  Sync time (average)   =   57.51 sec.
  Wait time (average)   =    0.00 sec.
                          ------------
Total (root+branch&cut) =  600.05 sec. (72063.20 ticks)
