Version identifier: 22.2.0.0 | 2026-05-04 | 5dff98e58
CPXPARAM_Read_DataCheck                          1
CPXPARAM_Threads                                 4
CPXPARAM_Parallel                                1
CPXPARAM_RandomSeed                              20260925
CPXPARAM_Simplex_Tolerances_Optimality           1.0000000000000001e-09
CPXPARAM_Simplex_Tolerances_Feasibility          1.0000000000000001e-09
CPXPARAM_TimeLimit                               600
CPXPARAM_MIP_Tolerances_AbsMIPGap                1.0000000000000001e-09
CPXPARAM_MIP_Tolerances_Integrality              1.0000000000000001e-09
Legacy callback                                  i
Tried aggregator 1 time.
MIP Presolve eliminated 40 rows and 2 columns.
MIP Presolve modified 504 coefficients.
Reduced MIP has 657 rows, 708 columns, and 5670 nonzeros.
Reduced MIP has 174 binaries, 0 generals, 0 SOSs, and 0 indicators.
Presolve time = 0.00 sec. (2.27 ticks)
Probing time = 0.00 sec. (0.17 ticks)
Tried aggregator 1 time.
Detecting symmetries...
Reduced MIP has 657 rows, 708 columns, and 5670 nonzeros.
Reduced MIP has 174 binaries, 0 generals, 0 SOSs, and 0 indicators.
Presolve time = 0.00 sec. (2.24 ticks)
Probing time = 0.00 sec. (0.17 ticks)
MIP emphasis: balance optimality and feasibility.
MIP search method: dynamic search.
Parallel mode: deterministic, using up to 4 threads.
Root relaxation solution time = 0.00 sec. (7.24 ticks)

        Nodes                                         Cuts/
   Node  Left     Objective  IInf  Best Integer    Best Bound    ItCnt     Gap

      0     0        0.1297    20                      0.1297      362         
      0     0        0.1297    32                    Cuts: 36      470         
      0     0        0.1298    35                    Cuts: 40      610         
      0     0        0.1298    42                    Cuts: 29      707         
      0     0        0.1298    51                 MIRcuts: 21      806         
Detecting symmetries...
      0     2        0.1298    43                      0.1319      806         
Elapsed time = 0.34 sec. (351.11 ticks, tree = 0.02 MB, solutions = 0)
    209   126        0.1376    31                      0.1319    18617         
    537   314        0.1405    23                      0.1319    36272         
    800   491    infeasible                            0.1319    58717         
   1195   725        0.1329    27                      0.1322    81877         
   1618  1001        0.1438    26                      0.1328   114005         
   1992  1189        0.1333    24                      0.1330   141593         
   2369  1404        0.1394    34                      0.1335   173996         

Performing restart 1

Repeating presolve.
Tried aggregator 1 time.
MIP Presolve modified 168 coefficients.
Reduced MIP has 657 rows, 708 columns, and 5622 nonzeros.
Reduced MIP has 174 binaries, 0 generals, 0 SOSs, and 0 indicators.
Presolve time = 0.00 sec. (2.54 ticks)
Tried aggregator 1 time.
Reduced MIP has 657 rows, 708 columns, and 5622 nonzeros.
Reduced MIP has 174 binaries, 0 generals, 0 SOSs, and 0 indicators.
Presolve time = 0.02 sec. (2.25 ticks)
Represolve time = 0.02 sec. (7.62 ticks)
   2471     0        0.1298    57                    Cuts: 46   192171         
   2471     0        0.1299    64                    Cuts: 24   192405         
   2471     0        0.1302    61                    Cuts: 35   192573         
   2471     0        0.1304    56                    Cuts: 36   192691         
   2471     0        0.1308    61                    Cuts: 40   192803         
   2471     0        0.1312    61                    Cuts: 31   192912         
   2471     0        0.1314    63                    Cuts: 45   193030         
   2471     0        0.1315    69                    Cuts: 43   193141         
   2471     2        0.1315    69                      0.1336   193141         
   2492    17        0.1366    51                      0.1336   194903         
   3483   697        0.1347    40                      0.1345   263262         
Elapsed time = 5.59 sec. (6221.73 ticks, tree = 0.93 MB, solutions = 0)
   4754  1618        0.1437    34                      0.1352   355431         
   5752  2320    infeasible                            0.1353   434229         
   6713  2927    infeasible                            0.1353   506918         
   7645  3547        0.1446    37                      0.1353   583916         

Performing restart 2

Repeating presolve.
Tried aggregator 1 time.
Reduced MIP has 657 rows, 708 columns, and 5622 nonzeros.
Reduced MIP has 174 binaries, 0 generals, 0 SOSs, and 0 indicators.
Presolve time = 0.02 sec. (1.61 ticks)
Tried aggregator 1 time.
Reduced MIP has 657 rows, 708 columns, and 5622 nonzeros.
Reduced MIP has 174 binaries, 0 generals, 0 SOSs, and 0 indicators.
Presolve time = 0.00 sec. (2.25 ticks)
Represolve time = 0.02 sec. (10.94 ticks)
   7920     0        0.1318    66                    Cuts: 37   610082         
   7920     0        0.1323    73                    Cuts: 48   610187         
   7920     0        0.1327    75                    Cuts: 37   610336         
   7920     0        0.1330    70                    Cuts: 40   610452         
   7920     0        0.1338    82                    Cuts: 30   610584         
   7920     0        0.1342    69                    Cuts: 25   610703         
   7920     0        0.1351    76                    Cuts: 37   610859         
   7920     0        0.1355    82                    Cuts: 36   610991         
   7920     0        0.1361    65                    Cuts: 31   611145         
   7920     0        0.1362    66                    Cuts: 16   611258         
   7920     0        0.1364    70                    Cuts: 12   611357         
   7920     0        0.1366    72                  MIRcuts: 8   611456         
   7920     0        0.1366    77                  MIRcuts: 5   611521         
   7920     0        0.1366    77                  MIRcuts: 7   611546         
   7920     0        0.1368    77                  MIRcuts: 5   611624         
   7920     0        0.1368    72                  MIRcuts: 4   611680         
   7920     0        0.1368    68                  MIRcuts: 4   611722         
   7920     0        0.1368    72                  MIRcuts: 2   611735         
   7920     0        0.1369    72                  MIRcuts: 5   611779         
   7920     0        0.1369    71                     Cuts: 2   611784         
   7920     0        0.1369    76                  MIRcuts: 1   611800         
   7920     2        0.1369    76                      0.1369   611800         
   7999    60        0.1513    47                      0.1378   620877         
   8282   226        0.1463    42                      0.1380   643989         
   8910   643        0.1485    36                      0.1387   710878         
   9708  1221        0.1409    30                      0.1397   786959         
  10597  1863        0.1443    37                      0.1402   867707         
Elapsed time = 14.61 sec. (16821.92 ticks, tree = 1.88 MB, solutions = 0)
  11354  2358    infeasible                            0.1404   945558         
  12123  2915        0.1493    47                      0.1407  1019391         
  12944  3454    infeasible                            0.1409  1097353         
  13771  3933        0.1455    53                      0.1410  1166220         
  14508  4361        0.1438    54                      0.1412  1236785         
  15260  4844        0.1512    36                      0.1413  1319813         
  16060  5440    infeasible                            0.1414  1406427         
  16881  5853        0.1526    50                      0.1416  1477472         
  17671  6420        0.1481    39                      0.1417  1570643         
  18478  6820        0.1513    20                      0.1418  1637469         
Elapsed time = 22.25 sec. (26375.40 ticks, tree = 4.16 MB, solutions = 0)
  19263  7286        0.1466    59                      0.1419  1719025         
  20065  7827        0.1495    51                      0.1420  1808954         
  20801  8271        0.1499    41                      0.1421  1886621         
  21638  8715        0.1539    54                      0.1422  1962234         
  22372  9244        0.1496    50                      0.1423  2054990         
  23150  9716        0.1455    49                      0.1424  2142032         
  23867 10058        0.1478    41                      0.1424  2207224         
  24574 10548    infeasible                            0.1425  2318054         
  25377 10796    infeasible                            0.1426  2373013         
  26188 11341        0.1485    46                      0.1427  2469217         
Elapsed time = 30.22 sec. (35929.11 ticks, tree = 6.67 MB, solutions = 0)
  26990 11725        0.1516    49                      0.1427  2529475         
  27749 12191    infeasible                            0.1428  2612721         
  28494 12610    infeasible                            0.1428  2713875         
  29249 12947        0.1482    49                      0.1429  2786620         
  30107 13543        0.1474    31                      0.1430  2894737         
  30940 13998        0.1462    42                      0.1430  2978827         
  31726 14416    infeasible                            0.1431  3069646         
  32566 14858    infeasible                            0.1431  3153377         
  33366 15222        0.1468    48                      0.1432  3224400         
  34145 15635        0.1484    32                      0.1433  3316503         
Elapsed time = 38.03 sec. (45481.88 ticks, tree = 8.44 MB, solutions = 0)
  34849 16043        0.1440    62                      0.1433  3400749         
  35717 16427    infeasible                            0.1434  3481198         
  36426 16797        0.1455    45                      0.1434  3563219         
  37168 17100        0.1469    44                      0.1435  3637108         
  37964 17593        0.1460    48                      0.1435  3742781         
  38710 17943        0.1466    48                      0.1436  3821443         
  39576 18503        0.1480    43                      0.1436  3922983         
  40339 18858        0.1481    32                      0.1437  3996374         
  41143 19394        0.1475    16                      0.1437  4103701         
  41898 19756    infeasible                            0.1437  4178768         
Elapsed time = 45.70 sec. (55029.57 ticks, tree = 11.60 MB, solutions = 0)
  42712 20135        0.1464    42                      0.1438  4260066         
  43476 20477        0.1482    40                      0.1438  4342777         
  44311 20869        0.1442    44                      0.1438  4424464         
  45033 21296        0.1468    60                      0.1439  4515909         
  45893 21665        0.1469    43                      0.1439  4598469         
  46726 22091    infeasible                            0.1439  4671103         
  47582 22627        0.1531    23                      0.1440  4771415         
  48347 22871        0.1497    45                      0.1440  4831082         
  49089 23370    infeasible                            0.1441  4936773         
  49804 23722        0.1459    62                      0.1441  5030310         
Elapsed time = 53.28 sec. (64577.78 ticks, tree = 13.12 MB, solutions = 0)
  50657 24004        0.1497    42                      0.1441  5085503         
  51463 24453        0.1507    46                      0.1441  5183602         
  52273 24974    infeasible                            0.1442  5302167         
  53106 25431        0.1476    44                      0.1442  5391679         
  53868 25691        0.1486    47                      0.1442  5457785         
  54742 26179    infeasible                            0.1443  5556219         
  55495 26405        0.1516    63                      0.1443  5614895         
  56278 26813        0.1481    36                      0.1443  5709585         
  57055 27109    infeasible                            0.1443  5783269         
  57843 27673        0.1507    54                      0.1444  5904581         
Elapsed time = 60.89 sec. (74120.84 ticks, tree = 14.84 MB, solutions = 0)
  58603 27981        0.1508    49                      0.1444  5977776         
  59368 28321        0.1476    57                      0.1444  6065297         
  60137 28780    infeasible                            0.1445  6173863         
  60984 29177    infeasible                            0.1445  6259335         
  61836 29500        0.1520    40                      0.1445  6334217         
  62579 29817        0.1468    33                      0.1445  6408550         
  63349 30189    infeasible                            0.1446  6505040         
  64106 30505        0.1523    28                      0.1446  6593473         
  64880 30830        0.1465    41                      0.1446  6688258         
  65571 31279    infeasible                            0.1447  6783075         
Elapsed time = 68.62 sec. (83665.35 ticks, tree = 16.56 MB, solutions = 0)
  66382 31443    infeasible                            0.1447  6828820         
  67142 31857        0.1492    52                      0.1447  6931239         
  67940 32160        0.1493    33                      0.1447  7006205         
  68748 32611        0.1535    44                      0.1448  7119255         
  69495 32897        0.1450    47                      0.1448  7193204         
  70303 33398        0.1478    37                      0.1448  7301435         
  71181 33670        0.1512    49                      0.1448  7367863         
  71938 34189        0.1454    42                      0.1449  7484097         
  72790 34560        0.1484    43                      0.1449  7570690         
  76065 36045        0.1470    29                      0.1450  7905584         
Elapsed time = 79.17 sec. (96074.09 ticks, tree = 19.94 MB, solutions = 0)
  79212 37474    infeasible                            0.1451  8261818         
  82251 38763        0.1487    31                      0.1451  8571238         
  85420 40198        0.1492    39                      0.1452  8935831         
  88469 41547        0.1484    44                      0.1453  9308913         
  91518 42735        0.1485    34                      0.1454  9642732         
  94518 43996        0.1542    34                      0.1455  9990828         
  97556 45259        0.1485    45                      0.1455 10358936         
 100480 46380    infeasible                            0.1456 10712200         
 103546 47643        0.1457    29                      0.1457 11085628         
 106516 48577        0.1510    46                      0.1457 11389517         
Elapsed time = 109.77 sec. (134234.94 ticks, tree = 26.30 MB, solutions = 0)
 109479 49756        0.1512    43                      0.1458 11754001         
 112581 50912    infeasible                            0.1458 12091450         
 115625 51999    infeasible                            0.1459 12441354         
 118654 53109        0.1532    48                      0.1460 12819576         
 121546 54080    infeasible                            0.1460 13165733         
 124535 55125        0.1529    47                      0.1461 13550043         
 127358 55891    infeasible                            0.1462 13865740         
 130097 56872        0.1509    43                      0.1462 14229655         
 132906 57921        0.1485    39                      0.1463 14631956         
 135673 58755        0.1511    36                      0.1463 14971148         
Elapsed time = 138.42 sec. (172390.98 ticks, tree = 30.63 MB, solutions = 0)
 138542 59632        0.1517    36                      0.1464 15275576         
*139147+59830                            0.1507        0.1464             2.88%
 142225 42115        0.1468    44        0.1507        0.1464 15646165    2.86%
 146399 42774        cutoff              0.1507        0.1465 15922368    2.80%
 150703 43482        0.1499    39        0.1507        0.1466 16142628    2.73%
 155002 44119        0.1504    45        0.1507        0.1467 16407846    2.67%
 159403 44963        0.1494    26        0.1507        0.1468 16727651    2.59%
 163953 45591        cutoff              0.1507        0.1469 16974729    2.52%
 168417 45978        0.1503    41        0.1507        0.1470 17202101    2.46%
 172935 46576        cutoff              0.1507        0.1471 17493643    2.39%
*175507+46709                            0.1502        0.1472             2.04%
*177025 42246      integral     0        0.1500        0.1472 17735274    1.86%
*177410+39398                            0.1498        0.1472             1.70%
 177638 36254        cutoff              0.1498        0.1472 17776348    1.68%
Elapsed time = 169.03 sec. (210543.83 ticks, tree = 49.61 MB, solutions = 4)
 182580 35637        0.1486    29        0.1498        0.1473 18017524    1.62%
 187832 34641        0.1491    48        0.1498        0.1475 18247376    1.53%
 193215 32697        0.1494    43        0.1498        0.1477 18558432    1.41%
 198929 30902        0.1488    50        0.1498        0.1478 18800920    1.28%
 205244 28103        0.1490    47        0.1498        0.1481 19082280    1.12%
 212811 23739        cutoff              0.1498        0.1484 19342795    0.92%
 221682 17998        cutoff              0.1498        0.1488 19598019    0.66%
 233721  8131        cutoff              0.1498        0.1493 19831202    0.30%

Cover cuts applied:  18
Flow cuts applied:  1
Mixed integer rounding cuts applied:  103
Gomory fractional cuts applied:  3

Root node processing (before b&c):
  Real time             =    0.34 sec. (350.75 ticks)
Parallel b&c, 4 threads:
  Real time             =  195.73 sec. (242433.74 ticks)
  Sync time (average)   =    6.35 sec.
  Wait time (average)   =    0.00 sec.
                          ------------
Total (root+branch&cut) =  196.08 sec. (242784.50 ticks)
