Version identifier: 22.2.0.0 | 2026-05-04 | 5dff98e58
CPXPARAM_Read_DataCheck                          1
CPXPARAM_Threads                                 4
CPXPARAM_Parallel                                1
CPXPARAM_RandomSeed                              20260925
CPXPARAM_Simplex_Tolerances_Optimality           1.0000000000000001e-09
CPXPARAM_Simplex_Tolerances_Feasibility          1.0000000000000001e-09
CPXPARAM_TimeLimit                               600
CPXPARAM_MIP_Tolerances_AbsMIPGap                1.0000000000000001e-09
CPXPARAM_MIP_Tolerances_Integrality              1.0000000000000001e-09
Legacy callback                                  i
Found incumbent of value 0.000000 after 0.00 sec. (0.15 ticks)
Tried aggregator 1 time.
MIP Presolve eliminated 1350 rows and 2 columns.
MIP Presolve modified 3414 coefficients.
Reduced MIP has 3965 rows, 4686 columns, and 49173 nonzeros.
Reduced MIP has 1164 binaries, 0 generals, 0 SOSs, and 0 indicators.
Presolve time = 0.28 sec. (32.64 ticks)
Probing time = 0.00 sec. (0.68 ticks)
Tried aggregator 1 time.
Detecting symmetries...
Reduced MIP has 3965 rows, 4686 columns, and 49173 nonzeros.
Reduced MIP has 1164 binaries, 0 generals, 0 SOSs, and 0 indicators.
Presolve time = 0.03 sec. (21.06 ticks)
Probing time = 0.00 sec. (0.77 ticks)
MIP emphasis: balance optimality and feasibility.
MIP search method: dynamic search.
Parallel mode: deterministic, using up to 4 threads.
Root relaxation solution time = 0.36 sec. (257.09 ticks)

        Nodes                                         Cuts/
   Node  Left     Objective  IInf  Best Integer    Best Bound    ItCnt     Gap

*     0+    0                            0.0000       -1.4578              --- 
*     0+    0                           -0.0457       -1.4578              --- 
      0     0       -0.4127   109       -0.0457       -0.4127       28  802.73%
*     0+    0                           -0.2045       -0.4127           101.76%
      0     0       -0.4127    94       -0.2045    MIRcuts: 1       33  101.76%
      0     0       -0.4127   100       -0.2045    MIRcuts: 4      100  101.76%
*     0+    0                           -0.2061       -0.4127           100.21%
*     0+    0                           -0.2118       -0.4127            94.90%
      0     0       -0.4126    98       -0.2118    MIRcuts: 8      270   94.84%
      0     0       -0.4105    97       -0.2118   MIRcuts: 11      441   93.84%
*     0+    0                           -0.3340       -0.4105            22.89%
      0     0       -0.4105    90       -0.3340    MIRcuts: 2      495   22.89%
*     0+    0                           -0.3346       -0.4105            22.69%
*     0+    0                           -0.3361       -0.4105            22.12%
*     0+    0                           -0.3377       -0.4105            21.56%
      0     0  -1.00000e+75     0       -0.3377       -0.4105      495   21.56%
      0     0       -0.4105    89       -0.3377    MIRcuts: 6      643   21.56%
*     0+    0                           -0.3418       -0.4105            20.10%
      0     2       -0.4105    92       -0.3418       -0.4103      643   20.06%
Elapsed time = 4.98 sec. (3997.78 ticks, tree = 0.02 MB, solutions = 10)
     23    15       -0.4060    93       -0.3418       -0.4103     4656   20.06%
     42    42       -0.4052    87       -0.3418       -0.4103    11869   20.06%
     60    56       -0.4052    87       -0.3418       -0.4103    17220   20.06%
     92    81       -0.3977    99       -0.3418       -0.4103    21370   20.06%
    127   120       -0.3861    79       -0.3418       -0.4103    26433   20.06%
    172   163       -0.3660    58       -0.3418       -0.4103    32485   20.06%
    202   164       -0.3846    66       -0.3418       -0.4103    33907   20.06%
    225   137       -0.3934    86       -0.3418       -0.4103    29429   20.06%
    309   234       -0.3738    61       -0.3418       -0.4103    39872   20.06%
*   343+  240                           -0.3421       -0.4103            19.96%
*   355+  235                           -0.3467       -0.4103            18.35%
*   365+  235                           -0.3470       -0.4103            18.26%
*   382+  235                           -0.3485       -0.4103            17.73%
*   385+  235                           -0.3501       -0.4103            17.21%
*   388+  235                           -0.3532       -0.4103            16.18%
    534   428       -0.4077    84       -0.3532       -0.4092    64551   15.87%
Elapsed time = 8.25 sec. (7219.85 ticks, tree = 1.20 MB, solutions = 16)
    611   518       -0.3942    84       -0.3532       -0.4092    83400   15.87%
    857   648       -0.3542    51       -0.3532       -0.4092    94529   15.87%
   1003   833       -0.4057    97       -0.3532       -0.4090   128379   15.81%
   1236   950       -0.3908    82       -0.3532       -0.4089   143740   15.77%

Performing restart 1

Repeating presolve.
Tried aggregator 1 time.
Reduced MIP has 3965 rows, 4686 columns, and 49173 nonzeros.
Reduced MIP has 1164 binaries, 0 generals, 0 SOSs, and 0 indicators.
Presolve time = 0.02 sec. (13.87 ticks)
Tried aggregator 1 time.
Reduced MIP has 3965 rows, 4686 columns, and 49173 nonzeros.
Reduced MIP has 1164 binaries, 0 generals, 0 SOSs, and 0 indicators.
Presolve time = 0.02 sec. (21.34 ticks)
Represolve time = 0.05 sec. (45.72 ticks)
   1237     0       -0.4103    94       -0.3532       Cuts: 5   157492   15.77%
   1237     0       -0.4101    98       -0.3532       Cuts: 3   157530   15.77%
   1237     0       -0.4101    94       -0.3532       Cuts: 4   157561   15.77%
   1237     0       -0.4097    94       -0.3532       Cuts: 2   157595   15.77%
   1237     0       -0.4094    92       -0.3532      Fract: 1   157623   15.77%
   1237     0       -0.4094    99       -0.3532       Cuts: 3   157811   15.77%
   1237     0       -0.4089   100       -0.3532       Cuts: 3   158014   15.68%
   1237     0       -0.4065   104       -0.3532       Cuts: 5   158149   15.11%
   1237     0       -0.4063   106       -0.3532       Cuts: 3   158219   15.04%
   1237     0       -0.4060   102       -0.3532       Cuts: 5   158301   14.95%
   1237     0       -0.4060   104       -0.3532    MIRcuts: 5   158471   14.95%
   1237     0       -0.4060    99       -0.3532    MIRcuts: 1   158474   14.95%
   1237     2       -0.4060    99       -0.3532       -0.4060   158474   14.95%
   1241     6       -0.4043   103       -0.3532       -0.4051   159741   14.71%
   1244     9       -0.4025    90       -0.3532       -0.4051   163224   14.71%
   1250    12       -0.4037    96       -0.3532       -0.4051   164749   14.69%
   1258    20       -0.3990   131       -0.3532       -0.4048   170882   14.61%
   1307    52       -0.3983   116       -0.3532       -0.4048   184946   14.61%
Elapsed time = 21.92 sec. (21967.42 ticks, tree = 0.16 MB, solutions = 16)
   1385   125       -0.3931    87       -0.3532       -0.4048   204084   14.61%
   1460   152       -0.3872    89       -0.3532       -0.4048   212259   14.61%
   1629   286       -0.3843    66       -0.3532       -0.4048   225485   14.61%
   1832   437       -0.3698    51       -0.3532       -0.4048   234981   14.61%
   2125   727       -0.3592    51       -0.3532       -0.4048   248091   14.61%
   2269   881       -0.3947   134       -0.3532       -0.4046   258958   14.57%
   2369  1040       -0.3862   100       -0.3532       -0.4043   269821   14.48%
   2537  1153       -0.3892   114       -0.3532       -0.4041   279683   14.41%
   2799  1475       -0.3801    80       -0.3532       -0.4040   297238   14.40%
   3010  1601       -0.3649    47       -0.3532       -0.4040   305209   14.40%
Elapsed time = 30.38 sec. (31534.71 ticks, tree = 45.78 MB, solutions = 16)
   3205  1810       -0.3831   118       -0.3532       -0.4034   322067   14.21%
   3314  1902       -0.3923   172       -0.3532       -0.4031   328264   14.13%
   3501  2099       -0.3615    90       -0.3532       -0.4016   342391   13.71%
   3686  2182       -0.3732   112       -0.3532       -0.3992   352226   13.02%
   3826  2362       -0.3858   158       -0.3532       -0.3991   362774   13.01%
   4031  2604       -0.3618    86       -0.3532       -0.3990   376533   12.96%
   4230  2780       -0.3649    80       -0.3532       -0.3990   387184   12.96%
   4395  2946       -0.3883   167       -0.3532       -0.3986   396363   12.87%
   4502  3095       -0.3761    94       -0.3532       -0.3986   410554   12.87%
   4658  3184       -0.3752    94       -0.3532       -0.3986   420615   12.86%
Elapsed time = 38.89 sec. (41140.29 ticks, tree = 78.96 MB, solutions = 16)
   4894  3434       -0.3849   154       -0.3532       -0.3986   434722   12.86%
   5007  3599       -0.3818   151       -0.3532       -0.3985   448318   12.82%
   5093  3625       -0.3733    91       -0.3532       -0.3984   451705   12.82%
   5269  3742       -0.3700   125       -0.3532       -0.3984   464847   12.82%
   5490  3975       -0.3600   126       -0.3532       -0.3984   471843   12.82%
   5732  4158       -0.3534    92       -0.3532       -0.3984   479717   12.82%
   5834  4404       -0.3707   107       -0.3532       -0.3984   494063   12.82%
   6012  4505       -0.3600    86       -0.3532       -0.3984   502790   12.82%
   6267  4652       -0.3647    66       -0.3532       -0.3982   508503   12.75%
   6467  4881       -0.3863   174       -0.3532       -0.3981   519308   12.71%
Elapsed time = 47.56 sec. (50738.80 ticks, tree = 103.96 MB, solutions = 16)
   6672  5106       -0.3602   102       -0.3532       -0.3980   534543   12.70%
   6919  5202       -0.3694    89       -0.3532       -0.3980   543560   12.69%
   7081  5411       -0.3826   155       -0.3532       -0.3979   553779   12.66%
   7335  5639       -0.3688   113       -0.3532       -0.3979   567536   12.66%
   7582  5973       -0.3694    80       -0.3532       -0.3978   584851   12.63%
   7889  6315       -0.3596   100       -0.3532       -0.3976   599630   12.57%
   8049  6455       -0.3773   110       -0.3532       -0.3974   606028   12.54%
   8128  6671       -0.3702    77       -0.3532       -0.3974   623446   12.54%
   8232  6725       -0.3758   138       -0.3532       -0.3974   628341   12.54%
   8450  6898       -0.3594    62       -0.3532       -0.3974   641735   12.54%
Elapsed time = 57.20 sec. (60357.07 ticks, tree = 146.06 MB, solutions = 16)
   8705  6972       -0.3820   142       -0.3532       -0.3974   649781   12.54%
   8845  7318       -0.3562    63       -0.3532       -0.3973   669863   12.50%
   9000  7414       -0.3666   100       -0.3532       -0.3972   675501   12.47%
   9202  7562       -0.3567    78       -0.3532       -0.3971   683440   12.44%
   9394  7716       -0.3698   114       -0.3532       -0.3971   694659   12.44%
   9659  8055       -0.3718    93       -0.3532       -0.3971   712474   12.44%
   9847  8299       -0.3730   103       -0.3532       -0.3970   725849   12.42%
  10145  8412       -0.3597    95       -0.3532       -0.3970   729089   12.42%
  10459  8764       -0.3798   116       -0.3532       -0.3965   752710   12.27%
  10560  8980       -0.3835   173       -0.3532       -0.3964   760674   12.25%
Elapsed time = 65.92 sec. (69956.40 ticks, tree = 179.87 MB, solutions = 16)
  10857  9117       -0.3670    98       -0.3532       -0.3964   767899   12.25%
  11251  9289       -0.3589    92       -0.3532       -0.3964   777464   12.25%
  11461  9718       -0.3812   150       -0.3532       -0.3963   794240   12.21%
  11619  9976       -0.3640    89       -0.3532       -0.3963   803834   12.20%
  11944 10209       -0.3552    83       -0.3532       -0.3963   820383   12.20%
  12077 10325       -0.3788   138       -0.3532       -0.3961   825767   12.16%
  12289 10591       -0.3607    65       -0.3532       -0.3961   832895   12.15%
  12616 10861       -0.3631    72       -0.3532       -0.3961   854891   12.15%
  12827 11109       -0.3733   101       -0.3532       -0.3961   871665   12.15%
  12956 11233       -0.3767   104       -0.3532       -0.3958   879673   12.08%
Elapsed time = 75.33 sec. (79555.04 ticks, tree = 232.74 MB, solutions = 16)
  13140 11490       -0.3720   105       -0.3532       -0.3958   894554   12.08%
  13305 11594       -0.3604    98       -0.3532       -0.3958   900526   12.08%
  13653 11690       -0.3821   157       -0.3532       -0.3958   903999   12.07%
  13869 11911       -0.3839   143       -0.3532       -0.3958   915177   12.06%
  14091 12305       -0.3724   108       -0.3532       -0.3958   936926   12.06%
  14392 12491       -0.3716   119       -0.3532       -0.3958   947470   12.06%
  14576 12702       -0.3818   148       -0.3532       -0.3958   958738   12.06%
  14811 13031       -0.3644    80       -0.3532       -0.3957   972917   12.05%
  15136 13265       -0.3569    66       -0.3532       -0.3957   987398   12.04%
  15273 13451       -0.3801   145       -0.3532       -0.3955   999314   11.97%
Elapsed time = 84.03 sec. (89134.50 ticks, tree = 270.76 MB, solutions = 16)
  15530 13578       -0.3622    69       -0.3532       -0.3955  1006853   11.97%
  15874 13959       -0.3537    81       -0.3532       -0.3955  1027173   11.97%
  15953 14176       -0.3748   103       -0.3532       -0.3953  1040237   11.92%
  16132 14252       -0.3604    62       -0.3532       -0.3953  1044009   11.92%
  16361 14443       -0.3621    71       -0.3532       -0.3953  1056818   11.92%
  16663 14556       -0.3598    56       -0.3532       -0.3953  1069966   11.92%
  16855 14881       -0.3863   200       -0.3532       -0.3952  1093369   11.89%
  17047 15186       -0.3674    92       -0.3532       -0.3952  1106671   11.89%
  17248 15511       -0.3801   163       -0.3532       -0.3951  1131443   11.88%
  17949 16202       -0.3601    83       -0.3532       -0.3950  1166300   11.85%
Elapsed time = 94.88 sec. (101596.18 ticks, tree = 346.64 MB, solutions = 16)
  18914 16743       -0.3580    84       -0.3532       -0.3950  1200386   11.83%
  19946 17784       -0.3589    58       -0.3532       -0.3947  1253980   11.76%
  20723 18683       -0.3756   102       -0.3532       -0.3946  1307389   11.73%
  21701 19545       -0.3535    59       -0.3532       -0.3944  1358414   11.67%
* 21743+19534                           -0.3547       -0.3944            11.18%
  22732 19472       -0.3636    61       -0.3547       -0.3943  1404005   11.16%
  23707 20595       -0.3793   197       -0.3547       -0.3942  1468577   11.14%
  24314 21321       -0.3632   116       -0.3547       -0.3941  1524103   11.10%
  24802 21781       -0.3770   107       -0.3547       -0.3941  1549530   11.09%
  25352 22307       -0.3840   177       -0.3547       -0.3941  1576919   11.09%
  25762 22721       -0.3758   117       -0.3547       -0.3941  1602984   11.09%
Elapsed time = 127.55 sec. (139797.66 ticks, tree = 503.86 MB, solutions = 17)
  26155 23158       -0.3815   147       -0.3547       -0.3941  1630161   11.09%
  26531 23556       -0.3659    60       -0.3547       -0.3941  1654508   11.09%
  26996 23899       -0.3663    92       -0.3547       -0.3941  1670379   11.09%
  27381 24396       -0.3550    78       -0.3547       -0.3941  1703975   11.09%
  27762 24655       -0.3803   170       -0.3547       -0.3941  1724054   11.09%
  28114 24977       -0.3823   175       -0.3547       -0.3941  1744904   11.09%
  28492 25332       -0.3748   136       -0.3547       -0.3941  1764893   11.09%
  28897 25719       -0.3788   137       -0.3547       -0.3941  1789216   11.09%
  29354 26186       -0.3588    97       -0.3547       -0.3941  1823300   11.09%
  30069 26866       -0.3821   192       -0.3547       -0.3929  1874095   10.77%
Elapsed time = 160.95 sec. (178043.21 ticks, tree = 603.44 MB, solutions = 17)
  30942 27607       -0.3587    64       -0.3547       -0.3928  1921753   10.74%
  31747 28293       -0.3669   111       -0.3547       -0.3927  1970318   10.72%
  32674 28924       -0.3584    62       -0.3547       -0.3924  2010100   10.63%
  33732 30014       -0.3748   103       -0.3547       -0.3923  2072779   10.60%
  34464 31008       -0.3768   145       -0.3547       -0.3923  2129656   10.58%
  35225 31581       -0.3623    75       -0.3547       -0.3921  2167558   10.53%
  36010 32301       -0.3680   115       -0.3547       -0.3918  2220511   10.46%
  36724 33102       -0.3711   121       -0.3547       -0.3915  2277647   10.36%
  37638 33932       -0.3732   119       -0.3547       -0.3914  2329539   10.35%
  38526 34561       -0.3550    78       -0.3547       -0.3914  2370821   10.34%
Elapsed time = 192.20 sec. (216286.40 ticks, tree = 775.97 MB, solutions = 17)
  39424 35451       -0.3741   113       -0.3547       -0.3912  2429412   10.29%
  40285 36182       -0.3775   114       -0.3547       -0.3912  2474063   10.28%
  41351 37140       -0.3621    94       -0.3547       -0.3910  2533607   10.24%
  42304 38323       -0.3770   128       -0.3547       -0.3909  2604505   10.21%
  43158 39308       -0.3645    98       -0.3547       -0.3907  2662555   10.14%
  44030 40106       -0.3805   158       -0.3547       -0.3906  2718081   10.10%
  45001 40943       -0.3678    97       -0.3547       -0.3903  2772934   10.04%
  45780 41726       -0.3677   102       -0.3547       -0.3901  2820577    9.98%
  46748 42424       -0.3595    66       -0.3547       -0.3901  2860966    9.96%

Performing restart 2

Repeating presolve.
Tried aggregator 1 time.
Reduced MIP has 3965 rows, 4686 columns, and 49173 nonzeros.
Reduced MIP has 1164 binaries, 0 generals, 0 SOSs, and 0 indicators.
Presolve time = 0.00 sec. (13.87 ticks)
Tried aggregator 1 time.
Reduced MIP has 3965 rows, 4686 columns, and 49173 nonzeros.
Reduced MIP has 1164 binaries, 0 generals, 0 SOSs, and 0 indicators.
Presolve time = 0.02 sec. (21.34 ticks)
Represolve time = 0.27 sec. (49.94 ticks)
  46953     0       -0.3861   213       -0.3547       Cuts: 5  2915143    8.86%
  46953     0       -0.3861   195       -0.3547    MIRcuts: 3  2915260    8.85%
  46953     0       -0.3861   196       -0.3547       Cuts: 2  2915372    8.83%
  46953     0       -0.3860   194       -0.3547    MIRcuts: 3  2915473    8.83%
  46953     0       -0.3858   190       -0.3547    MIRcuts: 3  2915617    8.76%
  46953     2       -0.3858   177       -0.3547       -0.3858  2915617    8.76%
Elapsed time = 230.44 sec. (260775.51 ticks, tree = 0.02 MB, solutions = 17)
  47010    56       -0.3789   147       -0.3547       -0.3849  2927728    8.51%
  47115   143       -0.3765   169       -0.3547       -0.3849  2937272    8.51%
  47434   424       -0.3715   137       -0.3547       -0.3849  2956479    8.51%
  47927   782       -0.3560    69       -0.3547       -0.3844  2984412    8.37%
  48524  1366       -0.3800   176       -0.3547       -0.3834  3029868    8.07%
  49341  1978       -0.3663   109       -0.3547       -0.3832  3072455    8.02%
  50011  2845       -0.3799   171       -0.3547       -0.3827  3119514    7.88%
  50676  3398       -0.3768   147       -0.3547       -0.3825  3158044    7.82%
  51500  4128       -0.3750   127       -0.3547       -0.3824  3196849    7.80%
  52433  4997       -0.3791   178       -0.3547       -0.3822  3239249    7.75%
Elapsed time = 262.62 sec. (299041.35 ticks, tree = 121.01 MB, solutions = 17)
  53445  6112       -0.3690   128       -0.3547       -0.3821  3299354    7.73%
  54424  6869       -0.3573    47       -0.3547       -0.3821  3340710    7.72%
  55397  7780       -0.3783   170       -0.3547       -0.3819  3393730    7.67%
  56263  8778       -0.3555    86       -0.3547       -0.3818  3445816    7.64%
  57158  9612       -0.3776   156       -0.3547       -0.3818  3492264    7.62%
  58025 10223       -0.3582    97       -0.3547       -0.3818  3530063    7.62%
  58866 11074       -0.3623    96       -0.3547       -0.3817  3582175    7.60%
  59886 12058       -0.3568    61       -0.3547       -0.3816  3635552    7.58%
  60550 12813       -0.3718   156       -0.3547       -0.3815  3682514    7.56%
  61147 13268       -0.3733   163       -0.3547       -0.3815  3716667    7.55%
Elapsed time = 294.64 sec. (337244.76 ticks, tree = 294.40 MB, solutions = 17)
  61766 13922       -0.3711   136       -0.3547       -0.3815  3765971    7.55%
  62286 14396       -0.3690   179       -0.3547       -0.3814  3803146    7.53%
  62757 14724       -0.3717   180       -0.3547       -0.3814  3834825    7.53%
  63175 15230       -0.3615   105       -0.3547       -0.3814  3883210    7.53%
  63552 15448       -0.3600    67       -0.3547       -0.3814  3908585    7.52%
  63967 15865       -0.3609   128       -0.3547       -0.3814  3953152    7.51%
  64337 16334       -0.3720   200       -0.3547       -0.3814  4002355    7.51%
  64817 16694       -0.3723   199       -0.3547       -0.3814  4040274    7.51%
  65283 17137       -0.3713   217       -0.3547       -0.3813  4088528    7.50%
  65798 17413       -0.3617   143       -0.3547       -0.3813  4110083    7.50%
Elapsed time = 327.70 sec. (375521.50 ticks, tree = 387.69 MB, solutions = 17)
  66219 18107       -0.3732   204       -0.3547       -0.3813  4187199    7.50%
  66675 18389       -0.3604    97       -0.3547       -0.3813  4211826    7.49%
  67097 18836       -0.3648   125       -0.3547       -0.3813  4263661    7.48%
  67530 19114       -0.3672   123       -0.3547       -0.3813  4294598    7.48%
  67966 19537       -0.3691   141       -0.3547       -0.3812  4341701    7.48%
  68358 19918       -0.3715   138       -0.3547       -0.3812  4378697    7.47%
  68880 20473       -0.3605    42       -0.3547       -0.3812  4438133    7.47%
  69334 20930       -0.3649   115       -0.3547       -0.3812  4490913    7.46%
  69745 21258       -0.3548    67       -0.3547       -0.3812  4522494    7.46%
  70073 21641       -0.3634   107       -0.3547       -0.3812  4578460    7.46%
Elapsed time = 361.02 sec. (413774.51 ticks, tree = 501.49 MB, solutions = 17)
  70498 21926       -0.3630    99       -0.3547       -0.3812  4617288    7.45%
  70925 22262       -0.3605   116       -0.3547       -0.3812  4657532    7.45%
  71362 22644       -0.3644   110       -0.3547       -0.3812  4704991    7.45%
  71734 23026       -0.3562   103       -0.3547       -0.3812  4757459    7.45%
  72155 23383       -0.3562    94       -0.3547       -0.3812  4801509    7.45%
  72640 23659       -0.3726   197       -0.3547       -0.3812  4828045    7.45%
  73051 24260       -0.3606    86       -0.3547       -0.3811  4898831    7.45%
  73568 24433       -0.3684   124       -0.3547       -0.3811  4916634    7.44%
  73998 25074       -0.3718   203       -0.3547       -0.3811  4982764    7.44%
  74283 25434       -0.3594   121       -0.3547       -0.3811  5032120    7.44%
Elapsed time = 392.64 sec. (452205.79 ticks, tree = 592.52 MB, solutions = 17)
  74732 25562       -0.3731   201       -0.3547       -0.3811  5048553    7.44%
  75190 26190       -0.3707   209       -0.3547       -0.3811  5121762    7.43%
  75664 26716       -0.3663   179       -0.3547       -0.3811  5172848    7.43%
  76068 27123       -0.3700   207       -0.3547       -0.3811  5216830    7.43%
  76416 27498       -0.3715   194       -0.3547       -0.3811  5258149    7.43%
  76844 27641       -0.3713   217       -0.3547       -0.3810  5280590    7.41%
  77429 28081       -0.3721   191       -0.3547       -0.3810  5317461    7.41%
  77859 28749       -0.3698   109       -0.3547       -0.3810  5391339    7.40%
  78327 28982       -0.3619    95       -0.3547       -0.3810  5419095    7.40%
  78682 29438       -0.3600    97       -0.3547       -0.3810  5461799    7.40%
Elapsed time = 423.30 sec. (490452.52 ticks, tree = 703.49 MB, solutions = 17)
  79140 29826       -0.3679    89       -0.3547       -0.3810  5511274    7.40%
  79746 30355        cutoff             -0.3547       -0.3809  5551313    7.39%
  80111 30680       -0.3659   151       -0.3547       -0.3809  5586781    7.38%
  80557 31224       -0.3662   148       -0.3547       -0.3809  5651998    7.38%
  81002 31739       -0.3648   162       -0.3547       -0.3809  5708023    7.37%
  81379 32084       -0.3636   135       -0.3547       -0.3809  5750830    7.37%
  81820 32275       -0.3720   193       -0.3547       -0.3808  5771221    7.36%
  82259 32571       -0.3675   140       -0.3547       -0.3808  5805461    7.36%
  82653 33121       -0.3588   101       -0.3547       -0.3808  5871466    7.35%
  83057 33588       -0.3680   202       -0.3547       -0.3808  5923834    7.35%
Elapsed time = 453.38 sec. (528675.24 ticks, tree = 811.08 MB, solutions = 17)
  83470 33876       -0.3593   111       -0.3547       -0.3808  5960226    7.34%
  83971 34349       -0.3699   160       -0.3547       -0.3808  6012984    7.34%
  84437 34800       -0.3567    60       -0.3547       -0.3807  6049181    7.34%
  84871 35064       -0.3592   102       -0.3547       -0.3807  6081684    7.33%
  85370 35479       -0.3630   121       -0.3547       -0.3807  6127759    7.33%
  85896 36047       -0.3710   172       -0.3547       -0.3807  6187347    7.32%
  86444 36680       -0.3572    53       -0.3547       -0.3807  6245741    7.31%
  86882 36940       -0.3588    54       -0.3547       -0.3806  6267371    7.31%
  87276 37363       -0.3619    70       -0.3547       -0.3806  6313558    7.30%
  87688 37647       -0.3566   106       -0.3547       -0.3806  6346150    7.30%
Elapsed time = 484.41 sec. (566939.11 ticks, tree = 949.35 MB, solutions = 17)
  88166 38229       -0.3555    59       -0.3547       -0.3806  6407593    7.29%
  88699 38643       -0.3585   118       -0.3547       -0.3806  6454267    7.29%
  89137 39228       -0.3610   116       -0.3547       -0.3806  6511744    7.28%
  89498 39582       -0.3599    92       -0.3547       -0.3805  6560637    7.28%
  89876 39873       -0.3722   191       -0.3547       -0.3805  6601480    7.27%
  90380 40116       -0.3691   152       -0.3547       -0.3805  6633236    7.27%
  90842 40549       -0.3651   152       -0.3547       -0.3805  6678101    7.27%
  91158 41120       -0.3671   176       -0.3547       -0.3805  6749740    7.27%
  91594 41349       -0.3710   186       -0.3547       -0.3805  6780829    7.27%
  92042 41942       -0.3640   124       -0.3547       -0.3805  6849349    7.26%
Elapsed time = 515.03 sec. (605138.82 ticks, tree = 1050.66 MB, solutions = 17)
  92522 42383       -0.3626   154       -0.3547       -0.3805  6893710    7.26%
  92860 42564       -0.3692   161       -0.3547       -0.3805  6912086    7.26%
  93206 42859       -0.3631   113       -0.3547       -0.3805  6952628    7.26%
  93729 43305       -0.3639   117       -0.3547       -0.3804  7010651    7.25%
  94244 43947       -0.3704   148       -0.3547       -0.3804  7079472    7.24%
  94763 44459       -0.3658   163       -0.3547       -0.3804  7126926    7.24%
  95190 44629       -0.3576   115       -0.3547       -0.3804  7144770    7.24%
  95566 45222       -0.3715   159       -0.3547       -0.3804  7213356    7.23%
  95773 45485       -0.3549    53       -0.3547       -0.3804  7240817    7.23%
  96136 45588       -0.3697   185       -0.3547       -0.3804  7262432    7.23%
Elapsed time = 546.75 sec. (643499.20 ticks, tree = 1157.25 MB, solutions = 17)
  96436 45899       -0.3553   106       -0.3547       -0.3804  7286947    7.23%
  96732 46188       -0.3672   137       -0.3547       -0.3804  7319668    7.23%
  97054 46437       -0.3704   166       -0.3547       -0.3804  7350856    7.23%
  97398 46983       -0.3576   118       -0.3547       -0.3803  7414885    7.22%
  97656 47055       -0.3645   131       -0.3547       -0.3803  7423339    7.22%
  98046 47546       -0.3693   139       -0.3547       -0.3803  7499138    7.22%
  98360 47732       -0.3661   128       -0.3547       -0.3803  7515005    7.22%
  98751 48059       -0.3649   164       -0.3547       -0.3803  7551483    7.21%
  99076 48286       -0.3618    93       -0.3547       -0.3803  7569724    7.21%
  99452 48920       -0.3686   153       -0.3547       -0.3803  7631212    7.21%
Elapsed time = 577.80 sec. (681792.51 ticks, tree = 1251.52 MB, solutions = 17)
  99773 49170       -0.3586   131       -0.3547       -0.3803  7664254    7.21%
 100132 49337       -0.3698   171       -0.3547       -0.3803  7691157    7.21%
 100550 49707       -0.3732   168       -0.3547       -0.3803  7732786    7.21%
 100965 49934       -0.3610    93       -0.3547       -0.3803  7749973    7.21%
 101330 50636       -0.3679   159       -0.3547       -0.3803  7821342    7.20%
 101679 50896       -0.3561    84       -0.3547       -0.3803  7852241    7.20%
 102004 51078       -0.3604   123       -0.3547       -0.3803  7875645    7.20%

Flow cuts applied:  1
Mixed integer rounding cuts applied:  788
Lift and project cuts applied:  3
Gomory fractional cuts applied:  11

Root node processing (before b&c):
  Real time             =    4.97 sec. (3994.29 ticks)
Parallel b&c, 4 threads:
  Real time             =  595.05 sec. (705418.79 ticks)
  Sync time (average)   =   16.45 sec.
  Wait time (average)   =    0.01 sec.
                          ------------
Total (root+branch&cut) =  600.02 sec. (709413.09 ticks)
