Version identifier: 22.2.0.0 | 2026-05-04 | 5dff98e58
CPXPARAM_Read_DataCheck                          1
CPXPARAM_Threads                                 4
CPXPARAM_Parallel                                1
CPXPARAM_RandomSeed                              20260925
CPXPARAM_Simplex_Tolerances_Optimality           1.0000000000000001e-09
CPXPARAM_Simplex_Tolerances_Feasibility          1.0000000000000001e-09
CPXPARAM_TimeLimit                               600
CPXPARAM_MIP_Tolerances_AbsMIPGap                1.0000000000000001e-09
CPXPARAM_MIP_Tolerances_Integrality              1.0000000000000001e-09
Legacy callback                                  i
1 of 17 MIP starts provided solutions.
MIP start 'm1' defined initial solution with objective 0.0295.
Tried aggregator 1 time.
MIP Presolve eliminated 1350 rows and 2 columns.
MIP Presolve modified 3414 coefficients.
Reduced MIP has 3966 rows, 4686 columns, and 49203 nonzeros.
Reduced MIP has 1164 binaries, 0 generals, 0 SOSs, and 0 indicators.
Presolve time = 0.03 sec. (32.63 ticks)
Probing time = 0.00 sec. (0.68 ticks)
Tried aggregator 1 time.
Detecting symmetries...
Reduced MIP has 3966 rows, 4686 columns, and 49203 nonzeros.
Reduced MIP has 1164 binaries, 0 generals, 0 SOSs, and 0 indicators.
Presolve time = 0.02 sec. (20.15 ticks)
Probing time = 0.00 sec. (0.77 ticks)
MIP emphasis: balance optimality and feasibility.
MIP search method: dynamic search.
Parallel mode: deterministic, using up to 4 threads.
Root relaxation solution time = 0.09 sec. (113.67 ticks)

        Nodes                                         Cuts/
   Node  Left     Objective  IInf  Best Integer    Best Bound    ItCnt     Gap

*     0+    0                            0.0295        0.0000           100.00%
      0     0        0.0241    75        0.0295        0.0241     1722   18.56%
      0     0        0.0241    84        0.0295      Cuts: 15     1831   18.52%
      0     0        0.0241    87        0.0295       Cuts: 8     1884   18.50%
      0     0        0.0241    90        0.0295    MIRcuts: 9     2038   18.35%
      0     0        0.0242    96        0.0295    MIRcuts: 9     2302   18.13%
      0     0        0.0243    96        0.0295    MIRcuts: 7     2594   17.87%
      0     0        0.0243    97        0.0295    MIRcuts: 4     2727   17.65%
      0     0        0.0243    97        0.0295    MIRcuts: 1     2786   17.60%
      0     2        0.0243    93        0.0295        0.0244     2786   17.25%
Elapsed time = 2.70 sec. (2868.45 ticks, tree = 0.02 MB, solutions = 1)
     52    49        0.0248    85        0.0295        0.0244     8279   17.25%
    153   142        0.0251    83        0.0295        0.0244    13943   17.25%
    225   207        0.0259    79        0.0295        0.0244    19384   17.25%
    267   259        0.0266    74        0.0295        0.0244    24917   17.25%
    299   285        0.0274    64        0.0295        0.0244    27021   17.25%
    338   326        0.0275    59        0.0295        0.0244    31075   17.25%
    386   364        0.0278    42        0.0295        0.0244    34404   17.25%
    468   424        0.0275    67        0.0295        0.0244    40923   17.25%
*   483+  398                            0.0295        0.0244            17.25%
    518   433        0.0279    56        0.0295        0.0244    42184   17.25%
    793   660        0.0274    44        0.0295        0.0244    63506   17.25%
Elapsed time = 5.39 sec. (5996.41 ticks, tree = 1.96 MB, solutions = 2)
   1049   906        0.0249    87        0.0295        0.0244    90700   17.25%
   1348  1125        0.0249    90        0.0295        0.0245   105716   17.22%
   1695  1515        0.0258    80        0.0295        0.0245   130224   17.20%
   2172  1854        0.0274    67        0.0295        0.0245   146805   17.16%

Performing restart 1

Repeating presolve.
Tried aggregator 1 time.
Reduced MIP has 3966 rows, 4686 columns, and 49203 nonzeros.
Reduced MIP has 1164 binaries, 0 generals, 0 SOSs, and 0 indicators.
Presolve time = 0.02 sec. (13.86 ticks)
Tried aggregator 1 time.
Reduced MIP has 3966 rows, 4686 columns, and 49203 nonzeros.
Reduced MIP has 1164 binaries, 0 generals, 0 SOSs, and 0 indicators.
Presolve time = 0.02 sec. (20.43 ticks)
Represolve time = 0.03 sec. (40.72 ticks)
   2394     0        0.0244    96        0.0295       Cuts: 5   168562   17.14%
   2394     0        0.0244    95        0.0295      Fract: 2   168608   17.14%
   2394     0        0.0245    96        0.0295       Cuts: 2   168637   17.14%
   2394     0        0.0245    97        0.0295       Cuts: 2   168647   17.12%
   2394     0        0.0245    97        0.0295    MIRcuts: 1   168648   17.12%
   2394     2        0.0245    96        0.0295        0.0245   168648   17.12%
   2406    14        0.0249    93        0.0295        0.0245   169263   16.91%
   2506    94        0.0249    88        0.0295        0.0246   171832   16.62%
   2620   204        0.0257    78        0.0295        0.0246   179905   16.62%
   2789   367        0.0254    88        0.0295        0.0246   195849   16.62%
   3015   503        0.0258    89        0.0295        0.0246   208794   16.57%
Elapsed time = 15.17 sec. (18278.88 ticks, tree = 2.98 MB, solutions = 2)
   3241   758        0.0285    43        0.0295        0.0246   230674   16.57%
   3473   936        0.0263    71        0.0295        0.0247   246763   16.54%
   3791  1230        0.0287    57        0.0295        0.0247   260564   16.54%
   4117  1518        0.0275    63        0.0295        0.0247   273584   16.44%
   4503  1896        0.0250    87        0.0295        0.0247   287039   16.44%
   4785  2145        0.0247    93        0.0295        0.0247   298412   16.43%
   5169  2484        0.0272    46        0.0295        0.0247   312120   16.41%
   5442  2757        0.0248    87        0.0295        0.0247   328741   16.38%
   5758  3016        0.0264    71        0.0295        0.0247   343804   16.38%
   6142  3397        0.0280    72        0.0295        0.0247   359836   16.37%
Elapsed time = 22.19 sec. (27868.64 ticks, tree = 72.46 MB, solutions = 2)
   6460  3562        0.0292    60        0.0295        0.0247   367704   16.37%
   6824  3979        0.0262    85        0.0295        0.0247   384664   16.37%
   7219  4277        0.0282    48        0.0295        0.0247   396159   16.33%
   7624  4724        0.0251    84        0.0295        0.0247   412704   16.30%
   7920  5023        0.0265    73        0.0295        0.0247   431893   16.30%
   8144  5271        0.0275    75        0.0295        0.0247   446990   16.29%
   8395  5495        0.0260    83        0.0295        0.0247   461374   16.28%
   8721  5709        0.0295    59        0.0295        0.0247   474265   16.28%
   9033  6035        0.0276    64        0.0295        0.0247   489742   16.28%
   9499  6369        0.0273    66        0.0295        0.0247   504491   16.27%
Elapsed time = 29.34 sec. (37434.15 ticks, tree = 160.73 MB, solutions = 2)
   9860  6790        0.0252    90        0.0295        0.0247   519954   16.27%
  10257  7205        0.0257    83        0.0295        0.0247   538339   16.26%
  10540  7432        0.0251    87        0.0295        0.0247   548889   16.26%
  10867  7643        0.0263    76        0.0295        0.0247   559026   16.26%
  11098  7905        0.0271    66        0.0295        0.0247   578125   16.26%
  11470  8160        0.0277    32        0.0295        0.0247   593220   16.25%
  11861  8497        0.0280    33        0.0295        0.0247   607696   16.25%
  12305  8886        0.0271    46        0.0295        0.0247   624544   16.25%
  12850  9485    infeasible              0.0295        0.0247   646134   16.25%
  13175  9766        0.0251    86        0.0295        0.0247   655504   16.25%
Elapsed time = 36.55 sec. (46994.84 ticks, tree = 252.28 MB, solutions = 2)
  13495 10085        0.0263    86        0.0295        0.0247   674748   16.24%
  13796 10386        cutoff              0.0295        0.0247   689069   16.24%
  14133 10619        0.0282    61        0.0295        0.0247   706332   16.24%
  14391 10922        0.0267    74        0.0295        0.0247   721641   16.23%
  14723 11149        cutoff              0.0295        0.0247   731227   16.23%
  15106 11438        0.0287    60        0.0295        0.0247   746303   16.22%
  15510 11909        0.0264    77        0.0295        0.0247   768075   16.22%
  15865 12321        0.0267    66        0.0295        0.0248   791810   16.21%
  16260 12457        0.0249    89        0.0295        0.0248   798260   16.21%
  16656 12870        0.0279    66        0.0295        0.0248   824576   16.20%
Elapsed time = 43.53 sec. (56567.35 ticks, tree = 345.83 MB, solutions = 2)
  17027 13318        0.0260    78        0.0295        0.0248   845319   16.20%
  17406 13589        0.0285    49        0.0295        0.0248   860995   16.19%
  17760 13853        0.0285    55        0.0295        0.0248   873813   16.19%
  18040 14333        0.0258    92        0.0295        0.0248   897195   16.18%
  18389 14516        0.0257    86        0.0295        0.0248   907159   16.18%
  18612 14822        0.0276    61        0.0295        0.0248   923718   16.18%
  19061 15209        0.0267    81        0.0295        0.0248   941488   16.17%
  19477 15450        0.0269    72        0.0295        0.0248   953427   16.17%
  19918 15658        0.0294    71        0.0295        0.0248   962624   16.17%
  20198 16177        0.0278    64        0.0295        0.0248   985965   16.17%
Elapsed time = 50.47 sec. (66153.56 ticks, tree = 429.74 MB, solutions = 2)
  20564 16376        0.0258    84        0.0295        0.0248   994310   16.17%
  20951 16976        0.0267    58        0.0295        0.0248  1024503   16.17%
  21372 16997        0.0290    18        0.0295        0.0248  1021532   16.17%
  21832 17423        0.0289    71        0.0295        0.0248  1046038   16.16%
  22290 18153        0.0278    47        0.0295        0.0248  1080558   16.16%
* 22481+18057                            0.0294        0.0248            15.62%
  22717 18254        0.0258    88        0.0294        0.0248  1083334   15.62%
  23127 18456        0.0248    92        0.0294        0.0248  1101238   15.62%
  23561 19080        0.0287    59        0.0294        0.0248  1129259   15.62%
  24005 19269        0.0266    66        0.0294        0.0248  1139190   15.61%
  24419 19750        0.0253    87        0.0294        0.0248  1164843   15.61%
Elapsed time = 57.55 sec. (75723.33 ticks, tree = 547.06 MB, solutions = 3)
  24871 20094        0.0286    55        0.0294        0.0248  1178564   15.61%
  25209 20267        0.0293    58        0.0294        0.0248  1186968   15.60%
* 25414+20721                            0.0293        0.0248            15.50%
* 25432+20721                            0.0293        0.0248            15.41%
  25436 20902        0.0286    51        0.0293        0.0248  1216347   15.41%
  25674 21002        0.0268    74        0.0293        0.0248  1221163   15.41%
* 25791+20617                            0.0292        0.0248            15.15%
  25808 21200        0.0291    54        0.0292        0.0248  1232282   15.15%
  25916 21457        0.0281    53        0.0292        0.0248  1244241   15.15%
  26091 21559        0.0273    71        0.0292        0.0248  1250785   15.15%
  26324 21648        0.0266    75        0.0292        0.0248  1256244   15.15%
  26561 21920        0.0259    88        0.0292        0.0248  1266221   15.15%
  26733 22173        0.0249    95        0.0292        0.0248  1278184   15.15%
Elapsed time = 65.25 sec. (85306.53 ticks, tree = 626.19 MB, solutions = 3)
  26942 22328        0.0258    93        0.0292        0.0248  1288126   15.15%
  27162 22563        0.0249    84        0.0292        0.0248  1298743   15.15%
  27320 22652        0.0281    55        0.0292        0.0248  1303409   15.15%
  27520 22800        0.0249    88        0.0292        0.0248  1310127   15.15%
  27753 23101        0.0260    71        0.0292        0.0248  1323840   15.15%
  27828 23138        0.0280    47        0.0292        0.0248  1327607   15.15%
  28036 23343        0.0283    24        0.0292        0.0248  1338637   15.15%
  28224 23562        0.0274    76        0.0292        0.0248  1350046   15.15%
* 28364+20617                            0.0292        0.0248            15.05%
  28412 23789        0.0263    81        0.0292        0.0248  1360510   15.05%
  29177 24369        0.0277    67        0.0292        0.0248  1391321   15.05%
Elapsed time = 75.30 sec. (97737.65 ticks, tree = 691.08 MB, solutions = 3)
  29892 25130        0.0275    61        0.0292        0.0248  1427210   15.05%
* 30485+20721                            0.0289        0.0248            14.38%
  30761 25961        0.0292    56        0.0289        0.0248  1466792   14.38%
* 30966+20617                            0.0288        0.0248            14.02%
  31618 26681        0.0281    53        0.0288        0.0248  1499908   14.02%
  32432 27426        0.0264    82        0.0288        0.0248  1534829   14.02%
  33211 28187        0.0274    65        0.0288        0.0248  1575494   14.02%
  34010 28969        0.0273    59        0.0288        0.0248  1614166   14.02%
  34916 29726        0.0288    52        0.0288        0.0248  1648063   14.02%
  35884 26492        0.0277    68        0.0288        0.0248  1685157   14.02%
  36792 27374        0.0272    60        0.0288        0.0248  1737628   14.02%
* 37502+28132                            0.0287        0.0248            13.72%
  38005 27867        0.0279    58        0.0287        0.0248  1798728   13.72%
Elapsed time = 105.89 sec. (135950.40 ticks, tree = 780.76 MB, solutions = 14)
  39557 29278        0.0281    31        0.0287        0.0248  1866765   13.71%
  41218 30921        0.0286    60        0.0287        0.0248  1958946   13.70%
  42837 32196        0.0276    55        0.0287        0.0248  2024203   13.69%
  44252 33587        0.0276    67        0.0287        0.0248  2096973   13.68%
  45513 34914        0.0257    84        0.0287        0.0248  2175622   13.68%
  47025 36126        0.0283    64        0.0287        0.0248  2246387   13.67%
  48395 37633        0.0275    65        0.0287        0.0248  2322909   13.67%
  49986 38956        0.0249    90        0.0287        0.0248  2398679   13.67%
  51367 40230        0.0250    87        0.0287        0.0248  2476161   13.66%
  52703 41392        0.0268    74        0.0287        0.0248  2542957   13.66%
Elapsed time = 134.11 sec. (174112.82 ticks, tree = 1146.63 MB, solutions = 14)
  54073 42673        0.0266    74        0.0287        0.0248  2617814   13.66%
  55567 44141        0.0263    82        0.0287        0.0248  2694783   13.65%
  56911 45292        0.0277    66        0.0287        0.0248  2760693   13.65%
  58339 46980        0.0256    85        0.0287        0.0248  2858505   13.65%
  59783 47900        0.0253    81        0.0287        0.0248  2912053   13.64%
  61384 49375        0.0262    87        0.0287        0.0248  2993870   13.64%
  63092 50860        0.0272    57        0.0287        0.0248  3073437   13.64%
  64521 52472        0.0275    72        0.0287        0.0248  3148140   13.63%
  65893 53683        0.0284    71        0.0287        0.0248  3215816   13.62%
  67359 55468        0.0286    67        0.0287        0.0248  3317117   13.62%
Elapsed time = 162.31 sec. (212275.09 ticks, tree = 1593.64 MB, solutions = 14)
  68731 56614        0.0268    64        0.0287        0.0248  3382858   13.61%
  70357 57844        0.0251    84        0.0287        0.0248  3454165   13.61%
  71773 59333        0.0267    74        0.0287        0.0248  3533789   13.60%
  73233 60422        0.0266    63        0.0287        0.0248  3600144   13.60%
  74643 62095        0.0285    44        0.0287        0.0248  3692481   13.59%
  76046 63248        0.0279    33        0.0287        0.0248  3758731   13.59%
  77752 64853        0.0270    75        0.0287        0.0248  3838493   13.58%
  79221 66395        0.0280    64        0.0287        0.0248  3922183   13.58%
  80645 67694        0.0283    28        0.0287        0.0248  3997964   13.58%
  82128 68839        0.0287    49        0.0287        0.0248  4067205   13.57%
Elapsed time = 190.52 sec. (250440.46 ticks, tree = 2031.70 MB, solutions = 14)
  83536 70374        0.0286    45        0.0287        0.0248  4154744   13.57%
  84883 71523        0.0285    63        0.0287        0.0248  4217363   13.57%
  86414 72755        0.0268    70        0.0287        0.0248  4291802   13.56%
  87797 74084        0.0287    58        0.0287        0.0248  4367798   13.55%
  89138 75375        0.0261    83        0.0287        0.0248  4443591   13.55%
  90491 76475        0.0270    54        0.0287        0.0248  4507496   13.55%
  91945 77767        0.0277    68        0.0287        0.0248  4579174   13.54%
  93317 79292        0.0275    63        0.0287        0.0248  4669971   13.54%

Performing restart 2

Repeating presolve.
Tried aggregator 1 time.
Reduced MIP has 3966 rows, 4686 columns, and 49203 nonzeros.
Reduced MIP has 1164 binaries, 0 generals, 0 SOSs, and 0 indicators.
Presolve time = 0.02 sec. (13.86 ticks)
Tried aggregator 1 time.
Reduced MIP has 3966 rows, 4686 columns, and 49203 nonzeros.
Reduced MIP has 1164 binaries, 0 generals, 0 SOSs, and 0 indicators.
Presolve time = 0.02 sec. (20.43 ticks)
Represolve time = 0.08 sec. (46.83 ticks)
  93434     0        0.0245    94        0.0287    MIRcuts: 2  4701937   13.54%
  93434     0        0.0245    96        0.0287    MIRcuts: 1  4701955   13.54%
  93434     0        0.0245    96        0.0287     Covers: 1  4701957   13.54%
  93436     4        0.0246    95        0.0287        0.0249  4702182   13.54%
  93616   177        0.0263    75        0.0287        0.0249  4711062   13.54%
Elapsed time = 222.09 sec. (288684.07 ticks, tree = 1.15 MB, solutions = 14)
  94160   580        0.0250    93        0.0287        0.0249  4746656   13.54%
  94821  1163        0.0257    86        0.0287        0.0249  4794656   13.54%
  96129  2349        0.0282    56        0.0287        0.0249  4877940   13.54%
  97490  3530        0.0281    65        0.0287        0.0249  4963705   13.54%
  98844  4812        0.0268    82        0.0287        0.0249  5058918   13.54%
 100312  6161        0.0260    88        0.0287        0.0249  5156552   13.54%
*101042+ 6640                            0.0287        0.0249            13.35%
*101323+ 6960                            0.0286        0.0249            13.12%
 101833  7464        0.0281    63        0.0286        0.0249  5245588   13.12%
 103122  8458        0.0286    55        0.0286        0.0249  5320266   13.12%
 104571  9830        0.0258    79        0.0286        0.0249  5427700   13.12%
 105806 11035        0.0256    77        0.0286        0.0249  5512064   13.12%
Elapsed time = 249.28 sec. (326853.91 ticks, tree = 24.40 MB, solutions = 16)
 107014 12141        0.0255    84        0.0286        0.0249  5607903   13.12%
 108418 13307        0.0261    87        0.0286        0.0249  5695337   13.12%
 109672 14546        0.0286    58        0.0286        0.0249  5769560   13.12%
 110993 15535        0.0278    51        0.0286        0.0249  5840903   13.12%
 112295 16730        0.0252    87        0.0286        0.0249  5915201   13.12%
 113651 18093        0.0269    64        0.0286        0.0249  5993687   13.12%
 114879 19257        0.0278    31        0.0286        0.0249  6070302   13.12%
 116300 20624        0.0258    77        0.0286        0.0249  6179424   13.12%
 117442 21719        0.0253    87        0.0286        0.0249  6263440   13.12%
 118829 22793        0.0265    68        0.0286        0.0249  6343935   13.12%
Elapsed time = 277.14 sec. (365049.23 ticks, tree = 172.04 MB, solutions = 16)
 120254 24094        0.0282    63        0.0286        0.0249  6441383   13.12%
 121649 25526        0.0251    85        0.0286        0.0249  6545498   13.12%
 122885 26685        0.0249    92        0.0286        0.0249  6637888   13.12%
 124324 28138        0.0249    89        0.0286        0.0249  6742322   13.12%
 125572 29228        0.0251    93        0.0286        0.0249  6823618   13.12%
 126988 30449        0.0259    88        0.0286        0.0249  6913564   13.12%
 128477 31600        0.0260    75        0.0286        0.0249  6999054   13.12%
 129731 32921        0.0270    67        0.0286        0.0249  7107455   13.12%
 131125 34408        0.0263    90        0.0286        0.0249  7222076   13.12%
 132345 35403        0.0280    75        0.0286        0.0249  7300116   13.12%
Elapsed time = 304.73 sec. (403222.51 ticks, tree = 215.47 MB, solutions = 16)
 133758 36647        0.0257    90        0.0286        0.0249  7395384   13.12%
 135140 38015        0.0277    38        0.0286        0.0249  7507684   13.12%
 136504 39361        0.0274    49        0.0286        0.0249  7596843   13.12%
 137825 40446        0.0264    86        0.0286        0.0249  7681944   13.12%
 139074 41618        0.0258    76        0.0286        0.0249  7780139   13.12%
 140395 42911        0.0283    50        0.0286        0.0249  7879105   13.12%
 141769 44194        0.0256    85        0.0286        0.0249  7981761   13.12%
 142996 45369        0.0272    67        0.0286        0.0249  8062929   13.12%
 144409 46482        0.0251    90        0.0286        0.0249  8132415   13.12%
 145874 47977        0.0261    76        0.0286        0.0249  8231721   13.12%
Elapsed time = 332.47 sec. (441400.94 ticks, tree = 307.24 MB, solutions = 16)
 147257 49206        0.0260    88        0.0286        0.0249  8309121   13.12%
 148487 50134        0.0262    90        0.0286        0.0249  8372651   13.12%
 149972 51398        0.0253    86        0.0286        0.0249  8464199   13.12%
 151438 53031        0.0254    85        0.0286        0.0249  8591480   13.12%
 152638 54316        0.0277    64        0.0286        0.0249  8692410   13.12%
 153855 55386        0.0274    71        0.0286        0.0249  8783853   13.12%
 155184 56603        0.0257    85        0.0286        0.0249  8880321   13.11%
 156461 57500        0.0255    81        0.0286        0.0249  8938614   13.11%
 157869 58934        0.0277    80        0.0286        0.0249  9046381   13.10%
 159218 59961        0.0278    38        0.0286        0.0249  9125495   13.10%
Elapsed time = 360.08 sec. (479565.72 ticks, tree = 394.42 MB, solutions = 16)
 160594 61201        0.0275    49        0.0286        0.0249  9218045   13.10%
 162025 62793        0.0249    87        0.0286        0.0249  9322127   13.09%
 163426 64250        0.0252    77        0.0286        0.0249  9399219   13.09%
 164790 65403        0.0269    69        0.0286        0.0249  9466670   13.08%
 166258 66406        0.0264    81        0.0286        0.0249  9528914   13.08%
 167583 67858        0.0249    87        0.0286        0.0249  9629978   13.07%
 168935 68919        0.0252    84        0.0286        0.0249  9711123   13.07%
 170370 70477        0.0272    79        0.0286        0.0249  9837752   13.07%
 171738 71967        0.0286    80        0.0286        0.0249  9958024   13.06%
 172902 72763        0.0253    85        0.0286        0.0249 10020067   13.06%
Elapsed time = 387.80 sec. (517734.85 ticks, tree = 596.26 MB, solutions = 16)
 174231 73773        0.0274    72        0.0286        0.0249 10082139   13.06%
 175630 75114        0.0261    90        0.0286        0.0249 10185797   13.06%
 177090 76464        0.0256    82        0.0286        0.0249 10294119   13.05%
 178373 77865        0.0257    82        0.0286        0.0249 10406460   13.05%
 179749 78758        0.0282    65        0.0286        0.0249 10474350   13.05%
 181129 80239        0.0264    82        0.0286        0.0249 10586140   13.05%
 182588 81433        0.0261    87        0.0286        0.0249 10680747   13.04%
 183931 82819        0.0253    91        0.0286        0.0249 10787626   13.04%
 185151 84031        0.0251    89        0.0286        0.0249 10890608   13.04%
 186441 85412        0.0266    71        0.0286        0.0249 11005500   13.04%
Elapsed time = 415.48 sec. (555919.85 ticks, tree = 646.71 MB, solutions = 16)
 187866 86428        0.0255    83        0.0286        0.0249 11074122   13.04%
 189179 87625        0.0261    94        0.0286        0.0249 11168086   13.03%
 190531 88954        0.0282    46        0.0286        0.0249 11271089   13.03%
 191888 90316        0.0253    90        0.0286        0.0249 11386671   13.03%
 193295 91345        0.0281    59        0.0286        0.0249 11468202   13.02%
 194497 92816        0.0283    66        0.0286        0.0249 11592009   13.02%
 195885 93821        0.0282    72        0.0286        0.0249 11672566   13.02%
 197194 94957        0.0276    70        0.0286        0.0249 11761175   13.02%
 198653 96239        0.0251    88        0.0286        0.0249 11864174   13.02%
 200033 97533        0.0254    85        0.0286        0.0249 11964560   13.01%
Elapsed time = 443.12 sec. (594100.04 ticks, tree = 688.71 MB, solutions = 16)
 201335 98905        cutoff              0.0286        0.0249 12065853   13.01%
 202644 100052        0.0266    77        0.0286        0.0249 12160999   13.01%
 204075 101354        0.0286    59        0.0286        0.0249 12257812   13.01%
 205549 103000        0.0266    70        0.0286        0.0249 12382451   13.01%
 206938 104449        0.0285    22        0.0286        0.0249 12467923   13.00%
 208402 105352        0.0260    82        0.0286        0.0249 12526136   13.00%
 209782 106711        0.0266    84        0.0286        0.0249 12608149   13.00%
 211211 107895        0.0261    81        0.0286        0.0249 12670771   13.00%
 212592 109453        0.0249    92        0.0286        0.0249 12760651   12.99%
 213984 110638        0.0259    86        0.0286        0.0249 12832089   12.99%
Elapsed time = 471.45 sec. (632263.65 ticks, tree = 929.78 MB, solutions = 16)
 215374 112011        0.0252    88        0.0286        0.0249 12934952   12.99%
 216584 113191        0.0263    92        0.0286        0.0249 13031932   12.99%
 217940 114173        0.0265    75        0.0286        0.0249 13098017   12.98%
 219405 115381        0.0256    80        0.0286        0.0249 13181091   12.98%
 220850 117111        0.0251    97        0.0286        0.0249 13296355   12.98%
 222223 118101        0.0274    74        0.0286        0.0249 13369267   12.98%
 223521 119660        0.0257    79        0.0286        0.0249 13494744   12.97%
 224850 120684        0.0281    63        0.0286        0.0249 13584427   12.97%
 226385 122017        0.0279    56        0.0286        0.0249 13691251   12.97%
 227849 123150        0.0262    62        0.0286        0.0249 13776324   12.97%
Elapsed time = 499.05 sec. (670427.89 ticks, tree = 1014.39 MB, solutions = 16)
 229104 124873        0.0258    77        0.0286        0.0249 13915922   12.97%
 230449 125913        0.0259    79        0.0286        0.0249 14002738   12.97%
 231857 127489        0.0281    32        0.0286        0.0249 14124277   12.96%
 233275 128415        0.0281    69        0.0286        0.0249 14190434   12.96%
 234731 129488        0.0251    93        0.0286        0.0249 14277405   12.96%
 235985 130900        0.0284    58        0.0286        0.0249 14392240   12.96%
 237235 131992        0.0262    87        0.0286        0.0249 14480051   12.96%
 238638 133697        0.0280    28        0.0286        0.0249 14601591   12.95%
 240151 134584        0.0265    76        0.0286        0.0249 14668019   12.95%
 241533 136323        0.0279    64        0.0286        0.0249 14810380   12.95%
Elapsed time = 526.83 sec. (708597.46 ticks, tree = 1059.07 MB, solutions = 16)
 242962 137389        0.0282    64        0.0286        0.0249 14889381   12.95%
 244204 138725        0.0255    85        0.0286        0.0249 15001036   12.95%
*244767+139364                            0.0286        0.0249            12.92%
 245614 139509        0.0256    86        0.0286        0.0249 15082699   12.92%
 247062 140832        0.0258    82        0.0286        0.0249 15179153   12.92%
 248362 142389        0.0252    94        0.0286        0.0249 15272021   12.92%
 248902 142955        0.0255    80        0.0286        0.0249 15303344   12.92%
 249583 143514        0.0265    86        0.0286        0.0249 15339253   12.91%
 250378 144265        0.0268    66        0.0286        0.0249 15383730   12.91%
 250937 144839        0.0280    66        0.0286        0.0249 15415940   12.91%
 251589 145275        0.0277    54        0.0286        0.0249 15440328   12.91%
Elapsed time = 555.50 sec. (746774.11 ticks, tree = 1201.91 MB, solutions = 17)
 252404 146132        0.0254    88        0.0286        0.0249 15495292   12.91%
 253104 146726        0.0252    83        0.0286        0.0249 15533063   12.91%
 253805 147434        0.0258    92        0.0286        0.0249 15590928   12.91%
 254450 148023        0.0254    96        0.0286        0.0249 15639940   12.91%
 255067 148602        0.0254    88        0.0286        0.0249 15689579   12.91%
 255737 149081        0.0278    62        0.0286        0.0249 15732610   12.91%
 256428 149816        0.0261    79        0.0286        0.0249 15792090   12.91%
 257068 150271        0.0275    75        0.0286        0.0249 15830966   12.90%
 257665 151036        0.0280    25        0.0286        0.0249 15894870   12.90%
 258343 151423        0.0258    83        0.0286        0.0249 15924326   12.90%
Elapsed time = 584.58 sec. (784973.70 ticks, tree = 1256.51 MB, solutions = 17)
*258644+151850                            0.0285        0.0249            12.76%
 259181 150519        0.0252    91        0.0285        0.0249 15990998   12.76%
 259972 151525        0.0283    73        0.0285        0.0249 16071788   12.76%
 260753 152132        0.0255    73        0.0285        0.0249 16125999   12.76%
 261467 152734        0.0255    82        0.0285        0.0249 16175086   12.76%
 262163 153678        0.0282    48        0.0285        0.0249 16248333   12.76%

Cover cuts applied:  2
Mixed integer rounding cuts applied:  36
Lift and project cuts applied:  1
Gomory fractional cuts applied:  11

Root node processing (before b&c):
  Real time             =    2.69 sec. (2865.33 ticks)
Parallel b&c, 4 threads:
  Real time             =  597.33 sec. (802271.06 ticks)
  Sync time (average)   =   24.11 sec.
  Wait time (average)   =    0.00 sec.
                          ------------
Total (root+branch&cut) =  600.02 sec. (805136.39 ticks)
