Version identifier: 22.2.0.0 | 2026-05-04 | 5dff98e58
CPXPARAM_Read_DataCheck                          1
CPXPARAM_Threads                                 4
CPXPARAM_Parallel                                1
CPXPARAM_RandomSeed                              20260925
CPXPARAM_MIP_Strategy_Search                     1
CPXPARAM_Simplex_Tolerances_Optimality           1.0000000000000001e-09
CPXPARAM_Simplex_Tolerances_Feasibility          1.0000000000000001e-09
CPXPARAM_TimeLimit                               600
CPXPARAM_MIP_Tolerances_AbsMIPGap                1.0000000000000001e-09
CPXPARAM_MIP_Tolerances_Integrality              1.0000000000000001e-09
Legacy callback                                  iLUD
Lazy constraint(s) or lazy constraint/branch callback is present.
    Disabling dual reductions (CPX_PARAM_REDUCE) in presolve.
    Disabling presolve reductions that prevent crushing forms (CPX_PARAM_PREREFORM).
         Disabling repeat represolve because of lazy constraint/incumbent callback.
Warning: Effort level 'CheckFeas' is incompatible with lazy constraint/incumbent callback.
         Effort level increased to 'SolveFixed'.
1 of 1 MIP starts provided solutions.
MIP start 'm1' defined initial solution with objective -0.2190.
Tried aggregator 1 time.
MIP Presolve eliminated 37 rows and 0 columns.
Reduced MIP has 299 rows, 362 columns, and 2165 nonzeros.
Reduced MIP has 174 binaries, 0 generals, 0 SOSs, and 0 indicators.
Presolve time = 0.00 sec. (1.02 ticks)
Probing time = 0.00 sec. (0.08 ticks)
MIP emphasis: balance optimality and feasibility.
MIP search method: traditional branch-and-cut.
Parallel mode: deterministic, using up to 4 threads.
Root relaxation solution time = 0.02 sec. (5.36 ticks)

        Nodes                                         Cuts/
   Node  Left     Objective  IInf  Best Integer    Best Bound    ItCnt     Gap         Variable B NodeID Parent  Depth

*     0+    0                           -0.2190       -0.9541           335.57%
      0     0       -0.2691    33       -0.2190       -0.2691      369   22.83%
      0     0       -0.2666    32       -0.2190       Cuts: 7      419   21.71%
*     0+    0                           -0.2286       -0.2666            16.64%
*     0+    0                           -0.2429       -0.2666             9.78%
*     0+    0                           -0.2452       -0.2666             8.71%
      0     0  -1.00000e+75     0       -0.2452       -0.2666      419    8.71%
      0     2       -0.2666    31       -0.2452       -0.2666      419    8.71%                        0             0
Elapsed time = 0.09 sec. (58.28 ticks, tree = 0.02 MB, solutions = 4)
*     6+    3                           -0.2548       -0.2666             4.65%
*    11+    3                           -0.2571       -0.2666             3.68%
*    29+   15                           -0.2571       -0.2651             3.10%
*  1023   257      integral     0       -0.2595       -0.2601    14069    0.23%

Flow cuts applied:  2
Mixed integer rounding cuts applied:  3
Gomory fractional cuts applied:  1

Root node processing (before b&c):
  Real time             =    0.09 sec. (58.09 ticks)
Parallel b&c, 4 threads:
  Real time             =    0.47 sec. (169.98 ticks)
  Sync time (average)   =    0.07 sec.
  Wait time (average)   =    0.00 sec.
                          ------------
Total (root+branch&cut) =    0.56 sec. (228.07 ticks)
