Version identifier: 22.2.0.0 | 2026-05-04 | 5dff98e58
CPXPARAM_Read_DataCheck                          1
CPXPARAM_Threads                                 4
CPXPARAM_Parallel                                1
CPXPARAM_RandomSeed                              20260925
CPXPARAM_MIP_Strategy_Search                     1
CPXPARAM_Simplex_Tolerances_Optimality           1.0000000000000001e-09
CPXPARAM_Simplex_Tolerances_Feasibility          1.0000000000000001e-09
CPXPARAM_TimeLimit                               600
CPXPARAM_MIP_Tolerances_AbsMIPGap                1.0000000000000001e-09
CPXPARAM_MIP_Tolerances_Integrality              1.0000000000000001e-09
Legacy callback                                  iLUD
Lazy constraint(s) or lazy constraint/branch callback is present.
    Disabling dual reductions (CPX_PARAM_REDUCE) in presolve.
    Disabling presolve reductions that prevent crushing forms (CPX_PARAM_PREREFORM).
         Disabling repeat represolve because of lazy constraint/incumbent callback.
Warning: Effort level 'CheckFeas' is incompatible with lazy constraint/incumbent callback.
         Effort level increased to 'SolveFixed'.
1 of 1 MIP starts provided solutions.
MIP start 'm1' defined initial solution with objective 0.0562.
Tried aggregator 1 time.
MIP Presolve eliminated 3106 rows and 0 columns.
Reduced MIP has 1469 rows, 2432 columns, and 13759 nonzeros.
Reduced MIP has 1200 binaries, 0 generals, 0 SOSs, and 0 indicators.
Presolve time = 0.02 sec. (11.36 ticks)
Probing time = 0.00 sec. (0.24 ticks)
MIP emphasis: balance optimality and feasibility.
MIP search method: traditional branch-and-cut.
Parallel mode: deterministic, using up to 4 threads.
Root relaxation solution time = 0.02 sec. (26.55 ticks)

        Nodes                                         Cuts/
   Node  Left     Objective  IInf  Best Integer    Best Bound    ItCnt     Gap         Variable B NodeID Parent  Depth

*     0+    0                            0.0562        0.0000           100.00%
      0     0        0.0522    10        0.0562        0.0522      853    7.06%
      0     0        0.0522    11        0.0562     Covers: 1      855    7.06%
      0     0        0.0522    11        0.0562 UserPurge1: 1      856    7.06%
      0     0        0.0522    11        0.0562 UserPurge1: 1      857    7.06%
      0     0        0.0522    12        0.0562 UserPurge1: 1      858    7.06%
*     0+    0                            0.0553        0.0522             5.60%
*     0+    0                            0.0553        0.0522             5.60%
      0     0  -1.00000e+75     0        0.0553        0.0522      858    5.60%
      0     2        0.0522    10        0.0553        0.0522      858    5.60%                        0             0
Elapsed time = 0.59 sec. (218.49 ticks, tree = 0.02 MB, solutions = 3)
*     8+    2                            0.0553        0.0522             5.59%
*    13+    1                            0.0553        0.0522             5.55%
*    80    37      integral     0        0.0553        0.0523     3068    5.42%            x876 D     78     74     18
*   439+  245                            0.0553        0.0547             0.98%
    522   265        0.0552    20        0.0553        0.0547     9025    0.98%            x498 D    540    536      8
   1292   633        0.0549     6        0.0553        0.0547    15145    0.97%            x995 D   1334   1330     24
   2145  1192        0.0549     6        0.0553        0.0548    20366    0.91%           x1013 D   2180   2176     24
   3026  1681        0.0549     5        0.0553        0.0548    28448    0.89%            x696 U   3134   1480     18
   3870  1971        0.0552    19        0.0553        0.0548    34629    0.86%           x1007 D   3952   3948     20
   4559  2094        0.0552    21        0.0553        0.0548    46806    0.79%            x498 D   4570   4566     13
   5470  2444        0.0549     6        0.0553        0.0549    60225    0.73%            x306 U   5528   1593     11
   6324  2841        0.0549    15        0.0553        0.0549    72713    0.71%           x1012 U   6424    617     18
   9473  4023        cutoff              0.0553        0.0549   117280    0.71%            x881 U   9383   5749     18
Elapsed time = 14.88 sec. (3203.68 ticks, tree = 5.67 MB, solutions = 8)
  11482  3327        cutoff              0.0553        0.0549   178168    0.68%            x881 U  11613   8779     25
  15198  4137        cutoff              0.0553        0.0549   214416    0.65%            x899 U  15011  15007     28
  17716  4696        cutoff              0.0553        0.0549   270844    0.64%            x887 U  18120  14061     23
  19993  3520        0.0551    19        0.0553        0.0549   329319    0.63%            x662 D  20236  20232     25
  23656  3072        0.0550    17        0.0553        0.0550   373967    0.46%           x1007 D  23849  23845     27
  28331  1939        0.0551    16        0.0553        0.0550   395664    0.39%             x81 U  28664  18139     28
  33192  1028        cutoff              0.0553        0.0552   423173    0.12%            x498 U  33485  31521     16

Cover cuts applied:  2

Root node processing (before b&c):
  Real time             =    0.58 sec. (217.71 ticks)
Parallel b&c, 4 threads:
  Real time             =   37.00 sec. (10086.75 ticks)
  Sync time (average)   =    1.88 sec.
  Wait time (average)   =    0.00 sec.
                          ------------
Total (root+branch&cut) =   37.58 sec. (10304.46 ticks)
