Version identifier: 22.2.0.0 | 2026-05-04 | 5dff98e58
CPXPARAM_Read_DataCheck                          1
CPXPARAM_Threads                                 4
CPXPARAM_Parallel                                1
CPXPARAM_RandomSeed                              20260925
CPXPARAM_Simplex_Tolerances_Optimality           1.0000000000000001e-09
CPXPARAM_Simplex_Tolerances_Feasibility          1.0000000000000001e-09
CPXPARAM_TimeLimit                               600
CPXPARAM_MIP_Tolerances_AbsMIPGap                1.0000000000000001e-09
CPXPARAM_MIP_Tolerances_Integrality              1.0000000000000001e-09
Legacy callback                                  i
2 of 3 MIP starts provided solutions.
MIP start 'm1' defined initial solution with objective 0.0293.
Tried aggregator 1 time.
MIP Presolve eliminated 1350 rows and 4 columns.
MIP Presolve modified 3324 coefficients.
Reduced MIP has 3972 rows, 4686 columns, and 49293 nonzeros.
Reduced MIP has 1164 binaries, 0 generals, 0 SOSs, and 0 indicators.
Presolve time = 0.03 sec. (38.57 ticks)
Probing time = 0.00 sec. (0.68 ticks)
Tried aggregator 1 time.
Detecting symmetries...
MIP Presolve modified 96 coefficients.
Reduced MIP has 3972 rows, 4686 columns, and 49293 nonzeros.
Reduced MIP has 1164 binaries, 0 generals, 0 SOSs, and 0 indicators.
Presolve time = 0.03 sec. (20.18 ticks)
Probing time = 0.00 sec. (0.78 ticks)
MIP emphasis: balance optimality and feasibility.
MIP search method: dynamic search.
Parallel mode: deterministic, using up to 4 threads.
Root relaxation solution time = 0.31 sec. (40.50 ticks)

        Nodes                                         Cuts/
   Node  Left     Objective  IInf  Best Integer    Best Bound    ItCnt     Gap

*     0+    0                            0.0293        0.0000           100.00%
      0     0        0.0230    69        0.0293        0.0230      868   21.76%
      0     0        0.0230    63        0.0293       Cuts: 4      906   21.76%
      0     0        0.0230    64        0.0293    MIRcuts: 5      971   21.76%
      0     0        0.0230    64        0.0293    MIRcuts: 1      996   21.76%
      0     2        0.0230    63        0.0293        0.0230      996   21.76%
Elapsed time = 2.14 sec. (1857.92 ticks, tree = 0.02 MB, solutions = 2)
     10    12        0.0236    68        0.0293        0.0230     1843   21.76%
     34    36        0.0236    67        0.0293        0.0230     3047   21.76%
     97    75        0.0231    64        0.0293        0.0230     5065   21.76%
    168   129        0.0231    62        0.0293        0.0230     8413   21.76%
    217   183        0.0232    71        0.0293        0.0230    11923   21.76%
    286   253        0.0232    54        0.0293        0.0230    16972   21.76%
    309   299        0.0246    32        0.0293        0.0230    20583   21.76%
    353   311        0.0271    23        0.0293        0.0230    23313   21.76%
    388   374        0.0259    16        0.0293        0.0230    30878   21.76%
    600   501        0.0276    16        0.0293        0.0230    56957   21.76%
Elapsed time = 5.03 sec. (5035.30 ticks, tree = 7.86 MB, solutions = 2)
    775   584        0.0270    21        0.0293        0.0230    82293   21.76%
   1029   743        0.0256    24        0.0293        0.0230   105803   21.76%
   1260   933        0.0239    41        0.0293        0.0230   145241   21.76%
   1526  1062        0.0236    56        0.0293        0.0230   171169   21.64%
   1900  1314        0.0279    49        0.0293        0.0230   192272   21.63%
   2339  1814        0.0233    56        0.0293        0.0230   224868   21.63%

Performing restart 1

Repeating presolve.
Tried aggregator 1 time.
Reduced MIP has 3972 rows, 4686 columns, and 49293 nonzeros.
Reduced MIP has 1164 binaries, 0 generals, 0 SOSs, and 0 indicators.
Presolve time = 0.00 sec. (13.85 ticks)
Tried aggregator 1 time.
Reduced MIP has 3972 rows, 4686 columns, and 49293 nonzeros.
Reduced MIP has 1164 binaries, 0 generals, 0 SOSs, and 0 indicators.
Presolve time = 0.02 sec. (20.44 ticks)
Represolve time = 0.03 sec. (40.97 ticks)
   2385     0        0.0230    65        0.0293       Cuts: 5   235469   21.63%
   2385     0        0.0230    70        0.0293       Cuts: 7   235606   21.63%
   2385     0        0.0230    69        0.0293       Cuts: 4   235668   21.63%
   2385     0        0.0230    71        0.0293       Cuts: 7   235793   21.63%
   2385     0        0.0230    72        0.0293    MIRcuts: 1   235810   21.63%
   2385     2        0.0230    66        0.0293        0.0230   235810   21.63%
   2404    21        0.0236    62        0.0293        0.0230   237234   21.63%
   2582   152        0.0235    56        0.0293        0.0230   243701   21.63%
   2779   368        0.0261    32        0.0293        0.0230   265383   21.63%
Elapsed time = 17.83 sec. (21095.47 ticks, tree = 6.26 MB, solutions = 2)
   2967   470        0.0234    63        0.0293        0.0230   277970   21.63%
   3172   670        0.0232    58        0.0293        0.0230   293704   21.63%
   3382   821        0.0266    17        0.0293        0.0230   309413   21.63%
   3684  1098        0.0263    20        0.0293        0.0230   334795   21.63%
   4013  1429        0.0245    31        0.0293        0.0230   356793   21.63%
   4344  1678        0.0232    59        0.0293        0.0230   384301   21.63%
   4591  1967        0.0253    33        0.0293        0.0230   413755   21.63%
   4801  2162        0.0234    50        0.0293        0.0230   443929   21.63%
   5144  2430        0.0245    40        0.0293        0.0230   464923   21.53%
   5483  2694        0.0255    30        0.0293        0.0230   495738   21.53%
Elapsed time = 25.66 sec. (30679.76 ticks, tree = 25.12 MB, solutions = 2)
   5842  2958        0.0231    57        0.0293        0.0230   510562   21.48%
   6200  3273        0.0264    41        0.0293        0.0230   534240   21.45%
   6467  3573        0.0239    45        0.0293        0.0230   562580   21.44%
   6724  3757        cutoff              0.0293        0.0230   587469   21.44%
   7059  4066        0.0237    57        0.0293        0.0231   614567   21.42%
   7297  4167        0.0272    28        0.0293        0.0231   635149   21.42%
   7571  4573        0.0232    60        0.0293        0.0231   675849   21.42%
   8015  4812        0.0240    41        0.0293        0.0231   694668   21.42%
   8443  5105        0.0252    30        0.0293        0.0231   716056   21.42%
   8807  5660        0.0232    65        0.0293        0.0231   758721   21.42%
Elapsed time = 33.78 sec. (40266.86 ticks, tree = 30.13 MB, solutions = 2)
   9217  5957        0.0239    51        0.0293        0.0231   785850   21.42%
   9541  6284        0.0231    60        0.0293        0.0231   818279   21.42%
  10054  6632        0.0268    32        0.0293        0.0231   833566   21.42%
  10467  7148        0.0275    21        0.0293        0.0231   873752   21.42%
  10770  7359        0.0260    37        0.0293        0.0231   888723   21.42%
  11079  7619        0.0254    33        0.0293        0.0231   905749   21.42%
  11533  8191        0.0241    46        0.0293        0.0231   948392   21.42%
  11981  8508        0.0260    28        0.0293        0.0231   972748   21.41%
  12514  8810        0.0255    25        0.0293        0.0231   989420   21.41%
  12966  9286        0.0239    44        0.0293        0.0231  1024200   21.39%
Elapsed time = 41.64 sec. (49828.29 ticks, tree = 37.25 MB, solutions = 2)
  13312  9705        0.0249    35        0.0293        0.0231  1057724   21.39%
  13693  9954        0.0259    36        0.0293        0.0231  1080029   21.39%
  14027 10327        0.0261    38        0.0293        0.0231  1118227   21.39%
  14415 10720        0.0238    45        0.0293        0.0231  1151050   21.39%
  14768 10874        0.0231    63        0.0293        0.0231  1158708   21.39%
  15197 11332        0.0284    23        0.0293        0.0231  1200761   21.39%
  15494 11666        0.0271    40        0.0293        0.0231  1230908   21.39%
  16047 11938        0.0233    64        0.0293        0.0231  1251130   21.39%
  16365 12528        0.0266    19        0.0293        0.0231  1292496   21.39%
  16768 12724        0.0272    25        0.0293        0.0231  1310663   21.39%
Elapsed time = 49.19 sec. (59394.93 ticks, tree = 43.32 MB, solutions = 2)
  17105 12838        0.0264    11        0.0293        0.0231  1329531   21.39%
  17589 13370        0.0233    59        0.0293        0.0231  1366175   21.39%
  17879 13771        0.0238    46        0.0293        0.0231  1410140   21.38%
  18233 13985        0.0258    41        0.0293        0.0231  1427306   21.36%
  18618 14373        0.0273    25        0.0293        0.0231  1464502   21.35%
  19113 14775        0.0232    58        0.0293        0.0231  1502283   21.35%
  19562 15052        0.0232    62        0.0293        0.0231  1529387   21.35%
  19943 15721        0.0244    47        0.0293        0.0231  1576931   21.35%
  20331 15967        0.0242    40        0.0293        0.0231  1599943   21.34%
  20664 16065        0.0277    31        0.0293        0.0231  1610724   21.34%
Elapsed time = 56.34 sec. (68960.60 ticks, tree = 49.44 MB, solutions = 2)
  21046 16716        0.0266    42        0.0293        0.0231  1672466   21.34%
  21458 16797        0.0252    30        0.0293        0.0231  1685266   21.34%
  21871 17023        0.0263    41        0.0293        0.0231  1697446   21.34%
  22202 17357        0.0274    39        0.0293        0.0231  1725459   21.34%
  22691 18086        0.0238    60        0.0293        0.0231  1785099   21.32%
  23068 18133        0.0276    32        0.0293        0.0231  1789552   21.32%
  23513 18641        0.0257    31        0.0293        0.0231  1830349   21.30%
  23944 18827        0.0261    41        0.0293        0.0231  1846919   21.30%
  24276 19202        0.0232    64        0.0293        0.0231  1882474   21.30%
  24563 19535        0.0250    42        0.0293        0.0231  1907346   21.30%
Elapsed time = 63.73 sec. (78523.89 ticks, tree = 56.36 MB, solutions = 2)
  25027 19786        0.0244    62        0.0293        0.0231  1936814   21.30%
  25360 20068        cutoff              0.0293        0.0231  1972227   21.30%
* 25534+20400                            0.0292        0.0231            20.86%
  25596 20671        0.0247    39        0.0292        0.0231  2026671   20.86%
  25765 20744        0.0267    36        0.0292        0.0231  2035099   20.86%
  26011 20918    infeasible              0.0292        0.0231  2055417   20.86%
  26201 21281        0.0248    41        0.0292        0.0231  2084095   20.86%
  26331 21306        0.0257    26        0.0292        0.0231  2087837   20.86%
* 26369+20400                            0.0290        0.0231            20.36%
  26549 21369        0.0259    29        0.0290        0.0231  2097170   20.36%
  26737 21627        0.0251    35        0.0290        0.0231  2118170   20.36%
  26890 21875        0.0276    33        0.0290        0.0231  2135488   20.36%
Elapsed time = 71.83 sec. (88174.96 ticks, tree = 61.43 MB, solutions = 2)
  27058 22104        0.0246    36        0.0290        0.0231  2163077   20.36%
  27337 22185        0.0231    66        0.0290        0.0231  2171089   20.36%
* 27388+20400                            0.0289        0.0231            20.07%
* 27541+20400                            0.0288        0.0231            19.78%
  27557 22522        0.0237    50        0.0288        0.0231  2185385   19.78%
  27783 22720        0.0246    42        0.0288        0.0231  2204026   19.78%
  28027 22818        0.0235    61        0.0288        0.0231  2212257   19.78%
  28197 23069        0.0233    68        0.0288        0.0231  2228211   19.78%
  28411 23157        0.0238    62        0.0288        0.0231  2235853   19.78%
  28567 23433        0.0236    59        0.0288        0.0231  2263945   19.78%
  28733 23427        0.0241    47        0.0288        0.0231  2261532   19.78%
  29588 24190        0.0231    69        0.0288        0.0231  2328978   19.78%
Elapsed time = 82.66 sec. (100616.53 ticks, tree = 65.85 MB, solutions = 2)
  30355 24955        0.0234    54        0.0288        0.0231  2390946   19.78%
* 31134+20511                            0.0287        0.0231            19.64%
  31226 25782        0.0245    46        0.0287        0.0231  2470398   19.64%
* 31727+20511                            0.0287        0.0231            19.45%
* 31733+20511                            0.0286        0.0231            19.15%
  32078 26621        0.0245    43        0.0286        0.0231  2535840   19.15%
  32825 27162        0.0247    36        0.0286        0.0231  2591211   19.15%
  33585 27845        0.0264    36        0.0286        0.0231  2659327   19.15%
  34414 28668        0.0259    44        0.0286        0.0231  2717871   19.15%
  35238 29457        cutoff              0.0286        0.0231  2781525   19.15%
* 35855+20400                            0.0285        0.0231            18.99%
  36081 30068        0.0243    42        0.0285        0.0231  2834249   18.99%
  37223 30705        0.0232    60        0.0285        0.0231  2899530   18.99%
* 38654+31851                            0.0281        0.0231            17.86%
* 38658+31851                            0.0281        0.0231            17.76%
  39034 32194        0.0260    40        0.0281        0.0231  3002946   17.75%
Elapsed time = 115.84 sec. (138816.08 ticks, tree = 79.33 MB, solutions = 25)
  41218 34099        0.0249    38        0.0281        0.0231  3143859   17.74%
  42944 35636        0.0266    43        0.0281        0.0231  3252992   17.74%
  44892 37368        0.0242    57        0.0281        0.0231  3368098   17.73%
  47057 38839        0.0266    35        0.0281        0.0231  3452888   17.72%
  49251 41132        0.0235    53        0.0281        0.0231  3589543   17.71%
  51297 43238        0.0243    39        0.0281        0.0231  3716751   17.70%
  53402 45216        0.0252    28        0.0281        0.0231  3850429   17.70%
  55644 46952        0.0244    37        0.0281        0.0231  3967333   17.69%
  57933 49310        0.0238    57        0.0281        0.0231  4109161   17.68%
  59869 50996        0.0249    40        0.0281        0.0231  4218971   17.67%
Elapsed time = 144.09 sec. (176975.70 ticks, tree = 114.99 MB, solutions = 25)
  61874 53266        0.0253    32        0.0281        0.0231  4355450   17.67%
  64205 55372        0.0236    49        0.0281        0.0231  4471171   17.67%
  66671 57585        0.0254    28        0.0281        0.0231  4589890   17.67%
  69159 59546        0.0275    24        0.0281        0.0231  4700760   17.67%
  71419 61488        0.0239    57        0.0281        0.0231  4824089   17.66%
  74028 63789        0.0235    57        0.0281        0.0231  4941255   17.65%
  76326 66383        0.0250    38        0.0281        0.0231  5086906   17.64%
  78592 68770        0.0254    30        0.0281        0.0231  5218132   17.64%
  80945 70753        0.0231    65        0.0281        0.0231  5338956   17.63%
  83504 72787        0.0239    48        0.0281        0.0231  5451998   17.62%
Elapsed time = 172.80 sec. (215139.77 ticks, tree = 157.98 MB, solutions = 25)
  85897 75220        0.0253    45        0.0281        0.0231  5590224   17.62%
  88217 77532        0.0237    51        0.0281        0.0231  5716351   17.61%
  90461 79763        0.0256    43        0.0281        0.0231  5838207   17.61%
  92583 81374        0.0238    59        0.0281        0.0231  5949860   17.60%

Performing restart 2

Repeating presolve.
Tried aggregator 1 time.
Reduced MIP has 3972 rows, 4686 columns, and 49293 nonzeros.
Reduced MIP has 1164 binaries, 0 generals, 0 SOSs, and 0 indicators.
Presolve time = 0.02 sec. (13.85 ticks)
Tried aggregator 1 time.
Reduced MIP has 3972 rows, 4686 columns, and 49293 nonzeros.
Reduced MIP has 1164 binaries, 0 generals, 0 SOSs, and 0 indicators.
Presolve time = 0.02 sec. (20.44 ticks)
Represolve time = 0.06 sec. (50.26 ticks)
  94264     0        0.0230    65        0.0281     Covers: 6  6071520   17.60%
  94264     0        0.0230    68        0.0281       Cuts: 8  6071596   17.60%
  94264     0        0.0230    65        0.0281     Covers: 1  6071650   17.60%
  94264     0        0.0230    65        0.0281       Cuts: 4  6071700   17.60%
  94264     0        0.0230    67        0.0281       Cuts: 2  6071771   17.60%
  94264     0        0.0230    65        0.0281     Covers: 4  6071852   17.60%
  94264     0        0.0230    65        0.0281       Cuts: 3  6071957   17.60%
  94264     0        0.0230    65        0.0281     Covers: 2  6071969   17.60%
  94264     2        0.0230    62        0.0281        0.0232  6071969   17.60%
  94523   216        0.0245    62        0.0281        0.0232  6083661   17.60%
  95263   804        0.0263    19        0.0281        0.0232  6138297   17.60%
  96510  1892        0.0237    43        0.0281        0.0232  6220373   17.60%
  97812  3102        0.0251    28        0.0281        0.0232  6322860   17.60%
  99142  4304        0.0264    30        0.0281        0.0232  6421808   17.60%
Elapsed time = 206.78 sec. (260353.73 ticks, tree = 56.18 MB, solutions = 25)
 100483  5467        0.0251    32        0.0281        0.0232  6511203   17.60%
 102159  6955        0.0235    47        0.0281        0.0232  6633076   17.60%
 103930  8501        0.0257    24        0.0281        0.0232  6742712   17.60%
 105363  9743        0.0231    59        0.0281        0.0232  6858598   17.60%
 106676 10844        0.0234    53        0.0281        0.0232  6963993   17.60%
 108027 12045        0.0238    50        0.0281        0.0232  7087786   17.60%
 109571 13398        0.0234    52        0.0281        0.0232  7204637   17.60%
 110927 14545        0.0257    20        0.0281        0.0232  7286499   17.60%
 112611 15945        0.0231    61        0.0281        0.0232  7388690   17.60%
 114148 17281        0.0232    56        0.0281        0.0232  7487052   17.60%
Elapsed time = 237.67 sec. (298520.99 ticks, tree = 80.29 MB, solutions = 25)
 115723 18742        0.0254    25        0.0281        0.0232  7588003   17.60%
 117545 20421        0.0250    36        0.0281        0.0232  7716946   17.60%
 119324 22251        0.0239    41        0.0281        0.0232  7845822   17.60%
 121044 23797        0.0261    18        0.0281        0.0232  7952311   17.60%
 122676 25486        0.0233    71        0.0281        0.0232  8084022   17.60%
 124299 26719        0.0251    31        0.0281        0.0232  8186054   17.60%
 125855 28054        0.0253    35        0.0281        0.0232  8297581   17.60%
 127410 29647        cutoff              0.0281        0.0232  8427421   17.60%
 129137 30938        0.0236    45        0.0281        0.0232  8522840   17.60%
 130825 32851        0.0232    67        0.0281        0.0232  8661872   17.60%
Elapsed time = 266.38 sec. (336701.09 ticks, tree = 108.29 MB, solutions = 25)
 132480 34267        0.0232    71        0.0281        0.0232  8780596   17.60%
 134225 35975        0.0239    42        0.0281        0.0232  8897396   17.60%
 135846 37213        0.0253    30        0.0281        0.0232  8989765   17.60%
 137542 39124        0.0236    53        0.0281        0.0232  9127080   17.60%
 139308 40757        0.0252    37        0.0281        0.0232  9251241   17.60%
 141168 42028        0.0246    53        0.0281        0.0232  9348004   17.60%
 142891 43709        0.0256    24        0.0281        0.0232  9466451   17.60%
 144748 45567        0.0253    30        0.0281        0.0232  9588978   17.60%
 146527 47169        0.0254    25        0.0281        0.0232  9695361   17.60%
 148721 49079        0.0259    21        0.0281        0.0232  9825374   17.60%
Elapsed time = 294.55 sec. (374875.53 ticks, tree = 139.65 MB, solutions = 25)
 150463 50576        0.0259    19        0.0281        0.0232  9937598   17.60%
 152345 52349        0.0249    32        0.0281        0.0232 10072920   17.60%
 154168 54284        0.0252    26        0.0281        0.0232 10218567   17.60%
 155885 55576        0.0232    60        0.0281        0.0232 10316188   17.60%
 157899 57132        0.0258    26        0.0281        0.0232 10437936   17.60%
 159715 59122        0.0245    32        0.0281        0.0232 10564421   17.60%
 161497 60901        0.0235    50        0.0281        0.0232 10698936   17.60%
 163613 62930        0.0253    32        0.0281        0.0232 10831750   17.60%
 165654 64369        0.0259    28        0.0281        0.0232 10931545   17.60%
 167275 65845        0.0238    49        0.0281        0.0232 11033411   17.60%
Elapsed time = 325.70 sec. (413055.17 ticks, tree = 170.62 MB, solutions = 25)
 169171 67695        0.0260    42        0.0281        0.0232 11164785   17.60%
 171155 69573        0.0259    33        0.0281        0.0232 11291195   17.60%
 173002 71068        0.0236    50        0.0281        0.0232 11389189   17.60%
 174992 73145        0.0243    46        0.0281        0.0232 11536433   17.60%
 176865 75022        0.0260    44        0.0281        0.0232 11665549   17.60%
 178627 76631        0.0231    67        0.0281        0.0232 11789810   17.60%
 180587 78611        0.0253    29        0.0281        0.0232 11933725   17.60%
 182401 79931        0.0234    58        0.0281        0.0232 12013284   17.60%
 184671 81874        0.0244    49        0.0281        0.0232 12141675   17.60%
 186338 83901        0.0232    67        0.0281        0.0232 12298858   17.60%
Elapsed time = 354.89 sec. (451221.47 ticks, tree = 206.52 MB, solutions = 25)
 188212 85403        0.0248    34        0.0281        0.0232 12417546   17.60%
 190041 87010        0.0252    27        0.0281        0.0232 12534334   17.60%
 191831 88822        0.0233    56        0.0281        0.0232 12669744   17.60%
 193778 90175        0.0249    29        0.0281        0.0232 12773451   17.60%
 195645 92036        0.0236    51        0.0281        0.0232 12906356   17.60%
 197476 93924        0.0233    64        0.0281        0.0232 13061523   17.60%
 199366 95663        0.0242    50        0.0281        0.0232 13188811   17.60%
 201269 97228        0.0240    57        0.0281        0.0232 13305613   17.60%
 203169 98883        0.0254    30        0.0281        0.0232 13414138   17.60%
 205147 100991        0.0253    29        0.0281        0.0232 13566088   17.60%
Elapsed time = 384.59 sec. (489377.83 ticks, tree = 238.04 MB, solutions = 25)
 206948 102506        0.0232    57        0.0281        0.0232 13678205   17.60%
 208897 104543        0.0254    24        0.0281        0.0232 13827937   17.60%
 210676 105503        0.0266    31        0.0281        0.0232 13897856   17.60%
 212402 107367        0.0234    61        0.0281        0.0232 14056369   17.60%
 214129 108838        0.0251    29        0.0281        0.0232 14159497   17.60%
 216092 110617        0.0231    65        0.0281        0.0232 14291629   17.60%
 218085 112749        0.0234    60        0.0281        0.0232 14442240   17.60%
 220257 114621    infeasible              0.0281        0.0232 14563668   17.60%
 222447 116442        0.0232    69        0.0281        0.0232 14682966   17.60%
*224275+118175                            0.0276        0.0232            16.05%
 224298 118503        0.0234    59        0.0276        0.0232 14820720   16.05%
Elapsed time = 414.86 sec. (527561.17 ticks, tree = 269.98 MB, solutions = 26)
*225936+119237                            0.0268        0.0232            13.48%
 226490 119675        0.0257    33        0.0268        0.0232 14924762   13.48%
 228530 118334        0.0239    50        0.0268        0.0232 15053077   13.48%
 230711 120268        0.0234    57        0.0268        0.0232 15179076   13.48%
 232793 122348        cutoff              0.0268        0.0232 15321481   13.48%
 234834 123988        0.0241    40        0.0268        0.0232 15429490   13.48%
 236692 125984        0.0244    41        0.0268        0.0232 15584995   13.48%
 238547 127752        0.0237    50        0.0268        0.0232 15714854   13.48%
 240486 129269        0.0253    25        0.0268        0.0232 15826790   13.48%
 242588 131509        cutoff              0.0268        0.0232 15987390   13.48%
 244901 133034        0.0256    20        0.0268        0.0232 16080519   13.48%
Elapsed time = 448.75 sec. (565725.55 ticks, tree = 298.24 MB, solutions = 27)
 247146 135221        0.0231    65        0.0268        0.0232 16216070   13.48%
 249479 137565        0.0233    56        0.0268        0.0232 16358670   13.48%
 251838 139780        0.0238    54        0.0268        0.0232 16495356   13.48%
 253734 141425        0.0253    22        0.0268        0.0232 16605535   13.48%
 255784 143443        0.0238    47        0.0268        0.0232 16753341   13.48%
 257829 145047        cutoff              0.0268        0.0232 16864982   13.48%
 259896 147130        0.0261    31        0.0268        0.0232 17007202   13.48%
 261878 148452        0.0237    45        0.0268        0.0232 17112063   13.48%
 263923 150472        0.0243    43        0.0268        0.0232 17248369   13.48%
*265800+152232                            0.0267        0.0232            13.14%
 265976 152421        0.0241    42        0.0267        0.0232 17394108   13.14%
Elapsed time = 477.67 sec. (603897.23 ticks, tree = 333.96 MB, solutions = 28)
 267859 153405        0.0241    55        0.0267        0.0232 17527202   13.14%
 269857 155269        0.0254    28        0.0267        0.0232 17659516   13.14%
 271922 156562        0.0232    64        0.0267        0.0232 17755163   13.14%
 274027 158954        0.0233    63        0.0267        0.0232 17914174   13.14%
 275953 160476        0.0250    31        0.0267        0.0232 18024424   13.14%
*277664+162079                            0.0266        0.0232            13.11%
 277919 162604        0.0260    20        0.0266        0.0232 18194608   13.11%
 280090 164493        0.0232    57        0.0266        0.0232 18320789   13.11%
 282097 165917        0.0257    21        0.0266        0.0232 18417545   13.11%
 284006 167960        0.0257    23        0.0266        0.0232 18561249   13.11%
 286045 169792        cutoff              0.0266        0.0232 18690495   13.11%
Elapsed time = 507.06 sec. (642057.23 ticks, tree = 367.19 MB, solutions = 29)
 288216 171395        0.0239    54        0.0266        0.0232 18798380   13.11%
 290145 173598        0.0239    47        0.0266        0.0232 18954468   13.11%
 292074 174963        0.0241    57        0.0266        0.0232 19046668   13.11%
 294064 177252        cutoff              0.0266        0.0232 19208459   13.11%
 296192 178866        0.0237    54        0.0266        0.0232 19318039   13.11%
 298246 180626        0.0254    24        0.0266        0.0232 19444630   13.11%
 300311 182686        0.0237    59        0.0266        0.0232 19587493   13.11%
 302193 184384        0.0255    32        0.0266        0.0232 19706601   13.11%
 304140 186567        0.0242    48        0.0266        0.0232 19860395   13.11%
 306299 187955        0.0235    61        0.0266        0.0232 19958561   13.11%
Elapsed time = 536.38 sec. (680227.32 ticks, tree = 400.72 MB, solutions = 29)
 308372 190134        0.0255    22        0.0266        0.0232 20103309   13.11%
 309464 190952        0.0250    33        0.0266        0.0232 20159998   13.11%
 310291 192071        cutoff              0.0266        0.0232 20238710   13.11%
 311178 192734        0.0260    25        0.0266        0.0232 20284637   13.11%
 311960 193545        0.0247    41        0.0266        0.0232 20354099   13.11%
 312564 194212        0.0232    58        0.0266        0.0232 20403685   13.11%
 313564 194675        0.0252    29        0.0266        0.0232 20436312   13.11%
 314521 195703    infeasible              0.0266        0.0232 20506784   13.11%
 315137 196644        0.0247    36        0.0266        0.0232 20577845   13.11%
 315985 197238        0.0265    41        0.0266        0.0232 20621981   13.11%
Elapsed time = 573.67 sec. (719253.91 ticks, tree = 420.04 MB, solutions = 29)
 316762 198109        cutoff              0.0266        0.0232 20696864   13.11%
 317657 198643        0.0254    27        0.0266        0.0232 20738311   13.11%
 318441 199514        0.0233    59        0.0266        0.0232 20805285   13.11%
 319320 200013        0.0234    51        0.0266        0.0232 20843592   13.11%
 320038 201080        0.0240    54        0.0266        0.0232 20926919   13.11%
 321091 202067    infeasible              0.0266        0.0232 20989527   13.11%
 321986 202668        0.0236    48        0.0266        0.0232 21031999   13.11%

Mixed integer rounding cuts applied:  1

Root node processing (before b&c):
  Real time             =    2.14 sec. (1856.69 ticks)
Parallel b&c, 4 threads:
  Real time             =  597.88 sec. (745215.81 ticks)
  Sync time (average)   =   28.06 sec.
  Wait time (average)   =    0.00 sec.
                          ------------
Total (root+branch&cut) =  600.02 sec. (747072.50 ticks)
