Version identifier: 22.2.0.0 | 2026-05-04 | 5dff98e58
CPXPARAM_Read_DataCheck                          1
CPXPARAM_Threads                                 4
CPXPARAM_Parallel                                1
CPXPARAM_RandomSeed                              20260925
CPXPARAM_Simplex_Tolerances_Optimality           1.0000000000000001e-09
CPXPARAM_Simplex_Tolerances_Feasibility          1.0000000000000001e-09
CPXPARAM_TimeLimit                               600
CPXPARAM_MIP_Tolerances_AbsMIPGap                1.0000000000000001e-09
CPXPARAM_MIP_Tolerances_Integrality              1.0000000000000001e-09
Legacy callback                                  i
1 of 4 MIP starts provided solutions.
MIP start 'm1' defined initial solution with objective 0.0000.
Tried aggregator 1 time.
MIP Presolve eliminated 1350 rows and 4 columns.
MIP Presolve modified 3324 coefficients.
Reduced MIP has 3971 rows, 4686 columns, and 49263 nonzeros.
Reduced MIP has 1164 binaries, 0 generals, 0 SOSs, and 0 indicators.
Presolve time = 0.03 sec. (38.55 ticks)
Probing time = 0.00 sec. (0.68 ticks)
Tried aggregator 1 time.
Detecting symmetries...
MIP Presolve modified 96 coefficients.
Reduced MIP has 3971 rows, 4686 columns, and 49263 nonzeros.
Reduced MIP has 1164 binaries, 0 generals, 0 SOSs, and 0 indicators.
Presolve time = 0.02 sec. (21.07 ticks)
Probing time = 0.02 sec. (0.77 ticks)
MIP emphasis: balance optimality and feasibility.
MIP search method: dynamic search.
Parallel mode: deterministic, using up to 4 threads.
Root relaxation solution time = 0.22 sec. (226.51 ticks)

        Nodes                                         Cuts/
   Node  Left     Objective  IInf  Best Integer    Best Bound    ItCnt     Gap

*     0+    0                           -0.5941       -2.8625           381.81%
      0     0       -0.8116   114       -0.5941       -0.8116     3502   36.60%
      0     0       -0.8116    91       -0.5941    MIRcuts: 2     4085   36.60%
      0     0       -0.8116   103       -0.5941      Cuts: 15     5565   36.60%
      0     0       -0.8116    81       -0.5941    MIRcuts: 2     5940   36.60%
      0     0       -0.8116    91       -0.5941    MIRcuts: 8     7055   36.60%
      0     2       -0.8116    80       -0.5941       -0.8116     7055   36.60%
Elapsed time = 13.84 sec. (11582.22 ticks, tree = 0.02 MB, solutions = 2)
      1     3       -0.8116    92       -0.5941       -0.8116    11795   36.60%
      2     3       -0.8116    83       -0.5941       -0.8116     9781   36.60%
      4     6       -0.7878    98       -0.5941       -0.8116    18493   36.60%
      8     5       -0.8116    94       -0.5941       -0.8116    17947   36.60%
     11     9       -0.8116   109       -0.5941       -0.8116    32866   36.60%
     13    14       -0.8116   102       -0.5941       -0.8116    55678   36.60%
     16    16       -0.8116   101       -0.5941       -0.8116    56996   36.60%
     22    18       -0.7878   124       -0.5941       -0.8116    79833   36.60%
     26    26       -0.8116    92       -0.5941       -0.8116    88538   36.60%
     40    22       -0.7878    91       -0.5941       -0.8116    87093   36.60%
Elapsed time = 19.20 sec. (16027.01 ticks, tree = 0.03 MB, solutions = 2)
     51    46       -0.8116    94       -0.5941       -0.8116   124154   36.60%
     73    53       -0.8116    97       -0.5941       -0.8116   138387   36.60%
     83    76       -0.8116   103       -0.5941       -0.8116   168058   36.60%
    104    91       -0.8108   123       -0.5941       -0.8116   187911   36.60%
    113    99       -0.7878    98       -0.5941       -0.8116   202175   36.60%
    124   114       -0.8006   110       -0.5941       -0.8116   239078   36.60%
    133   130       -0.8116   101       -0.5941       -0.8116   259049   36.60%
    163   141       -0.7221    64       -0.5941       -0.8116   265910   36.60%
    234   185       -0.6084    33       -0.5941       -0.8116   268736   36.60%
    286   185       -0.7205    64       -0.5941       -0.8116   282936   36.60%
Elapsed time = 28.94 sec. (26052.70 ticks, tree = 2.85 MB, solutions = 2)
*   299+  221                           -0.5941       -0.8116            36.60%
    336   256       -0.8116   104       -0.5941       -0.8116   297912   36.60%
    411   332       -0.5985    29       -0.5941       -0.8116   310990   36.60%
    442   397       -0.7237    83       -0.5941       -0.8116   338007   36.60%
    490   425       -0.7237    58       -0.5941       -0.8116   354658   36.60%
    560   448       -0.6829    42       -0.5941       -0.8116   356212   36.60%
    716   475       -0.5965    48       -0.5941       -0.8116   374120   36.60%
    792   596       -0.8116    98       -0.5941       -0.8116   386581   36.60%
    849   661       -0.8116   110       -0.5941       -0.8116   397185   36.60%
    905   736       -0.8083   101       -0.5941       -0.8116   415152   36.60%
    983   833       -0.6616    45       -0.5941       -0.8116   432645   36.60%
Elapsed time = 38.59 sec. (35798.25 ticks, tree = 18.51 MB, solutions = 3)
   1063   890       -0.6946    75       -0.5941       -0.8116   445619   36.60%
   1147   932       -0.7064    59       -0.5941       -0.8116   455456   36.60%
   1211  1122       -0.7850    84       -0.5941       -0.8116   493256   36.60%
   1315  1221       -0.6945    66       -0.5941       -0.8116   496286   36.60%
   1374  1136       -0.7406    69       -0.5941       -0.8116   496061   36.60%

Performing restart 1

Repeating presolve.
Tried aggregator 1 time.
Reduced MIP has 3971 rows, 4686 columns, and 49263 nonzeros.
Reduced MIP has 1164 binaries, 0 generals, 0 SOSs, and 0 indicators.
Presolve time = 0.02 sec. (13.85 ticks)
Tried aggregator 1 time.
Reduced MIP has 3971 rows, 4686 columns, and 49263 nonzeros.
Reduced MIP has 1164 binaries, 0 generals, 0 SOSs, and 0 indicators.
Presolve time = 0.00 sec. (21.33 ticks)
Represolve time = 0.05 sec. (41.77 ticks)
   1375     0       -0.8116   105       -0.5941    MIRcuts: 8   510869   36.60%
   1375     0       -0.8116   113       -0.5941       Cuts: 6   511209   36.60%
   1375     0       -0.8116    97       -0.5941    MIRcuts: 4   511547   36.60%
   1375     0       -0.8116    95       -0.5941       Cuts: 8   512273   36.60%
   1375     0       -0.8116    83       -0.5941       Cuts: 4   513326   36.60%
   1375     0       -0.8116    90       -0.5941    MIRcuts: 1   513445   36.60%
   1375     2       -0.8116    83       -0.5941       -0.8116   513445   36.60%
   1377     3       -0.8006    82       -0.5941       -0.8116   513601   36.60%
   1381     5       -0.7878    75       -0.5941       -0.8116   517326   36.60%
   1393    19       -0.8006    82       -0.5941       -0.8116   534181   36.60%
   1404    30       -0.7750    82       -0.5941       -0.8116   548003   36.60%
Elapsed time = 58.02 sec. (57886.60 ticks, tree = 0.28 MB, solutions = 3)
   1415    36       -0.8116   101       -0.5941       -0.8116   552202   36.60%
   1427    47       -0.8116   110       -0.5941       -0.8116   562414   36.60%
   1439    54       -0.8116    91       -0.5941       -0.8116   569839   36.60%
   1451    54       -0.8116   105       -0.5941       -0.8116   574116   36.60%
   1458    82       -0.7750    91       -0.5941       -0.8116   599139   36.60%
   1473    90       -0.8116    97       -0.5941       -0.8116   615545   36.60%
   1485    95       -0.7750    99       -0.5941       -0.8116   624058   36.60%
   1523   138       -0.7906   102       -0.5941       -0.8116   644269   36.60%
   1553   167       -0.7845   104       -0.5941       -0.8116   654499   36.60%
   1622   195       -0.7733    91       -0.5941       -0.8116   657000   36.60%
Elapsed time = 66.44 sec. (67826.11 ticks, tree = 4.20 MB, solutions = 3)
   1657   211       -0.7188    76       -0.5941       -0.8116   662631   36.60%
   1708   239       -0.7271    88       -0.5941       -0.8116   662097   36.60%
   1746   296       -0.7128    82       -0.5941       -0.8116   677922   36.60%
   1805   345       -0.7449    86       -0.5941       -0.8116   682466   36.60%
   1924   430       -0.7197    87       -0.5941       -0.8116   694236   36.60%
   1974   460       -0.6884    77       -0.5941       -0.8116   697687   36.60%
   2044   580       -0.6616    71       -0.5941       -0.8116   712745   36.60%
   2172   578       -0.5944    51       -0.5941       -0.8116   710746   36.60%
   2238   651       -0.8116    97       -0.5941       -0.8116   731141   36.60%
   2266   772       -0.8065    91       -0.5941       -0.8116   754924   36.60%
Elapsed time = 75.44 sec. (77710.48 ticks, tree = 22.13 MB, solutions = 3)
   2333   811       -0.7444    70       -0.5941       -0.8116   764927   36.60%
   2420   911       -0.6438    57       -0.5941       -0.8116   787065   36.60%
   2541   961       -0.5979    54       -0.5941       -0.8116   790251   36.60%
   2581   940       -0.7750    84       -0.5941       -0.8116   800750   36.60%
   2611  1102       -0.7221    74       -0.5941       -0.8116   817497   36.60%
   2665  1134       -0.6908    58       -0.5941       -0.8116   820697   36.60%
   2735  1138       -0.7041    62       -0.5941       -0.8116   826336   36.60%
   2848  1236       -0.8116   110       -0.5941       -0.8116   842371   36.60%
   2900  1241       -0.6796    65       -0.5941       -0.8116   838330   36.60%
   3008  1403       -0.7645    89       -0.5941       -0.8116   869209   36.60%
Elapsed time = 83.78 sec. (87517.55 ticks, tree = 42.31 MB, solutions = 3)
   3085  1548       -0.7305    70       -0.5941       -0.8116   884050   36.60%
   3209  1582       -0.6920    58       -0.5941       -0.8116   886316   36.60%
   3253  1673       -0.6617    53       -0.5941       -0.8116   895177   36.60%
   3310  1725       -0.6505    55       -0.5941       -0.8116   904615   36.60%
   3400  1732       -0.7399    83       -0.5941       -0.8116   912266   36.60%
   3453  1783       -0.8116   107       -0.5941       -0.8116   917489   36.60%
   3507  1868       -0.7492    87       -0.5941       -0.8116   935337   36.60%
   3609  1956       -0.6265    73       -0.5941       -0.8116   943677   36.60%
   3703  2032       -0.6103    67       -0.5941       -0.8116   956077   36.60%
   3745  2042       -0.8006    98       -0.5941       -0.8116   968414   36.60%
Elapsed time = 92.38 sec. (97353.39 ticks, tree = 59.79 MB, solutions = 3)
   3783  2144       -0.7750    97       -0.5941       -0.8116   978529   36.60%
   3829  2202       -0.7622   105       -0.5941       -0.8116   997187   36.60%
   3854  2220       -0.7365    86       -0.5941       -0.8116  1003971   36.60%
   3917  2239       -0.7365    74       -0.5941       -0.8116  1011349   36.60%
   3958  2294       -0.7109    89       -0.5941       -0.8116  1027562   36.60%
   4006  2316       -0.6866    70       -0.5941       -0.8116  1034161   36.60%
   4048  2369       -0.6725    83       -0.5941       -0.8116  1048716   36.60%
   4086  2447       -0.6649    65       -0.5941       -0.8116  1065127   36.60%
   4179  2486       -0.7068    79       -0.5941       -0.8116  1072764   36.60%
   4318  2575       -0.5956    56       -0.5941       -0.8116  1082779   36.60%
Elapsed time = 100.66 sec. (107228.76 ticks, tree = 73.98 MB, solutions = 3)
   4417  2656       -0.5975    60       -0.5941       -0.8116  1092561   36.60%
   4465  2710       -0.7548   101       -0.5941       -0.8116  1100400   36.60%
   4550  2778       -0.7878    99       -0.5941       -0.8116  1111236   36.60%
   4594  2901       -0.6972    71       -0.5941       -0.8116  1121841   36.60%
   4626  2903       -0.8006    96       -0.5941       -0.8116  1136426   36.60%
   4671  2906       -0.7963   113       -0.5941       -0.8116  1139911   36.60%
   4752  2999       -0.7498    98       -0.5941       -0.8116  1161013   36.60%
   4844  3061       -0.7382    90       -0.5941       -0.8116  1175123   36.60%
   4937  3082       -0.6481    68       -0.5941       -0.8116  1179339   36.60%
   5208  3487       -0.7310    94       -0.5941       -0.8116  1242816   36.60%
Elapsed time = 111.16 sec. (119776.15 ticks, tree = 101.08 MB, solutions = 3)
   5427  3643       -0.7277    79       -0.5941       -0.8116  1289531   36.60%
   5823  4098       -0.6826    64       -0.5941       -0.8116  1337626   36.60%
   6355  4328       -0.6330    54       -0.5941       -0.8116  1370850   36.60%
   6661  4737       -0.6734    70       -0.5941       -0.8116  1423355   36.60%
   7030  4996       -0.6132    43       -0.5941       -0.8116  1457528   36.60%
   7314  5285       -0.7238    91       -0.5941       -0.8116  1515818   36.60%
   7798  5584       -0.7890   105       -0.5941       -0.8116  1567278   36.60%
   8423  6207       -0.6442    46       -0.5941       -0.8116  1649897   36.60%
   9216  6678       -0.6124    48       -0.5941       -0.8116  1689017   36.60%
   9563  7409       -0.6488    57       -0.5941       -0.8116  1747837   36.60%
Elapsed time = 143.44 sec. (158106.40 ticks, tree = 226.18 MB, solutions = 3)
  10115  7594       -0.7878    98       -0.5941       -0.8116  1771172   36.60%
  10591  8187       -0.6680    57       -0.5941       -0.8116  1840717   36.60%
  11097  8734       -0.6274    55       -0.5941       -0.8116  1898370   36.60%
  11785  8978       -0.6981    62       -0.5941       -0.8116  1926848   36.60%
  12473  9725       -0.5985    56       -0.5941       -0.8116  2000486   36.60%
  13185 10449       -0.7503    74       -0.5941       -0.8116  2066557   36.60%
  13642 10727       -0.6402    46       -0.5941       -0.8116  2110062   36.60%
  14038 11189       -0.6596    65       -0.5941       -0.8116  2171334   36.60%
  14466 11489       -0.6550    52       -0.5941       -0.8116  2216280   36.60%
  14872 12151       -0.7878    96       -0.5941       -0.8116  2300158   36.60%
Elapsed time = 176.00 sec. (196403.11 ticks, tree = 378.09 MB, solutions = 3)
  15131 12453       -0.8046    95       -0.5941       -0.8116  2363041   36.60%
  15525 12693       -0.6647    58       -0.5941       -0.8116  2395774   36.60%
  15906 13088       -0.6340    52       -0.5941       -0.8116  2439543   36.60%
  16483 13448       -0.7493    90       -0.5941       -0.8116  2500131   36.60%
  16839 14065       -0.7019    74       -0.5941       -0.8116  2578072   36.60%
  17271 14337       -0.6423    42       -0.5941       -0.8116  2603664   36.60%
  17594 14684       -0.6853    78       -0.5941       -0.8116  2678278   36.60%
  18051 14933       -0.6175    54       -0.5941       -0.8116  2711174   36.60%
  18372 15409       -0.7750    93       -0.5941       -0.8116  2799801   36.60%
  18674 15581       -0.7641    84       -0.5941       -0.8116  2836667   36.60%
Elapsed time = 209.22 sec. (234632.83 ticks, tree = 487.49 MB, solutions = 3)
  19086 16289       -0.6059    45       -0.5941       -0.8116  2940829   36.60%
  19459 16266       -0.7109    67       -0.5941       -0.8116  2967094   36.60%
  19839 16940       -0.7596    79       -0.5941       -0.8116  3076350   36.60%
  20196 17223       -0.7878    78       -0.5941       -0.8116  3115375   36.60%
  20743 17599       -0.7493    90       -0.5941       -0.8116  3164926   36.60%
  21206 17993       -0.7725    78       -0.5941       -0.8116  3217574   36.60%
  21612 18178       -0.7074    66       -0.5941       -0.8116  3231814   36.60%
  22060 18807       -0.6981    71       -0.5941       -0.8116  3329522   36.60%
  22546 19112       -0.6596    48       -0.5941       -0.8116  3368018   36.60%
  22864 19606       -0.7075    80       -0.5941       -0.8116  3435207   36.60%
Elapsed time = 242.12 sec. (272973.87 ticks, tree = 616.90 MB, solutions = 3)
  23324 19808       -0.7128    90       -0.5941       -0.8116  3482547   36.60%
  23842 20294       -0.7128    67       -0.5941       -0.8116  3558735   36.60%
  24212 20796       -0.6554    77       -0.5941       -0.8116  3635927   36.60%
  24509 21233       -0.6152    55       -0.5941       -0.8116  3715602   36.60%
  24683 21428       -0.6822    72       -0.5941       -0.8116  3755707   36.60%
  24904 21774       -0.6016    47       -0.5941       -0.8116  3812000   36.60%
  25173 21754       -0.6995    69       -0.5941       -0.8116  3810023   36.60%
  25620 21976       -0.7064    93       -0.5941       -0.8116  3844914   36.60%
  25936 22539       -0.8116   111       -0.5941       -0.8116  3930022   36.60%
  26282 22772       -0.6634    63       -0.5941       -0.8116  3982023   36.60%
Elapsed time = 275.20 sec. (311328.56 ticks, tree = 719.30 MB, solutions = 3)
  26748 23326       -0.6680    69       -0.5941       -0.8116  4059436   36.60%
  27242 23835       -0.6670    68       -0.5941       -0.8116  4131370   36.60%
  27660 24119       -0.6636    70       -0.5941       -0.8116  4174089   36.60%
  27989 24302       -0.6146    58       -0.5941       -0.8116  4203700   36.60%
  28492 24593       -0.7493    87       -0.5941       -0.8116  4252080   36.60%
  28956 25290       -0.6616    67       -0.5941       -0.8116  4355358   36.60%
  29490 25790       -0.7513    92       -0.5941       -0.8116  4428137   36.60%
  29866 26115       -0.6488    65       -0.5941       -0.8116  4475042   36.60%
  30193 26428       -0.6538    61       -0.5941       -0.8116  4522053   36.60%
  30710 26771       -0.6438    55       -0.5941       -0.8116  4584755   36.60%
Elapsed time = 307.73 sec. (349633.62 ticks, tree = 848.57 MB, solutions = 3)
  31190 27239       -0.6198    58       -0.5941       -0.8116  4666495   36.60%
  31569 27786       -0.5975    39       -0.5941       -0.8116  4760198   36.60%
  32072 27969       -0.6335    75       -0.5941       -0.8116  4787429   36.60%
  32334 28645       -0.7995    89       -0.5941       -0.8116  4877027   36.60%
  32753 28928       -0.5961    53       -0.5941       -0.8116  4932471   36.60%
  33179 29191       -0.7998    92       -0.5941       -0.8116  4972556   36.60%
  33485 29643       -0.8116   102       -0.5941       -0.8116  5054470   36.60%
  33815 29973       -0.6468    64       -0.5941       -0.8116  5132381   36.60%
  34159 30264       -0.5999    62       -0.5941       -0.8116  5191872   36.60%
  34584 30515       -0.7769    96       -0.5941       -0.8116  5218961   36.60%
Elapsed time = 341.39 sec. (387935.83 ticks, tree = 969.68 MB, solutions = 3)
  35002 30907        cutoff             -0.5941       -0.8116  5288728   36.60%
  35388 31236       -0.6601    71       -0.5941       -0.8116  5348479   36.60%
  35734 31718       -0.7019    83       -0.5941       -0.8116  5426876   36.60%
  36151 32116       -0.7226    76       -0.5941       -0.8116  5508550   36.60%
  36557 32380       -0.7301    91       -0.5941       -0.8116  5543852   36.60%
  37067 32949       -0.7840    92       -0.5941       -0.8116  5644061   36.60%
  37495 33067       -0.6064    49       -0.5941       -0.8116  5660742   36.60%
  37809 33780       -0.6336    53       -0.5941       -0.8116  5772711   36.60%
  38224 33865       -0.7493    91       -0.5941       -0.8116  5803816   36.60%
  38555 34373       -0.6869    81       -0.5941       -0.8116  5905205   36.60%
Elapsed time = 374.64 sec. (426362.09 ticks, tree = 1095.86 MB, solutions = 3)
  38888 34856       -0.7168    88       -0.5941       -0.8116  5982481   36.60%
  39299 35013       -0.6974    59       -0.5941       -0.8116  6012091   36.60%
  39865 35585       -0.6154    63       -0.5941       -0.8116  6077900   36.60%
  40174 35903       -0.6854    75       -0.5941       -0.8116  6128428   36.60%
  40552 36413       -0.7485    81       -0.5941       -0.8116  6218585   36.60%
  40977 36636       -0.6873    75       -0.5941       -0.8116  6267545   36.60%
  41430 36751       -0.6389    69       -0.5941       -0.8116  6283139   36.60%
  41901 37553       -0.6590    65       -0.5941       -0.8116  6399484   36.60%
  42447 37711       -0.6321    51       -0.5941       -0.8116  6413686   36.60%
  42933 38178       -0.6247    53       -0.5941       -0.8116  6482703   36.60%
Elapsed time = 407.08 sec. (464639.05 ticks, tree = 1192.85 MB, solutions = 3)
  43386 38918       -0.7692    91       -0.5941       -0.8116  6585209   36.60%
  43813 39295       -0.6622    72       -0.5941       -0.8116  6650559   36.60%
  44238 39661       -0.7492    93       -0.5941       -0.8116  6709399   36.60%
  44766 40005       -0.6056    49       -0.5941       -0.8116  6742343   36.60%
  45161 40577       -0.6596    72       -0.5941       -0.8116  6813888   36.60%
  45607 40869       -0.6169    37       -0.5941       -0.8116  6860153   36.60%
  46032 41217       -0.8116   106       -0.5941       -0.8116  6917964   36.60%
  46442 41697       -0.6007    48       -0.5941       -0.8116  6997717   36.60%
  46769 42116       -0.7211    68       -0.5941       -0.8116  7075915   36.60%
  47173 42397       -0.6815    68       -0.5941       -0.8116  7120447   36.60%
Elapsed time = 440.14 sec. (502870.41 ticks, tree = 1291.57 MB, solutions = 3)
  47703 42920       -0.6452    59       -0.5941       -0.8116  7193328   36.60%
  48126 43264       -0.8116   114       -0.5941       -0.8116  7243237   36.60%
  48544 43742       -0.6322    57       -0.5941       -0.8116  7311004   36.60%
  49033 44101       -0.6360    85       -0.5941       -0.8116  7360379   36.60%
  49519 44519       -0.8026    94       -0.5941       -0.8116  7406203   36.60%
  49937 45216       -0.5989    33       -0.5941       -0.8116  7514069   36.60%
  50459 45726       -0.6276    43       -0.5941       -0.8116  7589348   36.60%
  50848 45954       -0.6557    55       -0.5941       -0.8116  7641530   36.60%
  51436 46251       -0.7897    89       -0.5941       -0.8116  7675623   36.60%
  51777 46920       -0.6528    57       -0.5941       -0.8116  7771992   36.60%
Elapsed time = 473.05 sec. (541235.36 ticks, tree = 1437.88 MB, solutions = 3)
  52310 47255       -0.6515    63       -0.5941       -0.8116  7820096   36.60%
  52654 47895       -0.6461    79       -0.5941       -0.8116  7919191   36.60%
  53148 48153       -0.6972    71       -0.5941       -0.8116  7978930   36.60%
  53614 48405       -0.6510    57       -0.5941       -0.8116  8009516   36.60%
  54206 48892       -0.6199    60       -0.5941       -0.8116  8087184   36.60%
  54591 49152       -0.6596    68       -0.5941       -0.8116  8128493   36.60%
  55004 49814       -0.7183    69       -0.5941       -0.8116  8201582   36.60%
  55374 50211       -0.8116    97       -0.5941       -0.8116  8283019   36.60%
  55733 50645       -0.6744    73       -0.5941       -0.8116  8359385   36.60%
  56256 50781       -0.6983    71       -0.5941       -0.8116  8383031   36.60%
Elapsed time = 506.23 sec. (579464.26 ticks, tree = 1562.92 MB, solutions = 3)
  56711 51232       -0.6695    63       -0.5941       -0.8116  8460339   36.60%
  57185 51888       -0.6652    69       -0.5941       -0.8116  8544141   36.60%
  57684 52030       -0.8071   106       -0.5941       -0.8116  8561349   36.60%
  58111 52539       -0.8094   120       -0.5941       -0.8116  8637868   36.60%
  58641 53283       -0.8026    93       -0.5941       -0.8116  8748398   36.60%
  59121 53520       -0.7761    91       -0.5941       -0.8116  8779101   36.60%
  59654 53904       -0.6086    49       -0.5941       -0.8116  8839028   36.60%
  60081 54554       -0.7827   100       -0.5941       -0.8116  8915605   36.60%
  60508 55061       -0.7096    65       -0.5941       -0.8116  8997713   36.60%
  60878 55285       -0.7250    79       -0.5941       -0.8116  9039132   36.60%
Elapsed time = 538.78 sec. (617674.26 ticks, tree = 1700.49 MB, solutions = 3)
  61315 55617       -0.7683    88       -0.5941       -0.8116  9089679   36.60%
  61687 56064       -0.6345    59       -0.5941       -0.8116  9161379   36.60%
  61885 56575        cutoff             -0.5941       -0.8116  9233130   36.60%
  62221 56672       -0.6265    60       -0.5941       -0.8116  9246835   36.60%
  62602 56990       -0.6412    60       -0.5941       -0.8116  9304157   36.60%
  62900 57088       -0.6616    75       -0.5941       -0.8116  9319145   36.60%
  63265 57504       -0.6446    62       -0.5941       -0.8116  9378564   36.60%
  63590 58200       -0.6132    58       -0.5941       -0.8116  9499230   36.60%
  64001 58182       -0.8099   106       -0.5941       -0.8116  9503395   36.60%
  64232 58605       -0.7815    99       -0.5941       -0.8116  9568126   36.60%
Elapsed time = 571.88 sec. (655994.63 ticks, tree = 1807.68 MB, solutions = 3)
  64606 58805       -0.8094   109       -0.5941       -0.8116  9598321   36.60%
  64934 59300       -0.8096   109       -0.5941       -0.8116  9659003   36.60%
  65329 59613       -0.7548    80       -0.5941       -0.8116  9695144   36.60%
  65696 59826        cutoff             -0.5941       -0.8116  9739836   36.60%
  66087 60109       -0.6885    72       -0.5941       -0.8116  9775315   36.60%
  66441 60443       -0.6018    47       -0.5941       -0.8116  9813866   36.60%
  66759 60818       -0.6488    84       -0.5941       -0.8116  9891344   36.60%
  67110 61211       -0.7388    90       -0.5941       -0.8116  9946315   36.60%

Mixed integer rounding cuts applied:  16
Gomory fractional cuts applied:  3

Root node processing (before b&c):
  Real time             =   13.83 sec. (11578.15 ticks)
Parallel b&c, 4 threads:
  Real time             =  586.19 sec. (677838.52 ticks)
  Sync time (average)   =   17.33 sec.
  Wait time (average)   =    0.00 sec.
                          ------------
Total (root+branch&cut) =  600.02 sec. (689416.67 ticks)
