Version identifier: 22.2.0.0 | 2026-05-04 | 5dff98e58
CPXPARAM_Read_DataCheck                          1
CPXPARAM_Threads                                 4
CPXPARAM_Parallel                                1
CPXPARAM_RandomSeed                              20260925
CPXPARAM_Simplex_Tolerances_Optimality           1.0000000000000001e-09
CPXPARAM_Simplex_Tolerances_Feasibility          1.0000000000000001e-09
CPXPARAM_TimeLimit                               600
CPXPARAM_MIP_Tolerances_AbsMIPGap                1.0000000000000001e-09
CPXPARAM_MIP_Tolerances_Integrality              1.0000000000000001e-09
Legacy callback                                  i
Found incumbent of value 0.000000 after 0.00 sec. (0.16 ticks)
Tried aggregator 1 time.
MIP Presolve eliminated 1351 rows and 3 columns.
MIP Presolve modified 3324 coefficients.
Reduced MIP has 3968 rows, 4687 columns, and 49206 nonzeros.
Reduced MIP has 1164 binaries, 0 generals, 0 SOSs, and 0 indicators.
Presolve time = 0.03 sec. (38.55 ticks)
Probing time = 0.00 sec. (0.68 ticks)
Tried aggregator 1 time.
Detecting symmetries...
MIP Presolve modified 96 coefficients.
Reduced MIP has 3968 rows, 4687 columns, and 49206 nonzeros.
Reduced MIP has 1164 binaries, 0 generals, 0 SOSs, and 0 indicators.
Presolve time = 0.02 sec. (21.12 ticks)
Probing time = 0.00 sec. (0.78 ticks)
MIP emphasis: balance optimality and feasibility.
MIP search method: dynamic search.
Parallel mode: deterministic, using up to 4 threads.
Root relaxation solution time = 0.20 sec. (201.04 ticks)

        Nodes                                         Cuts/
   Node  Left     Objective  IInf  Best Integer    Best Bound    ItCnt     Gap

*     0+    0                            0.0000       -1.0000              --- 
*     0+    0                           -0.0186       -1.0000              --- 
      0     0       -0.2246   115       -0.0186       -0.2246     3393     --- 
*     0+    0                           -0.0884       -0.2246           154.12%
      0     0       -0.2246    78       -0.0884       Cuts: 4     3962  154.12%
*     0+    0                           -0.1085       -0.2246           106.93%
*     0+    0                           -0.1810       -0.2246            24.08%
      0     0       -0.2246    81       -0.1810    MIRcuts: 7     5053   24.08%
      0     0       -0.2246    73       -0.1810    MIRcuts: 5     5517   24.08%
*     0+    0                           -0.1812       -0.2246            23.96%
*     0+    0                           -0.1828       -0.2246            22.87%
*     0+    0                           -0.1843       -0.2246            21.88%
      0     0  -1.00000e+75     0       -0.1843       -0.2246     5517   21.88%
      0     0       -0.2246    83       -0.1843    MIRcuts: 7     6431   21.88%
      0     2       -0.2246    76       -0.1843       -0.2246     6431   21.88%
Elapsed time = 10.11 sec. (9527.44 ticks, tree = 0.02 MB, solutions = 8)
      1     3       -0.2246    87       -0.1843       -0.2246    10204   21.88%
      3     5       -0.2246    92       -0.1843       -0.2246    15440   21.88%
      8     9       -0.2246    93       -0.1843       -0.2246    24614   21.88%
     13     8       -0.2246    89       -0.1843       -0.2246    23363   21.88%
     19    15       -0.2246    95       -0.1843       -0.2246    34552   21.88%
     22    15       -0.2246    87       -0.1843       -0.2246    37553   21.88%
     28    16       -0.2246    88       -0.1843       -0.2246    38765   21.88%
     34    29       -0.2246    84       -0.1843       -0.2246    56227   21.88%
     41    34       -0.2246    82       -0.1843       -0.2246    62040   21.88%
     64    53       -0.2246    91       -0.1843       -0.2246    80190   21.88%
Elapsed time = 14.52 sec. (13552.05 ticks, tree = 0.61 MB, solutions = 8)
     95    85       -0.2246    85       -0.1843       -0.2246   106657   21.88%
    121   113       -0.2246    85       -0.1843       -0.2246   124835   21.88%
    138   129       -0.2239   116       -0.1843       -0.2246   139348   21.88%
    160   152       -0.2212    84       -0.1843       -0.2246   161248   21.88%
    195   178       -0.2215    98       -0.1843       -0.2246   175622   21.88%
    260   192       -0.2201    83       -0.1843       -0.2246   178081   21.88%
    327   209       -0.2062    50       -0.1843       -0.2246   185272   21.88%
    363   332       -0.2168    82       -0.1843       -0.2246   194844   21.88%
    421   350       -0.2114    61       -0.1843       -0.2246   199477   21.88%
    546   417       -0.1911    17       -0.1843       -0.2246   211381   21.88%
Elapsed time = 24.67 sec. (23498.27 ticks, tree = 10.29 MB, solutions = 8)
*   601+  450                           -0.1858       -0.2246            20.86%
    717   565       -0.2246    83       -0.1858       -0.2246   234592   20.86%
*   721+  499                           -0.1858       -0.2246            20.86%
    785   676       -0.2246    87       -0.1858       -0.2246   247965   20.86%
    830   714       -0.2240    91       -0.1858       -0.2246   259402   20.86%
    908   771       -0.2230   100       -0.1858       -0.2246   273204   20.86%
    991   876       -0.2186    81       -0.1858       -0.2246   286618   20.86%
   1022   939       -0.2200    88       -0.1858       -0.2246   299008   20.86%
   1072   950       -0.2230    92       -0.1858       -0.2246   305896   20.86%
*  1176+ 1081                           -0.1891       -0.2246            18.73%
*  1178+ 1081                           -0.1903       -0.2246            18.02%
*  1178+ 1081                           -0.1905       -0.2246            17.91%
   1187  1004       -0.2173    80       -0.1905       -0.2246   323849   17.91%
*  1201+ 1081                           -0.1907       -0.2246            17.76%
   1228  1074       -0.2137    77       -0.1907       -0.2246   339126   17.76%
*  1256+ 1026                           -0.1922       -0.2246            16.81%
   1283  1099       -0.2226   101       -0.1922       -0.2246   342759   16.81%
Elapsed time = 34.98 sec. (33784.83 ticks, tree = 31.71 MB, solutions = 17)

Performing restart 1

Repeating presolve.
Tried aggregator 1 time.
Reduced MIP has 3968 rows, 4687 columns, and 49206 nonzeros.
Reduced MIP has 1164 binaries, 0 generals, 0 SOSs, and 0 indicators.
Presolve time = 0.02 sec. (13.87 ticks)
Tried aggregator 1 time.
Reduced MIP has 3968 rows, 4687 columns, and 49206 nonzeros.
Reduced MIP has 1164 binaries, 0 generals, 0 SOSs, and 0 indicators.
Presolve time = 0.02 sec. (21.38 ticks)
Represolve time = 0.06 sec. (45.50 ticks)
   1284     0       -0.2246    92       -0.1922    MIRcuts: 4   358052   16.81%
*  1284+    0                           -0.1936       -0.2246            16.02%
   1284     0       -0.2246    89       -0.1936       Cuts: 6   358716   16.02%
   1284     0       -0.2246    98       -0.1936    MIRcuts: 4   359497   16.02%
   1284     0       -0.2246    82       -0.1936    MIRcuts: 3   360744   16.02%
   1284     0       -0.2246    90       -0.1936    MIRcuts: 5   362047   16.02%
   1284     0       -0.2246    85       -0.1936       Cuts: 4   362646   16.02%
   1284     0       -0.2246    89       -0.1936    MIRcuts: 3   362912   16.02%
   1284     2       -0.2246    79       -0.1936       -0.2246   362912   16.02%
   1286     4       -0.2246    84       -0.1936       -0.2246   366453   16.02%
   1289     7       -0.2246    99       -0.1936       -0.2246   370440   16.02%
   1297    12       -0.2246    88       -0.1936       -0.2246   373890   16.02%
   1309    18       -0.2246    93       -0.1936       -0.2246   379048   16.02%
   1320    30       -0.2215    84       -0.1936       -0.2246   390522   16.02%
   1328    43       -0.2246    97       -0.1936       -0.2246   408728   16.02%
   1355    51       -0.2215    95       -0.1936       -0.2246   414481   16.02%
   1379    77       -0.2246   103       -0.1936       -0.2246   437399   16.02%
   1399    93       -0.2246   100       -0.1936       -0.2246   449460   16.02%
Elapsed time = 60.64 sec. (58945.50 ticks, tree = 1.09 MB, solutions = 18)
   1429   128       -0.2186    85       -0.1936       -0.2246   481517   16.02%
   1455   147       -0.2163    98       -0.1936       -0.2246   502322   16.02%
   1507   172       -0.2135    91       -0.1936       -0.2246   529904   16.02%
   1636   267       -0.2082    62       -0.1936       -0.2246   563686   16.02%
*  1684+  283                           -0.1953       -0.2246            14.96%
   1684   251       -0.2137    93       -0.1953       -0.2246   554671   14.96%
   1843   427       -0.2129    66       -0.1953       -0.2246   573294   14.96%
   1933   459       -0.1977    51       -0.1953       -0.2246   578767   14.96%
   2006   612       -0.2123    73       -0.1953       -0.2246   596399   14.96%
*  2039+  661                           -0.1965       -0.2246            14.29%
*  2039+  661                           -0.1967       -0.2246            14.19%
   2071   658       -0.2000    62       -0.1967       -0.2246   607946   14.19%
   2119   705       -0.1982    49       -0.1967       -0.2246   620945   14.19%
Elapsed time = 70.73 sec. (68756.33 ticks, tree = 19.24 MB, solutions = 22)
   2202   788       -0.1986    57       -0.1967       -0.2246   636400   14.19%
   2235   806       -0.2246    84       -0.1967       -0.2246   650155   14.19%
   2255   836       -0.2246   112       -0.1967       -0.2246   660035   14.19%
   2287   876       -0.2137    71       -0.1967       -0.2246   673600   14.19%
   2355   921       -0.2090    68       -0.1967       -0.2246   686810   14.19%
   2430   957       -0.2009    47       -0.1967       -0.2246   690714   14.19%
   2506   961       -0.2246    90       -0.1967       -0.2246   695055   14.19%
   2541  1106       -0.2083    58       -0.1967       -0.2246   726332   14.19%
   2613  1134       -0.2106    60       -0.1967       -0.2246   727223   14.19%
   2705  1147       -0.2075    60       -0.1967       -0.2246   731427   14.19%
Elapsed time = 80.78 sec. (78447.31 ticks, tree = 33.24 MB, solutions = 22)
   2795  1244       -0.2036    51       -0.1967       -0.2246   745162   14.19%
   2874  1387       -0.2107    66       -0.1967       -0.2246   768239   14.19%
   2923  1411       -0.2199    94       -0.1967       -0.2246   778272   14.19%
   2965  1494       -0.2146    69       -0.1967       -0.2246   793269   14.19%
   3052  1535       -0.2179    77       -0.1967       -0.2246   806579   14.19%
   3137  1635       -0.2071    55       -0.1967       -0.2246   824236   14.19%
   3290  1705       -0.1980    39       -0.1967       -0.2246   825175   14.19%
   3344  1816       -0.2246    87       -0.1967       -0.2246   839183   14.19%
   3454  1876       -0.2096    57       -0.1967       -0.2246   845619   14.19%
   3504  1976       -0.2027    46       -0.1967       -0.2246   858563   14.19%
Elapsed time = 91.23 sec. (88227.62 ticks, tree = 59.62 MB, solutions = 22)
   3601  2012       -0.2215    86       -0.1967       -0.2246   862122   14.19%
   3642  2097       -0.2220    85       -0.1967       -0.2246   890100   14.19%
   3723  2120       -0.2063    63       -0.1967       -0.2246   883180   14.19%
   3838  2198       -0.2081    59       -0.1967       -0.2246   899825   14.19%
   4017  2393       -0.2016    57       -0.1967       -0.2246   916010   14.19%
   4117  2416       -0.2246    81       -0.1967       -0.2246   918682   14.19%
   4198  2522       -0.2005    57       -0.1967       -0.2246   927332   14.19%
   4261  2543       -0.2246    81       -0.1967       -0.2246   946153   14.19%
   4299  2691       -0.2156    65       -0.1967       -0.2246   968030   14.19%
   4372  2670       -0.2230    83       -0.1967       -0.2246   969820   14.19%
Elapsed time = 101.28 sec. (98035.20 ticks, tree = 81.65 MB, solutions = 22)
   4482  2725       -0.2209    82       -0.1967       -0.2246   986690   14.19%
   4593  2856       -0.1987    46       -0.1967       -0.2246   991232   14.19%
   4682  3043       -0.2094    53       -0.1967       -0.2246  1020336   14.19%
   4811  3121       -0.1995    52       -0.1967       -0.2246  1023558   14.19%
   4970  3193       -0.2051    51       -0.1967       -0.2246  1036399   14.19%
   5141  3283       -0.2005    39       -0.1967       -0.2246  1039041   14.19%
   5292  3398       -0.2016    54       -0.1967       -0.2246  1055338   14.19%
   5398  3740       -0.2084    51       -0.1967       -0.2246  1076136   14.19%
   5540  3773       -0.2160    69       -0.1967       -0.2246  1085446   14.19%
   5687  3790       -0.2176    71       -0.1967       -0.2246  1092614   14.19%
Elapsed time = 110.61 sec. (107603.31 ticks, tree = 117.43 MB, solutions = 22)
   5783  3855       -0.2110    68       -0.1967       -0.2246  1099994   14.19%
   5892  4088       -0.2096    54       -0.1967       -0.2246  1116498   14.19%
   6015  4152       -0.2205    75       -0.1967       -0.2246  1123959   14.19%
   6114  4373       -0.2100    61       -0.1967       -0.2246  1147994   14.19%
   6283  4485       -0.2061    55       -0.1967       -0.2246  1156769   14.19%
   6414  4537       -0.1982    47       -0.1967       -0.2246  1159936   14.19%
   6528  4597       -0.2209    70       -0.1967       -0.2246  1170449   14.19%
   6620  4816       -0.2116    60       -0.1967       -0.2246  1190712   14.19%
   6766  4891       -0.2119    54       -0.1967       -0.2246  1196971   14.19%
   7312  5370       -0.2091    41       -0.1967       -0.2246  1241459   14.19%
Elapsed time = 122.69 sec. (120176.48 ticks, tree = 168.01 MB, solutions = 22)
   7757  5928       -0.2165    73       -0.1967       -0.2246  1304933   14.19%
   8288  6296       -0.2195    82       -0.1967       -0.2246  1342484   14.19%
   8908  6850       -0.2049    51       -0.1967       -0.2246  1404886   14.19%
   9472  7294       -0.2160    69       -0.1967       -0.2246  1450201   14.19%
  10046  7764       -0.2157    79       -0.1967       -0.2246  1497435   14.19%
  10712  8428       -0.1981    35       -0.1967       -0.2246  1549017   14.19%
  11168  8971       -0.2096    58       -0.1967       -0.2246  1612894   14.19%
  11813  9518       -0.2140    77       -0.1967       -0.2246  1667399   14.19%
  12394 10091       -0.2024    46       -0.1967       -0.2246  1713099   14.19%
  12903 10431       -0.1982    54       -0.1967       -0.2246  1754598   14.19%
Elapsed time = 160.03 sec. (158358.94 ticks, tree = 329.23 MB, solutions = 22)
  13393 11308       -0.2246    93       -0.1967       -0.2246  1856872   14.19%
  13936 11663       -0.2145    62       -0.1967       -0.2246  1886657   14.19%
  14562 12101       -0.2181    76       -0.1967       -0.2246  1943313   14.19%
  15306 12643       -0.2090    62       -0.1967       -0.2246  1988598   14.19%
  15699 13215       -0.2141    67       -0.1967       -0.2246  2046921   14.19%
  16154 13572       -0.1982    47       -0.1967       -0.2246  2097704   14.19%
  16696 14177       -0.2168    70       -0.1967       -0.2246  2160736   14.19%
  17186 14522       -0.2044    61       -0.1967       -0.2246  2196276   14.19%
  17555 15054       -0.2100    65       -0.1967       -0.2246  2280857   14.19%
  18072 15406       -0.2187    90       -0.1967       -0.2246  2334042   14.19%
Elapsed time = 198.33 sec. (196643.26 ticks, tree = 487.34 MB, solutions = 22)
  18445 15949       -0.2220    85       -0.1967       -0.2246  2404263   14.19%
  18945 16151       -0.2086    65       -0.1967       -0.2246  2433997   14.19%
  19494 16864       -0.2093    57       -0.1967       -0.2246  2526468   14.19%
  19955 17154       -0.2111    60       -0.1967       -0.2246  2560497   14.19%
* 20224+17537                           -0.1967       -0.2246            14.16%
* 20234+17537                           -0.1969       -0.2246            14.05%
  20608 17661       -0.1982    51       -0.1969       -0.2246  2624315   14.05%
  21036 18154       -0.2098    66       -0.1969       -0.2246  2662559   14.05%
  21412 18712       -0.2178    87       -0.1969       -0.2246  2742073   14.05%
  21962 19096       -0.1970    58       -0.1969       -0.2246  2782516   14.05%
  22500 19306       -0.1982    55       -0.1969       -0.2246  2800244   14.05%
  23041 19917       -0.2199    76       -0.1969       -0.2246  2873684   14.05%
Elapsed time = 231.77 sec. (234927.25 ticks, tree = 632.07 MB, solutions = 24)
  23535 20685       -0.2134    61       -0.1969       -0.2246  2944195   14.05%
  24032 21157       -0.2121    55       -0.1969       -0.2246  3001947   14.05%
  24493 21686       -0.2068    44       -0.1969       -0.2246  3062623   14.05%
* 24553+21442                           -0.1980       -0.2246            13.40%
  24736 21050       -0.2113    68       -0.1980       -0.2246  3083410   13.40%
  24966 21230       -0.2231    82       -0.1980       -0.2246  3111824   13.40%
  25225 21457       -0.2041    62       -0.1980       -0.2246  3141822   13.40%
* 25339+21285                           -0.1980       -0.2246            13.40%
  25468 21721       -0.2157    60       -0.1980       -0.2246  3173897   13.40%
  25753 22046       -0.2165    77       -0.1980       -0.2246  3213485   13.40%
  26026 22292       -0.2135    73       -0.1980       -0.2246  3244497   13.40%
  26312 22573       -0.2138    61       -0.1980       -0.2246  3274618   13.40%
Elapsed time = 264.84 sec. (273316.92 ticks, tree = 725.37 MB, solutions = 25)
  26601 22772       -0.2043    57       -0.1980       -0.2246  3298132   13.40%
  26940 23067       -0.2073    53       -0.1980       -0.2246  3326065   13.40%
  27233 23333       -0.2146    69       -0.1980       -0.2246  3356780   13.40%
  27663 23858       -0.1982    32       -0.1980       -0.2246  3389344   13.40%
  27860 24043       -0.2153    73       -0.1980       -0.2246  3408664   13.40%
  28091 24210       -0.2246    85       -0.1980       -0.2246  3438746   13.40%
  28366 24437       -0.2090    59       -0.1980       -0.2246  3463576   13.40%
  28622 24750       -0.2061    61       -0.1980       -0.2246  3489188   13.40%
  28861 24970       -0.2152    73       -0.1980       -0.2246  3518135   13.40%
  29106 25150       -0.2179    79       -0.1980       -0.2246  3541222   13.40%
Elapsed time = 301.20 sec. (311607.31 ticks, tree = 808.64 MB, solutions = 25)
  29363 25452       -0.2013    51       -0.1980       -0.2246  3570026   13.40%
  29711 25697       -0.2145    59       -0.1980       -0.2246  3594238   13.40%
  30012 26023       -0.2121    57       -0.1980       -0.2246  3621809   13.40%
  30454 26377       -0.2055    68       -0.1980       -0.2246  3662430   13.40%
  30967 26593       -0.2182    82       -0.1980       -0.2246  3700949   13.40%
  31464 27089       -0.2232    88       -0.1980       -0.2246  3742730   13.40%
  32098 27535       -0.2173    63       -0.1980       -0.2246  3803270   13.40%
  32736 28332       -0.2246    79       -0.1980       -0.2246  3886731   13.40%
  33348 28695       -0.2246    89       -0.1980       -0.2246  3925671   13.40%
  33924 29131       -0.2075    43       -0.1980       -0.2246  3966298   13.40%
Elapsed time = 335.95 sec. (349835.24 ticks, tree = 929.51 MB, solutions = 27)
  34420 29856       -0.2200    79       -0.1980       -0.2246  4048644   13.40%
  34881 30425       -0.2008    55       -0.1980       -0.2246  4124818   13.40%
  35162 30924       -0.2203    71       -0.1980       -0.2246  4199113   13.40%
  35708 31135       -0.2100    63       -0.1980       -0.2246  4219702   13.40%
  36202 31449       -0.2146    65       -0.1980       -0.2246  4263190   13.40%
  36693 32221       -0.2139    66       -0.1980       -0.2246  4347732   13.40%
  37311 32822       -0.2216    75       -0.1980       -0.2246  4420294   13.40%
  37960 33113       -0.2095    74       -0.1980       -0.2246  4444961   13.40%
  38468 33922       -0.2045    47       -0.1980       -0.2246  4526139   13.40%
  39004 34245       -0.2185    95       -0.1980       -0.2246  4575364   13.40%
Elapsed time = 370.08 sec. (388115.11 ticks, tree = 1058.27 MB, solutions = 27)
  39540 34743       -0.2246    78       -0.1980       -0.2246  4624214   13.40%
  39995 35502       -0.2125    73       -0.1980       -0.2246  4715868   13.40%
  40519 35699       -0.2246    86       -0.1980       -0.2246  4755108   13.40%
  41069 36322       -0.2160    64       -0.1980       -0.2246  4816522   13.40%
  41516 36750       -0.2197    79       -0.1980       -0.2246  4883111   13.40%
  42050 37387       -0.2097    48       -0.1980       -0.2246  4973977   13.40%
  42693 37593       -0.2244    78       -0.1980       -0.2246  4988664   13.40%
  43346 38341       -0.2246    78       -0.1980       -0.2246  5079825   13.40%
  44004 38885       -0.1982    42       -0.1980       -0.2246  5122472   13.40%
  44464 39724       -0.2129    56       -0.1980       -0.2246  5198459   13.40%
Elapsed time = 404.80 sec. (426317.17 ticks, tree = 1234.87 MB, solutions = 27)
  45084 40082       -0.2162    78       -0.1980       -0.2246  5239585   13.40%
  45696 40780       -0.2215    93       -0.1980       -0.2246  5298229   13.40%
  46133 41166       -0.2057    65       -0.1980       -0.2246  5354265   13.40%
  46687 41673       -0.2176    90       -0.1980       -0.2246  5421349   13.40%
  47043 42238       -0.2241   102       -0.1980       -0.2246  5480498   13.40%
  47599 42510       -0.1997    41       -0.1980       -0.2246  5529617   13.40%
  48190 42914       -0.2193    79       -0.1980       -0.2246  5582747   13.40%
  48809 43557       -0.2246    80       -0.1980       -0.2246  5644643   13.40%
  49428 44257       -0.2140    64       -0.1980       -0.2246  5717615   13.40%
  49951 44785       -0.2135    63       -0.1980       -0.2246  5780335   13.40%
Elapsed time = 439.25 sec. (464628.84 ticks, tree = 1398.05 MB, solutions = 27)
  50639 45344       -0.2071    55       -0.1980       -0.2246  5827123   13.40%
  51442 46162       -0.2232    79       -0.1980       -0.2246  5902134   13.40%
  52271 46421       -0.2023    51       -0.1980       -0.2246  5928355   13.40%
  52958 47217       -0.1987    52       -0.1980       -0.2246  5983128   13.40%
  53659 47984       -0.2185    83       -0.1980       -0.2246  6052179   13.40%
  54268 48935       -0.2038    40       -0.1980       -0.2246  6131678   13.40%
  54957 49440       -0.2042    53       -0.1980       -0.2246  6174906   13.40%
  55555 50203       -0.2045    47       -0.1980       -0.2246  6243411   13.40%
  56205 50607       -0.2091    54       -0.1980       -0.2246  6277133   13.40%
  56742 51018       -0.2246    96       -0.1980       -0.2246  6328512   13.40%
Elapsed time = 474.05 sec. (502857.43 ticks, tree = 1599.36 MB, solutions = 27)
  57215 51387       -0.2089    63       -0.1980       -0.2246  6379247   13.40%
  57612 52107       -0.2123    61       -0.1980       -0.2246  6454034   13.40%
  58180 52405       -0.2162    70       -0.1980       -0.2246  6500018   13.40%
  58722 53008       -0.2215    90       -0.1980       -0.2246  6560916   13.40%
  59181 53714       -0.2158    87       -0.1980       -0.2246  6667074   13.40%
  59870 53976       -0.2137    75       -0.1980       -0.2246  6695707   13.40%
  60388 54782       -0.2106    69       -0.1980       -0.2246  6789794   13.40%
  60874 54978       -0.2029    54       -0.1980       -0.2246  6821402   13.40%
  61332 55511       -0.2246    81       -0.1980       -0.2246  6894143   13.40%
  61800 55863       -0.2064    70       -0.1980       -0.2246  6945413   13.40%
Elapsed time = 508.61 sec. (541096.40 ticks, tree = 1755.77 MB, solutions = 27)
  62570 56697       -0.2184    67       -0.1980       -0.2246  7059682   13.40%
  63215 57166       -0.2230    74       -0.1980       -0.2246  7109481   13.40%
  63780 57868       -0.2122    56       -0.1980       -0.2246  7197178   13.40%
  64164 58406       -0.2091    47       -0.1980       -0.2246  7268312   13.40%
  64610 58717       -0.2122    51       -0.1980       -0.2246  7312845   13.40%
  65239 59168       -0.1998    36       -0.1980       -0.2246  7374731   13.40%
  65819 59541       -0.2044    52       -0.1980       -0.2246  7421766   13.40%
  66288 60189       -0.2168    65       -0.1980       -0.2246  7511648   13.40%
  66869 60808       -0.2106    57       -0.1980       -0.2246  7601379   13.40%
  67383 61130       -0.2101    47       -0.1980       -0.2246  7638112   13.40%
Elapsed time = 542.02 sec. (579331.59 ticks, tree = 1925.63 MB, solutions = 27)
  67783 61689       -0.2097    50       -0.1980       -0.2246  7715111   13.40%
  68197 62191       -0.2060    58       -0.1980       -0.2246  7782105   13.40%
  68573 62484       -0.2168    73       -0.1980       -0.2246  7821805   13.40%
  69072 62749       -0.1998    51       -0.1980       -0.2246  7850382   13.40%
  69573 63329       -0.2106    69       -0.1980       -0.2246  7922435   13.40%
  70087 63924        cutoff             -0.1980       -0.2246  7998762   13.40%
  70595 64156       -0.2038    41       -0.1980       -0.2246  8026132   13.40%
  71049 64701       -0.1982    54       -0.1980       -0.2246  8097266   13.40%
  71412 64961       -0.2000    33       -0.1980       -0.2246  8137845   13.40%
  71810 65467       -0.2153    59       -0.1980       -0.2246  8200974   13.40%
Elapsed time = 575.16 sec. (617663.62 ticks, tree = 2065.68 MB, solutions = 27)
Nodefile size = 12.63 MB (8.77 MB after compression)
  72220 65765       -0.2199    84       -0.1980       -0.2246  8247388   13.40%
  72675 66265       -0.2075    61       -0.1980       -0.2246  8304344   13.40%
  73113 66537       -0.2153    78       -0.1980       -0.2246  8339997   13.40%
  73454 66956       -0.2236    78       -0.1980       -0.2246  8392013   13.40%
  73841 67261       -0.2246    89       -0.1980       -0.2246  8432266   13.40%
  74152 67667       -0.2109    61       -0.1980       -0.2246  8480805   13.40%
  74628 68119       -0.2091    55       -0.1980       -0.2246  8536448   13.40%

Mixed integer rounding cuts applied:  12
Gomory fractional cuts applied:  1

Root node processing (before b&c):
  Real time             =   10.09 sec. (9524.07 ticks)
Parallel b&c, 4 threads:
  Real time             =  590.42 sec. (636663.90 ticks)
  Sync time (average)   =   22.11 sec.
  Wait time (average)   =    0.00 sec.
                          ------------
Total (root+branch&cut) =  600.52 sec. (646187.97 ticks)
