Version identifier: 22.2.0.0 | 2026-05-04 | 5dff98e58
CPXPARAM_Read_DataCheck                          1
CPXPARAM_Threads                                 4
CPXPARAM_Parallel                                1
CPXPARAM_RandomSeed                              20260925
CPXPARAM_MIP_Strategy_Search                     1
CPXPARAM_Simplex_Tolerances_Optimality           1.0000000000000001e-09
CPXPARAM_Simplex_Tolerances_Feasibility          1.0000000000000001e-09
CPXPARAM_TimeLimit                               600
CPXPARAM_MIP_Tolerances_AbsMIPGap                1.0000000000000001e-09
CPXPARAM_MIP_Tolerances_Integrality              1.0000000000000001e-09
Legacy callback                                  iLUD
Lazy constraint(s) or lazy constraint/branch callback is present.
    Disabling dual reductions (CPX_PARAM_REDUCE) in presolve.
    Disabling presolve reductions that prevent crushing forms (CPX_PARAM_PREREFORM).
         Disabling repeat represolve because of lazy constraint/incumbent callback.
Warning: Effort level 'CheckFeas' is incompatible with lazy constraint/incumbent callback.
         Effort level increased to 'SolveFixed'.
1 of 1 MIP starts provided solutions.
MIP start 'm1' defined initial solution with objective 0.0338.
Tried aggregator 1 time.
MIP Presolve eliminated 1957 rows and 0 columns.
MIP Presolve modified 5680 coefficients.
Reduced MIP has 2659 rows, 3524 columns, and 78609 nonzeros.
Reduced MIP has 1746 binaries, 0 generals, 0 SOSs, and 0 indicators.
Presolve time = 0.03 sec. (42.52 ticks)
Probing time = 0.02 sec. (1.24 ticks)
MIP emphasis: balance optimality and feasibility.
MIP search method: traditional branch-and-cut.
Parallel mode: deterministic, using up to 4 threads.
Root relaxation solution time = 0.05 sec. (69.38 ticks)

        Nodes                                         Cuts/
   Node  Left     Objective  IInf  Best Integer    Best Bound    ItCnt     Gap         Variable B NodeID Parent  Depth

*     0+    0                            0.0338        0.0000           100.00%
      0     0        0.0301    50        0.0338        0.0301     1192   11.10%
*     0+    0                            0.0316        0.0301             4.82%
*     0+    0                            0.0316        0.0301             4.68%
      0     0  -1.00000e+75     0        0.0316        0.0301     1192    4.68%
      0     2        0.0301    50        0.0316        0.0301     1192    4.68%                        0             0
Elapsed time = 0.62 sec. (618.85 ticks, tree = 0.02 MB, solutions = 3)
*     3+    1                            0.0314        0.0301             4.07%
      8     9        0.0304    34        0.0314        0.0301     2032    4.05%           x1372 D     11      7      3
*     9+    3                            0.0314        0.0301             4.05%
     62    48        0.0308    10        0.0314        0.0302     5198    3.70%           x1556 D     51     47     11
    143    93        0.0314    20        0.0314        0.0302     7910    3.70%           x1550 U    167    155     29
    243   145        0.0307    18        0.0314        0.0303    10531    3.45%           x1545 U    201    197     14
*   353+  208                            0.0313        0.0303             3.19%
    353   221        0.0312    14        0.0313        0.0303    14542    3.19%           x1542 U    386    378     26
    489   277        0.0306    30        0.0313        0.0304    17705    3.04%            x239 U    532    528      8
    621   418        0.0309    19        0.0313        0.0304    23833    2.90%            x239 U    557    553     13
*   671+  409                            0.0312        0.0304             2.72%
    712   466        cutoff              0.0312        0.0304    28434    2.72%           x1545 D    768    764     22
    821   528        0.0308    26        0.0312        0.0304    31722    2.61%           x1546 D    856    852     17
   1287   872        0.0312    17        0.0312        0.0305    51090    2.55%           x1543 U   1259   1255     28
Elapsed time = 5.48 sec. (3778.65 ticks, tree = 1.44 MB, solutions = 8)
   1754  1206        0.0306    35        0.0312        0.0305    77011    2.52%           x1551 U   1900   1896     15
   2382  1613        0.0309    18        0.0312        0.0305   101261    2.38%           x1554 D   2238   2234     22
   2986  2068        0.0308    18        0.0312        0.0305   132641    2.36%           x1547 D   2874   2870     16
   3646  2552        0.0312     9        0.0312        0.0305   161164    2.33%           x1368 D   3593   3589     33
   4272  2938        0.0309    21        0.0312        0.0305   181530    2.32%           x1556 U   4145   4141     21
   4934  3439        0.0306    26        0.0312        0.0305   208125    2.30%           x1404 D   5248   5244     12
   5627  4007        0.0307    22        0.0312        0.0305   240046    2.25%           x1541 U   5581   5577     14
   6229  4387        0.0308    29        0.0312        0.0305   261273    2.24%            x239 U   5990   5986     12
   6848  4819        0.0311     7        0.0312        0.0306   285992    2.23%           x1561 U   6614   6610     35
   7446  5316        0.0307    17        0.0312        0.0306   318650    2.19%             x53 D   7764   7760     17
Elapsed time = 22.16 sec. (13328.72 ticks, tree = 8.31 MB, solutions = 8)
   8106  5636        cutoff              0.0312        0.0306   339056    2.19%           x1540 D   8299   8295     27
   8783  6172        0.0310    12        0.0312        0.0306   370889    2.17%           x1541 U   8919   8915     32
   9438  6583        0.0312    12        0.0312        0.0306   394951    2.16%           x1547 U   9700   9692     22
  10093  6929        0.0308    28        0.0312        0.0306   415057    2.14%           x1375 U  10407  10403     14
  10734  7433        0.0307    21        0.0312        0.0306   449753    2.14%           x1540 D  10277  10273     16
  11453  7911        0.0311    20        0.0312        0.0306   479311    2.13%           x1364 D  11046  11038     22
  12050  8198        0.0308    17        0.0312        0.0306   499309    2.12%           x1398 D  12443  12439     18
  12762  8681        0.0307    21        0.0312        0.0306   530904    2.10%           x1548 D  12984  12980     20
  13403  9171        0.0307    29        0.0312        0.0306   558708    2.09%            x238 U  13560  13556     14
  14131  9611        0.0310    20        0.0312        0.0306   581617    2.07%           x1372 U  13785  13781     28
Elapsed time = 38.56 sec. (22871.91 ticks, tree = 15.42 MB, solutions = 8)
  14812 10146        0.0307    10        0.0312        0.0306   612603    2.07%           x1553 D  14497  14493     20
  15446 10488        0.0308    20        0.0312        0.0306   635494    2.06%           x1230 D  15358  15354     22
  16065 10940        0.0312     7        0.0312        0.0306   667161    2.05%           x1555 U  15441  15437     32
  16723 11281        0.0307    25        0.0312        0.0306   687629    2.05%           x1540 U  16690  16682     18
  17460 11780        0.0307    21        0.0312        0.0306   713590    2.04%           x1563 D  17808  17804     10
  18076 12157        0.0310    19        0.0312        0.0306   729235    2.04%           x1560 D  18424  18420     17
  18678 12644        0.0311    22        0.0312        0.0306   751642    2.03%           x1254 D  19087  19083     23
  19199 12929        0.0309    20        0.0312        0.0306   768125    2.03%             x53 D  19507  19503     20
  19759 13368        0.0312     8        0.0312        0.0306   794405    2.02%           x1377 U  19173  19169     29
  20337 13663        0.0312     6        0.0312        0.0306   819046    2.02%            x659 D  19781  19777     38
Elapsed time = 55.08 sec. (32423.19 ticks, tree = 33.48 MB, solutions = 8)
  21039 14263        0.0308    15        0.0312        0.0306   857793    2.01%           x1550 D  20393  20389     18
  21681 14566        cutoff              0.0312        0.0306   871658    2.01%           x1552 D  22071  22067     37
  22255 15032        0.0307    21        0.0312        0.0306   904757    2.01%           x1238 U  21605   2418     13
  22855 15436        0.0311    15        0.0312        0.0306   932545    2.00%           x1552 U  22618  22614     33
  23428 15840        0.0307    21        0.0312        0.0306   960858    2.00%           x1367 D  23751  23747     16
  23969 16289        0.0307    19        0.0312        0.0306   990185    1.99%           x1547 D  23461  23457     19
  24552 16525        0.0309    19        0.0312        0.0306  1003202    1.99%           x1363 U  24899  24895     19
  25201 16951        0.0309    24        0.0312        0.0306  1026414    1.99%             x49 D  25712  25708     16
  25914 17551        cutoff              0.0312        0.0306  1061762    1.98%           x1230 U  26283  26279     31
  26599 17868        0.0307    26        0.0312        0.0306  1077966    1.98%           x1546 D  26206  26202     17
Elapsed time = 71.86 sec. (41977.16 ticks, tree = 40.16 MB, solutions = 8)
  27191 18379        0.0310    17        0.0312        0.0306  1108232    1.98%           x1561 D  27888  27884     26
  27836 18570        0.0308    17        0.0312        0.0306  1122502    1.98%           x1375 U  27390  27386     17
  28486 19296        0.0312    11        0.0312        0.0306  1160218    1.97%           x1266 D  28006  27994     30
  29105 19688        0.0308    18        0.0312        0.0306  1181582    1.97%           x1546 U  28650  28642     11
  29714 20072        cutoff              0.0312        0.0306  1202903    1.97%           x1370 D  29246  29242     28
  30334 20439        0.0308    17        0.0312        0.0306  1221541    1.96%           x1238 U  29753  29741     17
  30885 20984        cutoff              0.0312        0.0306  1255919    1.96%           x1544 U  31740  31736     30
  31456 21182        cutoff              0.0312        0.0306  1269620    1.96%             x48 U  30994  30986     23
  31981 21678        0.0308    12        0.0312        0.0306  1305316    1.96%           x1540 U  31241  31237     21
  32538 21989        0.0307    25        0.0312        0.0306  1330472    1.95%           x1401 D  32010  32006     17
Elapsed time = 88.23 sec. (51534.81 ticks, tree = 46.39 MB, solutions = 8)
  33105 22383        0.0309    25        0.0312        0.0306  1357496    1.95%           x1376 U  33263  33255     20
  33618 22610        0.0309    14        0.0312        0.0306  1373020    1.95%           x1376 U  33061  33057     20
  34181 22952        0.0307    23        0.0312        0.0306  1404519    1.94%           x1549 D  34431  16915     14
  34768 23392        0.0308    19        0.0312        0.0306  1436279    1.94%           x1360 U  34197  34193     17
  35434 23616        0.0310    23        0.0312        0.0306  1449624    1.94%           x1371 U  35755  35751     22
  35909 23954        0.0309    28        0.0312        0.0306  1466950    1.93%           x1365 D  35522  35518     16
  36589 24541        0.0307    19        0.0312        0.0306  1502286    1.93%           x1563 U  36154  35271     10
  37240 25071        0.0309     7        0.0312        0.0306  1527689    1.92%             x53 D  37263  37259     25
  37880 25237        0.0307    19        0.0312        0.0306  1537874    1.92%           x1398 U  38564  38560     13
  38446 25780        0.0308    23        0.0312        0.0306  1567246    1.92%           x1366 U  38050  38046     22
Elapsed time = 104.22 sec. (61080.54 ticks, tree = 52.41 MB, solutions = 8)
  39034 26263        0.0311    11        0.0312        0.0307  1597333    1.91%           x1557 U  39800  39796     29
  39667 26670        0.0308    27        0.0312        0.0307  1619558    1.91%           x1369 U  40496  40492     16
  40257 27062        cutoff              0.0312        0.0307  1642163    1.91%           x1401 U  41100  41096     25
  40892 27350        0.0308    26        0.0312        0.0307  1654794    1.91%           x1238 D  40626  40622     20
  41583 27836        0.0311    13        0.0312        0.0307  1677558    1.90%           x1549 U  41383  41379     24
  42168 28384        0.0307    31        0.0312        0.0307  1709045    1.90%           x1550 U  41657  41569     15
  42829 28609        0.0307    22        0.0312        0.0307  1723257    1.90%           x1555 U  42627  42623     24
  43440 29184        0.0310    25        0.0312        0.0307  1754489    1.89%           x1233 U  42997  42993     23
  43960 29500        0.0310    14        0.0312        0.0307  1777532    1.89%           x1554 U  43497  43493     17
  44506 29947        0.0307    26        0.0312        0.0307  1804859    1.89%           x1545 D  44199    236     13
Elapsed time = 119.97 sec. (70627.30 ticks, tree = 58.73 MB, solutions = 8)
  45089 30307        0.0309    19        0.0312        0.0307  1827645    1.89%           x1230 D  44783  44775     20
  45702 30690        0.0312    13        0.0312        0.0307  1849655    1.89%           x1389 D  45359  45355     31
  46331 31126        0.0310    18        0.0312        0.0307  1871114    1.88%           x1232 D  46111  46107     24
  46985 31583        0.0308    24        0.0312        0.0307  1897955    1.88%           x1233 D  47636  47632     20
  47605 31921        0.0310    17        0.0312        0.0307  1918541    1.88%           x1233 D  47367  47363     25
  48216 32405        0.0308     9        0.0312        0.0307  1944456    1.88%           x1552 U  48872  48868     23
  48787 32785        0.0307    28        0.0312        0.0307  1965968    1.87%           x1546 D  49564  49560     19
  49315 33036        cutoff              0.0312        0.0307  1981651    1.87%           x1561 U  49166  49162     21
  49913 33491        cutoff              0.0312        0.0307  2016490    1.87%           x1269 U  50712  50704     31
  50503 33870        0.0312     6        0.0312        0.0307  2039294    1.87%            x592 U  51340  51336     41
Elapsed time = 135.84 sec. (80175.97 ticks, tree = 65.59 MB, solutions = 8)
  51079 34127        cutoff              0.0312        0.0307  2058594    1.86%           x1549 D  50339  50335     24
  51589 34788        0.0309    18        0.0312        0.0307  2099764    1.86%            x239 U  51007  50999     19
  52122 35031        0.0307    32        0.0312        0.0307  2116483    1.86%           x1236 D  52972  51800     14
  52668 35253        0.0307    23        0.0312        0.0307  2135206    1.86%           x1401 D  52573  52569     21
  53180 35769        0.0312    11        0.0312        0.0307  2170772    1.86%           x1401 U  52575  52571     28
  53729 36100        0.0308    27        0.0312        0.0307  2194130    1.85%           x1239 U  53127  53123     19
  54296 36403        cutoff              0.0312        0.0307  2213858    1.85%           x1548 D  54042  54038     19
  54841 36734        cutoff              0.0312        0.0307  2235691    1.85%           x1557 D  55828  55820     40
  55410 37101        0.0309    12        0.0312        0.0307  2259912    1.85%            x234 U  56340  56336     22
  58128 39115        0.0308     9        0.0312        0.0307  2369437    1.84%           x1549 U  58988  58984     17
Elapsed time = 156.95 sec. (92589.34 ticks, tree = 73.75 MB, solutions = 8)
  60671 40758        0.0310    24        0.0312        0.0307  2460113    1.83%           x1547 D  60681  60677     21
  63026 42157        0.0309    21        0.0312        0.0307  2554993    1.83%            x233 D  62371  62367     15
  65139 43641        cutoff              0.0312        0.0307  2661206    1.82%           x1550 D  65848  65844     22
  67565 45142        0.0312     4        0.0312        0.0307  2750129    1.82%           x1242 D  67107  67103     35
  69839 46506        cutoff              0.0312        0.0307  2839177    1.81%           x1555 D  70564  70560     27
  72133 48000        0.0307    25        0.0312        0.0307  2934509    1.81%           x1548 U  72253   2854     12
  74490 49716        0.0308    11        0.0312        0.0307  3038988    1.80%           x1565 U  75184  75180     14
  76666 51073        0.0309    25        0.0312        0.0307  3130351    1.79%           x1551 D  76463  76459     23
  79063 52541        0.0311    13        0.0312        0.0307  3224588    1.79%           x1392 D  78606  78602     28
  81199 54034        0.0312    12        0.0312        0.0307  3336568    1.79%           x1540 U  81117  81113     37
Elapsed time = 220.78 sec. (130747.11 ticks, tree = 96.25 MB, solutions = 8)
  83329 55132        0.0310    15        0.0312        0.0307  3417799    1.78%           x1230 D  83289  83285     25
  85573 56780        0.0308    17        0.0312        0.0307  3522261    1.78%            x912 U  86468  86464     19
  87739 58004        0.0309    17        0.0312        0.0307  3607429    1.77%           x1545 D  87370  87366     24
  89882 59287        cutoff              0.0312        0.0307  3694142    1.77%            x912 D  89175  48216     15
  92081 61056        cutoff              0.0312        0.0307  3802571    1.76%            x233 D  92305  92301     22
  94201 62272        0.0311    18        0.0312        0.0307  3883781    1.76%           x1541 U  94581  94577     23
  96292 63708        0.0312     3        0.0312        0.0307  3982168    1.75%           x1233 D  95611  95607     34
  98524 65220        0.0312     6        0.0312        0.0307  4077171    1.75%             x48 D  99220  99216     33
 100667 66587        0.0310     9        0.0312        0.0307  4170189    1.75%           x1401 D 100343 100339     33
 102910 67927        0.0311     8        0.0312        0.0307  4254991    1.74%           x1239 D 102663 102659     31
Elapsed time = 281.69 sec. (168903.61 ticks, tree = 122.08 MB, solutions = 8)
 105285 69643        0.0308    17        0.0312        0.0307  4354189    1.74%           x1363 U 104522 104514     20
 107588 71028        0.0312    21        0.0312        0.0307  4434102    1.73%           x1227 U 107904 107900     31
 109769 72670        0.0308    22        0.0312        0.0307  4540557    1.73%           x1546 D 110200 110192     18
 111881 73983        0.0309    15        0.0312        0.0307  4621246    1.73%           x1365 D 112285 112281     20
 113817 75139        0.0311    14        0.0312        0.0307  4705462    1.72%           x1257 D 114537 114533     32
 115940 76650        cutoff              0.0312        0.0307  4813229    1.72%           x1542 D 116673 116661     24
 118049 78029        cutoff              0.0312        0.0307  4903355    1.72%             x48 U 118316 118304     28
 120195 79191        0.0312    27        0.0312        0.0307  4976499    1.72%           x1242 U 119402 119398     30
 122032 80305        cutoff              0.0312        0.0307  5060192    1.71%           x1375 U 121182 121174     30
 124065 81702        cutoff              0.0312        0.0307  5161440    1.71%           x1553 U 124893 124889     37
Elapsed time = 342.22 sec. (207064.92 ticks, tree = 142.97 MB, solutions = 8)
 126062 83014        0.0310    11        0.0312        0.0307  5257958    1.71%           x1239 D 125611 125603     23
 128017 84149        0.0309    25        0.0312        0.0307  5345440    1.70%           x1551 U 126966 126962     20
 129902 85267        0.0308    15        0.0312        0.0307  5432142    1.70%            x234 U 130840 130588     19
 132021 86582        0.0310    23        0.0312        0.0307  5524473    1.70%           x1373 D 130902 130894     23
 134024 87895        0.0312    13        0.0312        0.0307  5616228    1.69%           x1553 U 132982 132978     31
 136041 89395        0.0310    15        0.0312        0.0307  5711417    1.69%           x1404 U 135659 135651     19
 137917 90624        0.0309    20        0.0312        0.0307  5799625    1.69%           x1540 D 137491 137487     21
 139750 91733        0.0309    26        0.0312        0.0307  5881768    1.68%           x1229 U 138878 138874     16
 141785 92638        0.0311    16        0.0312        0.0307  5945371    1.68%           x1370 D 140862 140850     28
 143620 94056        0.0312    10        0.0312        0.0307  6047077    1.68%           x1360 U 144109 144101     35
Elapsed time = 401.97 sec. (245223.82 ticks, tree = 161.77 MB, solutions = 8)
 145675 95162        0.0308    14        0.0312        0.0307  6120964    1.68%            x234 D 144842 144834     17
 147870 96800        cutoff              0.0312        0.0307  6219472    1.67%           x1269 U 147299 147291     45
 149977 98091        cutoff              0.0312        0.0307  6306197    1.67%           x1564 D 149174 149166     36
 151810 99229        0.0311     5        0.0312        0.0307  6388704    1.67%           x1565 U 152233 152229     25
 153625 100333        0.0312     5        0.0312        0.0307  6476184    1.67%           x1236 D 153155 153151     47
 155679 101781        0.0311     9        0.0312        0.0307  6577991    1.67%           x1544 U 156253 156249     32
 157391 102821        cutoff              0.0312        0.0307  6667642    1.66%           x1553 D 157243 157235     30
 159400 104018        cutoff              0.0312        0.0307  6762669    1.66%           x1554 U 159343 159335     35
 161236 104770        0.0309    20        0.0312        0.0307  6825335    1.66%           x1542 D 160390 160386     17
 163310 106247        0.0312    10        0.0312        0.0307  6933973    1.66%           x1546 U 163653 163649     31
Elapsed time = 459.36 sec. (283385.97 ticks, tree = 180.55 MB, solutions = 8)
 165178 107216        cutoff              0.0312        0.0307  7008893    1.65%           x1545 U 165412 165408     22
 167131 108349        cutoff              0.0312        0.0307  7089870    1.65%           x1566 D 167411 167407     35
 169093 109801        0.0310    19        0.0312        0.0307  7191499    1.65%            x591 D 169349 169345     25
 171168 111001        0.0307    24        0.0312        0.0307  7269456    1.64%           x1541 U 171528 120901     15
 173195 112365        0.0308    22        0.0312        0.0307  7362009    1.64%           x1373 D 173460 173456     19
 175318 113563        0.0310    14        0.0312        0.0307  7435717    1.64%           x1544 U 174466 174462     25
 177361 114587        cutoff              0.0312        0.0307  7504894    1.64%            x591 U 176490 176482     23
 179275 116134        0.0310     9        0.0312        0.0307  7610871    1.63%           x1547 U 179559 179555     32
 181417 117732        0.0309    14        0.0312        0.0307  7706675    1.63%           x1541 U 181787 181779     21
 183320 118833        cutoff              0.0312        0.0307  7784793    1.63%           x1551 U 183601 183597     26
Elapsed time = 517.69 sec. (321546.19 ticks, tree = 199.92 MB, solutions = 8)
 185233 119987        cutoff              0.0312        0.0307  7865571    1.62%           x1553 U 184310 184306     29
 187155 121065        0.0309    14        0.0312        0.0307  7935895    1.62%           x1370 D 186202 186194     29
 188971 122284        0.0311    11        0.0312        0.0307  8029384    1.62%            x234 D 189096 189092     25
 191004 123422        cutoff              0.0312        0.0307  8104003    1.62%           x1360 U 189910 189906     28
 192129 124333        0.0310    20        0.0312        0.0307  8170314    1.62%           x1542 U 192493 192489     26
 193015 124982        0.0309    20        0.0312        0.0307  8213847    1.62%           x1548 U 192716 192712     19
 193935 125431        0.0311    18        0.0312        0.0307  8246368    1.62%           x1541 D 193789 193785     19
 194444 125814        0.0312     8        0.0312        0.0307  8270608    1.62%           x1561 U 194536 194532     32
 194962 126111        0.0310    14        0.0312        0.0307  8293635    1.61%           x1548 U 195048 195044     23
 195602 126537        0.0309    18        0.0312        0.0307  8323527    1.61%           x1548 U 196131 196127     15
Elapsed time = 564.39 sec. (359715.21 ticks, tree = 211.76 MB, solutions = 8)
 196341 127029        cutoff              0.0312        0.0307  8365171    1.61%           x1545 D 196565 196561     30
 196900 127121        0.0311    12        0.0312        0.0307  8373207    1.61%           x1369 U 197201 197193     25
 197733 127768        cutoff              0.0312        0.0307  8424922    1.61%           x1269 D 197334 197330     39
 198400 127880        0.0310    23        0.0312        0.0307  8436783    1.61%           x1238 D 197200 197196     20
 199194 128514        0.0312    11        0.0312        0.0307  8486577    1.61%           x1401 D 197976 197972     29
 199704 128815        0.0311     4        0.0312        0.0307  8507772    1.61%           x1368 U 200417 200409     27
 200499 129399        0.0311    22        0.0312        0.0307  8544091    1.61%           x1555 U 201999 201995     31
 201525 129791        0.0311    32        0.0312        0.0307  8569068    1.61%           x1225 U 199848 199844     26

Cover cuts applied:  3
User cuts applied:  319

Root node processing (before b&c):
  Real time             =    0.61 sec. (616.38 ticks)
Parallel b&c, 4 threads:
  Real time             =  599.41 sec. (393113.01 ticks)
  Sync time (average)   =   29.74 sec.
  Wait time (average)   =    0.00 sec.
                          ------------
Total (root+branch&cut) =  600.02 sec. (393729.40 ticks)
