Version identifier: 22.2.0.0 | 2026-05-04 | 5dff98e58
CPXPARAM_Read_DataCheck                          1
CPXPARAM_Threads                                 4
CPXPARAM_Parallel                                1
CPXPARAM_RandomSeed                              20260925
CPXPARAM_MIP_Strategy_Search                     1
CPXPARAM_Simplex_Tolerances_Optimality           1.0000000000000001e-09
CPXPARAM_Simplex_Tolerances_Feasibility          1.0000000000000001e-09
CPXPARAM_TimeLimit                               600
CPXPARAM_MIP_Tolerances_AbsMIPGap                1.0000000000000001e-09
CPXPARAM_MIP_Tolerances_Integrality              1.0000000000000001e-09
Legacy callback                                  iLUD
Lazy constraint(s) or lazy constraint/branch callback is present.
    Disabling dual reductions (CPX_PARAM_REDUCE) in presolve.
    Disabling presolve reductions that prevent crushing forms (CPX_PARAM_PREREFORM).
         Disabling repeat represolve because of lazy constraint/incumbent callback.
Warning: Effort level 'CheckFeas' is incompatible with lazy constraint/incumbent callback.
         Effort level increased to 'SolveFixed'.
1 of 1 MIP starts provided solutions.
MIP start 'm1' defined initial solution with objective 0.0623.
Tried aggregator 1 time.
MIP Presolve eliminated 3106 rows and 0 columns.
Reduced MIP has 1469 rows, 2432 columns, and 13759 nonzeros.
Reduced MIP has 1200 binaries, 0 generals, 0 SOSs, and 0 indicators.
Presolve time = 0.02 sec. (11.36 ticks)
Probing time = 0.00 sec. (0.24 ticks)
MIP emphasis: balance optimality and feasibility.
MIP search method: traditional branch-and-cut.
Parallel mode: deterministic, using up to 4 threads.
Root relaxation solution time = 0.03 sec. (31.61 ticks)

        Nodes                                         Cuts/
   Node  Left     Objective  IInf  Best Integer    Best Bound    ItCnt     Gap         Variable B NodeID Parent  Depth

*     0+    0                            0.0623        0.0000           100.00%
      0     0        0.0522    10        0.0623        0.0522     1011   16.17%
      0     0        0.0522    12        0.0623     Covers: 1     1015   16.17%
      0     0        0.0522    12        0.0623 UserPurge1: 1     1022   16.17%
      0     0        0.0522    12        0.0623 UserPurge1: 1     1023   16.17%
      0     0        0.0522    12        0.0623 UserPurge1: 1     1029   16.17%
      0     0        0.0522    14        0.0623 UserPurge1: 1     1031   16.17%
*     0+    0                            0.0567        0.0522             7.88%
      0     0  -1.00000e+75     0        0.0567        0.0522     1031    7.88%
      0     2        0.0522    12        0.0567        0.0522     1031    7.88%                        0             0
Elapsed time = 0.55 sec. (251.69 ticks, tree = 0.02 MB, solutions = 2)
*     8+    2                            0.0566        0.0522             7.84%
*     9+    1                            0.0566        0.0522             7.84%
*    44+   23                            0.0553        0.0522             5.52%
*   123    39      integral     0        0.0553        0.0522     4438    5.52%
    213    45        0.0553    11        0.0553        0.0540     6913    2.32%            x179 D    200    196     17

Cover cuts applied:  5

Root node processing (before b&c):
  Real time             =    0.55 sec. (250.93 ticks)
Parallel b&c, 4 threads:
  Real time             =    0.95 sec. (323.53 ticks)
  Sync time (average)   =    0.08 sec.
  Wait time (average)   =    0.00 sec.
                          ------------
Total (root+branch&cut) =    1.50 sec. (574.45 ticks)
