Version identifier: 22.2.0.0 | 2026-05-04 | 5dff98e58
CPXPARAM_Read_DataCheck                          1
CPXPARAM_Threads                                 4
CPXPARAM_Parallel                                1
CPXPARAM_RandomSeed                              20260925
CPXPARAM_MIP_Strategy_Search                     1
CPXPARAM_Simplex_Tolerances_Optimality           1.0000000000000001e-09
CPXPARAM_Simplex_Tolerances_Feasibility          1.0000000000000001e-09
CPXPARAM_TimeLimit                               600
CPXPARAM_MIP_Tolerances_AbsMIPGap                1.0000000000000001e-09
CPXPARAM_MIP_Tolerances_Integrality              1.0000000000000001e-09
Legacy callback                                  iLUD
Lazy constraint(s) or lazy constraint/branch callback is present.
    Disabling dual reductions (CPX_PARAM_REDUCE) in presolve.
    Disabling presolve reductions that prevent crushing forms (CPX_PARAM_PREREFORM).
         Disabling repeat represolve because of lazy constraint/incumbent callback.
Warning: Effort level 'CheckFeas' is incompatible with lazy constraint/incumbent callback.
         Effort level increased to 'SolveFixed'.
1 of 1 MIP starts provided solutions.
MIP start 'm1' defined initial solution with objective 0.0596.
Tried aggregator 1 time.
MIP Presolve eliminated 3106 rows and 0 columns.
Reduced MIP has 1469 rows, 2432 columns, and 13759 nonzeros.
Reduced MIP has 1200 binaries, 0 generals, 0 SOSs, and 0 indicators.
Presolve time = 0.02 sec. (11.35 ticks)
Probing time = 0.00 sec. (0.24 ticks)
MIP emphasis: balance optimality and feasibility.
MIP search method: traditional branch-and-cut.
Parallel mode: deterministic, using up to 4 threads.
Root relaxation solution time = 0.03 sec. (30.71 ticks)

        Nodes                                         Cuts/
   Node  Left     Objective  IInf  Best Integer    Best Bound    ItCnt     Gap         Variable B NodeID Parent  Depth

*     0+    0                            0.0596        0.0000           100.00%
      0     0        0.0522    10        0.0596        0.0522      950   12.42%
      0     0        0.0522    13        0.0596     Covers: 1      954   12.42%
*     0+    0                            0.0565        0.0522             7.61%
      0     0  -1.00000e+75     0        0.0565        0.0522      954    7.61%
      0     2        0.0522    13        0.0565        0.0522      954    7.61%                        0             0
Elapsed time = 0.25 sec. (144.70 ticks, tree = 0.02 MB, solutions = 2)
*     8+    2                            0.0565        0.0522             7.61%
*    18+    3                            0.0565        0.0522             7.61%
    183    83        0.0547    26        0.0565        0.0522     4282    7.61%           x1122 U    181     48      6
*   201+   96                            0.0554        0.0522             5.83%
*   287+  131                            0.0553        0.0532             3.67%
*   634+  294                            0.0553        0.0547             0.98%
    676   293        0.0553    17        0.0553        0.0547     9377    0.97%            x336 D    621    617     29
   1576   514        cutoff              0.0553        0.0549    13945    0.67%           x1019 U   1547    972     16
*  2218+  197                            0.0553        0.0551             0.20%
   2429   125        cutoff              0.0553        0.0552    20562    0.04%            x372 U   2317   1970     13

Cover cuts applied:  5

Root node processing (before b&c):
  Real time             =    0.25 sec. (144.04 ticks)
Parallel b&c, 4 threads:
  Real time             =    3.11 sec. (956.51 ticks)
  Sync time (average)   =    0.32 sec.
  Wait time (average)   =    0.00 sec.
                          ------------
Total (root+branch&cut) =    3.36 sec. (1100.54 ticks)
