Version identifier: 22.2.0.0 | 2026-05-04 | 5dff98e58
CPXPARAM_Read_DataCheck                          1
CPXPARAM_Threads                                 4
CPXPARAM_Parallel                                1
CPXPARAM_RandomSeed                              20260925
CPXPARAM_Simplex_Tolerances_Optimality           1.0000000000000001e-09
CPXPARAM_Simplex_Tolerances_Feasibility          1.0000000000000001e-09
CPXPARAM_TimeLimit                               600
CPXPARAM_MIP_Tolerances_AbsMIPGap                1.0000000000000001e-09
CPXPARAM_MIP_Tolerances_Integrality              1.0000000000000001e-09
Legacy callback                                  i
Tried aggregator 1 time.
MIP Presolve eliminated 1350 rows and 2 columns.
MIP Presolve modified 3324 coefficients.
Reduced MIP has 3966 rows, 4686 columns, and 49203 nonzeros.
Reduced MIP has 1164 binaries, 0 generals, 0 SOSs, and 0 indicators.
Presolve time = 0.03 sec. (38.56 ticks)
Probing time = 0.00 sec. (0.69 ticks)
Tried aggregator 1 time.
Detecting symmetries...
MIP Presolve modified 96 coefficients.
Reduced MIP has 3966 rows, 4686 columns, and 49203 nonzeros.
Reduced MIP has 1164 binaries, 0 generals, 0 SOSs, and 0 indicators.
Presolve time = 0.02 sec. (20.18 ticks)
Probing time = 0.00 sec. (0.77 ticks)
MIP emphasis: balance optimality and feasibility.
MIP search method: dynamic search.
Parallel mode: deterministic, using up to 4 threads.
Root relaxation solution time = 0.03 sec. (35.21 ticks)

        Nodes                                         Cuts/
   Node  Left     Objective  IInf  Best Integer    Best Bound    ItCnt     Gap

      0     0        0.0230    61                      0.0230      700         
      0     0        0.0230    61                    Cuts: 14      764         
      0     0        0.0230    62                     Cuts: 5      802         
      0     2        0.0230    62                      0.0230      802         
Elapsed time = 1.67 sec. (2034.73 ticks, tree = 0.02 MB, solutions = 0)
     50    23        0.0230    65                      0.0230     1967         
    133   115        0.0232    56                      0.0230     6744         
    190   153        0.0231    64                      0.0230     8488         
    239   214        0.0236    53                      0.0230    10974         
    278   260        0.0238    49                      0.0230    13265         
    347   313        0.0257    26                      0.0230    17426         
    400   369        0.0250    30                      0.0230    24038         
    442   403        0.0253    27                      0.0230    29034         
    497   460        0.0268    21                      0.0230    37736         
    772   580        0.0231    69                      0.0230    67262         
Elapsed time = 4.67 sec. (5270.99 ticks, tree = 7.37 MB, solutions = 0)
   1040   795        0.0244    39                      0.0230    93536         
   1320   992        0.0249    63                      0.0230   119147         
   1795  1403        0.0240    57                      0.0230   145597         
   2107  1711        0.0270    40                      0.0230   183406         

Performing restart 1

Repeating presolve.
Tried aggregator 1 time.
Reduced MIP has 3966 rows, 4686 columns, and 49203 nonzeros.
Reduced MIP has 1164 binaries, 0 generals, 0 SOSs, and 0 indicators.
Presolve time = 0.00 sec. (13.86 ticks)
Tried aggregator 1 time.
Reduced MIP has 3966 rows, 4686 columns, and 49203 nonzeros.
Reduced MIP has 1164 binaries, 0 generals, 0 SOSs, and 0 indicators.
Presolve time = 0.02 sec. (20.44 ticks)
Represolve time = 0.03 sec. (40.19 ticks)
   2335     0        0.0230    67                    Cuts: 11   214459         
   2335     0        0.0230    71                     Cuts: 9   214526         
   2335     0        0.0230    66                     Cuts: 3   214571         
   2335     0        0.0230    66                     Cuts: 5   214675         
   2335     0        0.0230    65                  MIRcuts: 1   214701         
   2335     0        0.0230    61                     Cuts: 7   214787         
   2335     2        0.0230    61                      0.0230   214787         
   2425    59        0.0236    62                      0.0230   218695         
   2574   214        0.0247    48                      0.0230   226341         
   2719   343        0.0261    41                      0.0230   239630         
   2877   489        0.0245    45                      0.0230   256916         
   3070   615        0.0247    45                      0.0230   271578         
Elapsed time = 18.88 sec. (21762.20 ticks, tree = 6.69 MB, solutions = 0)
   3312   877        0.0265    41                      0.0230   294808         
   3566  1115    infeasible                            0.0230   319368         
   3832  1306        0.0256    38                      0.0230   340547         
   4248  1690        0.0239    53                      0.0230   368064         
   4547  1996        0.0267    44                      0.0230   398641         
   4792  2232        0.0276    42                      0.0230   425960         
   5008  2409        0.0259    38                      0.0230   443101         
   5253  2618        0.0243    38                      0.0230   465075         
   5486  2842        0.0231    64                      0.0230   483305         
   5770  3093        0.0237    58                      0.0230   498549         
Elapsed time = 26.58 sec. (31331.75 ticks, tree = 11.96 MB, solutions = 0)
   5977  3233    infeasible                            0.0230   520421         
   6277  3518        0.0236    54                      0.0230   544151         
   6541  3700    infeasible                            0.0230   557572         
   6782  4013        0.0262    39                      0.0230   587139         
   7064  4267        0.0250    55                      0.0230   610628         
   7262  4439        0.0247    57                      0.0230   627041         
   7464  4621        0.0244    57                      0.0230   647979         
   7683  4766        0.0255    57                      0.0230   662703         
   7936  5063        0.0255    56                      0.0230   695327         
   8225  5311        0.0258    54                      0.0230   716011         
Elapsed time = 35.03 sec. (40892.00 ticks, tree = 16.07 MB, solutions = 0)
   8494  5485        0.0237    68                      0.0230   733973         
   8816  5745        0.0237    69                      0.0230   755148         
   9040  5961    infeasible                            0.0230   773795         
   9298  6274        0.0232    65                      0.0230   795568         
   9627  6496        0.0232    67                      0.0230   817965         
   9908  6952        0.0280    52                      0.0230   852961         
  10165  7031        0.0275    54                      0.0230   868893         
  10436  7249        0.0278    48                      0.0230   884047         
  10772  7612        0.0271    68                      0.0230   913845         
  11073  7706        0.0267    41                      0.0230   925473         
Elapsed time = 43.89 sec. (50501.39 ticks, tree = 20.44 MB, solutions = 0)
  11268  7980    infeasible                            0.0230   946715         

Performing restart 2

Repeating presolve.
Tried aggregator 1 time.
Reduced MIP has 3966 rows, 4686 columns, and 49203 nonzeros.
Reduced MIP has 1164 binaries, 0 generals, 0 SOSs, and 0 indicators.
Presolve time = 0.00 sec. (13.86 ticks)
Tried aggregator 1 time.
Reduced MIP has 3966 rows, 4686 columns, and 49203 nonzeros.
Reduced MIP has 1164 binaries, 0 generals, 0 SOSs, and 0 indicators.
Presolve time = 0.02 sec. (20.44 ticks)
Represolve time = 0.03 sec. (42.51 ticks)
  11377     0        0.0230    66                     Cuts: 7   975667         
  11377     0        0.0230    67                     Cuts: 6   975739         
  11377     0        0.0230    65                  MIRcuts: 3   975832         
  11377     0        0.0230    63                     Cuts: 6   975914         
  11377     0        0.0230    71                    Cuts: 14   976067         
  11377     0        0.0230    68                     Cuts: 8   976154         
  11377     0        0.0230    70                     Cuts: 8   976250         
  11377     2        0.0230    62                      0.0230   976250         
  11429    49        0.0231    67                      0.0230   978839         
  11500   113        0.0235    68                      0.0230   982138         
  11596   187        0.0243    46                      0.0230   984892         
  11698   292        0.0249    59                      0.0230   991214         
  11806   388        0.0272    25                      0.0230  1003624         
  11988   533        0.0245    49                      0.0230  1016373         
  12087   651        0.0233    68                      0.0230  1035063         
  12370   894        0.0256    27                      0.0230  1059987         
Elapsed time = 58.27 sec. (68614.32 ticks, tree = 7.97 MB, solutions = 0)
  12700  1098        0.0266    31                      0.0230  1080157         
  13032  1444        0.0239    51                      0.0230  1113433         
  13241  1587        0.0234    57                      0.0230  1139070         
  13610  1839        0.0255    43                      0.0230  1164441         
  13951  2157        0.0262    14                      0.0230  1200217         
  14271  2480        0.0241    56                      0.0230  1232424         
  14568  2775        0.0244    51                      0.0230  1267996         
  14955  2969        0.0232    63                      0.0230  1289045         
  15308  3313        0.0234    60                      0.0230  1322835         
  15610  3649        0.0230    65                      0.0230  1353432         
Elapsed time = 66.00 sec. (78172.82 ticks, tree = 13.25 MB, solutions = 0)
  15991  3992        0.0240    62                      0.0230  1384384         
  16304  4286        0.0233    65                      0.0230  1412666         
  16583  4593        0.0235    60                      0.0230  1447610         
  16851  4847        0.0237    60                      0.0230  1477337         
  17217  5068        0.0245    57                      0.0230  1498931         
  17555  5501        0.0241    54                      0.0230  1533463         
  17906  5812        0.0234    62                      0.0230  1561370         
  18255  6006        0.0243    54                      0.0230  1578257         
  18641  6270        0.0267    46                      0.0230  1606764         
  19139  6732        0.0244    42                      0.0230  1643518         
Elapsed time = 73.92 sec. (87729.11 ticks, tree = 18.94 MB, solutions = 0)
  19420  7218        0.0246    51                      0.0230  1680442         
  19810  7396        0.0277    50                      0.0230  1699757         
  20186  7769        0.0231    66                      0.0230  1731645         
  20556  8142    infeasible                            0.0230  1770117         
  20892  8425        0.0240    58                      0.0230  1793187         
  21227  8740        0.0240    46                      0.0230  1823620         
  21617  9001        0.0265    65                      0.0230  1841130         
  21982  9429        0.0257    33                      0.0230  1884910         
  22427  9811        0.0276    50                      0.0230  1905547         
  22844 10174        0.0244    63                      0.0230  1927077         
Elapsed time = 81.72 sec. (97296.82 ticks, tree = 25.58 MB, solutions = 0)
  23270 10601        0.0257    59                      0.0230  1961474         
  23692 10933        0.0249    40                      0.0230  1990102         
  24093 11383        0.0238    70                      0.0230  2022859         
  24445 11632        0.0237    57                      0.0230  2046949         
  24900 11883        0.0240    71                      0.0230  2063317         
  25325 12398        0.0236    62                      0.0230  2101479         
  25684 12803        0.0254    51                      0.0230  2130967         
  26069 13160        0.0244    66                      0.0230  2157325         
  26355 13450    infeasible                            0.0230  2176286         
  27755 14669        0.0275    32                      0.0230  2272004         
Elapsed time = 93.84 sec. (109714.64 ticks, tree = 33.63 MB, solutions = 0)
  29434 16375        0.0253    56                      0.0230  2397193         
  31017 17820        0.0238    56                      0.0230  2518777         
  32660 19139        0.0236    61                      0.0230  2625205         
  34272 20440        0.0238    51                      0.0231  2733646         
  35758 21920        0.0262    58                      0.0231  2839062         
  37310 23705        0.0236    55                      0.0231  2980989         
  39061 25243        0.0258    60                      0.0231  3104519         
  40716 26611        0.0235    63                      0.0231  3200870         
  42536 28025        0.0241    52                      0.0231  3298389         
  44043 29809        0.0244    49                      0.0231  3440020         
Elapsed time = 126.34 sec. (147880.61 ticks, tree = 62.03 MB, solutions = 0)
  45978 31552        0.0242    54                      0.0231  3567877         
  47773 33218        0.0239    60                      0.0231  3692268         
  49722 35050        0.0262    44                      0.0231  3827094         
  51205 36258        0.0266    44                      0.0231  3924378         
  52982 38059        0.0240    60                      0.0231  4066626         
  54583 39575        0.0267    43                      0.0231  4183932         
  56178 41092    infeasible                            0.0231  4313460         
  57739 42610        0.0252    59                      0.0231  4451033         
  59213 44090    infeasible                            0.0231  4591118         
  60647 45150    infeasible                            0.0231  4689634         
Elapsed time = 157.20 sec. (186060.66 ticks, tree = 91.27 MB, solutions = 0)
  62137 46251        0.0234    59                      0.0231  4794056         
  63834 47991        0.0258    28                      0.0231  4943487         
  65298 49482        0.0238    64                      0.0231  5078725         
  66807 50870        0.0240    56                      0.0231  5211175         
  68548 52318        0.0249    54                      0.0231  5325986         
  70428 54044        0.0250    50                      0.0231  5451444         
  72297 55536        0.0243    58                      0.0231  5556957         
  74132 57704        0.0238    60                      0.0231  5713292         
  76125 59331        0.0232    63                      0.0231  5831493         
  77890 60858        0.0248    47                      0.0231  5941665         
Elapsed time = 187.67 sec. (224243.28 ticks, tree = 120.05 MB, solutions = 0)
  79357 62534        0.0234    56                      0.0231  6059368         
  81252 63698        0.0239    65                      0.0231  6150174         
  83103 65987        0.0269    28                      0.0231  6313643         
  84582 67537        0.0247    49                      0.0231  6452782         
  86412 68895        0.0239    49                      0.0231  6554362         
  88130 70366        0.0259    45                      0.0231  6681416         
  90018 72072        0.0249    41                      0.0231  6808468         
  91622 73720        0.0233    60                      0.0231  6935019         
  93316 75245        0.0261    26                      0.0231  7072255         
  94913 76601        0.0236    52                      0.0231  7168100         
Elapsed time = 215.66 sec. (262415.13 ticks, tree = 151.74 MB, solutions = 0)
  96539 78381        0.0234    61                      0.0231  7323625         
  98439 80208        0.0250    48                      0.0231  7464745         
 100372 81669        0.0232    60                      0.0231  7576946         
 101997 83114        0.0237    60                      0.0231  7690168         
 103755 84920        0.0233    55                      0.0231  7842026         
 105306 86623        0.0257    25                      0.0231  7987274         
 107090 88109        0.0234    55                      0.0231  8104664         
 108947 89480        0.0241    52                      0.0231  8218770         
 110431 91321        0.0250    41                      0.0231  8360925         
 112337 93072        0.0265    37                      0.0231  8496979         
Elapsed time = 243.09 sec. (300581.83 ticks, tree = 181.96 MB, solutions = 0)
 114231 94544        0.0253    52                      0.0231  8614501         
 115861 96009        0.0263    35                      0.0231  8740366         
 117461 97354        0.0235    59                      0.0231  8852193         
 119129 99158        0.0251    56                      0.0231  9014346         
 120871 100847        0.0256    45                      0.0231  9151629         
 122731 102345        0.0250    39                      0.0231  9262899         
 124411 103812        0.0239    70                      0.0231  9389739         
 126043 105773        0.0236    64                      0.0231  9543126         
 127800 106943        0.0281    39                      0.0231  9638674         
 129500 108588        0.0234    57                      0.0231  9773693         
Elapsed time = 270.30 sec. (338760.30 ticks, tree = 213.38 MB, solutions = 0)
 131143 110161        0.0241    55                      0.0231  9902878         
 132963 111843        0.0238    51                      0.0231 10051003         
 134641 113323        0.0244    50                      0.0231 10166593         
 136416 115144        0.0233    63                      0.0231 10303455         
 138456 116885        0.0263    45                      0.0231 10433385         
 140124 118693        0.0235    58                      0.0231 10567980         
 142061 119975        0.0255    51                      0.0231 10675138         
 143618 121576        0.0253    37                      0.0231 10805057         
 145275 123153        0.0234    49                      0.0231 10939900         
 147094 124818        0.0247    38                      0.0231 11075513         
Elapsed time = 297.61 sec. (376925.00 ticks, tree = 243.20 MB, solutions = 0)
 148442 126350        0.0259    43                      0.0231 11207604         
 150045 127414        0.0243    49                      0.0231 11314340         
 151687 129315        0.0239    60                      0.0231 11482543         
 153524 131122        0.0240    54                      0.0231 11625109         
 155260 132475        0.0237    54                      0.0231 11732337         
 157118 133790        0.0245    45                      0.0231 11829366         
 159058 135449        0.0256    50                      0.0231 11967305         
 160808 137494        0.0268    13                      0.0231 12127230         
 162637 139186        0.0259    25                      0.0231 12260197         
 164397 141049        0.0238    61                      0.0231 12410891         
Elapsed time = 324.98 sec. (415091.05 ticks, tree = 275.97 MB, solutions = 0)
 166053 142311        0.0246    48                      0.0231 12519419         
 167970 143962        0.0242    58                      0.0231 12643237         
 169440 145631        0.0252    46                      0.0231 12789788         
 171287 146724        0.0264    53                      0.0231 12875071         
 173249 148402        0.0239    58                      0.0231 13007506         
 175149 150996        0.0263    31                      0.0231 13190792         
 176622 152290    infeasible                            0.0231 13308351         
 178298 153301        0.0252    52                      0.0231 13406927         
 179988 155359        0.0241    52                      0.0231 13590592         
 181395 156649        0.0263    28                      0.0231 13705740         
Elapsed time = 352.38 sec. (453288.39 ticks, tree = 304.60 MB, solutions = 0)
 182809 158018        0.0259    30                      0.0231 13851017         
 184386 159024        0.0237    55                      0.0231 13939901         
 186242 160767        0.0237    64                      0.0231 14092026         
 187824 162567        0.0241    50                      0.0231 14243510         
 189625 164382        0.0268    32                      0.0231 14393503         
 191231 165282        0.0243    62                      0.0231 14474296         
 192927 167277        0.0239    44                      0.0231 14641621         
 194582 168907        0.0246    45                      0.0231 14793273         
 196082 170127        0.0242    53                      0.0231 14914532         
 197618 171373        0.0270    44                      0.0231 15012411         
Elapsed time = 379.73 sec. (491463.81 ticks, tree = 334.23 MB, solutions = 0)
 199501 173344        0.0239    65                      0.0231 15176042         
 201231 174775        0.0232    68                      0.0231 15295114         
 202930 176378        0.0232    63                      0.0231 15419732         
 204798 177892        0.0249    40                      0.0231 15544613         
 206478 179574        0.0241    49                      0.0231 15675561         
 208166 181149        0.0245    53                      0.0231 15805040         
 209886 182897        0.0237    59                      0.0231 15955114         
 211678 183846        0.0235    57                      0.0231 16027532         
 213365 185659        0.0234    57                      0.0231 16177535         
 215282 187383    infeasible                            0.0231 16320340         
Elapsed time = 407.05 sec. (529626.14 ticks, tree = 363.58 MB, solutions = 0)
 216777 188950        0.0260    59                      0.0231 16446263         
 218757 190486        0.0267    53                      0.0231 16582371         
 220386 192429        0.0241    61                      0.0231 16739124         
 222307 194014        0.0238    54                      0.0231 16870319         
 224306 196128        0.0256    35                      0.0231 17020684         
 226154 197755        0.0247    52                      0.0231 17150019         
 227600 199311        0.0254    15                      0.0231 17298428         
 229276 200820        0.0264    29                      0.0231 17418358         
 230809 201867        0.0256    42                      0.0231 17527553         
 232509 203134        0.0235    53                      0.0231 17635608         
Elapsed time = 434.61 sec. (567815.15 ticks, tree = 394.57 MB, solutions = 0)
 234042 205105        0.0273    26                      0.0231 17804888         
 235771 206288        0.0252    40                      0.0231 17912833         
 237459 207928        0.0254    28                      0.0231 18040158         
 239217 209378        0.0232    62                      0.0231 18163635         
 240994 211631        0.0246    57                      0.0231 18346446         
 242792 213004        0.0248    36                      0.0231 18458138         
 244658 214334        0.0244    55                      0.0231 18566006         
 246530 216429        0.0270    54                      0.0231 18709208         
 248586 218257        0.0243    47                      0.0231 18849757         
 250224 219818        0.0232    57                      0.0231 18965317         
Elapsed time = 461.86 sec. (606001.59 ticks, tree = 425.55 MB, solutions = 0)
 252107 221865    infeasible                            0.0231 19137969         
 253728 222849        0.0253    45                      0.0231 19220081         
 255571 224340        0.0246    42                      0.0231 19351181         
 257103 225964    infeasible                            0.0231 19492921         
 258678 227645        0.0241    49                      0.0231 19648036         
 260558 229380        0.0243    60                      0.0231 19798340         
 262292 230799        0.0248    34                      0.0231 19912455         
 263926 232742        0.0246    61                      0.0231 20075129         
 265424 233854        0.0254    52                      0.0231 20173256         
 267106 235390        0.0258    42                      0.0231 20313596         
Elapsed time = 489.12 sec. (644181.12 ticks, tree = 456.63 MB, solutions = 0)
 268533 236610        0.0248    52                      0.0231 20421498         
 270301 238198        0.0254    26                      0.0231 20572609         
 271783 239943        0.0239    57                      0.0231 20723550         
 273843 241746        0.0256    39                      0.0232 20867329         
 275936 243545        0.0258    34                      0.0232 20997294         
 277891 245091        0.0244    57                      0.0232 21101953         
 279642 247284        0.0234    58                      0.0232 21284507         
 281255 248168        0.0233    61                      0.0232 21352096         
 283466 250246        0.0238    66                      0.0232 21504659         
 285351 251813        0.0257    47                      0.0232 21627969         
Elapsed time = 516.05 sec. (682358.32 ticks, tree = 486.72 MB, solutions = 0)
 287476 254064        0.0250    68                      0.0232 21793976         
 289286 255758        0.0240    63                      0.0232 21926152         
 291486 257898        0.0256    44                      0.0232 22082048         
 293598 259714        0.0251    70                      0.0232 22207453         
 295644 261583        0.0252    67                      0.0232 22338153         
 297744 263645        0.0235    61                      0.0232 22492485         
 299615 265294        0.0234    61                      0.0232 22616298         
 301704 267028        0.0267    57                      0.0232 22751861         
 303560 269120        0.0242    60                      0.0232 22908728         
 305395 270371        0.0248    59                      0.0232 23008531         
Elapsed time = 543.08 sec. (720519.00 ticks, tree = 520.70 MB, solutions = 0)
 307197 272673        0.0259    35                      0.0232 23187439         
 308844 274150        0.0262    35                      0.0232 23321656         
 310474 275739        0.0242    50                      0.0232 23463602         
 312069 276903        0.0260    49                      0.0232 23563801         
 314220 278706        0.0245    65                      0.0232 23696462         
 315979 280011        0.0259    28                      0.0232 23802054         
 317935 281893        0.0243    60                      0.0232 23943728         
 319889 283902        0.0239    60                      0.0232 24097521         
 321380 285516        0.0242    53                      0.0232 24227978         
 323220 286891        0.0242    57                      0.0232 24332348         
Elapsed time = 570.30 sec. (758678.13 ticks, tree = 553.96 MB, solutions = 0)
 324797 288317    infeasible                            0.0232 24451288         
 326579 290378        0.0242    48                      0.0232 24630028         
 328152 291285        0.0242    44                      0.0232 24715888         
 329713 293362        0.0245    42                      0.0232 24894747         
 331457 294872        0.0241    50                      0.0232 25030718         
 332986 296155        0.0252    56                      0.0232 25123665         
 334742 297584        0.0239    61                      0.0232 25250917         
 336598 299800        0.0245    51                      0.0232 25438837         
 338191 301164        0.0236    54                      0.0232 25560945         
 340327 302681        0.0233    62                      0.0232 25678020         
Elapsed time = 597.48 sec. (796850.69 ticks, tree = 583.01 MB, solutions = 0)

Cover cuts applied:  1
Mixed integer rounding cuts applied:  6

Root node processing (before b&c):
  Real time             =    1.66 sec. (2032.52 ticks)
Parallel b&c, 4 threads:
  Real time             =  598.36 sec. (798398.00 ticks)
  Sync time (average)   =   19.84 sec.
  Wait time (average)   =    0.01 sec.
                          ------------
Total (root+branch&cut) =  600.02 sec. (800430.52 ticks)
