Version identifier: 22.2.0.0 | 2026-05-04 | 5dff98e58
CPXPARAM_Read_DataCheck                          1
CPXPARAM_Threads                                 4
CPXPARAM_Parallel                                1
CPXPARAM_RandomSeed                              20260925
CPXPARAM_Simplex_Tolerances_Optimality           1.0000000000000001e-09
CPXPARAM_Simplex_Tolerances_Feasibility          1.0000000000000001e-09
CPXPARAM_TimeLimit                               30
CPXPARAM_MIP_Tolerances_AbsMIPGap                1.0000000000000001e-09
CPXPARAM_MIP_Tolerances_Integrality              1.0000000000000001e-09
Legacy callback                                  i
Found incumbent of value 0.000000 after 0.00 sec. (0.00 ticks)
Tried aggregator 1 time.
MIP Presolve eliminated 4 rows and 1 columns.
MIP Presolve modified 6 coefficients.
Reduced MIP has 34 rows, 31 columns, and 114 nonzeros.
Reduced MIP has 6 binaries, 0 generals, 0 SOSs, and 0 indicators.
Presolve time = 0.00 sec. (0.05 ticks)
Probing time = 0.00 sec. (0.01 ticks)
Tried aggregator 1 time.
Detecting symmetries...
Reduced MIP has 34 rows, 31 columns, and 114 nonzeros.
Reduced MIP has 6 binaries, 0 generals, 0 SOSs, and 0 indicators.
Presolve time = 0.00 sec. (0.06 ticks)
Probing time = 0.00 sec. (0.01 ticks)
Clique table members: 2.
MIP emphasis: balance optimality and feasibility.
MIP search method: dynamic search.
Parallel mode: deterministic, using up to 4 threads.
Root relaxation solution time = 0.00 sec. (0.12 ticks)

        Nodes                                         Cuts/
   Node  Left     Objective  IInf  Best Integer    Best Bound    ItCnt     Gap

*     0+    0                            0.0000       -1.0000              --- 
*     0+    0                           -0.1456       -1.0000           587.01%
*     0+    0                           -0.3933       -1.0000           154.26%
      0     0       -0.6498     5       -0.3933       -0.6498       32   65.23%
      0     0       -0.4865     5       -0.3933      Cuts: 13       45   23.71%
      0     0        cutoff             -0.3933                     58    0.00%
Elapsed time = 0.00 sec. (1.05 ticks, tree = 0.01 MB, solutions = 2)

Implied bound cuts applied:  4
Mixed integer rounding cuts applied:  5
Lift and project cuts applied:  1
Gomory fractional cuts applied:  1

Root node processing (before b&c):
  Real time             =    0.00 sec. (1.05 ticks)
Parallel b&c, 4 threads:
  Real time             =    0.00 sec. (0.00 ticks)
  Sync time (average)   =    0.00 sec.
  Wait time (average)   =    0.00 sec.
                          ------------
Total (root+branch&cut) =    0.00 sec. (1.05 ticks)
