Version identifier: 22.2.0.0 | 2026-05-04 | 5dff98e58
CPXPARAM_Read_DataCheck                          1
CPXPARAM_Threads                                 4
CPXPARAM_Parallel                                1
CPXPARAM_RandomSeed                              20260925
CPXPARAM_Simplex_Tolerances_Optimality           1.0000000000000001e-09
CPXPARAM_Simplex_Tolerances_Feasibility          1.0000000000000001e-09
CPXPARAM_TimeLimit                               600
CPXPARAM_MIP_Tolerances_AbsMIPGap                1.0000000000000001e-09
CPXPARAM_MIP_Tolerances_Integrality              1.0000000000000001e-09
Legacy callback                                  i
Found incumbent of value 0.000000 after 0.00 sec. (0.01 ticks)
Tried aggregator 2 times.
MIP Presolve eliminated 70 rows and 1 columns.
MIP Presolve modified 300 coefficients.
Aggregator did 3 substitutions.
Reduced MIP has 373 rows, 394 columns, and 2052 nonzeros.
Reduced MIP has 96 binaries, 0 generals, 0 SOSs, and 0 indicators.
Presolve time = 0.00 sec. (1.49 ticks)
Probing time = 0.00 sec. (0.07 ticks)
Tried aggregator 1 time.
Detecting symmetries...
MIP Presolve modified 66 coefficients.
Reduced MIP has 373 rows, 394 columns, and 2052 nonzeros.
Reduced MIP has 96 binaries, 0 generals, 0 SOSs, and 0 indicators.
Presolve time = 0.00 sec. (1.05 ticks)
Probing time = 0.02 sec. (0.07 ticks)
MIP emphasis: balance optimality and feasibility.
MIP search method: dynamic search.
Parallel mode: deterministic, using up to 4 threads.
Root relaxation solution time = 0.00 sec. (5.65 ticks)

        Nodes                                         Cuts/
   Node  Left     Objective  IInf  Best Integer    Best Bound    ItCnt     Gap

*     0+    0                            0.0000       -0.5715              --- 
*     0+    0                           -0.0316       -0.5715              --- 
*     0+    0                           -0.0895       -0.5715           538.34%
      0     0       -0.2803    29       -0.0895       -0.2803      437  213.09%
*     0+    0                           -0.1541       -0.2803            81.88%
      0     0       -0.2646    29       -0.1541      Cuts: 28      606   71.68%
*     0+    0                           -0.1568       -0.2646            68.71%
      0     0       -0.2494    28       -0.1568      Cuts: 28      696   59.04%
      0     0       -0.2464    36       -0.1568   MIRcuts: 17      766   57.09%
      0     0       -0.2382    32       -0.1568    MIRcuts: 8      839   51.89%
      0     0       -0.2350    26       -0.1568   MIRcuts: 16      893   49.87%
*     0+    0                           -0.1961       -0.2350            19.87%
Detecting symmetries...
      0     0       -0.2326    36       -0.1961    MIRcuts: 8      929   18.63%
      0     0       -0.2299    36       -0.1961    MIRcuts: 5      967   17.25%
*     0+    0                           -0.2024       -0.2299            13.57%
      0     0       -0.2293    40       -0.2024    MIRcuts: 3      971   13.28%
      0     0       -0.2293    39       -0.2024    MIRcuts: 3      977   13.26%
      0     0       -0.2293    36       -0.2024    MIRcuts: 1      980   13.26%
*     0+    0                           -0.2064       -0.2293            11.06%
*     0+    0                           -0.2118       -0.2293             8.23%
Detecting symmetries...
      0     2       -0.2293    36       -0.2118       -0.2293      980    8.23%
Elapsed time = 0.12 sec. (93.74 ticks, tree = 0.02 MB, solutions = 9)
*   307   144      integral     0       -0.2119       -0.2240     4650    5.71%
*   411+  157                           -0.2119       -0.2236             5.52%
*   415+  144                           -0.2171       -0.2229             2.68%

Mixed integer rounding cuts applied:  68
Lift and project cuts applied:  7
Gomory fractional cuts applied:  4

Root node processing (before b&c):
  Real time             =    0.12 sec. (93.49 ticks)
Parallel b&c, 4 threads:
  Real time             =    0.11 sec. (75.02 ticks)
  Sync time (average)   =    0.02 sec.
  Wait time (average)   =    0.00 sec.
                          ------------
Total (root+branch&cut) =    0.23 sec. (168.51 ticks)
