Version identifier: 22.2.0.0 | 2026-05-04 | 5dff98e58
CPXPARAM_Read_DataCheck                          1
CPXPARAM_Threads                                 4
CPXPARAM_Parallel                                1
CPXPARAM_RandomSeed                              20260925
CPXPARAM_Simplex_Tolerances_Optimality           1.0000000000000001e-09
CPXPARAM_Simplex_Tolerances_Feasibility          1.0000000000000001e-09
CPXPARAM_TimeLimit                               600
CPXPARAM_MIP_Tolerances_AbsMIPGap                1.0000000000000001e-09
CPXPARAM_MIP_Tolerances_Integrality              1.0000000000000001e-09
Legacy callback                                  i
1 of 1 MIP starts provided solutions.
MIP start 'm1' defined initial solution with objective 0.0574.
Tried aggregator 1 time.
MIP Presolve eliminated 3106 rows and 2 columns.
MIP Presolve modified 3600 coefficients.
Reduced MIP has 3887 rows, 4830 columns, and 34872 nonzeros.
Reduced MIP has 1200 binaries, 0 generals, 0 SOSs, and 0 indicators.
Presolve time = 0.03 sec. (30.31 ticks)
Probing time = 0.00 sec. (0.54 ticks)
Tried aggregator 1 time.
Detecting symmetries...
Reduced MIP has 3887 rows, 4830 columns, and 34872 nonzeros.
Reduced MIP has 1200 binaries, 0 generals, 0 SOSs, and 0 indicators.
Presolve time = 0.02 sec. (19.13 ticks)
Probing time = 0.00 sec. (0.61 ticks)
MIP emphasis: balance optimality and feasibility.
MIP search method: dynamic search.
Parallel mode: deterministic, using up to 4 threads.
Root relaxation solution time = 0.05 sec. (58.27 ticks)

        Nodes                                         Cuts/
   Node  Left     Objective  IInf  Best Integer    Best Bound    ItCnt     Gap

*     0+    0                            0.0574        0.0000           100.00%
      0     0        0.0506    21        0.0574        0.0506     1195   11.75%
*     0+    0                            0.0554        0.0506             8.72%
      0     0        0.0506    13        0.0554   MIRcuts: 31     1222    8.72%
      0     0        0.0506    15        0.0554    MIRcuts: 5     1253    8.72%
      0     0        0.0506    15        0.0554    MIRcuts: 7     1318    8.72%
*     0+    0                            0.0554        0.0506             8.72%
      0     2        0.0506    13        0.0554        0.0506     1318    8.72%
Elapsed time = 0.47 sec. (548.47 ticks, tree = 0.02 MB, solutions = 3)
     87    57        0.0508    11        0.0554        0.0506     5835    8.72%
    178   105        0.0518    19        0.0554        0.0506    10363    8.71%
    304   167        0.0515    17        0.0554        0.0506    14873    8.71%
    404   232        cutoff              0.0554        0.0506    22034    8.71%
    493   270        0.0511    22        0.0554        0.0506    29423    8.71%
    585   295    infeasible              0.0554        0.0506    36150    8.71%
    703   338        0.0516    22        0.0554        0.0507    44805    8.64%
    792   373        0.0514    27        0.0554        0.0508    53239    8.42%
    883   418        0.0516    19        0.0554        0.0508    63448    8.37%
   1269   521        0.0515    32        0.0554        0.0510    92186    8.00%
Elapsed time = 3.09 sec. (3661.52 ticks, tree = 2.17 MB, solutions = 3)
   1602   615    infeasible              0.0554        0.0512   128463    7.60%
   2032   692        0.0522     8        0.0554        0.0516   160582    6.99%
   2636   837        0.0521    27        0.0554        0.0516   197562    6.87%
   3291  1082    infeasible              0.0554        0.0518   231753    6.51%

Performing restart 1

Repeating presolve.
Tried aggregator 1 time.
MIP Presolve modified 15 coefficients.
Reduced MIP has 3887 rows, 4830 columns, and 34872 nonzeros.
Reduced MIP has 1200 binaries, 0 generals, 0 SOSs, and 0 indicators.
Presolve time = 0.02 sec. (10.02 ticks)
Tried aggregator 1 time.
Reduced MIP has 3887 rows, 4830 columns, and 34872 nonzeros.
Reduced MIP has 1200 binaries, 0 generals, 0 SOSs, and 0 indicators.
Presolve time = 0.02 sec. (19.30 ticks)
Represolve time = 0.03 sec. (36.62 ticks)
   3703     0        0.0506    39        0.0554      Cuts: 51   270902    5.98%
*  3703+    0                            0.0554        0.0521             5.98%
   3703     0        0.0506    27        0.0554      Cuts: 43   271069    5.98%
   3703     0        0.0507    30        0.0554      Cuts: 20   271409    5.98%
   3703     0        0.0507    38        0.0554      Cuts: 19   271481    5.98%
*  3703+    0                            0.0554        0.0521             5.95%
   3703     0  -1.00000e+75     0        0.0554        0.0521   271481    5.95%
   3703     0        0.0508    40        0.0554      Cuts: 32   271715    5.95%
   3703     0        0.0508    45        0.0554      Cuts: 14   271885    5.95%
   3703     2        0.0508    45        0.0554        0.0521   271885    5.95%
*  3718+    3                            0.0553        0.0521             5.70%
*  3718+    3                            0.0553        0.0521             5.69%
*  3718+    3                            0.0553        0.0521             5.69%
*  3719+    3                            0.0553        0.0521             5.67%
   3848    59        0.0521    37        0.0553        0.0521   280338    5.67%
*  4085+  150                            0.0553        0.0521             5.67%
   4168   176    infeasible              0.0553        0.0522   303200    5.62%
*  4259   185      integral     0        0.0553        0.0524   307790    5.22%
   4588   153        0.0550    13        0.0553        0.0532   334443    3.77%
*  4862   219      integral     0        0.0553        0.0542   342564    1.94%
*  5135+  268                            0.0553        0.0542             1.83%
   5141   266        cutoff              0.0553        0.0542   363259    1.83%
   5672   289        0.0543     8        0.0553        0.0543   391753    1.76%
Elapsed time = 12.31 sec. (16178.41 ticks, tree = 0.63 MB, solutions = 13)
   6135   133        cutoff              0.0553        0.0544   422509    1.59%

Cover cuts applied:  19
Mixed integer rounding cuts applied:  39
Zero-half cuts applied:  1
Gomory fractional cuts applied:  3

Root node processing (before b&c):
  Real time             =    0.47 sec. (546.87 ticks)
Parallel b&c, 4 threads:
  Real time             =   13.36 sec. (17484.74 ticks)
  Sync time (average)   =    0.88 sec.
  Wait time (average)   =    0.00 sec.
                          ------------
Total (root+branch&cut) =   13.83 sec. (18031.61 ticks)
