Version identifier: 22.2.0.0 | 2026-05-04 | 5dff98e58
CPXPARAM_Read_DataCheck                          1
CPXPARAM_Threads                                 4
CPXPARAM_Parallel                                1
CPXPARAM_RandomSeed                              20260925
CPXPARAM_MIP_Strategy_Search                     1
CPXPARAM_Simplex_Tolerances_Optimality           1.0000000000000001e-09
CPXPARAM_Simplex_Tolerances_Feasibility          1.0000000000000001e-09
CPXPARAM_TimeLimit                               600
CPXPARAM_MIP_Tolerances_AbsMIPGap                1.0000000000000001e-09
CPXPARAM_MIP_Tolerances_Integrality              1.0000000000000001e-09
Legacy callback                                  iLUD
Lazy constraint(s) or lazy constraint/branch callback is present.
    Disabling dual reductions (CPX_PARAM_REDUCE) in presolve.
    Disabling presolve reductions that prevent crushing forms (CPX_PARAM_PREREFORM).
         Disabling repeat represolve because of lazy constraint/incumbent callback.
Warning: Effort level 'CheckFeas' is incompatible with lazy constraint/incumbent callback.
         Effort level increased to 'SolveFixed'.
1 of 1 MIP starts provided solutions.
MIP start 'm1' defined initial solution with objective -0.2024.
Tried aggregator 1 time.
MIP Presolve eliminated 37 rows and 0 columns.
Reduced MIP has 299 rows, 362 columns, and 2165 nonzeros.
Reduced MIP has 174 binaries, 0 generals, 0 SOSs, and 0 indicators.
Presolve time = 0.00 sec. (0.88 ticks)
Probing time = 0.00 sec. (0.08 ticks)
MIP emphasis: balance optimality and feasibility.
MIP search method: traditional branch-and-cut.
Parallel mode: deterministic, using up to 4 threads.
Root relaxation solution time = 0.02 sec. (5.40 ticks)

        Nodes                                         Cuts/
   Node  Left     Objective  IInf  Best Integer    Best Bound    ItCnt     Gap         Variable B NodeID Parent  Depth

*     0+    0                           -0.2024       -0.8120           301.21%
      0     0       -0.2691    31       -0.2024       -0.2691      345   32.95%
*     0+    0                           -0.2143       -0.2691            25.56%
      0     0       -0.2673    36       -0.2143       Cuts: 6      415   24.75%
      0     0       -0.2673    37       -0.2143   Flowcuts: 1      416   24.75%
      0     0       -0.2673    37       -0.2143    MIRcuts: 1      418   24.75%
*     0+    0                           -0.2429       -0.2673            10.07%
*     0+    0                           -0.2524       -0.2673             5.92%
      0     2       -0.2673    36       -0.2524       -0.2673      418    5.92%                        0             0
Elapsed time = 0.11 sec. (76.08 ticks, tree = 0.02 MB, solutions = 4)
*     9+    2                           -0.2571       -0.2665             3.64%
*   201    84      integral     0       -0.2595       -0.2633     3860    1.45%            x132 D    195    191     13

Flow cuts applied:  2
Mixed integer rounding cuts applied:  3
Gomory fractional cuts applied:  1
User cuts applied:  7

Root node processing (before b&c):
  Real time             =    0.11 sec. (75.87 ticks)
Parallel b&c, 4 threads:
  Real time             =    0.19 sec. (92.58 ticks)
  Sync time (average)   =    0.02 sec.
  Wait time (average)   =    0.00 sec.
                          ------------
Total (root+branch&cut) =    0.30 sec. (168.45 ticks)
