Version identifier: 22.2.0.0 | 2026-05-04 | 5dff98e58
CPXPARAM_Read_DataCheck                          1
CPXPARAM_Threads                                 4
CPXPARAM_Parallel                                1
CPXPARAM_RandomSeed                              20260925
CPXPARAM_MIP_Strategy_Search                     1
CPXPARAM_Simplex_Tolerances_Optimality           1.0000000000000001e-09
CPXPARAM_Simplex_Tolerances_Feasibility          1.0000000000000001e-09
CPXPARAM_TimeLimit                               600
CPXPARAM_MIP_Tolerances_AbsMIPGap                1.0000000000000001e-09
CPXPARAM_MIP_Tolerances_Integrality              1.0000000000000001e-09
Legacy callback                                  iLUD
Lazy constraint(s) or lazy constraint/branch callback is present.
    Disabling dual reductions (CPX_PARAM_REDUCE) in presolve.
    Disabling presolve reductions that prevent crushing forms (CPX_PARAM_PREREFORM).
         Disabling repeat represolve because of lazy constraint/incumbent callback.
Warning: Effort level 'CheckFeas' is incompatible with lazy constraint/incumbent callback.
         Effort level increased to 'SolveFixed'.
1 of 1 MIP starts provided solutions.
MIP start 'm1' defined initial solution with objective 0.1507.
Tried aggregator 1 time.
MIP Presolve eliminated 42 rows and 0 columns.
MIP Presolve modified 120 coefficients.
Reduced MIP has 302 rows, 362 columns, and 2474 nonzeros.
Reduced MIP has 174 binaries, 0 generals, 0 SOSs, and 0 indicators.
Presolve time = 0.00 sec. (1.19 ticks)
Probing time = 0.00 sec. (0.10 ticks)
MIP emphasis: balance optimality and feasibility.
MIP search method: traditional branch-and-cut.
Parallel mode: deterministic, using up to 4 threads.
Root relaxation solution time = 0.00 sec. (5.37 ticks)

        Nodes                                         Cuts/
   Node  Left     Objective  IInf  Best Integer    Best Bound    ItCnt     Gap         Variable B NodeID Parent  Depth

*     0+    0                            0.1507        0.0000           100.00%
      0     0        0.1349    24        0.1507        0.1349      327   10.50%
      0     0        0.1384    31        0.1507       Cuts: 9      380    8.20%
      0     0        0.1397    31        0.1507    MIRcuts: 1      392    7.35%
      0     0        0.1397    30        0.1507   Flowcuts: 1      395    7.29%
      0     2        0.1397    30        0.1507        0.1397      395    7.29%                        0             0
Elapsed time = 0.06 sec. (43.94 ticks, tree = 0.02 MB, solutions = 1)
*     3+    2                            0.1504        0.1405             6.60%
*     9+    1                            0.1503        0.1405             6.48%
*   155+   46                            0.1499        0.1420             5.23%

Cover cuts applied:  1
Flow cuts applied:  2
Mixed integer rounding cuts applied:  8

Root node processing (before b&c):
  Real time             =    0.06 sec. (43.73 ticks)
Parallel b&c, 4 threads:
  Real time             =    0.25 sec. (162.36 ticks)
  Sync time (average)   =    0.02 sec.
  Wait time (average)   =    0.00 sec.
                          ------------
Total (root+branch&cut) =    0.31 sec. (206.08 ticks)
