Version identifier: 22.2.0.0 | 2026-05-04 | 5dff98e58
CPXPARAM_Read_DataCheck                          1
CPXPARAM_Threads                                 4
CPXPARAM_Parallel                                1
CPXPARAM_RandomSeed                              20260925
CPXPARAM_MIP_Strategy_Search                     1
CPXPARAM_Simplex_Tolerances_Optimality           1.0000000000000001e-09
CPXPARAM_Simplex_Tolerances_Feasibility          1.0000000000000001e-09
CPXPARAM_TimeLimit                               600
CPXPARAM_MIP_Tolerances_AbsMIPGap                1.0000000000000001e-09
CPXPARAM_MIP_Tolerances_Integrality              1.0000000000000001e-09
Legacy callback                                  iLUD
Lazy constraint(s) or lazy constraint/branch callback is present.
    Disabling dual reductions (CPX_PARAM_REDUCE) in presolve.
    Disabling presolve reductions that prevent crushing forms (CPX_PARAM_PREREFORM).
         Disabling repeat represolve because of lazy constraint/incumbent callback.
Warning: Effort level 'CheckFeas' is incompatible with lazy constraint/incumbent callback.
         Effort level increased to 'SolveFixed'.
1 of 1 MIP starts provided solutions.
MIP start 'm1' defined initial solution with objective -0.1369.
Tried aggregator 1 time.
MIP Presolve eliminated 42 rows and 0 columns.
Reduced MIP has 294 rows, 362 columns, and 2140 nonzeros.
Reduced MIP has 174 binaries, 0 generals, 0 SOSs, and 0 indicators.
Presolve time = 0.00 sec. (0.88 ticks)
Probing time = 0.00 sec. (0.08 ticks)
MIP emphasis: balance optimality and feasibility.
MIP search method: traditional branch-and-cut.
Parallel mode: deterministic, using up to 4 threads.
Root relaxation solution time = 0.00 sec. (5.39 ticks)

        Nodes                                         Cuts/
   Node  Left     Objective  IInf  Best Integer    Best Bound    ItCnt     Gap         Variable B NodeID Parent  Depth

*     0+    0                           -0.1369       -0.7901           477.11%
      0     0       -0.2663    27       -0.1369       -0.2663      351   94.55%
*     0+    0                           -0.2238       -0.2663            19.00%
      0     0       -0.2651    37       -0.2238      Cuts: 10      389   18.44%
      0     0       -0.2639    37       -0.2238       Cuts: 3      438   17.91%
*     0+    0                           -0.2333       -0.2639            13.10%
      0     0       -0.2632    42       -0.2333    MIRcuts: 4      479   12.78%
      0     0       -0.2632    43       -0.2333    MIRcuts: 1      480   12.78%
      0     0       -0.2629    40       -0.2333    MIRcuts: 1      489   12.68%
*     0+    0                           -0.2476       -0.2629             6.18%
*     0+    0                           -0.2536       -0.2629             3.69%
      0     2       -0.2629    40       -0.2536       -0.2629      489    3.69%                        0             0
Elapsed time = 0.11 sec. (65.83 ticks, tree = 0.02 MB, solutions = 5)

Flow cuts applied:  2
Mixed integer rounding cuts applied:  6
Gomory fractional cuts applied:  1
User cuts applied:  8

Root node processing (before b&c):
  Real time             =    0.11 sec. (65.61 ticks)
Parallel b&c, 4 threads:
  Real time             =    0.30 sec. (124.97 ticks)
  Sync time (average)   =    0.04 sec.
  Wait time (average)   =    0.00 sec.
                          ------------
Total (root+branch&cut) =    0.41 sec. (190.57 ticks)
