Version identifier: 22.2.0.0 | 2026-05-04 | 5dff98e58
CPXPARAM_Read_DataCheck                          1
CPXPARAM_Threads                                 4
CPXPARAM_Parallel                                1
CPXPARAM_RandomSeed                              20260925
CPXPARAM_Simplex_Tolerances_Optimality           1.0000000000000001e-09
CPXPARAM_Simplex_Tolerances_Feasibility          1.0000000000000001e-09
CPXPARAM_TimeLimit                               600
CPXPARAM_MIP_Tolerances_AbsMIPGap                1.0000000000000001e-09
CPXPARAM_MIP_Tolerances_Integrality              1.0000000000000001e-09
Legacy callback                                  i
Found incumbent of value 0.000000 after 0.00 sec. (0.02 ticks)
Tried aggregator 1 time.
MIP Presolve eliminated 40 rows and 2 columns.
MIP Presolve modified 504 coefficients.
Reduced MIP has 656 rows, 708 columns, and 5658 nonzeros.
Reduced MIP has 174 binaries, 0 generals, 0 SOSs, and 0 indicators.
Presolve time = 0.00 sec. (2.27 ticks)
Probing time = 0.00 sec. (0.17 ticks)
Tried aggregator 1 time.
Detecting symmetries...
Reduced MIP has 656 rows, 708 columns, and 5658 nonzeros.
Reduced MIP has 174 binaries, 0 generals, 0 SOSs, and 0 indicators.
Presolve time = 0.00 sec. (2.26 ticks)
Probing time = 0.00 sec. (0.17 ticks)
MIP emphasis: balance optimality and feasibility.
MIP search method: dynamic search.
Parallel mode: deterministic, using up to 4 threads.
Root relaxation solution time = 0.02 sec. (16.12 ticks)

        Nodes                                         Cuts/
   Node  Left     Objective  IInf  Best Integer    Best Bound    ItCnt     Gap

*     0+    0                            0.0000       -1.5487              --- 
*     0+    0                           -0.1168       -1.5487              --- 
      0     0       -0.5048    34       -0.1168       -0.5048      719  332.29%
*     0+    0                           -0.3051       -0.5048            65.45%
      0     0       -0.5048    47       -0.3051      Cuts: 59     1179   65.45%
*     0+    0                           -0.4011       -0.5048            25.85%
      0     0       -0.5031    64       -0.4011      Cuts: 33     1871   25.44%
      0     0       -0.4988    63       -0.4011   MIRcuts: 23     2474   24.37%
      0     0       -0.4967    69       -0.4011   MIRcuts: 24     3112   23.84%
*     0+    0                           -0.4179       -0.4967            18.87%
      0     0       -0.4951    77       -0.4179   MIRcuts: 23     3664   18.49%
Detecting symmetries...
      0     0       -0.4942    76       -0.4179   MIRcuts: 25     3956   18.26%
      0     0       -0.4932    76       -0.4179   MIRcuts: 15     4179   18.03%
      0     0       -0.4925    79       -0.4179   MIRcuts: 26     4328   17.87%
      0     0       -0.4920    86       -0.4179   MIRcuts: 19     4506   17.75%
      0     0       -0.4916    91       -0.4179   MIRcuts: 11     4586   17.66%
*     0+    0                           -0.4196       -0.4916            17.16%
      0     0       -0.4913    82       -0.4196   MIRcuts: 10     4736   17.09%
*     0+    0                           -0.4333       -0.4913            13.39%
*     0+    0                           -0.4381       -0.4913            12.15%
      0     0       -0.4902    85       -0.4381      Cuts: 16     4866   11.88%
      0     0       -0.4893    85       -0.4381   MIRcuts: 20     5019   11.69%
      0     0       -0.4885    82       -0.4381   MIRcuts: 19     5192   11.50%
      0     0       -0.4879    85       -0.4381    MIRcuts: 9     5311   11.36%
      0     0       -0.4878    84       -0.4381    MIRcuts: 7     5364   11.35%
*     0+    0                           -0.4476       -0.4878             8.98%
Detecting symmetries...
      0     2       -0.4878    81       -0.4476       -0.4845     5364    8.23%
Elapsed time = 1.31 sec. (942.91 ticks, tree = 0.02 MB, solutions = 9)
     92    77       -0.4628    39       -0.4476       -0.4845    16955    8.23%
    202   149       -0.4782    59       -0.4476       -0.4845    31170    8.23%
    292   218       -0.4840    72       -0.4476       -0.4845    41686    8.23%
    422   329       -0.4714    56       -0.4476       -0.4845    54886    8.23%
    579   428       -0.4672    52       -0.4476       -0.4840    65282    8.12%
    734   589       -0.4644    46       -0.4476       -0.4837    79866    8.06%
    868   667       -0.4618    42       -0.4476       -0.4832    90831    7.94%
    990   808       -0.4679    60       -0.4476       -0.4819   110143    7.67%
   1128   901       -0.4703    58       -0.4476       -0.4819   123218    7.66%
   1779  1455       -0.4484    21       -0.4476       -0.4814   187162    7.54%
Elapsed time = 4.27 sec. (4061.28 ticks, tree = 5.42 MB, solutions = 9)
   2471  2042       -0.4581    22       -0.4476       -0.4810   247138    7.45%

Performing restart 1

Repeating presolve.
Tried aggregator 1 time.
MIP Presolve modified 168 coefficients.
Reduced MIP has 656 rows, 708 columns, and 5610 nonzeros.
Reduced MIP has 174 binaries, 0 generals, 0 SOSs, and 0 indicators.
Presolve time = 0.00 sec. (2.54 ticks)
Tried aggregator 1 time.
Reduced MIP has 656 rows, 708 columns, and 5610 nonzeros.
Reduced MIP has 174 binaries, 0 generals, 0 SOSs, and 0 indicators.
Presolve time = 0.00 sec. (2.27 ticks)
Represolve time = 0.02 sec. (13.50 ticks)
   2475     0       -0.4861    86       -0.4476      Cuts: 18   258015    7.44%
   2475     0       -0.4851    84       -0.4476      Cuts: 21   258194    7.44%
   2475     0       -0.4841    79       -0.4476      Cuts: 19   258387    7.44%
   2475     0       -0.4838    82       -0.4476    MIRcuts: 8   258479    7.44%
   2475     0       -0.4825    82       -0.4476      Cuts: 16   258718    7.44%
   2475     0       -0.4815    86       -0.4476      Cuts: 13   258946    7.44%
   2475     0       -0.4814    86       -0.4476    MIRcuts: 9   259003    7.44%
   2475     0       -0.4813    84       -0.4476       Cuts: 9   259088    7.44%
   2475     0       -0.4808    81       -0.4476       Cuts: 8   259232    7.42%
   2475     0       -0.4806    84       -0.4476   MIRcuts: 10   259349    7.37%
   2475     0       -0.4805    81       -0.4476   MIRcuts: 10   259427    7.34%
   2475     0       -0.4804    81       -0.4476    MIRcuts: 4   259478    7.32%
   2475     0       -0.4803    83       -0.4476    MIRcuts: 3   259555    7.30%
   2475     0       -0.4802    85       -0.4476    MIRcuts: 3   259630    7.28%
   2475     0       -0.4802    85       -0.4476    MIRcuts: 2   259644    7.28%
   2475     0       -0.4801    85       -0.4476    MIRcuts: 2   259697    7.26%
   2475     0       -0.4801    84       -0.4476    MIRcuts: 3   259768    7.25%
   2475     0       -0.4800    83       -0.4476    MIRcuts: 5   259829    7.23%
   2475     0       -0.4800    86       -0.4476    MIRcuts: 4   259865    7.22%
   2475     2       -0.4800    85       -0.4476       -0.4800   259865    7.22%
   2575    78       -0.4575    37       -0.4476       -0.4795   283483    7.12%
   2888   258       -0.4548    20       -0.4476       -0.4754   319353    6.20%
   3358   731       -0.4528    40       -0.4476       -0.4744   361694    5.98%
   3769  1092       -0.4646    54       -0.4476       -0.4732   399953    5.71%
   4225  1444       -0.4651    79       -0.4476       -0.4725   436931    5.57%
   4662  1823       -0.4626    72       -0.4476       -0.4720   479227    5.44%
   5082  2222       -0.4542    44       -0.4476       -0.4717   522724    5.38%
   5650  2633       -0.4583    70       -0.4476       -0.4710   567193    5.21%
Elapsed time = 13.58 sec. (14829.20 ticks, tree = 12.37 MB, solutions = 9)
   6169  3075       -0.4675    72       -0.4476       -0.4704   615673    5.10%
*  6253+ 3072                           -0.4524       -0.4704             3.99%
*  6317+ 2748                           -0.4548       -0.4703             3.42%
*  6407+ 2393                           -0.4571       -0.4703             2.88%
   6602  2187       -0.4587    38       -0.4571       -0.4702   662372    2.86%
   7132  2548       -0.4613    55       -0.4571       -0.4699   705038    2.78%
   7570  2948       -0.4627    63       -0.4571       -0.4694   752601    2.67%
   8026  3310       -0.4667    54       -0.4571       -0.4690   797077    2.59%
   8460  3541       -0.4599    44       -0.4571       -0.4688   828103    2.55%
   8780  3824       -0.4640    63       -0.4571       -0.4686   874682    2.50%
   9165  4139       -0.4619    69       -0.4571       -0.4684   923210    2.46%
   9586  4417       -0.4596    39       -0.4571       -0.4682   966675    2.42%
   9933  4594       -0.4621    48       -0.4571       -0.4680  1000510    2.38%
Elapsed time = 21.56 sec. (24388.55 ticks, tree = 21.15 MB, solutions = 12)
  10313  4896        cutoff             -0.4571       -0.4678  1054961    2.34%
  10696  5170       -0.4603    61       -0.4571       -0.4677  1105757    2.30%
  11102  5430        cutoff             -0.4571       -0.4675  1151956    2.26%
  11512  5641        cutoff             -0.4571       -0.4673  1194816    2.22%
  11929  5946       -0.4616    44       -0.4571       -0.4671  1240695    2.18%
  12333  6248       -0.4622    58       -0.4571       -0.4670  1294651    2.15%
  12714  6348       -0.4585    55       -0.4571       -0.4669  1316189    2.13%
  13092  6618       -0.4580    67       -0.4571       -0.4666  1376189    2.08%
  13473  6850       -0.4572    42       -0.4571       -0.4665  1424563    2.05%
  13892  7117       -0.4592    66       -0.4571       -0.4663  1473973    2.01%
Elapsed time = 29.41 sec. (33944.10 ticks, tree = 34.33 MB, solutions = 12)
  14305  7433       -0.4592    34       -0.4571       -0.4662  1522288    1.98%
  14749  7665       -0.4601    55       -0.4571       -0.4661  1560806    1.95%
  15139  7919       -0.4583    66       -0.4571       -0.4660  1604164    1.93%
  15514  8173       -0.4615    40       -0.4571       -0.4658  1658785    1.90%
  15901  8367        cutoff             -0.4571       -0.4658  1688812    1.88%
  16279  8586       -0.4582    56       -0.4571       -0.4656  1731718    1.85%
  16632  8827       -0.4602    50       -0.4571       -0.4655  1775251    1.82%
  17021  9056       -0.4623    68       -0.4571       -0.4654  1833487    1.81%
  17336  9268       -0.4587    66       -0.4571       -0.4654  1874941    1.80%
  17611  9373       -0.4595    15       -0.4571       -0.4653  1906086    1.78%
Elapsed time = 37.41 sec. (43523.48 ticks, tree = 44.28 MB, solutions = 12)
  17864  9563       -0.4600    53       -0.4571       -0.4652  1950051    1.77%
  18145  9602       -0.4578    71       -0.4571       -0.4652  1970230    1.75%
  18385  9789       -0.4574    35       -0.4571       -0.4651  2024780    1.74%
  18620  9873       -0.4616    69       -0.4571       -0.4651  2054186    1.73%
  18882 10065       -0.4573    67       -0.4571       -0.4650  2107362    1.71%
  19137 10128       -0.4601    58       -0.4571       -0.4649  2130227    1.70%
  19350 10273       -0.4584    59       -0.4571       -0.4649  2167539    1.69%
  19580 10322       -0.4589    59       -0.4571       -0.4648  2191391    1.67%
  19840 10503       -0.4586    57       -0.4571       -0.4647  2245453    1.65%
  20100 10684       -0.4588    68       -0.4571       -0.4646  2297591    1.64%
Elapsed time = 45.56 sec. (53094.78 ticks, tree = 51.10 MB, solutions = 12)
  20317 10784        cutoff             -0.4571       -0.4646  2322144    1.63%
  20537 10801        cutoff             -0.4571       -0.4646  2338691    1.62%
  20769 10965       -0.4590    78       -0.4571       -0.4645  2392964    1.61%
  21002 11035       -0.4580    60       -0.4571       -0.4645  2410536    1.60%
  21186 11100        cutoff             -0.4571       -0.4644  2445023    1.59%
  21435 11176       -0.4604    76       -0.4571       -0.4643  2492266    1.58%
  21683 11264       -0.4586    83       -0.4571       -0.4643  2522632    1.57%
  21951 11437       -0.4612    80       -0.4571       -0.4643  2582618    1.56%
  22204 11596       -0.4578    40       -0.4571       -0.4642  2628753    1.54%
  22411 11613       -0.4622    84       -0.4571       -0.4642  2644884    1.53%
Elapsed time = 53.48 sec. (62660.07 ticks, tree = 56.56 MB, solutions = 12)
  22672 11724       -0.4573    66       -0.4571       -0.4641  2674770    1.53%
  22879 11886       -0.4578    56       -0.4571       -0.4641  2733808    1.51%
  23177 11943       -0.4580    51       -0.4571       -0.4640  2761897    1.49%
  23435 12045       -0.4586    54       -0.4571       -0.4639  2802232    1.49%
  23688 12200       -0.4571    44       -0.4571       -0.4639  2856906    1.48%
  23920 12336       -0.4581    63       -0.4571       -0.4639  2902376    1.47%
  24195 12391       -0.4577    56       -0.4571       -0.4638  2931801    1.46%
  24484 12474        cutoff             -0.4571       -0.4638  2972465    1.45%
  24716 12509       -0.4583    60       -0.4571       -0.4638  2982463    1.45%
  24991 12761       -0.4607    59       -0.4571       -0.4637  3072541    1.43%
Elapsed time = 61.48 sec. (72243.33 ticks, tree = 62.42 MB, solutions = 12)
  25323 12831       -0.4576    72       -0.4571       -0.4636  3092800    1.42%
  25618 13011       -0.4577    22       -0.4571       -0.4636  3128207    1.41%
  25911 13176       -0.4585    37       -0.4571       -0.4635  3182157    1.39%
  26196 13264       -0.4572    41       -0.4571       -0.4635  3211104    1.39%
  26328 13399       -0.4596    59       -0.4571       -0.4634  3255335    1.38%
  26459 13457       -0.4596    58       -0.4571       -0.4634  3275920    1.38%
  26602 13521       -0.4610    67       -0.4571       -0.4634  3301415    1.38%
  26757 13582       -0.4583    76       -0.4571       -0.4634  3316824    1.38%
  26921 13647       -0.4592    40       -0.4571       -0.4634  3337593    1.38%
  27029 13680       -0.4578    36       -0.4571       -0.4634  3353382    1.38%
Elapsed time = 69.92 sec. (81824.81 ticks, tree = 69.18 MB, solutions = 12)
  27161 13763        cutoff             -0.4571       -0.4634  3389066    1.38%
  27295 13796       -0.4582    64       -0.4571       -0.4634  3406107    1.38%
  27427 13820       -0.4620    46       -0.4571       -0.4634  3416813    1.38%
  27599 13908       -0.4607    51       -0.4571       -0.4634  3451249    1.38%
  27755 13947       -0.4589    42       -0.4571       -0.4634  3461694    1.38%
  27874 14017       -0.4578    63       -0.4571       -0.4634  3486019    1.38%
  28015 14080       -0.4589    50       -0.4571       -0.4634  3512097    1.38%
  28186 14117       -0.4577    41       -0.4571       -0.4634  3522560    1.38%
  28315 14199       -0.4585    58       -0.4571       -0.4634  3548112    1.38%
  29099 14502       -0.4577    59       -0.4571       -0.4634  3642903    1.38%
Elapsed time = 82.17 sec. (94310.15 ticks, tree = 73.56 MB, solutions = 12)
  30094 14754       -0.4580    54       -0.4571       -0.4629  3751894    1.26%
  31203 15076       -0.4584    19       -0.4571       -0.4627  3942882    1.22%
  32354 15462       -0.4576    60       -0.4571       -0.4625  4105012    1.17%
  33490 15774       -0.4587    34       -0.4571       -0.4623  4254936    1.14%
  34601 16138        cutoff             -0.4571       -0.4622  4425458    1.11%
  35815 16445       -0.4574    53       -0.4571       -0.4620  4576077    1.07%
  36923 16724       -0.4585    57       -0.4571       -0.4619  4750521    1.04%
  38124 16945       -0.4583    46       -0.4571       -0.4618  4889813    1.01%
  39454 17306       -0.4588    66       -0.4571       -0.4616  5073941    0.97%
  40660 17487        cutoff             -0.4571       -0.4615  5228343    0.94%
Elapsed time = 114.58 sec. (132480.26 ticks, tree = 90.39 MB, solutions = 12)
  41855 17674        cutoff             -0.4571       -0.4613  5430394    0.91%
  43144 17848       -0.4600    64       -0.4571       -0.4611  5595348    0.87%
  44314 17945       -0.4591    46       -0.4571       -0.4610  5723298    0.84%
  45457 17963       -0.4584    63       -0.4571       -0.4608  5933279    0.80%
* 46285+17984                           -0.4589       -0.4607             0.40%
  46990  7185        cutoff             -0.4589       -0.4606  6091961    0.38%
  49122  6143        cutoff             -0.4589       -0.4602  6243229    0.28%
  51755  4118       -0.4590    15       -0.4589       -0.4596  6364170    0.16%
  53351  3093        cutoff             -0.4589       -0.4594  6536319    0.12%

Mixed integer rounding cuts applied:  432
Lift and project cuts applied:  15

Root node processing (before b&c):
  Real time             =    1.31 sec. (942.16 ticks)
Parallel b&c, 4 threads:
  Real time             =  140.84 sec. (164549.84 ticks)
  Sync time (average)   =    5.50 sec.
  Wait time (average)   =    0.00 sec.
                          ------------
Total (root+branch&cut) =  142.16 sec. (165492.01 ticks)
