Version identifier: 22.2.0.0 | 2026-05-04 | 5dff98e58
CPXPARAM_Read_DataCheck                          1
CPXPARAM_Threads                                 4
CPXPARAM_Parallel                                1
CPXPARAM_RandomSeed                              20260925
CPXPARAM_Simplex_Tolerances_Optimality           1.0000000000000001e-09
CPXPARAM_Simplex_Tolerances_Feasibility          1.0000000000000001e-09
CPXPARAM_TimeLimit                               600
CPXPARAM_MIP_Tolerances_AbsMIPGap                1.0000000000000001e-09
CPXPARAM_MIP_Tolerances_Integrality              1.0000000000000001e-09
Legacy callback                                  i
1 of 1 MIP starts provided solutions.
MIP start 'm1' defined initial solution with objective 0.1506.
Tried aggregator 1 time.
MIP Presolve eliminated 38 rows and 2 columns.
MIP Presolve modified 504 coefficients.
Reduced MIP has 660 rows, 708 columns, and 5682 nonzeros.
Reduced MIP has 174 binaries, 0 generals, 0 SOSs, and 0 indicators.
Presolve time = 0.00 sec. (2.27 ticks)
Probing time = 0.00 sec. (0.17 ticks)
Tried aggregator 1 time.
Detecting symmetries...
Reduced MIP has 660 rows, 708 columns, and 5682 nonzeros.
Reduced MIP has 174 binaries, 0 generals, 0 SOSs, and 0 indicators.
Presolve time = 0.00 sec. (2.24 ticks)
Probing time = 0.00 sec. (0.17 ticks)
MIP emphasis: balance optimality and feasibility.
MIP search method: dynamic search.
Parallel mode: deterministic, using up to 4 threads.
Root relaxation solution time = 0.02 sec. (10.69 ticks)

        Nodes                                         Cuts/
   Node  Left     Objective  IInf  Best Integer    Best Bound    ItCnt     Gap

*     0+    0                            0.1506        0.0000           100.00%
      0     0        0.1305    28        0.1506        0.1305      503   13.36%
      0     0        0.1306    36        0.1506      Cuts: 28      593   13.30%
      0     0        0.1306    38        0.1506      Cuts: 36      668   13.27%
      0     0        0.1307    40        0.1506   MIRcuts: 29      750   13.26%
      0     0        0.1307    43        0.1506   MIRcuts: 15      805   13.26%
      0     0        0.1307    47        0.1506   MIRcuts: 11      866   13.23%
Detecting symmetries...
      0     0        0.1307    54        0.1506   MIRcuts: 20      954   13.23%
*     0+    0                            0.1499        0.1307            12.81%
Detecting symmetries...
      0     2        0.1307    47        0.1499        0.1309      954   12.67%
Elapsed time = 0.23 sec. (190.20 ticks, tree = 0.02 MB, solutions = 2)
    182    96        0.1342    44        0.1499        0.1309    15314   12.67%
    559   393        0.1368    25        0.1499        0.1313    34824   12.44%
   1001   755        0.1393    23        0.1499        0.1323    53731   11.77%
   1408  1083        0.1454    20        0.1499        0.1325    74089   11.64%
   1875  1447        0.1360    33        0.1499        0.1328    92534   11.43%
   2341  1823        0.1398    22        0.1499        0.1330   116083   11.28%

Performing restart 1

Repeating presolve.
Tried aggregator 1 time.
MIP Presolve modified 168 coefficients.
Reduced MIP has 660 rows, 708 columns, and 5634 nonzeros.
Reduced MIP has 174 binaries, 0 generals, 0 SOSs, and 0 indicators.
Presolve time = 0.00 sec. (2.54 ticks)
Tried aggregator 1 time.
Reduced MIP has 660 rows, 708 columns, and 5634 nonzeros.
Reduced MIP has 174 binaries, 0 generals, 0 SOSs, and 0 indicators.
Presolve time = 0.00 sec. (2.25 ticks)
Represolve time = 0.00 sec. (7.38 ticks)
   2552     0        0.1307    55        0.1499      Cuts: 20   128336   11.24%
   2552     0        0.1307    61        0.1499      Cuts: 10   128432   11.24%
   2552     0        0.1307    66        0.1499      Cuts: 21   128516   11.24%
   2552     0        0.1310    62        0.1499   MIRcuts: 13   128618   11.24%
   2552     0        0.1312    60        0.1499      Cuts: 24   128699   11.24%
   2552     0        0.1316    58        0.1499      Cuts: 12   128778   11.24%
   2552     0        0.1318    60        0.1499      Cuts: 15   128845   11.24%
   2552     0        0.1319    64        0.1499      Cuts: 15   128926   11.24%
   2552     0        0.1323    60        0.1499      Cuts: 21   129072   11.24%
   2552     0        0.1326    62        0.1499      Cuts: 13   129164   11.24%
   2552     0        0.1330    70        0.1499   MIRcuts: 16   129243   11.24%
   2552     0        0.1331    71        0.1499      Cuts: 12   129297   11.23%
   2552     0        0.1332    72        0.1499    MIRcuts: 5   129357   11.16%
   2552     0        0.1332    74        0.1499    MIRcuts: 8   129395   11.12%
   2552     0        0.1334    68        0.1499       Cuts: 7   129449   11.01%
   2552     0        0.1336    67        0.1499    MIRcuts: 7   129505   10.91%
   2552     0        0.1337    64        0.1499   MIRcuts: 10   129565   10.81%
   2552     0        0.1338    59        0.1499       Cuts: 8   129631   10.73%
   2552     0        0.1340    72        0.1499      Cuts: 11   129694   10.60%
   2552     0        0.1341    71        0.1499       Cuts: 6   129771   10.54%
   2552     0        0.1341    69        0.1499      Cuts: 15   129798   10.53%
   2552     2        0.1341    69        0.1499        0.1341   129798   10.53%
   2561     9        0.1355    55        0.1499        0.1343   130468   10.43%
   2659    58        0.1454    33        0.1499        0.1343   135546   10.43%
   3501   667        0.1436    47        0.1499        0.1355   195144    9.62%
Elapsed time = 7.06 sec. (8296.22 ticks, tree = 0.94 MB, solutions = 2)
   4326  1344        0.1427    41        0.1499        0.1361   247708    9.20%
   5166  1904        0.1416    35        0.1499        0.1366   293735    8.91%
   6037  2630        0.1447    36        0.1499        0.1371   350343    8.55%
   7024  3400        0.1463    36        0.1499        0.1373   403189    8.43%
   7791  3984        0.1469    31        0.1499        0.1375   456717    8.25%
   8546  4511        0.1410    65        0.1499        0.1378   513150    8.10%
   9307  5102        0.1427    64        0.1499        0.1380   574893    7.93%
  10053  5553        0.1484    35        0.1499        0.1381   623339    7.86%
  10811  6066        0.1453    42        0.1499        0.1383   681089    7.75%
  11539  6571        0.1417    41        0.1499        0.1384   740985    7.67%
Elapsed time = 14.92 sec. (17839.72 ticks, tree = 23.35 MB, solutions = 2)
  12319  7144        0.1474    31        0.1499        0.1386   806958    7.57%
  13022  7599        0.1468    49        0.1499        0.1388   861698    7.43%
  13914  8237        0.1479    48        0.1499        0.1389   921833    7.34%
  14737  8749        0.1420    39        0.1499        0.1391   971652    7.21%
  15542  9323        0.1458    49        0.1499        0.1392  1030583    7.13%
  16332  9857        0.1473    58        0.1499        0.1393  1086593    7.07%
  17022 10354        0.1464    35        0.1499        0.1394  1152046    6.99%
  17719 10780        cutoff              0.1499        0.1396  1215058    6.91%
  18512 11161        cutoff              0.1499        0.1396  1253670    6.87%
  19322 11796        cutoff              0.1499        0.1398  1341374    6.76%
Elapsed time = 22.72 sec. (27384.76 ticks, tree = 44.58 MB, solutions = 2)
  20027 12185        0.1462    33        0.1499        0.1399  1385704    6.69%
  20787 12566        0.1454    46        0.1499        0.1400  1440974    6.61%
  21538 13005        0.1440    58        0.1499        0.1401  1499537    6.55%
  22215 13396        0.1472    37        0.1499        0.1402  1558834    6.49%
  23032 14063        0.1467    46        0.1499        0.1403  1636772    6.40%
  23722 14314        0.1477    47        0.1499        0.1404  1673857    6.36%
  24324 14841        0.1479    43        0.1499        0.1405  1749871    6.29%
  24913 15128        0.1466    67        0.1499        0.1406  1800508    6.22%
  25562 15515        0.1477    55        0.1499        0.1407  1873794    6.17%
  26183 15768        0.1483    51        0.1499        0.1408  1912498    6.11%
Elapsed time = 31.34 sec. (36933.67 ticks, tree = 60.85 MB, solutions = 2)
* 26527+15929                            0.1498        0.1408             5.98%
  26546 16103        0.1451    52        0.1498        0.1408  1984844    5.98%
  26840 16181        0.1499    48        0.1498        0.1408  2000340    5.98%
  27163 16431        0.1450    41        0.1498        0.1408  2046704    5.98%
  27490 16552        0.1423    52        0.1498        0.1408  2074190    5.98%
  27812 16771        cutoff              0.1498        0.1408  2112149    5.98%
  28116 16876        0.1464    50        0.1498        0.1408  2139158    5.98%
  28354 16976        0.1438    27        0.1498        0.1408  2165210    5.98%
  28782 17076        0.1447    45        0.1498        0.1408  2200950    5.98%
  29268 17241        0.1439    51        0.1498        0.1412  2234005    5.74%
  29902 17545        cutoff              0.1498        0.1413  2294939    5.68%
Elapsed time = 41.52 sec. (46528.21 ticks, tree = 68.45 MB, solutions = 3)
  30486 17790        0.1477    37        0.1498        0.1413  2343348    5.63%
  31036 18034        cutoff              0.1498        0.1414  2398735    5.60%
  31719 18431        cutoff              0.1498        0.1415  2475405    5.55%
  32334 18729        0.1449    29        0.1498        0.1415  2524102    5.49%
  32976 19096        0.1476    42        0.1498        0.1416  2592239    5.46%
  33597 19365        0.1464    50        0.1498        0.1417  2657391    5.41%
  34197 19534        cutoff              0.1498        0.1417  2693355    5.37%
  34887 19760        cutoff              0.1498        0.1418  2740246    5.34%
  35617 20386        0.1459    44        0.1498        0.1419  2831525    5.28%
  36212 20627        cutoff              0.1498        0.1419  2881853    5.24%
Elapsed time = 48.94 sec. (56079.52 ticks, tree = 81.68 MB, solutions = 3)
  36881 21001        cutoff              0.1498        0.1420  2949340    5.20%
  37468 21232        0.1471    46        0.1498        0.1420  3002904    5.15%
  38111 21596        0.1461    42        0.1498        0.1421  3069425    5.09%
  38842 21736        0.1482    37        0.1498        0.1422  3097043    5.06%
  39639 21846        0.1484    46        0.1498        0.1422  3165627    5.03%
  40380 22052        cutoff              0.1498        0.1423  3232481    5.00%
  41151 22375        0.1483    49        0.1498        0.1423  3294817    4.96%
  41853 22705        0.1492    42        0.1498        0.1423  3362318    4.96%
  42542 22904        0.1455    58        0.1498        0.1424  3399627    4.89%
  43206 23269        0.1484    40        0.1498        0.1425  3487310    4.86%
Elapsed time = 56.27 sec. (65629.12 ticks, tree = 93.27 MB, solutions = 3)
  43867 23542        0.1481    47        0.1498        0.1425  3542061    4.83%
  44544 23702        0.1442    45        0.1498        0.1426  3586177    4.80%
  45220 24056        cutoff              0.1498        0.1426  3656064    4.76%
  45951 24283        cutoff              0.1498        0.1427  3709380    4.73%
  46661 24747        0.1453    30        0.1498        0.1427  3794195    4.68%
  47377 24827        cutoff              0.1498        0.1428  3815076    4.66%
  48074 25246        0.1482    49        0.1498        0.1428  3901030    4.62%
  48823 25477        0.1481    43        0.1498        0.1429  3951966    4.59%
  49658 26006        0.1461    52        0.1498        0.1429  4036177    4.56%
  50328 26189        0.1453    46        0.1498        0.1430  4057202    4.53%
Elapsed time = 63.47 sec. (75184.26 ticks, tree = 104.54 MB, solutions = 3)
  51019 26608        cutoff              0.1498        0.1430  4158310    4.49%
  51751 26818        0.1475    49        0.1498        0.1431  4199046    4.48%
  52450 27117        cutoff              0.1498        0.1431  4264268    4.44%
  53066 27369        cutoff              0.1498        0.1432  4323757    4.41%
  53757 27569        cutoff              0.1498        0.1432  4366255    4.39%
  54506 27871        0.1439    25        0.1498        0.1432  4441761    4.36%
  55306 28280        0.1445    44        0.1498        0.1433  4511316    4.33%
  55967 28587        cutoff              0.1498        0.1433  4572182    4.29%
  56637 28761        0.1459    49        0.1498        0.1434  4625646    4.27%
  57398 28972        0.1459    56        0.1498        0.1434  4665630    4.24%
Elapsed time = 70.72 sec. (84734.32 ticks, tree = 114.87 MB, solutions = 3)
  58166 29342        cutoff              0.1498        0.1435  4739112    4.21%
  58849 29559        0.1450    42        0.1498        0.1435  4782195    4.19%
  59609 30000        cutoff              0.1498        0.1435  4875667    4.16%
  60347 30168        0.1464    56        0.1498        0.1436  4909386    4.14%
  61060 30387        cutoff              0.1498        0.1436  4963750    4.12%
  61745 30734        0.1456    47        0.1498        0.1436  5052159    4.09%
  62437 30903        cutoff              0.1498        0.1437  5101115    4.07%
  63133 31122        0.1474    49        0.1498        0.1437  5155409    4.04%
  63881 31438        0.1482    54        0.1498        0.1438  5237159    4.01%
  66820 32392        cutoff              0.1498        0.1439  5467827    3.91%
Elapsed time = 80.20 sec. (97146.43 ticks, tree = 127.94 MB, solutions = 3)
  69828 33386        0.1495    39        0.1498        0.1440  5703801    3.83%
  72849 34252        0.1496    34        0.1498        0.1442  5953172    3.73%
  75770 35132        0.1445    50        0.1498        0.1443  6178432    3.65%
  78793 36176        cutoff              0.1498        0.1444  6456207    3.56%
  81735 36872        0.1485    35        0.1498        0.1446  6702689    3.47%
  84754 37524        cutoff              0.1498        0.1447  6909079    3.38%
  87806 38184        0.1473    39        0.1498        0.1448  7160522    3.29%
  90867 38876        0.1474    57        0.1498        0.1450  7417070    3.20%
  93985 39543        cutoff              0.1498        0.1451  7648322    3.12%
  97120 40061        0.1467    40        0.1498        0.1452  7878642    3.03%
Elapsed time = 109.39 sec. (135314.52 ticks, tree = 155.04 MB, solutions = 3)
 100423 40650        cutoff              0.1498        0.1454  8136019    2.94%
 103607 41046        cutoff              0.1498        0.1455  8368222    2.86%
 106899 41422        0.1475    28        0.1498        0.1456  8604557    2.78%
 110082 41776        cutoff              0.1498        0.1457  8873932    2.70%
 113442 41932        cutoff              0.1498        0.1458  9092542    2.62%
 116684 42096        0.1480    49        0.1498        0.1460  9346445    2.54%
 120000 42239        cutoff              0.1498        0.1461  9600457    2.45%
 123338 42206        cutoff              0.1498        0.1462  9846275    2.37%
 126781 42161        0.1497    33        0.1498        0.1463 10076294    2.30%
 130291 41961        cutoff              0.1498        0.1464 10298411    2.21%
Elapsed time = 139.16 sec. (173474.05 ticks, tree = 159.28 MB, solutions = 3)
 133770 41685        cutoff              0.1498        0.1466 10554983    2.13%
 137427 41543        cutoff              0.1498        0.1467 10766317    2.04%
 141088 40856        cutoff              0.1498        0.1468 11051305    1.96%
 144782 40172        cutoff              0.1498        0.1469 11250603    1.88%
 148575 39199        cutoff              0.1498        0.1471 11496543    1.79%
 152531 38095        0.1489    33        0.1498        0.1472 11748034    1.71%
 156556 36787        cutoff              0.1498        0.1474 11971634    1.61%
 160820 35119        cutoff              0.1498        0.1475 12171036    1.52%
 165247 32788        cutoff              0.1498        0.1477 12424992    1.40%
 170170 30156        0.1494    35        0.1498        0.1479 12664325    1.27%
Elapsed time = 169.00 sec. (211630.99 ticks, tree = 109.86 MB, solutions = 3)
 175491 27045        cutoff              0.1498        0.1481 12900428    1.13%
 181585 21793        cutoff              0.1498        0.1484 13173719    0.93%
 189054 15209        cutoff              0.1498        0.1488 13409405    0.67%
 199377  5463        0.1496    46        0.1498        0.1493 13610246    0.28%

Cover cuts applied:  19
Flow cuts applied:  2
Mixed integer rounding cuts applied:  165
Lift and project cuts applied:  2
Gomory fractional cuts applied:  2

Root node processing (before b&c):
  Real time             =    0.23 sec. (189.84 ticks)
Parallel b&c, 4 threads:
  Real time             =  182.20 sec. (227901.27 ticks)
  Sync time (average)   =    6.74 sec.
  Wait time (average)   =    0.00 sec.
                          ------------
Total (root+branch&cut) =  182.44 sec. (228091.10 ticks)
