Version identifier: 22.2.0.0 | 2026-05-04 | 5dff98e58
CPXPARAM_Read_DataCheck                          1
CPXPARAM_Threads                                 4
CPXPARAM_Parallel                                1
CPXPARAM_RandomSeed                              20260925
CPXPARAM_MIP_Strategy_Search                     1
CPXPARAM_Simplex_Tolerances_Optimality           1.0000000000000001e-09
CPXPARAM_Simplex_Tolerances_Feasibility          1.0000000000000001e-09
CPXPARAM_TimeLimit                               600
CPXPARAM_MIP_Tolerances_AbsMIPGap                1.0000000000000001e-09
CPXPARAM_MIP_Tolerances_Integrality              1.0000000000000001e-09
Legacy callback                                  iLUD
Lazy constraint(s) or lazy constraint/branch callback is present.
    Disabling dual reductions (CPX_PARAM_REDUCE) in presolve.
    Disabling presolve reductions that prevent crushing forms (CPX_PARAM_PREREFORM).
         Disabling repeat represolve because of lazy constraint/incumbent callback.
Warning: Effort level 'CheckFeas' is incompatible with lazy constraint/incumbent callback.
         Effort level increased to 'SolveFixed'.
1 of 1 MIP starts provided solutions.
MIP start 'm1' defined initial solution with objective 0.0571.
Tried aggregator 1 time.
MIP Presolve eliminated 3101 rows and 0 columns.
Reduced MIP has 1607 rows, 2432 columns, and 50347 nonzeros.
Reduced MIP has 1200 binaries, 0 generals, 0 SOSs, and 0 indicators.
Presolve time = 0.03 sec. (25.92 ticks)
Probing time = 0.00 sec. (0.80 ticks)
MIP emphasis: balance optimality and feasibility.
MIP search method: traditional branch-and-cut.
Parallel mode: deterministic, using up to 4 threads.
Root relaxation solution time = 0.05 sec. (60.60 ticks)

        Nodes                                         Cuts/
   Node  Left     Objective  IInf  Best Integer    Best Bound    ItCnt     Gap         Variable B NodeID Parent  Depth

*     0+    0                            0.0571        0.0000           100.00%
      0     0        0.0503    20        0.0571        0.0503     1060   11.88%
      0     0        0.0503    21        0.0571     Covers: 1     1067   11.88%
*     0+    0                            0.0556        0.0503             9.40%
*     0+    0                            0.0556        0.0503             9.39%
      0     0  -1.00000e+75     0        0.0556        0.0503     1067    9.39%
      0     2        0.0503    17        0.0556        0.0503     1067    9.39%                        0             0
Elapsed time = 0.47 sec. (451.08 ticks, tree = 0.02 MB, solutions = 3)
     64    53        0.0521    20        0.0556        0.0503     2590    9.39%           x1122 D     70     62     15
    210   145        cutoff              0.0556        0.0509     8522    8.42%            x210 U    266    258     27
    382   256        0.0543    16        0.0556        0.0513    13173    7.67%            x664 D    388    384     48
*   518+  320                            0.0555        0.0513             7.56%
    652   419        0.0538    25        0.0555        0.0514    17270    7.54%            x240 D    758    754     45
*   813+  563                            0.0555        0.0514             7.40%
    908   615        0.0535    29        0.0555        0.0516    22459    7.15%            x210 D    745    741     21
   1230   862        0.0531    17        0.0555        0.0516    26321    7.04%            x732 D    989    985     27
*  1353+  959                            0.0555        0.0517             6.89%
   1583  1170        0.0539    18        0.0555        0.0519    31939    6.55%           x1001 U   1444   1440     23
   1847  1361        0.0552    26        0.0555        0.0520    36494    6.41%            x682 D   2139   2135     54
   2236  1658        0.0534    19        0.0555        0.0524    43665    5.63%            x390 D   2531   2527     12
   4169  3171        0.0539    15        0.0555        0.0529    72920    4.70%            x390 U   4483   4479     27
Elapsed time = 12.64 sec. (3557.91 ticks, tree = 5.14 MB, solutions = 6)
*  4416+ 3130                            0.0555        0.0530             4.59%
   6091  4679        0.0545    14        0.0555        0.0530   104879    4.53%            x824 D   6403   6399     58
   7949  6133        0.0541    22        0.0555        0.0530   136440    4.52%           x1038 D   7741   7737     44
   9853  7649        0.0537    21        0.0555        0.0530   171153    4.48%           x1001 D  10447  10443     48
  11561  9051        0.0548    21        0.0555        0.0531   205676    4.45%           x1019 D  11370  11366     50
  13070 10214        0.0534    38        0.0555        0.0531   237860    4.41%            x750 U  12718   1515     22
  14765 11678    infeasible              0.0555        0.0531   277248    4.32%            x210 D  15235  15231     54
  16215 12891        0.0543    30        0.0555        0.0531   310919    4.31%           x1001 U  16120  16112     41
  18382 14348        0.0537    21        0.0555        0.0531   337031    4.30%           x1013 D  18480  18476     29
  20111 15830        0.0554    11        0.0555        0.0531   356027    4.29%            x686 D  20406  20402     55
  21750 17112        0.0539    28        0.0555        0.0532   385745    4.29%            x726 D  21403  21399     31
Elapsed time = 49.23 sec. (13105.82 ticks, tree = 87.84 MB, solutions = 7)
  23511 18107        0.0554    32        0.0555        0.0532   412517    4.28%            x840 D  23545  23537     54
  25308 19506        0.0537    23        0.0555        0.0532   441884    4.26%            x672 D  25027  25023     23
  27595 20758        0.0537    21        0.0555        0.0532   464475    4.25%            x670 D  27427  27423     26
  29093 22319        0.0554    19        0.0555        0.0532   486792    4.25%            x423 U  29008  29004     51
  31412 23832        0.0537    24        0.0555        0.0532   509613    4.25%            x678 D  31383  31379     22
  33154 25483        0.0539    20        0.0555        0.0532   534228    4.24%            x726 D  33180  33176     31
  35184 26921        0.0538    32        0.0555        0.0532   563029    4.24%            x378 D  35623  35619     33
  37065 28019        0.0540    23        0.0555        0.0532   590156    4.23%            x995 D  37602  37598     40
  38661 29187        0.0545    37        0.0555        0.0532   619590    4.21%            x732 D  39535  39531     29
  39732 29980        0.0550    22        0.0555        0.0532   652207    4.20%            x419 U  38705  38697     31
Elapsed time = 87.59 sec. (22651.38 ticks, tree = 254.24 MB, solutions = 7)
  40913 30755        0.0547    28        0.0555        0.0532   679789    4.19%            x401 D  41543  41539     38
  42134 31500        cutoff              0.0555        0.0532   709008    4.19%            x756 U  42192   3492      7
  43291 32370        0.0545    25        0.0555        0.0532   750811    4.17%            x480 U  43412  43408     33
  44272 32806        0.0552    33        0.0555        0.0532   772148    4.12%            x600 U  44476  44472     36
  45801 33958        0.0538    25        0.0555        0.0533   809920    4.04%            x222 D  44537  44533     11
  47583 35117        0.0550    31        0.0555        0.0533   842984    4.03%           x1007 U  47908  47900     38
  48978 35945        0.0538    24        0.0555        0.0533   866801    4.03%           x1019 D  48922  48918     17
  51121 37662        0.0546    22        0.0555        0.0533   912310    4.02%            x407 D  50393  50389     41
  52808 38669        0.0552    19        0.0555        0.0533   941037    4.01%            x676 D  52736  52728     39
  54897 40308        cutoff              0.0555        0.0533   984620    4.00%            x419 U  54694  54686     30
Elapsed time = 122.25 sec. (32200.65 ticks, tree = 320.49 MB, solutions = 7)
  56394 41644        cutoff              0.0555        0.0533  1019655    3.99%            x886 U  56130  56126     45
  58289 43043        0.0549    31        0.0555        0.0533  1057632    3.98%            x690 D  58843  58839     41
  60139 44256        0.0555    14        0.0555        0.0533  1096410    3.97%            x668 D  59950  59946     51
  61679 45256        0.0543    32        0.0555        0.0533  1136459    3.95%            x413 D  61590  61586     37
  63216 46305        cutoff              0.0555        0.0533  1174272    3.95%             x62 U  63675  63667     63
  64482 47467        0.0555    11        0.0555        0.0533  1207667    3.94%            x880 D  64872  64864     54
  66210 48805        0.0547    32        0.0555        0.0534  1250266    3.93%             x63 U  65981  65977     41
  67816 49957        0.0551    27        0.0555        0.0534  1291171    3.91%            x690 D  67641  67637     51
  68748 50470        0.0542    39        0.0555        0.0534  1310983    3.90%            x390 D  68313  68309     23
  70795 52027        0.0550    30        0.0555        0.0534  1349456    3.88%           x1013 D  70699  70695     43
Elapsed time = 160.08 sec. (41744.05 ticks, tree = 370.58 MB, solutions = 7)
  73042 53597        0.0551    24        0.0555        0.0534  1384670    3.87%            x366 D  72847  72843     33
  75308 55542        0.0542    24        0.0555        0.0534  1432675    3.86%            x726 D  75457  75453     18
  77509 56838        0.0542    21        0.0555        0.0534  1458613    3.84%            x936 U  76730  76726     27
  79908 58873        0.0555    29        0.0555        0.0534  1496741    3.84%             x87 D  79494  79490     56
  82494 60261        0.0554    29        0.0555        0.0534  1522075    3.84%           x1025 D  82815  82811     68
  84995 63069        0.0554    19        0.0555        0.0534  1566884    3.84%            x680 U  85319  85315     64
  87770 64797        0.0554    27        0.0555        0.0534  1599621    3.84%           x1043 D  87984  87980     62
  89446 66370        0.0554    19        0.0555        0.0534  1628707    3.84%            x323 D  89631  89627     61
  91671 67994        0.0543    27        0.0555        0.0534  1667695    3.84%            x228 D  91683  91679     23
  93437 69314        0.0551    29        0.0555        0.0534  1709919    3.83%            x688 U  93559  93555     62
Elapsed time = 214.27 sec. (51285.33 ticks, tree = 388.43 MB, solutions = 7)
  95090 70245        0.0542    30        0.0555        0.0534  1745808    3.81%            x407 D  95393  95389     33
  96131 71198        0.0542    28        0.0555        0.0534  1789274    3.79%            x407 D  96511  96507     33
  97487 71904        0.0548    23        0.0555        0.0534  1825918    3.79%            x754 U  97528  97524     32
  98898 72914        cutoff              0.0555        0.0534  1874079    3.79%            x684 U  98090   3076     31
 100095 73771        0.0553    32        0.0555        0.0534  1933568    3.78%            x678 D 100125 100121     36
 101335 74594        cutoff              0.0555        0.0534  1986183    3.77%           x1013 D 101596 101592     34
 102739 75472        0.0544    26        0.0555        0.0535  2033218    3.75%            x228 D 103036 103032     20
 103832 76097        0.0550    29        0.0555        0.0535  2064648    3.74%             x84 D 104523 104519     50
 105060 76727        0.0541    25        0.0555        0.0535  2095901    3.73%            x228 D 105341 105337     26
 106404 77518        cutoff              0.0555        0.0535  2134403    3.73%             x84 D 105282 105278     45
Elapsed time = 241.75 sec. (60830.19 ticks, tree = 403.18 MB, solutions = 7)
 107545 78647        0.0544    19        0.0555        0.0535  2189513    3.73%            x587 U 107776 107772     22
 108691 79201        0.0543    24        0.0555        0.0535  2213795    3.73%            x384 U 107654 107646     27
 110123 80477        0.0546    31        0.0555        0.0535  2274991    3.71%            x366 D 109969 109965     21
 111447 81268        0.0553    22        0.0555        0.0535  2307101    3.70%            x688 U 111952 111948     46
 112699 81973        0.0554    16        0.0555        0.0535  2336234    3.70%            x754 U 112397 112393     54
 114091 83064        0.0555    12        0.0555        0.0535  2374944    3.70%            x892 D 112886 112882     59
 115424 83833        0.0550    33        0.0555        0.0535  2403888    3.69%             x63 U 116288 116284     41
 116640 84566        0.0554    23        0.0555        0.0535  2438508    3.69%            x754 U 115714 115710     52
 117889 85404        0.0554    23        0.0555        0.0535  2480051    3.69%            x586 U 117739 117735     38
 119170 86265        0.0548    22        0.0555        0.0535  2520688    3.67%             x63 U 119157 119153     23
Elapsed time = 271.73 sec. (70373.20 ticks, tree = 448.94 MB, solutions = 7)
 120344 87318        0.0554    17        0.0555        0.0535  2564355    3.67%           x1019 U 119922 119914     51
 121753 88014        0.0541    30        0.0555        0.0535  2590902    3.65%            x234 D 120962 120958     41
 122763 89068        cutoff              0.0555        0.0535  2641987    3.65%            x726 D 122451 122447     38
 123533 89341        cutoff              0.0555        0.0535  2679264    3.64%           x1001 U 123849 123841     53
 124417 89839        0.0549    34        0.0555        0.0535  2722435    3.64%            x126 D 125160 125156     38
 125556 90440        0.0542    37        0.0555        0.0535  2758305    3.62%            x222 D 126500 126496     22
 126601 91101        0.0554    19        0.0555        0.0535  2798605    3.61%            x306 U 126407 126403     44
 127851 91866        0.0549    26        0.0555        0.0535  2836398    3.58%           x1007 D 127957 127953     43
 128902 92555        0.0545    27        0.0555        0.0536  2873967    3.56%            x419 D 128779 128771     38
 130196 93539        0.0545    30        0.0555        0.0536  2914160    3.55%           x1001 U 130103  15766     30
Elapsed time = 296.11 sec. (79922.88 ticks, tree = 483.50 MB, solutions = 7)
 131375 94579        0.0546    29        0.0555        0.0536  2966400    3.54%            x666 D 132060 132056     31
 132417 95045        0.0547    27        0.0555        0.0536  2989189    3.54%             x84 D 132243 132239     33
 133618 95625        0.0542    30        0.0555        0.0536  3014041    3.52%            x324 U 132698   2563     21
 134913 96832        0.0548    34        0.0555        0.0536  3069796    3.51%             x63 D 134849 134841     35
 135956 97755        0.0543    29        0.0555        0.0536  3113180    3.50%            x732 D 135929  14426     32
 136844 98163        0.0549    29        0.0555        0.0536  3136193    3.50%            x672 D 136709 136705     29
 138112 98814        cutoff              0.0555        0.0536  3172047    3.49%            x228 U 137194  13077     23
 139287 99616        0.0545    32        0.0555        0.0536  3213079    3.48%            x318 U 139157   1099     18
 140414 100643        0.0552    32        0.0555        0.0536  3267532    3.48%           x1001 D 141804 141800     48
 145156 103080        0.0541    33        0.0555        0.0536  3413131    3.42%            x732 U 145079 145071     23
Elapsed time = 332.09 sec. (92343.09 ticks, tree = 527.37 MB, solutions = 7)
 150702 106868        0.0543    27        0.0555        0.0536  3570554    3.41%            x732 U 150113  26607     18
 154983 109811        cutoff              0.0555        0.0536  3736176    3.39%            x995 U 156416 156412     45
 159576 112736        0.0546    28        0.0555        0.0537  3894275    3.37%            x419 D 159173 159169     30
 164020 115750        0.0550    29        0.0555        0.0537  4045174    3.37%            x674 D 165732 165728     23
 168576 119223        0.0548    30        0.0555        0.0537  4222224    3.36%             x84 D 170612 170608     51
 173210 122234        0.0552    23        0.0555        0.0537  4376667    3.34%            x662 U 174912 174904     43
 179499 126322        0.0551    37        0.0555        0.0537  4534177    3.33%            x744 D 179999 179995     38
 183500 128825        0.0551    15        0.0555        0.0537  4694003    3.30%            x738 U 182670 182662     29
 186941 130919        0.0554    13        0.0555        0.0537  4843389    3.29%            x586 U 186074 186070     36
 190570 133194        0.0554    10        0.0555        0.0537  5024728    3.29%            x886 D 189910 189906     43
Elapsed time = 437.45 sec. (130494.47 ticks, tree = 613.33 MB, solutions = 7)
 193985 135405        0.0554    17        0.0555        0.0537  5188103    3.29%            x586 U 193759 193755     31
 197756 137592        0.0555    12        0.0555        0.0537  5343924    3.29%            x688 U 198772 198768     43
 201651 139417        0.0555    18        0.0555        0.0537  5505962    3.28%            x670 D 201110 201106     41
 205695 142066        cutoff              0.0555        0.0537  5663074    3.26%            x898 U 204994 204986     33
 210199 144577        0.0547    26        0.0555        0.0537  5848601    3.24%            x755 U 210591 210587     32
 213249 146025        0.0549    18        0.0555        0.0537  5998747    3.22%            x816 U 213571   9496     30
 217213 147725        cutoff              0.0555        0.0538  6174736    3.18%            x587 D 216850 216842     36
 221255 149660        0.0554    32        0.0555        0.0538  6343795    3.12%            x462 D 220673 220669     30
 225489 151763        cutoff              0.0555        0.0538  6488447    3.08%            x586 U 225580 225576     40
 229368 154131        0.0555    11        0.0555        0.0538  6650442    3.06%            x754 U 229125 229121     33
Elapsed time = 538.83 sec. (168651.90 ticks, tree = 654.65 MB, solutions = 7)
 231700 155312        0.0552    25        0.0555        0.0538  6745308    3.04%            x666 D 230802 230798     23
 232676 155894        0.0555    24        0.0555        0.0538  6789020    3.03%            x423 U 233105 233101     34
 233958 156616        0.0549    21        0.0555        0.0539  6842210    3.02%            x648 U 234367   6947     37
 235143 157173        0.0549    17        0.0555        0.0539  6888612    3.02%             x63 U 234572 234568     23
 236297 157725        0.0555    10        0.0555        0.0539  6934353    3.02%            x874 D 236547 236543     26
 237580 158375        0.0549    30        0.0555        0.0539  6982498    3.01%             x63 U 238321 238317     31
 238804 158963        0.0555    27        0.0555        0.0539  7027529    3.01%            x198 D 238342 238338     48
 240564 159750        cutoff              0.0555        0.0539  7094955    3.01%             x63 D 239650 239642     44
 243076 160697        0.0555    13        0.0555        0.0539  7207163    3.00%             x63 U 243747 243743     29

Cover cuts applied:  53
User cuts applied:  28

Root node processing (before b&c):
  Real time             =    0.47 sec. (449.85 ticks)
Parallel b&c, 4 threads:
  Real time             =  599.58 sec. (206082.09 ticks)
  Sync time (average)   =   54.72 sec.
  Wait time (average)   =    0.00 sec.
                          ------------
Total (root+branch&cut) =  600.05 sec. (206531.95 ticks)
