Version identifier: 22.2.0.0 | 2026-05-04 | 5dff98e58
CPXPARAM_Read_DataCheck                          1
CPXPARAM_Threads                                 4
CPXPARAM_Parallel                                1
CPXPARAM_RandomSeed                              20260925
CPXPARAM_Simplex_Tolerances_Optimality           1.0000000000000001e-09
CPXPARAM_Simplex_Tolerances_Feasibility          1.0000000000000001e-09
CPXPARAM_TimeLimit                               600
CPXPARAM_MIP_Tolerances_AbsMIPGap                1.0000000000000001e-09
CPXPARAM_MIP_Tolerances_Integrality              1.0000000000000001e-09
Legacy callback                                  i
1 of 1 MIP starts provided solutions.
MIP start 'm1' defined initial solution with objective 0.0593.
Tried aggregator 1 time.
MIP Presolve eliminated 3103 rows and 2 columns.
MIP Presolve modified 3120 coefficients.
Reduced MIP has 3892 rows, 4830 columns, and 38502 nonzeros.
Reduced MIP has 1200 binaries, 0 generals, 0 SOSs, and 0 indicators.
Presolve time = 0.03 sec. (30.88 ticks)
Probing time = 0.00 sec. (0.58 ticks)
Tried aggregator 1 time.
Detecting symmetries...
MIP Presolve modified 120 coefficients.
Reduced MIP has 3892 rows, 4830 columns, and 38502 nonzeros.
Reduced MIP has 1200 binaries, 0 generals, 0 SOSs, and 0 indicators.
Presolve time = 0.02 sec. (21.06 ticks)
Probing time = 0.00 sec. (0.65 ticks)
MIP emphasis: balance optimality and feasibility.
MIP search method: dynamic search.
Parallel mode: deterministic, using up to 4 threads.
Root relaxation solution time = 0.05 sec. (59.00 ticks)

        Nodes                                         Cuts/
   Node  Left     Objective  IInf  Best Integer    Best Bound    ItCnt     Gap

*     0+    0                            0.0593        0.0000           100.00%
      0     0        0.0506    27        0.0593        0.0506     1181   14.58%
*     0+    0                            0.0553        0.0506             8.46%
      0     0        0.0506    16        0.0553   MIRcuts: 16     1212    8.46%
      0     0        0.0506    17        0.0553      Cuts: 20     1270    8.46%
      0     0        0.0506    18        0.0553    MIRcuts: 5     1314    8.46%
*     0+    0                            0.0553        0.0506             8.46%
      0     2        0.0506    11        0.0553        0.0506     1314    8.46%
Elapsed time = 0.48 sec. (521.12 ticks, tree = 0.02 MB, solutions = 3)
     50    34        0.0516     8        0.0553        0.0506     4383    8.46%
    117    56        0.0515    24        0.0553        0.0506    12548    8.45%
    197    88        0.0515    17        0.0553        0.0506    16887    8.45%
    309   149        0.0516    16        0.0553        0.0508    21865    8.11%
    374   200        0.0519    21        0.0553        0.0510    26985    7.70%
    449   205    infeasible              0.0553        0.0511    31690    7.54%
    532   233        cutoff              0.0553        0.0514    45339    7.03%
    611   252        cutoff              0.0553        0.0515    50151    6.89%
    729   297        0.0519    21        0.0553        0.0515    57232    6.76%
   1174   555        0.0522    16        0.0553        0.0516    87926    6.66%
Elapsed time = 3.11 sec. (3665.21 ticks, tree = 10.55 MB, solutions = 3)
   1699   801        cutoff              0.0553        0.0517   122984    6.49%
   2139   829        0.0522    11        0.0553        0.0519   153804    6.06%
   2723  1102        0.0541    20        0.0553        0.0522   186095    5.56%
   3229  1320        0.0542     5        0.0553        0.0523   215513    5.49%

Performing restart 1

Repeating presolve.
Tried aggregator 1 time.
MIP Presolve modified 60 coefficients.
Reduced MIP has 3892 rows, 4830 columns, and 38502 nonzeros.
Reduced MIP has 1200 binaries, 0 generals, 0 SOSs, and 0 indicators.
Presolve time = 0.02 sec. (11.52 ticks)
Tried aggregator 1 time.
Reduced MIP has 3892 rows, 4830 columns, and 38502 nonzeros.
Reduced MIP has 1200 binaries, 0 generals, 0 SOSs, and 0 indicators.
Presolve time = 0.02 sec. (21.10 ticks)
Represolve time = 0.03 sec. (39.10 ticks)
   3706     0        0.0506    35        0.0553      Cuts: 46   250460    5.40%
   3706     0        0.0506    38        0.0553      Cuts: 24   250771    5.40%
   3706     0        0.0506    32        0.0553       Cuts: 9   250991    5.40%
*  3706+    0                            0.0553        0.0523             5.39%
   3706     0  -1.00000e+75     0        0.0553        0.0523   250991    5.39%
   3706     0        0.0506    26        0.0553      Cuts: 17   251221    5.39%
   3706     0        0.0506    35        0.0553      Cuts: 10   251415    5.39%
   3706     0        0.0506    30        0.0553      Cuts: 18   251633    5.39%
*  3706+    0                            0.0553        0.0523             5.37%
   3706     0        0.0506    35        0.0553      Cuts: 18   251905    5.37%
   3706     2        0.0506    26        0.0553        0.0523   251905    5.37%
*  3723+    2                            0.0553        0.0523             5.37%
   3838    69        cutoff              0.0553        0.0523   260931    5.37%
   4207   202    infeasible              0.0553        0.0523   282112    5.37%
   4581   370        0.0524    22        0.0553        0.0523   306420    5.37%
   4965   542        0.0528    18        0.0553        0.0523   328643    5.37%
   5292   674        0.0526    17        0.0553        0.0523   352737    5.37%
Elapsed time = 12.42 sec. (16007.39 ticks, tree = 8.27 MB, solutions = 6)
   5743   785        0.0527    17        0.0553        0.0523   387165    5.31%
   6075   791        cutoff              0.0553        0.0525   416009    4.99%
*  6408+  850                            0.0553        0.0526             4.87%
   6527   798        cutoff              0.0553        0.0526   439045    4.86%
*  6783+  738                            0.0553        0.0526             4.78%
*  6900+  729                            0.0553        0.0526             4.76%
   7004   651        cutoff              0.0553        0.0527   467125    4.68%
   7666   640        cutoff              0.0553        0.0529   491842    4.28%
   8337   616        0.0552     6        0.0553        0.0530   514266    4.07%
   9033   770        0.0553     5        0.0553        0.0532   537479    3.73%
   9903  1029        0.0543     5        0.0553        0.0533   567685    3.57%
  10879  1283        0.0547     4        0.0553        0.0540   587451    2.36%
  11826  1588        cutoff              0.0553        0.0542   613507    1.83%
Elapsed time = 19.58 sec. (25556.38 ticks, tree = 34.30 MB, solutions = 8)
* 11933+ 1666                            0.0553        0.0542             1.83%
  12799  1933        0.0544     2        0.0553        0.0542   650058    1.83%
  13689  2158        0.0542     2        0.0553        0.0542   677831    1.83%
  14597  2330        0.0547    11        0.0553        0.0542   715003    1.83%
  15425  2480        0.0547    11        0.0553        0.0542   744730    1.83%
* 15460+ 2497                            0.0553        0.0542             1.83%
  16272  2552        cutoff              0.0553        0.0542   772294    1.83%
  17385  2656        0.0549     7        0.0553        0.0543   804534    1.82%
  18469  2874        0.0549     8        0.0553        0.0543   838750    1.82%
  19580  3322        0.0546     2        0.0553        0.0543   875310    1.75%
  20806  3651        0.0544     2        0.0553        0.0543   904665    1.65%
  22087  4061        cutoff              0.0553        0.0543   945814    1.65%
Elapsed time = 27.62 sec. (35101.65 ticks, tree = 109.27 MB, solutions = 10)
  23274  4317        0.0547     7        0.0553        0.0544   980636    1.64%
  24526  4504        cutoff              0.0553        0.0544  1007740    1.64%
  25646  4885        0.0544     2        0.0553        0.0544  1063285    1.64%
  26481  4926        0.0548     9        0.0553        0.0544  1094922    1.58%
  27233  5003        0.0544     4        0.0553        0.0544  1118277    1.57%
* 27490+ 5036                            0.0553        0.0544             1.54%
  27622  5079        0.0549    13        0.0553        0.0544  1141449    1.54%
  28009  5151        0.0549    16        0.0553        0.0544  1157788    1.54%
  28437  5192        cutoff              0.0553        0.0544  1166206    1.54%
  28798  5242        0.0549    10        0.0553        0.0544  1183355    1.54%
  29163  5263        cutoff              0.0553        0.0544  1195653    1.54%
Elapsed time = 35.62 sec. (44660.35 ticks, tree = 154.96 MB, solutions = 10)
  29576  5323        0.0548    11        0.0553        0.0544  1213131    1.54%
  29951  5349        0.0548     7        0.0553        0.0544  1231972    1.54%
  30358  5354        cutoff              0.0553        0.0544  1245290    1.54%
  30815  5315        cutoff              0.0553        0.0544  1263366    1.54%
  31313  5299        0.0552    15        0.0553        0.0544  1278789    1.54%
  31694  5253        0.0545     2        0.0553        0.0544  1295481    1.54%
* 31858+ 5026                            0.0553        0.0544             1.54%
  32162  5285        cutoff              0.0553        0.0544  1304724    1.54%
  32827  5389        0.0552    11        0.0553        0.0544  1327734    1.54%
  33647  5485        cutoff              0.0553        0.0544  1352221    1.53%
  34739  5600        0.0550    11        0.0553        0.0545  1372324    1.36%
Elapsed time = 44.41 sec. (54218.44 ticks, tree = 158.06 MB, solutions = 12)
  35833  5668        cutoff              0.0553        0.0545  1414024    1.35%
  36935  5669        cutoff              0.0553        0.0545  1445474    1.35%
  38019  5664        0.0546     2        0.0553        0.0545  1482111    1.35%
  39092  5717        0.0546     2        0.0553        0.0545  1535169    1.34%
  40001  5696        cutoff              0.0553        0.0545  1565300    1.28%
  40796  5596        0.0550    10        0.0553        0.0546  1603342    1.28%
  41631  5429        cutoff              0.0553        0.0546  1647286    1.24%
  42630  5443        0.0552     7        0.0553        0.0546  1656177    1.23%
  43672  5450        0.0552    11        0.0553        0.0547  1681987    1.06%
  44708  5459        cutoff              0.0553        0.0547  1734436    1.05%
Elapsed time = 51.45 sec. (63764.75 ticks, tree = 153.66 MB, solutions = 12)
  45773  5448        0.0548    11        0.0553        0.0547  1749046    1.03%
  47185  5355        0.0549    12        0.0553        0.0547  1763021    0.98%
  48536  5291        0.0551    11        0.0553        0.0548  1786415    0.85%
  49784  5326        cutoff              0.0553        0.0548  1798147    0.81%
  50949  5623        0.0548    13        0.0553        0.0548  1819317    0.75%
  51925  5744        0.0549    13        0.0553        0.0548  1830705    0.75%
  53162  6173        cutoff              0.0553        0.0548  1852729    0.75%
  54343  6358        0.0549    13        0.0553        0.0548  1865649    0.74%
  55810  6952        0.0549    12        0.0553        0.0548  1902521    0.74%
  57239  7137        0.0549     8        0.0553        0.0549  1909038    0.74%
Elapsed time = 58.19 sec. (73307.38 ticks, tree = 207.40 MB, solutions = 12)
  58695  7719        0.0549     8        0.0553        0.0549  1930931    0.70%
  60347  8065        0.0549    13        0.0553        0.0549  1943728    0.70%
  61835  8730        cutoff              0.0553        0.0549  1977809    0.69%
  63319  8937        cutoff              0.0553        0.0549  1987228    0.69%
  64763  9343        0.0550    12        0.0553        0.0549  2016464    0.69%
  66274  9506        cutoff              0.0553        0.0549  2043114    0.69%
  67606  9832        cutoff              0.0553        0.0549  2078462    0.69%
  68718  9805        cutoff              0.0553        0.0549  2100264    0.69%
  69695  9902        0.0549    12        0.0553        0.0549  2128939    0.69%
  70509  9798        cutoff              0.0553        0.0549  2151785    0.69%
Elapsed time = 65.08 sec. (82851.48 ticks, tree = 293.00 MB, solutions = 12)
  71468  9773        0.0549    12        0.0553        0.0549  2183240    0.69%
  72655  9777        0.0549    11        0.0553        0.0549  2194134    0.68%
  74123  9866        cutoff              0.0553        0.0549  2226116    0.68%
  75622  9942        0.0549    10        0.0553        0.0549  2243123    0.68%
  77003 10188        0.0549     6        0.0553        0.0549  2269370    0.67%
  78734 10468        0.0551     6        0.0553        0.0549  2302265    0.67%
  80572 10935        0.0551     6        0.0553        0.0549  2326977    0.65%
  82333 11215        cutoff              0.0553        0.0549  2335415    0.65%
  84190 11926        0.0549     6        0.0553        0.0549  2359950    0.65%
  90740 13299        0.0549    13        0.0553        0.0549  2436140    0.64%
Elapsed time = 74.08 sec. (95257.09 ticks, tree = 404.58 MB, solutions = 12)
  96566 14242        0.0549    13        0.0553        0.0549  2522855    0.64%
 102096 14914        0.0549    11        0.0553        0.0549  2627242    0.64%
 107560 15437        cutoff              0.0553        0.0549  2724440    0.64%
 113217 16153        cutoff              0.0553        0.0549  2848290    0.63%
 118305 16730        cutoff              0.0553        0.0549  2973654    0.63%
 122593 16591        cutoff              0.0553        0.0549  3100760    0.63%
 128245 16913        0.0549    12        0.0553        0.0549  3209707    0.62%
 135327 18920        0.0549    12        0.0553        0.0549  3278085    0.62%
 142610 21241        0.0550    12        0.0553        0.0549  3362569    0.62%
 149923 23165        cutoff              0.0553        0.0549  3444475    0.61%
Elapsed time = 102.66 sec. (133406.58 ticks, tree = 719.34 MB, solutions = 12)
 157848 24433        cutoff              0.0553        0.0549  3523367    0.61%
 165432 25925        cutoff              0.0553        0.0549  3612883    0.61%
 172721 25720        0.0549    12        0.0553        0.0549  3678428    0.61%
 178919 24115        0.0549    13        0.0553        0.0549  3768139    0.61%
 184063 23808        cutoff              0.0553        0.0549  3853912    0.59%
 189548 22346        0.0549    13        0.0553        0.0549  3949056    0.59%
 193635 22292        cutoff              0.0553        0.0549  4096551    0.58%
 197886 21905        cutoff              0.0553        0.0549  4246654    0.57%
 202150 20574        0.0549    10        0.0553        0.0549  4436823    0.57%
 208820 21529        0.0550    12        0.0553        0.0549  4520180    0.56%
Elapsed time = 131.98 sec. (171560.18 ticks, tree = 625.66 MB, solutions = 12)
 216046 23402        0.0549    11        0.0553        0.0549  4596687    0.56%
 222859 24714        0.0550    11        0.0553        0.0549  4676752    0.56%
 229903 25910        cutoff              0.0553        0.0549  4737517    0.56%
 236794 27005        cutoff              0.0553        0.0549  4821532    0.56%
 244145 27494        0.0550    13        0.0553        0.0550  4888800    0.56%
 251047 28188        cutoff              0.0553        0.0550  4960656    0.56%
 257366 28621        cutoff              0.0553        0.0550  5030966    0.56%
 264347 29167        cutoff              0.0553        0.0550  5107118    0.56%
 271148 29009        cutoff              0.0553        0.0550  5172572    0.56%
 278475 28811        cutoff              0.0553        0.0550  5238055    0.56%
Elapsed time = 160.20 sec. (209714.11 ticks, tree = 565.02 MB, solutions = 12)
 284988 28620        cutoff              0.0553        0.0550  5311499    0.55%
 291861 28280        cutoff              0.0553        0.0550  5381602    0.55%
 298878 26883        0.0550    12        0.0553        0.0550  5445436    0.55%
 305981 25864        0.0550    12        0.0553        0.0550  5509457    0.55%
 313129 24332        cutoff              0.0553        0.0550  5572311    0.55%
 320293 22143        0.0550    11        0.0553        0.0550  5630948    0.55%
 327940 19350        cutoff              0.0553        0.0550  5681263    0.55%
 333600 17789        cutoff              0.0553        0.0550  5777742    0.55%
 339911 18659        0.0550    11        0.0553        0.0550  5857707    0.54%
 345850 19608        0.0550     9        0.0553        0.0550  5927055    0.53%
Elapsed time = 188.52 sec. (247868.65 ticks, tree = 434.07 MB, solutions = 12)
 352358 20098        0.0550     9        0.0553        0.0550  5982924    0.53%
 358696 20398        0.0552    13        0.0553        0.0550  6042767    0.53%
 365449 21195        cutoff              0.0553        0.0550  6107809    0.53%
 371514 21673        0.0550     7        0.0553        0.0550  6167813    0.53%
 378086 21608        cutoff              0.0553        0.0550  6239794    0.52%
 384500 22525        0.0550    12        0.0553        0.0550  6305371    0.52%
 390372 25357        0.0550    13        0.0553        0.0550  6384805    0.52%
 396231 28208        0.0550    12        0.0553        0.0550  6474424    0.52%
 401851 30474        0.0550    14        0.0553        0.0550  6548787    0.51%
 407764 33161        0.0551     8        0.0553        0.0550  6639450    0.51%
Elapsed time = 215.94 sec. (286019.88 ticks, tree = 444.93 MB, solutions = 12)
 413680 35783        0.0552    15        0.0553        0.0550  6722484    0.51%
 419537 37966        cutoff              0.0553        0.0550  6795813    0.51%
 424854 40442        0.0550    14        0.0553        0.0550  6876813    0.51%
 430618 42662        0.0551     8        0.0553        0.0550  6962620    0.51%
 436135 45198        cutoff              0.0553        0.0550  7052090    0.51%
 441742 47047        0.0551     8        0.0553        0.0550  7132090    0.51%
 447037 48948        0.0550    13        0.0553        0.0550  7205548    0.51%
 452417 51310        0.0551    10        0.0553        0.0550  7302518    0.51%
 458076 53249        cutoff              0.0553        0.0550  7380085    0.51%
 463916 55953        0.0551     6        0.0553        0.0550  7466853    0.51%
Elapsed time = 242.75 sec. (324171.64 ticks, tree = 486.45 MB, solutions = 12)
 469214 57930        0.0550    13        0.0553        0.0550  7558979    0.51%
 474784 59318        0.0550    12        0.0553        0.0550  7624511    0.51%
 480406 62154        cutoff              0.0553        0.0550  7723274    0.51%
 486356 64849        0.0550    15        0.0553        0.0550  7811337    0.51%
 491622 66407        0.0550    12        0.0553        0.0550  7885697    0.51%
 497245 68646        0.0550    10        0.0553        0.0550  7977054    0.51%
 502809 70533        0.0550    12        0.0553        0.0550  8048284    0.51%
 507926 72532        0.0552    13        0.0553        0.0550  8130888    0.51%
 513906 74888        0.0551    12        0.0553        0.0550  8212571    0.51%
 519760 77293        0.0550    13        0.0553        0.0550  8281942    0.51%
Elapsed time = 269.72 sec. (362322.86 ticks, tree = 528.16 MB, solutions = 12)
 525068 79428        0.0550    13        0.0553        0.0550  8370694    0.51%
 530439 81294        0.0551     9        0.0553        0.0550  8463088    0.51%
 535750 82599        0.0551     9        0.0553        0.0550  8517105    0.51%
 542004 85135        0.0550    12        0.0553        0.0550  8607786    0.51%
 547805 88100        0.0550    13        0.0553        0.0550  8696782    0.51%
 553742 91298        cutoff              0.0553        0.0550  8780058    0.51%
 559427 93959        0.0550    14        0.0553        0.0550  8854627    0.51%
 565154 96616        0.0550    14        0.0553        0.0550  8942816    0.51%
 571273 99475        0.0551    10        0.0553        0.0550  9028487    0.51%
 576646 101544        cutoff              0.0553        0.0550  9112296    0.51%
Elapsed time = 296.50 sec. (400476.97 ticks, tree = 573.49 MB, solutions = 12)
 581812 102952        0.0550    12        0.0553        0.0550  9198007    0.51%
 586758 104260        cutoff              0.0553        0.0550  9284040    0.51%
 592288 105686        0.0550    12        0.0553        0.0550  9359570    0.51%
 597729 108150        cutoff              0.0553        0.0550  9443999    0.51%
 603544 110776        cutoff              0.0553        0.0550  9538823    0.51%
 609071 113360        cutoff              0.0553        0.0550  9623996    0.51%
 614221 115143        0.0551     7        0.0553        0.0550  9696897    0.51%
 619772 117266        0.0550    12        0.0553        0.0550  9779506    0.51%
 625448 119562        0.0550    13        0.0553        0.0550  9867905    0.51%
 631488 121009        0.0550    13        0.0553        0.0550  9936809    0.51%
Elapsed time = 323.41 sec. (438627.76 ticks, tree = 609.82 MB, solutions = 12)
 637620 123942        0.0551    10        0.0553        0.0550 10026342    0.51%
 643209 126140        0.0550    14        0.0553        0.0550 10111482    0.51%
 648251 127742        0.0551    11        0.0553        0.0550 10201141    0.51%
 653363 129301        0.0550    12        0.0553        0.0550 10300069    0.51%
 658856 130424        0.0550    14        0.0553        0.0550 10364790    0.51%
 664463 131493        0.0551     9        0.0553        0.0550 10440198    0.51%
 669924 133521        0.0551     8        0.0553        0.0550 10531819    0.51%
 674862 135186        0.0550    12        0.0553        0.0550 10625527    0.51%
 679942 136553        cutoff              0.0553        0.0550 10711050    0.51%
 685428 137991        0.0550    12        0.0553        0.0550 10794232    0.51%
Elapsed time = 350.22 sec. (476781.40 ticks, tree = 644.35 MB, solutions = 12)
 691316 139824        0.0550    13        0.0553        0.0550 10890558    0.51%
 697407 141432        0.0550    13        0.0553        0.0550 10976596    0.51%
 703680 143315        0.0551     8        0.0553        0.0550 11048631    0.51%
 708915 145213        0.0550    12        0.0553        0.0550 11152186    0.51%
 713640 146265        0.0550    12        0.0553        0.0550 11223247    0.51%
 718230 147662        0.0550    12        0.0553        0.0550 11313570    0.51%
 723066 149308        0.0550    12        0.0553        0.0550 11417335    0.51%
 728005 150311        0.0551     6        0.0553        0.0550 11476764    0.51%
 732832 151792        cutoff              0.0553        0.0550 11579180    0.51%
 737916 153251        0.0550    12        0.0553        0.0550 11657546    0.51%
Elapsed time = 377.81 sec. (514935.08 ticks, tree = 873.26 MB, solutions = 12)
 743332 155510        0.0550    16        0.0553        0.0550 11756994    0.51%
 748131 156446        0.0550    13        0.0553        0.0550 11808615    0.51%
 753198 157733        0.0551     8        0.0553        0.0550 11896932    0.51%
 758389 159044        cutoff              0.0553        0.0550 11974553    0.51%
 764423 160839        0.0550    13        0.0553        0.0550 12063764    0.51%
 769619 162452        0.0550    13        0.0553        0.0550 12144038    0.51%
 774660 164528        0.0551     6        0.0553        0.0550 12221201    0.51%
 779100 165903        0.0550    12        0.0553        0.0550 12316958    0.51%
 783614 167324        0.0551     7        0.0553        0.0550 12424679    0.51%
 788254 168531        0.0551    11        0.0553        0.0550 12495845    0.51%
Elapsed time = 406.56 sec. (553088.25 ticks, tree = 1480.60 MB, solutions = 12)
 792730 169819        cutoff              0.0553        0.0550 12591596    0.51%
 797243 171403        0.0551     6        0.0553        0.0550 12691398    0.51%
 802079 172637        cutoff              0.0553        0.0550 12762011    0.51%
 807071 174756        0.0550    12        0.0553        0.0550 12878044    0.51%
 812373 176146        0.0550    11        0.0553        0.0550 12940185    0.51%
 817160 177863        0.0550    11        0.0553        0.0550 13046558    0.51%
 821992 179074        0.0551     6        0.0553        0.0550 13117585    0.51%
 827544 181774        0.0550    13        0.0553        0.0550 13210777    0.51%
 833313 184251        cutoff              0.0553        0.0550 13276632    0.51%
 838865 186749        0.0550    12        0.0553        0.0550 13344885    0.51%
Elapsed time = 435.84 sec. (591241.49 ticks, tree = 2138.88 MB, solutions = 12)
Nodefile size = 73.87 MB (42.89 MB after compression)
 844076 189522        0.0551     8        0.0553        0.0550 13421193    0.51%
 849378 191504        0.0550    11        0.0553        0.0550 13511638    0.51%
 853800 192287        0.0550    13        0.0553        0.0550 13593946    0.51%
 858285 193661        0.0551    11        0.0553        0.0550 13681676    0.51%
 863301 195385        cutoff              0.0553        0.0550 13756947    0.51%
 868960 197632        0.0551    11        0.0553        0.0550 13813147    0.51%
 874264 201183        cutoff              0.0553        0.0550 13897897    0.51%
 879798 203812        cutoff              0.0553        0.0550 13959609    0.51%
 885521 207251        cutoff              0.0553        0.0550 14033862    0.51%
 889986 208966        cutoff              0.0553        0.0550 14084294    0.51%
Elapsed time = 477.34 sec. (629395.58 ticks, tree = 2911.49 MB, solutions = 12)
Nodefile size = 847.69 MB (486.36 MB after compression)
 894255 210889        cutoff              0.0553        0.0550 14189967    0.51%
 898316 212542        cutoff              0.0553        0.0550 14282024    0.51%
 903254 214208        0.0551     8        0.0553        0.0550 14360664    0.51%
 908165 216496        cutoff              0.0553        0.0550 14448304    0.51%
 912827 218416        0.0550    12        0.0553        0.0550 14518067    0.51%
 917351 220815        0.0551    13        0.0553        0.0550 14613192    0.51%
 922314 222646        0.0550    13        0.0553        0.0550 14666292    0.51%
 927452 224993        0.0551     6        0.0553        0.0550 14750392    0.51%
 932445 227539        0.0550    11        0.0553        0.0550 14823181    0.51%
 937420 229698        cutoff              0.0553        0.0550 14883916    0.51%
Elapsed time = 516.91 sec. (667546.12 ticks, tree = 3641.63 MB, solutions = 12)
Nodefile size = 1576.10 MB (921.85 MB after compression)
 942663 232384        0.0550    13        0.0553        0.0550 14953294    0.51%
 947873 235732        0.0551     6        0.0553        0.0550 15036544    0.51%
 953006 238067        0.0550    12        0.0553        0.0550 15090512    0.51%
 958833 241985        0.0550    12        0.0553        0.0550 15180310    0.51%
 964474 245128        cutoff              0.0553        0.0550 15249806    0.51%
 970070 249151        0.0550    14        0.0553        0.0550 15354559    0.51%
 971284 250195        0.0550    14        0.0553        0.0550 15381635    0.51%
 972797 251002        0.0551     6        0.0553        0.0550 15401078    0.51%
 973706 251705        0.0550    12        0.0553        0.0550 15421011    0.51%
 974706 252321        0.0550    12        0.0553        0.0550 15435716    0.51%
Elapsed time = 553.58 sec. (707050.42 ticks, tree = 3985.77 MB, solutions = 12)
Nodefile size = 1932.56 MB (1125.67 MB after compression)
 975760 252831        0.0550    12        0.0553        0.0550 15446327    0.51%
 976966 253736        cutoff              0.0553        0.0550 15464256    0.51%
 977639 253887        0.0550    14        0.0553        0.0550 15467680    0.51%
 978633 254534        0.0550    12        0.0553        0.0550 15480457    0.51%
 979438 255000        0.0550    12        0.0553        0.0550 15490175    0.51%
 980296 255649        0.0550    14        0.0553        0.0550 15503750    0.51%
 981106 255883        0.0550    12        0.0553        0.0550 15508009    0.51%
 982006 256427        0.0550    12        0.0553        0.0550 15519135    0.51%
 983292 257412        cutoff              0.0553        0.0550 15541188    0.51%
 984006 257534        0.0550    12        0.0553        0.0550 15543535    0.51%
Elapsed time = 583.84 sec. (745783.28 ticks, tree = 3993.67 MB, solutions = 12)
Nodefile size = 1939.89 MB (1128.46 MB after compression)
 985206 258051        0.0551     9        0.0553        0.0550 15553688    0.51%
 986068 259016        0.0550    12        0.0553        0.0550 15574060    0.51%
 987136 259377        cutoff              0.0553        0.0550 15580297    0.51%
 988106 259958        0.0551     8        0.0553        0.0550 15590251    0.51%
 988806 260391        0.0550    13        0.0553        0.0550 15598950    0.51%

Cover cuts applied:  41
Mixed integer rounding cuts applied:  14
Zero-half cuts applied:  1
Gomory fractional cuts applied:  1

Root node processing (before b&c):
  Real time             =    0.47 sec. (519.44 ticks)
Parallel b&c, 4 threads:
  Real time             =  600.12 sec. (765987.58 ticks)
  Sync time (average)   =   57.13 sec.
  Wait time (average)   =    0.00 sec.
                          ------------
Total (root+branch&cut) =  600.59 sec. (766507.03 ticks)
