Version identifier: 22.2.0.0 | 2026-05-04 | 5dff98e58
CPXPARAM_Read_DataCheck                          1
CPXPARAM_Threads                                 4
CPXPARAM_Parallel                                1
CPXPARAM_RandomSeed                              20260925
CPXPARAM_Simplex_Tolerances_Optimality           1.0000000000000001e-09
CPXPARAM_Simplex_Tolerances_Feasibility          1.0000000000000001e-09
CPXPARAM_TimeLimit                               600
CPXPARAM_MIP_Tolerances_AbsMIPGap                1.0000000000000001e-09
CPXPARAM_MIP_Tolerances_Integrality              1.0000000000000001e-09
Legacy callback                                  i
1 of 1 MIP starts provided solutions.
MIP start 'm1' defined initial solution with objective 0.0107.
Tried aggregator 2 times.
MIP Presolve eliminated 70 rows and 2 columns.
MIP Presolve modified 306 coefficients.
Aggregator did 3 substitutions.
Reduced MIP has 373 rows, 393 columns, and 2049 nonzeros.
Reduced MIP has 96 binaries, 0 generals, 0 SOSs, and 0 indicators.
Presolve time = 0.00 sec. (1.83 ticks)
Probing time = 0.00 sec. (0.07 ticks)
Tried aggregator 1 time.
Detecting symmetries...
MIP Presolve modified 72 coefficients.
Reduced MIP has 373 rows, 393 columns, and 2049 nonzeros.
Reduced MIP has 96 binaries, 0 generals, 0 SOSs, and 0 indicators.
Presolve time = 0.00 sec. (0.94 ticks)
Probing time = 0.00 sec. (0.07 ticks)
MIP emphasis: balance optimality and feasibility.
MIP search method: dynamic search.
Parallel mode: deterministic, using up to 4 threads.
Root relaxation solution time = 0.00 sec. (1.30 ticks)

        Nodes                                         Cuts/
   Node  Left     Objective  IInf  Best Integer    Best Bound    ItCnt     Gap

*     0+    0                            0.0107        0.0000           100.00%
      0     0        0.0081    10        0.0107        0.0081      116   24.96%
      0     0        0.0081    13        0.0107      Cuts: 12      163   24.96%
      0     0        0.0081    13        0.0107      Cuts: 10      193   24.96%
*     0+    0                            0.0107        0.0081            24.96%
Detecting symmetries...
      0     2        0.0081    13        0.0107        0.0081      193   24.96%
Elapsed time = 0.09 sec. (56.41 ticks, tree = 0.02 MB, solutions = 1)
   1608   648        0.0103    15        0.0107        0.0087    40773   19.10%
   3345  1263        0.0089    12        0.0107        0.0089    98647   17.36%

Performing restart 1

Repeating presolve.
Tried aggregator 1 time.
MIP Presolve modified 211 coefficients.
Reduced MIP has 373 rows, 393 columns, and 1936 nonzeros.
Reduced MIP has 96 binaries, 0 generals, 0 SOSs, and 0 indicators.
Presolve time = 0.00 sec. (0.96 ticks)
Tried aggregator 1 time.
Reduced MIP has 373 rows, 393 columns, and 1936 nonzeros.
Reduced MIP has 96 binaries, 0 generals, 0 SOSs, and 0 indicators.
Presolve time = 0.00 sec. (0.90 ticks)
Represolve time = 0.00 sec. (2.37 ticks)
   3706     0        0.0081    17        0.0107      Cuts: 12   112520   17.07%
   3706     0        0.0082    13        0.0107      Cuts: 11   112562   17.07%
   3706     0        0.0084    15        0.0107       Cuts: 9   112591   17.07%
   3706     0        0.0085    15        0.0107       Cuts: 6   112608   17.07%
   3706     0        0.0086    15        0.0107       Cuts: 5   112639   17.07%
   3706     0        0.0090     8        0.0107       Cuts: 7   112663   15.57%
   3706     0        0.0097     3        0.0107       Cuts: 3   112740   10.10%
   3706     0        0.0097    10        0.0107     Covers: 1   112754    9.61%
   3706     0        0.0098     7        0.0107       Cuts: 3   112757    8.95%
   3706     0        0.0098    11        0.0107       Cuts: 2   112762    8.95%
   3706     0        0.0098     5        0.0107       Cuts: 3   112770    8.51%
   3706     0        0.0099     8        0.0107       Cuts: 2   112777    8.17%

Repeating presolve.
Tried aggregator 2 times.
MIP Presolve eliminated 129 rows and 136 columns.
MIP Presolve modified 24 coefficients.
Aggregator did 1 substitutions.
Reduced MIP has 243 rows, 256 columns, and 1242 nonzeros.
Reduced MIP has 62 binaries, 0 generals, 0 SOSs, and 0 indicators.
Presolve time = 0.00 sec. (0.90 ticks)
Tried aggregator 1 time.
Reduced MIP has 243 rows, 256 columns, and 1242 nonzeros.
Reduced MIP has 62 binaries, 0 generals, 0 SOSs, and 0 indicators.
Presolve time = 0.02 sec. (0.56 ticks)
Represolve time = 0.02 sec. (2.18 ticks)
   3706     0        0.0100     8        0.0107     Covers: 1   112937    6.57%
   3706     0        0.0100     6        0.0107   ZeroHalf: 1   112941    6.57%
   3706     0        0.0100    10        0.0107     Covers: 1   112950    6.57%
   3706     0        0.0100     7        0.0107     Covers: 1   112954    6.57%
   3706     0        0.0100     6        0.0107   ZeroHalf: 1   112961    6.57%
   3706     0        cutoff              0.0107        0.0107   112989    0.00%

Mixed integer rounding cuts applied:  26
Lift and project cuts applied:  2
Gomory fractional cuts applied:  5

Root node processing (before b&c):
  Real time             =    0.09 sec. (56.20 ticks)
Parallel b&c, 4 threads:
  Real time             =    1.02 sec. (802.86 ticks)
  Sync time (average)   =    0.07 sec.
  Wait time (average)   =    0.00 sec.
                          ------------
Total (root+branch&cut) =    1.11 sec. (859.06 ticks)
