Version identifier: 22.2.0.0 | 2026-05-04 | 5dff98e58
CPXPARAM_Read_DataCheck                          1
CPXPARAM_Threads                                 4
CPXPARAM_Parallel                                1
CPXPARAM_RandomSeed                              20260925
CPXPARAM_Simplex_Tolerances_Optimality           1.0000000000000001e-09
CPXPARAM_Simplex_Tolerances_Feasibility          1.0000000000000001e-09
CPXPARAM_TimeLimit                               600
CPXPARAM_MIP_Tolerances_AbsMIPGap                1.0000000000000001e-09
CPXPARAM_MIP_Tolerances_Integrality              1.0000000000000001e-09
Legacy callback                                  i
Found incumbent of value 0.000000 after 0.00 sec. (0.15 ticks)
Tried aggregator 1 time.
MIP Presolve eliminated 1347 rows and 1 columns.
MIP Presolve modified 3462 coefficients.
Reduced MIP has 3968 rows, 4687 columns, and 49206 nonzeros.
Reduced MIP has 1164 binaries, 0 generals, 0 SOSs, and 0 indicators.
Presolve time = 0.05 sec. (38.81 ticks)
Probing time = 0.00 sec. (0.68 ticks)
Tried aggregator 1 time.
Detecting symmetries...
MIP Presolve modified 60 coefficients.
Reduced MIP has 3968 rows, 4687 columns, and 49206 nonzeros.
Reduced MIP has 1164 binaries, 0 generals, 0 SOSs, and 0 indicators.
Presolve time = 0.03 sec. (21.12 ticks)
Probing time = 0.00 sec. (0.78 ticks)
MIP emphasis: balance optimality and feasibility.
MIP search method: dynamic search.
Parallel mode: deterministic, using up to 4 threads.
Root relaxation solution time = 0.27 sec. (257.47 ticks)

        Nodes                                         Cuts/
   Node  Left     Objective  IInf  Best Integer    Best Bound    ItCnt     Gap

*     0+    0                            0.0000       -1.0000              --- 
*     0+    0                           -0.0140       -1.0000              --- 
      0     0       -0.1685    80       -0.0140       -0.1685       25     --- 
*     0+    0                           -0.0542       -0.1685           210.89%
*     0+    0                           -0.1326       -0.1685            27.13%
      0     0       -0.1655    53       -0.1326   MIRcuts: 25      879   24.84%
      0     0       -0.1640    59       -0.1326      Cuts: 12     1320   23.74%
      0     0       -0.1622    75       -0.1326   MIRcuts: 20     1947   22.37%
      0     0       -0.1605    79       -0.1326   MIRcuts: 14     2438   21.09%
      0     0       -0.1595    70       -0.1326   MIRcuts: 20     2961   20.34%
      0     0       -0.1583    68       -0.1326    MIRcuts: 5     3031   19.42%
      0     0       -0.1583    64       -0.1326    MIRcuts: 2     3090   19.42%
      0     0       -0.1583    78       -0.1326    MIRcuts: 7     3519   19.42%
      0     2       -0.1583    62       -0.1326       -0.1573     3519   18.65%
Elapsed time = 6.11 sec. (5829.70 ticks, tree = 0.02 MB, solutions = 4)
      6     8       -0.1554    71       -0.1326       -0.1573     4941   18.65%
     12    12       -0.1538    75       -0.1326       -0.1573     5943   18.65%
     22    21       -0.1554    64       -0.1326       -0.1573    10944   18.65%
     31    31       -0.1554    70       -0.1326       -0.1573    17123   18.65%
     45    43       -0.1567    75       -0.1326       -0.1573    23231   18.65%
     59    58       -0.1550    62       -0.1326       -0.1573    27404   18.65%
     66    64       -0.1528    69       -0.1326       -0.1573    30442   18.65%
     89    73       -0.1532    44       -0.1326       -0.1573    31615   18.65%
    109    86       -0.1530    51       -0.1326       -0.1573    34623   18.65%
    213   190       -0.1471    43       -0.1326       -0.1573    51439   18.65%
Elapsed time = 9.55 sec. (9164.42 ticks, tree = 2.40 MB, solutions = 4)
    333   298       -0.1553    55       -0.1326       -0.1573    69062   18.65%
    378   350       -0.1523    47       -0.1326       -0.1573    83628   18.65%
    406   364       -0.1499    37       -0.1326       -0.1573    89352   18.65%
    478   403       -0.1449    23       -0.1326       -0.1573   101894   18.65%
    608   557       -0.1490    51       -0.1326       -0.1573   121303   18.65%
    736   586       -0.1438    38       -0.1326       -0.1573   124245   18.65%
    888   748       -0.1454    61       -0.1326       -0.1573   136486   18.65%
   1021   880       -0.1328    39       -0.1326       -0.1573   149040   18.65%
   1125   976       -0.1339    30       -0.1326       -0.1573   160157   18.65%

Performing restart 1

Repeating presolve.
Tried aggregator 1 time.
Reduced MIP has 3968 rows, 4687 columns, and 49206 nonzeros.
Reduced MIP has 1164 binaries, 0 generals, 0 SOSs, and 0 indicators.
Presolve time = 0.02 sec. (13.87 ticks)
Tried aggregator 1 time.
Reduced MIP has 3968 rows, 4687 columns, and 49206 nonzeros.
Reduced MIP has 1164 binaries, 0 generals, 0 SOSs, and 0 indicators.
Presolve time = 0.02 sec. (21.39 ticks)
Represolve time = 0.05 sec. (43.68 ticks)
   1254     0       -0.1583    86       -0.1326       Cuts: 6   182859   18.65%
   1254     0       -0.1583    87       -0.1326       Cuts: 4   182954   18.65%
   1254     0       -0.1583    75       -0.1326       Cuts: 4   183092   18.65%
   1254     0       -0.1583    76       -0.1326    MIRcuts: 2   183101   18.65%
   1254     0       -0.1583    82       -0.1326    MIRcuts: 2   183231   18.65%
   1254     0       -0.1583    77       -0.1326    MIRcuts: 2   183342   18.65%
   1254     2       -0.1583    73       -0.1326       -0.1573   183342   18.65%
Elapsed time = 28.66 sec. (29681.56 ticks, tree = 0.02 MB, solutions = 4)
   1260     5       -0.1583    70       -0.1326       -0.1573   184561   18.65%
   1267    12       -0.1514    71       -0.1326       -0.1573   189311   18.65%
   1282    20       -0.1513    57       -0.1326       -0.1573   200152   18.65%
   1305    47       -0.1497    67       -0.1326       -0.1573   222100   18.65%
   1353    80       -0.1469    51       -0.1326       -0.1573   229329   18.65%
   1413   128       -0.1409    34       -0.1326       -0.1573   236383   18.65%
   1504   220       -0.1328    25       -0.1326       -0.1573   245832   18.65%
   1592   261       -0.1489    54       -0.1326       -0.1573   251034   18.65%
   1697   336       -0.1372    22       -0.1326       -0.1573   263614   18.65%
   1782   441       -0.1528    53       -0.1326       -0.1573   273537   18.65%
Elapsed time = 36.98 sec. (39576.19 ticks, tree = 10.22 MB, solutions = 4)
   1865   544       -0.1467    55       -0.1326       -0.1573   287046   18.65%
   1959   603       -0.1431    34       -0.1326       -0.1573   296929   18.65%
   2079   633       -0.1423    42       -0.1326       -0.1528   299808   15.30%
   2165   753       -0.1476    57       -0.1326       -0.1528   314650   15.30%
   2232   786       -0.1457    80       -0.1326       -0.1528   318064   15.30%
   2353   949       -0.1428    42       -0.1326       -0.1528   329669   15.30%
   2490   997       -0.1420    34       -0.1326       -0.1528   337238   15.30%
   2575  1078       -0.1487    78       -0.1326       -0.1528   342428   15.30%
   2706  1206       -0.1326    21       -0.1326       -0.1528   355372   15.30%
   2768  1350       -0.1404    60       -0.1326       -0.1528   370746   15.29%
Elapsed time = 44.94 sec. (49200.89 ticks, tree = 24.28 MB, solutions = 4)
   2910  1417       -0.1351    40       -0.1326       -0.1528   377900   15.29%
   3010  1509       -0.1464    56       -0.1326       -0.1528   382840   15.28%
   3119  1599       -0.1491    73       -0.1326       -0.1528   393784   15.26%
   3228  1732       -0.1398    31       -0.1326       -0.1527   408499   15.19%
   3287  1800       -0.1474    78       -0.1326       -0.1525   417103   15.04%
   3357  1906       -0.1438    35       -0.1326       -0.1525   431484   15.04%
   3497  1943       -0.1341    39       -0.1326       -0.1525   434483   15.04%
   3565  2065       -0.1466    59       -0.1326       -0.1524   449599   14.95%
   3762  2132       -0.1419    50       -0.1326       -0.1524   456314   14.93%
   3886  2297       -0.1467    57       -0.1326       -0.1523   470212   14.93%
Elapsed time = 53.02 sec. (58925.25 ticks, tree = 55.24 MB, solutions = 4)
   4009  2425       -0.1356    43       -0.1326       -0.1523   482865   14.88%
   4118  2503       -0.1420    57       -0.1326       -0.1522   494861   14.85%
   4225  2599       -0.1442    54       -0.1326       -0.1522   507890   14.84%
   4331  2759       -0.1455    58       -0.1326       -0.1522   523746   14.84%
   4429  2866       -0.1407    37       -0.1326       -0.1522   537034   14.84%
   4550  2903       -0.1335    32       -0.1326       -0.1522   541698   14.78%
   4652  3023       -0.1430    66       -0.1326       -0.1521   558425   14.74%
   4770  3109       -0.1339    34       -0.1326       -0.1521   567922   14.74%
   4852  3161       -0.1442    50       -0.1326       -0.1520   575287   14.66%
   4990  3363       -0.1476    70       -0.1326       -0.1519   598936   14.61%
Elapsed time = 60.89 sec. (68568.27 ticks, tree = 77.40 MB, solutions = 4)
   5083  3449       -0.1466    46       -0.1326       -0.1518   609683   14.55%
   5223  3514       -0.1458    51       -0.1326       -0.1518   617392   14.54%
   5368  3612       -0.1399    35       -0.1326       -0.1518   627905   14.54%
   5500  3790       -0.1385    31       -0.1326       -0.1518   645027   14.50%
   5641  3839       -0.1450    44       -0.1326       -0.1517   651302   14.48%
   5743  3961       -0.1394    25       -0.1326       -0.1517   664433   14.47%
   5834  4051       -0.1454    49       -0.1326       -0.1517   676121   14.47%
   5976  4188       -0.1412    52       -0.1326       -0.1517   690515   14.43%
   6079  4267       -0.1436    52       -0.1326       -0.1517   701341   14.42%
   6209  4318       -0.1402    63       -0.1326       -0.1517   706175   14.41%
Elapsed time = 68.81 sec. (78220.40 ticks, tree = 106.96 MB, solutions = 4)
   6343  4501       -0.1355    40       -0.1326       -0.1517   726267   14.41%
   6425  4518       -0.1427    64       -0.1326       -0.1517   729960   14.41%
   6535  4693       -0.1396    31       -0.1326       -0.1515   755490   14.32%
   6659  4791       -0.1411    40       -0.1326       -0.1514   765816   14.25%
   6775  4878       -0.1404    48       -0.1326       -0.1514   780274   14.25%
   6870  4943       -0.1423    50       -0.1326       -0.1514   789875   14.23%
   6969  5062       -0.1450    66       -0.1326       -0.1514   804750   14.23%
   7065  5183       -0.1332    34       -0.1326       -0.1513   818997   14.15%
   7230  5303       -0.1366    39       -0.1326       -0.1513   826453   14.14%
   7370  5339       -0.1437    63       -0.1326       -0.1513   829553   14.11%
Elapsed time = 77.00 sec. (87799.68 ticks, tree = 126.10 MB, solutions = 4)
   7460  5445       -0.1342    36       -0.1326       -0.1512   846813   14.10%
   7570  5548       -0.1385    58       -0.1326       -0.1512   857153   14.03%
   7713  5594       -0.1386    28       -0.1326       -0.1511   869134   13.99%
   7817  5758       -0.1457    78       -0.1326       -0.1511   882482   13.99%
   7914  5876       -0.1328    10       -0.1326       -0.1511   898420   13.99%
   8016  5965       -0.1417    33       -0.1326       -0.1511   910184   13.98%
   8119  6025       -0.1453    82       -0.1326       -0.1511   926990   13.98%
   8289  6154       -0.1326    31       -0.1326       -0.1511   939060   13.98%
   8404  6177       -0.1451    73       -0.1326       -0.1509   946178   13.86%
   8524  6295       -0.1457    73       -0.1326       -0.1509   959584   13.80%
Elapsed time = 85.00 sec. (97394.78 ticks, tree = 145.60 MB, solutions = 4)
   8667  6511       -0.1334    28       -0.1326       -0.1508   985635   13.79%
   8807  6528       -0.1433    59       -0.1326       -0.1508   988875   13.77%
   8910  6635       -0.1429    50       -0.1326       -0.1508  1001347   13.77%
   9025  6844       -0.1353    34       -0.1326       -0.1508  1025571   13.77%
   9124  6865       -0.1409    41       -0.1326       -0.1507  1033579   13.72%
   9260  7003       -0.1449    55       -0.1326       -0.1507  1053697   13.70%
   9375  7059       -0.1396    47       -0.1326       -0.1507  1055732   13.68%
   9541  7187       -0.1339    27       -0.1326       -0.1507  1070795   13.65%
   9666  7247       -0.1438    65       -0.1326       -0.1506  1077776   13.64%
  10204  7760       -0.1379    50       -0.1326       -0.1506  1121558   13.61%
Elapsed time = 96.30 sec. (109866.51 ticks, tree = 179.90 MB, solutions = 4)
  10691  8267       -0.1328    14       -0.1326       -0.1504  1190115   13.48%
  11237  8634       -0.1373    21       -0.1326       -0.1503  1236323   13.35%
  11752  9110       -0.1386    29       -0.1326       -0.1502  1291903   13.29%
  12336  9707       -0.1426    70       -0.1326       -0.1499  1362852   13.11%
  12908 10120        cutoff             -0.1326       -0.1498  1396337   13.04%
  13421 10556       -0.1426    64       -0.1326       -0.1497  1449870   12.95%
  13875 11067       -0.1423    55       -0.1326       -0.1496  1509629   12.84%
  14250 11329       -0.1408    58       -0.1326       -0.1494  1547078   12.74%
  14804 11770       -0.1390    49       -0.1326       -0.1493  1611262   12.62%
  15263 12110       -0.1407    42       -0.1326       -0.1493  1655875   12.60%
Elapsed time = 128.75 sec. (148163.37 ticks, tree = 283.19 MB, solutions = 4)
  15762 12701       -0.1379    24       -0.1326       -0.1492  1727037   12.52%
  16157 13192       -0.1416    55       -0.1326       -0.1491  1798363   12.45%
  16583 13376       -0.1422    70       -0.1326       -0.1490  1824593   12.40%
  17080 13913       -0.1336    42       -0.1326       -0.1490  1892137   12.37%
  17561 14355       -0.1381    32       -0.1326       -0.1489  1949515   12.35%
  18075 14597       -0.1441    49       -0.1326       -0.1488  1981699   12.29%
  18582 15052       -0.1329    16       -0.1326       -0.1488  2041083   12.25%
  18912 15618       -0.1435    48       -0.1326       -0.1487  2118100   12.21%
  19325 15810       -0.1402    42       -0.1326       -0.1487  2150677   12.17%
  19835 16393       -0.1443    76       -0.1326       -0.1486  2225929   12.13%
Elapsed time = 161.53 sec. (186418.48 ticks, tree = 382.28 MB, solutions = 4)
  20240 16771       -0.1366    34       -0.1326       -0.1486  2273184   12.09%
  20673 16980       -0.1407    32       -0.1326       -0.1485  2307078   12.04%
  21163 17498       -0.1386    61       -0.1326       -0.1485  2378025   12.01%
  21563 17678       -0.1358    43       -0.1326       -0.1484  2401428   11.98%
  22027 18029       -0.1397    65       -0.1326       -0.1483  2453308   11.91%
  22558 18417       -0.1445    64       -0.1326       -0.1483  2511501   11.87%
  23034 19201       -0.1436    63       -0.1326       -0.1482  2610465   11.82%
  23474 19353       -0.1345    34       -0.1326       -0.1482  2636076   11.78%
  23847 19649       -0.1366    37       -0.1326       -0.1481  2681987   11.73%
  24224 20071       -0.1397    35       -0.1326       -0.1481  2748939   11.71%
Elapsed time = 195.03 sec. (224631.45 ticks, tree = 482.11 MB, solutions = 4)
  24427 20433       -0.1387    57       -0.1326       -0.1480  2803903   11.68%
  24683 20594       -0.1377    28       -0.1326       -0.1480  2830368   11.68%
  25049 20886       -0.1333    21       -0.1326       -0.1480  2868051   11.68%
  25437 21178       -0.1426    82       -0.1326       -0.1479  2909028   11.59%
  25939 21322       -0.1332    15       -0.1326       -0.1479  2928398   11.55%
  26410 21806       -0.1423    51       -0.1326       -0.1478  2995390   11.51%
  26901 22332       -0.1352    17       -0.1326       -0.1478  3062677   11.49%
  27379 22589       -0.1371    27       -0.1326       -0.1477  3095280   11.45%
  27739 23185       -0.1438    53       -0.1326       -0.1477  3190635   11.42%
  28246 23615       -0.1346    28       -0.1326       -0.1476  3246605   11.38%
Elapsed time = 226.42 sec. (262920.45 ticks, tree = 569.98 MB, solutions = 4)
  28714 23761       -0.1420    69       -0.1326       -0.1476  3268074   11.36%
  29211 24278       -0.1377    25       -0.1326       -0.1476  3336748   11.31%
  29702 24663       -0.1408    45       -0.1326       -0.1475  3381404   11.28%
  30111 25154       -0.1368    50       -0.1326       -0.1474  3451099   11.23%
  30448 25519       -0.1371    44       -0.1326       -0.1474  3507410   11.19%
  30887 25893       -0.1351    48       -0.1326       -0.1474  3562197   11.17%
  31319 26279       -0.1408    33       -0.1326       -0.1473  3617046   11.15%
  31771 26681       -0.1423    64       -0.1326       -0.1473  3675992   11.12%
  32191 26938       -0.1372    26       -0.1326       -0.1473  3711496   11.09%
  32637 27382       -0.1399    56       -0.1326       -0.1472  3781595   11.07%
Elapsed time = 256.47 sec. (301193.60 ticks, tree = 660.46 MB, solutions = 4)
  33095 27668       -0.1334    29       -0.1326       -0.1472  3819137   11.04%
  33509 28126       -0.1328    29       -0.1326       -0.1472  3883901   11.03%
  33917 28453       -0.1384    68       -0.1326       -0.1471  3943799   11.00%
  34446 28664       -0.1424    52       -0.1326       -0.1471  3973504   10.98%
  34912 29282       -0.1333    25       -0.1326       -0.1471  4057622   10.96%
  35492 29443       -0.1386    38       -0.1326       -0.1470  4075472   10.93%
  35964 29995       -0.1435    59       -0.1326       -0.1470  4146383   10.91%
  36390 30501       -0.1388    45       -0.1326       -0.1470  4203157   10.89%
  36903 31082       -0.1378    55       -0.1326       -0.1470  4288189   10.86%
  37301 31318       -0.1381    41       -0.1326       -0.1469  4321917   10.85%
Elapsed time = 286.03 sec. (339436.93 ticks, tree = 766.10 MB, solutions = 4)
  37798 31965       -0.1372    24       -0.1326       -0.1469  4405405   10.83%
  38158 32099       -0.1419    61       -0.1326       -0.1469  4431505   10.80%
  38591 32506       -0.1429    88       -0.1326       -0.1469  4491977   10.79%
  39028 32942       -0.1437    62       -0.1326       -0.1468  4565282   10.77%
  39498 33356       -0.1361    17       -0.1326       -0.1468  4620402   10.76%
  40034 33828       -0.1375    27       -0.1326       -0.1468  4682265   10.73%
  40510 33798       -0.1390    55       -0.1326       -0.1468  4680304   10.71%
  41004 34454       -0.1378    35       -0.1326       -0.1467  4768017   10.67%
  41454 34815       -0.1343    33       -0.1326       -0.1467  4815331   10.65%
  41950 35130       -0.1402    36       -0.1326       -0.1466  4860145   10.63%
Elapsed time = 315.44 sec. (377698.34 ticks, tree = 862.95 MB, solutions = 4)
  42376 35530       -0.1380    58       -0.1326       -0.1466  4919732   10.61%
  42863 35908       -0.1390    52       -0.1326       -0.1466  4969179   10.60%
  43317 36507       -0.1357    26       -0.1326       -0.1466  5058377   10.58%
  43731 37013       -0.1394    35       -0.1326       -0.1466  5134418   10.57%
  44222 37235       -0.1333    33       -0.1326       -0.1465  5169125   10.55%
  44738 37573       -0.1421    33       -0.1326       -0.1465  5212565   10.54%
  45137 38059       -0.1408    75       -0.1326       -0.1465  5276344   10.53%
  45606 38356       -0.1377    43       -0.1326       -0.1465  5314770   10.52%
  46019 38833       -0.1353    30       -0.1326       -0.1465  5381783   10.49%
  46489 39048       -0.1418    57       -0.1326       -0.1464  5413897   10.47%
Elapsed time = 344.98 sec. (415940.69 ticks, tree = 976.00 MB, solutions = 4)
  46936 39336       -0.1432    63       -0.1326       -0.1464  5460413   10.44%

Performing restart 2

Repeating presolve.
Tried aggregator 1 time.
Reduced MIP has 3968 rows, 4687 columns, and 49206 nonzeros.
Reduced MIP has 1164 binaries, 0 generals, 0 SOSs, and 0 indicators.
Presolve time = 0.00 sec. (13.87 ticks)
Tried aggregator 1 time.
Reduced MIP has 3968 rows, 4687 columns, and 49206 nonzeros.
Reduced MIP has 1164 binaries, 0 generals, 0 SOSs, and 0 indicators.
Presolve time = 0.02 sec. (21.39 ticks)
Represolve time = 0.25 sec. (45.74 ticks)
  47074     0       -0.1444    95       -0.1326      Cuts: 10  5552882    8.97%
  47074     0       -0.1444    94       -0.1326    MIRcuts: 1  5552885    8.97%
  47074     0       -0.1444    91       -0.1326    MIRcuts: 1  5552887    8.97%
  47074     0       -0.1444    91       -0.1326    MIRcuts: 1  5552979    8.93%
  47074     2       -0.1444    87       -0.1326       -0.1443  5552979    8.89%
  47104    26       -0.1434    74       -0.1326       -0.1440  5561613    8.67%
  47170    84       -0.1412    42       -0.1326       -0.1440  5578033    8.67%
  47379   214       -0.1416    51       -0.1326       -0.1440  5607512    8.67%
  47708   441       -0.1431    48       -0.1326       -0.1438  5640208    8.47%
  48084   732       -0.1350    65       -0.1326       -0.1438  5679614    8.45%
  48502  1044       -0.1408    68       -0.1326       -0.1437  5723844    8.40%
  48817  1324       -0.1434    87       -0.1326       -0.1437  5760793    8.37%
  49290  1636       -0.1369    59       -0.1326       -0.1436  5799124    8.36%
Elapsed time = 378.58 sec. (459918.99 ticks, tree = 44.80 MB, solutions = 4)
  49814  2049       -0.1354    16       -0.1326       -0.1436  5850534    8.33%
  50320  2442       -0.1379    27       -0.1326       -0.1436  5898433    8.30%
  50825  2866       -0.1429    52       -0.1326       -0.1435  5948564    8.28%
  51302  3343       -0.1341    16       -0.1326       -0.1435  6012656    8.24%
  51735  3753       -0.1373    63       -0.1326       -0.1435  6066808    8.23%
  52159  4064       -0.1331    19       -0.1326       -0.1434  6109794    8.21%
  52613  4471       -0.1423    46       -0.1326       -0.1434  6159192    8.20%
  53137  4835       -0.1336    35       -0.1326       -0.1434  6206692    8.19%
  53658  5307       -0.1425    89       -0.1326       -0.1434  6268164    8.18%
  54196  5543       -0.1355    41       -0.1326       -0.1434  6298688    8.17%
Elapsed time = 407.95 sec. (498164.54 ticks, tree = 150.14 MB, solutions = 4)
  54700  6123       -0.1409    58       -0.1326       -0.1434  6365372    8.15%
  55310  6416       -0.1421    61       -0.1326       -0.1433  6402671    8.14%
  55781  6901       -0.1340    54       -0.1326       -0.1433  6460418    8.13%
  56334  7407       -0.1333    19       -0.1326       -0.1433  6514956    8.11%
  56848  7814       -0.1343    17       -0.1326       -0.1433  6571205    8.11%
  57529  8452       -0.1430    54       -0.1326       -0.1433  6636391    8.10%
  58087  8825       -0.1362    40       -0.1326       -0.1433  6683807    8.08%
  58648  9225       -0.1426    69       -0.1326       -0.1433  6735273    8.07%
  59224  9779       -0.1392    36       -0.1326       -0.1433  6802352    8.07%
  59787 10092       -0.1422    69       -0.1326       -0.1432  6841584    8.06%
Elapsed time = 437.30 sec. (536370.77 ticks, tree = 267.38 MB, solutions = 4)
  60274 10560       -0.1356    59       -0.1326       -0.1432  6899721    8.04%
  60897 10828       -0.1372    56       -0.1326       -0.1432  6933718    8.04%
  61443 11497       -0.1382    32       -0.1326       -0.1432  7010031    8.03%
  61985 11903       -0.1343    26       -0.1326       -0.1432  7061082    8.02%
  62563 12352       -0.1352    20       -0.1326       -0.1432  7113854    8.02%
  63163 12780       -0.1391    27       -0.1326       -0.1432  7167295    8.02%
  63780 13359       -0.1429    68       -0.1326       -0.1432  7226470    8.00%
  64121 13804       -0.1344    39       -0.1326       -0.1432  7280492    7.99%
  64508 14148       -0.1337    23       -0.1326       -0.1431  7333988    7.98%
  64880 14445       -0.1365    51       -0.1326       -0.1431  7378336    7.97%
Elapsed time = 466.39 sec. (574612.85 ticks, tree = 397.08 MB, solutions = 4)
  65275 14732       -0.1384    26       -0.1326       -0.1431  7420852    7.96%
  65722 15147       -0.1344    21       -0.1326       -0.1431  7478496    7.96%
  66062 15478       -0.1376    62       -0.1326       -0.1431  7534176    7.95%
  66346 15660       -0.1332    13       -0.1326       -0.1431  7564524    7.94%
  66716 15909       -0.1355    48       -0.1326       -0.1431  7616720    7.94%
  67057 16071       -0.1368    41       -0.1326       -0.1431  7642738    7.93%
  67415 16458       -0.1358    74       -0.1326       -0.1431  7714744    7.92%
  67753 16768       -0.1350    33       -0.1326       -0.1431  7775416    7.92%
  68146 16901       -0.1329    41       -0.1326       -0.1430  7801413    7.91%
  68543 17210       -0.1347    27       -0.1326       -0.1430  7859139    7.91%
Elapsed time = 496.33 sec. (612867.06 ticks, tree = 452.04 MB, solutions = 4)
  68981 17702       -0.1344    34       -0.1326       -0.1430  7941125    7.90%
  69365 18040       -0.1367    52       -0.1326       -0.1430  7999755    7.90%
  69752 18307       -0.1354    26       -0.1326       -0.1430  8048487    7.89%
  70158 18696       -0.1387    65       -0.1326       -0.1430  8116954    7.89%
  70508 18987       -0.1338    34       -0.1326       -0.1430  8165874    7.88%
  70913 19106       -0.1339    22       -0.1326       -0.1430  8191467    7.88%
  71315 19569       -0.1326    30       -0.1326       -0.1430  8263895    7.87%
  71785 19997       -0.1329    32       -0.1326       -0.1430  8340371    7.87%
  72172 20204        cutoff             -0.1326       -0.1430  8371427    7.86%
  72451 20655       -0.1342    40       -0.1326       -0.1430  8461269    7.86%
Elapsed time = 526.88 sec. (651092.65 ticks, tree = 543.27 MB, solutions = 4)
  72753 20798       -0.1372    57       -0.1326       -0.1430  8487540    7.85%
  73137 21247       -0.1381    61       -0.1326       -0.1430  8584545    7.85%
  73512 21365       -0.1356    23       -0.1326       -0.1430  8602673    7.85%
  73925 21799       -0.1355    31       -0.1326       -0.1430  8678323    7.84%
  74276 22022       -0.1387    40       -0.1326       -0.1429  8719171    7.84%
  74623 22357       -0.1341    32       -0.1326       -0.1429  8775783    7.83%
  74916 22731       -0.1328    22       -0.1326       -0.1429  8844247    7.83%
  75144 22819       -0.1387    59       -0.1326       -0.1429  8862680    7.82%
  75440 23119       -0.1352    19       -0.1326       -0.1429  8913978    7.82%
  75770 23332       -0.1382    53       -0.1326       -0.1429  8951712    7.82%
Elapsed time = 558.28 sec. (689459.55 ticks, tree = 616.47 MB, solutions = 4)
  76138 23655       -0.1331    25       -0.1326       -0.1429  8992879    7.82%
  76371 23923       -0.1329    53       -0.1326       -0.1429  9040173    7.81%
  76696 24089       -0.1349    25       -0.1326       -0.1429  9070620    7.80%
  77012 24315       -0.1336    20       -0.1326       -0.1429  9109358    7.80%
  77325 24486       -0.1342    19       -0.1326       -0.1429  9146658    7.80%
  77696 24814       -0.1355    56       -0.1326       -0.1429  9194974    7.79%
  78062 25178       -0.1332    30       -0.1326       -0.1429  9257528    7.79%
  78373 25510       -0.1373    49       -0.1326       -0.1429  9314861    7.79%
  78610 25636       -0.1368    62       -0.1326       -0.1429  9344144    7.78%
  78870 25940       -0.1333    42       -0.1326       -0.1429  9395860    7.77%
Elapsed time = 589.56 sec. (727715.49 ticks, tree = 681.75 MB, solutions = 4)
  79131 26007       -0.1350    30       -0.1326       -0.1429  9410106    7.77%
  79502 26317       -0.1369    45       -0.1326       -0.1429  9465891    7.77%
  79688 26567       -0.1390    55       -0.1326       -0.1428  9513622    7.76%

Mixed integer rounding cuts applied:  447
Lift and project cuts applied:  5

Root node processing (before b&c):
  Real time             =    6.09 sec. (5825.38 ticks)
Parallel b&c, 4 threads:
  Real time             =  593.92 sec. (735259.89 ticks)
  Sync time (average)   =   14.24 sec.
  Wait time (average)   =    0.00 sec.
                          ------------
Total (root+branch&cut) =  600.02 sec. (741085.27 ticks)
