Version identifier: 22.2.0.0 | 2026-05-04 | 5dff98e58
CPXPARAM_Read_DataCheck                          1
CPXPARAM_Threads                                 4
CPXPARAM_Parallel                                1
CPXPARAM_RandomSeed                              20260925
CPXPARAM_Simplex_Tolerances_Optimality           1.0000000000000001e-09
CPXPARAM_Simplex_Tolerances_Feasibility          1.0000000000000001e-09
CPXPARAM_TimeLimit                               600
CPXPARAM_MIP_Tolerances_AbsMIPGap                1.0000000000000001e-09
CPXPARAM_MIP_Tolerances_Integrality              1.0000000000000001e-09
Legacy callback                                  i
1 of 1 MIP starts provided solutions.
MIP start 'm1' defined initial solution with objective 0.0178.
Tried aggregator 1 time.
MIP Presolve eliminated 1347 rows and 2 columns.
MIP Presolve modified 3462 coefficients.
Reduced MIP has 3968 rows, 4686 columns, and 49203 nonzeros.
Reduced MIP has 1164 binaries, 0 generals, 0 SOSs, and 0 indicators.
Presolve time = 0.03 sec. (38.82 ticks)
Probing time = 0.00 sec. (0.68 ticks)
Tried aggregator 1 time.
Detecting symmetries...
MIP Presolve modified 60 coefficients.
Reduced MIP has 3968 rows, 4686 columns, and 49203 nonzeros.
Reduced MIP has 1164 binaries, 0 generals, 0 SOSs, and 0 indicators.
Presolve time = 0.02 sec. (20.18 ticks)
Probing time = 0.00 sec. (0.78 ticks)
MIP emphasis: balance optimality and feasibility.
MIP search method: dynamic search.
Parallel mode: deterministic, using up to 4 threads.
Root relaxation solution time = 0.02 sec. (25.20 ticks)

        Nodes                                         Cuts/
   Node  Left     Objective  IInf  Best Integer    Best Bound    ItCnt     Gap

*     0+    0                            0.0178        0.0000           100.00%
      0     0        0.0125    56        0.0178        0.0125      531   29.67%
      0     0        0.0125    57        0.0178    MIRcuts: 9      597   29.67%
      0     0        0.0126    63        0.0178      Cuts: 11      720   29.57%
      0     0        0.0126    61        0.0178    MIRcuts: 8      746   29.38%
      0     0        0.0126    53        0.0178    MIRcuts: 6      761   29.25%
      0     0        0.0126    54        0.0178    MIRcuts: 2      767   29.25%
      0     2        0.0126    52        0.0178        0.0126      767   29.25%
Elapsed time = 1.47 sec. (1649.91 ticks, tree = 0.02 MB, solutions = 1)
     30    32        0.0127    47        0.0178        0.0126     1649   29.25%
     60    62        0.0133    28        0.0178        0.0126     3942   29.25%
    168   134        0.0131    42        0.0178        0.0126     7343   29.25%
    233   200        0.0129    49        0.0178        0.0126    13181   29.25%
*   289+  219                            0.0178        0.0126            29.25%
    308   285        0.0136    30        0.0178        0.0126    18330   29.25%
*   321   262      integral     0        0.0166        0.0126    17667   23.94%
    405   347        cutoff              0.0166        0.0126    26201   23.94%
    485   424        0.0133    39        0.0166        0.0126    30801   23.94%
    546   481        0.0131    56        0.0166        0.0126    38164   23.94%
    791   714        0.0133    54        0.0166        0.0126    63817   23.81%
Elapsed time = 4.16 sec. (4742.10 ticks, tree = 4.87 MB, solutions = 3)
    979   860        0.0136    56        0.0166        0.0126    77124   23.81%
   1201  1055        0.0145    54        0.0166        0.0127    96111   23.64%

Performing restart 1

Repeating presolve.
Tried aggregator 1 time.
Reduced MIP has 3968 rows, 4686 columns, and 49203 nonzeros.
Reduced MIP has 1164 binaries, 0 generals, 0 SOSs, and 0 indicators.
Presolve time = 0.02 sec. (13.87 ticks)
Tried aggregator 1 time.
Reduced MIP has 3968 rows, 4686 columns, and 49203 nonzeros.
Reduced MIP has 1164 binaries, 0 generals, 0 SOSs, and 0 indicators.
Presolve time = 0.02 sec. (20.45 ticks)
Represolve time = 0.05 sec. (40.33 ticks)
   1204     0        0.0126    53        0.0166       Cuts: 7   103302   23.64%
   1204     0        0.0126    53        0.0166       Cuts: 4   103313   23.64%
   1204     0        0.0126    52        0.0166       Cuts: 4   103337   23.64%
   1204     0        0.0126    53        0.0166     Covers: 1   103339   23.64%
   1204     0        0.0126    53        0.0166     Covers: 2   103356   23.64%
   1204     2        0.0126    53        0.0166        0.0127   103356   23.64%
   1250    36        0.0128    53        0.0166        0.0127   104464   23.64%
   1365   136        0.0134    38        0.0166        0.0127   109008   23.64%
   1530   274        0.0128    52        0.0166        0.0127   122221   23.64%
   1815   493        cutoff              0.0166        0.0127   140040   23.64%
   2023   756        0.0154    60        0.0166        0.0127   166312   23.60%
   2178   847        0.0138    57        0.0166        0.0127   180405   23.59%
   2332   971        0.0127    49        0.0166        0.0127   194765   23.58%
Elapsed time = 14.59 sec. (17782.14 ticks, tree = 3.85 MB, solutions = 3)
   2590  1182        0.0135    44        0.0166        0.0127   217283   23.55%
   2897  1427        0.0127    47        0.0166        0.0127   242970   23.54%
   3142  1652        0.0157    56        0.0166        0.0127   266994   23.47%
   3343  1899        0.0136    56        0.0166        0.0127   290365   23.47%
   3572  2049        0.0145    57        0.0166        0.0127   306891   23.46%
   3780  2220        0.0139    55        0.0166        0.0127   324851   23.46%
   3980  2402        0.0140    37        0.0166        0.0127   346022   23.46%
   4300  2666        0.0152    49        0.0166        0.0127   378222   23.46%
   4586  2965        0.0138    52        0.0166        0.0127   408015   23.43%
   4794  3174        0.0157    53        0.0166        0.0127   430988   23.42%
Elapsed time = 21.44 sec. (27373.14 ticks, tree = 11.22 MB, solutions = 3)
   5022  3305        0.0130    53        0.0166        0.0127   450244   23.42%
   5258  3553        0.0131    43        0.0166        0.0127   480960   23.41%
   5536  3756        0.0136    56        0.0166        0.0127   502058   23.38%
   5831  3934        0.0163     7        0.0166        0.0127   519548   23.37%
   6077  4227        0.0166    59        0.0166        0.0127   549725   23.34%
   6404  4482        0.0162    49        0.0166        0.0127   579301   23.33%
   6717  4736        0.0145    45        0.0166        0.0127   602678   23.33%
   6990  5038        0.0130    49        0.0166        0.0127   631854   23.30%
   7279  5316        0.0132    47        0.0166        0.0127   662169   23.30%
   7558  5453        0.0148    62        0.0166        0.0127   676701   23.27%
Elapsed time = 28.23 sec. (36958.73 ticks, tree = 15.41 MB, solutions = 3)
   7854  5732        0.0140    50        0.0166        0.0127   706719   23.27%
   8153  6107        0.0152    44        0.0166        0.0127   743406   23.26%
   8427  6318        0.0163    49        0.0166        0.0127   769254   23.24%
   8738  6452        0.0142    49        0.0166        0.0127   784896   23.24%
   9011  6759        0.0139    54        0.0166        0.0127   816827   23.24%
   9239  6990        0.0128    45        0.0166        0.0127   845196   23.24%
   9518  7227        0.0129    47        0.0166        0.0127   868233   23.22%
   9826  7499        0.0129    42        0.0166        0.0127   896033   23.21%
*  9877  7514      integral     0        0.0162        0.0127   897653   21.21%
  10186  7616        0.0135    51        0.0162        0.0127   922900   21.21%
Elapsed time = 34.45 sec. (45757.90 ticks, tree = 20.38 MB, solutions = 4)
  10517  7876        0.0158    54        0.0162        0.0127   951499   21.20%
  10838  8265        0.0151    47        0.0162        0.0127   993804   21.19%
  11170  8565        0.0149    50        0.0162        0.0127  1022790   21.18%
  11488  8731        0.0144    49        0.0162        0.0127  1038880   21.16%
  11804  9072        0.0139    58        0.0162        0.0127  1076558   21.15%
  12041  9328        0.0159    53        0.0162        0.0127  1107196   21.14%
  12300  9534        0.0151    58        0.0162        0.0127  1129437   21.14%
  12598  9803        0.0155    56        0.0162        0.0127  1160090   21.13%
  12864 10131        0.0144    55        0.0162        0.0127  1195333   21.12%
  13137 10249        0.0129    49        0.0162        0.0127  1207934   21.11%
Elapsed time = 41.11 sec. (55326.32 ticks, tree = 25.62 MB, solutions = 4)
  13452 10577        0.0139    53        0.0162        0.0127  1241947   21.10%
  13736 10637        0.0144    38        0.0162        0.0127  1250455   21.09%
  14022 10899        0.0139    54        0.0162        0.0128  1283459   21.08%
  14356 11345        0.0129    44        0.0162        0.0128  1335411   21.06%
  14687 11510        0.0128    46        0.0162        0.0128  1353391   21.06%
  14983 11864        0.0136    51        0.0162        0.0128  1385932   21.06%
  15282 12281        0.0137    51        0.0162        0.0128  1431815   21.06%
  15570 12427        0.0161    50        0.0162        0.0128  1447271   21.05%
  15893 12728        0.0144    22        0.0162        0.0128  1480321   21.05%
  16228 12899        0.0138    45        0.0162        0.0128  1496127   21.04%
Elapsed time = 47.73 sec. (64895.01 ticks, tree = 30.31 MB, solutions = 4)
  16540 13163        0.0140    51        0.0162        0.0128  1527081   21.03%
  16857 13243        0.0139    51        0.0162        0.0128  1535242   21.02%
  17178 13761        0.0147    39        0.0162        0.0128  1590865   21.02%
  17477 14125        0.0129    44        0.0162        0.0128  1631206   21.01%
  17775 14303        0.0138    48        0.0162        0.0128  1651433   21.01%
  18125 14527        0.0136    43        0.0162        0.0128  1677546   21.01%
  18463 14786        0.0153    52        0.0162        0.0128  1698758   20.99%
  18773 15175        0.0138    51        0.0162        0.0128  1739495   20.99%
  19023 15400        0.0132    46        0.0162        0.0128  1764264   20.99%
  19312 15566        0.0152    49        0.0162        0.0128  1782469   20.99%
Elapsed time = 54.48 sec. (74482.87 ticks, tree = 34.99 MB, solutions = 4)
  19617 15816        0.0138    47        0.0162        0.0128  1808073   20.99%
  19978 16215        0.0161    56        0.0162        0.0128  1844108   20.99%
  20363 16406        0.0148    57        0.0162        0.0128  1863339   20.98%
  20749 16703        0.0134    42        0.0162        0.0128  1889697   20.98%
* 20959 17180      integral     0        0.0159        0.0128  1932509   19.80%
  21349 16997        0.0149    56        0.0159        0.0128  1950688   19.80%
  21738 17081        0.0139    50        0.0159        0.0128  1959574   19.79%
  22188 17707        0.0146    53        0.0159        0.0128  2016946   19.78%
  22544 18145        0.0133    43        0.0159        0.0128  2051797   19.78%
  22989 18247        0.0136    42        0.0159        0.0128  2059911   19.77%
Elapsed time = 61.55 sec. (83578.27 ticks, tree = 40.33 MB, solutions = 5)
  23447 18816        0.0144    51        0.0159        0.0128  2105579   19.76%
  23902 19029        0.0134    44        0.0159        0.0128  2121362   19.76%
  24333 19268        0.0134    45        0.0159        0.0128  2140387   19.76%
  24550 20016        0.0144    39        0.0159        0.0128  2199023   19.75%
  24761 20184        0.0134    45        0.0159        0.0128  2216102   19.75%
  24899 20333        0.0132    43        0.0159        0.0128  2228561   19.75%
  25142 20501        0.0142    53        0.0159        0.0128  2242719   19.75%
  25356 20653        0.0148    51        0.0159        0.0128  2254989   19.75%
* 25537+19772                            0.0158        0.0128            19.16%
  25575 21009        0.0155    55        0.0158        0.0128  2282383   19.16%
  26434 21714        0.0148    49        0.0158        0.0128  2341647   19.16%
Elapsed time = 71.80 sec. (96043.97 ticks, tree = 47.17 MB, solutions = 5)
  27232 22389        0.0147    55        0.0158        0.0128  2402265   19.16%
  28060 23065        0.0144    43        0.0158        0.0128  2461260   19.16%
  28909 23901        0.0133    39        0.0158        0.0128  2534037   19.16%
  29751 24630        0.0158    59        0.0158        0.0128  2590427   19.16%
  30576 25283        cutoff              0.0158        0.0128  2639293   19.16%
  31420 26118        0.0150    29        0.0158        0.0128  2711709   19.16%
  32523 26548        0.0156    55        0.0158        0.0128  2781995   19.16%
  34003 27727        0.0136    41        0.0158        0.0128  2880647   18.97%
  35661 29478        0.0133    36        0.0158        0.0128  3026568   18.94%
  37441 30917        0.0151    41        0.0158        0.0128  3138074   18.93%
Elapsed time = 102.55 sec. (134239.71 ticks, tree = 63.21 MB, solutions = 7)
  39189 31989        0.0146    46        0.0158        0.0128  3229019   18.90%
  41006 33640        cutoff              0.0158        0.0128  3363314   18.87%
  42725 35390        0.0142    50        0.0158        0.0128  3502657   18.85%
  44398 36694        0.0148    43        0.0158        0.0128  3605844   18.82%
  46079 38489        0.0137    47        0.0158        0.0128  3759250   18.79%

Performing restart 2

Repeating presolve.
Tried aggregator 1 time.
Reduced MIP has 3968 rows, 4686 columns, and 49203 nonzeros.
Reduced MIP has 1164 binaries, 0 generals, 0 SOSs, and 0 indicators.
Presolve time = 0.00 sec. (13.87 ticks)
Tried aggregator 1 time.
Reduced MIP has 3968 rows, 4686 columns, and 49203 nonzeros.
Reduced MIP has 1164 binaries, 0 generals, 0 SOSs, and 0 indicators.
Presolve time = 0.02 sec. (20.45 ticks)
Represolve time = 0.03 sec. (43.67 ticks)
  47354     0        0.0127    54        0.0158       Cuts: 7  3887116   18.78%
  47354     0        0.0127    55        0.0158       Cuts: 4  3887129   18.78%
  47354     0        0.0127    56        0.0158       Cuts: 5  3887139   18.78%
  47354     0        0.0127    56        0.0158     Covers: 1  3887150   18.78%
  47354     0        0.0127    55        0.0158     Covers: 3  3887160   18.78%
  47354     0        0.0127    53        0.0158       Cuts: 3  3887175   18.78%
  47354     0        0.0127    59        0.0158       Cuts: 5  3887188   18.78%
  47354     2        0.0127    56        0.0158        0.0128  3887188   18.78%
  47959   513        0.0156    47        0.0158        0.0128  3914783   18.78%
  49174  1594        0.0130    53        0.0158        0.0128  3989440   18.78%
  50537  2672        0.0143    51        0.0158        0.0128  4081640   18.78%
  51875  3791        0.0130    44        0.0158        0.0128  4179418   18.78%
Elapsed time = 133.58 sec. (178220.67 ticks, tree = 11.60 MB, solutions = 7)
  53016  4869        0.0152    25        0.0158        0.0128  4288854   18.77%
  54423  6063        0.0147    45        0.0158        0.0128  4391309   18.70%
  56035  7316        0.0135    36        0.0158        0.0129  4494657   18.65%
  57541  8791        0.0142    34        0.0158        0.0129  4625401   18.59%
  58929  9892        0.0132    43        0.0158        0.0129  4719227   18.57%
  60373 11212        0.0133    37        0.0158        0.0129  4837102   18.49%
  62065 12505        0.0152    57        0.0158        0.0129  4936999   18.48%
  63422 13731        0.0152    38        0.0158        0.0129  5038953   18.46%
  64933 15115        0.0148    39        0.0158        0.0129  5156664   18.43%
  66486 16352        0.0156    43        0.0158        0.0129  5255961   18.40%
Elapsed time = 160.00 sec. (216393.77 ticks, tree = 34.44 MB, solutions = 7)
  67934 17785        0.0139    47        0.0158        0.0129  5378044   18.39%
  69497 18812        0.0146    44        0.0158        0.0129  5464709   18.37%
  71003 20516        0.0143    40        0.0158        0.0129  5608928   18.33%
  72477 21741        0.0130    43        0.0158        0.0129  5716958   18.32%
  74118 23233        0.0138    37        0.0158        0.0129  5845255   18.29%
  75665 24393        0.0130    44        0.0158        0.0129  5938463   18.27%
  77143 25706        0.0138    43        0.0158        0.0129  6035139   18.26%
  78845 27200        0.0138    55        0.0158        0.0129  6149183   18.24%
  80512 28470        0.0147    50        0.0158        0.0129  6244237   18.23%
  81990 29860        0.0141    49        0.0158        0.0129  6360728   18.22%
Elapsed time = 186.69 sec. (254569.56 ticks, tree = 59.80 MB, solutions = 7)
  83634 31634        0.0134    54        0.0158        0.0129  6499577   18.21%
  85318 33294        0.0132    50        0.0158        0.0129  6624240   18.19%
  87122 34297        0.0148    41        0.0158        0.0129  6697571   18.19%
  88689 35968        0.0141    42        0.0158        0.0129  6833193   18.19%
  90323 37487        cutoff              0.0158        0.0129  6957806   18.17%
  91863 38986        0.0132    40        0.0158        0.0129  7075778   18.16%
  93506 40132        0.0130    45        0.0158        0.0129  7177051   18.15%
  95145 41682        0.0131    37        0.0158        0.0129  7299580   18.14%
  96882 42966        0.0150    42        0.0158        0.0129  7400856   18.14%
  98529 44832        0.0153    21        0.0158        0.0129  7553931   18.12%
Elapsed time = 213.22 sec. (292724.44 ticks, tree = 88.31 MB, solutions = 7)
 100152 46087        0.0150    44        0.0158        0.0129  7649718   18.10%
 101871 47491        0.0137    35        0.0158        0.0129  7758205   18.10%
 103550 48871        0.0131    42        0.0158        0.0129  7863815   18.08%
 105192 50677        0.0136    37        0.0158        0.0129  8015282   18.06%
 106931 52024        0.0149    32        0.0158        0.0130  8120834   18.06%
 108574 53401        0.0134    44        0.0158        0.0130  8229236   18.05%
 110343 55115        0.0138    42        0.0158        0.0130  8369085   18.04%
 111967 56605        0.0130    45        0.0158        0.0130  8484236   18.04%
 113760 58065        0.0147    40        0.0158        0.0130  8601765   18.03%
 115432 59675        0.0145    33        0.0158        0.0130  8728842   18.02%
Elapsed time = 239.86 sec. (330887.16 ticks, tree = 115.25 MB, solutions = 7)
 117139 61072        0.0142    45        0.0158        0.0130  8847186   18.01%
 118997 62425        0.0145    36        0.0158        0.0130  8948928   18.00%
 120706 64171        0.0153    36        0.0158        0.0130  9088574   17.99%
 122513 65600        0.0145    36        0.0158        0.0130  9202286   17.99%
 124157 67274        0.0145    46        0.0158        0.0130  9336071   17.98%
 125914 68978        0.0142    49        0.0158        0.0130  9478115   17.98%
 127492 70071        0.0135    43        0.0158        0.0130  9566865   17.97%
 129161 71764        0.0140    38        0.0158        0.0130  9718235   17.97%
 130830 73067        0.0130    51        0.0158        0.0130  9821943   17.96%
 132642 74887        0.0132    46        0.0158        0.0130  9958025   17.96%
Elapsed time = 266.06 sec. (369059.38 ticks, tree = 145.80 MB, solutions = 7)
 134433 76565        0.0137    36        0.0158        0.0130 10084958   17.96%
 136282 77807        0.0146    38        0.0158        0.0130 10174810   17.95%
 137979 79329        0.0139    51        0.0158        0.0130 10293421   17.95%
 139737 81261        0.0143    46        0.0158        0.0130 10448158   17.95%
 141524 82716        0.0140    29        0.0158        0.0130 10561601   17.94%
 143370 84104        0.0135    41        0.0158        0.0130 10672636   17.93%
 145126 85686        0.0130    47        0.0158        0.0130 10802119   17.92%
 146885 87374        0.0138    44        0.0158        0.0130 10938682   17.91%
 148614 88692        0.0139    50        0.0158        0.0130 11040983   17.91%
 150263 90596        0.0136    38        0.0158        0.0130 11196005   17.90%
Elapsed time = 292.16 sec. (407226.14 ticks, tree = 174.37 MB, solutions = 7)
 151994 91665        0.0131    40        0.0158        0.0130 11279695   17.90%
 153741 93614        0.0150    41        0.0158        0.0130 11430808   17.90%
 155471 94820        0.0136    33        0.0158        0.0130 11529416   17.89%
 157094 96240        0.0142    36        0.0158        0.0130 11652230   17.89%
 158879 97881        0.0144    40        0.0158        0.0130 11788850   17.89%
 160608 99331        0.0137    44        0.0158        0.0130 11900969   17.88%
 162284 100930        0.0170    41        0.0158        0.0130 12032980   17.87%
 164078 102438        0.0138    51        0.0158        0.0130 12157858   17.87%
 165793 104075        cutoff              0.0158        0.0130 12290592   17.86%
 167641 105761        0.0138    45        0.0158        0.0130 12428837   17.85%
Elapsed time = 318.42 sec. (445393.81 ticks, tree = 202.01 MB, solutions = 7)
 169407 107245        0.0157    38        0.0158        0.0130 12544472   17.85%
 171041 108675        0.0158    41        0.0158        0.0130 12658362   17.84%
 172727 110062        0.0133    49        0.0158        0.0130 12775624   17.83%
 174446 111825        0.0141    45        0.0158        0.0130 12920795   17.83%
 176094 113176        0.0143    35        0.0158        0.0130 13040418   17.83%
 177764 114803        0.0131    44        0.0158        0.0130 13171413   17.82%
 179547 116388        0.0141    53        0.0158        0.0130 13299053   17.82%
 181292 117862        0.0142    42        0.0158        0.0130 13422480   17.81%
 183011 119465        0.0137    47        0.0158        0.0130 13551028   17.80%
 184732 121050        0.0137    28        0.0158        0.0130 13683397   17.80%
Elapsed time = 344.78 sec. (483560.99 ticks, tree = 229.94 MB, solutions = 7)
 186404 122351        0.0147    31        0.0158        0.0130 13804580   17.79%
 188017 123463        0.0149    39        0.0158        0.0130 13899209   17.79%
 189737 125257        0.0136    43        0.0158        0.0130 14047895   17.78%
 191453 126749        0.0132    33        0.0158        0.0130 14174634   17.78%
 193145 128152        0.0130    37        0.0158        0.0130 14297767   17.77%
 194774 129650        0.0138    31        0.0158        0.0130 14431783   17.77%
 196559 131005        0.0130    42        0.0158        0.0130 14535231   17.76%
 198329 132496        0.0138    44        0.0158        0.0130 14657477   17.76%
 200154 134360        0.0131    35        0.0158        0.0130 14805239   17.76%
 201997 136309        0.0131    41        0.0158        0.0130 14952475   17.75%
Elapsed time = 370.78 sec. (521740.38 ticks, tree = 260.80 MB, solutions = 7)
 203810 137635        0.0156    16        0.0158        0.0130 15056112   17.75%
 205722 139283        0.0138    50        0.0158        0.0130 15175610   17.75%
 207309 140769        0.0134    43        0.0158        0.0130 15298489   17.74%
 209217 142254        0.0142    25        0.0158        0.0130 15422593   17.74%
 211115 144363        0.0139    43        0.0158        0.0130 15578648   17.73%
 212899 145949        0.0143    37        0.0158        0.0130 15704969   17.73%
 214702 147522        0.0133    45        0.0158        0.0130 15825280   17.73%
 216531 149069        0.0143    46        0.0158        0.0130 15950752   17.72%
 218604 150445        0.0140    44        0.0158        0.0130 16048484   17.72%
 220466 152206        0.0136    51        0.0158        0.0130 16170491   17.72%
Elapsed time = 396.88 sec. (559902.88 ticks, tree = 289.70 MB, solutions = 7)
 222416 153962        0.0152    44        0.0158        0.0130 16289680   17.72%
 224169 156101        0.0149    22        0.0158        0.0130 16463345   17.72%
 225821 157452        0.0135    37        0.0158        0.0130 16575514   17.72%
 227733 159250        0.0145    45        0.0158        0.0130 16706366   17.71%
 229648 160604        0.0131    43        0.0158        0.0130 16803734   17.71%
 231487 162639        0.0151    36        0.0158        0.0130 16959475   17.71%
 233325 163977        0.0141    49        0.0158        0.0130 17061683   17.71%
 235261 165477        0.0141    34        0.0158        0.0130 17175847   17.71%
 237038 167654        0.0135    48        0.0158        0.0130 17342842   17.70%
 238715 168728        0.0133    43        0.0158        0.0130 17433983   17.70%
Elapsed time = 422.98 sec. (598060.03 ticks, tree = 321.36 MB, solutions = 7)
 240427 170571        0.0141    43        0.0158        0.0130 17585572   17.70%
 242213 172363        0.0141    37        0.0158        0.0130 17733099   17.70%
 244194 173765        0.0152    18        0.0158        0.0130 17835110   17.69%
 246001 175339        0.0152    43        0.0158        0.0130 17951978   17.69%
 247654 176832        0.0150    47        0.0158        0.0130 18078429   17.69%
 249391 178348        0.0140    52        0.0158        0.0130 18206359   17.69%
 251394 179914        0.0139    45        0.0158        0.0130 18324749   17.68%
 253262 181673        0.0140    30        0.0158        0.0130 18464975   17.68%
 254988 183359        0.0152    38        0.0158        0.0130 18596660   17.67%
 256644 184513        0.0137    38        0.0158        0.0130 18691431   17.67%
Elapsed time = 448.86 sec. (636223.67 ticks, tree = 350.11 MB, solutions = 7)
 258421 186718        0.0139    35        0.0158        0.0130 18877271   17.67%
 260293 188036        0.0145    41        0.0158        0.0130 18979689   17.66%
 262324 189483        0.0137    50        0.0158        0.0130 19082544   17.66%
 264171 191530        0.0138    51        0.0158        0.0130 19227329   17.66%
 266086 192743        0.0142    49        0.0158        0.0130 19317459   17.66%
 267980 194586        0.0134    37        0.0158        0.0130 19455360   17.66%
 269684 196906        0.0144    50        0.0158        0.0130 19641682   17.66%
 271374 198078        0.0137    44        0.0158        0.0130 19740862   17.65%
 273203 199378        0.0153    38        0.0158        0.0130 19844875   17.65%
 274980 200896        cutoff              0.0158        0.0130 19973586   17.65%
Elapsed time = 474.95 sec. (674392.01 ticks, tree = 382.84 MB, solutions = 7)
 276692 202789        0.0139    40        0.0158        0.0130 20131282   17.64%
 278437 204615        0.0141    40        0.0158        0.0130 20284116   17.64%
 280191 205632        0.0134    40        0.0158        0.0130 20368420   17.64%
 282115 207324        0.0156    41        0.0158        0.0130 20501749   17.64%
 283896 208503        0.0143    30        0.0158        0.0130 20596729   17.63%
 285593 210477        0.0142    42        0.0158        0.0130 20761201   17.63%
 287404 212564        0.0141    40        0.0158        0.0130 20927537   17.63%
 289196 213606        0.0157    41        0.0158        0.0130 21019456   17.62%
 290885 215269        0.0139    50        0.0158        0.0130 21162485   17.62%
 292506 216958        0.0134    51        0.0158        0.0130 21303271   17.62%
Elapsed time = 500.64 sec. (712560.87 ticks, tree = 412.14 MB, solutions = 7)
 294195 217886        0.0146    43        0.0158        0.0130 21376270   17.62%
 295982 219439        0.0150    37        0.0158        0.0130 21496203   17.62%
 297801 221027        0.0134    45        0.0158        0.0130 21622963   17.61%
 299749 222922        0.0143    31        0.0158        0.0130 21766360   17.61%
 301677 224860        0.0146    32        0.0158        0.0130 21917870   17.61%
 303629 226239        0.0146    46        0.0158        0.0130 22029983   17.60%
 305455 227682        0.0139    40        0.0158        0.0130 22144015   17.60%
 307308 229457        0.0157    25        0.0158        0.0130 22285774   17.60%
 309226 231086        0.0131    48        0.0158        0.0130 22418105   17.59%
 311197 232829        0.0140    42        0.0158        0.0130 22547043   17.59%
Elapsed time = 527.28 sec. (750739.73 ticks, tree = 443.58 MB, solutions = 7)
 313110 234606        cutoff              0.0158        0.0130 22681304   17.59%
 314981 236359        0.0143    40        0.0158        0.0130 22831855   17.58%
 316771 238125        0.0140    35        0.0158        0.0130 22981866   17.58%
 318519 239605        0.0136    30        0.0158        0.0130 23116623   17.57%
 320224 240703        0.0142    44        0.0158        0.0130 23208566   17.57%
 321000 241768        cutoff              0.0158        0.0130 23298246   17.57%
 321754 242246        0.0149    29        0.0158        0.0130 23337526   17.57%
 322554 243075        0.0144    22        0.0158        0.0130 23400926   17.57%
 323303 243349        0.0150    42        0.0158        0.0130 23423605   17.57%
 323943 244225        0.0152    43        0.0158        0.0130 23492998   17.57%
Elapsed time = 554.84 sec. (788979.27 ticks, tree = 464.42 MB, solutions = 7)
 324798 244840        0.0144    25        0.0158        0.0130 23545268   17.56%
 325421 245524        0.0134    40        0.0158        0.0130 23600185   17.56%
 326389 246223        0.0145    37        0.0158        0.0130 23655148   17.56%
 327212 247154        0.0153    17        0.0158        0.0130 23731931   17.56%
 327902 247764        0.0145    31        0.0158        0.0130 23784177   17.56%
 328802 248348        0.0139    37        0.0158        0.0130 23831853   17.55%
 329552 249103        0.0147    40        0.0158        0.0130 23898063   17.55%
 330256 249391        0.0141    35        0.0158        0.0130 23922414   17.55%
 331173 250474        0.0140    31        0.0158        0.0130 24004401   17.55%
 332090 251143        0.0149    28        0.0158        0.0130 24062488   17.55%
Elapsed time = 583.80 sec. (827169.00 ticks, tree = 477.06 MB, solutions = 7)
 332777 251784        0.0150    45        0.0158        0.0130 24118375   17.55%
 333757 252509        0.0136    34        0.0158        0.0130 24178567   17.54%
 334509 253525        0.0137    39        0.0158        0.0130 24267300   17.54%
 335673 254014        0.0155    41        0.0158        0.0130 24308236   17.54%
 336224 254548        0.0135    37        0.0158        0.0130 24350821   17.54%

Cover cuts applied:  2
Mixed integer rounding cuts applied:  46
Lift and project cuts applied:  1

Root node processing (before b&c):
  Real time             =    1.47 sec. (1647.96 ticks)
Parallel b&c, 4 threads:
  Real time             =  598.55 sec. (847335.21 ticks)
  Sync time (average)   =   23.27 sec.
  Wait time (average)   =    0.02 sec.
                          ------------
Total (root+branch&cut) =  600.02 sec. (848983.17 ticks)
