Version identifier: 22.2.0.0 | 2026-05-04 | 5dff98e58
CPXPARAM_Read_DataCheck                          1
CPXPARAM_Threads                                 4
CPXPARAM_Parallel                                1
CPXPARAM_RandomSeed                              20260925
CPXPARAM_MIP_Strategy_Search                     1
CPXPARAM_Simplex_Tolerances_Optimality           1.0000000000000001e-09
CPXPARAM_Simplex_Tolerances_Feasibility          1.0000000000000001e-09
CPXPARAM_TimeLimit                               600
CPXPARAM_MIP_Tolerances_AbsMIPGap                1.0000000000000001e-09
CPXPARAM_MIP_Tolerances_Integrality              1.0000000000000001e-09
Legacy callback                                  iLUD
Lazy constraint(s) or lazy constraint/branch callback is present.
    Disabling dual reductions (CPX_PARAM_REDUCE) in presolve.
    Disabling presolve reductions that prevent crushing forms (CPX_PARAM_PREREFORM).
         Disabling repeat represolve because of lazy constraint/incumbent callback.
Warning: Effort level 'CheckFeas' is incompatible with lazy constraint/incumbent callback.
         Effort level increased to 'SolveFixed'.
1 of 1 MIP starts provided solutions.
MIP start 'm1' defined initial solution with objective 0.0585.
Tried aggregator 1 time.
MIP Presolve eliminated 3106 rows and 0 columns.
Reduced MIP has 1469 rows, 2432 columns, and 13759 nonzeros.
Reduced MIP has 1200 binaries, 0 generals, 0 SOSs, and 0 indicators.
Presolve time = 0.02 sec. (11.35 ticks)
Probing time = 0.00 sec. (0.24 ticks)
MIP emphasis: balance optimality and feasibility.
MIP search method: traditional branch-and-cut.
Parallel mode: deterministic, using up to 4 threads.
Root relaxation solution time = 0.03 sec. (26.66 ticks)

        Nodes                                         Cuts/
   Node  Left     Objective  IInf  Best Integer    Best Bound    ItCnt     Gap         Variable B NodeID Parent  Depth

*     0+    0                            0.0585        0.0000           100.00%
      0     0        0.0522    10        0.0585        0.0522      819   10.76%
      0     0        0.0522    13        0.0585     Covers: 1      882   10.76%
*     0+    0                            0.0557        0.0522             6.22%
      0     0  -1.00000e+75     0        0.0557        0.0522      882    6.22%
      0     2        0.0522    13        0.0557        0.0522      882    6.22%                        0             0
Elapsed time = 0.33 sec. (142.58 ticks, tree = 0.02 MB, solutions = 2)
*    14+    2                            0.0556        0.0522             6.11%
*   278+  123                            0.0553        0.0534             3.39%
    300   138        0.0540    11        0.0553        0.0534     4993    3.39%           x1122 D    306    302     12
*   434+  217                            0.0553        0.0535             3.17%
*   490+  239                            0.0553        0.0536             2.92%
*   500+  254                            0.0553        0.0536             2.92%
*   546+  280                            0.0553        0.0537             2.87%
    738   347        cutoff              0.0553        0.0540    13166    2.33%           x1128 D    680    676     14
   1050   329        0.0552     8        0.0553        0.0540    29785    2.23%            x366 D   1043   1039     15
*  1087+  331                            0.0553        0.0541             2.19%
   1442   454        0.0552    17        0.0553        0.0541    41072    2.02%            x995 D   1431   1427     17
*  1684   499      integral     0        0.0553        0.0542    47933    1.85%            x636 U   1592   1588     19
   2553   920        0.0549    12        0.0553        0.0548    59435    0.88%            x306 U   2494    114     10
   3647   923        cutoff              0.0553        0.0551    67383    0.30%            x390 D   3628   3620     17
   4698  1299        0.0552     6        0.0553        0.0551    75946    0.25%            x378 D   4809   4805     23
*  5498+ 1464                            0.0553        0.0552             0.14%
   5776  1360        cutoff              0.0553        0.0552    86473    0.13%            x384 U   5889   3495     20

Cover cuts applied:  6

Root node processing (before b&c):
  Real time             =    0.33 sec. (141.88 ticks)
Parallel b&c, 4 threads:
  Real time             =    6.30 sec. (2285.40 ticks)
  Sync time (average)   =    0.45 sec.
  Wait time (average)   =    0.00 sec.
                          ------------
Total (root+branch&cut) =    6.62 sec. (2427.28 ticks)
