Version identifier: 22.2.0.0 | 2026-05-04 | 5dff98e58
CPXPARAM_Read_DataCheck                          1
CPXPARAM_Threads                                 4
CPXPARAM_Parallel                                1
CPXPARAM_RandomSeed                              20260925
CPXPARAM_Simplex_Tolerances_Optimality           1.0000000000000001e-09
CPXPARAM_Simplex_Tolerances_Feasibility          1.0000000000000001e-09
CPXPARAM_TimeLimit                               600
CPXPARAM_MIP_Tolerances_AbsMIPGap                1.0000000000000001e-09
CPXPARAM_MIP_Tolerances_Integrality              1.0000000000000001e-09
Legacy callback                                  i
Found incumbent of value 0.000000 after 0.00 sec. (0.02 ticks)
Tried aggregator 1 time.
MIP Presolve eliminated 42 rows and 1 columns.
MIP Presolve modified 504 coefficients.
Reduced MIP has 654 rows, 709 columns, and 5598 nonzeros.
Reduced MIP has 174 binaries, 0 generals, 0 SOSs, and 0 indicators.
Presolve time = 0.00 sec. (2.27 ticks)
Probing time = 0.00 sec. (0.17 ticks)
Tried aggregator 1 time.
Detecting symmetries...
Reduced MIP has 654 rows, 709 columns, and 5598 nonzeros.
Reduced MIP has 174 binaries, 0 generals, 0 SOSs, and 0 indicators.
Presolve time = 0.00 sec. (2.24 ticks)
Probing time = 0.00 sec. (0.17 ticks)
MIP emphasis: balance optimality and feasibility.
MIP search method: dynamic search.
Parallel mode: deterministic, using up to 4 threads.
Root relaxation solution time = 0.02 sec. (11.04 ticks)

        Nodes                                         Cuts/
   Node  Left     Objective  IInf  Best Integer    Best Bound    ItCnt     Gap

*     0+    0                            0.0000       -1.0000              --- 
*     0+    0                           -0.0536       -1.0000              --- 
      0     0       -0.2935    39       -0.0536       -0.2935      492  447.78%
*     0+    0                           -0.1119       -0.2935           162.23%
      0     0       -0.2935    48       -0.1119      Cuts: 28      781  162.23%
*     0+    0                           -0.1190       -0.2935           146.50%
*     0+    0                           -0.1762       -0.2935            66.55%
      0     0       -0.2894    62       -0.1762      Cuts: 46     1298   62.99%
      0     0       -0.2865    70       -0.1762      Cuts: 34     1913   62.61%
      0     0       -0.2826    75       -0.1762   MIRcuts: 33     2160   60.42%
*     0+    0                           -0.2000       -0.2826            41.32%
      0     0       -0.2816    70       -0.2000   MIRcuts: 25     2364   40.78%
Detecting symmetries...
      0     0       -0.2810    76       -0.2000   MIRcuts: 10     2478   40.52%
      0     0       -0.2804    80       -0.2000   MIRcuts: 10     2596   40.19%
      0     0       -0.2800    76       -0.2000    MIRcuts: 8     2696   40.00%
      0     0       -0.2799    84       -0.2000   MIRcuts: 15     2754   39.94%
*     0+    0                           -0.2214       -0.2799            26.40%
      0     0       -0.2798    83       -0.2214    MIRcuts: 7     2834   26.36%
      0     0       -0.2791    81       -0.2214   MIRcuts: 17     3015   26.05%
      0     0       -0.2790    82       -0.2214   MIRcuts: 12     3113   26.00%
      0     0       -0.2786    81       -0.2214    MIRcuts: 5     3220   25.80%
      0     0       -0.2779    76       -0.2214    MIRcuts: 8     3391   25.51%
      0     0       -0.2779    82       -0.2214    MIRcuts: 8     3446   25.50%
*     0+    0                           -0.2310       -0.2779            20.32%
*     0+    0                           -0.2357       -0.2779            17.89%
*     0+    0                           -0.2452       -0.2779            13.31%
Detecting symmetries...
      0     2       -0.2779    79       -0.2452       -0.2779     3446   13.31%
Elapsed time = 0.75 sec. (786.73 ticks, tree = 0.02 MB, solutions = 10)
     97    76       -0.2567    44       -0.2452       -0.2735    15460   11.52%
    254   191        cutoff             -0.2452       -0.2717    30586   10.80%
    375   271       -0.2503    33       -0.2452       -0.2708    41920   10.43%
    524   385       -0.2559    33       -0.2452       -0.2704    53981   10.26%
    715   549       -0.2649    63       -0.2452       -0.2693    71549    9.83%
*   722   542      integral     0       -0.2464       -0.2693    69180    9.30%
    912   649        cutoff             -0.2464       -0.2689    83461    9.14%
*   923   652      integral     0       -0.2488       -0.2689    83558    8.09%
   1129   778       -0.2613    66       -0.2488       -0.2682    99433    7.79%
*  1226+  839                           -0.2512       -0.2681             6.73%
   1321   823       -0.2650    65       -0.2512       -0.2680   112527    6.69%
   2187  1482       -0.2526    34       -0.2512       -0.2671   175669    6.33%
Elapsed time = 3.58 sec. (3683.32 ticks, tree = 7.43 MB, solutions = 13)

Performing restart 1

Repeating presolve.
Tried aggregator 1 time.
MIP Presolve modified 168 coefficients.
Reduced MIP has 654 rows, 709 columns, and 5550 nonzeros.
Reduced MIP has 174 binaries, 0 generals, 0 SOSs, and 0 indicators.
Presolve time = 0.00 sec. (2.50 ticks)
Tried aggregator 1 time.
Reduced MIP has 654 rows, 709 columns, and 5550 nonzeros.
Reduced MIP has 174 binaries, 0 generals, 0 SOSs, and 0 indicators.
Presolve time = 0.00 sec. (2.25 ticks)
Represolve time = 0.02 sec. (12.73 ticks)
   2454     0       -0.2770    76       -0.2512      Cuts: 11   202556    6.25%
   2454     0       -0.2756    73       -0.2512      Cuts: 11   202875    6.25%
   2454     0       -0.2740    61       -0.2512      Cuts: 24   203147    6.25%
   2454     0       -0.2738    61       -0.2512    MIRcuts: 4   203217    6.25%
   2454     0       -0.2738    61       -0.2512    MIRcuts: 3   203223    6.25%
   2454     0       -0.2738    61       -0.2512    MIRcuts: 1   203227    6.25%
   2454     2       -0.2738    61       -0.2512       -0.2669   203227    6.25%
   2490    26       -0.2682    69       -0.2512       -0.2669   214221    6.25%
   2864   234       -0.2671    56       -0.2512       -0.2669   250454    6.25%
   3426   658       -0.2566    58       -0.2512       -0.2669   299180    6.25%
   3952  1097       -0.2582    58       -0.2512       -0.2666   357837    6.14%
   4454  1433        cutoff             -0.2512       -0.2657   407768    5.79%
   5041  1837       -0.2544    52       -0.2512       -0.2650   461271    5.49%
   5686  2216       -0.2518    53       -0.2512       -0.2643   515833    5.21%
   6310  2691       -0.2532    27       -0.2512       -0.2639   586161    5.05%
   6944  3096       -0.2526    63       -0.2512       -0.2634   654481    4.86%
Elapsed time = 12.34 sec. (13706.95 ticks, tree = 12.75 MB, solutions = 13)
   7561  3395       -0.2560    52       -0.2512       -0.2630   703251    4.69%
   8259  3869       -0.2530    34       -0.2512       -0.2625   772560    4.51%
*  8355+ 3920                           -0.2536       -0.2625             3.51%
   8876  3356       -0.2570    48       -0.2536       -0.2622   838356    3.40%
   9546  3620        cutoff             -0.2536       -0.2619   888779    3.29%
  10174  3922       -0.2549    28       -0.2536       -0.2616   951263    3.18%
  10818  4215        cutoff             -0.2536       -0.2614  1014180    3.08%
  11395  4519        cutoff             -0.2536       -0.2610  1087349    2.95%
  11980  4680        cutoff             -0.2536       -0.2609  1128096    2.87%
  12441  4898       -0.2538    52       -0.2536       -0.2606  1190422    2.78%
  12920  5004        cutoff             -0.2536       -0.2604  1230081    2.68%
Elapsed time = 20.72 sec. (23253.32 ticks, tree = 20.21 MB, solutions = 14)
  13377  5145       -0.2584    68       -0.2536       -0.2602  1293541    2.61%
  13798  5230        cutoff             -0.2536       -0.2600  1353941    2.52%
  14236  5330       -0.2548    52       -0.2536       -0.2598  1411700    2.45%
  14661  5406       -0.2551    49       -0.2536       -0.2597  1471328    2.41%
  15189  5451        cutoff             -0.2536       -0.2594  1524015    2.31%
  15610  5568       -0.2571    25       -0.2536       -0.2592  1593430    2.24%
  16064  5601        cutoff             -0.2536       -0.2591  1653868    2.17%
  16520  5642        cutoff             -0.2536       -0.2589  1720424    2.08%
  16952  5646       -0.2546    44       -0.2536       -0.2587  1765245    2.03%
  17412  5657       -0.2562    57       -0.2536       -0.2585  1826691    1.95%
Elapsed time = 29.14 sec. (32812.83 ticks, tree = 21.69 MB, solutions = 14)
  17859  5610        cutoff             -0.2536       -0.2584  1899277    1.89%
  18352  5565        cutoff             -0.2536       -0.2582  1956229    1.84%
  18871  5575        cutoff             -0.2536       -0.2580  2013334    1.76%
  19365  5536       -0.2546    45       -0.2536       -0.2579  2055077    1.70%
  19928  5492       -0.2545    49       -0.2536       -0.2577  2115810    1.63%
  20444  5479        cutoff             -0.2536       -0.2575  2181075    1.56%
  21020  5381        cutoff             -0.2536       -0.2573  2254194    1.48%
  21537  5249        cutoff             -0.2536       -0.2571  2315767    1.41%
  22056  5154       -0.2540    37       -0.2536       -0.2569  2360318    1.30%
  22617  4836        cutoff             -0.2536       -0.2566  2438447    1.20%
Elapsed time = 37.38 sec. (42370.06 ticks, tree = 18.53 MB, solutions = 14)
  23205  4661        cutoff             -0.2536       -0.2564  2493862    1.10%
  23770  4447        cutoff             -0.2536       -0.2561  2540704    1.01%
  24469  4017        cutoff             -0.2536       -0.2558  2621517    0.89%
  25169  3628        cutoff             -0.2536       -0.2556  2673701    0.78%
  25892  3124        cutoff             -0.2536       -0.2553  2729761    0.67%
  26784  2502        cutoff             -0.2536       -0.2548  2778908    0.50%
  27918  1513        cutoff             -0.2536       -0.2544  2825538    0.32%

Mixed integer rounding cuts applied:  216
Lift and project cuts applied:  7
Gomory fractional cuts applied:  2

Root node processing (before b&c):
  Real time             =    0.75 sec. (786.12 ticks)
Parallel b&c, 4 threads:
  Real time             =   43.56 sec. (49213.54 ticks)
  Sync time (average)   =    1.98 sec.
  Wait time (average)   =    0.00 sec.
                          ------------
Total (root+branch&cut) =   44.31 sec. (49999.66 ticks)
