Version identifier: 22.2.0.0 | 2026-05-04 | 5dff98e58
CPXPARAM_Read_DataCheck                          1
CPXPARAM_Threads                                 4
CPXPARAM_Parallel                                1
CPXPARAM_RandomSeed                              20260925
CPXPARAM_Simplex_Tolerances_Optimality           1.0000000000000001e-09
CPXPARAM_Simplex_Tolerances_Feasibility          1.0000000000000001e-09
CPXPARAM_TimeLimit                               600
CPXPARAM_MIP_Tolerances_AbsMIPGap                1.0000000000000001e-09
CPXPARAM_MIP_Tolerances_Integrality              1.0000000000000001e-09
Legacy callback                                  i
1 of 1 MIP starts provided solutions.
MIP start 'm1' defined initial solution with objective 0.1516.
Tried aggregator 1 time.
MIP Presolve eliminated 37 rows and 2 columns.
MIP Presolve modified 522 coefficients.
Reduced MIP has 659 rows, 708 columns, and 5670 nonzeros.
Reduced MIP has 174 binaries, 0 generals, 0 SOSs, and 0 indicators.
Presolve time = 0.00 sec. (2.26 ticks)
Probing time = 0.00 sec. (0.17 ticks)
Tried aggregator 1 time.
Detecting symmetries...
Reduced MIP has 659 rows, 708 columns, and 5670 nonzeros.
Reduced MIP has 174 binaries, 0 generals, 0 SOSs, and 0 indicators.
Presolve time = 0.00 sec. (2.23 ticks)
Probing time = 0.00 sec. (0.17 ticks)
MIP emphasis: balance optimality and feasibility.
MIP search method: dynamic search.
Parallel mode: deterministic, using up to 4 threads.
Root relaxation solution time = 0.00 sec. (4.98 ticks)

        Nodes                                         Cuts/
   Node  Left     Objective  IInf  Best Integer    Best Bound    ItCnt     Gap

*     0+    0                            0.1516        0.0000           100.00%
      0     0        0.1297    18        0.1516        0.1297      253   14.42%
      0     0        0.1299    42        0.1516      Cuts: 50      451   14.28%
      0     0        0.1303    41        0.1516      Cuts: 37      600   14.05%
      0     0        0.1304    48        0.1516      Cuts: 41      697   13.96%
      0     0        0.1305    52        0.1516   MIRcuts: 51      851   13.94%
      0     0        0.1305    58        0.1516   MIRcuts: 37     1077   13.88%
Detecting symmetries...
*     0+    0                            0.1510        0.1305            13.52%
      0     0        0.1311    66        0.1510   MIRcuts: 43     1211   13.18%
      0     0        0.1313    60        0.1510   MIRcuts: 19     1279   13.00%
      0     0        0.1318    57        0.1510   MIRcuts: 13     1414   12.66%
      0     0        0.1321    56        0.1510    MIRcuts: 8     1528   12.46%
      0     0        0.1323    56        0.1510    MIRcuts: 8     1611   12.35%
      0     0        0.1325    52        0.1510    MIRcuts: 5     1692   12.23%
      0     0        0.1325    52        0.1510    MIRcuts: 5     1726   12.21%
      0     0        0.1325    54        0.1510    MIRcuts: 2     1743   12.20%
Detecting symmetries...
      0     2        0.1325    54        0.1510        0.1325     1743   12.20%
Elapsed time = 0.34 sec. (335.68 ticks, tree = 0.02 MB, solutions = 2)
    203   129        0.1472    37        0.1510        0.1341    16567   11.17%
    463   318        0.1388    33        0.1510        0.1350    33912   10.56%
    783   538        0.1475    21        0.1510        0.1353    47387   10.35%
   1093   818        0.1471    33        0.1510        0.1356    64779   10.18%
   1370  1006        0.1369    41        0.1510        0.1358    80703   10.03%
   1659  1189    infeasible              0.1510        0.1362    98958    9.80%
   1983  1437        0.1408    37        0.1510        0.1363   118560    9.73%
   2296  1675        0.1412    33        0.1510        0.1364   136278    9.66%

Performing restart 1

Repeating presolve.
Tried aggregator 1 time.
MIP Presolve modified 168 coefficients.
Reduced MIP has 659 rows, 708 columns, and 5622 nonzeros.
Reduced MIP has 174 binaries, 0 generals, 0 SOSs, and 0 indicators.
Presolve time = 0.00 sec. (2.52 ticks)
Tried aggregator 1 time.
Reduced MIP has 659 rows, 708 columns, and 5622 nonzeros.
Reduced MIP has 174 binaries, 0 generals, 0 SOSs, and 0 indicators.
Presolve time = 0.00 sec. (2.24 ticks)
Represolve time = 0.02 sec. (9.51 ticks)
   2468     0        0.1328    57        0.1510      Cuts: 16   150948    9.59%
   2468     0        0.1329    57        0.1510      Cuts: 10   151003    9.59%
   2468     0        0.1330    57        0.1510      Cuts: 19   151090    9.59%
   2468     0        0.1334    63        0.1510      Cuts: 15   151222    9.59%
   2468     0        0.1340    50        0.1510       Cuts: 9   151357    9.59%
   2468     0        0.1343    54        0.1510      Cuts: 13   151489    9.59%
   2468     0        0.1344    57        0.1510       Cuts: 5   151548    9.59%
   2468     2        0.1344    57        0.1510        0.1365   151548    9.59%
   2991   377        0.1409    43        0.1510        0.1365   195390    9.59%
Elapsed time = 6.53 sec. (6863.01 ticks, tree = 0.85 MB, solutions = 2)
   3725   914        0.1425    41        0.1510        0.1370   244017    9.25%
   4469  1530        0.1498    47        0.1510        0.1374   300754    8.95%
   5099  1907        0.1403    63        0.1510        0.1379   344821    8.63%
   5886  2498        0.1504    44        0.1510        0.1384   405148    8.32%
   6718  3100        0.1476    22        0.1510        0.1388   470268    8.04%
   7414  3554        cutoff              0.1510        0.1391   519674    7.86%
   8089  4068        0.1457    40        0.1510        0.1394   581699    7.67%
   8884  4628        0.1502    41        0.1510        0.1397   639796    7.46%
   9523  4952        0.1440    41        0.1510        0.1399   680896    7.34%
   9967  5308        0.1416    51        0.1510        0.1400   737389    7.24%
Elapsed time = 14.77 sec. (16421.02 ticks, tree = 20.93 MB, solutions = 2)
  10605  5640        0.1478    40        0.1510        0.1402   795370    7.15%
  11178  5984        0.1458    31        0.1510        0.1403   850260    7.03%
  11701  6362        0.1455    54        0.1510        0.1405   913930    6.95%
  12324  6593        0.1491    58        0.1510        0.1405   953523    6.89%
  12904  6921        0.1427    65        0.1510        0.1407  1009725    6.79%
  13355  7213        0.1458    56        0.1510        0.1409  1071684    6.68%
  13965  7595        0.1499    40        0.1510        0.1410  1143265    6.58%
  14643  7930        0.1483    66        0.1510        0.1411  1190595    6.50%
  15194  8335        0.1501    51        0.1510        0.1412  1261824    6.43%
  15866  8724        0.1457    56        0.1510        0.1414  1314435    6.33%
Elapsed time = 23.20 sec. (25976.07 ticks, tree = 34.84 MB, solutions = 2)
  16446  9054        0.1429    30        0.1510        0.1415  1370470    6.26%
  16954  9236        cutoff              0.1510        0.1416  1408193    6.18%
  17491  9495        0.1440    24        0.1510        0.1417  1467560    6.12%
  18020  9730        0.1482    44        0.1510        0.1418  1515851    6.04%
  18603  9988        cutoff              0.1510        0.1419  1579352    5.99%
  19150 10410        0.1487    34        0.1510        0.1420  1649630    5.92%
  19809 10731        0.1464    36        0.1510        0.1421  1704836    5.87%
  20400 11005        0.1478    51        0.1510        0.1422  1756244    5.80%
  20978 11229        cutoff              0.1510        0.1423  1803606    5.73%
  21565 11546        cutoff              0.1510        0.1424  1869264    5.69%
Elapsed time = 30.89 sec. (35539.73 ticks, tree = 45.80 MB, solutions = 2)
  22091 11836        cutoff              0.1510        0.1424  1929058    5.64%
  22700 12124        0.1447    53        0.1510        0.1426  1998997    5.56%
  23313 12379        cutoff              0.1510        0.1426  2047782    5.53%
  23833 12630        0.1464    21        0.1510        0.1427  2099431    5.48%
  24396 12749        0.1503    61        0.1510        0.1427  2138001    5.44%
  25005 13172        cutoff              0.1510        0.1428  2224999    5.39%
  25559 13277        0.1489    43        0.1510        0.1429  2248250    5.36%
  26088 13600        0.1476    55        0.1510        0.1429  2335801    5.32%
* 26486+13679                            0.1500        0.1430             4.67%
  26534 13794        0.1494    36        0.1500        0.1430  2384617    4.66%
* 26551+13679                            0.1498        0.1430             4.51%
  26786 13917        0.1483    44        0.1498        0.1430  2421393    4.51%
Elapsed time = 38.58 sec. (45090.86 ticks, tree = 58.00 MB, solutions = 2)
  27042 13963        0.1484    53        0.1498        0.1430  2438587    4.51%
  27347 14091        0.1436    58        0.1498        0.1430  2466312    4.51%
  27694 14246        0.1468    51        0.1498        0.1430  2493533    4.51%
  28004 14461        0.1488    33        0.1498        0.1430  2534043    4.51%
  28288 14574        0.1474    51        0.1498        0.1430  2570224    4.51%
  28612 13706        0.1443    35        0.1498        0.1430  2587255    4.50%
  29045 13812        0.1458    50        0.1498        0.1430  2625638    4.50%
  29610 13986        cutoff              0.1498        0.1433  2680588    4.31%
  30227 14186        0.1446    38        0.1498        0.1434  2745638    4.25%
  30862 14449        0.1471    49        0.1498        0.1435  2797036    4.20%
Elapsed time = 46.80 sec. (54655.96 ticks, tree = 58.75 MB, solutions = 7)
  31429 14675        0.1445    31        0.1498        0.1435  2866667    4.15%
  32007 14863        0.1491    59        0.1498        0.1436  2921259    4.11%
  32715 14943        0.1475    28        0.1498        0.1437  2941435    4.08%
  33364 15286        0.1474    36        0.1498        0.1437  3033430    4.03%
  33964 15412        0.1482    37        0.1498        0.1438  3070956    3.99%
  34644 15798        cutoff              0.1498        0.1439  3144642    3.93%
  35286 15920        0.1466    40        0.1498        0.1439  3196281    3.89%
  35902 16131        cutoff              0.1498        0.1440  3240440    3.85%
  36572 16301        0.1490    55        0.1498        0.1440  3305245    3.82%
  37195 16538        0.1458    21        0.1498        0.1441  3370145    3.78%
Elapsed time = 54.52 sec. (64205.29 ticks, tree = 67.29 MB, solutions = 7)
  37794 16724        cutoff              0.1498        0.1442  3433081    3.73%
  38410 16858        0.1482    34        0.1498        0.1442  3462267    3.70%
  39150 17119        0.1497    50        0.1498        0.1443  3534929    3.65%
  39763 17352        0.1476    27        0.1498        0.1443  3593159    3.61%
  40358 17479        cutoff              0.1498        0.1444  3658314    3.57%
  41048 17602        0.1489    30        0.1498        0.1445  3701696    3.54%
  41742 17851        0.1486    51        0.1498        0.1445  3777628    3.51%
  42401 18089        cutoff              0.1498        0.1446  3840706    3.47%
  43108 18262        0.1457    32        0.1498        0.1446  3895302    3.43%
  43778 18383        cutoff              0.1498        0.1447  3948825    3.39%
Elapsed time = 62.12 sec. (73752.15 ticks, tree = 76.21 MB, solutions = 7)
  44356 18563        0.1495    50        0.1498        0.1447  4031048    3.35%
  44975 18580        cutoff              0.1498        0.1448  4059919    3.32%
  45779 18574        cutoff              0.1498        0.1449  4131730    3.27%
  46397 18524        cutoff              0.1498        0.1449  4174336    3.23%
  47053 18603        0.1464    44        0.1498        0.1450  4253233    3.20%
  47732 18725        0.1477    44        0.1498        0.1450  4304786    3.17%
  48375 18813        cutoff              0.1498        0.1450  4347388    3.15%
  49046 18874        cutoff              0.1498        0.1451  4410213    3.09%
  49726 18981        cutoff              0.1498        0.1452  4453219    3.05%
  50373 19142        cutoff              0.1498        0.1453  4524101    3.00%
Elapsed time = 69.64 sec. (83305.01 ticks, tree = 79.12 MB, solutions = 7)
  51063 19184        0.1463    49        0.1498        0.1453  4573465    2.96%
  51790 19314        cutoff              0.1498        0.1454  4633771    2.93%
  52382 19389        0.1460    59        0.1498        0.1454  4697768    2.89%
  53015 19462        0.1490    39        0.1498        0.1455  4740395    2.86%
  53756 19464        0.1492    44        0.1498        0.1455  4804749    2.83%
  54441 19442        0.1487    33        0.1498        0.1456  4882486    2.80%
  55122 19464        cutoff              0.1498        0.1456  4914392    2.77%
  55826 19415        0.1484    57        0.1498        0.1457  4959372    2.74%
  56458 19544        cutoff              0.1498        0.1457  5047426    2.69%
  59239 19442        cutoff              0.1498        0.1460  5272233    2.53%
Elapsed time = 79.52 sec. (95713.94 ticks, tree = 78.99 MB, solutions = 7)
  62055 19227        cutoff              0.1498        0.1462  5511902    2.38%
  64880 18822        cutoff              0.1498        0.1464  5744463    2.23%
  67868 18213        cutoff              0.1498        0.1466  5961606    2.10%
  71025 17588        cutoff              0.1498        0.1469  6177853    1.92%
  74404 16440        0.1490    28        0.1498        0.1472  6398699    1.74%
  77914 14326        cutoff              0.1498        0.1475  6644149    1.49%
  81939 11756        cutoff              0.1498        0.1480  6862885    1.19%
  87272  7228        cutoff              0.1498        0.1486  7091615    0.78%

Cover cuts applied:  12
Mixed integer rounding cuts applied:  191
Zero-half cuts applied:  1
Lift and project cuts applied:  6

Root node processing (before b&c):
  Real time             =    0.34 sec. (335.23 ticks)
Parallel b&c, 4 threads:
  Real time             =  106.34 sec. (128716.42 ticks)
  Sync time (average)   =    3.72 sec.
  Wait time (average)   =    0.00 sec.
                          ------------
Total (root+branch&cut) =  106.69 sec. (129051.65 ticks)
