Version identifier: 22.2.0.0 | 2026-05-04 | 5dff98e58
CPXPARAM_Read_DataCheck                          1
CPXPARAM_Threads                                 4
CPXPARAM_Parallel                                1
CPXPARAM_RandomSeed                              20260925
CPXPARAM_Simplex_Tolerances_Optimality           1.0000000000000001e-09
CPXPARAM_Simplex_Tolerances_Feasibility          1.0000000000000001e-09
CPXPARAM_TimeLimit                               600
CPXPARAM_MIP_Tolerances_AbsMIPGap                1.0000000000000001e-09
CPXPARAM_MIP_Tolerances_Integrality              1.0000000000000001e-09
Legacy callback                                  i
Found incumbent of value 0.000000 after 0.00 sec. (0.02 ticks)
Tried aggregator 1 time.
MIP Presolve eliminated 37 rows and 1 columns.
MIP Presolve modified 522 coefficients.
Reduced MIP has 659 rows, 709 columns, and 5673 nonzeros.
Reduced MIP has 174 binaries, 0 generals, 0 SOSs, and 0 indicators.
Presolve time = 0.02 sec. (2.26 ticks)
Probing time = 0.00 sec. (0.17 ticks)
Tried aggregator 1 time.
Detecting symmetries...
Reduced MIP has 659 rows, 709 columns, and 5673 nonzeros.
Reduced MIP has 174 binaries, 0 generals, 0 SOSs, and 0 indicators.
Presolve time = 0.00 sec. (2.25 ticks)
Probing time = 0.00 sec. (0.17 ticks)
MIP emphasis: balance optimality and feasibility.
MIP search method: dynamic search.
Parallel mode: deterministic, using up to 4 threads.
Root relaxation solution time = 0.00 sec. (8.84 ticks)

        Nodes                                         Cuts/
   Node  Left     Objective  IInf  Best Integer    Best Bound    ItCnt     Gap

*     0+    0                            0.0000       -1.0000              --- 
*     0+    0                           -0.0643       -1.0000              --- 
      0     0       -0.3048    37       -0.0643       -0.3048      418  374.07%
*     0+    0                           -0.1190       -0.3048           156.00%
      0     0       -0.3041    43       -0.1190      Cuts: 40      840  155.43%
*     0+    0                           -0.1548       -0.3041            96.48%
*     0+    0                           -0.1857       -0.3041            63.74%
      0     0       -0.2999    59       -0.1857      Cuts: 51     1288   61.47%
      0     0       -0.2993    68       -0.1857   MIRcuts: 35     1828   61.15%
      0     0       -0.2969    65       -0.1857   MIRcuts: 22     2065   59.89%
      0     0       -0.2965    72       -0.1857      Cuts: 12     2164   59.63%
Detecting symmetries...
*     0+    0                           -0.2381       -0.2965            24.51%
      0     0       -0.2950    67       -0.2381   MIRcuts: 12     2345   23.92%
      0     0       -0.2937    77       -0.2381      Cuts: 16     2474   23.36%
      0     0       -0.2922    83       -0.2381   MIRcuts: 14     2615   22.71%
      0     0       -0.2906    83       -0.2381      Cuts: 24     2868   22.04%
      0     0       -0.2898    73       -0.2381      Cuts: 11     2969   21.73%
      0     0       -0.2891    83       -0.2381   MIRcuts: 11     3100   21.42%
      0     0       -0.2888    81       -0.2381    MIRcuts: 8     3198   21.28%
      0     0       -0.2879    76       -0.2381    MIRcuts: 9     3320   20.94%
      0     0       -0.2876    73       -0.2381    MIRcuts: 9     3412   20.78%
      0     0       -0.2869    80       -0.2381    MIRcuts: 9     3522   20.50%
      0     0       -0.2867    75       -0.2381    MIRcuts: 9     3595   20.41%
      0     0       -0.2864    72       -0.2381   MIRcuts: 10     3696   20.28%
      0     0       -0.2862    77       -0.2381    MIRcuts: 9     3781   20.19%
*     0+    0                           -0.2429       -0.2862            17.83%
      0     0       -0.2858    73       -0.2429   MIRcuts: 12     3908   17.67%
      0     0       -0.2855    81       -0.2429    MIRcuts: 9     4009   17.58%
      0     0       -0.2851    79       -0.2429   MIRcuts: 11     4175   17.39%
      0     0       -0.2850    79       -0.2429    MIRcuts: 8     4267   17.34%
      0     0       -0.2848    80       -0.2429    MIRcuts: 4     4380   17.27%
*     0+    0                           -0.2452       -0.2848            16.13%
Detecting symmetries...
      0     2       -0.2848    80       -0.2452       -0.2848     4380   16.13%
Elapsed time = 1.00 sec. (1014.25 ticks, tree = 0.02 MB, solutions = 8)
     53    48       -0.2707    52       -0.2452       -0.2837    13695   15.67%
    143   103       -0.2737    44       -0.2452       -0.2832    24594   15.49%
    273   184       -0.2757    67       -0.2452       -0.2832    35434   15.49%
    469   377       -0.2584    36       -0.2452       -0.2832    50541   15.49%
*   477+  349                           -0.2476       -0.2832            14.38%
    682   494       -0.2619    22       -0.2476       -0.2811    62263   13.53%
*   719+  504                           -0.2571       -0.2811             9.32%
    846   526       -0.2791    49       -0.2571       -0.2808    78094    9.21%
    977   634       -0.2673    44       -0.2571       -0.2805    89308    9.07%
   1122   755       -0.2660    50       -0.2571       -0.2802   105180    8.97%
   1256   867       -0.2779    66       -0.2571       -0.2802   116207    8.97%

Performing restart 1

Repeating presolve.
Tried aggregator 1 time.
MIP Presolve modified 168 coefficients.
Reduced MIP has 659 rows, 709 columns, and 5625 nonzeros.
Reduced MIP has 174 binaries, 0 generals, 0 SOSs, and 0 indicators.
Presolve time = 0.00 sec. (2.52 ticks)
Tried aggregator 1 time.
Reduced MIP has 659 rows, 709 columns, and 5625 nonzeros.
Reduced MIP has 174 binaries, 0 generals, 0 SOSs, and 0 indicators.
Presolve time = 0.02 sec. (2.26 ticks)
Represolve time = 0.02 sec. (15.27 ticks)
   1261     0       -0.2839    81       -0.2571      Cuts: 28   123823    8.97%
   1261     0       -0.2822    75       -0.2571      Cuts: 19   124057    8.97%
   1261     0       -0.2807    80       -0.2571      Cuts: 21   124259    8.97%
   1261     0       -0.2802    86       -0.2571      Cuts: 12   124368    8.97%
   1261     0       -0.2797    81       -0.2571      Cuts: 15   124556    8.78%
   1261     0       -0.2788    81       -0.2571      Cuts: 19   124737    8.42%
   1261     0       -0.2773    80       -0.2571      Cuts: 14   124934    7.83%
   1261     0       -0.2768    76       -0.2571      Cuts: 20   125077    7.64%
   1261     0       -0.2766    72       -0.2571       Cuts: 6   125205    7.55%
   1261     0       -0.2762    83       -0.2571      Cuts: 11   125416    7.40%
   1261     0       -0.2759    79       -0.2571   MIRcuts: 10   125537    7.30%
   1261     0       -0.2759    78       -0.2571    MIRcuts: 8   125561    7.30%
   1261     0       -0.2758    75       -0.2571    MIRcuts: 4   125646    7.26%
   1261     0       -0.2754    69       -0.2571    MIRcuts: 9   125759    7.11%
   1261     0       -0.2752    74       -0.2571    MIRcuts: 6   125905    7.03%
   1261     0       -0.2751    71       -0.2571    MIRcuts: 4   126021    6.99%
   1261     0       -0.2751    75       -0.2571    MIRcuts: 8   126096    6.98%
   1261     0       -0.2750    79       -0.2571    MIRcuts: 3   126211    6.94%
   1261     0       -0.2749    75       -0.2571   MIRcuts: 10   126307    6.90%
   1261     2       -0.2749    75       -0.2571       -0.2749   126307    6.90%
Elapsed time = 5.64 sec. (5552.99 ticks, tree = 0.02 MB, solutions = 10)
   1433   120       -0.2593    52       -0.2571       -0.2741   148199    6.59%
   1955   529       -0.2697    71       -0.2571       -0.2731   190753    6.22%
   2391   850       -0.2588    43       -0.2571       -0.2718   230201    5.70%
   2812  1177       -0.2614    33       -0.2571       -0.2714   269653    5.56%
   3341  1564       -0.2603    37       -0.2571       -0.2705   316504    5.19%
   3838  1917       -0.2655    60       -0.2571       -0.2703   362440    5.10%
   4298  2284       -0.2638    52       -0.2571       -0.2698   413035    4.93%
   4914  2734       -0.2584    49       -0.2571       -0.2695   467484    4.80%
   5481  3153       -0.2592    39       -0.2571       -0.2691   515332    4.66%
   6108  3615       -0.2644    70       -0.2571       -0.2687   570719    4.51%
Elapsed time = 14.69 sec. (15123.94 ticks, tree = 13.82 MB, solutions = 10)
   6735  4114       -0.2572    70       -0.2571       -0.2684   633962    4.36%
   7295  4522       -0.2615    48       -0.2571       -0.2682   685254    4.29%
   7847  4851       -0.2593    66       -0.2571       -0.2680   728018    4.21%
   8323  5178       -0.2599    59       -0.2571       -0.2678   781242    4.14%
   8903  5585       -0.2587    63       -0.2571       -0.2675   836125    4.02%
   9437  5869       -0.2592    71       -0.2571       -0.2673   883934    3.95%
   9981  6226       -0.2601    51       -0.2571       -0.2671   933729    3.88%
  10597  6641       -0.2620    49       -0.2571       -0.2669   995714    3.81%
  11128  6883       -0.2629    52       -0.2571       -0.2668  1036115    3.75%
  11652  7286       -0.2611    33       -0.2571       -0.2666  1104016    3.67%
Elapsed time = 23.06 sec. (24695.91 ticks, tree = 30.19 MB, solutions = 10)
  12238  7548       -0.2605    58       -0.2571       -0.2664  1146333    3.61%
* 12252+ 7591                           -0.2595       -0.2664             2.66%
  12769  5142       -0.2599    50       -0.2595       -0.2663  1209976    2.60%
  13213  5370       -0.2604    57       -0.2595       -0.2661  1271443    2.54%
  13741  5501       -0.2623    50       -0.2595       -0.2659  1317914    2.47%
  14228  5714       -0.2612    41       -0.2595       -0.2657  1370764    2.39%
  14693  5869       -0.2598    62       -0.2595       -0.2655  1433527    2.31%
  15201  5968        cutoff             -0.2595       -0.2653  1473828    2.24%
  15675  6148       -0.2612    56       -0.2595       -0.2652  1520462    2.18%
  16103  6262        cutoff             -0.2595       -0.2650  1570503    2.10%
  16508  6346        cutoff             -0.2595       -0.2649  1640396    2.06%
Elapsed time = 31.64 sec. (34249.73 ticks, tree = 25.19 MB, solutions = 11)
  16831  6426        cutoff             -0.2595       -0.2647  1681672    1.98%
  17189  6424       -0.2607    64       -0.2595       -0.2645  1720835    1.93%
  17552  6414        cutoff             -0.2595       -0.2644  1793722    1.88%
  17952  6426       -0.2596    42       -0.2595       -0.2643  1813809    1.84%
  18334  6369       -0.2599    44       -0.2595       -0.2642  1889680    1.78%
  18689  6381       -0.2600    55       -0.2595       -0.2640  1936586    1.72%
  19152  6313        cutoff             -0.2595       -0.2638  1996968    1.65%
  19549  6315       -0.2601    44       -0.2595       -0.2637  2044820    1.61%
  20015  6363       -0.2605    23       -0.2595       -0.2635  2083194    1.55%
  20498  6261       -0.2605    35       -0.2595       -0.2634  2132172    1.48%
Elapsed time = 39.92 sec. (43802.27 ticks, tree = 24.74 MB, solutions = 11)
  20885  6254        cutoff             -0.2595       -0.2631  2191142    1.40%
  21387  6156       -0.2605    56       -0.2595       -0.2629  2245646    1.31%
  21848  6034        cutoff             -0.2595       -0.2627  2303416    1.21%
  22343  5905       -0.2601    42       -0.2595       -0.2625  2352128    1.14%
  22831  5756       -0.2599    22       -0.2595       -0.2623  2392898    1.07%
  23287  5538        cutoff             -0.2595       -0.2622  2454490    1.02%
  23903  5332        cutoff             -0.2595       -0.2619  2508468    0.92%
  24578  5074        cutoff             -0.2595       -0.2617  2562391    0.85%
  25058  4780        cutoff             -0.2595       -0.2615  2604671    0.77%
  25394  4597        cutoff             -0.2595       -0.2615  2630954    0.77%
Elapsed time = 48.64 sec. (53352.60 ticks, tree = 20.02 MB, solutions = 11)
  25766  4389        cutoff             -0.2595       -0.2615  2651707    0.77%
  26138  4123        cutoff             -0.2595       -0.2615  2675853    0.77%
  26529  3899        cutoff             -0.2595       -0.2615  2699615    0.77%
  27008  3528        cutoff             -0.2595       -0.2615  2727275    0.77%
  27516  3155       -0.2603    57       -0.2595       -0.2615  2748081    0.77%
  28017  2804        cutoff             -0.2595       -0.2615  2769769    0.77%
  28567  2347        cutoff             -0.2595       -0.2615  2787934    0.77%
  29188  1801        cutoff             -0.2595       -0.2615  2805249    0.77%
  29921  1078        cutoff             -0.2595       -0.2615  2817785    0.77%
  30773   261       -0.2596    18       -0.2595       -0.2615  2827465    0.77%
Elapsed time = 57.94 sec. (62913.47 ticks, tree = 1.31 MB, solutions = 11)
  30963  4849       -0.2596    58       -0.2595       -0.2615  2594272    0.77%

Flow cuts applied:  1
Mixed integer rounding cuts applied:  263
Lift and project cuts applied:  18

Root node processing (before b&c):
  Real time             =    1.00 sec. (1013.40 ticks)
Parallel b&c, 4 threads:
  Real time             =   60.30 sec. (65658.32 ticks)
  Sync time (average)   =    3.85 sec.
  Wait time (average)   =    0.00 sec.
                          ------------
Total (root+branch&cut) =   61.30 sec. (66671.72 ticks)
