Version identifier: 22.2.0.0 | 2026-05-04 | 5dff98e58
CPXPARAM_Read_DataCheck                          1
CPXPARAM_Threads                                 4
CPXPARAM_Parallel                                1
CPXPARAM_RandomSeed                              20260925
CPXPARAM_Simplex_Tolerances_Optimality           1.0000000000000001e-09
CPXPARAM_Simplex_Tolerances_Feasibility          1.0000000000000001e-09
CPXPARAM_TimeLimit                               600
CPXPARAM_MIP_Tolerances_AbsMIPGap                1.0000000000000001e-09
CPXPARAM_MIP_Tolerances_Integrality              1.0000000000000001e-09
Legacy callback                                  i
1 of 1 MIP starts provided solutions.
MIP start 'm1' defined initial solution with objective 0.0584.
Tried aggregator 1 time.
MIP Presolve eliminated 3106 rows and 2 columns.
MIP Presolve modified 3600 coefficients.
Reduced MIP has 3887 rows, 4830 columns, and 34872 nonzeros.
Reduced MIP has 1200 binaries, 0 generals, 0 SOSs, and 0 indicators.
Presolve time = 0.03 sec. (30.31 ticks)
Probing time = 0.00 sec. (0.54 ticks)
Tried aggregator 1 time.
Detecting symmetries...
Reduced MIP has 3887 rows, 4830 columns, and 34872 nonzeros.
Reduced MIP has 1200 binaries, 0 generals, 0 SOSs, and 0 indicators.
Presolve time = 0.02 sec. (19.13 ticks)
Probing time = 0.00 sec. (0.61 ticks)
MIP emphasis: balance optimality and feasibility.
MIP search method: dynamic search.
Parallel mode: deterministic, using up to 4 threads.
Root relaxation solution time = 0.05 sec. (57.28 ticks)

        Nodes                                         Cuts/
   Node  Left     Objective  IInf  Best Integer    Best Bound    ItCnt     Gap

*     0+    0                            0.0584        0.0000           100.00%
      0     0        0.0506    21        0.0584        0.0506     1083   13.29%
*     0+    0                            0.0561        0.0506             9.80%
      0     0        0.0506    18        0.0561      Cuts: 54     1236    9.80%
      0     0        0.0506    17        0.0561      Cuts: 11     1280    9.80%
      0     0        0.0506    11        0.0561    MIRcuts: 1     1292    9.80%
*     0+    0                            0.0561        0.0506             9.80%
*     0+    0                            0.0561        0.0506             9.80%
      0     0  -1.00000e+75     0        0.0561        0.0506     1292    9.80%
      0     2        0.0506    11        0.0561        0.0506     1292    9.80%
Elapsed time = 0.44 sec. (472.09 ticks, tree = 0.02 MB, solutions = 4)
     75    58        0.0517    24        0.0561        0.0506     5004    9.80%
    137    92        0.0510    21        0.0561        0.0506    13055    9.80%
    219   140        0.0511    21        0.0561        0.0506    20147    9.80%
    337   204        cutoff              0.0561        0.0506    24528    9.80%
    413   247    infeasible              0.0561        0.0506    30564    9.80%
    507   285        0.0511    18        0.0561        0.0506    36829    9.79%
    609   351        0.0509    21        0.0561        0.0506    47040    9.79%
    707   413        0.0519    18        0.0561        0.0506    52371    9.79%
    796   488        0.0512    23        0.0561        0.0508    63185    9.50%
   1200   699        0.0527    20        0.0561        0.0508    94821    9.46%
Elapsed time = 3.00 sec. (3614.01 ticks, tree = 4.10 MB, solutions = 4)
   1674   969    infeasible              0.0561        0.0510   129126    9.17%
   2095  1114    infeasible              0.0561        0.0511   163739    8.94%
   2547  1313        0.0520    18        0.0561        0.0512   204710    8.72%
   3000  1495        cutoff              0.0561        0.0513   238712    8.59%
   3416  1713    infeasible              0.0561        0.0514   278490    8.44%

Performing restart 1

Repeating presolve.
Tried aggregator 1 time.
Reduced MIP has 3887 rows, 4830 columns, and 34872 nonzeros.
Reduced MIP has 1200 binaries, 0 generals, 0 SOSs, and 0 indicators.
Presolve time = 0.02 sec. (9.98 ticks)
Tried aggregator 1 time.
Reduced MIP has 3887 rows, 4830 columns, and 34872 nonzeros.
Reduced MIP has 1200 binaries, 0 generals, 0 SOSs, and 0 indicators.
Presolve time = 0.02 sec. (19.36 ticks)
Represolve time = 0.03 sec. (37.17 ticks)
*  3679+    0                            0.0561        0.0514             8.35%
   3679     0        0.0506    36        0.0561      Cuts: 43   310858    8.35%
*  3679+    0                            0.0561        0.0514             8.35%
   3679     0        0.0506    30        0.0561      Cuts: 33   311020    8.35%
   3679     0        0.0506    41        0.0561      Cuts: 34   311261    8.35%
   3679     0        0.0511    39        0.0561      Cuts: 18   311494    8.35%
*  3679+    0                            0.0561        0.0514             8.35%
   3679     0  -1.00000e+75     0        0.0561        0.0514   311494    8.35%
   3679     0        0.0511    42        0.0561      Cuts: 21   311588    8.35%
   3679     0        0.0511    37        0.0561      Cuts: 19   311662    8.35%
   3679     0        0.0511    44        0.0561      Cuts: 17   311765    8.35%
*  3679+    0                            0.0553        0.0514             6.98%
*  3679+    0                            0.0553        0.0514             6.98%
   3679     0  -1.00000e+75     0        0.0553        0.0514   311765    6.98%
   3679     2        0.0511    44        0.0553        0.0514   311765    6.98%
*  3686+    3                            0.0553        0.0514             6.98%
   3810    58        0.0515    32        0.0553        0.0514   318373    6.98%
   4176   177    infeasible              0.0553        0.0519   339450    6.14%
   4605   366        0.0553    19        0.0553        0.0527   365349    4.73%
   5186   575        0.0551    27        0.0553        0.0531   388433    3.96%
Elapsed time = 12.41 sec. (16290.51 ticks, tree = 0.94 MB, solutions = 10)
   5987  1100        0.0547    14        0.0553        0.0532   415398    3.74%
*  6676+ 1454                            0.0553        0.0532             3.68%
   6749  1495        0.0548    15        0.0553        0.0532   441225    3.68%
   7409  1846        0.0542     6        0.0553        0.0532   473293    3.67%
*  7672  1914      integral     0        0.0553        0.0534   484677    3.33%
   7942  1815        cutoff              0.0553        0.0540   502961    2.20%
   8507  2019        0.0550    23        0.0553        0.0542   531305    1.83%
   9046  2237        0.0548    17        0.0553        0.0542   568312    1.83%
   9640  2445        0.0542     6        0.0553        0.0542   599842    1.83%
  10224  2634        0.0544     3        0.0553        0.0542   628362    1.83%
  10733  2824        cutoff              0.0553        0.0542   664648    1.83%
  11230  2947        cutoff              0.0553        0.0542   690208    1.83%
Elapsed time = 19.42 sec. (25838.08 ticks, tree = 5.76 MB, solutions = 12)
  11734  3080        0.0550    18        0.0553        0.0542   727173    1.83%
  12165  3145        0.0548    29        0.0553        0.0542   755098    1.83%
  12623  3298        cutoff              0.0553        0.0542   796593    1.83%
  13058  3161        0.0580    36        0.0553        0.0543   837721    1.83%
  13513  3148        0.0548    15        0.0553        0.0543   866983    1.78%
  14020  3160        0.0543     4        0.0553        0.0543   899406    1.77%
  14615  3123        cutoff              0.0553        0.0543   928749    1.74%
  15101  3104        0.0551    21        0.0553        0.0543   968222    1.65%
  15504  3090        0.0552    19        0.0553        0.0543   993711    1.65%
  15976  3003        0.0552     8        0.0553        0.0544  1039171    1.53%
Elapsed time = 26.03 sec. (35393.01 ticks, tree = 6.23 MB, solutions = 12)
  16683  2894        0.0552    14        0.0553        0.0546  1073356    1.28%
  17665  3154        cutoff              0.0553        0.0547  1091368    1.07%
  18555  3666        0.0547    14        0.0553        0.0547  1126438    1.01%
  19355  3976        0.0550    17        0.0553        0.0547  1158808    0.94%
  20246  4172        0.0550    18        0.0553        0.0547  1175017    0.93%
  21258  4484        0.0550    11        0.0553        0.0548  1204262    0.88%
  22132  4672        0.0552    17        0.0553        0.0548  1242065    0.85%
* 22157  4636      integral     0        0.0553        0.0548  1245396    0.84%
* 22610+ 4601                            0.0553        0.0548             0.77%
* 22737+ 4634                            0.0553        0.0548             0.75%
  23195  4645        0.0552    17        0.0553        0.0549  1267054    0.73%
  24514  4890        cutoff              0.0553        0.0549  1286507    0.68%
  25628  5463        0.0552    14        0.0553        0.0549  1324608    0.65%
Elapsed time = 32.88 sec. (44936.91 ticks, tree = 10.37 MB, solutions = 14)
  26478  5680        0.0550    23        0.0553        0.0549  1344498    0.62%
  27512  5912        0.0550    15        0.0553        0.0549  1368606    0.59%
  27967  6314        cutoff              0.0553        0.0549  1402148    0.59%
  28377  6345        cutoff              0.0553        0.0549  1416043    0.59%
  28778  6528        0.0550    16        0.0553        0.0549  1436493    0.59%
  29178  6669        0.0550    24        0.0553        0.0549  1450835    0.59%
  29644  6791        0.0550    19        0.0553        0.0549  1465584    0.59%
  30090  7004        0.0551    10        0.0553        0.0549  1484591    0.59%
  30608  7166        0.0550     8        0.0553        0.0549  1499104    0.59%
  31110  7299        cutoff              0.0553        0.0549  1506467    0.59%
Elapsed time = 40.55 sec. (54483.20 ticks, tree = 14.30 MB, solutions = 14)
  31709  7480        0.0552    13        0.0553        0.0549  1520039    0.59%
  32272  7700        0.0552    18        0.0553        0.0549  1539973    0.59%
  32913  7967        0.0552    13        0.0553        0.0549  1558255    0.59%
  33752  8173        0.0552    14        0.0553        0.0549  1569308    0.59%
  34823  8391        0.0552    19        0.0553        0.0549  1582108    0.59%
  35815  8855        cutoff              0.0553        0.0549  1608492    0.59%
  36819  9225        0.0552    13        0.0553        0.0549  1628584    0.59%
  37987  9525        0.0550    15        0.0553        0.0550  1645215    0.51%
  39226  9844        0.0550    15        0.0553        0.0550  1661541    0.51%
  40276 10209        0.0552    13        0.0553        0.0550  1690860    0.50%
Elapsed time = 48.27 sec. (64026.22 ticks, tree = 19.52 MB, solutions = 14)
  41395 10506        0.0550    13        0.0553        0.0550  1718485    0.50%
  42258 10616        0.0550    18        0.0553        0.0550  1743776    0.50%
  43068 10662        cutoff              0.0553        0.0550  1780216    0.50%
  44003 10664        0.0551    16        0.0553        0.0550  1806951    0.50%
  44923 11023        cutoff              0.0553        0.0550  1847152    0.49%
  46085 11148        cutoff              0.0553        0.0550  1859400    0.48%
  47332 11383        0.0552    11        0.0553        0.0550  1878335    0.47%
  48611 12010        0.0552    13        0.0553        0.0550  1927131    0.45%
  49899 12110        0.0550    12        0.0553        0.0550  1933441    0.45%
  51282 12477        0.0550    18        0.0553        0.0550  1958229    0.45%
Elapsed time = 55.14 sec. (73571.16 ticks, tree = 23.65 MB, solutions = 14)
  52441 12889        cutoff              0.0553        0.0550  1995868    0.44%
  53615 13187        0.0550    20        0.0553        0.0550  2021615    0.44%
  54778 13311        cutoff              0.0553        0.0550  2033566    0.44%
  55943 13710        0.0552    11        0.0553        0.0550  2072245    0.44%
  57011 13924        cutoff              0.0553        0.0550  2089581    0.44%
  57932 14062        0.0552    13        0.0553        0.0550  2124375    0.43%
  58693 14190        cutoff              0.0553        0.0550  2155311    0.43%
  59416 14078        0.0552    11        0.0553        0.0550  2195131    0.43%
  60449 13887        cutoff              0.0553        0.0550  2219644    0.43%
  61574 13878        0.0552    21        0.0553        0.0550  2236699    0.42%
Elapsed time = 61.50 sec. (83117.50 ticks, tree = 26.14 MB, solutions = 14)
  62493 13717        cutoff              0.0553        0.0550  2265713    0.41%
  63161 13439        0.0552    23        0.0553        0.0550  2307517    0.38%
  64118 13108        0.0552    14        0.0553        0.0551  2335193    0.36%
  65024 12921        0.0551    16        0.0553        0.0551  2348714    0.34%
  65810 12859        cutoff              0.0553        0.0551  2382603    0.33%
  66552 12941        0.0552    19        0.0553        0.0551  2411873    0.31%
  67487 13035        0.0551    18        0.0553        0.0551  2438526    0.30%
  68666 13144        0.0551    15        0.0553        0.0551  2461487    0.29%
  70141 13211        0.0551    16        0.0553        0.0551  2475015    0.29%
  75444 13352        0.0551    18        0.0553        0.0551  2563576    0.27%
Elapsed time = 69.75 sec. (95524.52 ticks, tree = 25.08 MB, solutions = 14)
  80412 12767        0.0551    11        0.0553        0.0551  2646402    0.27%
  83546 12783        0.0551    17        0.0553        0.0551  2759150    0.23%
  88494 13266        0.0552    18        0.0553        0.0551  2859457    0.21%
  93284 13056        0.0551    18        0.0553        0.0551  2942297    0.20%
  98458 12648        cutoff              0.0553        0.0551  3020241    0.20%
 101686 12157        cutoff              0.0553        0.0552  3136115    0.18%
 104724 11783        0.0552    15        0.0553        0.0552  3261879    0.17%
 110930 12076        0.0552    18        0.0553        0.0552  3331348    0.15%
 117059 11856        0.0552    20        0.0553        0.0552  3412686    0.15%
 121980 11218        0.0552    17        0.0553        0.0552  3518320    0.14%
Elapsed time = 95.17 sec. (133679.60 ticks, tree = 20.92 MB, solutions = 14)
 126835 11155        cutoff              0.0553        0.0552  3599655    0.12%
 133216 10926        0.0552     9        0.0553        0.0552  3674082    0.11%
 139943 10527        0.0552     9        0.0553        0.0552  3728842    0.11%
 147348  9725        0.0552     9        0.0553        0.0552  3799749    0.10%
 154433 10709        0.0552    15        0.0553        0.0552  3854578    0.09%
 162016 12966        cutoff              0.0553        0.0552  3921347    0.09%
 169391 14628        0.0552    15        0.0553        0.0552  3986741    0.09%
 176582 16293        0.0552    15        0.0553        0.0552  4055052    0.09%
 183606 17995        0.0552    15        0.0553        0.0552  4118156    0.09%
 190659 18515        0.0552    16        0.0553        0.0552  4170685    0.09%
Elapsed time = 121.48 sec. (171831.22 ticks, tree = 35.14 MB, solutions = 14)
 198222 20344        0.0553     5        0.0553        0.0552  4241278    0.09%
 205284 21192        0.0552    17        0.0553        0.0552  4307352    0.08%
 212245 22439        cutoff              0.0553        0.0552  4369033    0.08%
 219390 23251        0.0552    16        0.0553        0.0552  4439483    0.08%
 226498 23782        0.0552    15        0.0553        0.0552  4500830    0.08%
 233954 25121        0.0552    14        0.0553        0.0552  4560121    0.08%
 240777 26254        0.0552    14        0.0553        0.0552  4626696    0.08%
 248097 26675        0.0552    16        0.0553        0.0552  4689483    0.08%
 255010 27297        0.0552    15        0.0553        0.0552  4753679    0.08%
 261843 27275        0.0552    14        0.0553        0.0552  4811065    0.08%
Elapsed time = 147.33 sec. (209983.05 ticks, tree = 51.46 MB, solutions = 14)
 268958 27581        0.0552    16        0.0553        0.0552  4877914    0.08%
 276251 28360        0.0552    16        0.0553        0.0552  4943665    0.08%
 283626 29414        0.0552    15        0.0553        0.0552  5014030    0.08%
 290746 29641        0.0552    14        0.0553        0.0552  5080321    0.08%
 297801 29807        cutoff              0.0553        0.0552  5137607    0.08%
 304680 29540        0.0552    13        0.0553        0.0552  5202240    0.08%
 311573 29551        0.0552    18        0.0553        0.0552  5259763    0.08%
 318945 30029        0.0552    16        0.0553        0.0552  5317161    0.08%
 326355 30763        cutoff              0.0553        0.0552  5392497    0.08%
 333416 31155        0.0552    14        0.0553        0.0552  5449910    0.08%
Elapsed time = 173.36 sec. (248135.83 ticks, tree = 58.58 MB, solutions = 14)
 340310 30769        cutoff              0.0553        0.0552  5509443    0.08%
 347482 30866        cutoff              0.0553        0.0552  5577051    0.08%
 354359 30613        0.0552     5        0.0553        0.0552  5632360    0.08%
 361447 30743        0.0552     8        0.0553        0.0552  5697538    0.08%
 368554 31147        cutoff              0.0553        0.0552  5763014    0.08%
 376021 31753        0.0552    16        0.0553        0.0552  5826957    0.08%
 383304 31448        0.0552    15        0.0553        0.0552  5878028    0.08%
 390418 31182        0.0552    14        0.0553        0.0552  5947877    0.08%
 397466 31197        cutoff              0.0553        0.0552  6010744    0.08%
 404850 31054        0.0552    17        0.0553        0.0552  6076949    0.08%
Elapsed time = 199.20 sec. (286288.46 ticks, tree = 58.18 MB, solutions = 14)
 411757 31155        cutoff              0.0553        0.0552  6137596    0.08%
 418702 31713        cutoff              0.0553        0.0552  6195853    0.08%
 425872 31749        0.0552    14        0.0553        0.0552  6255417    0.08%
 433216 31319        cutoff              0.0553        0.0552  6319361    0.08%
 440009 31389        0.0552    17        0.0553        0.0552  6380645    0.08%
 447076 30846        cutoff              0.0553        0.0552  6448043    0.08%
 454327 30712        cutoff              0.0553        0.0552  6498559    0.07%
 461127 31186        0.0552    16        0.0553        0.0552  6560198    0.07%
 468258 31313        cutoff              0.0553        0.0552  6627155    0.07%
 475417 30965        0.0552    15        0.0553        0.0552  6695761    0.07%
Elapsed time = 225.50 sec. (324440.06 ticks, tree = 57.82 MB, solutions = 14)
 482466 30638        0.0552    13        0.0553        0.0552  6761464    0.07%
 489519 30017        0.0552    15        0.0553        0.0552  6808604    0.07%
 496036 30094        cutoff              0.0553        0.0552  6875740    0.07%
 502654 30170        cutoff              0.0553        0.0552  6939836    0.07%
 509719 29899        0.0552    14        0.0553        0.0552  7000710    0.07%
 516354 29118        0.0552     6        0.0553        0.0552  7052774    0.07%
 521900 28625        0.0552    15        0.0553        0.0552  7135050    0.07%
 528488 29812        0.0552     7        0.0553        0.0552  7216948    0.07%
 535714 29619        0.0552    14        0.0553        0.0552  7277235    0.07%
 541986 28183        0.0552    15        0.0553        0.0552  7340855    0.07%
Elapsed time = 251.56 sec. (362590.02 ticks, tree = 52.40 MB, solutions = 14)
 548267 27239        0.0552    14        0.0553        0.0552  7410145    0.07%
 554859 26837        cutoff              0.0553        0.0552  7472426    0.07%
 561360 25784        0.0552    15        0.0553        0.0552  7535249    0.07%
 567295 23030        0.0552     9        0.0553        0.0552  7613748    0.06%
 574713 22227        cutoff              0.0553        0.0552  7662304    0.05%
 581712 21479        cutoff              0.0553        0.0552  7708895    0.05%
 588919 19921        0.0552    14        0.0553        0.0552  7763709    0.04%
 596348 19047        0.0553     8        0.0553        0.0552  7815030    0.04%
 603653 19322        0.0552    17        0.0553        0.0552  7875791    0.04%
 610914 20315        0.0552     6        0.0553        0.0552  7929365    0.03%
Elapsed time = 278.14 sec. (400740.34 ticks, tree = 37.34 MB, solutions = 14)
 618181 21268        0.0552     6        0.0553        0.0552  7991185    0.03%
 625160 22785        0.0552    17        0.0553        0.0552  8064952    0.03%
 632451 23751        0.0552    14        0.0553        0.0552  8120864    0.03%
 639947 24350        cutoff              0.0553        0.0552  8180458    0.03%
 646806 25795        0.0552     8        0.0553        0.0552  8239342    0.03%
 653795 26638        0.0552     7        0.0553        0.0552  8304092    0.03%
 660704 27370        cutoff              0.0553        0.0552  8351807    0.03%
 667674 28304        0.0552    14        0.0553        0.0552  8416639    0.03%
 674907 29164        0.0552    14        0.0553        0.0552  8470675    0.03%
 682257 29216        0.0552     7        0.0553        0.0552  8534506    0.03%
Elapsed time = 303.73 sec. (438894.11 ticks, tree = 53.92 MB, solutions = 14)
 689427 30379        0.0552    14        0.0553        0.0552  8595544    0.03%
 696635 31643        0.0552     9        0.0553        0.0552  8659928    0.03%
 703512 31857        0.0552    10        0.0553        0.0552  8718079    0.03%
 710371 32546        0.0553     7        0.0553        0.0552  8778867    0.03%
 717679 32719        0.0552    15        0.0553        0.0552  8844553    0.03%
 724659 33267        0.0552    14        0.0553        0.0552  8909956    0.03%
 731654 34055        0.0552    19        0.0553        0.0552  8963366    0.03%
 738645 34092        0.0552     9        0.0553        0.0552  9011511    0.03%
 745889 33987        0.0552     5        0.0553        0.0552  9066767    0.03%
 752357 35301        0.0552    17        0.0553        0.0552  9139532    0.03%
Elapsed time = 329.31 sec. (477046.88 ticks, tree = 66.57 MB, solutions = 14)
 759405 36321        0.0552    14        0.0553        0.0552  9204992    0.03%
 766882 36616        0.0552     5        0.0553        0.0552  9251165    0.03%
 773507 36233        0.0552     5        0.0553        0.0552  9303553    0.03%
 780378 36654        0.0552    15        0.0553        0.0552  9374896    0.02%
 787632 36453        0.0552    15        0.0553        0.0552  9436121    0.02%
 794760 36488        cutoff              0.0553        0.0552  9479216    0.02%
 801555 36837        0.0552    14        0.0553        0.0552  9549459    0.02%
 808549 37025        cutoff              0.0553        0.0552  9599400    0.02%
 815481 36621        0.0552     6        0.0553        0.0552  9663777    0.02%
 822487 36932        0.0552    16        0.0553        0.0552  9712511    0.02%
Elapsed time = 354.97 sec. (515197.78 ticks, tree = 69.46 MB, solutions = 14)
 829206 37671        0.0553    16        0.0553        0.0552  9769640    0.02%
 836152 38230        cutoff              0.0553        0.0552  9837335    0.02%
 843715 38262        0.0552     8        0.0553        0.0552  9912000    0.02%
 850332 37852        0.0552     7        0.0553        0.0552  9961184    0.02%
 857339 37988        0.0552    14        0.0553        0.0552  9999947    0.02%
 864931 37621        0.0552    14        0.0553        0.0552 10071878    0.02%
 871744 37367        cutoff              0.0553        0.0552 10120570    0.02%
 878710 37188        cutoff              0.0553        0.0552 10179492    0.02%
 885760 37337        0.0553    11        0.0553        0.0552 10257390    0.02%
 892985 37051        0.0552     6        0.0553        0.0552 10295642    0.02%
Elapsed time = 380.58 sec. (553351.95 ticks, tree = 69.49 MB, solutions = 14)
 899461 37145        0.0552    14        0.0553        0.0552 10358757    0.02%
 906685 37360        0.0552    14        0.0553        0.0552 10424771    0.02%
 913683 37335        0.0552     7        0.0553        0.0552 10481714    0.02%
 921356 37189        cutoff              0.0553        0.0552 10542034    0.02%
 927692 37224        0.0552    17        0.0553        0.0552 10591504    0.02%
 934998 37234        0.0552    14        0.0553        0.0552 10650602    0.02%
 941597 36786        0.0552    13        0.0553        0.0552 10693323    0.02%
 948876 36347        cutoff              0.0553        0.0552 10758763    0.02%
 955351 36344        cutoff              0.0553        0.0552 10820861    0.02%
 962826 36332        0.0552    14        0.0553        0.0552 10864792    0.02%
Elapsed time = 406.27 sec. (591502.69 ticks, tree = 67.94 MB, solutions = 14)
 969546 36279        0.0552    15        0.0553        0.0552 10923964    0.02%
 976238 36005        cutoff              0.0553        0.0552 10979814    0.02%
 983766 35837        0.0552    13        0.0553        0.0552 11049354    0.02%
 991352 35651        0.0552     5        0.0553        0.0552 11117889    0.02%
 997678 35755        cutoff              0.0553        0.0552 11173362    0.02%
 1004746 36101        0.0552    14        0.0553        0.0552 11217918    0.02%
 1011536 35877        cutoff              0.0553        0.0552 11277521    0.02%
 1018823 35146        0.0552     9        0.0553        0.0552 11326290    0.02%
 1025543 35307        0.0552    15        0.0553        0.0552 11381160    0.02%
 1032524 35333        cutoff              0.0553        0.0552 11441164    0.02%
Elapsed time = 431.95 sec. (629652.82 ticks, tree = 65.85 MB, solutions = 14)
 1039733 35069        0.0552    14        0.0553        0.0552 11508229    0.02%
 1046550 34947        0.0552     5        0.0553        0.0552 11577452    0.02%
 1053600 34545        0.0552    14        0.0553        0.0552 11627115    0.02%
 1060606 34298        0.0552    15        0.0553        0.0552 11682672    0.02%
 1068048 34089        0.0552     5        0.0553        0.0552 11742472    0.02%
 1074255 34341        0.0552    15        0.0553        0.0552 11796290    0.02%
 1081382 34950        0.0552     6        0.0553        0.0552 11871242    0.02%
 1087839 34633        0.0552     8        0.0553        0.0552 11924224    0.02%
 1095403 33907        0.0552    17        0.0553        0.0552 11977969    0.02%
 1102031 33905        0.0552    11        0.0553        0.0552 12029237    0.02%
Elapsed time = 457.39 sec. (667804.85 ticks, tree = 62.96 MB, solutions = 14)
 1108938 33798        0.0552    14        0.0553        0.0552 12080924    0.02%
 1116014 33422        0.0552    14        0.0553        0.0552 12144079    0.02%
 1122771 32988        0.0552    15        0.0553        0.0552 12205878    0.02%
 1129554 32745        0.0552    15        0.0553        0.0552 12259249    0.02%
 1136506 32248        0.0552     7        0.0553        0.0552 12305279    0.02%
 1143688 31610        cutoff              0.0553        0.0552 12393022    0.02%
 1149413 31630        0.0552     5        0.0553        0.0552 12433076    0.02%
 1156491 32001        0.0552    15        0.0553        0.0552 12508492    0.02%
 1163452 31880        0.0552     5        0.0553        0.0552 12564467    0.02%
 1170740 30968        0.0553    14        0.0553        0.0552 12617826    0.02%
Elapsed time = 482.94 sec. (705956.31 ticks, tree = 57.23 MB, solutions = 14)
 1177409 30609        0.0553     6        0.0553        0.0552 12676591    0.02%
 1183742 30447        0.0553    14        0.0553        0.0552 12725343    0.02%
 1190980 29938        0.0552    14        0.0553        0.0552 12768182    0.02%
 1197615 28960        0.0553    12        0.0553        0.0552 12848765    0.02%
 1204695 28502        0.0553    16        0.0553        0.0552 12891432    0.02%
 1211164 27734        0.0552    10        0.0553        0.0552 12958084    0.02%
 1217679 27255        0.0552    16        0.0553        0.0552 12997162    0.02%
 1224452 27007        0.0552    14        0.0553        0.0552 13095552    0.02%
 1231327 26798        0.0552     7        0.0553        0.0552 13119289    0.02%
 1238355 25679        0.0553    14        0.0553        0.0552 13185471    0.01%
Elapsed time = 510.50 sec. (744108.32 ticks, tree = 47.07 MB, solutions = 14)
 1244596 24975        0.0552    14        0.0553        0.0552 13260343    0.01%
 1251433 24425        0.0553    14        0.0553        0.0552 13300679    0.01%
 1257836 23317        0.0553    15        0.0553        0.0552 13379389    0.01%
 1264564 22837        cutoff              0.0553        0.0552 13412793    0.01%
 1271046 21874        0.0553     5        0.0553        0.0553 13481187    0.01%
 1277525 21636        0.0553    14        0.0553        0.0553 13515343    0.01%
 1284476 21142        0.0553    15        0.0553        0.0553 13598294    0.01%
 1290599 21309        0.0553    14        0.0553        0.0553 13658266    0.01%
 1296330 22032        cutoff              0.0553        0.0553 13755900    0.01%
 1301690 22849        0.0553    14        0.0553        0.0553 13820907    0.01%
Elapsed time = 536.05 sec. (782258.57 ticks, tree = 41.54 MB, solutions = 14)
 1307182 23242        cutoff              0.0553        0.0553 13895754    0.01%
 1312667 22390        0.0553    14        0.0553        0.0553 13983210    0.01%
 1313952 22252        0.0553    14        0.0553        0.0553 14010355    0.01%
 1314979 22292        0.0553    14        0.0553        0.0553 14027947    0.01%
 1315758 22315        0.0553    18        0.0553        0.0553 14043854    0.01%
 1316894 22345        0.0553    17        0.0553        0.0553 14055107    0.01%
 1317914 22367        cutoff              0.0553        0.0553 14076618    0.01%
 1319792 22418        0.0553    14        0.0553        0.0553 14087365    0.01%
 1320564 22486        0.0553     5        0.0553        0.0553 14113911    0.01%
 1321390 22533        0.0553    18        0.0553        0.0553 14120600    0.01%
Elapsed time = 563.56 sec. (820432.46 ticks, tree = 40.88 MB, solutions = 14)
 1322991 22456        cutoff              0.0553        0.0553 14145909    0.01%
 1324416 22280        cutoff              0.0553        0.0553 14164606    0.01%
 1325693 22029        0.0553     9        0.0553        0.0553 14181785    0.01%
 1326779 21955        0.0553     6        0.0553        0.0553 14189826    0.01%
 1329304 21821        cutoff              0.0553        0.0553 14209040    0.01%
 1332855 21869        0.0553    14        0.0553        0.0553 14236222    0.01%
 1336529 20668        0.0553     8        0.0553        0.0553 14278990    0.01%
 1338999 19814        cutoff              0.0553        0.0553 14307493    0.01%
 1341736 19458        cutoff              0.0553        0.0553 14347784    0.01%
 1344557 19190        0.0553     5        0.0553        0.0553 14363382    0.01%
Elapsed time = 590.80 sec. (858645.96 ticks, tree = 34.52 MB, solutions = 14)
 1347234 19014        0.0553    16        0.0553        0.0553 14403527    0.01%
 1349491 19285        cutoff              0.0553        0.0553 14435144    0.01%
 1352368 19587        0.0553    17        0.0553        0.0553 14463573    0.01%

Cover cuts applied:  21
Mixed integer rounding cuts applied:  32
Zero-half cuts applied:  1
Gomory fractional cuts applied:  1

Root node processing (before b&c):
  Real time             =    0.42 sec. (470.49 ticks)
Parallel b&c, 4 threads:
  Real time             =  599.59 sec. (871230.72 ticks)
  Sync time (average)   =   27.55 sec.
  Wait time (average)   =    0.02 sec.
                          ------------
Total (root+branch&cut) =  600.02 sec. (871701.21 ticks)
