Version identifier: 22.2.0.0 | 2026-05-04 | 5dff98e58
CPXPARAM_Read_DataCheck                          1
CPXPARAM_Threads                                 4
CPXPARAM_Parallel                                1
CPXPARAM_RandomSeed                              20260925
CPXPARAM_MIP_Strategy_Search                     1
CPXPARAM_Simplex_Tolerances_Optimality           1.0000000000000001e-09
CPXPARAM_Simplex_Tolerances_Feasibility          1.0000000000000001e-09
CPXPARAM_TimeLimit                               600
CPXPARAM_MIP_Tolerances_AbsMIPGap                1.0000000000000001e-09
CPXPARAM_MIP_Tolerances_Integrality              1.0000000000000001e-09
Legacy callback                                  iLUD
Lazy constraint(s) or lazy constraint/branch callback is present.
    Disabling dual reductions (CPX_PARAM_REDUCE) in presolve.
    Disabling presolve reductions that prevent crushing forms (CPX_PARAM_PREREFORM).
         Disabling repeat represolve because of lazy constraint/incumbent callback.
Warning: Effort level 'CheckFeas' is incompatible with lazy constraint/incumbent callback.
         Effort level increased to 'SolveFixed'.
1 of 1 MIP starts provided solutions.
MIP start 'm1' defined initial solution with objective 0.0613.
Tried aggregator 1 time.
MIP Presolve eliminated 3107 rows and 0 columns.
Reduced MIP has 1468 rows, 2432 columns, and 13749 nonzeros.
Reduced MIP has 1200 binaries, 0 generals, 0 SOSs, and 0 indicators.
Presolve time = 0.02 sec. (11.36 ticks)
Probing time = 0.00 sec. (0.24 ticks)
MIP emphasis: balance optimality and feasibility.
MIP search method: traditional branch-and-cut.
Parallel mode: deterministic, using up to 4 threads.
Root relaxation solution time = 0.03 sec. (29.46 ticks)

        Nodes                                         Cuts/
   Node  Left     Objective  IInf  Best Integer    Best Bound    ItCnt     Gap         Variable B NodeID Parent  Depth

*     0+    0                            0.0613        0.0000           100.00%
      0     0        0.0522    11        0.0613        0.0522      953   14.91%
      0     0        0.0524    29        0.0613     Covers: 1      978   14.51%
*     0+    0                            0.0567        0.0524             7.44%
      0     0  -1.00000e+75     0        0.0567        0.0524      978    7.44%
      0     2        0.0524    29        0.0567        0.0524      978    7.44%                        0             0
Elapsed time = 0.31 sec. (206.74 ticks, tree = 0.02 MB, solutions = 2)
*   128+   81                            0.0565        0.0524             7.17%
    196   112        0.0549    23        0.0565        0.0525     6237    7.10%           x1128 U    191    179     11
*   238+  144                            0.0553        0.0525             5.10%
*   257+  155                            0.0553        0.0525             5.04%
*   283+  140                            0.0553        0.0525             4.93%
*   400   154      integral     0        0.0553        0.0528    10439    4.41%
    586   182        0.0549    22        0.0553        0.0532    15525    3.64%           x1140 U    562    528      6
*   978+  132                            0.0553        0.0538             2.61%
   1169    67        cutoff              0.0553        0.0548    29554    0.87%            x498 U   1106    191     12

Cover cuts applied:  8

Root node processing (before b&c):
  Real time             =    0.31 sec. (206.01 ticks)
Parallel b&c, 4 threads:
  Real time             =    1.84 sec. (734.55 ticks)
  Sync time (average)   =    0.23 sec.
  Wait time (average)   =    0.00 sec.
                          ------------
Total (root+branch&cut) =    2.16 sec. (940.56 ticks)
