Version identifier: 22.2.0.0 | 2026-05-04 | 5dff98e58
CPXPARAM_Read_DataCheck                          1
CPXPARAM_Threads                                 4
CPXPARAM_Parallel                                1
CPXPARAM_RandomSeed                              20260925
CPXPARAM_Simplex_Tolerances_Optimality           1.0000000000000001e-09
CPXPARAM_Simplex_Tolerances_Feasibility          1.0000000000000001e-09
CPXPARAM_TimeLimit                               600
CPXPARAM_MIP_Tolerances_AbsMIPGap                1.0000000000000001e-09
CPXPARAM_MIP_Tolerances_Integrality              1.0000000000000001e-09
Legacy callback                                  i
1 of 2 MIP starts provided solutions.
MIP start 'm1' defined initial solution with objective 0.0000.
Tried aggregator 1 time.
MIP Presolve eliminated 73 rows and 4 columns.
MIP Presolve modified 300 coefficients.
Reduced MIP has 379 rows, 396 columns, and 2079 nonzeros.
Reduced MIP has 96 binaries, 0 generals, 0 SOSs, and 0 indicators.
Presolve time = 0.00 sec. (1.14 ticks)
Probing time = 0.00 sec. (0.08 ticks)
Tried aggregator 1 time.
Detecting symmetries...
MIP Presolve modified 66 coefficients.
Reduced MIP has 379 rows, 396 columns, and 2079 nonzeros.
Reduced MIP has 96 binaries, 0 generals, 0 SOSs, and 0 indicators.
Presolve time = 0.00 sec. (1.06 ticks)
Probing time = 0.00 sec. (0.08 ticks)
MIP emphasis: balance optimality and feasibility.
MIP search method: dynamic search.
Parallel mode: deterministic, using up to 4 threads.
Root relaxation solution time = 0.02 sec. (4.17 ticks)

        Nodes                                         Cuts/
   Node  Left     Objective  IInf  Best Integer    Best Bound    ItCnt     Gap

*     0+    0                           -0.6512       -2.7286           319.04%
      0     0       -0.9962    32       -0.6512       -0.9962      382   52.98%
      0     0       -0.9079    57       -0.6512      Cuts: 41      631   39.42%
      0     0       -0.7513    35       -0.6512      Cuts: 40      777   15.38%
      0     0       -0.7047    11       -0.6512   MIRcuts: 14      813    8.22%
      0     0       -0.7013    15       -0.6512    MIRcuts: 4      831    7.70%
      0     0       -0.6942     7       -0.6512    MIRcuts: 7      876    6.61%
*     0+    0                           -0.6512       -0.6942             6.61%
Detecting symmetries...
      0     0       -0.6942     7       -0.6512    MIRcuts: 2      878    6.61%
      0     0       -0.6911    10       -0.6512    MIRcuts: 2      896    6.14%
*     0+    0                           -0.6512       -0.6911             6.14%
Detecting symmetries...
      0     2       -0.6911    10       -0.6512       -0.6911      896    6.14%
Elapsed time = 0.14 sec. (103.66 ticks, tree = 0.02 MB, solutions = 3)

Mixed integer rounding cuts applied:  71
Lift and project cuts applied:  12
Gomory fractional cuts applied:  3

Root node processing (before b&c):
  Real time             =    0.14 sec. (103.38 ticks)
Parallel b&c, 4 threads:
  Real time             =    0.02 sec. (12.07 ticks)
  Sync time (average)   =    0.01 sec.
  Wait time (average)   =    0.00 sec.
                          ------------
Total (root+branch&cut) =    0.16 sec. (115.45 ticks)
