Version identifier: 22.2.0.0 | 2026-05-04 | 5dff98e58
CPXPARAM_Read_DataCheck                          1
CPXPARAM_Threads                                 4
CPXPARAM_Parallel                                1
CPXPARAM_RandomSeed                              20260925
CPXPARAM_MIP_Strategy_Search                     1
CPXPARAM_Simplex_Tolerances_Optimality           1.0000000000000001e-09
CPXPARAM_Simplex_Tolerances_Feasibility          1.0000000000000001e-09
CPXPARAM_TimeLimit                               600
CPXPARAM_MIP_Tolerances_AbsMIPGap                1.0000000000000001e-09
CPXPARAM_MIP_Tolerances_Integrality              1.0000000000000001e-09
Legacy callback                                  iLUD
Lazy constraint(s) or lazy constraint/branch callback is present.
    Disabling dual reductions (CPX_PARAM_REDUCE) in presolve.
    Disabling presolve reductions that prevent crushing forms (CPX_PARAM_PREREFORM).
         Disabling repeat represolve because of lazy constraint/incumbent callback.
Warning: Effort level 'CheckFeas' is incompatible with lazy constraint/incumbent callback.
         Effort level increased to 'SolveFixed'.
1 of 1 MIP starts provided solutions.
MIP start 'm1' defined initial solution with objective 0.0602.
Tried aggregator 1 time.
MIP Presolve eliminated 3106 rows and 0 columns.
Reduced MIP has 1469 rows, 2432 columns, and 13759 nonzeros.
Reduced MIP has 1200 binaries, 0 generals, 0 SOSs, and 0 indicators.
Presolve time = 0.02 sec. (11.36 ticks)
Probing time = 0.00 sec. (0.24 ticks)
MIP emphasis: balance optimality and feasibility.
MIP search method: traditional branch-and-cut.
Parallel mode: deterministic, using up to 4 threads.
Root relaxation solution time = 0.03 sec. (27.83 ticks)

        Nodes                                         Cuts/
   Node  Left     Objective  IInf  Best Integer    Best Bound    ItCnt     Gap         Variable B NodeID Parent  Depth

*     0+    0                            0.0602        0.0000           100.00%
      0     0        0.0522    10        0.0602        0.0522      860   13.24%
      0     0        0.0522    10        0.0602     Covers: 1      861   13.24%
      0     0        0.0522    12        0.0602     Covers: 1      866   13.24%
*     0+    0                            0.0555        0.0522             5.95%
      0     0  -1.00000e+75     0        0.0555        0.0522      866    5.95%
      0     2        0.0522    12        0.0555        0.0522      866    5.95%                        0             0
Elapsed time = 0.31 sec. (168.79 ticks, tree = 0.02 MB, solutions = 2)
*    10+    1                            0.0554        0.0522             5.77%
*   155+   79                            0.0554        0.0523             5.67%
    242   119        0.0536    10        0.0554        0.0523     4735    5.67%            x174 D    282    278     11
*   294+  145                            0.0553        0.0533             3.53%
*   324+  159                            0.0553        0.0533             3.50%
*   384+  179                            0.0553        0.0537             2.90%
    561   213        0.0552    21        0.0553        0.0538    12543    2.55%            x312 U    577    569     12
*   694   229      integral     0        0.0553        0.0545    14571    1.35%            x636 U    680    676     22
*  1080+  235                            0.0553        0.0549             0.66%
*  1180+  273                            0.0553        0.0549             0.66%
   1375   316        0.0552    13        0.0553        0.0552    22726    0.12%            x384 D   1489   1481     16
   2240   296        cutoff              0.0553        0.0552    28867    0.12%            x372 U   2228   2224     19
   3206   154        0.0552    14        0.0553        0.0552    35144    0.11%           x1044 U   3127    721     18
   4258   124        0.0552    16        0.0553        0.0552    40571    0.05%           x1019 U   4107    919     19

Cover cuts applied:  5
User cuts applied:  1

Root node processing (before b&c):
  Real time             =    0.31 sec. (168.20 ticks)
Parallel b&c, 4 threads:
  Real time             =    5.92 sec. (1586.10 ticks)
  Sync time (average)   =    0.43 sec.
  Wait time (average)   =    0.00 sec.
                          ------------
Total (root+branch&cut) =    6.23 sec. (1754.30 ticks)
