Version identifier: 22.2.0.0 | 2026-05-04 | 5dff98e58
CPXPARAM_Read_DataCheck                          1
CPXPARAM_Threads                                 4
CPXPARAM_Parallel                                1
CPXPARAM_RandomSeed                              20260925
CPXPARAM_MIP_Strategy_Search                     1
CPXPARAM_Simplex_Tolerances_Optimality           1.0000000000000001e-09
CPXPARAM_Simplex_Tolerances_Feasibility          1.0000000000000001e-09
CPXPARAM_TimeLimit                               600
CPXPARAM_MIP_Tolerances_AbsMIPGap                1.0000000000000001e-09
CPXPARAM_MIP_Tolerances_Integrality              1.0000000000000001e-09
Legacy callback                                  iLUD
Lazy constraint(s) or lazy constraint/branch callback is present.
    Disabling dual reductions (CPX_PARAM_REDUCE) in presolve.
    Disabling presolve reductions that prevent crushing forms (CPX_PARAM_PREREFORM).
         Disabling repeat represolve because of lazy constraint/incumbent callback.
Warning: Effort level 'CheckFeas' is incompatible with lazy constraint/incumbent callback.
         Effort level increased to 'SolveFixed'.
1 of 1 MIP starts provided solutions.
MIP start 'm1' defined initial solution with objective -0.1571.
Tried aggregator 1 time.
MIP Presolve eliminated 37 rows and 0 columns.
Reduced MIP has 299 rows, 362 columns, and 2165 nonzeros.
Reduced MIP has 174 binaries, 0 generals, 0 SOSs, and 0 indicators.
Presolve time = 0.00 sec. (0.89 ticks)
Probing time = 0.00 sec. (0.08 ticks)
MIP emphasis: balance optimality and feasibility.
MIP search method: traditional branch-and-cut.
Parallel mode: deterministic, using up to 4 threads.
Root relaxation solution time = 0.00 sec. (4.20 ticks)

        Nodes                                         Cuts/
   Node  Left     Objective  IInf  Best Integer    Best Bound    ItCnt     Gap         Variable B NodeID Parent  Depth

*     0+    0                           -0.1571       -0.5803           269.31%
      0     0       -0.2340    15       -0.1571       -0.2340      307   48.90%
*     0+    0                           -0.2024       -0.2340            15.62%
*     0+    0                           -0.2214       -0.2340             5.67%
      0     0       -0.2340     4       -0.2214 UserPurge1: 1      338    5.67%
      0     0       -0.2340     4       -0.2214 UserPurge1: 1      350    5.67%
      0     0       -0.2340     4       -0.2214 UserPurge1: 1      356    5.67%
*     0+    0                           -0.2262       -0.2340             3.45%
      0     2       -0.2340     4       -0.2262       -0.2340      356    3.45%                        0             0
Elapsed time = 0.09 sec. (36.33 ticks, tree = 0.02 MB, solutions = 4)
*     5+    2                           -0.2286       -0.2340             2.37%
*    28+   15                           -0.2340       -0.2340             0.00%

User cuts applied:  19

Root node processing (before b&c):
  Real time             =    0.09 sec. (36.16 ticks)
Parallel b&c, 4 threads:
  Real time             =    0.11 sec. (37.98 ticks)
  Sync time (average)   =    0.02 sec.
  Wait time (average)   =    0.00 sec.
                          ------------
Total (root+branch&cut) =    0.20 sec. (74.15 ticks)
