Version identifier: 22.2.0.0 | 2026-05-04 | 5dff98e58
CPXPARAM_Read_DataCheck                          1
CPXPARAM_Threads                                 4
CPXPARAM_Parallel                                1
CPXPARAM_RandomSeed                              20260925
CPXPARAM_MIP_Strategy_Search                     1
CPXPARAM_Simplex_Tolerances_Optimality           1.0000000000000001e-09
CPXPARAM_Simplex_Tolerances_Feasibility          1.0000000000000001e-09
CPXPARAM_TimeLimit                               600
CPXPARAM_MIP_Tolerances_AbsMIPGap                1.0000000000000001e-09
CPXPARAM_MIP_Tolerances_Integrality              1.0000000000000001e-09
Legacy callback                                  iLUD
Lazy constraint(s) or lazy constraint/branch callback is present.
    Disabling dual reductions (CPX_PARAM_REDUCE) in presolve.
    Disabling presolve reductions that prevent crushing forms (CPX_PARAM_PREREFORM).
         Disabling repeat represolve because of lazy constraint/incumbent callback.
Warning: Effort level 'CheckFeas' is incompatible with lazy constraint/incumbent callback.
         Effort level increased to 'SolveFixed'.
1 of 1 MIP starts provided solutions.
MIP start 'm1' defined initial solution with objective 0.0558.
Tried aggregator 1 time.
MIP Presolve eliminated 3105 rows and 0 columns.
Reduced MIP has 1473 rows, 2462 columns, and 13972 nonzeros.
Reduced MIP has 1200 binaries, 0 generals, 0 SOSs, and 0 indicators.
Presolve time = 0.02 sec. (11.37 ticks)
Probing time = 0.00 sec. (0.25 ticks)
MIP emphasis: balance optimality and feasibility.
MIP search method: traditional branch-and-cut.
Parallel mode: deterministic, using up to 4 threads.
Root relaxation solution time = 0.03 sec. (35.16 ticks)

        Nodes                                         Cuts/
   Node  Left     Objective  IInf  Best Integer    Best Bound    ItCnt     Gap         Variable B NodeID Parent  Depth

*     0+    0                            0.0558        0.0000           100.00%
      0     0        0.0522    10        0.0558        0.0522     1059    6.55%
      0     0        0.0522    10        0.0558     Covers: 1     1062    6.55%
*     0+    0                            0.0553        0.0522             5.67%
      0     0  -1.00000e+75     0        0.0553        0.0522     1062    5.67%
      0     2        0.0522    10        0.0553        0.0522     1062    5.67%                        0             0
Elapsed time = 0.31 sec. (154.50 ticks, tree = 0.02 MB, solutions = 2)
*    12+    1                            0.0553        0.0522             5.56%
    250   141        0.0547    25        0.0553        0.0522     3936    5.56%            x318 D    218    214     12
*   509+  270                            0.0553        0.0541             2.09%
*   515+  247                            0.0553        0.0541             2.09%
*   736+  381                            0.0553        0.0541             2.02%
    873   518        0.0552    19        0.0553        0.0542    11634    1.84%            x234 D    758    754     28
   1680   679        0.0546    18        0.0553        0.0546    17712    1.23%            x936 D   1747   1743     18
   2426   716        0.0546    18        0.0553        0.0546    25688    1.12%           x1140 D   2561   2557     29
   3313  1061        0.0548    24        0.0553        0.0547    33073    0.98%            x936 D   3058   3054     12
   4255  1386        cutoff              0.0553        0.0547    40855    0.97%           x1134 U   4417   4409     22
   5289  1820        0.0548    21        0.0553        0.0547    50894    0.94%            x312 U   5174   4986     15
   6446  2311        0.0548    20        0.0553        0.0548    58812    0.91%            x402 D   6367   6363     19
   7493  2750        0.0552    19        0.0553        0.0548    69490    0.90%            x216 D   7568   7564     17
  11422  2963        0.0551    19        0.0553        0.0549   115156    0.68%              x9 D  11320  11312     21
Elapsed time = 23.30 sec. (3255.90 ticks, tree = 3.50 MB, solutions = 7)
  17008  3337        0.0550    20        0.0553        0.0550   135491    0.40%             x27 U  17265  10863     23
  23083  2803        0.0551    19        0.0553        0.0551   143898    0.34%           x1007 D  23000  22996     33
  28835  2173        0.0551    19        0.0553        0.0551   154208    0.33%           x1013 D  29105  29101     32
  33805  1032        0.0552    18        0.0553        0.0552   172742    0.08%           x1007 D  33996  33992     26

Cover cuts applied:  5
User cuts applied:  2

Root node processing (before b&c):
  Real time             =    0.31 sec. (153.73 ticks)
Parallel b&c, 4 threads:
  Real time             =   48.89 sec. (7302.13 ticks)
  Sync time (average)   =    2.18 sec.
  Wait time (average)   =    0.00 sec.
                          ------------
Total (root+branch&cut) =   49.20 sec. (7455.86 ticks)
