Version identifier: 22.2.0.0 | 2026-05-04 | 5dff98e58
CPXPARAM_Read_DataCheck                          1
CPXPARAM_Threads                                 4
CPXPARAM_Parallel                                1
CPXPARAM_RandomSeed                              20260925
CPXPARAM_MIP_Strategy_Search                     1
CPXPARAM_Simplex_Tolerances_Optimality           1.0000000000000001e-09
CPXPARAM_Simplex_Tolerances_Feasibility          1.0000000000000001e-09
CPXPARAM_TimeLimit                               600
CPXPARAM_MIP_Tolerances_AbsMIPGap                1.0000000000000001e-09
CPXPARAM_MIP_Tolerances_Integrality              1.0000000000000001e-09
Legacy callback                                  iLUD
Lazy constraint(s) or lazy constraint/branch callback is present.
    Disabling dual reductions (CPX_PARAM_REDUCE) in presolve.
    Disabling presolve reductions that prevent crushing forms (CPX_PARAM_PREREFORM).
         Disabling repeat represolve because of lazy constraint/incumbent callback.
Warning: Effort level 'CheckFeas' is incompatible with lazy constraint/incumbent callback.
         Effort level increased to 'SolveFixed'.
1 of 1 MIP starts provided solutions.
MIP start 'm1' defined initial solution with objective 0.0230.
Tried aggregator 1 time.
MIP Presolve eliminated 1240 rows and 0 columns.
MIP Presolve modified 183 coefficients.
Reduced MIP has 1376 rows, 2012 columns, and 15621 nonzeros.
Reduced MIP has 990 binaries, 0 generals, 0 SOSs, and 0 indicators.
Presolve time = 0.02 sec. (11.15 ticks)
Probing time = 0.00 sec. (0.26 ticks)
MIP emphasis: balance optimality and feasibility.
MIP search method: traditional branch-and-cut.
Parallel mode: deterministic, using up to 4 threads.
Root relaxation solution time = 0.02 sec. (17.37 ticks)

        Nodes                                         Cuts/
   Node  Left     Objective  IInf  Best Integer    Best Bound    ItCnt     Gap         Variable B NodeID Parent  Depth

*     0+    0                            0.0230        0.0000           100.00%
      0     0        0.0200    36        0.0230        0.0200      568   13.20%
*     0+    0                            0.0220        0.0200             8.99%
      0     0  -1.00000e+75     0        0.0220        0.0200      568    8.99%
      0     2        0.0200    36        0.0220        0.0200      568    8.99%                        0             0
Elapsed time = 0.17 sec. (177.78 ticks, tree = 0.02 MB, solutions = 2)
    153   112        cutoff              0.0220        0.0202     6135    7.92%            x553 U    138    134     24
    430   274        0.0208    38        0.0220        0.0204    15739    6.95%            x340 U    483    479      4
*   739+  463                            0.0219        0.0205             6.35%
    792   495        0.0212    33        0.0219        0.0205    25132    6.35%            x558 D    841    837      6
*   866+  555                            0.0219        0.0205             6.11%
*   923+  550                            0.0216        0.0205             4.87%
*  1131+  548                            0.0214        0.0206             3.91%
   1175   489        0.0211    12        0.0214        0.0206    35118    3.83%            x859 U   1283   1279     26
   1618   617        0.0212    32        0.0214        0.0207    47376    3.24%            x867 D   1525     33     10
   2130   733        cutoff              0.0214        0.0208    56816    2.71%             x35 U   2303   2299     22
   2637   840        0.0213    23        0.0214        0.0209    68815    2.31%            x553 U   2746   1996     19
   3150   872        cutoff              0.0214        0.0210    80492    1.98%            x863 D   3278    258      7
   3724   849        cutoff              0.0214        0.0211    92955    1.69%            x340 D   3532   3528     21

Cover cuts applied:  2

Root node processing (before b&c):
  Real time             =    0.17 sec. (177.07 ticks)
Parallel b&c, 4 threads:
  Real time             =    4.42 sec. (2815.84 ticks)
  Sync time (average)   =    0.35 sec.
  Wait time (average)   =    0.00 sec.
                          ------------
Total (root+branch&cut) =    4.59 sec. (2992.91 ticks)
