Version identifier: 22.2.0.0 | 2026-05-04 | 5dff98e58
CPXPARAM_Read_DataCheck                          1
CPXPARAM_Threads                                 4
CPXPARAM_Parallel                                1
CPXPARAM_RandomSeed                              20260925
CPXPARAM_MIP_Strategy_Search                     1
CPXPARAM_Simplex_Tolerances_Optimality           1.0000000000000001e-09
CPXPARAM_Simplex_Tolerances_Feasibility          1.0000000000000001e-09
CPXPARAM_TimeLimit                               600
CPXPARAM_MIP_Tolerances_AbsMIPGap                1.0000000000000001e-09
CPXPARAM_MIP_Tolerances_Integrality              1.0000000000000001e-09
Legacy callback                                  iLUD
Lazy constraint(s) or lazy constraint/branch callback is present.
    Disabling dual reductions (CPX_PARAM_REDUCE) in presolve.
    Disabling presolve reductions that prevent crushing forms (CPX_PARAM_PREREFORM).
         Disabling repeat represolve because of lazy constraint/incumbent callback.
Warning: Effort level 'CheckFeas' is incompatible with lazy constraint/incumbent callback.
         Effort level increased to 'SolveFixed'.
1 of 1 MIP starts provided solutions.
MIP start 'm1' defined initial solution with objective 0.0282.
Tried aggregator 1 time.
MIP Presolve eliminated 1354 rows and 0 columns.
MIP Presolve modified 100 coefficients.
Reduced MIP has 1617 rows, 2360 columns, and 18266 nonzeros.
Reduced MIP has 1164 binaries, 0 generals, 0 SOSs, and 0 indicators.
Presolve time = 0.00 sec. (12.68 ticks)
Probing time = 0.00 sec. (0.29 ticks)
MIP emphasis: balance optimality and feasibility.
MIP search method: traditional branch-and-cut.
Parallel mode: deterministic, using up to 4 threads.
Root relaxation solution time = 0.03 sec. (35.97 ticks)

        Nodes                                         Cuts/
   Node  Left     Objective  IInf  Best Integer    Best Bound    ItCnt     Gap         Variable B NodeID Parent  Depth

*     0+    0                            0.0282        0.0000           100.00%
      0     0        0.0263    38        0.0282        0.0263     1021    6.58%
*     0+    0                            0.0274        0.0263             3.91%
      0     0  -1.00000e+75     0        0.0274        0.0263     1021    3.91%
      0     2        0.0263    38        0.0274        0.0263     1021    3.91%                        0             0
Elapsed time = 0.30 sec. (379.69 ticks, tree = 0.02 MB, solutions = 2)
*    10+    1                            0.0274        0.0266             2.71%
*    12+    2                            0.0273        0.0266             2.47%
*    12+    2                            0.0273        0.0266             2.35%
     48    25        0.0272    28        0.0273        0.0266     2807    2.35%            x828 U     34     30      9
    166    73        cutoff              0.0273        0.0268     9207    1.62%             x36 D    183    179     14
    380   166        0.0270    19        0.0273        0.0268    16456    1.53%            x819 D    393    389     19
    600   324        0.0271     9        0.0273        0.0269    23405    1.36%            x356 D    585    581     42
    877   496        0.0271     9        0.0273        0.0269    27514    1.35%            x722 D    880    876     53
   1197   750        0.0272     9        0.0273        0.0269    34434    1.34%            x846 D   1182   1178     25
   1450   890        0.0271    14        0.0273        0.0269    42694    1.27%            x828 U   1423   1419     18
   1736   970        0.0272    15        0.0273        0.0269    50150    1.19%            x475 D   1719   1715     33
   2098  1184        0.0270    17        0.0273        0.0270    59586    1.08%            x828 D   2115   1419     18
   3577  1985        0.0271    13        0.0273        0.0270    86332    0.90%            x697 D   3425   3421     32
Elapsed time = 4.52 sec. (3491.57 ticks, tree = 18.85 MB, solutions = 6)
   5276  2922        0.0271    13        0.0273        0.0271   122023    0.78%            x458 D   5158   5154     29
   6917  3875        0.0273    14        0.0273        0.0271   155140    0.72%            x844 U   6999   6995     25
   8360  4646        0.0271    11        0.0273        0.0271   192577    0.66%            x464 D   8334   8330     37
  10081  5674        0.0272     6        0.0273        0.0271   228782    0.66%            x435 D  10680  10676     42
  12033  7062        0.0271     8        0.0273        0.0271   264986    0.66%            x705 D  12720  12716     63
  14197  8767        cutoff              0.0273        0.0271   299277    0.66%             x93 U  14860  14856     44
  15824  9889        0.0271    20        0.0273        0.0271   335906    0.65%            x476 D  15258   6297     33
  17466 10731        cutoff              0.0273        0.0271   375290    0.64%            x218 D  17863  17859     60
  19575 11935        cutoff              0.0273        0.0271   400449    0.63%            x753 D  20123  20119     80
  21642 13557        0.0271     9        0.0273        0.0271   429358    0.63%            x705 D  20754  20750     48
Elapsed time = 22.64 sec. (13030.57 ticks, tree = 145.79 MB, solutions = 6)
  23635 15367        cutoff              0.0273        0.0271   468868    0.63%            x219 D  23884  23880     57
  25334 16399        cutoff              0.0273        0.0271   499888    0.62%            x724 D  26055  26051     42
  27357 17716        0.0272    14        0.0273        0.0271   525528    0.61%            x428 D  27393  27389     55
  29249 19430        0.0272     8        0.0273        0.0271   557421    0.61%            x718 D  29361  29357     58
  30914 20434        cutoff              0.0273        0.0271   596203    0.61%             x94 U  31000  30996     40
  32509 21257        0.0272    10        0.0273        0.0271   633333    0.61%            x724 D  32653  32649     55
  34794 22926        0.0271    10        0.0273        0.0271   661132    0.60%            x430 D  34832  34828     51
  36773 24634        0.0272     9        0.0273        0.0271   686100    0.60%            x719 D  37085  37081     50
  38750 26185        0.0272    10        0.0273        0.0271   714377    0.60%            x454 D  39208  39204     53
  40640 27918        cutoff              0.0273        0.0271   749139    0.60%            x111 U  40872  40868     45
Elapsed time = 43.92 sec. (22569.84 ticks, tree = 213.66 MB, solutions = 6)
  42636 29020        0.0272    12        0.0273        0.0271   773986    0.60%            x492 D  42963  42959     50
  44709 30779        0.0272     7        0.0273        0.0271   809914    0.60%           x1149 D  44915  44911     61
  46771 32299        0.0272    10        0.0273        0.0271   841997    0.60%            x724 D  47329  47325     67
  48714 33777        0.0272    10        0.0273        0.0271   874356    0.60%            x477 D  48692  48688     63
  50835 34960        0.0272    11        0.0273        0.0271   906478    0.60%            x762 D  50290  50286     43
  52530 35778        0.0272     9        0.0273        0.0271   941325    0.60%            x471 U  52404  20535     40
  54313 36745        0.0272    12        0.0273        0.0271   973062    0.60%            x528 D  53698  53694     39
  56232 37916        cutoff              0.0273        0.0271  1005030    0.60%            x868 D  57015  57011     50
  58417 39221        0.0271     9        0.0273        0.0271  1035587    0.60%            x466 U  58132  13073     40
  60378 40730        cutoff              0.0273        0.0271  1070482    0.60%            x459 U  61387  61383     47
Elapsed time = 66.48 sec. (32110.11 ticks, tree = 220.70 MB, solutions = 6)
  62405 42028        0.0271    14        0.0273        0.0271  1102025    0.60%            x516 U  61904  61896     43
  64463 43167        0.0271    15        0.0273        0.0271  1127270    0.60%            x713 D  65599  65591     52
  66489 44913        0.0271    12        0.0273        0.0271  1164621    0.60%            x510 D  67843  67839     38
  68733 46316        cutoff              0.0273        0.0271  1192708    0.60%            x473 U  70203  70195     46
  70997 47582        0.0272     4        0.0273        0.0271  1220548    0.59%            x218 D  72459  72455     75
  72878 49325        0.0272     9        0.0273        0.0271  1256069    0.59%            x478 U  72873  72869     42
  74694 50409        0.0272     9        0.0273        0.0271  1286532    0.59%            x339 D  76427  76423     57
  76841 51826        0.0271    13        0.0273        0.0271  1314896    0.59%            x707 D  78863  78859     33
  78914 53778        0.0272     9        0.0273        0.0271  1351640    0.59%            x464 D  80903  80899     53
  81157 55048        0.0272     7        0.0273        0.0271  1373104    0.59%           x1155 D  80342  80338     57
Elapsed time = 92.34 sec. (41651.84 ticks, tree = 282.14 MB, solutions = 6)
  83087 56602        0.0271    14        0.0273        0.0271  1407531    0.59%            x510 U  85003  84999     42
  85043 57833        0.0272    13        0.0273        0.0271  1437288    0.58%            x768 D  87019  87015     53
  87027 59681        0.0271    10        0.0273        0.0271  1476064    0.58%            x459 D  85932  85928     46
  88855 60587        0.0272    10        0.0273        0.0271  1509497    0.58%            x112 D  87892  87888     49
  90838 61662        0.0271    10        0.0273        0.0271  1541701    0.58%            x506 D  89734  89730     41
  93013 63520        0.0272     9        0.0273        0.0271  1573559    0.58%            x714 D  94963  94959     49
  94902 64392        0.0272     9        0.0273        0.0271  1596570    0.58%            x435 D  93412  93408     52
  96862 65654        cutoff              0.0273        0.0271  1625900    0.58%             x99 U  95616  95604     58
  98693 67204        cutoff              0.0273        0.0271  1660235    0.58%            x111 U  98945  98933     64
 101132 69011        0.0271     9        0.0273        0.0271  1697404    0.58%            x512 D 100124 100120     60
Elapsed time = 117.86 sec. (51195.15 ticks, tree = 463.27 MB, solutions = 6)
 103472 70719        cutoff              0.0273        0.0271  1736418    0.57%            x100 U 102516 102512     46
 105592 72094        0.0272    13        0.0273        0.0271  1771596    0.57%            x476 D 105036 105032     48
 107740 73795        0.0272    11        0.0273        0.0271  1828105    0.57%            x534 D 109883 109879     39
 109895 74801        0.0272     8        0.0273        0.0271  1860377    0.57%            x682 D 108748 108744     69
 112197 76308        0.0271    19        0.0273        0.0271  1895541    0.57%            x467 D 112041 112037     40
 114242 77746        0.0271     9        0.0273        0.0271  1944151    0.57%            x464 D 113252 113248     45
 116641 79464        cutoff              0.0273        0.0271  1991839    0.57%            x726 D 118739 118735     51
 118843 80742        0.0273     3        0.0273        0.0271  2032263    0.56%            x332 D 121031 121027     48
 120885 81665        0.0272    11        0.0273        0.0271  2077917    0.56%            x461 D 119922 119918     44
 123116 82758        0.0272    11        0.0273        0.0271  2123994    0.56%             x35 U 122150 122146     44
Elapsed time = 145.39 sec. (60737.93 ticks, tree = 471.23 MB, solutions = 6)
 125137 83919        0.0272     2        0.0273        0.0271  2173968    0.56%            x910 D 127523 127519     49
 127208 84863        0.0272     9        0.0273        0.0271  2215739    0.56%            x477 U 126426  35153     41
 129050 85897        0.0273     9        0.0273        0.0271  2262462    0.56%           x1156 D 128969 128965     80
 131200 86932        0.0271    13        0.0273        0.0271  2292230    0.56%            x786 U 129652 129640     40
 133591 88796        0.0271    19        0.0273        0.0271  2341651    0.56%            x483 D 133022 133018     47
 136021 90620        0.0272    12        0.0273        0.0271  2386768    0.56%            x534 D 135845 135841     42
 138280 91768        0.0272     6        0.0273        0.0271  2421429    0.56%            x332 D 136768 136764     62
 140161 93267        0.0272    10        0.0273        0.0271  2476111    0.56%            x429 D 139450 139442     63
 142109 94525        0.0272    12        0.0273        0.0271  2527013    0.55%            x516 D 142033 142025     50
 144578 95714        cutoff              0.0273        0.0271  2561416    0.55%            x465 U 142872 142868     83
Elapsed time = 173.08 sec. (70277.98 ticks, tree = 476.25 MB, solutions = 6)
 146992 97918        0.0272     5        0.0273        0.0271  2612412    0.55%            x725 U 147221 147217     59
 149626 100048        cutoff              0.0273        0.0271  2656903    0.55%             x93 U 149781 149777     64
 151808 101456        0.0271    13        0.0273        0.0271  2691911    0.55%            x750 D 151026 151022     47
 154083 103245        0.0272    16        0.0273        0.0271  2738945    0.55%             x35 U 153266 153262     45
 156227 104878        0.0271     9        0.0273        0.0271  2789222    0.55%            x470 D 156785 156781     44
 158486 105958        cutoff              0.0273        0.0271  2827050    0.55%            x473 U 156496 156488     50
 160582 107122        0.0272    11        0.0273        0.0271  2865500    0.55%            x774 D 161217 161213     58
 162453 107785        0.0272    17        0.0273        0.0271  2913299    0.55%            x705 D 161670 161666     51
 164792 108996        0.0272    15        0.0273        0.0271  2953405    0.55%            x720 D 163012 163008     42
 167227 110845        0.0272     9        0.0273        0.0271  3005250    0.55%            x429 D 166582 166578     52
Elapsed time = 199.42 sec. (79818.46 ticks, tree = 484.05 MB, solutions = 6)
 169850 113022        0.0272     6        0.0273        0.0271  3049388    0.55%            x475 U 170441 170437     42
 172555 114365        0.0272    11        0.0273        0.0271  3073870    0.55%            x474 D 172781 172777     55
 174877 116318        0.0271    12        0.0273        0.0271  3112221    0.55%            x461 D 175481 175477     45
 177440 118258        0.0272    10        0.0273        0.0271  3157903    0.55%            x446 D 178281 178277     66
 179540 119508        cutoff              0.0273        0.0271  3189033    0.54%            x461 U 177740 177736     42
 181828 121460        cutoff              0.0273        0.0271  3249921    0.54%           x1150 U 182645 182633     84
 184348 122817        0.0273    10        0.0273        0.0271  3280996    0.54%            x501 D 182584 182580     81
 186793 123926        cutoff              0.0273        0.0271  3304454    0.54%            x226 D 189227 189223     66
 188887 125672        0.0272    14        0.0273        0.0271  3348479    0.54%            x720 D 191459 191455     43
 196886 130526        0.0272    12        0.0273        0.0271  3544136    0.54%           x1144 D 198955 198951     68
Elapsed time = 240.41 sec. (92221.67 ticks, tree = 496.26 MB, solutions = 6)
 205202 135724        0.0271     9        0.0273        0.0271  3738772    0.54%            x482 D 207567 207563     47
 213173 140249        0.0271    10        0.0273        0.0271  3919970    0.54%            x484 U 212410 110587     46
 222623 146439        0.0271    14        0.0273        0.0271  4088273    0.53%            x719 D 220224 220116     47
 233110 154748        0.0272     4        0.0273        0.0271  4248948    0.53%            x687 D 233933 233929     67
 242144 161125        0.0272     4        0.0273        0.0271  4418275    0.53%            x220 D 239928 239924     73
 249533 165293        0.0271    17        0.0273        0.0271  4602171    0.53%            x466 D 251425 251421     37
 258339 170214        0.0272    10        0.0273        0.0271  4782863    0.53%           x1149 D 256196 256192     63
 266524 174953        0.0271    10        0.0273        0.0271  4961975    0.53%             x98 D 268537 268533     63
 274805 180405        0.0271    16        0.0273        0.0271  5146717    0.52%            x461 D 272276 272272     36
 284562 186679        0.0272     4        0.0273        0.0271  5326002    0.52%           x1162 D 287329 287325     72
Elapsed time = 343.98 sec. (130373.25 ticks, tree = 545.25 MB, solutions = 6)
 293824 193094        0.0272    12        0.0273        0.0271  5500979    0.52%            x702 D 290580 290572     46
 303276 198672        cutoff              0.0273        0.0271  5653757    0.52%            x745 D 300636 300632     65
 312451 204517        0.0272    12        0.0273        0.0271  5820004    0.52%           x1154 D 315321 315317     74
 321029 210348        0.0272     9        0.0273        0.0271  6012219    0.51%            x708 D 324137 324133     52
 330527 215870        cutoff              0.0273        0.0271  6158597    0.51%            x722 U 328376 328368     76
 339743 222302        0.0272     8        0.0273        0.0271  6326181    0.51%           x1156 D 337780 337776     74
 349333 228750        0.0271    13        0.0273        0.0271  6497498    0.51%            x780 D 347622 347614     62
 358903 235302        0.0272    11        0.0273        0.0271  6672407    0.50%            x528 D 359431 359427     56
 367915 240601        0.0271     8        0.0273        0.0271  6837746    0.50%            x492 D 371253 370825     38
 376657 245415        0.0272     6        0.0273        0.0271  7032110    0.50%            x447 D 380033 380029     56
Elapsed time = 450.50 sec. (168522.77 ticks, tree = 594.14 MB, solutions = 6)
 384977 250119        0.0272     4        0.0273        0.0271  7208372    0.50%            x670 D 383624 383620     63
 393665 256287        0.0272     4        0.0273        0.0271  7420084    0.50%            x676 D 397053 397049     67
 402550 261900        0.0273    10        0.0273        0.0271  7588442    0.50%            x357 D 400924 400920     58
 410694 265481        cutoff              0.0273        0.0271  7750701    0.50%             x93 U 408844 408840     43
 420072 272914        0.0272     7        0.0273        0.0271  7944241    0.50%           x1136 D 420443 420439     52
 428466 277106        0.0272     4        0.0273        0.0271  8090206    0.50%            x687 D 426748 426744     65
 436034 281512        0.0271    18        0.0273        0.0271  8314482    0.49%            x719 D 433742 433738     42
 443634 285229        0.0271    10        0.0273        0.0271  8512904    0.49%            x506 D 447757 447753     53
 450588 288875        0.0271    11        0.0273        0.0271  8705034    0.49%            x467 D 455089 455081     41
 457390 291209        0.0272     9        0.0273        0.0271  8905999    0.49%            x722 D 457251 457247     62
Elapsed time = 540.22 sec. (206674.54 ticks, tree = 628.66 MB, solutions = 6)
 460400 293582        0.0272    19        0.0273        0.0271  8985113    0.49%            x473 D 458000 457996     32
 462000 294727        0.0272     9        0.0273        0.0271  9018850    0.49%            x717 D 465601 465597     62
 463800 295701        cutoff              0.0273        0.0271  9056607    0.49%            x866 D 468001 467997     52
 465444 296649        cutoff              0.0273        0.0271  9093649    0.49%            x467 U 464178 464174     41
 466606 297363        0.0272    13        0.0273        0.0271  9116619    0.49%            x478 D 465627 465623     56
 468248 298318        0.0272     9        0.0273        0.0271  9141489    0.49%            x439 D 468994 468990     59
 470116 299223        0.0271     6        0.0273        0.0271  9176351    0.49%            x472 U 468467 469358     44
 474054 301708        0.0272     8        0.0273        0.0271  9260301    0.49%            x478 U 470216 470212     54
 478226 303279        cutoff              0.0273        0.0271  9362766    0.48%            x473 U 480082 480078     44
 483044 305770        cutoff              0.0273        0.0271  9479837    0.48%            x726 D 482179 482175     49
Elapsed time = 594.42 sec. (245404.24 ticks, tree = 638.68 MB, solutions = 6)

Cover cuts applied:  13

Root node processing (before b&c):
  Real time             =    0.31 sec. (378.81 ticks)
Parallel b&c, 4 threads:
  Real time             =  599.73 sec. (248653.97 ticks)
  Sync time (average)   =   35.51 sec.
  Wait time (average)   =    0.00 sec.
                          ------------
Total (root+branch&cut) =  600.05 sec. (249032.78 ticks)
