Version identifier: 22.2.0.0 | 2026-05-04 | 5dff98e58
CPXPARAM_Read_DataCheck                          1
CPXPARAM_Threads                                 4
CPXPARAM_Parallel                                1
CPXPARAM_RandomSeed                              20260925
CPXPARAM_MIP_Strategy_Search                     1
CPXPARAM_Simplex_Tolerances_Optimality           1.0000000000000001e-09
CPXPARAM_Simplex_Tolerances_Feasibility          1.0000000000000001e-09
CPXPARAM_TimeLimit                               600
CPXPARAM_MIP_Tolerances_AbsMIPGap                1.0000000000000001e-09
CPXPARAM_MIP_Tolerances_Integrality              1.0000000000000001e-09
Legacy callback                                  iLUD
Lazy constraint(s) or lazy constraint/branch callback is present.
    Disabling dual reductions (CPX_PARAM_REDUCE) in presolve.
    Disabling presolve reductions that prevent crushing forms (CPX_PARAM_PREREFORM).
         Disabling repeat represolve because of lazy constraint/incumbent callback.
Warning: Effort level 'CheckFeas' is incompatible with lazy constraint/incumbent callback.
         Effort level increased to 'SolveFixed'.
1 of 1 MIP starts provided solutions.
MIP start 'm1' defined initial solution with objective -0.2111.
Tried aggregator 1 time.
MIP Presolve eliminated 3105 rows and 0 columns.
Reduced MIP has 1469 rows, 2462 columns, and 13968 nonzeros.
Reduced MIP has 1200 binaries, 0 generals, 0 SOSs, and 0 indicators.
Presolve time = 0.00 sec. (11.37 ticks)
Probing time = 0.00 sec. (0.24 ticks)
MIP emphasis: balance optimality and feasibility.
MIP search method: traditional branch-and-cut.
Parallel mode: deterministic, using up to 4 threads.
Root relaxation solution time = 0.03 sec. (45.35 ticks)

        Nodes                                         Cuts/
   Node  Left     Objective  IInf  Best Integer    Best Bound    ItCnt     Gap         Variable B NodeID Parent  Depth

*     0+    0                           -0.2111       -0.8107           284.00%
      0     0       -0.2380    45       -0.2111       -0.2380     1424   12.72%
      0     0       -0.2380    29       -0.2111      Fract: 1     1425   12.72%
*     0+    0                           -0.2222       -0.2380             7.08%
*     0+    0                           -0.2333       -0.2380             1.98%
      0     2       -0.2380    25       -0.2333       -0.2380     1425    1.98%                        0             0
Elapsed time = 1.00 sec. (305.68 ticks, tree = 0.02 MB, solutions = 3)
     53    42       -0.2361    25       -0.2333       -0.2361     4575    1.19%            x396 D     56     48     13
*    94    56      integral     0       -0.2361       -0.2361     7379    0.00%           x1146 D     98     94     21

Gomory fractional cuts applied:  1

Root node processing (before b&c):
  Real time             =    1.00 sec. (304.86 ticks)
Parallel b&c, 4 threads:
  Real time             =    1.97 sec. (421.59 ticks)
  Sync time (average)   =    0.32 sec.
  Wait time (average)   =    0.00 sec.
                          ------------
Total (root+branch&cut) =    2.97 sec. (726.45 ticks)
