Version identifier: 22.2.0.0 | 2026-05-04 | 5dff98e58
CPXPARAM_Read_DataCheck                          1
CPXPARAM_Threads                                 4
CPXPARAM_Parallel                                1
CPXPARAM_RandomSeed                              20260925
CPXPARAM_Simplex_Tolerances_Optimality           1.0000000000000001e-09
CPXPARAM_Simplex_Tolerances_Feasibility          1.0000000000000001e-09
CPXPARAM_TimeLimit                               600
CPXPARAM_MIP_Tolerances_AbsMIPGap                1.0000000000000001e-09
CPXPARAM_MIP_Tolerances_Integrality              1.0000000000000001e-09
Legacy callback                                  i
1 of 4 MIP starts provided solutions.
MIP start 'm1' defined initial solution with objective 0.0000.
Tried aggregator 1 time.
MIP Presolve eliminated 3102 rows and 1 columns.
MIP Presolve modified 3120 coefficients.
Reduced MIP has 3892 rows, 4831 columns, and 38505 nonzeros.
Reduced MIP has 1200 binaries, 0 generals, 0 SOSs, and 0 indicators.
Presolve time = 0.03 sec. (30.88 ticks)
Probing time = 0.02 sec. (0.58 ticks)
Tried aggregator 1 time.
Detecting symmetries...
MIP Presolve modified 120 coefficients.
Reduced MIP has 3892 rows, 4831 columns, and 38505 nonzeros.
Reduced MIP has 1200 binaries, 0 generals, 0 SOSs, and 0 indicators.
Presolve time = 0.02 sec. (26.40 ticks)
Probing time = 0.00 sec. (0.65 ticks)
MIP emphasis: balance optimality and feasibility.
MIP search method: dynamic search.
Parallel mode: deterministic, using up to 4 threads.
Root relaxation solution time = 0.08 sec. (86.70 ticks)

        Nodes                                         Cuts/
   Node  Left     Objective  IInf  Best Integer    Best Bound    ItCnt     Gap

*     0+    0                            0.0000       -1.0000              --- 
      0     0       -0.2389    20        0.0000       -0.2389     1810     --- 
*     0+    0                           -0.2361       -0.2389             1.18%
      0     0       -0.2389    19       -0.2361   MIRcuts: 18     2071    1.18%
      0     0       -0.2389    23       -0.2361   MIRcuts: 15     2379    1.18%
      0     0       -0.2389    20       -0.2361    MIRcuts: 6     2522    1.18%
      0     0       -0.2389    25       -0.2361   MIRcuts: 25     2878    1.18%
      0     2       -0.2389    21       -0.2361       -0.2389     2878    1.18%
Elapsed time = 1.17 sec. (1228.08 ticks, tree = 0.02 MB, solutions = 2)
     11     8       -0.2389    22       -0.2361       -0.2389     5219    1.18%
     33    12       -0.2370    23       -0.2361       -0.2389    10458    1.18%
     63    47       -0.2389    30       -0.2361       -0.2389    26739    1.18%
    106    94        cutoff             -0.2361       -0.2389    38394    1.18%
    178   104       -0.2389    27       -0.2361       -0.2389    42361    1.18%
    231   139       -0.2389    25       -0.2361       -0.2389    49771    1.18%
    289   153       -0.2380    23       -0.2361       -0.2389    54997    1.18%
    349   185       -0.2380    21       -0.2361       -0.2389    62217    1.18%
    424   189       -0.2380    22       -0.2361       -0.2389    64384    1.18%
    611   247       -0.2389    29       -0.2361       -0.2389    90052    1.18%
Elapsed time = 4.30 sec. (4377.13 ticks, tree = 5.00 MB, solutions = 2)
    836   360        cutoff             -0.2361       -0.2389   120991    1.18%
   1081   442       -0.2380    22       -0.2361       -0.2389   145498    1.18%
   1349   539       -0.2380    25       -0.2361       -0.2389   175460    1.18%
   1646   647       -0.2383    35       -0.2361       -0.2389   202347    1.18%
   1918   796       -0.2380    38       -0.2361       -0.2389   232434    1.18%
   2174   900       -0.2365    24       -0.2361       -0.2389   259870    1.18%
   2440   981       -0.2383    36       -0.2361       -0.2383   289026    0.92%
   2741  1079       -0.2370    26       -0.2361       -0.2383   311757    0.92%
   3053  1150       -0.2370    27       -0.2361       -0.2381   335457    0.84%
   3360  1175       -0.2370    27       -0.2361       -0.2380   369383    0.78%
Elapsed time = 12.69 sec. (13991.98 ticks, tree = 32.43 MB, solutions = 2)
   3639  1174       -0.2369    28       -0.2361       -0.2380   402279    0.78%
   3926  1225       -0.2368    41       -0.2361       -0.2380   426171    0.78%
   4176  1243        cutoff             -0.2361       -0.2380   449227    0.78%
   4512  1263       -0.2363    44       -0.2361       -0.2380   474725    0.78%
   4857  1254       -0.2365    29       -0.2361       -0.2379   503527    0.76%

Performing restart 1

Repeating presolve.
Tried aggregator 1 time.
MIP Presolve modified 1023 coefficients.
Reduced MIP has 3892 rows, 4831 columns, and 38505 nonzeros.
Reduced MIP has 1200 binaries, 0 generals, 0 SOSs, and 0 indicators.
Presolve time = 0.02 sec. (11.34 ticks)
Tried aggregator 1 time.
Reduced MIP has 3892 rows, 4831 columns, and 38505 nonzeros.
Reduced MIP has 1200 binaries, 0 generals, 0 SOSs, and 0 indicators.
Presolve time = 0.02 sec. (25.81 ticks)
Represolve time = 0.05 sec. (43.64 ticks)
   4877     0       -0.2389    36       -0.2361      Cuts: 49   518300    0.65%
   4877     0       -0.2389    50       -0.2361      Cuts: 35   518961    0.65%
   4877     0       -0.2389    19       -0.2361   MIRcuts: 14   519248    0.65%
   4877     0       -0.2389    35       -0.2361      Cuts: 15   519599    0.65%
   4877     0       -0.2389    23       -0.2361    MIRcuts: 6   519675    0.65%
   4877     0       -0.2389    20       -0.2361      Cuts: 13   519984    0.65%
   4877     0       -0.2389    32       -0.2361      Cuts: 12   520176    0.65%
   4877     2       -0.2389    18       -0.2361       -0.2377   520176    0.65%
   4903     9       -0.2369    23       -0.2361       -0.2377   525598    0.65%
   4956     3       -0.2364    37       -0.2361       -0.2375   552575    0.59%

Cover cuts applied:  2
Mixed integer rounding cuts applied:  10
Gomory fractional cuts applied:  1

Root node processing (before b&c):
  Real time             =    1.16 sec. (1224.77 ticks)
Parallel b&c, 4 threads:
  Real time             =   22.22 sec. (25129.91 ticks)
  Sync time (average)   =    1.36 sec.
  Wait time (average)   =    0.00 sec.
                          ------------
Total (root+branch&cut) =   23.38 sec. (26354.68 ticks)
