Version identifier: 22.2.0.0 | 2026-05-04 | 5dff98e58
CPXPARAM_Read_DataCheck                          1
CPXPARAM_Threads                                 4
CPXPARAM_Parallel                                1
CPXPARAM_RandomSeed                              20260925
CPXPARAM_Simplex_Tolerances_Optimality           1.0000000000000001e-09
CPXPARAM_Simplex_Tolerances_Feasibility          1.0000000000000001e-09
CPXPARAM_TimeLimit                               600
CPXPARAM_MIP_Tolerances_AbsMIPGap                1.0000000000000001e-09
CPXPARAM_MIP_Tolerances_Integrality              1.0000000000000001e-09
Legacy callback                                  i
1 of 2 MIP starts provided solutions.
MIP start 'm1' defined initial solution with objective 0.0561.
Tried aggregator 1 time.
MIP Presolve eliminated 3103 rows and 2 columns.
MIP Presolve modified 3120 coefficients.
Reduced MIP has 3892 rows, 4830 columns, and 38502 nonzeros.
Reduced MIP has 1200 binaries, 0 generals, 0 SOSs, and 0 indicators.
Presolve time = 0.02 sec. (30.88 ticks)
Probing time = 0.00 sec. (0.58 ticks)
Tried aggregator 1 time.
Detecting symmetries...
MIP Presolve modified 120 coefficients.
Reduced MIP has 3892 rows, 4830 columns, and 38502 nonzeros.
Reduced MIP has 1200 binaries, 0 generals, 0 SOSs, and 0 indicators.
Presolve time = 0.02 sec. (21.06 ticks)
Probing time = 0.00 sec. (0.65 ticks)
MIP emphasis: balance optimality and feasibility.
MIP search method: dynamic search.
Parallel mode: deterministic, using up to 4 threads.
Root relaxation solution time = 0.05 sec. (50.52 ticks)

        Nodes                                         Cuts/
   Node  Left     Objective  IInf  Best Integer    Best Bound    ItCnt     Gap

*     0+    0                            0.0561        0.0000           100.00%
      0     0        0.0506    24        0.0561        0.0506      848    9.83%
*     0+    0                            0.0554        0.0506             8.72%
      0     0        0.0506    17        0.0554      Cuts: 35     1016    8.72%
      0     0        0.0506    18        0.0554   MIRcuts: 24     1191    8.72%
*     0+    0                            0.0554        0.0506             8.72%
      0     0        0.0506    25        0.0554    MIRcuts: 9     1253    8.72%
      0     2        0.0506    14        0.0554        0.0506     1253    8.72%
Elapsed time = 0.59 sec. (587.13 ticks, tree = 0.02 MB, solutions = 3)
    100    64        0.0507    14        0.0554        0.0506     4178    8.72%
    179   122        0.0521    22        0.0554        0.0506    10698    8.72%
    296   181    infeasible              0.0554        0.0506    18870    8.72%
    413   277        0.0524    15        0.0554        0.0506    24917    8.72%
    519   318        0.0521    18        0.0554        0.0507    29655    8.60%
    628   356        0.0519    21        0.0554        0.0508    39346    8.44%
    739   445        0.0511    21        0.0554        0.0508    48923    8.43%
    875   521        cutoff              0.0554        0.0508    56488    8.43%
    993   577        0.0526    18        0.0554        0.0508    62572    8.42%
   1416   782        0.0516    16        0.0554        0.0509    97082    8.16%
Elapsed time = 3.20 sec. (3697.27 ticks, tree = 2.99 MB, solutions = 3)
*  1797   940      integral     0        0.0554        0.0510   131793    7.94%
   1861   936        0.0553     6        0.0554        0.0510   131435    7.94%
*  1878   972      integral     0        0.0553        0.0510   136969    7.72%
*  1905+  972                            0.0553        0.0511             7.62%
*  1950   952      integral     0        0.0553        0.0511   141145    7.61%
*  2350  1124      integral     0        0.0553        0.0512   164252    7.44%
*  2388+ 1106                            0.0553        0.0512             7.44%
   2416  1147        0.0553    10        0.0553        0.0512   169494    7.44%

Performing restart 1

Repeating presolve.
Tried aggregator 1 time.
MIP Presolve modified 60 coefficients.
Reduced MIP has 3892 rows, 4830 columns, and 38502 nonzeros.
Reduced MIP has 1200 binaries, 0 generals, 0 SOSs, and 0 indicators.
Presolve time = 0.02 sec. (11.52 ticks)
Tried aggregator 1 time.
Reduced MIP has 3892 rows, 4830 columns, and 38502 nonzeros.
Reduced MIP has 1200 binaries, 0 generals, 0 SOSs, and 0 indicators.
Presolve time = 0.02 sec. (21.10 ticks)
Represolve time = 0.05 sec. (42.97 ticks)
   2439     0        0.0506    39        0.0553      Cuts: 67   176192    7.40%
   2439     0        0.0506    36        0.0553      Cuts: 27   176405    7.40%
   2439     0        0.0506    48        0.0553      Cuts: 24   176595    7.40%
*  2439+    0                            0.0553        0.0512             7.37%
   2439     0        0.0506    33        0.0553      Cuts: 18   177041    7.37%
   2439     0        0.0506    40        0.0553      Cuts: 22   177216    7.37%
   2439     0        0.0508    41        0.0553       Cuts: 9   177530    7.37%
   2439     0        0.0508    42        0.0553      Cuts: 32   177754    7.37%
   2439     0        0.0508    45        0.0553      Cuts: 14   177847    7.37%
   2439     2        0.0508    36        0.0553        0.0512   177847    7.37%
*  2442+    2                            0.0553        0.0512             7.37%
   2572    66        cutoff              0.0553        0.0512   185653    7.34%
   2853   143        0.0552     7        0.0553        0.0519   211071    6.09%
   3261   239        0.0543    25        0.0553        0.0524   235273    5.09%
   3866   431        0.0551    23        0.0553        0.0535   260798    3.17%
   4770   891        cutoff              0.0553        0.0542   281318    1.83%
   5881  1503        0.0546     7        0.0553        0.0542   307034    1.83%
   6829  1948        0.0551    15        0.0553        0.0542   337040    1.83%
Elapsed time = 13.31 sec. (16434.93 ticks, tree = 3.52 MB, solutions = 13)
   7443  2084        0.0544     4        0.0553        0.0542   369771    1.83%
   8186  2265        cutoff              0.0553        0.0542   409970    1.83%
   8747  2314        0.0551    14        0.0553        0.0542   443654    1.83%
   9321  2422        0.0551    14        0.0553        0.0542   480838    1.83%
   9903  2432        0.0548    14        0.0553        0.0542   518307    1.83%
* 10258+ 2439                            0.0553        0.0542             1.82%
  10620  2416        0.0551    14        0.0553        0.0543   558053    1.77%
  11219  2439        0.0552    14        0.0553        0.0543   596952    1.77%
  11797  2624        0.0552    16        0.0553        0.0543   625606    1.76%
  12278  2705        0.0548    10        0.0553        0.0543   672684    1.65%
  12824  2684        0.0544     6        0.0553        0.0543   704053    1.64%
Elapsed time = 21.03 sec. (26004.45 ticks, tree = 4.84 MB, solutions = 14)
  13409  2668        0.0552    14        0.0553        0.0544   747066    1.59%
  14008  2698        0.0551    12        0.0553        0.0544   787020    1.54%
  14573  2706        0.0544     4        0.0553        0.0544   825251    1.53%
  15108  2688        0.0544     8        0.0553        0.0544   863503    1.53%
  15664  2658        0.0544     8        0.0553        0.0544   904800    1.53%
  16219  2625        0.0544     6        0.0553        0.0544   954931    1.53%
  16818  2471        0.0545     8        0.0553        0.0544   996953    1.53%
  17382  2410        cutoff              0.0553        0.0544  1037277    1.48%
  17912  2323        0.0546     8        0.0553        0.0545  1069631    1.38%
  18439  2198        cutoff              0.0553        0.0545  1115352    1.31%
Elapsed time = 28.27 sec. (35566.92 ticks, tree = 3.77 MB, solutions = 14)
  18977  2027        cutoff              0.0553        0.0546  1175805    1.23%
  19662  1853        0.0548    10        0.0553        0.0547  1216810    0.96%
  20496  1566        cutoff              0.0553        0.0550  1254916    0.48%
  21540  1536        0.0551    10        0.0553        0.0550  1283540    0.38%
  22542  1463        0.0551    19        0.0553        0.0551  1316932    0.32%
  23509  1403        0.0551    19        0.0553        0.0551  1332270    0.27%
  24536  1237        cutoff              0.0553        0.0552  1368324    0.18%
  25896   839        cutoff              0.0553        0.0552  1392621    0.07%
  26908   853        cutoff              0.0553        0.0552  1405380    0.06%
  27698   784        cutoff              0.0553        0.0552  1414812    0.06%
Elapsed time = 35.92 sec. (45109.31 ticks, tree = 1.43 MB, solutions = 14)
  28502   474        0.0552     9        0.0553        0.0552  1425405    0.06%
  29308   216        0.0552    11        0.0553        0.0552  1435681    0.06%
  29646   850    infeasible              0.0553        0.0552  1393592    0.06%

Cover cuts applied:  24
Mixed integer rounding cuts applied:  26
Gomory fractional cuts applied:  1

Root node processing (before b&c):
  Real time             =    0.58 sec. (585.48 ticks)
Parallel b&c, 4 threads:
  Real time             =   44.70 sec. (56638.80 ticks)
  Sync time (average)   =    5.88 sec.
  Wait time (average)   =    0.00 sec.
                          ------------
Total (root+branch&cut) =   45.28 sec. (57224.28 ticks)
