Version identifier: 22.2.0.0 | 2026-05-04 | 5dff98e58
CPXPARAM_Read_DataCheck                          1
CPXPARAM_Threads                                 4
CPXPARAM_Parallel                                1
CPXPARAM_RandomSeed                              20260925
CPXPARAM_MIP_Strategy_Search                     1
CPXPARAM_Simplex_Tolerances_Optimality           1.0000000000000001e-09
CPXPARAM_Simplex_Tolerances_Feasibility          1.0000000000000001e-09
CPXPARAM_TimeLimit                               600
CPXPARAM_MIP_Tolerances_AbsMIPGap                1.0000000000000001e-09
CPXPARAM_MIP_Tolerances_Integrality              1.0000000000000001e-09
Legacy callback                                  iLUD
Lazy constraint(s) or lazy constraint/branch callback is present.
    Disabling dual reductions (CPX_PARAM_REDUCE) in presolve.
    Disabling presolve reductions that prevent crushing forms (CPX_PARAM_PREREFORM).
         Disabling repeat represolve because of lazy constraint/incumbent callback.
Warning: Effort level 'CheckFeas' is incompatible with lazy constraint/incumbent callback.
         Effort level increased to 'SolveFixed'.
1 of 1 MIP starts provided solutions.
MIP start 'm1' defined initial solution with objective 0.0610.
Tried aggregator 1 time.
MIP Presolve eliminated 3106 rows and 0 columns.
Reduced MIP has 1469 rows, 2432 columns, and 13759 nonzeros.
Reduced MIP has 1200 binaries, 0 generals, 0 SOSs, and 0 indicators.
Presolve time = 0.02 sec. (11.36 ticks)
Probing time = 0.00 sec. (0.24 ticks)
MIP emphasis: balance optimality and feasibility.
MIP search method: traditional branch-and-cut.
Parallel mode: deterministic, using up to 4 threads.
Root relaxation solution time = 0.03 sec. (27.85 ticks)

        Nodes                                         Cuts/
   Node  Left     Objective  IInf  Best Integer    Best Bound    ItCnt     Gap         Variable B NodeID Parent  Depth

*     0+    0                            0.0610        0.0000           100.00%
      0     0        0.0522    13        0.0610        0.0522      903   14.42%
*     0+    0                            0.0565        0.0522             7.61%
      0     0  -1.00000e+75     0        0.0565        0.0522      903    7.61%
      0     2        0.0522    10        0.0565        0.0522      903    7.61%                        0             0
Elapsed time = 0.33 sec. (174.59 ticks, tree = 0.02 MB, solutions = 2)
*     8+    2                            0.0565        0.0522             7.60%
*    11+    3                            0.0565        0.0522             7.60%
*    89+   33                            0.0553        0.0522             5.47%
    193    91        0.0542    30        0.0553        0.0522     5834    5.47%           x1086 D    159    155     10
*   272+  126                            0.0553        0.0536             2.96%
*   432+  216                            0.0553        0.0540             2.32%
    555   245        cutoff              0.0553        0.0540    16268    2.25%            x600 U    535    527     13
    963   427        0.0546    22        0.0553        0.0544    26464    1.56%            x726 D   1048   1044     30
   1517   512        0.0552    16        0.0553        0.0546    41049    1.14%            x600 D   1477   1473     14
   2206   442        0.0552    20        0.0553        0.0551    52391    0.36%             x53 U   2298   2110     17
*  3091   530      integral     0        0.0553        0.0552    61544    0.12%
   3107   562        0.0552    30        0.0553        0.0552    62761    0.12%             x53 U   3214   2642     25
   3946   646        cutoff              0.0553        0.0552    70891    0.10%            x731 U   3739   3253     30
   4806   420        0.0552    17        0.0553        0.0552    86786    0.06%           x1019 D   5016   5012     28
   5657   245        cutoff              0.0553        0.0552    97454    0.03%           x1007 U   5678   1610     26

Cover cuts applied:  6

Root node processing (before b&c):
  Real time             =    0.33 sec. (173.86 ticks)
Parallel b&c, 4 threads:
  Real time             =    6.80 sec. (2198.60 ticks)
  Sync time (average)   =    0.32 sec.
  Wait time (average)   =    0.00 sec.
                          ------------
Total (root+branch&cut) =    7.12 sec. (2372.45 ticks)
