Version identifier: 22.2.0.0 | 2026-05-04 | 5dff98e58
CPXPARAM_Read_DataCheck                          1
CPXPARAM_Threads                                 4
CPXPARAM_Parallel                                1
CPXPARAM_RandomSeed                              20260925
CPXPARAM_Simplex_Tolerances_Optimality           1.0000000000000001e-09
CPXPARAM_Simplex_Tolerances_Feasibility          1.0000000000000001e-09
CPXPARAM_TimeLimit                               600
CPXPARAM_MIP_Tolerances_AbsMIPGap                1.0000000000000001e-09
CPXPARAM_MIP_Tolerances_Integrality              1.0000000000000001e-09
Legacy callback                                  i
1 of 1 MIP starts provided solutions.
MIP start 'm1' defined initial solution with objective 0.1512.
Tried aggregator 1 time.
MIP Presolve eliminated 37 rows and 2 columns.
MIP Presolve modified 504 coefficients.
Reduced MIP has 659 rows, 708 columns, and 5670 nonzeros.
Reduced MIP has 174 binaries, 0 generals, 0 SOSs, and 0 indicators.
Presolve time = 0.00 sec. (2.27 ticks)
Probing time = 0.00 sec. (0.17 ticks)
Tried aggregator 1 time.
Detecting symmetries...
Reduced MIP has 659 rows, 708 columns, and 5670 nonzeros.
Reduced MIP has 174 binaries, 0 generals, 0 SOSs, and 0 indicators.
Presolve time = 0.00 sec. (2.24 ticks)
Probing time = 0.00 sec. (0.17 ticks)
MIP emphasis: balance optimality and feasibility.
MIP search method: dynamic search.
Parallel mode: deterministic, using up to 4 threads.
Root relaxation solution time = 0.02 sec. (7.51 ticks)

        Nodes                                         Cuts/
   Node  Left     Objective  IInf  Best Integer    Best Bound    ItCnt     Gap

*     0+    0                            0.1512        0.0000           100.00%
      0     0        0.1300    28        0.1512        0.1300      379   14.00%
      0     0        0.1302    34        0.1512      Cuts: 38      551   13.87%
      0     0        0.1303    43        0.1512      Cuts: 32      722   13.85%
      0     0        0.1303    46        0.1512   MIRcuts: 41      874   13.82%
      0     0        0.1307    45        0.1512   MIRcuts: 26     1244   13.58%
      0     0        0.1307    47        0.1512   MIRcuts: 24     1365   13.55%
Detecting symmetries...
      0     0        0.1308    59        0.1512   MIRcuts: 33     1531   13.52%
      0     0        0.1308    62        0.1512   MIRcuts: 27     1673   13.51%
      0     0        0.1308    60        0.1512      Cuts: 19     1745   13.48%
*     0+    0                            0.1507        0.1308            13.21%
Detecting symmetries...
      0     2        0.1308    60        0.1507        0.1308     1745   13.21%
Elapsed time = 0.30 sec. (273.05 ticks, tree = 0.02 MB, solutions = 2)
    211   128        0.1412    23        0.1507        0.1322    20374   12.27%
    552   316        0.1440    23        0.1507        0.1332    32811   11.60%
    949   624        cutoff              0.1507        0.1338    53664   11.22%
   1344   955        0.1351    30        0.1507        0.1344    72754   10.84%
   1721  1187        0.1359    33        0.1507        0.1345    93523   10.74%
   2157  1553    infeasible              0.1507        0.1349   115012   10.50%
   2484  1738        0.1368    34        0.1507        0.1350   131916   10.40%

Performing restart 1

Repeating presolve.
Tried aggregator 1 time.
MIP Presolve modified 168 coefficients.
Reduced MIP has 659 rows, 708 columns, and 5622 nonzeros.
Reduced MIP has 174 binaries, 0 generals, 0 SOSs, and 0 indicators.
Presolve time = 0.00 sec. (2.54 ticks)
Tried aggregator 1 time.
Reduced MIP has 659 rows, 708 columns, and 5622 nonzeros.
Reduced MIP has 174 binaries, 0 generals, 0 SOSs, and 0 indicators.
Presolve time = 0.00 sec. (2.25 ticks)
Represolve time = 0.00 sec. (8.48 ticks)
   2489     0        0.1310    64        0.1507   MIRcuts: 15   137695   10.39%
   2489     0        0.1311    49        0.1507   MIRcuts: 17   137777   10.39%
   2489     0        0.1312    54        0.1507      Cuts: 16   137850   10.39%
   2489     0        0.1314    59        0.1507      Cuts: 19   137971   10.39%
   2489     0        0.1315    62        0.1507      Cuts: 14   138043   10.39%
   2489     2        0.1315    62        0.1507        0.1351   138043   10.39%
   2506    15        0.1367    32        0.1507        0.1351   139668   10.39%
   3586   832        0.1368    43        0.1507        0.1351   191572   10.39%
Elapsed time = 4.38 sec. (4487.67 ticks, tree = 3.86 MB, solutions = 2)
   4576  1626        0.1426    33        0.1507        0.1351   247954   10.39%
   5681  2460        0.1419    46        0.1507        0.1351   304708   10.39%
   6844  3419        0.1389    38        0.1507        0.1354   368314   10.14%
   7886  4171        0.1435    42        0.1507        0.1358   419877    9.87%
   8703  4885        0.1394    62        0.1507        0.1361   485490    9.68%
   9608  5477        0.1431    53        0.1507        0.1364   545674    9.50%
  10413  6022        0.1468    36        0.1507        0.1366   601810    9.36%
  11245  6632        0.1469    39        0.1507        0.1367   667321    9.29%
  11998  7061        0.1432    54        0.1507        0.1369   730693    9.18%
  12829  7564        0.1429    47        0.1507        0.1370   798337    9.08%
Elapsed time = 13.03 sec. (14030.01 ticks, tree = 35.05 MB, solutions = 2)
  13672  8143        0.1416    37        0.1507        0.1371   856304    9.01%
  14613  8827        0.1431    33        0.1507        0.1372   927118    8.95%
  15382  9434        0.1498    49        0.1507        0.1374   997501    8.86%
  16280  9971        0.1388    56        0.1507        0.1374  1051391    8.80%
  17112 10531        cutoff              0.1507        0.1375  1123055    8.73%
  17854 11007        0.1474    50        0.1507        0.1377  1182318    8.66%
  18683 11551        0.1449    44        0.1507        0.1377  1258157    8.62%
  19561 12148        0.1443    52        0.1507        0.1379  1324601    8.52%
  20494 12708        0.1457    37        0.1507        0.1380  1375109    8.44%
  21480 13474        cutoff              0.1507        0.1381  1453334    8.37%
Elapsed time = 20.77 sec. (23590.92 ticks, tree = 60.85 MB, solutions = 2)
  22370 13979        0.1418    45        0.1507        0.1382  1504224    8.31%
  23354 14677        0.1413    52        0.1507        0.1383  1574533    8.26%
  24293 15217        0.1420    52        0.1507        0.1383  1629544    8.21%
  25252 15894        0.1443    42        0.1507        0.1384  1698471    8.17%
  26100 16483        0.1446    32        0.1507        0.1385  1767062    8.12%
* 26425+16699                            0.1498        0.1385             7.51%
  26578 16941        0.1402    42        0.1498        0.1385  1819976    7.50%
  27041 17132        0.1420    58        0.1498        0.1385  1859152    7.50%
  27514 17484        cutoff              0.1498        0.1385  1893655    7.50%
  28018 17813        0.1410    53        0.1498        0.1385  1922670    7.50%
  28494 18093        0.1430    53        0.1498        0.1385  1958968    7.50%
Elapsed time = 28.84 sec. (33139.09 ticks, tree = 84.64 MB, solutions = 2)
  28984 18484        cutoff              0.1498        0.1385  1995650    7.50%
  29406 18759        0.1410    35        0.1498        0.1385  2030665    7.50%
  29866 19106        0.1405    35        0.1498        0.1385  2069459    7.50%
  30639 19272        0.1428    43        0.1498        0.1385  2103858    7.50%
  31309 19743        0.1411    54        0.1498        0.1385  2151793    7.50%
  32182 20158        0.1424    50        0.1498        0.1389  2187744    7.24%
  33071 20915        0.1467    45        0.1498        0.1390  2264517    7.21%
  33904 21393        cutoff              0.1498        0.1390  2327930    7.18%
  34914 21884        0.1397    42        0.1498        0.1391  2378375    7.14%
  35916 22598        0.1457    34        0.1498        0.1391  2447524    7.11%
Elapsed time = 37.25 sec. (42688.23 ticks, tree = 103.97 MB, solutions = 3)
  36873 23260        0.1436    50        0.1498        0.1392  2520636    7.08%
  37838 23847        0.1440    21        0.1498        0.1392  2584618    7.05%
  38759 24388        cutoff              0.1498        0.1392  2650561    7.02%
  39746 24952        0.1406    43        0.1498        0.1393  2704717    6.99%
  40629 25547        0.1457    69        0.1498        0.1393  2777301    6.96%
  41563 26179        cutoff              0.1498        0.1394  2851907    6.94%
  42454 26692        0.1438    43        0.1498        0.1394  2924310    6.90%
  43339 27094        0.1421    36        0.1498        0.1395  2982679    6.88%
  44302 27652        0.1423    56        0.1498        0.1395  3051068    6.84%
  45162 28226        0.1476    40        0.1498        0.1395  3132790    6.82%
Elapsed time = 44.70 sec. (52235.25 ticks, tree = 125.61 MB, solutions = 3)
  46112 28837        0.1480    38        0.1498        0.1396  3216314    6.80%
  47067 29247        0.1442    34        0.1498        0.1396  3269647    6.78%
  48066 29790        cutoff              0.1498        0.1397  3338364    6.74%
  48986 30427        cutoff              0.1498        0.1397  3413041    6.71%
  49832 30750        0.1436    36        0.1498        0.1397  3455026    6.69%

Performing restart 2

Repeating presolve.
Tried aggregator 1 time.
Reduced MIP has 659 rows, 708 columns, and 5622 nonzeros.
Reduced MIP has 174 binaries, 0 generals, 0 SOSs, and 0 indicators.
Presolve time = 0.00 sec. (1.61 ticks)
Tried aggregator 1 time.
Reduced MIP has 659 rows, 708 columns, and 5622 nonzeros.
Reduced MIP has 174 binaries, 0 generals, 0 SOSs, and 0 indicators.
Presolve time = 0.00 sec. (2.25 ticks)
Represolve time = 0.03 sec. (10.51 ticks)
  50134     0        0.1327    67        0.1498      Cuts: 13  3520015    6.67%
  50134     0        0.1330    65        0.1498   MIRcuts: 13  3520158    6.67%
  50134     0        0.1333    66        0.1498   MIRcuts: 13  3520307    6.67%
  50134     0        0.1336    63        0.1498      Cuts: 13  3520400    6.67%
  50134     0        0.1338    65        0.1498   MIRcuts: 10  3520459    6.67%
  50134     0        0.1339    66        0.1498      Cuts: 17  3520518    6.67%
  50134     0        0.1340    66        0.1498    MIRcuts: 5  3520586    6.67%
  50134     0        0.1342    63        0.1498      Cuts: 10  3520667    6.67%
  50134     2        0.1342    63        0.1498        0.1398  3520667    6.67%
  50229    60        0.1438    29        0.1498        0.1398  3529852    6.67%
  50833   427        0.1442    41        0.1498        0.1398  3555314    6.67%
  51921  1279        0.1392    52        0.1498        0.1398  3610047    6.67%
  53083  2209        0.1388    57        0.1498        0.1398  3675019    6.67%
Elapsed time = 52.80 sec. (61942.17 ticks, tree = 8.58 MB, solutions = 3)
  54408  3173        0.1436    56        0.1498        0.1398  3740291    6.67%
  55700  4124        0.1418    43        0.1498        0.1398  3797020    6.67%
  56871  5061        0.1433    40        0.1498        0.1398  3864498    6.67%
  58067  5827        0.1446    38        0.1498        0.1398  3920993    6.67%
  59253  6582        0.1394    46        0.1498        0.1398  3976795    6.67%
  60414  7490        0.1421    45        0.1498        0.1398  4044151    6.67%
  61650  8337        0.1427    34        0.1498        0.1398  4104282    6.67%
  62923  9240        0.1425    37        0.1498        0.1398  4170641    6.67%
  64167 10189        0.1410    51        0.1498        0.1398  4236081    6.67%
  65413 10998        cutoff              0.1498        0.1398  4299149    6.67%
Elapsed time = 60.81 sec. (71484.39 ticks, tree = 49.23 MB, solutions = 3)
  66649 11957        0.1460    43        0.1498        0.1398  4369172    6.67%
  67857 12787        0.1437    33        0.1498        0.1398  4431914    6.67%
  69100 13594        0.1442    42        0.1498        0.1398  4499106    6.67%
  70389 14411        0.1454    43        0.1498        0.1398  4562467    6.67%
  71414 15379        0.1454    59        0.1498        0.1398  4628654    6.67%
  71967 15759        0.1448    54        0.1498        0.1398  4674438    6.67%
  72592 16110        0.1415    55        0.1498        0.1398  4737549    6.67%
  73146 16381        0.1450    31        0.1498        0.1398  4785033    6.67%
  73727 16678        cutoff              0.1498        0.1398  4843026    6.67%
  74284 16888        0.1439    45        0.1498        0.1398  4884377    6.67%
Elapsed time = 68.92 sec. (81026.26 ticks, tree = 76.44 MB, solutions = 3)
  74845 17275        0.1451    44        0.1498        0.1398  4956486    6.65%
  75451 17496        0.1474    54        0.1498        0.1399  5001085    6.61%
  75975 17827        cutoff              0.1498        0.1399  5059180    6.59%
  76569 18020        0.1458    50        0.1498        0.1400  5107662    6.55%
  77079 18316        cutoff              0.1498        0.1400  5173485    6.50%
  77585 18521        0.1470    43        0.1498        0.1401  5238500    6.47%
  78200 18774    infeasible              0.1498        0.1401  5279266    6.43%
  78718 19111        0.1448    69        0.1498        0.1402  5352428    6.39%
  79218 19264        0.1452    38        0.1498        0.1402  5411384    6.35%
  81436 20217        cutoff              0.1498        0.1405  5639601    6.18%
Elapsed time = 78.80 sec. (93441.03 ticks, tree = 90.41 MB, solutions = 3)
  83731 21189        0.1469    50        0.1498        0.1407  5869508    6.03%
  86012 22225        0.1474    66        0.1498        0.1409  6093765    5.91%
  88211 23010        0.1426    47        0.1498        0.1411  6338812    5.78%
  90506 24003        cutoff              0.1498        0.1413  6576540    5.66%
  92812 24870        0.1466    41        0.1498        0.1415  6824303    5.53%
  95136 25809        0.1481    48        0.1498        0.1416  7065952    5.42%
  97387 26478        cutoff              0.1498        0.1418  7288827    5.32%
  99655 27084        0.1495    61        0.1498        0.1420  7530866    5.19%
 101917 27728        cutoff              0.1498        0.1422  7772373    5.05%
 104468 28506        0.1473    53        0.1498        0.1424  7989225    4.92%
Elapsed time = 109.02 sec. (131609.39 ticks, tree = 119.66 MB, solutions = 3)
 106920 29262        cutoff              0.1498        0.1426  8235419    4.81%
 109423 30017        0.1489    47        0.1498        0.1428  8464438    4.68%
 112235 31001        0.1468    38        0.1498        0.1429  8696372    4.56%
 115053 32089        cutoff              0.1498        0.1431  8947023    4.43%
 117905 32695        cutoff              0.1498        0.1433  9142676    4.33%
 120810 33474        0.1461    57        0.1498        0.1434  9407712    4.25%
 123864 34401        cutoff              0.1498        0.1436  9636309    4.12%
 126897 35061        cutoff              0.1498        0.1437  9849801    4.06%
 129897 35830        0.1487    50        0.1498        0.1438 10080344    3.95%
 132867 36864        0.1470    50        0.1498        0.1440 10324054    3.87%
Elapsed time = 144.38 sec. (169774.66 ticks, tree = 151.25 MB, solutions = 3)
 135790 37805        0.1465    71        0.1498        0.1441 10577842    3.78%
 138791 38562        0.1484    66        0.1498        0.1442 10790691    3.69%
 141851 39180        0.1464    41        0.1498        0.1444 11006416    3.61%
 144707 39609        0.1470    63        0.1498        0.1445 11267139    3.51%
 147787 40278        0.1496    51        0.1498        0.1446 11506422    3.43%
 150767 40768        cutoff              0.1498        0.1448 11739305    3.34%
 153813 41159        0.1497    51        0.1498        0.1449 11971554    3.26%
 156842 41549        0.1467    30        0.1498        0.1450 12209707    3.18%
 159911 41845        0.1488    60        0.1498        0.1451 12419776    3.09%
 163129 42409        0.1469    49        0.1498        0.1452 12671168    3.01%
Elapsed time = 177.36 sec. (207935.09 ticks, tree = 169.75 MB, solutions = 3)
 166386 42872        cutoff              0.1498        0.1454 12911641    2.94%
 169433 42975        0.1487    53        0.1498        0.1455 13131326    2.87%
 172680 43193        cutoff              0.1498        0.1456 13385128    2.79%
 175782 43343        cutoff              0.1498        0.1457 13592563    2.71%
 179006 43307        cutoff              0.1498        0.1458 13859845    2.64%
 182227 43280        cutoff              0.1498        0.1459 14095572    2.56%
 185679 43256        cutoff              0.1498        0.1460 14333199    2.48%
 188957 42974        0.1494    46        0.1498        0.1462 14570458    2.40%
 192430 42702        0.1493    49        0.1498        0.1463 14758152    2.33%
 195852 42187        cutoff              0.1498        0.1464 15032725    2.24%
Elapsed time = 209.81 sec. (246092.21 ticks, tree = 164.60 MB, solutions = 3)
 199388 41838        cutoff              0.1498        0.1465 15232412    2.15%
 202945 41146        cutoff              0.1498        0.1466 15485898    2.08%
 206542 40438        cutoff              0.1498        0.1468 15685635    1.99%
 210188 39398        0.1483    62        0.1498        0.1469 15948155    1.90%
 213882 38504        cutoff              0.1498        0.1471 16137610    1.81%
 217736 37235        cutoff              0.1498        0.1472 16358292    1.72%
 221764 35344        cutoff              0.1498        0.1473 16616854    1.63%
 225938 33789        0.1498    33        0.1498        0.1475 16811400    1.53%
 230309 30851        cutoff              0.1498        0.1477 17069915    1.41%
 235128 28050        cutoff              0.1498        0.1478 17299389    1.29%
Elapsed time = 240.44 sec. (284249.85 ticks, tree = 102.98 MB, solutions = 3)
 240492 24130        cutoff              0.1498        0.1481 17544178    1.10%
 246581 19128        cutoff              0.1498        0.1484 17786234    0.89%
 254515 12202        cutoff              0.1498        0.1489 18002260    0.61%

Cover cuts applied:  35
Flow cuts applied:  1
Mixed integer rounding cuts applied:  168
Lift and project cuts applied:  1
Gomory fractional cuts applied:  2

Root node processing (before b&c):
  Real time             =    0.30 sec. (272.60 ticks)
Parallel b&c, 4 threads:
  Real time             =  252.67 sec. (299061.02 ticks)
  Sync time (average)   =    8.57 sec.
  Wait time (average)   =    0.00 sec.
                          ------------
Total (root+branch&cut) =  252.97 sec. (299333.62 ticks)
