Version identifier: 22.2.0.0 | 2026-05-04 | 5dff98e58
CPXPARAM_Read_DataCheck                          1
CPXPARAM_Threads                                 4
CPXPARAM_Parallel                                1
CPXPARAM_RandomSeed                              20260925
CPXPARAM_MIP_Strategy_Search                     1
CPXPARAM_Simplex_Tolerances_Optimality           1.0000000000000001e-09
CPXPARAM_Simplex_Tolerances_Feasibility          1.0000000000000001e-09
CPXPARAM_TimeLimit                               600
CPXPARAM_MIP_Tolerances_AbsMIPGap                1.0000000000000001e-09
CPXPARAM_MIP_Tolerances_Integrality              1.0000000000000001e-09
Legacy callback                                  iLUD
Lazy constraint(s) or lazy constraint/branch callback is present.
    Disabling dual reductions (CPX_PARAM_REDUCE) in presolve.
    Disabling presolve reductions that prevent crushing forms (CPX_PARAM_PREREFORM).
         Disabling repeat represolve because of lazy constraint/incumbent callback.
Warning: Effort level 'CheckFeas' is incompatible with lazy constraint/incumbent callback.
         Effort level increased to 'SolveFixed'.
1 of 1 MIP starts provided solutions.
MIP start 'm1' defined initial solution with objective 0.1507.
Tried aggregator 1 time.
MIP Presolve eliminated 37 rows and 0 columns.
MIP Presolve modified 107 coefficients.
Reduced MIP has 303 rows, 362 columns, and 2339 nonzeros.
Reduced MIP has 174 binaries, 0 generals, 0 SOSs, and 0 indicators.
Presolve time = 0.00 sec. (1.14 ticks)
Probing time = 0.00 sec. (0.09 ticks)
MIP emphasis: balance optimality and feasibility.
MIP search method: traditional branch-and-cut.
Parallel mode: deterministic, using up to 4 threads.
Root relaxation solution time = 0.02 sec. (6.21 ticks)

        Nodes                                         Cuts/
   Node  Left     Objective  IInf  Best Integer    Best Bound    ItCnt     Gap         Variable B NodeID Parent  Depth

*     0+    0                            0.1507        0.0000           100.00%
      0     0        0.1396    19        0.1507        0.1396      396    7.36%
      0     0        0.1415    29        0.1507       Cuts: 7      453    6.15%
      0     0        0.1426    29        0.1507    MIRcuts: 2      487    5.38%
      0     0        0.1430    32        0.1507       Cuts: 3      505    5.14%
*     0+    0                            0.1505        0.1430             4.99%
      0     0  -1.00000e+75     0        0.1505        0.1430      505    4.99%
      0     2        0.1430    32        0.1505        0.1430      505    4.99%                        0             0
Elapsed time = 0.06 sec. (50.19 ticks, tree = 0.02 MB, solutions = 2)
*     4+    1                            0.1500        0.1439             4.04%
*   209+   19                            0.1498        0.1469             1.94%

Flow cuts applied:  4
Mixed integer rounding cuts applied:  4
Gomory fractional cuts applied:  1
User cuts applied:  4

Root node processing (before b&c):
  Real time             =    0.06 sec. (49.97 ticks)
Parallel b&c, 4 threads:
  Real time             =    0.12 sec. (85.16 ticks)
  Sync time (average)   =    0.04 sec.
  Wait time (average)   =    0.00 sec.
                          ------------
Total (root+branch&cut) =    0.19 sec. (135.14 ticks)
