Version identifier: 22.2.0.0 | 2026-05-04 | 5dff98e58
CPXPARAM_Read_DataCheck                          1
CPXPARAM_Threads                                 4
CPXPARAM_Parallel                                1
CPXPARAM_RandomSeed                              20260925
CPXPARAM_MIP_Strategy_Search                     1
CPXPARAM_Simplex_Tolerances_Optimality           1.0000000000000001e-09
CPXPARAM_Simplex_Tolerances_Feasibility          1.0000000000000001e-09
CPXPARAM_TimeLimit                               600
CPXPARAM_MIP_Tolerances_AbsMIPGap                1.0000000000000001e-09
CPXPARAM_MIP_Tolerances_Integrality              1.0000000000000001e-09
Legacy callback                                  iLUD
Lazy constraint(s) or lazy constraint/branch callback is present.
    Disabling dual reductions (CPX_PARAM_REDUCE) in presolve.
    Disabling presolve reductions that prevent crushing forms (CPX_PARAM_PREREFORM).
         Disabling repeat represolve because of lazy constraint/incumbent callback.
Warning: Effort level 'CheckFeas' is incompatible with lazy constraint/incumbent callback.
         Effort level increased to 'SolveFixed'.
1 of 1 MIP starts provided solutions.
MIP start 'm1' defined initial solution with objective 0.0732.
Tried aggregator 1 time.
MIP Presolve eliminated 3106 rows and 0 columns.
MIP Presolve modified 60 coefficients.
Reduced MIP has 1993 rows, 2432 columns, and 146789 nonzeros.
Reduced MIP has 1200 binaries, 0 generals, 0 SOSs, and 0 indicators.
Presolve time = 0.06 sec. (70.02 ticks)
Probing time = 0.00 sec. (2.27 ticks)
MIP emphasis: balance optimality and feasibility.
MIP search method: traditional branch-and-cut.
Parallel mode: deterministic, using up to 4 threads.
Root relaxation solution time = 0.05 sec. (81.48 ticks)

        Nodes                                         Cuts/
   Node  Left     Objective  IInf  Best Integer    Best Bound    ItCnt     Gap         Variable B NodeID Parent  Depth

*     0+    0                            0.0732        0.0000           100.00%
      0     0        0.0642    22        0.0732        0.0642      775   12.31%
      0     0        0.0642    21        0.0732      Fract: 3      780   12.31%
      0     0        0.0642    23        0.0732       Cuts: 3      784   12.31%
*     0+    0                            0.0676        0.0642             5.10%
*     0+    0                            0.0676        0.0642             5.10%
*     0+    0                            0.0676        0.0642             5.10%
      0     0  -1.00000e+75     0        0.0676        0.0642      784    5.10%
      0     2        0.0642    23        0.0676        0.0642      784    5.10%                        0             0
Elapsed time = 0.80 sec. (1060.12 ticks, tree = 0.02 MB, solutions = 4)
*    10+    1                            0.0651        0.0642             1.36%
     24    20        0.0642    19        0.0651        0.0642     1040    1.36%            x156 U     10      2      3
     98    84        0.0644    18        0.0651        0.0642     2979    1.36%           x1152 D    152    144     19
    224   130        0.0648     8        0.0651        0.0642     3992    1.36%            x876 D    223    219     18
*   367+  170                            0.0647        0.0642             0.83%
    376   164        cutoff              0.0647        0.0642     7027    0.82%            x900 U    361     13      6
*   473+  203                            0.0647        0.0642             0.79%
*   510+  209                            0.0647        0.0642             0.72%
    510   205        0.0646    15        0.0647        0.0642     9207    0.72%           x1199 D    520    516     42
*   523+  209                            0.0647        0.0642             0.72%
    687   283        0.0645    18        0.0647        0.0642    11857    0.69%            x168 D    630    626      6
    855   362        0.0645    19        0.0647        0.0643    14168    0.57%            x900 U    817    230      9
*   861+  364                            0.0647        0.0643             0.56%
*   903+  419                            0.0647        0.0643             0.56%
   1013   444        0.0644    17        0.0647        0.0643    18912    0.52%           x1122 D    994    990     16
   1274   512        0.0646    23        0.0647        0.0644    23019    0.43%            x936 U   1242   1238     16
   2653  1305        0.0646    19        0.0647        0.0644    39356    0.35%            x942 D   2638   2630     25
Elapsed time = 8.05 sec. (4184.42 ticks, tree = 2.94 MB, solutions = 11)
   4508  2318        cutoff              0.0647        0.0644    65648    0.34%            x228 U   4518   3006     15
   6255  2970        0.0646    20        0.0647        0.0645    99727    0.33%            x942 D   6310   6302     32
   8034  3806        0.0646    18        0.0647        0.0645   120374    0.32%            x948 U   7961   7957     33
  10043  5138        0.0646    14        0.0647        0.0645   140952    0.32%            x366 U  10187  10183     23
  12047  6310        cutoff              0.0647        0.0645   159054    0.32%            x960 D  11761  11757     25
  14157  7631        cutoff              0.0647        0.0645   179718    0.32%            x240 U  14464  14456     32
  16010  8952        0.0646    12        0.0647        0.0645   204147    0.32%            x642 D  15542  15538     25
  18041 10278        cutoff              0.0647        0.0645   225145    0.32%            x588 U  18239  18231     31
  19831 11301        cutoff              0.0647        0.0645   244157    0.32%            x588 U  19765  19761     31
  21632 12476        0.0646    19        0.0647        0.0645   265397    0.32%            x222 D  22152  22144     28
Elapsed time = 31.00 sec. (13727.54 ticks, tree = 14.98 MB, solutions = 11)
  23358 13352        0.0646    18        0.0647        0.0645   283707    0.32%            x234 D  23253  23249     32
  25161 14331        0.0646    18        0.0647        0.0645   304128    0.32%           x1061 D  24478  24474     30
  27072 15155        0.0646     8        0.0647        0.0645   330304    0.31%           x1134 D  27860  27856     26
  28714 15822        cutoff              0.0647        0.0645   347257    0.30%            x408 D  29015  29011     31
  30351 16605        0.0645    13        0.0647        0.0645   364947    0.27%            x216 D  29594  29590     17
  31903 17373        0.0646    17        0.0647        0.0645   384807    0.27%            x936 U  32025  32021     14
  33709 18252        0.0646    19        0.0647        0.0645   401548    0.25%            x948 U  33563  33559     19
  35448 18963        0.0646    19        0.0647        0.0645   418448    0.25%            x960 U  34646  34642     19
  37289 20180        0.0646    18        0.0647        0.0645   443693    0.25%           x1007 U  37469  37465     26
  39050 21074        0.0646    15        0.0647        0.0645   459108    0.25%            x228 D  39441  39437     33
Elapsed time = 48.22 sec. (23269.45 ticks, tree = 24.53 MB, solutions = 11)
  40547 21882        0.0646    18        0.0647        0.0645   477232    0.25%            x234 D  41952  41948     34
  42234 22736        0.0646    17        0.0647        0.0645   496442    0.25%            x936 U  41551  41547     22
  44088 23685        0.0646    13        0.0647        0.0645   518587    0.25%            x234 D  44761  44757     44
  45739 24302        0.0646    18        0.0647        0.0645   530301    0.25%            x954 U  44462  44458     25
  47630 25283        0.0646    15        0.0647        0.0645   552185    0.25%            x341 D  46471  46467     42
  49344 26065        0.0646    18        0.0647        0.0645   567618    0.25%            x234 D  48043  48039     33
  51333 27173        0.0645    11        0.0647        0.0645   587546    0.25%            x942 D  52481  52477     20
  53099 28025        0.0645    11        0.0647        0.0645   607605    0.25%            x954 D  51751  44586     23
  54659 28781        0.0645    12        0.0647        0.0645   628561    0.25%            x954 D  52871  52863     27
  56554 29559        0.0646    13        0.0647        0.0645   645152    0.25%            x228 D  54859  54855     56
Elapsed time = 63.45 sec. (32810.09 ticks, tree = 33.68 MB, solutions = 11)
  58330 30574        0.0645    14        0.0647        0.0645   667114    0.24%            x936 D  56926  50918     22
  60009 31214        0.0646    17        0.0647        0.0645   682320    0.24%            x222 D  61273  61269     31
  61712 31932        cutoff              0.0647        0.0645   707574    0.24%           x1001 D  63360    586     19
  63350 32026        0.0646    16        0.0647        0.0645   728947    0.19%            x234 D  61774  61770     40
  65296 32489        0.0646    17        0.0647        0.0645   736772    0.19%            x304 U  64039   8457     37
  66982 33274        0.0646    17        0.0647        0.0646   751729    0.17%            x234 D  65306  65302     42
  69109 34073        cutoff              0.0647        0.0646   765188    0.17%            x588 U  67302  67298     44
  70958 34611        0.0646    17        0.0647        0.0646   778259    0.17%            x234 D  69530  69526     45
  72451 35043        0.0646    17        0.0647        0.0646   796840    0.17%            x228 D  71102  71098     46
  73936 35344        0.0646    17        0.0647        0.0646   807792    0.17%            x228 D  75233  75229     47
Elapsed time = 81.19 sec. (42352.05 ticks, tree = 41.20 MB, solutions = 11)
  75956 35715        0.0646    16        0.0647        0.0646   817333    0.17%            x322 D  77932  77924     48
  77644 36619        0.0646    17        0.0647        0.0646   838647    0.17%            x228 D  79213  79209     34
  79189 36814        cutoff              0.0647        0.0646   847988    0.17%            x588 U  77670  77666     46
  80994 37149        cutoff              0.0647        0.0646   864978    0.17%            x588 U  79015  79007     43
  83039 37637        0.0646    19        0.0647        0.0646   876909    0.17%            x240 D  84960  84956     48
  85384 38379        0.0646    16        0.0647        0.0646   890156    0.17%           x1024 D  87260  87256     52
  87235 39300        cutoff              0.0647        0.0646   903530    0.17%            x240 U  89332  89320     42
  89014 39772        cutoff              0.0647        0.0646   920934    0.17%            x588 U  90749  90741     53
  90383 40218        0.0646    17        0.0647        0.0646   938199    0.17%            x340 U  88998  88986     47
  92147 40559        0.0646    17        0.0647        0.0646   955528    0.17%           x1156 U  93825  83687     37
Elapsed time = 101.42 sec. (51895.22 ticks, tree = 46.81 MB, solutions = 11)
  93911 40815        0.0646    17        0.0647        0.0646   966599    0.17%            x228 D  92570  92566     40
  95936 41497        0.0646    16        0.0647        0.0646   982697    0.17%           x1042 D  93903  93895     54
  97685 42092        0.0646    16        0.0647        0.0646   994448    0.17%            x240 D  96286  96282     45
  99389 42607        0.0646    12        0.0647        0.0646  1009325    0.17%            x234 D 100732 100728     56
 101254 43004        0.0646    17        0.0647        0.0646  1031543    0.17%            x304 U  99671  99611     45
 103326 43542        cutoff              0.0647        0.0646  1046656    0.17%            x228 U 104700  85032     35
 105402 43979        cutoff              0.0647        0.0646  1061806    0.17%            x588 U 106820 106812     48
 107184 44452        0.0646    18        0.0647        0.0646  1073454    0.17%            x240 D 105866 105862     46
 108981 44987        0.0646    17        0.0647        0.0646  1092001    0.17%            x304 U 110441 110433     50
 110390 45238        0.0646    16        0.0647        0.0646  1105921    0.17%            x304 D 112120 112116     52
Elapsed time = 123.97 sec. (61438.29 ticks, tree = 51.83 MB, solutions = 11)
 112295 45511        0.0646    19        0.0647        0.0646  1121129    0.17%            x240 D 114016 114012     51
 114188 46064        cutoff              0.0647        0.0646  1134583    0.17%            x588 U 113118 113114     26
 116025 46690        0.0646    17        0.0647        0.0646  1148766    0.17%            x322 U 114171 113947     55
 117929 47226        0.0646    19        0.0647        0.0646  1162743    0.17%            x240 D 119205 119201     54
 119787 47690        0.0646    19        0.0647        0.0646  1178787    0.17%            x240 D 121065 121061     27
 122256 48687        cutoff              0.0647        0.0646  1198542    0.17%            x588 U 121446 121442     59
 123991 49389        0.0646    15        0.0647        0.0646  1212479    0.17%            x353 D 123234 123230     34
 126087 50062        0.0646    16        0.0647        0.0646  1225813    0.17%            x592 D 127680 127676     29
 128036 50790        0.0646    14        0.0647        0.0646  1239621    0.17%            x222 D 129624 129620     29
 129948 51349        cutoff              0.0647        0.0646  1255751    0.17%            x588 U 131584 131580     32
Elapsed time = 148.67 sec. (70980.08 ticks, tree = 58.35 MB, solutions = 11)
 132098 52045        cutoff              0.0647        0.0646  1272866    0.17%            x234 U 130091  83212     46
 134102 52611        0.0646    16        0.0647        0.0646  1284842    0.17%           x1067 U 135912 129552     26
 136168 53319        0.0646    13        0.0647        0.0646  1301245    0.17%           x1199 D 137429 137425     32
 138051 54319        cutoff              0.0647        0.0646  1323481    0.17%            x240 U 137342 137330     26
 140142 54983        0.0646    18        0.0647        0.0646  1337274    0.17%           x1067 U 139302 131021     24
 142186 55646        0.0646    20        0.0647        0.0646  1351258    0.17%            x222 D 139835 139831     26
 144096 56533        0.0646    15        0.0647        0.0646  1369448    0.17%            x328 D 145221 145217     33
 146060 57136        0.0646    16        0.0647        0.0646  1382105    0.17%            x340 D 145006 145002     28
 147617 57555        cutoff              0.0647        0.0646  1394102    0.17%            x588 U 148449 148445     39
 149868 58505        0.0646    17        0.0647        0.0646  1412458    0.17%            x228 D 150653 150649     30
Elapsed time = 172.23 sec. (80523.35 ticks, tree = 66.00 MB, solutions = 11)
 151925 59179        0.0646    12        0.0647        0.0646  1425360    0.17%            x390 U 151654 151650     18
 154237 60471        0.0646    17        0.0647        0.0646  1441296    0.17%           x1180 D 156368 156364     27
 156511 61639        0.0646    13        0.0647        0.0646  1459300    0.17%            x222 D 158524 158520     46
 158731 62821        0.0646    19        0.0647        0.0646  1476202    0.17%           x1030 D 161036 161032     41
 160979 63162        0.0646    13        0.0647        0.0646  1484013    0.17%            x216 D 160202 160198     28
 163053 64716        0.0646    15        0.0647        0.0646  1504683    0.17%            x935 U 160407 160403     46
 165129 65577        0.0646    20        0.0647        0.0646  1518042    0.17%            x222 D 167460 167456     31
 167301 66404        0.0646    17        0.0647        0.0646  1534779    0.17%            x228 D 168081 168077     35
 169196 67047        0.0646    17        0.0647        0.0646  1549389    0.17%           x1144 U 168130 120398     27
 178045 71007        0.0646    13        0.0647        0.0646  1607958    0.17%            x228 D 176650 176646     28
Elapsed time = 203.17 sec. (92923.09 ticks, tree = 82.29 MB, solutions = 11)
 186423 74303        0.0646    11        0.0647        0.0646  1668866    0.16%           x1181 D 188636 188632     40
 195153 78260        0.0646    17        0.0647        0.0646  1731855    0.16%            x240 D 193131 193127     34
 204012 83077        0.0646    15        0.0647        0.0646  1790299    0.16%            x358 D 206813 206809     39
 213239 87224        0.0646    19        0.0647        0.0646  1850132    0.16%           x1173 U 216065 168611     27
 221660 90737        cutoff              0.0647        0.0646  1908921    0.16%            x222 U 222804 140642     26
 231085 96145        0.0646    20        0.0647        0.0646  1968821    0.16%            x240 D 229595 229591     25
 239406 99824        0.0646    16        0.0647        0.0646  2034101    0.16%            x216 D 236910 161274     30
 248039 103474        0.0646    21        0.0647        0.0646  2089833    0.16%           x1013 D 248768 248764     25
 256553 108840        0.0646    18        0.0647        0.0646  2137733    0.16%            x240 D 254262 254254     38
 262543 112342        0.0646    17        0.0647        0.0646  2175607    0.16%            x935 U 263880 263876     24
Elapsed time = 299.45 sec. (131075.30 ticks, tree = 126.81 MB, solutions = 11)
 269485 114928        0.0646    17        0.0647        0.0646  2225930    0.16%            x514 D 270661 270657     32
 278426 119308        0.0646    13        0.0647        0.0646  2287841    0.16%            x347 D 276246 276242     46
 287965 123937        0.0646    14        0.0647        0.0646  2349456    0.16%            x228 D 289081 289077     33
 296520 127560        cutoff              0.0647        0.0646  2415649    0.16%            x588 U 298108 298104     38
 305202 131465        0.0646    18        0.0647        0.0646  2474110    0.16%           x1073 U 301582 196506     31
 313944 136309        0.0646    16        0.0647        0.0646  2531012    0.16%            x334 U 315993 276098     33
 321111 140096        cutoff              0.0647        0.0646  2571055    0.16%            x588 U 322488 322484     28
 327530 143512        0.0646    14        0.0647        0.0646  2626518    0.16%            x222 D 329433 329429     43
 333938 146610        0.0646    16        0.0647        0.0646  2663932    0.16%           x1192 D 335276 335272     32
 340329 149879        0.0646    13        0.0647        0.0646  2710450    0.16%            x234 D 342321 342317     56
Elapsed time = 389.56 sec. (169225.39 ticks, tree = 170.19 MB, solutions = 11)
 346714 152914        cutoff              0.0647        0.0646  2750935    0.16%            x588 U 346823 346819     40
 355322 155877        0.0646    16        0.0647        0.0646  2810141    0.16%           x1168 U 351898 302715     29
 365036 161360        0.0646    15        0.0647        0.0646  2870972    0.16%            x341 D 361466 361462     52
 371242 165094        0.0646    19        0.0647        0.0646  2914691    0.16%            x240 D 373977 373973     36
 379340 168272        0.0646    20        0.0647        0.0646  2978329    0.16%            x240 D 378691 378687     32
 387856 172071        0.0646    15        0.0647        0.0646  3038084    0.16%            x353 D 390613 390609     36
 396227 177073        0.0646    13        0.0647        0.0646  3094103    0.16%            x234 D 397520 397516     44
 403221 180283        cutoff              0.0647        0.0646  3143284    0.16%            x588 U 402983 402979     44
 411706 183309        0.0646    19        0.0647        0.0646  3196537    0.16%            x573 U 414369 414337     34
 420949 187621        0.0646    13        0.0647        0.0646  3255193    0.16%            x234 D 423361 423357     37
Elapsed time = 482.88 sec. (207379.10 ticks, tree = 212.51 MB, solutions = 11)
 429450 191828        0.0646    13        0.0647        0.0646  3314569    0.16%            x228 D 425750 425746     39
 437943 196037        cutoff              0.0647        0.0646  3375742    0.16%            x588 U 437655 437651     41
 446085 200212        0.0646    13        0.0647        0.0646  3433938    0.16%            x935 U 448148 448144     42
 453004 204056        0.0646    13        0.0647        0.0646  3474734    0.16%           x1193 D 448486 448482     50
 459131 207251        0.0646    13        0.0647        0.0646  3515111    0.16%            x935 U 455010 455006     45
 465559 210709        0.0646    21        0.0647        0.0646  3566908    0.16%            x234 D 465849 465845     32
 467497 211616        0.0646    19        0.0647        0.0646  3584642    0.16%            x228 D 468803 468799     33
 468597 211850        0.0646    13        0.0647        0.0646  3589869    0.16%            x222 D 469201 469197     35
 469397 212370        0.0646    13        0.0647        0.0646  3598484    0.16%            x228 D 472400 472396     37
 470597 213008        0.0646    13        0.0647        0.0646  3607463    0.16%            x228 D 474800 474796     39
Elapsed time = 559.97 sec. (247075.26 ticks, tree = 241.88 MB, solutions = 11)
 472734 214202        0.0646    13        0.0647        0.0646  3621192    0.16%           x1199 D 473013 473009     50
 475248 214979        cutoff              0.0647        0.0646  3634592    0.16%            x222 U 475545 188044     33
 481487 217461        0.0646    21        0.0647        0.0646  3678079    0.16%            x240 D 481645 481641     39
 490229 221478        0.0646    14        0.0647        0.0646  3738440    0.16%            x340 U 483698 334230     37
 499073 225552        0.0646    17        0.0647        0.0646  3789644    0.16%            x579 U 492478 492470     31

Cover cuts applied:  3
Gomory fractional cuts applied:  2
User cuts applied:  4

Root node processing (before b&c):
  Real time             =    0.78 sec. (1057.70 ticks)
Parallel b&c, 4 threads:
  Real time             =  599.25 sec. (265465.39 ticks)
  Sync time (average)   =   35.32 sec.
  Wait time (average)   =    0.00 sec.
                          ------------
Total (root+branch&cut) =  600.03 sec. (266523.09 ticks)
