Version identifier: 22.2.0.0 | 2026-05-04 | 5dff98e58
CPXPARAM_Read_DataCheck                          1
CPXPARAM_Threads                                 4
CPXPARAM_Parallel                                1
CPXPARAM_RandomSeed                              20260925
CPXPARAM_Simplex_Tolerances_Optimality           1.0000000000000001e-09
CPXPARAM_Simplex_Tolerances_Feasibility          1.0000000000000001e-09
CPXPARAM_TimeLimit                               600
CPXPARAM_MIP_Tolerances_AbsMIPGap                1.0000000000000001e-09
CPXPARAM_MIP_Tolerances_Integrality              1.0000000000000001e-09
Legacy callback                                  i
1 of 1 MIP starts provided solutions.
MIP start 'm1' defined initial solution with objective 0.1505.
Tried aggregator 1 time.
MIP Presolve eliminated 37 rows and 2 columns.
MIP Presolve modified 522 coefficients.
Reduced MIP has 659 rows, 708 columns, and 5670 nonzeros.
Reduced MIP has 174 binaries, 0 generals, 0 SOSs, and 0 indicators.
Presolve time = 0.00 sec. (2.26 ticks)
Probing time = 0.02 sec. (0.17 ticks)
Tried aggregator 1 time.
Detecting symmetries...
Reduced MIP has 659 rows, 708 columns, and 5670 nonzeros.
Reduced MIP has 174 binaries, 0 generals, 0 SOSs, and 0 indicators.
Presolve time = 0.00 sec. (2.23 ticks)
Probing time = 0.00 sec. (0.17 ticks)
MIP emphasis: balance optimality and feasibility.
MIP search method: dynamic search.
Parallel mode: deterministic, using up to 4 threads.
Root relaxation solution time = 0.00 sec. (5.37 ticks)

        Nodes                                         Cuts/
   Node  Left     Objective  IInf  Best Integer    Best Bound    ItCnt     Gap

*     0+    0                            0.1505        0.0000           100.00%
      0     0        0.1297    17        0.1505        0.1297      284   13.79%
      0     0        0.1297    34        0.1505      Cuts: 38      441   13.77%
      0     0        0.1300    36        0.1505      Cuts: 36      595   13.62%
      0     0        0.1303    35        0.1505      Cuts: 41      786   13.43%
      0     0        0.1303    53        0.1505   MIRcuts: 37      913   13.42%
*     0+    0                            0.1500        0.1303            13.14%
      0     0        0.1304    51        0.1500   MIRcuts: 30     1120   13.08%
Detecting symmetries...
      0     0        0.1309    51        0.1500   MIRcuts: 14     1246   12.73%
      0     0        0.1309    51        0.1500   MIRcuts: 22     1312   12.73%
Detecting symmetries...
      0     2        0.1309    44        0.1500        0.1309     1312   12.73%
Elapsed time = 0.23 sec. (206.26 ticks, tree = 0.02 MB, solutions = 2)
*    14+    2                            0.1498        0.1311            12.44%
    250   168        0.1351    25        0.1498        0.1317    19460   12.07%
    647   440        0.1454    25        0.1498        0.1338    35606   10.68%
   1122   843        0.1396    32        0.1498        0.1343    57416   10.31%

Performing restart 1

Repeating presolve.
Tried aggregator 1 time.
MIP Presolve modified 168 coefficients.
Reduced MIP has 659 rows, 708 columns, and 5622 nonzeros.
Reduced MIP has 174 binaries, 0 generals, 0 SOSs, and 0 indicators.
Presolve time = 0.00 sec. (2.52 ticks)
Tried aggregator 1 time.
Reduced MIP has 659 rows, 708 columns, and 5622 nonzeros.
Reduced MIP has 174 binaries, 0 generals, 0 SOSs, and 0 indicators.
Presolve time = 0.00 sec. (2.24 ticks)
Represolve time = 0.02 sec. (7.69 ticks)
   1301     0        0.1309    50        0.1498      Cuts: 17    67541   10.13%
   1301     0        0.1315    44        0.1498      Cuts: 21    67735   10.13%
   1301     0        0.1316    43        0.1498      Cuts: 25    67900   10.13%
   1301     0        0.1318    44        0.1498      Cuts: 11    68054   10.13%
   1301     0        0.1318    43        0.1498      Cuts: 16    68185   10.13%
   1301     2        0.1318    38        0.1498        0.1346    68185   10.13%
   1386    61        0.1451    28        0.1498        0.1346    73911   10.13%
   1768   275        0.1402    24        0.1498        0.1346    88510   10.13%
   2160   612        0.1392    25        0.1498        0.1346   105312   10.13%
   2479   887        0.1382    39        0.1498        0.1348   120490   10.02%
   2860  1161        0.1367    32        0.1498        0.1350   138691    9.88%
   4194  2136        0.1393    28        0.1498        0.1356   205393    9.43%
Elapsed time = 4.47 sec. (4349.79 ticks, tree = 9.28 MB, solutions = 3)
   5507  3086        cutoff              0.1498        0.1361   272715    9.15%
   6764  3955        0.1389    34        0.1498        0.1363   341490    8.98%
   8205  5085        0.1435    21        0.1498        0.1365   420966    8.84%
   9635  6132        0.1480    17        0.1498        0.1367   493442    8.71%
  11202  7255        cutoff              0.1498        0.1370   570870    8.54%
  12665  8344        0.1444    45        0.1498        0.1372   652118    8.41%
  14135  9233        0.1424    42        0.1498        0.1373   721769    8.29%
  15637 10320        0.1383    42        0.1498        0.1375   797438    8.18%
  17190 11463        0.1391    34        0.1498        0.1377   881335    8.07%
  18621 12498        0.1457    43        0.1498        0.1378   958492    7.96%
Elapsed time = 13.05 sec. (13892.82 ticks, tree = 56.15 MB, solutions = 3)
  20255 13497        cutoff              0.1498        0.1380  1028931    7.88%
  21769 14596        0.1432    28        0.1498        0.1381  1113265    7.81%
  23481 15568        0.1449    31        0.1498        0.1382  1182424    7.75%
  24986 16896        0.1443    36        0.1498        0.1382  1280525    7.70%
  25970 17622        0.1481    33        0.1498        0.1383  1335113    7.67%
  26795 18294        0.1429    28        0.1498        0.1383  1383293    7.67%
  27507 18854        0.1471    23        0.1498        0.1383  1428620    7.67%
  28342 19353        0.1424    38        0.1498        0.1383  1467354    7.67%
  29381 19884        0.1442    32        0.1498        0.1383  1504841    7.67%
  30508 20835        0.1391    27        0.1498        0.1383  1577417    7.67%
Elapsed time = 21.75 sec. (23437.53 ticks, tree = 94.18 MB, solutions = 3)
  31390 21215        0.1427    43        0.1498        0.1383  1612433    7.67%
  32118 21735        0.1443    40        0.1498        0.1383  1666355    7.67%
  32738 22142        0.1457    30        0.1498        0.1387  1724670    7.39%
  33453 22434        cutoff              0.1498        0.1388  1775761    7.35%
  34260 22790        cutoff              0.1498        0.1388  1829855    7.33%
  34969 23204        0.1428    39        0.1498        0.1388  1908581    7.30%
  35799 23772        0.1481    45        0.1498        0.1389  1990499    7.25%
  36475 24166        cutoff              0.1498        0.1390  2070254    7.22%
  37224 24535        0.1419    47        0.1498        0.1390  2139040    7.18%
  38100 24991        0.1446    52        0.1498        0.1391  2201642    7.15%
Elapsed time = 30.55 sec. (32989.73 ticks, tree = 110.88 MB, solutions = 3)
  38778 25356        cutoff              0.1498        0.1391  2272656    7.12%
  39568 25726        0.1495    31        0.1498        0.1392  2336046    7.08%
  40360 26094        0.1455    53        0.1498        0.1392  2398628    7.05%
  41141 26563        cutoff              0.1498        0.1393  2481579    7.01%
  41873 26838        0.1448    39        0.1498        0.1393  2525198    6.99%
  42677 27130        0.1459    50        0.1498        0.1393  2580133    6.96%
  43503 27600        0.1449    48        0.1498        0.1394  2665922    6.92%
  44220 28041        0.1484    44        0.1498        0.1394  2746245    6.89%
  45026 28479        0.1461    57        0.1498        0.1395  2823397    6.85%
  45890 28863        0.1475    43        0.1498        0.1396  2881596    6.81%
Elapsed time = 38.33 sec. (42540.45 ticks, tree = 125.34 MB, solutions = 3)
  46682 29203        cutoff              0.1498        0.1396  2939573    6.79%
  47526 29724        cutoff              0.1498        0.1396  3012962    6.76%
  48173 30063        0.1456    53        0.1498        0.1397  3088203    6.72%
  48865 30369        0.1477    49        0.1498        0.1397  3143223    6.71%

Performing restart 2

Repeating presolve.
Tried aggregator 1 time.
Reduced MIP has 659 rows, 708 columns, and 5622 nonzeros.
Reduced MIP has 174 binaries, 0 generals, 0 SOSs, and 0 indicators.
Presolve time = 0.00 sec. (1.60 ticks)
Tried aggregator 1 time.
Reduced MIP has 659 rows, 708 columns, and 5622 nonzeros.
Reduced MIP has 174 binaries, 0 generals, 0 SOSs, and 0 indicators.
Presolve time = 0.00 sec. (2.24 ticks)
Represolve time = 0.02 sec. (10.46 ticks)
  48892     0        0.1320    57        0.1498      Cuts: 16  3182590    6.69%
  48892     0        0.1322    61        0.1498      Cuts: 19  3182656    6.69%
  48892     0        0.1323    67        0.1498      Cuts: 17  3182745    6.69%
  48892     0        0.1328    64        0.1498      Cuts: 16  3182853    6.69%
  48892     0        0.1329    61        0.1498      Cuts: 11  3182915    6.69%
  48892     0        0.1331    73        0.1498      Cuts: 17  3182991    6.69%
  48892     0        0.1332    66        0.1498       Cuts: 9  3183080    6.69%
  48892     0        0.1335    71        0.1498      Cuts: 11  3183145    6.69%
  48892     2        0.1335    71        0.1498        0.1397  3183145    6.69%
  48988    65        0.1368    59        0.1498        0.1397  3190430    6.69%
  49613   406        0.1457    38        0.1498        0.1397  3225749    6.69%
  50788  1306        0.1425    40        0.1498        0.1397  3303395    6.69%
  52182  2379        0.1445    41        0.1498        0.1397  3386253    6.69%
  53548  3385        0.1451    37        0.1498        0.1397  3459770    6.69%
Elapsed time = 47.06 sec. (53153.51 ticks, tree = 1.62 MB, solutions = 3)
  54986  4449        0.1453    38        0.1498        0.1397  3537282    6.69%
  56432  5576        0.1460    47        0.1498        0.1397  3623576    6.69%
  58063  6770        0.1424    46        0.1498        0.1397  3703097    6.69%
  59528  7761        0.1457    43        0.1498        0.1397  3775681    6.69%
  61122  9157        0.1435    41        0.1498        0.1397  3875981    6.69%
  62719 10025        0.1438    32        0.1498        0.1397  3940286    6.69%
  64308 11197    infeasible              0.1498        0.1397  4022561    6.69%
  65966 12554        0.1424    24        0.1498        0.1399  4120792    6.60%
  67524 13581        0.1483    36        0.1498        0.1400  4204551    6.51%
  69126 14561        0.1483    33        0.1498        0.1402  4282220    6.41%
Elapsed time = 54.92 sec. (62696.90 ticks, tree = 6.52 MB, solutions = 3)
  69882 15232        0.1426    42        0.1498        0.1403  4344660    6.33%
  70593 15721        0.1445    51        0.1498        0.1404  4432352    6.26%
  71238 15907        cutoff              0.1498        0.1405  4486969    6.21%
  71872 16351        0.1454    48        0.1498        0.1405  4581722    6.15%
  72458 16555        0.1467    37        0.1498        0.1406  4650817    6.11%
  73121 16831        0.1449    44        0.1498        0.1407  4715714    6.04%
  73841 17257        0.1489    40        0.1498        0.1408  4806528    5.98%
  74486 17610        cutoff              0.1498        0.1409  4885840    5.92%
  75113 17915        cutoff              0.1498        0.1410  4967505    5.88%
  75750 18083        cutoff              0.1498        0.1410  5032708    5.85%
Elapsed time = 62.52 sec. (72247.21 ticks, tree = 8.77 MB, solutions = 3)
  76307 18317        0.1466    34        0.1498        0.1411  5105204    5.79%
  76939 18654        0.1487    25        0.1498        0.1412  5205991    5.75%
  77633 18843        0.1461    42        0.1498        0.1412  5253340    5.72%
  78346 19201        0.1447    16        0.1498        0.1413  5330178    5.68%
  79087 19611        0.1490    49        0.1498        0.1413  5425658    5.64%
  79756 19866        cutoff              0.1498        0.1414  5481007    5.59%
  80411 20141        cutoff              0.1498        0.1415  5571235    5.54%
  81055 20334        0.1493    50        0.1498        0.1415  5631648    5.50%
  81698 20713        cutoff              0.1498        0.1416  5742112    5.45%
  82327 20897        0.1470    51        0.1498        0.1417  5810620    5.39%
Elapsed time = 70.27 sec. (81797.88 ticks, tree = 10.12 MB, solutions = 3)
  82989 21115        cutoff              0.1498        0.1417  5876666    5.36%
  83569 21293        0.1459    47        0.1498        0.1418  5947314    5.31%
  84208 21550        0.1495    54        0.1498        0.1419  6033367    5.26%
  84778 21678        0.1485    18        0.1498        0.1419  6097144    5.22%
  85403 21836        0.1488    46        0.1498        0.1420  6200332    5.16%
  86029 22096        0.1471    58        0.1498        0.1421  6281727    5.13%
  86756 22304        cutoff              0.1498        0.1422  6340684    5.06%
  87285 22518        0.1466    45        0.1498        0.1422  6439919    5.02%
  87904 22620        0.1470    57        0.1498        0.1423  6520438    4.97%
  90287 23244        0.1462    32        0.1498        0.1426  6837769    4.79%
Elapsed time = 80.36 sec. (94215.96 ticks, tree = 11.30 MB, solutions = 3)
  92813 23877        cutoff              0.1498        0.1429  7156665    4.57%
  95298 24298        0.1449    37        0.1498        0.1432  7470312    4.41%
  97654 24391        0.1485    26        0.1498        0.1435  7788434    4.21%
 100236 24146        cutoff              0.1498        0.1438  8098787    3.98%
 102840 23943        cutoff              0.1498        0.1441  8459803    3.75%
 105903 23658        cutoff              0.1498        0.1445  8793020    3.51%
 109076 23604        0.1471    46        0.1498        0.1449  9074166    3.27%
 112584 23641        cutoff              0.1498        0.1452  9399415    3.02%
 116258 23706        0.1474    55        0.1498        0.1456  9743586    2.79%
 120152 23566        0.1484    31        0.1498        0.1459 10084145    2.58%
Elapsed time = 110.94 sec. (132379.18 ticks, tree = 12.39 MB, solutions = 3)
 124033 23107        0.1481    22        0.1498        0.1462 10401141    2.38%
 128207 22714        cutoff              0.1498        0.1465 10713186    2.19%
 132430 21630        0.1475    46        0.1498        0.1468 11064482    1.99%
 136946 20199        0.1489    18        0.1498        0.1471 11407863    1.79%
 142098 18436        cutoff              0.1498        0.1474 11727440    1.56%
 147829 15397        cutoff              0.1498        0.1479 12063566    1.25%
 155414  9781        cutoff              0.1498        0.1486 12383820    0.78%

Cover cuts applied:  78
Flow cuts applied:  2
Mixed integer rounding cuts applied:  149
Lift and project cuts applied:  2
Gomory fractional cuts applied:  3

Root node processing (before b&c):
  Real time             =    0.23 sec. (205.85 ticks)
Parallel b&c, 4 threads:
  Real time             =  135.19 sec. (162057.58 ticks)
  Sync time (average)   =    5.11 sec.
  Wait time (average)   =    0.00 sec.
                          ------------
Total (root+branch&cut) =  135.42 sec. (162263.43 ticks)
