Version identifier: 22.2.0.0 | 2026-05-04 | 5dff98e58
CPXPARAM_Read_DataCheck                          1
CPXPARAM_Threads                                 4
CPXPARAM_Parallel                                1
CPXPARAM_RandomSeed                              20260925
CPXPARAM_Simplex_Tolerances_Optimality           1.0000000000000001e-09
CPXPARAM_Simplex_Tolerances_Feasibility          1.0000000000000001e-09
CPXPARAM_TimeLimit                               600
CPXPARAM_MIP_Tolerances_AbsMIPGap                1.0000000000000001e-09
CPXPARAM_MIP_Tolerances_Integrality              1.0000000000000001e-09
Legacy callback                                  i
Found incumbent of value 0.000000 after 0.00 sec. (0.02 ticks)
Tried aggregator 1 time.
MIP Presolve eliminated 37 rows and 1 columns.
MIP Presolve modified 522 coefficients.
Reduced MIP has 659 rows, 709 columns, and 5673 nonzeros.
Reduced MIP has 174 binaries, 0 generals, 0 SOSs, and 0 indicators.
Presolve time = 0.00 sec. (2.26 ticks)
Probing time = 0.00 sec. (0.17 ticks)
Tried aggregator 1 time.
Detecting symmetries...
Reduced MIP has 659 rows, 709 columns, and 5673 nonzeros.
Reduced MIP has 174 binaries, 0 generals, 0 SOSs, and 0 indicators.
Presolve time = 0.00 sec. (2.25 ticks)
Probing time = 0.00 sec. (0.17 ticks)
MIP emphasis: balance optimality and feasibility.
MIP search method: dynamic search.
Parallel mode: deterministic, using up to 4 threads.
Root relaxation solution time = 0.02 sec. (7.15 ticks)

        Nodes                                         Cuts/
   Node  Left     Objective  IInf  Best Integer    Best Bound    ItCnt     Gap

*     0+    0                            0.0000       -1.0000              --- 
*     0+    0                           -0.0643       -1.0000              --- 
      0     0       -0.3048    38       -0.0643       -0.3048      393  374.07%
*     0+    0                           -0.1190       -0.3048           156.00%
      0     0       -0.3014    33       -0.1190      Cuts: 23      804  153.19%
*     0+    0                           -0.1929       -0.3014            56.29%
      0     0       -0.3012    44       -0.1929      Cuts: 46     1192   56.16%
      0     0       -0.3007    62       -0.1929      Cuts: 21     1595   55.94%
      0     0       -0.2989    69       -0.1929      Cuts: 22     1868   55.00%
*     0+    0                           -0.2214       -0.2989            35.00%
      0     0       -0.2961    74       -0.2214   MIRcuts: 33     2095   33.71%
Detecting symmetries...
      0     0       -0.2935    74       -0.2214   MIRcuts: 23     2301   32.53%
      0     0       -0.2926    76       -0.2214   MIRcuts: 15     2434   32.12%
      0     0       -0.2920    73       -0.2214    MIRcuts: 9     2546   31.89%
*     0+    0                           -0.2238       -0.2920            30.48%
      0     0       -0.2914    77       -0.2238   MIRcuts: 14     2679   30.22%
      0     0       -0.2911    75       -0.2238   MIRcuts: 10     2769   30.06%
      0     0       -0.2901    74       -0.2238   MIRcuts: 10     2913   29.62%
      0     0       -0.2895    80       -0.2238    MIRcuts: 8     3024   29.34%
*     0+    0                           -0.2262       -0.2895            27.98%
      0     0       -0.2886    81       -0.2262    MIRcuts: 9     3169   27.58%
      0     0       -0.2882    80       -0.2262   MIRcuts: 12     3268   27.41%
      0     0       -0.2869    78       -0.2262   MIRcuts: 13     3456   26.83%
      0     0       -0.2864    79       -0.2262   MIRcuts: 12     3597   26.60%
*     0+    0                           -0.2429       -0.2864            17.92%
      0     0       -0.2860    90       -0.2429    MIRcuts: 6     3713   17.75%
*     0+    0                           -0.2452       -0.2860            16.61%
      0     0  -1.00000e+75     0       -0.2452       -0.2860     3713   16.61%
      0     0       -0.2858    89       -0.2452    MIRcuts: 5     3777   16.55%
      0     0       -0.2853    96       -0.2452   MIRcuts: 10     3903   16.35%
      0     0       -0.2853    96       -0.2452    MIRcuts: 2     3942   16.33%
*     0+    0                           -0.2500       -0.2853            14.11%
      0     0       -0.2851    93       -0.2500    MIRcuts: 5     4023   13.92%
      0     0       -0.2847    95       -0.2500    MIRcuts: 3     4124   13.88%
      0     0       -0.2847    96       -0.2500    MIRcuts: 1     4136   13.88%
Detecting symmetries...
      0     2       -0.2847    94       -0.2500       -0.2840     4136   13.59%
Elapsed time = 1.33 sec. (1181.78 ticks, tree = 0.02 MB, solutions = 10)
     49    49       -0.2595    49       -0.2500       -0.2840    11174   13.59%
    147   117       -0.2619    26       -0.2500       -0.2840    22323   13.59%
    241   179       -0.2696    49       -0.2500       -0.2837    30205   13.48%
    332   251       -0.2660    53       -0.2500       -0.2837    41146   13.48%
*   398   309      integral     0       -0.2524       -0.2837    47440   12.41%
    542   370       -0.2577    71       -0.2524       -0.2822    57108   11.80%
    691   482       -0.2807    80       -0.2524       -0.2817    69341   11.62%
*   725+  522                           -0.2548       -0.2816            10.54%
    818   600       -0.2647    39       -0.2548       -0.2816    87778   10.53%
    916   670       -0.2569    29       -0.2548       -0.2807    99078   10.19%
   1510  1134       -0.2643    40       -0.2548       -0.2799   157306    9.88%
Elapsed time = 4.34 sec. (4185.07 ticks, tree = 5.39 MB, solutions = 12)
   2195  1671       -0.2611    43       -0.2548       -0.2792   211714    9.58%

Performing restart 1

Repeating presolve.
Tried aggregator 1 time.
MIP Presolve modified 168 coefficients.
Reduced MIP has 659 rows, 709 columns, and 5625 nonzeros.
Reduced MIP has 174 binaries, 0 generals, 0 SOSs, and 0 indicators.
Presolve time = 0.02 sec. (2.52 ticks)
Tried aggregator 1 time.
Reduced MIP has 659 rows, 709 columns, and 5625 nonzeros.
Reduced MIP has 174 binaries, 0 generals, 0 SOSs, and 0 indicators.
Presolve time = 0.00 sec. (2.26 ticks)
Represolve time = 0.02 sec. (14.78 ticks)
   2436     0       -0.2838    82       -0.2548      Cuts: 19   249796    9.38%
   2436     0       -0.2827    85       -0.2548      Cuts: 23   249999    9.38%
   2436     0       -0.2821    86       -0.2548      Cuts: 11   250174    9.38%
   2436     0       -0.2816    86       -0.2548      Cuts: 13   250298    9.38%
   2436     0       -0.2812    85       -0.2548       Cuts: 9   250430    9.38%
   2436     0       -0.2810    87       -0.2548       Cuts: 5   250525    9.38%
   2436     0       -0.2807    81       -0.2548       Cuts: 7   250653    9.38%
   2436     0       -0.2797    81       -0.2548      Cuts: 13   250843    9.38%
   2436     0       -0.2795    80       -0.2548       Cuts: 8   250951    9.38%
   2436     0       -0.2793    79       -0.2548      Cuts: 13   251059    9.38%
   2436     0       -0.2790    82       -0.2548    MIRcuts: 9   251152    9.38%
   2436     0       -0.2790    84       -0.2548    MIRcuts: 1   251167    9.38%
   2436     2       -0.2790    84       -0.2548       -0.2787   251167    9.38%
   2661   144       -0.2553    25       -0.2548       -0.2774   274138    8.88%
   3126   517       -0.2555    34       -0.2548       -0.2758   316254    8.26%
   3623   954       -0.2691    69       -0.2548       -0.2740   359984    7.54%
   4213  1346       -0.2737    74       -0.2548       -0.2738   397065    7.47%
   4829  1908       -0.2674    48       -0.2548       -0.2733   450663    7.26%
   5449  2469       -0.2645    62       -0.2548       -0.2729   500961    7.11%
*  5490+ 2392                           -0.2571       -0.2728             6.11%
   6084  2515       -0.2605    41       -0.2571       -0.2725   550063    5.97%
   6644  2986       -0.2603    58       -0.2571       -0.2720   596988    5.78%
Elapsed time = 14.62 sec. (15431.97 ticks, tree = 13.59 MB, solutions = 13)
   7251  3452       -0.2573    41       -0.2571       -0.2717   644852    5.66%
   7812  3818       -0.2657    61       -0.2571       -0.2713   691676    5.51%
   8309  4269       -0.2655    56       -0.2571       -0.2711   744968    5.42%
   8889  4701       -0.2668    43       -0.2571       -0.2708   793871    5.30%
*  8912  4635      integral     0       -0.2595       -0.2708   786051    4.33%
   9418  4102       -0.2619    33       -0.2595       -0.2705   841231    4.24%
   9903  4369       -0.2633    62       -0.2595       -0.2704   883148    4.17%
  10426  4710       -0.2627    62       -0.2595       -0.2701   926930    4.09%
  11019  5138        cutoff             -0.2595       -0.2700   980342    4.02%
  11608  5637       -0.2669    64       -0.2595       -0.2697  1046987    3.94%
Elapsed time = 22.34 sec. (24055.47 ticks, tree = 23.74 MB, solutions = 14)
  12191  5982       -0.2599    46       -0.2595       -0.2695  1091508    3.84%
  12714  6332       -0.2624    51       -0.2595       -0.2693  1135740    3.78%
  13147  6601        cutoff             -0.2595       -0.2691  1187918    3.70%
  13712  6902       -0.2629    62       -0.2595       -0.2690  1235986    3.67%
  14241  7261       -0.2628    52       -0.2595       -0.2689  1286880    3.62%
  14711  7471       -0.2616    54       -0.2595       -0.2688  1324498    3.56%
  15242  7812       -0.2645    35       -0.2595       -0.2686  1379686    3.51%
  15711  8055       -0.2671    55       -0.2595       -0.2685  1424766    3.45%
  16195  8429        cutoff             -0.2595       -0.2684  1494573    3.40%
  16627  8621       -0.2613    32       -0.2595       -0.2682  1535984    3.34%
Elapsed time = 30.56 sec. (33610.21 ticks, tree = 36.79 MB, solutions = 14)
  17159  8879       -0.2641    47       -0.2595       -0.2681  1598917    3.29%
  17700  9010       -0.2616    68       -0.2595       -0.2680  1625054    3.25%
  18208  9354       -0.2630    69       -0.2595       -0.2678  1696634    3.20%
  18737  9579       -0.2611    61       -0.2595       -0.2677  1753983    3.15%
  19271  9691       -0.2635    68       -0.2595       -0.2676  1779282    3.12%
  19866 10159       -0.2620    34       -0.2595       -0.2675  1857987    3.07%
  20400 10378       -0.2650    57       -0.2595       -0.2674  1897915    3.03%
  20901 10756       -0.2607    65       -0.2595       -0.2672  1968249    2.97%
  21510 10964       -0.2624    56       -0.2595       -0.2671  2013367    2.92%
  22068 11273       -0.2610    61       -0.2595       -0.2670  2072645    2.88%
Elapsed time = 38.97 sec. (43191.85 ticks, tree = 48.20 MB, solutions = 14)
  22519 11350        cutoff             -0.2595       -0.2669  2094794    2.85%
  22869 11604       -0.2644    55       -0.2595       -0.2668  2158429    2.80%
  23346 11816       -0.2598    64       -0.2595       -0.2667  2228035    2.76%
  23867 12007        cutoff             -0.2595       -0.2667  2277669    2.75%
  24441 12228       -0.2624    71       -0.2595       -0.2666  2321937    2.73%
  25020 12611       -0.2611    68       -0.2595       -0.2666  2405957    2.71%
  25521 12786       -0.2608    53       -0.2595       -0.2665  2445015    2.68%
  26054 13091        cutoff             -0.2595       -0.2664  2511036    2.65%
  26490 13184       -0.2621    33       -0.2595       -0.2663  2535540    2.62%
  26792 13418        cutoff             -0.2595       -0.2663  2589487    2.60%
Elapsed time = 47.44 sec. (52739.13 ticks, tree = 55.81 MB, solutions = 14)
  27073 13579       -0.2621    58       -0.2595       -0.2663  2620715    2.60%
  27412 13794       -0.2614    51       -0.2595       -0.2663  2657623    2.60%
  27732 13904       -0.2599    50       -0.2595       -0.2663  2676114    2.60%
  28032 14053       -0.2599    42       -0.2595       -0.2663  2713031    2.60%
  28330 14145       -0.2632    44       -0.2595       -0.2663  2732432    2.60%
  28665 14271       -0.2612    46       -0.2595       -0.2663  2760966    2.60%
  28972 14434       -0.2609    54       -0.2595       -0.2663  2797676    2.60%
  29268 14558       -0.2627    54       -0.2595       -0.2663  2825940    2.60%
  29566 14664       -0.2605    24       -0.2595       -0.2663  2854025    2.60%
  29867 14802       -0.2641    52       -0.2595       -0.2663  2880760    2.60%
Elapsed time = 56.70 sec. (62336.19 ticks, tree = 61.65 MB, solutions = 14)
  30192 14886       -0.2597    51       -0.2595       -0.2663  2900961    2.60%
  30532 15038       -0.2603    48       -0.2595       -0.2663  2928901    2.60%
  30846 15182       -0.2613    31       -0.2595       -0.2663  2958079    2.60%
  31427 15288       -0.2611    40       -0.2595       -0.2657  2986438    2.36%
  31991 15504       -0.2628    55       -0.2595       -0.2656  3051650    2.33%
  32516 15648       -0.2628    68       -0.2595       -0.2655  3095604    2.29%
  33080 15924       -0.2617    69       -0.2595       -0.2654  3167442    2.26%
  33689 16139       -0.2603    49       -0.2595       -0.2653  3223887    2.22%
  34284 16238       -0.2632    48       -0.2595       -0.2652  3258356    2.19%
  34893 16498       -0.2603    56       -0.2595       -0.2652  3337628    2.17%
Elapsed time = 65.55 sec. (71898.61 ticks, tree = 67.12 MB, solutions = 14)
  35468 16633        cutoff             -0.2595       -0.2651  3372013    2.13%
  36010 16852       -0.2629    46       -0.2595       -0.2650  3449535    2.11%
  36595 16983       -0.2612    63       -0.2595       -0.2649  3481030    2.08%
  37252 17127       -0.2623    52       -0.2595       -0.2648  3544189    2.04%
  37869 17255       -0.2634    51       -0.2595       -0.2647  3576760    2.01%
  38503 17532       -0.2601    42       -0.2595       -0.2647  3671772    1.99%
  39119 17744       -0.2604    37       -0.2595       -0.2646  3729865    1.96%
  39680 17816       -0.2625    53       -0.2595       -0.2645  3748772    1.93%
  40264 18002       -0.2642    35       -0.2595       -0.2645  3819599    1.91%
  40874 18115       -0.2632    34       -0.2595       -0.2644  3877395    1.88%
Elapsed time = 73.84 sec. (81449.16 ticks, tree = 73.39 MB, solutions = 14)
  41553 18310       -0.2613    62       -0.2595       -0.2643  3937269    1.85%
  42157 18409       -0.2608    38       -0.2595       -0.2643  4005253    1.83%
  42779 18486        cutoff             -0.2595       -0.2643  4038925    1.83%
  43475 18626        cutoff             -0.2595       -0.2642  4118088    1.80%
  44143 18787       -0.2612    45       -0.2595       -0.2641  4186132    1.77%
  44793 18808       -0.2606    22       -0.2595       -0.2640  4207362    1.74%
  45465 18970       -0.2597    47       -0.2595       -0.2640  4289610    1.72%
  46100 19082       -0.2619    51       -0.2595       -0.2639  4357791    1.68%
  46715 19124       -0.2609    24       -0.2595       -0.2638  4386622    1.65%
  49227 19316       -0.2602    61       -0.2595       -0.2635  4626672    1.54%
Elapsed time = 84.72 sec. (93865.96 ticks, tree = 77.53 MB, solutions = 14)
  51892 19558        cutoff             -0.2595       -0.2633  4870204    1.45%
  54516 19574        cutoff             -0.2595       -0.2631  5107217    1.36%
  57188 19395       -0.2597    26       -0.2595       -0.2628  5305462    1.28%
  59799 19060       -0.2603    38       -0.2595       -0.2626  5522218    1.18%
  62675 18308        cutoff             -0.2595       -0.2623  5783024    1.08%
  64982 17740       -0.2601    39       -0.2595       -0.2621  6009150    0.99%
  67209 17345        cutoff             -0.2595       -0.2619  6242435    0.92%
  70455 15804        cutoff             -0.2595       -0.2617  6489683    0.84%
  74320 13821        cutoff             -0.2595       -0.2613  6697345    0.69%
  78746 10887        cutoff             -0.2595       -0.2609  6889741    0.53%
Elapsed time = 118.27 sec. (132020.55 ticks, tree = 45.14 MB, solutions = 14)
  83637  6979        cutoff             -0.2595       -0.2604  7056266    0.35%
  90812   225        cutoff             -0.2595       -0.2596  7176009    0.02%

Mixed integer rounding cuts applied:  183
Lift and project cuts applied:  29

Root node processing (before b&c):
  Real time             =    1.33 sec. (1180.91 ticks)
Parallel b&c, 4 threads:
  Real time             =  124.36 sec. (138495.19 ticks)
  Sync time (average)   =    4.95 sec.
  Wait time (average)   =    0.00 sec.
                          ------------
Total (root+branch&cut) =  125.69 sec. (139676.10 ticks)
