Version identifier: 22.2.0.0 | 2026-05-04 | 5dff98e58
CPXPARAM_Read_DataCheck                          1
CPXPARAM_Threads                                 4
CPXPARAM_Parallel                                1
CPXPARAM_RandomSeed                              20260925
CPXPARAM_MIP_Strategy_Search                     1
CPXPARAM_Simplex_Tolerances_Optimality           1.0000000000000001e-09
CPXPARAM_Simplex_Tolerances_Feasibility          1.0000000000000001e-09
CPXPARAM_TimeLimit                               600
CPXPARAM_MIP_Tolerances_AbsMIPGap                1.0000000000000001e-09
CPXPARAM_MIP_Tolerances_Integrality              1.0000000000000001e-09
Legacy callback                                  iLUD
Lazy constraint(s) or lazy constraint/branch callback is present.
    Disabling dual reductions (CPX_PARAM_REDUCE) in presolve.
    Disabling presolve reductions that prevent crushing forms (CPX_PARAM_PREREFORM).
         Disabling repeat represolve because of lazy constraint/incumbent callback.
Warning: Effort level 'CheckFeas' is incompatible with lazy constraint/incumbent callback.
         Effort level increased to 'SolveFixed'.
1 of 1 MIP starts provided solutions.
MIP start 'm1' defined initial solution with objective -0.1972.
Tried aggregator 1 time.
MIP Presolve eliminated 3107 rows and 0 columns.
Reduced MIP has 1468 rows, 2432 columns, and 13749 nonzeros.
Reduced MIP has 1200 binaries, 0 generals, 0 SOSs, and 0 indicators.
Presolve time = 0.00 sec. (11.36 ticks)
Probing time = 0.00 sec. (0.24 ticks)
MIP emphasis: balance optimality and feasibility.
MIP search method: traditional branch-and-cut.
Parallel mode: deterministic, using up to 4 threads.
Root relaxation solution time = 0.03 sec. (38.98 ticks)

        Nodes                                         Cuts/
   Node  Left     Objective  IInf  Best Integer    Best Bound    ItCnt     Gap         Variable B NodeID Parent  Depth

*     0+    0                           -0.1972       -0.5065           156.84%
      0     0       -0.2380    42       -0.1972       -0.2380     1271   20.66%
*     0+    0                           -0.2167       -0.2380             9.83%
*     0+    0                           -0.2222       -0.2380             7.08%
*     0+    0                           -0.2333       -0.2380             1.98%
      0     2       -0.2380    22       -0.2333       -0.2380     1271    1.98%                        0             0
Elapsed time = 0.69 sec. (252.64 ticks, tree = 0.02 MB, solutions = 4)
     73    47       -0.2347    20       -0.2333       -0.2361     6336    1.19%            x408 D    104    100     16
    233   117       -0.2343    31       -0.2333       -0.2361    13677    1.19%            x750 D    300    296     32
    517   251       -0.2361    11       -0.2333       -0.2361    20532    1.19%           x1001 D    483    479     31
    785   422       -0.2343    23       -0.2333       -0.2361    30811    1.19%            x744 D    816    812     32
   1013   510       -0.2347    30       -0.2333       -0.2361    41792    1.19%            x408 D   1117   1113     21
   1255   621       -0.2343    26       -0.2333       -0.2361    52773    1.19%            x750 D   1280   1276     24
   1548   732       -0.2343    50       -0.2333       -0.2361    65792    1.19%            x414 D   1589   1585     20
*  1760   827      integral     0       -0.2361       -0.2361    77250    0.00%
   1792   882       -0.2361    16       -0.2361       -0.2361    78858    0.00%           x1042 U   1670   1666     19

Root node processing (before b&c):
  Real time             =    0.67 sec. (251.81 ticks)
Parallel b&c, 4 threads:
  Real time             =   10.95 sec. (1936.92 ticks)
  Sync time (average)   =    0.76 sec.
  Wait time (average)   =    0.00 sec.
                          ------------
Total (root+branch&cut) =   11.62 sec. (2188.73 ticks)
