Version identifier: 22.2.0.0 | 2026-05-04 | 5dff98e58
CPXPARAM_Read_DataCheck                          1
CPXPARAM_Threads                                 4
CPXPARAM_Parallel                                1
CPXPARAM_RandomSeed                              20260925
CPXPARAM_MIP_Strategy_Search                     1
CPXPARAM_Simplex_Tolerances_Optimality           1.0000000000000001e-09
CPXPARAM_Simplex_Tolerances_Feasibility          1.0000000000000001e-09
CPXPARAM_TimeLimit                               600
CPXPARAM_MIP_Tolerances_AbsMIPGap                1.0000000000000001e-09
CPXPARAM_MIP_Tolerances_Integrality              1.0000000000000001e-09
Legacy callback                                  iLUD
Lazy constraint(s) or lazy constraint/branch callback is present.
    Disabling dual reductions (CPX_PARAM_REDUCE) in presolve.
    Disabling presolve reductions that prevent crushing forms (CPX_PARAM_PREREFORM).
         Disabling repeat represolve because of lazy constraint/incumbent callback.
Warning: Effort level 'CheckFeas' is incompatible with lazy constraint/incumbent callback.
         Effort level increased to 'SolveFixed'.
1 of 1 MIP starts provided solutions.
MIP start 'm1' defined initial solution with objective 0.0625.
Tried aggregator 1 time.
MIP Presolve eliminated 3107 rows and 0 columns.
Reduced MIP has 1468 rows, 2432 columns, and 13749 nonzeros.
Reduced MIP has 1200 binaries, 0 generals, 0 SOSs, and 0 indicators.
Presolve time = 0.00 sec. (11.36 ticks)
Probing time = 0.00 sec. (0.24 ticks)
MIP emphasis: balance optimality and feasibility.
MIP search method: traditional branch-and-cut.
Parallel mode: deterministic, using up to 4 threads.
Root relaxation solution time = 0.03 sec. (26.75 ticks)

        Nodes                                         Cuts/
   Node  Left     Objective  IInf  Best Integer    Best Bound    ItCnt     Gap         Variable B NodeID Parent  Depth

*     0+    0                            0.0625        0.0000           100.00%
      0     0        0.0522    10        0.0625        0.0522      848   16.55%
      0     0        0.0522    12        0.0625     Covers: 1      851   16.55%
      0     0        0.0522    12        0.0625 UserPurge1: 1      856   16.55%
      0     0        0.0522    12        0.0625 UserPurge1: 1      860   16.55%
*     0+    0                            0.0567        0.0522             7.88%
*     0+    0                            0.0567        0.0522             7.88%
      0     0  -1.00000e+75     0        0.0567        0.0522      860    7.88%
      0     2        0.0522    12        0.0567        0.0522      860    7.88%                        0             0
Elapsed time = 0.36 sec. (169.22 ticks, tree = 0.02 MB, solutions = 3)
    177    87        0.0553    12        0.0567        0.0522     4298    7.82%            x384 U    150    142     31
*   181+   82                            0.0553        0.0522             5.53%
*   267+  125                            0.0553        0.0522             5.53%
*   582+  329                            0.0553        0.0523             5.45%
*   583+  329                            0.0553        0.0523             5.45%
    583   328        0.0535    22        0.0553        0.0523    10460    5.45%            x162 U    512      9      6
*   714+  456                            0.0553        0.0527             4.57%
*   808+  481                            0.0553        0.0529             4.34%
*   852+  506                            0.0553        0.0532             3.70%
*   878+  516                            0.0553        0.0532             3.70%
*   954+  522                            0.0553        0.0535             3.20%
    975   521    infeasible              0.0553        0.0535    20687    3.19%            x756 U    937    440      6
   1519   347        0.0552    12        0.0553        0.0547    33908    1.10%            x738 U   1498    628     35
*  1742+  203                            0.0553        0.0552             0.17%

Cover cuts applied:  14
User cuts applied:  6

Root node processing (before b&c):
  Real time             =    0.34 sec. (168.64 ticks)
Parallel b&c, 4 threads:
  Real time             =    4.23 sec. (1150.61 ticks)
  Sync time (average)   =    0.44 sec.
  Wait time (average)   =    0.00 sec.
                          ------------
Total (root+branch&cut) =    4.58 sec. (1319.25 ticks)
