Version identifier: 22.2.0.0 | 2026-05-04 | 5dff98e58
CPXPARAM_Read_DataCheck                          1
CPXPARAM_Threads                                 4
CPXPARAM_Parallel                                1
CPXPARAM_RandomSeed                              20260925
CPXPARAM_MIP_Strategy_Search                     1
CPXPARAM_Simplex_Tolerances_Optimality           1.0000000000000001e-09
CPXPARAM_Simplex_Tolerances_Feasibility          1.0000000000000001e-09
CPXPARAM_TimeLimit                               600
CPXPARAM_MIP_Tolerances_AbsMIPGap                1.0000000000000001e-09
CPXPARAM_MIP_Tolerances_Integrality              1.0000000000000001e-09
Legacy callback                                  iLUD
Lazy constraint(s) or lazy constraint/branch callback is present.
    Disabling dual reductions (CPX_PARAM_REDUCE) in presolve.
    Disabling presolve reductions that prevent crushing forms (CPX_PARAM_PREREFORM).
         Disabling repeat represolve because of lazy constraint/incumbent callback.
Warning: Effort level 'CheckFeas' is incompatible with lazy constraint/incumbent callback.
         Effort level increased to 'SolveFixed'.
1 of 1 MIP starts provided solutions.
MIP start 'm1' defined initial solution with objective 0.0234.
Tried aggregator 1 time.
MIP Presolve eliminated 1353 rows and 0 columns.
MIP Presolve modified 79 coefficients.
Reduced MIP has 1618 rows, 2360 columns, and 18482 nonzeros.
Reduced MIP has 1164 binaries, 0 generals, 0 SOSs, and 0 indicators.
Presolve time = 0.02 sec. (12.41 ticks)
Probing time = 0.00 sec. (0.30 ticks)
MIP emphasis: balance optimality and feasibility.
MIP search method: traditional branch-and-cut.
Parallel mode: deterministic, using up to 4 threads.
Root relaxation solution time = 0.02 sec. (15.61 ticks)

        Nodes                                         Cuts/
   Node  Left     Objective  IInf  Best Integer    Best Bound    ItCnt     Gap         Variable B NodeID Parent  Depth

*     0+    0                            0.0234        0.0000           100.00%
      0     0        0.0165    23        0.0234        0.0165      498   29.71%
*     0+    0                            0.0175        0.0165             5.98%
*     0+    0                            0.0173        0.0165             4.78%
*     0+    0                            0.0172        0.0165             4.44%
*     0+    0                            0.0172        0.0165             4.39%
*     0+    0                            0.0172        0.0165             4.21%
      0     0  -1.00000e+75     0        0.0172        0.0165      498    4.21%
      0     2        0.0165    23        0.0172        0.0165      498    4.21%                        0             0
Elapsed time = 0.38 sec. (233.16 ticks, tree = 0.02 MB, solutions = 6)
    239   170        0.0167    23        0.0172        0.0165     4728    4.11%           x1028 D    252    248     13
*   309+  249                            0.0172        0.0165             4.00%
*   587+  436                            0.0171        0.0165             3.50%
    691   453        0.0170    13        0.0171        0.0165    12273    3.50%            x920 D    717    713     25
*   693+  443                            0.0171        0.0165             3.46%
*   699+  442                            0.0171        0.0165             3.46%
*   707+  442                            0.0171        0.0165             3.39%
*   712+  440                            0.0170        0.0165             3.07%
*   802+  494                            0.0170        0.0165             3.07%
   1129   728        0.0168    19        0.0170        0.0165    19625    3.07%            x934 D   1214   1210     21
   1687  1141        0.0166    21        0.0170        0.0165    27080    3.06%           x1038 U   1890   1886     13
   2360  1615        cutoff              0.0170        0.0165    35688    3.03%            x936 D   2630   2622     30
   3068  2083        0.0165    22        0.0170        0.0165    43547    2.97%           x1033 U   2909   2809     15
   3905  2791        0.0170    10        0.0170        0.0165    53841    2.89%             x32 D   3797   3793     38
   4701  3442        0.0169    11        0.0170        0.0165    64310    2.88%            x307 U   4568   4564     15
   5603  4059        0.0170    13        0.0170        0.0165    74484    2.85%            x308 U   6026   6022     28
   8918  6526        0.0170     8        0.0170        0.0165   118215    2.77%            x917 U   8599   8595     28
Elapsed time = 6.31 sec. (3334.86 ticks, tree = 51.15 MB, solutions = 16)
  12312  8894        0.0166    26        0.0170        0.0165   160951    2.70%           x1034 U  12421  12417     13
  15813 11664        cutoff              0.0170        0.0166   213672    2.68%            x908 D  15912  15908     26
  19340 13831        0.0166    21        0.0170        0.0166   254828    2.60%            x909 U  19706  13063     13
  22369 15988        0.0169    17        0.0170        0.0166   298193    2.58%           x1035 U  22698  22694     27
  25404 18114        0.0170     8        0.0170        0.0166   338143    2.56%            x927 D  24903  24899     31
  28743 20836        0.0169    14        0.0170        0.0166   384886    2.55%            x308 U  29356  29352     28
  32017 23322        cutoff              0.0170        0.0166   427310    2.54%            x930 U  32624  32616     32
  35393 25382        0.0169    18        0.0170        0.0166   468803    2.52%            x826 U  34779  34775     26
  38661 27480        0.0167    23        0.0170        0.0166   509906    2.50%            x925 D  38854  38850     18
  42007 30122        0.0168    16        0.0170        0.0166   568941    2.47%            x936 U  42229  42225     19
Elapsed time = 25.02 sec. (12876.38 ticks, tree = 253.58 MB, solutions = 16)
  45491 32212        0.0167    20        0.0170        0.0166   613392    2.44%           x1038 D  45521  30247     18
  49042 34694        0.0167    24        0.0170        0.0166   672460    2.42%            x911 D  49784  49780     16
  52352 36878        0.0167    16        0.0170        0.0166   729868    2.39%            x907 D  51331  51327     21
  55644 38984        0.0169    18        0.0170        0.0166   788669    2.38%            x927 D  56336  56332     22
  58953 41315        0.0168    23        0.0170        0.0166   846138    2.36%            x307 U  59592  59588     22
  62156 43159        cutoff              0.0170        0.0166   881731    2.35%            x925 D  62406  62402     29
  65718 45400        0.0168    21        0.0170        0.0166   931326    2.34%            x929 D  66401  66397     18
  69326 48046        0.0170     9        0.0170        0.0166   994507    2.32%            x310 U  69672  69668     24
  72746 49992        0.0169    13        0.0170        0.0166  1046548    2.30%            x828 U  73178  73174     23
  76271 52559        0.0168    19        0.0170        0.0166  1112661    2.29%           x1033 U  76906  76902     16
Elapsed time = 43.67 sec. (22415.17 ticks, tree = 334.34 MB, solutions = 16)
  79795 54588        0.0170    20        0.0170        0.0166  1166244    2.27%            x934 D  78727  78723     28
  83510 57065        0.0170    10        0.0170        0.0166  1226202    2.26%            x911 U  83708  83700     28
  87082 59634        cutoff              0.0170        0.0166  1288519    2.25%            x308 U  85927  85923     20
  90728 61955        0.0167    15        0.0170        0.0166  1342177    2.24%            x309 D  89487   1775     18
  94194 63953        0.0167    19        0.0170        0.0166  1392557    2.23%            x909 D  94861  94857     14
  97795 66329        0.0167    17        0.0170        0.0166  1449047    2.22%            x309 U  96571  96567     19
 101303 68685        cutoff              0.0170        0.0166  1507555    2.21%           x1038 D 101854 101850     28
 105015 70976        0.0170    18        0.0170        0.0166  1563659    2.20%           x1027 D 105454 105450     19
 108619 73376        0.0170    12        0.0170        0.0166  1623710    2.19%            x308 U 108644 108640     23
 112124 75303        0.0167    21        0.0170        0.0166  1671902    2.18%           x1034 D 112777 112769     17
Elapsed time = 62.83 sec. (31953.66 ticks, tree = 345.36 MB, solutions = 16)
 115794 77534        0.0169    13        0.0170        0.0166  1726034    2.17%           x1027 D 115752 115748     23
 119358 80141        0.0167    18        0.0170        0.0166  1793882    2.15%            x307 U 118187 118183     21
 122845 81988        0.0168    21        0.0170        0.0166  1840472    2.14%           x1033 D 123414  64379     18
 126273 84354        0.0170    14        0.0170        0.0166  1904725    2.13%            x909 D 126076 126072     30
 129663 86382        0.0167    17        0.0170        0.0166  1957595    2.12%           x1037 U 128503 128499     12
 132943 88808        0.0167    17        0.0170        0.0166  2021688    2.12%            x308 U 133298 133294     21
 136627 91137        0.0168    21        0.0170        0.0167  2078290    2.11%           x1037 D 135755  23906     11
 140104 93256        0.0169    15        0.0170        0.0167  2134697    2.10%            x307 U 141125 141121     22
 143463 95573        0.0168    21        0.0170        0.0167  2196167    2.09%            x907 D 144689 144681     18
 146858 97170        0.0169    11        0.0170        0.0167  2239541    2.08%            x828 U 146464 146460     22
Elapsed time = 79.45 sec. (41492.28 ticks, tree = 357.27 MB, solutions = 16)
 150328 99654        0.0168    21        0.0170        0.0167  2307694    2.08%           x1032 U 151853 151849     19
 153892 101611        0.0167    18        0.0170        0.0167  2361432    2.07%            x908 U 153982 153974     23
 157238 103832        cutoff              0.0170        0.0167  2423881    2.06%            x311 U 156067 156063     29
 160536 105872        cutoff              0.0170        0.0167  2484292    2.06%            x929 D 161909 161905     19
 164088 107882        0.0170    15        0.0170        0.0167  2539129    2.06%            x907 U 164370 164362     19
 167256 109797        cutoff              0.0170        0.0167  2596778    2.05%            x926 U 168681 168673     23
 170698 111419        0.0169    15        0.0170        0.0167  2643755    2.04%            x307 U 170400 170396     24
 174366 113933        cutoff              0.0170        0.0167  2716099    2.03%            x908 U 175585 175577     21
 177350 115506        0.0169    15        0.0170        0.0167  2773329    2.03%            x309 U 175827 175823     20
 181002 117480        0.0170     6        0.0170        0.0167  2829007    2.03%            x311 U 181662 181658     31
Elapsed time = 95.67 sec. (51033.24 ticks, tree = 367.71 MB, solutions = 16)
 184658 119488        0.0167    18        0.0170        0.0167  2881539    2.02%            x909 U 184192 176822     19
 188052 121679        0.0168    14        0.0170        0.0167  2943496    2.02%            x911 D 186395 186391     21
 191641 124162        0.0168    12        0.0170        0.0167  3014145    2.01%           x1029 U 189783 189775     23
 195151 125959        cutoff              0.0170        0.0167  3064998    2.01%            x925 D 193311 193307     30
 198660 128215        0.0168    17        0.0170        0.0167  3128066    2.00%            x307 U 198496 198492     20
 202328 130087        0.0170    12        0.0170        0.0167  3179408    1.99%            x911 D 202212 202208     21
 205611 131688        0.0167    16        0.0170        0.0167  3224771    1.99%           x1037 U 206458 206454     22
 209297 134388        0.0169    10        0.0170        0.0167  3302495    1.98%            x931 U 209352 209348     25
 212928 135976        0.0168    17        0.0170        0.0167  3345870    1.98%            x927 D 211075 211071     23
 216354 138381        cutoff              0.0170        0.0167  3412001    1.98%            x926 D 217317 217313     22
Elapsed time = 112.38 sec. (60572.49 ticks, tree = 383.38 MB, solutions = 16)
 219896 139856        0.0168    18        0.0170        0.0167  3455349    1.97%            x910 D 220810 220806     23
 223420 142384        0.0167    21        0.0170        0.0167  3527628    1.97%           x1035 D 224294  56362     15
 226919 144421        0.0169    14        0.0170        0.0167  3581543    1.96%           x1029 U 227858 227850     28
 230784 146668        0.0170    11        0.0170        0.0167  3639892    1.96%           x1032 D 230904 230900     21
 234276 148649        cutoff              0.0170        0.0167  3691434    1.95%            x925 D 234108 234104     29
 237964 150787        0.0168    15        0.0170        0.0167  3746317    1.94%           x1032 U 237764 237760     22
 241528 153180        0.0169    11        0.0170        0.0167  3809911    1.94%            x308 U 239919 239915     26
 245116 155319        0.0168    16        0.0170        0.0167  3866902    1.94%            x909 D 243487 243483     19
 248738 156715        0.0169    15        0.0170        0.0167  3904487    1.93%           x1028 U 249790 249782     22
 252186 159140        0.0168    17        0.0170        0.0167  3971841    1.93%            x912 D 253045 253041     22
Elapsed time = 128.95 sec. (70111.67 ticks, tree = 399.00 MB, solutions = 16)
 255810 161166        0.0169    15        0.0170        0.0167  4027238    1.93%           x1038 D 256661 256657     24
 258933 162814        0.0167    21        0.0170        0.0167  4079738    1.92%            x909 U 258652  26621     14
 262365 164601        0.0168    15        0.0170        0.0167  4136011    1.92%            x307 U 262052 262048     28
 265611 166802        0.0168    16        0.0170        0.0167  4200873    1.92%            x309 U 266765 266761     20
 268955 168900        0.0167    25        0.0170        0.0167  4264285    1.91%            x309 U 267347 267343     18
 272430 170502        0.0170    11        0.0170        0.0167  4315968    1.91%            x310 U 273337 273333     26
 276090 172584        0.0170     2        0.0170        0.0167  4375266    1.90%            x117 U 277257 277253     34
 279649 174909        0.0167    22        0.0170        0.0167  4443834    1.90%            x909 D 280738  28861     15
 283247 176194        0.0168    19        0.0170        0.0167  4482439    1.90%            x309 D 284422 124444     22
 286591 178162        0.0167    20        0.0170        0.0167  4545312    1.89%            x909 U 286196 267246     17
Elapsed time = 145.77 sec. (79650.66 ticks, tree = 412.50 MB, solutions = 16)
 290054 180092        0.0167    21        0.0170        0.0167  4605865    1.89%            x819 D 289560 289556     21
 293769 182321        cutoff              0.0170        0.0167  4664058    1.88%           x1036 D 293200 293192     24
 297228 184081        cutoff              0.0170        0.0167  4715655    1.88%            x311 U 295467 295463     27
 300858 186290        0.0168    15        0.0170        0.0167  4779919    1.87%            x309 U 302398 302394     25
 304258 188331        cutoff              0.0170        0.0167  4842209    1.87%             x33 D 305802 305798     29
 307728 190091        0.0168    20        0.0170        0.0167  4899132    1.86%            x307 U 306039 306035     22
 311168 192124        0.0168    20        0.0170        0.0167  4958500    1.86%           x1037 D 311805 230187     17
 314753 193756        0.0168    17        0.0170        0.0167  5005542    1.86%           x1037 D 316162 316158     24
 318152 196398        0.0169    12        0.0170        0.0167  5080137    1.86%            x309 U 318653 318649     26
 331564 203602        0.0170    14        0.0170        0.0167  5311900    1.84%           x1036 D 331789 331785     26
Elapsed time = 168.17 sec. (92049.92 ticks, tree = 433.64 MB, solutions = 16)
 345724 210875        0.0170     8        0.0170        0.0167  5530964    1.83%            x307 U 347270 347266     35
 359970 218617        0.0168    13        0.0170        0.0167  5761719    1.81%           x1032 U 358331 358323     28
 374256 226132        0.0168    20        0.0170        0.0167  5984666    1.80%            x309 D 374220  18609     18
 388135 234055        cutoff              0.0170        0.0167  6218703    1.79%            x907 D 389890 389886     22
 402430 241742        0.0168    20        0.0170        0.0167  6448931    1.77%           x1028 D 402304 125139     17
 416128 248639        0.0169    18        0.0170        0.0167  6666380    1.76%           x1030 D 418130 418126     16
 429479 255943        0.0170    17        0.0170        0.0167  6906688    1.75%             x35 D 429752 429748     29
 443420 262419        0.0169    12        0.0170        0.0167  7111910    1.74%           x1028 U 443700 443696     21
 456498 270216        0.0167    18        0.0170        0.0167  7365987    1.73%           x1041 U 453815 431816     14
 470375 276707        0.0169    16        0.0170        0.0167  7581042    1.72%            x936 U 467331 467327     24
Elapsed time = 237.05 sec. (130198.84 ticks, tree = 494.89 MB, solutions = 16)
 484145 284517        0.0168    17        0.0170        0.0167  7827806    1.71%            x828 U 481563 481559     23
 498120 291648        0.0167    20        0.0170        0.0167  8041906    1.70%           x1042 D 495291  81649     16
 512415 299749        cutoff              0.0170        0.0167  8276582    1.69%           x1034 U 512776 512768     37
 526762 306645        cutoff              0.0170        0.0167  8500472    1.68%           x1036 D 527376 527372     29
 540820 314025        0.0169    17        0.0170        0.0167  8740390    1.67%           x1031 D 540661   1292     17
 555050 320910        0.0170     9        0.0170        0.0167  8947887    1.66%            x916 U 557494 557490     31
 569811 329037        0.0169    17        0.0170        0.0167  9193183    1.65%           x1030 U 570153 570149     25
 584027 336224        0.0169    14        0.0170        0.0167  9411369    1.64%            x307 U 586702 586698     17
 598394 343748        0.0167    17        0.0170        0.0167  9638005    1.63%            x932 D 594775 239067     22
 612580 351377        0.0169    18        0.0170        0.0167  9875155    1.63%           x1031 U 608923 608911     23
Elapsed time = 306.95 sec. (168347.53 ticks, tree = 558.34 MB, solutions = 16)
 626750 358477        0.0170     2        0.0170        0.0167 10104122    1.62%             x97 U 627544 627540     33
 640962 365612        0.0169    12        0.0170        0.0167 10320007    1.61%            x932 U 640833 640829     26
 654595 372465        0.0168    21        0.0170        0.0167 10545409    1.60%            x911 D 650859 399186     18
 668517 379038        0.0169    14        0.0170        0.0167 10760873    1.59%            x911 D 664819 664815     23
 682719 387038        0.0170     9        0.0170        0.0167 11011496    1.58%           x1036 U 678703 678699     31
 697077 392818        cutoff              0.0170        0.0167 11207828    1.57%           x1037 U 699622 699618     33
 711459 400747        0.0168    18        0.0170        0.0167 11466309    1.57%            x309 U 707571 707567     21
 727094 408403        0.0168    12        0.0170        0.0167 11718047    1.56%            x311 U 730062 730058     26
 742149 414818        cutoff              0.0170        0.0167 11924219    1.55%            x309 D 741784 741776     25
 757016 423124        0.0170    10        0.0170        0.0167 12209721    1.54%             x31 D 759858 759854     36
Elapsed time = 379.08 sec. (206496.07 ticks, tree = 624.17 MB, solutions = 16)
 771959 428600        0.0169    13        0.0170        0.0167 12415730    1.54%           x1027 U 774890 774886     27
 786949 437040        0.0168    17        0.0170        0.0167 12705306    1.53%           x1034 U 782707 471080     18
 802353 444610        0.0170    13        0.0170        0.0168 12944352    1.52%            x308 U 803665 803661     22
 817727 450903        0.0169    16        0.0170        0.0168 13149961    1.51%            x307 U 818769 818765     21
 833437 459415        0.0169    18        0.0170        0.0168 13418786    1.51%            x309 U 829211 829207     29
 848841 466601        0.0170    19        0.0170        0.0168 13655401    1.50%            x395 D 848884 848880     31
 864150 473930        0.0169    13        0.0170        0.0168 13889786    1.49%           x1031 D 860283 860279     22
 879569 481863        cutoff              0.0170        0.0168 14141175    1.48%            x908 D 880713 880709     31
 895062 489096        0.0170     9        0.0170        0.0168 14368070    1.48%            x907 D 890851 890847     30
 908848 495558        0.0168    15        0.0170        0.0168 14606348    1.47%           x1037 D 911622 911618     20
Elapsed time = 451.78 sec. (244644.76 ticks, tree = 692.14 MB, solutions = 16)
 923281 502267        0.0168    24        0.0170        0.0168 14844753    1.47%           x1027 U 924228 148473     15
 938196 509357        0.0170    12        0.0170        0.0168 15097149    1.46%            x311 U 933863 933859     24
 952240 515604        0.0168    20        0.0170        0.0168 15341772    1.45%            x310 U 954394 954390     21
 967138 522296        0.0170    14        0.0170        0.0168 15585072    1.45%           x1035 U 968196 968188     22
 981926 529019        cutoff              0.0170        0.0168 15819629    1.44%            x935 U 982449 982445     24
 997161 536403        0.0170    16        0.0170        0.0168 16077931    1.44%           x1042 U 999602 999598     25
 1012410 541745        cutoff              0.0170        0.0168 16268779    1.43%            x911 U 1014116 1014108     31
 1027577 549906        0.0168    16        0.0170        0.0168 16546766    1.42%           x1035 U 1030342 1030338     17
 1042461 555872        0.0170    14        0.0170        0.0168 16753045    1.42%            x931 D 1042653 1042649     26
 1057338 562527        0.0170    16        0.0170        0.0168 16987964    1.41%            x823 D 1057477 1057469     21
Elapsed time = 521.61 sec. (282795.31 ticks, tree = 762.23 MB, solutions = 16)
 1071586 569312        cutoff              0.0170        0.0168 17242732    1.41%            x311 D 1066391 1066383     31
 1086812 576074        cutoff              0.0170        0.0168 17483318    1.40%            x311 D 1081831 1081823     23
 1099131 582313        cutoff              0.0170        0.0168 17701039    1.40%           x1027 D 1099333 1099329     26
 1102767 584870        0.0170    13        0.0170        0.0168 17791771    1.39%            x309 U 1097879 1097875     20
 1106224 586435        0.0170    13        0.0170        0.0168 17848808    1.39%           x1036 U 1108506 1108502     25
 1109605 587593        0.0170     6        0.0170        0.0168 17889399    1.39%            x927 D 1110029 1110025     33
 1112724 589368        0.0168    25        0.0170        0.0168 17958286    1.39%            x821 U 1115706  50942     20
 1119283 591309        cutoff              0.0170        0.0168 18029254    1.39%            x925 U 1121694 1121686     32
 1131516 595935        cutoff              0.0170        0.0168 18188611    1.39%            x311 D 1131437 1131429     29
 1144008 601740        0.0170    13        0.0170        0.0168 18404588    1.38%           x1031 D 1144017 540136     18
Elapsed time = 573.55 sec. (320949.97 ticks, tree = 814.76 MB, solutions = 16)
 1156384 606702        cutoff              0.0170        0.0168 18591847    1.38%            x908 D 1151415 1151411     28
 1169373 613273        0.0170    11        0.0170        0.0168 18829990    1.37%           x1036 D 1172490 1172486     22
 1182102 618043        cutoff              0.0170        0.0168 19005552    1.37%           x1037 D 1181941 1181937     28
 1194463 623282        0.0169     9        0.0170        0.0168 19191583    1.37%            x907 U 1197202 1197194     29

Cover cuts applied:  2
User cuts applied:  14

Root node processing (before b&c):
  Real time             =    0.38 sec. (232.48 ticks)
Parallel b&c, 4 threads:
  Real time             =  599.64 sec. (336630.29 ticks)
  Sync time (average)   =   17.66 sec.
  Wait time (average)   =    0.00 sec.
                          ------------
Total (root+branch&cut) =  600.02 sec. (336862.77 ticks)
