Version identifier: 22.2.0.0 | 2026-05-04 | 5dff98e58
CPXPARAM_Read_DataCheck                          1
CPXPARAM_Threads                                 4
CPXPARAM_Parallel                                1
CPXPARAM_RandomSeed                              20260925
CPXPARAM_MIP_Strategy_Search                     1
CPXPARAM_Simplex_Tolerances_Optimality           1.0000000000000001e-09
CPXPARAM_Simplex_Tolerances_Feasibility          1.0000000000000001e-09
CPXPARAM_TimeLimit                               600
CPXPARAM_MIP_Tolerances_AbsMIPGap                1.0000000000000001e-09
CPXPARAM_MIP_Tolerances_Integrality              1.0000000000000001e-09
Legacy callback                                  iLUD
Lazy constraint(s) or lazy constraint/branch callback is present.
    Disabling dual reductions (CPX_PARAM_REDUCE) in presolve.
    Disabling presolve reductions that prevent crushing forms (CPX_PARAM_PREREFORM).
         Disabling repeat represolve because of lazy constraint/incumbent callback.
Warning: Effort level 'CheckFeas' is incompatible with lazy constraint/incumbent callback.
         Effort level increased to 'SolveFixed'.
1 of 1 MIP starts provided solutions.
MIP start 'm1' defined initial solution with objective 0.0598.
Tried aggregator 1 time.
MIP Presolve eliminated 3106 rows and 0 columns.
Reduced MIP has 1472 rows, 2462 columns, and 13912 nonzeros.
Reduced MIP has 1200 binaries, 0 generals, 0 SOSs, and 0 indicators.
Presolve time = 0.02 sec. (11.39 ticks)
Probing time = 0.00 sec. (0.24 ticks)
MIP emphasis: balance optimality and feasibility.
MIP search method: traditional branch-and-cut.
Parallel mode: deterministic, using up to 4 threads.
Root relaxation solution time = 0.03 sec. (31.61 ticks)

        Nodes                                         Cuts/
   Node  Left     Objective  IInf  Best Integer    Best Bound    ItCnt     Gap         Variable B NodeID Parent  Depth

*     0+    0                            0.0598        0.0000           100.00%
      0     0        0.0522    10        0.0598        0.0522     1024   12.66%
      0     0        0.0522    10        0.0598 UserPurge1: 1     1029   12.66%
      0     0        0.0522    10        0.0598 UserPurge1: 1     1030   12.66%
      0     0        0.0522    10        0.0598 UserPurge1: 1     1031   12.66%
      0     0        0.0522    12        0.0598 UserPurge1: 1     1032   12.66%
*     0+    0                            0.0565        0.0522             7.61%
      0     0  -1.00000e+75     0        0.0565        0.0522     1032    7.61%
      0     2        0.0522    10        0.0565        0.0522     1032    7.61%                        0             0
Elapsed time = 0.56 sec. (232.53 ticks, tree = 0.02 MB, solutions = 2)
*   124+   56                            0.0553        0.0522             5.57%
    164    77        cutoff              0.0553        0.0522     5736    5.57%            x660 U    172    160     24
*   483+  240                            0.0553        0.0522             5.50%
    504   282        cutoff              0.0553        0.0522    13736    5.50%            x600 D    560    556     19
*   541+  286                            0.0553        0.0522             5.47%
*   556   299      integral     0        0.0553        0.0522    14649    5.47%            x960 D    519    515     14
*   703   352      integral     0        0.0553        0.0527    21198    4.65%
    818   341    infeasible              0.0553        0.0532    28405    3.66%            x756 U    787    425     13
   1107   172        0.0552    21        0.0553        0.0537    46870    2.78%           x1116 U   1111    768      6

Cover cuts applied:  14

Root node processing (before b&c):
  Real time             =    0.55 sec. (231.80 ticks)
Parallel b&c, 4 threads:
  Real time             =    3.20 sec. (1113.59 ticks)
  Sync time (average)   =    0.23 sec.
  Wait time (average)   =    0.00 sec.
                          ------------
Total (root+branch&cut) =    3.75 sec. (1345.39 ticks)
