Version identifier: 22.2.0.0 | 2026-05-04 | 5dff98e58
CPXPARAM_Read_DataCheck                          1
CPXPARAM_Threads                                 4
CPXPARAM_Parallel                                1
CPXPARAM_RandomSeed                              20260925
CPXPARAM_MIP_Strategy_Search                     1
CPXPARAM_Simplex_Tolerances_Optimality           1.0000000000000001e-09
CPXPARAM_Simplex_Tolerances_Feasibility          1.0000000000000001e-09
CPXPARAM_TimeLimit                               600
CPXPARAM_MIP_Tolerances_AbsMIPGap                1.0000000000000001e-09
CPXPARAM_MIP_Tolerances_Integrality              1.0000000000000001e-09
Legacy callback                                  iLUD
Lazy constraint(s) or lazy constraint/branch callback is present.
    Disabling dual reductions (CPX_PARAM_REDUCE) in presolve.
    Disabling presolve reductions that prevent crushing forms (CPX_PARAM_PREREFORM).
         Disabling repeat represolve because of lazy constraint/incumbent callback.
Warning: Effort level 'CheckFeas' is incompatible with lazy constraint/incumbent callback.
         Effort level increased to 'SolveFixed'.
1 of 1 MIP starts provided solutions.
MIP start 'm1' defined initial solution with objective 0.0596.
Tried aggregator 1 time.
MIP Presolve eliminated 3106 rows and 0 columns.
Reduced MIP has 1470 rows, 2432 columns, and 14189 nonzeros.
Reduced MIP has 1200 binaries, 0 generals, 0 SOSs, and 0 indicators.
Presolve time = 0.00 sec. (11.37 ticks)
Probing time = 0.00 sec. (0.25 ticks)
MIP emphasis: balance optimality and feasibility.
MIP search method: traditional branch-and-cut.
Parallel mode: deterministic, using up to 4 threads.
Root relaxation solution time = 0.03 sec. (26.67 ticks)

        Nodes                                         Cuts/
   Node  Left     Objective  IInf  Best Integer    Best Bound    ItCnt     Gap         Variable B NodeID Parent  Depth

*     0+    0                            0.0596        0.0000           100.00%
      0     0        0.0522    11        0.0596        0.0522      829   12.42%
      0     0        0.0522    11        0.0596     Covers: 1      830   12.42%
*     0+    0                            0.0565        0.0522             7.61%
      0     0  -1.00000e+75     0        0.0565        0.0522      830    7.61%
      0     2        0.0522    11        0.0565        0.0522      830    7.61%                        0             0
Elapsed time = 0.34 sec. (193.86 ticks, tree = 0.02 MB, solutions = 2)
*     7+    1                            0.0565        0.0522             7.61%
*    66    34      integral     0        0.0553        0.0522     2927    5.50%
*    85+   44                            0.0553        0.0522             5.50%
*   108    58      integral     0        0.0553        0.0522     4315    5.47%
    207   104        0.0549     5        0.0553        0.0532     6993    3.66%           x1013 D    218    210     26
*   365   168      integral     0        0.0553        0.0536     9479    2.95%
    690   243        0.0552    22        0.0553        0.0547    13286    0.98%            x726 U    578    130     10
*   717+  253                            0.0553        0.0547             0.98%
*   779+  272                            0.0553        0.0547             0.98%
*   781+  274                            0.0553        0.0547             0.98%
*   996   334      integral     0        0.0553        0.0547    16051    0.96%           x1182 D    866    862     13
   1707   587        0.0549    12        0.0553        0.0548    23626    0.83%            x995 D   1731   1727     19
   2698   736        cutoff              0.0553        0.0552    27475    0.12%            x504 D   2751   2747     16
   3583   626        cutoff              0.0553        0.0552    33286    0.12%            x378 U   3540   3536     21

Cover cuts applied:  8

Root node processing (before b&c):
  Real time             =    0.33 sec. (193.12 ticks)
Parallel b&c, 4 threads:
  Real time             =    5.41 sec. (1536.14 ticks)
  Sync time (average)   =    0.42 sec.
  Wait time (average)   =    0.00 sec.
                          ------------
Total (root+branch&cut) =    5.73 sec. (1729.25 ticks)
