Version identifier: 22.2.0.0 | 2026-05-04 | 5dff98e58
CPXPARAM_Read_DataCheck                          1
CPXPARAM_Threads                                 4
CPXPARAM_Parallel                                1
CPXPARAM_RandomSeed                              20260925
CPXPARAM_MIP_Strategy_Search                     1
CPXPARAM_Simplex_Tolerances_Optimality           1.0000000000000001e-09
CPXPARAM_Simplex_Tolerances_Feasibility          1.0000000000000001e-09
CPXPARAM_TimeLimit                               600
CPXPARAM_MIP_Tolerances_AbsMIPGap                1.0000000000000001e-09
CPXPARAM_MIP_Tolerances_Integrality              1.0000000000000001e-09
Legacy callback                                  iLUD
Lazy constraint(s) or lazy constraint/branch callback is present.
    Disabling dual reductions (CPX_PARAM_REDUCE) in presolve.
    Disabling presolve reductions that prevent crushing forms (CPX_PARAM_PREREFORM).
         Disabling repeat represolve because of lazy constraint/incumbent callback.
Warning: Effort level 'CheckFeas' is incompatible with lazy constraint/incumbent callback.
         Effort level increased to 'SolveFixed'.
1 of 1 MIP starts provided solutions.
MIP start 'm1' defined initial solution with objective 0.0592.
Tried aggregator 1 time.
MIP Presolve eliminated 3106 rows and 0 columns.
Reduced MIP has 1470 rows, 2432 columns, and 13962 nonzeros.
Reduced MIP has 1200 binaries, 0 generals, 0 SOSs, and 0 indicators.
Presolve time = 0.00 sec. (11.40 ticks)
Probing time = 0.00 sec. (0.25 ticks)
MIP emphasis: balance optimality and feasibility.
MIP search method: traditional branch-and-cut.
Parallel mode: deterministic, using up to 4 threads.
Root relaxation solution time = 0.03 sec. (27.68 ticks)

        Nodes                                         Cuts/
   Node  Left     Objective  IInf  Best Integer    Best Bound    ItCnt     Gap         Variable B NodeID Parent  Depth

*     0+    0                            0.0592        0.0000           100.00%
      0     0        0.0522    11        0.0592        0.0522      820   11.90%
      0     0        0.0522    11        0.0592 UserPurge1: 1      821   11.90%
      0     0        0.0522    11        0.0592     Covers: 1      822   11.90%
*     0+    0                            0.0565        0.0522             7.61%
*     0+    0                            0.0565        0.0522             7.61%
      0     0  -1.00000e+75     0        0.0565        0.0522      822    7.61%
      0     2        0.0522    11        0.0565        0.0522      822    7.61%                        0             0
Elapsed time = 0.52 sec. (229.13 ticks, tree = 0.02 MB, solutions = 3)
*    71+   32                            0.0553        0.0522             5.56%
    224    96        0.0549    24        0.0553        0.0535     5592    3.12%            x720 D    288    284     17
*   412   193      integral     0        0.0553        0.0542     7517    1.84%
    853   416        0.0549    21        0.0553        0.0549    11112    0.69%            x648 D    900    896     12
*  1236   589      integral     0        0.0553        0.0549    15231    0.69%           x1182 D   1308   1304     11
   1850   641        cutoff              0.0553        0.0549    28185    0.67%            x720 U   1773    477     13
   2404   626        0.0549    21        0.0553        0.0549    41124    0.66%           x1032 U   2274    426     16
   2965   586        0.0552    13        0.0553        0.0549    55475    0.62%            x936 D   2842   2838     22
   3814   338        0.0552    17        0.0553        0.0552    64518    0.12%            x372 D   3761   3757     20
   4899    91        cutoff              0.0553        0.0552    69686    0.07%            x390 D   4842   4838     27

Cover cuts applied:  3

Root node processing (before b&c):
  Real time             =    0.52 sec. (228.39 ticks)
Parallel b&c, 4 threads:
  Real time             =    6.00 sec. (1869.19 ticks)
  Sync time (average)   =    0.48 sec.
  Wait time (average)   =    0.00 sec.
                          ------------
Total (root+branch&cut) =    6.52 sec. (2097.57 ticks)
