Version identifier: 22.2.0.0 | 2026-05-04 | 5dff98e58
CPXPARAM_Read_DataCheck                          1
CPXPARAM_Threads                                 4
CPXPARAM_Parallel                                1
CPXPARAM_RandomSeed                              20260925
CPXPARAM_MIP_Strategy_Search                     1
CPXPARAM_Simplex_Tolerances_Optimality           1.0000000000000001e-09
CPXPARAM_Simplex_Tolerances_Feasibility          1.0000000000000001e-09
CPXPARAM_TimeLimit                               600
CPXPARAM_MIP_Tolerances_AbsMIPGap                1.0000000000000001e-09
CPXPARAM_MIP_Tolerances_Integrality              1.0000000000000001e-09
Legacy callback                                  iLUD
Lazy constraint(s) or lazy constraint/branch callback is present.
    Disabling dual reductions (CPX_PARAM_REDUCE) in presolve.
    Disabling presolve reductions that prevent crushing forms (CPX_PARAM_PREREFORM).
         Disabling repeat represolve because of lazy constraint/incumbent callback.
Warning: Effort level 'CheckFeas' is incompatible with lazy constraint/incumbent callback.
         Effort level increased to 'SolveFixed'.
1 of 1 MIP starts provided solutions.
MIP start 'm1' defined initial solution with objective 0.0735.
Tried aggregator 1 time.
MIP Presolve eliminated 4096 rows and 0 columns.
Reduced MIP has 1954 rows, 3232 columns, and 18919 nonzeros.
Reduced MIP has 1600 binaries, 0 generals, 0 SOSs, and 0 indicators.
Presolve time = 0.02 sec. (15.49 ticks)
Probing time = 0.00 sec. (0.33 ticks)
MIP emphasis: balance optimality and feasibility.
MIP search method: traditional branch-and-cut.
Parallel mode: deterministic, using up to 4 threads.
Root relaxation solution time = 0.03 sec. (35.87 ticks)

        Nodes                                         Cuts/
   Node  Left     Objective  IInf  Best Integer    Best Bound    ItCnt     Gap         Variable B NodeID Parent  Depth

*     0+    0                            0.0735        0.0000           100.00%
      0     0        0.0663    12        0.0735        0.0663     1039    9.72%
*     0+    0                            0.0703        0.0663             5.59%
      0     0  -1.00000e+75     0        0.0703        0.0663     1039    5.59%
      0     2        0.0663    10        0.0703        0.0663     1039    5.59%                        0             0
Elapsed time = 0.41 sec. (233.07 ticks, tree = 0.02 MB, solutions = 2)
*    14+    1                            0.0696        0.0663             4.65%
*    19+    3                            0.0696        0.0663             4.65%
*    93+   39                            0.0694        0.0663             4.43%
    120    51        0.0674    15        0.0694        0.0663     4559    4.43%           x1512 N    118     24      7
*   217    97      integral     0        0.0694        0.0674     8007    2.92%
    444   208        0.0690    12        0.0694        0.0674    10474    2.86%           x1351 D    499    495     28
*   596+  260                            0.0694        0.0678             2.31%
*   604+  314                            0.0694        0.0678             2.31%
    855   454        cutoff              0.0694        0.0684    18494    1.46%           x1335 D    876    868     30
   1319   590        0.0694    25        0.0694        0.0689    27560    0.73%           x1343 D   1238   1234     14
   1886   754        cutoff              0.0694        0.0689    35995    0.69%           x1088 U   1933    450     18
   2700   554        0.0693    24        0.0694        0.0693    43971    0.20%           x1359 U   2705   1296     12
   3382   812        cutoff              0.0694        0.0693    48465    0.10%            x496 U   3375   3371     22
   4103   983        cutoff              0.0694        0.0693    52986    0.10%            x504 U   4244   4240     17
   4803  1000        0.0693    13        0.0694        0.0693    60675    0.10%            x664 D   4721   4717     17
   7984   607        0.0694    14        0.0694        0.0694    87654    0.07%           x1368 U   8144   7027     22
Elapsed time = 11.00 sec. (3336.68 ticks, tree = 0.64 MB, solutions = 8)

Cover cuts applied:  4

Root node processing (before b&c):
  Real time             =    0.41 sec. (232.05 ticks)
Parallel b&c, 4 threads:
  Real time             =   10.95 sec. (3365.44 ticks)
  Sync time (average)   =    0.84 sec.
  Wait time (average)   =    0.00 sec.
                          ------------
Total (root+branch&cut) =   11.36 sec. (3597.49 ticks)
