Version identifier: 22.2.0.0 | 2026-05-04 | 5dff98e58
CPXPARAM_Read_DataCheck                          1
CPXPARAM_Threads                                 4
CPXPARAM_Parallel                                1
CPXPARAM_RandomSeed                              20260925
CPXPARAM_Simplex_Tolerances_Optimality           1.0000000000000001e-09
CPXPARAM_Simplex_Tolerances_Feasibility          1.0000000000000001e-09
CPXPARAM_TimeLimit                               600
CPXPARAM_MIP_Tolerances_AbsMIPGap                1.0000000000000001e-09
CPXPARAM_MIP_Tolerances_Integrality              1.0000000000000001e-09
Legacy callback                                  i
Found incumbent of value 0.000000 after 0.00 sec. (0.01 ticks)
Tried aggregator 2 times.
MIP Presolve eliminated 70 rows and 1 columns.
MIP Presolve modified 306 coefficients.
Aggregator did 4 substitutions.
Reduced MIP has 372 rows, 393 columns, and 2050 nonzeros.
Reduced MIP has 96 binaries, 0 generals, 0 SOSs, and 0 indicators.
Presolve time = 0.00 sec. (1.89 ticks)
Probing time = 0.00 sec. (0.07 ticks)
Tried aggregator 1 time.
Detecting symmetries...
MIP Presolve modified 72 coefficients.
Reduced MIP has 372 rows, 393 columns, and 2050 nonzeros.
Reduced MIP has 96 binaries, 0 generals, 0 SOSs, and 0 indicators.
Presolve time = 0.00 sec. (1.16 ticks)
Probing time = 0.00 sec. (0.07 ticks)
MIP emphasis: balance optimality and feasibility.
MIP search method: dynamic search.
Parallel mode: deterministic, using up to 4 threads.
Root relaxation solution time = 0.02 sec. (6.24 ticks)

        Nodes                                         Cuts/
   Node  Left     Objective  IInf  Best Integer    Best Bound    ItCnt     Gap

*     0+    0                            0.0000       -0.5268              --- 
*     0+    0                           -0.0237       -0.5268              --- 
*     0+    0                           -0.0592       -0.5268           789.37%
      0     0       -0.1784    22       -0.0592       -0.1784      486  201.23%
*     0+    0                           -0.0664       -0.1784           168.58%
      0     0       -0.1625    21       -0.0664      Cuts: 27      595  144.57%
*     0+    0                           -0.0724       -0.1625           124.30%
      0     0       -0.1454    32       -0.0724      Cuts: 17      688  100.77%
      0     0       -0.1414    29       -0.0724   MIRcuts: 11      737   95.20%
      0     0       -0.1383    28       -0.0724   MIRcuts: 14      769   90.99%
*     0+    0                           -0.0825       -0.1383            67.70%
      0     0       -0.1343    32       -0.0825    MIRcuts: 8      822   62.82%
Detecting symmetries...
      0     0       -0.1299    30       -0.0825   MIRcuts: 12      879   57.47%
      0     0       -0.1288    27       -0.0825    MIRcuts: 7      915   56.17%
*     0+    0                           -0.1156       -0.1288            11.44%
      0     0       -0.1283    33       -0.1156    MIRcuts: 7      953   11.01%
      0     0       -0.1277    33       -0.1156    MIRcuts: 6      987   10.43%
      0     0       -0.1267    29       -0.1156    MIRcuts: 3     1011    9.62%
      0     0       -0.1259    34       -0.1156    MIRcuts: 5     1032    8.93%
      0     0       -0.1252    34       -0.1156    MIRcuts: 4     1063    8.29%
      0     0       -0.1247    39       -0.1156    MIRcuts: 8     1101    7.87%
      0     0       -0.1244    36       -0.1156    MIRcuts: 3     1122    7.62%
      0     0       -0.1241    36       -0.1156    MIRcuts: 4     1134    7.33%
      0     0       -0.1234    34       -0.1156    MIRcuts: 3     1150    6.79%
      0     0       -0.1234    38       -0.1156    MIRcuts: 1     1160    6.74%
      0     0       -0.1233    34       -0.1156    MIRcuts: 1     1167    6.64%
Detecting symmetries...
      0     2       -0.1233    34       -0.1156       -0.1233     1167    6.64%
Elapsed time = 0.22 sec. (159.35 ticks, tree = 0.02 MB, solutions = 7)

Mixed integer rounding cuts applied:  83
Gomory fractional cuts applied:  13

Root node processing (before b&c):
  Real time             =    0.22 sec. (159.00 ticks)
Parallel b&c, 4 threads:
  Real time             =    0.03 sec. (19.95 ticks)
  Sync time (average)   =    0.00 sec.
  Wait time (average)   =    0.00 sec.
                          ------------
Total (root+branch&cut) =    0.25 sec. (178.95 ticks)
