Version identifier: 22.2.0.0 | 2026-05-04 | 5dff98e58
CPXPARAM_Read_DataCheck                          1
CPXPARAM_Threads                                 4
CPXPARAM_Parallel                                1
CPXPARAM_RandomSeed                              20260925
CPXPARAM_MIP_Strategy_Search                     1
CPXPARAM_Simplex_Tolerances_Optimality           1.0000000000000001e-09
CPXPARAM_Simplex_Tolerances_Feasibility          1.0000000000000001e-09
CPXPARAM_TimeLimit                               600
CPXPARAM_MIP_Tolerances_AbsMIPGap                1.0000000000000001e-09
CPXPARAM_MIP_Tolerances_Integrality              1.0000000000000001e-09
Legacy callback                                  iLUD
Lazy constraint(s) or lazy constraint/branch callback is present.
    Disabling dual reductions (CPX_PARAM_REDUCE) in presolve.
    Disabling presolve reductions that prevent crushing forms (CPX_PARAM_PREREFORM).
         Disabling repeat represolve because of lazy constraint/incumbent callback.
Warning: Effort level 'CheckFeas' is incompatible with lazy constraint/incumbent callback.
         Effort level increased to 'SolveFixed'.
1 of 1 MIP starts provided solutions.
MIP start 'm1' defined initial solution with objective 0.0595.
Tried aggregator 1 time.
MIP Presolve eliminated 3107 rows and 0 columns.
Reduced MIP has 1468 rows, 2432 columns, and 13749 nonzeros.
Reduced MIP has 1200 binaries, 0 generals, 0 SOSs, and 0 indicators.
Presolve time = 0.02 sec. (11.37 ticks)
Probing time = 0.00 sec. (0.24 ticks)
MIP emphasis: balance optimality and feasibility.
MIP search method: traditional branch-and-cut.
Parallel mode: deterministic, using up to 4 threads.
Root relaxation solution time = 0.03 sec. (28.76 ticks)

        Nodes                                         Cuts/
   Node  Left     Objective  IInf  Best Integer    Best Bound    ItCnt     Gap         Variable B NodeID Parent  Depth

*     0+    0                            0.0595        0.0000           100.00%
      0     0        0.0522    11        0.0595        0.0522      914   12.23%
      0     0        0.0522    10        0.0595 UserPurge1: 1      916   12.23%
      0     0        0.0522    10        0.0595 UserPurge1: 1      923   12.23%
      0     0        0.0522    11        0.0595 UserPurge1: 1      924   12.23%
*     0+    0                            0.0557        0.0522             6.22%
      0     0  -1.00000e+75     0        0.0557        0.0522      924    6.22%
      0     2        0.0522    10        0.0557        0.0522      924    6.22%                        0             0
Elapsed time = 0.55 sec. (234.79 ticks, tree = 0.02 MB, solutions = 2)
*    15+    1                            0.0556        0.0522             6.11%
*   107    68      integral     0        0.0553        0.0522     3129    5.55%
    166    99        0.0547    22        0.0553        0.0522     4688    5.50%            x324 D    135    131     15
*   471+  276                            0.0553        0.0532             3.70%
    493   290        0.0549    12        0.0553        0.0532    16502    3.69%            x840 D    513    509     26
*   865   441      integral     0        0.0553        0.0540    26638    2.32%
    897   459        0.0547    22        0.0553        0.0540    27358    2.25%            x732 D    912    908     18
   1445   728        0.0547    20        0.0553        0.0544    36474    1.53%           x1013 D   1399   1395     20
   2123   957        0.0552    15        0.0553        0.0547    45018    0.97%            x642 U   2133    678     10
   2730  1188        0.0550    21        0.0553        0.0548    56032    0.90%            x995 D   2858   2854     17
   3524  1222        0.0552    19        0.0553        0.0548    62720    0.84%            x372 D   3433   3429     17
   4161  1126        0.0549    14        0.0553        0.0548    73411    0.83%            x994 U   4063    218     14
   4853  1338        0.0549    12        0.0553        0.0549    83768    0.71%           x1013 D   4944   4940     21
   9279   112        cutoff              0.0553        0.0552   108866    0.03%            x498 U   9277   3922     14
Elapsed time = 10.75 sec. (3337.03 ticks, tree = 0.21 MB, solutions = 7)

Cover cuts applied:  8

Root node processing (before b&c):
  Real time             =    0.55 sec. (234.00 ticks)
Parallel b&c, 4 threads:
  Real time             =   10.22 sec. (3117.26 ticks)
  Sync time (average)   =    0.72 sec.
  Wait time (average)   =    0.00 sec.
                          ------------
Total (root+branch&cut) =   10.77 sec. (3351.26 ticks)
