Version identifier: 22.2.0.0 | 2026-05-04 | 5dff98e58
CPXPARAM_Read_DataCheck                          1
CPXPARAM_Threads                                 4
CPXPARAM_Parallel                                1
CPXPARAM_RandomSeed                              20260925
CPXPARAM_Simplex_Tolerances_Optimality           1.0000000000000001e-09
CPXPARAM_Simplex_Tolerances_Feasibility          1.0000000000000001e-09
CPXPARAM_TimeLimit                               600
CPXPARAM_MIP_Tolerances_AbsMIPGap                1.0000000000000001e-09
CPXPARAM_MIP_Tolerances_Integrality              1.0000000000000001e-09
Legacy callback                                  i
2 of 12 MIP starts provided solutions.
MIP start 'm1' defined initial solution with objective 0.0175.
Tried aggregator 2 times.
MIP Presolve eliminated 74 rows and 1 columns.
MIP Presolve modified 338 coefficients.
Aggregator did 12 substitutions.
Reduced MIP has 373 rows, 385 columns, and 2043 nonzeros.
Reduced MIP has 96 binaries, 0 generals, 0 SOSs, and 0 indicators.
Presolve time = 0.02 sec. (2.04 ticks)
Probing time = 0.00 sec. (0.07 ticks)
Tried aggregator 1 time.
Detecting symmetries...
MIP Presolve modified 108 coefficients.
Reduced MIP has 373 rows, 385 columns, and 2043 nonzeros.
Reduced MIP has 96 binaries, 0 generals, 0 SOSs, and 0 indicators.
Presolve time = 0.00 sec. (0.90 ticks)
Probing time = 0.00 sec. (0.07 ticks)
MIP emphasis: balance optimality and feasibility.
MIP search method: dynamic search.
Parallel mode: deterministic, using up to 4 threads.
Root relaxation solution time = 0.00 sec. (1.55 ticks)

        Nodes                                         Cuts/
   Node  Left     Objective  IInf  Best Integer    Best Bound    ItCnt     Gap

*     0+    0                            0.0175        0.0000           100.00%
      0     0        0.0124     7        0.0175        0.0124      153   29.17%
      0     0        0.0124    12        0.0175      Cuts: 21      245   29.17%
      0     0        0.0124     7        0.0175       Cuts: 4      317   29.17%
      0     0        0.0124     9        0.0175       Cuts: 8      389   29.17%
*     0+    0                            0.0146        0.0124            14.92%
*     0+    0                            0.0138        0.0124             9.98%
      0     0  -1.00000e+75     0        0.0138        0.0124      389    9.98%
Detecting symmetries...
      0     2        0.0124     9        0.0138        0.0124      389    9.98%
Elapsed time = 0.16 sec. (120.15 ticks, tree = 0.02 MB, solutions = 4)
   2012  1306        0.0125     8        0.0138        0.0124    50979    9.98%

Performing restart 1

Repeating presolve.
Tried aggregator 1 time.
MIP Presolve eliminated 1 rows and 0 columns.
MIP Presolve modified 399 coefficients.
Reduced MIP has 372 rows, 385 columns, and 1828 nonzeros.
Reduced MIP has 96 binaries, 0 generals, 0 SOSs, and 0 indicators.
Presolve time = 0.00 sec. (0.85 ticks)
Tried aggregator 1 time.
Reduced MIP has 372 rows, 385 columns, and 1828 nonzeros.
Reduced MIP has 96 binaries, 0 generals, 0 SOSs, and 0 indicators.
Presolve time = 0.00 sec. (0.85 ticks)
Represolve time = 0.02 sec. (2.97 ticks)
   2903     0        0.0124    19        0.0138       Cuts: 7    83476    9.98%
   2903     0        0.0124     8        0.0138       Cuts: 3    83510    9.98%
   2903     0        0.0124    10        0.0138       Cuts: 8    83595    9.98%
   2903     0        0.0124     9        0.0138       Cuts: 2    83636    9.98%
   2903     0        0.0124     9        0.0138       Cuts: 4    83684    9.98%
   2903     2        0.0124     9        0.0138        0.0124    83684    9.98%
*  2934+    3                            0.0137        0.0124             9.40%
   3514   357        0.0132     5        0.0137        0.0124    92648    9.40%
*  3579+  413                            0.0132        0.0124             6.18%
   4591   892        0.0125     9        0.0132        0.0124   112111    6.18%
   6567  1781        0.0129     8        0.0132        0.0124   141571    6.18%
   9425  3203        0.0131    10        0.0132        0.0124   193947    6.18%
  12645  4365        0.0131     5        0.0132        0.0125   246331    5.72%
  16249  5788        0.0132     4        0.0132        0.0125   298980    5.47%
  19939  7047        cutoff              0.0132        0.0125   343982    5.47%
  30841 12638        cutoff              0.0132        0.0125   532955    5.47%
Elapsed time = 4.09 sec. (3327.15 ticks, tree = 4.50 MB, solutions = 6)
  42412 17586        0.0129     7        0.0132        0.0125   700967    5.47%
  56943 23883        0.0129     6        0.0132        0.0125   918455    5.47%
  71927 29424        0.0132     7        0.0132        0.0126  1129828    4.81%
  86152 34251        0.0132     6        0.0132        0.0126  1331313    4.81%
 101869 40710        cutoff              0.0132        0.0126  1571790    4.77%
 116734 46637        cutoff              0.0132        0.0126  1783761    4.77%
 131408 52743    infeasible              0.0132        0.0126  2003780    4.77%
 144970 58304        cutoff              0.0132        0.0126  2220321    4.77%
 157171 63272        0.0132     7        0.0132        0.0126  2416753    4.77%
 169455 68482        0.0126    10        0.0132        0.0126  2632661    4.77%
Elapsed time = 13.84 sec. (12864.52 ticks, tree = 24.77 MB, solutions = 6)
 180242 71693        cutoff              0.0132        0.0126  2792803    4.77%
 190849 75873        0.0129    10        0.0132        0.0126  3009457    4.77%
 200492 79104        0.0132     9        0.0132        0.0126  3200187    4.77%
 209349 82439        cutoff              0.0132        0.0126  3417486    4.77%
 218441 85367        cutoff              0.0132        0.0126  3620415    4.77%
 226901 88193        cutoff              0.0132        0.0126  3835401    4.77%
 236766 91039        cutoff              0.0132        0.0126  4044194    4.77%
 245638 93045        0.0132    11        0.0132        0.0126  4197689    4.54%
 253819 95780        cutoff              0.0132        0.0127  4404741    4.37%
 262108 97894        cutoff              0.0132        0.0127  4564813    4.29%
Elapsed time = 22.73 sec. (22401.98 ticks, tree = 33.09 MB, solutions = 6)
 270527 100727        0.0127     6        0.0132        0.0127  4762261    4.11%
 279466 103506        0.0129     9        0.0132        0.0127  4942731    4.10%
 288106 106575        cutoff              0.0132        0.0127  5134570    4.10%
 297437 109563        cutoff              0.0132        0.0127  5320800    4.10%
 305911 112683        0.0132    16        0.0132        0.0127  5530077    4.10%
 314735 115089        0.0129    12        0.0132        0.0127  5701325    4.10%
 323340 117404        0.0130    11        0.0132        0.0127  5875050    4.10%
 331347 120255        0.0129     9        0.0132        0.0127  6069728    4.10%
 339815 122984        0.0128    10        0.0132        0.0127  6268947    4.10%
 347696 125174        0.0129     9        0.0132        0.0127  6410262    4.10%
Elapsed time = 31.11 sec. (31939.60 ticks, tree = 41.18 MB, solutions = 6)
 355970 128265        cutoff              0.0132        0.0127  6633579    4.10%
 363825 130253        0.0129    10        0.0132        0.0127  6774709    4.10%
 372289 132496        cutoff              0.0132        0.0127  6937468    4.10%
 379770 134946        0.0128    11        0.0132        0.0127  7135283    4.10%
 387641 137331        cutoff              0.0132        0.0127  7308383    4.10%
 394654 140377        0.0130    12        0.0132        0.0127  7530867    4.10%
 402539 142437        0.0127     5        0.0132        0.0127  7679382    4.10%
 409369 145057        0.0128    15        0.0132        0.0127  7867791    4.10%
 416592 147268        0.0128    11        0.0132        0.0127  8031111    4.10%
 422961 149816        0.0127     8        0.0132        0.0127  8222636    4.10%
Elapsed time = 39.48 sec. (41477.00 ticks, tree = 51.74 MB, solutions = 6)
 431741 151360        0.0127     5        0.0132        0.0127  8349204    4.10%
 440729 154517        0.0127    10        0.0132        0.0127  8565365    4.09%
 449953 157579        0.0127    10        0.0132        0.0127  8724715    4.07%
 458685 161039        0.0127     9        0.0132        0.0127  8898199    4.06%
 467759 164282        0.0130    11        0.0132        0.0127  9072877    4.06%
 476905 168465        0.0130    10        0.0132        0.0127  9301627    4.06%
 485132 170909        0.0132    12        0.0132        0.0127  9441388    4.06%
 494351 174421        0.0128    12        0.0132        0.0127  9648750    4.06%
 503156 176968        cutoff              0.0132        0.0127  9799924    4.06%
 511325 179989        0.0130     6        0.0132        0.0127  9983678    4.06%
Elapsed time = 47.84 sec. (51014.34 ticks, tree = 62.46 MB, solutions = 6)
 520158 182301        0.0127     6        0.0132        0.0127 10117615    4.06%
 528536 185224        0.0130    10        0.0132        0.0127 10297466    4.06%
 536867 188654        0.0128    10        0.0132        0.0127 10512884    4.06%
 545276 190573        cutoff              0.0132        0.0127 10629377    4.06%
 552814 193905        0.0127     8        0.0132        0.0127 10843087    4.06%
 561247 195690        0.0129     9        0.0132        0.0127 10958622    4.06%
 568984 199131    infeasible              0.0132        0.0127 11176675    4.06%
 576935 201443        0.0130     9        0.0132        0.0127 11328823    4.06%
 584907 203879        0.0128    15        0.0132        0.0127 11497734    4.06%
 592059 206141        0.0128    17        0.0132        0.0127 11645748    4.06%
Elapsed time = 56.17 sec. (60551.78 ticks, tree = 72.34 MB, solutions = 6)
 599459 208851        0.0131    11        0.0132        0.0127 11836069    4.06%
 607335 210756        0.0131    10        0.0132        0.0127 11964275    4.06%
 615212 213163        0.0130     6        0.0132        0.0127 12177588    4.06%
 624084 214023        0.0127     6        0.0132        0.0127 12304014    4.06%
 631208 215219        0.0130     5        0.0132        0.0127 12425553    4.05%
 638879 216731        0.0128    12        0.0132        0.0127 12587360    4.01%
 645759 218515        0.0131    12        0.0132        0.0127 12769801    3.86%
 651751 220605    infeasible              0.0132        0.0127 12928285    3.78%
 658700 222818        0.0130    12        0.0132        0.0128 13086737    3.67%
 665103 224195        0.0132     8        0.0132        0.0128 13192917    3.67%
Elapsed time = 64.14 sec. (70089.30 ticks, tree = 77.92 MB, solutions = 6)
 670499 225906        cutoff              0.0132        0.0128 13360069    3.67%
 676118 226658        0.0131    12        0.0132        0.0128 13438392    3.67%
 681859 227901        0.0129    15        0.0132        0.0128 13645724    3.67%
 688025 228342        cutoff              0.0132        0.0128 13748758    3.67%
 693586 228967        0.0131     8        0.0132        0.0128 13868040    3.67%
 699208 230861        0.0129    11        0.0132        0.0128 14058807    3.64%
 704428 231752        0.0132    14        0.0132        0.0128 14168897    3.56%
 708700 232980        0.0131    15        0.0132        0.0128 14350887    3.49%
 714199 233345        0.0130     5        0.0132        0.0128 14431892    3.49%
 719929 234503        0.0129    14        0.0132        0.0128 14620545    3.49%
Elapsed time = 72.09 sec. (79628.42 ticks, tree = 83.71 MB, solutions = 6)
 725787 235353        0.0132    10        0.0132        0.0128 14721878    3.48%
 731526 236872        0.0130    13        0.0132        0.0128 14882276    3.45%
 737454 238018        0.0128    14        0.0132        0.0128 14999034    3.45%
 742717 239520        0.0129    11        0.0132        0.0128 15156984    3.43%
 748250 240133        cutoff              0.0132        0.0128 15217917    3.43%
 753783 242119        0.0131     7        0.0132        0.0128 15414584    3.43%
 758613 243340        0.0129    16        0.0132        0.0128 15519703    3.43%
 763330 244636        0.0130    15        0.0132        0.0128 15641402    3.43%
 768572 246190    infeasible              0.0132        0.0128 15796387    3.43%
 795237 251898        0.0130    10        0.0132        0.0128 16297584    3.39%
Elapsed time = 82.05 sec. (92027.57 ticks, tree = 89.59 MB, solutions = 6)
 820640 259356        cutoff              0.0132        0.0128 16831029    3.39%
 845261 266684        cutoff              0.0132        0.0128 17400299    3.39%
 870536 272991        0.0131    15        0.0132        0.0128 17875175    3.39%
 895462 279697    infeasible              0.0132        0.0128 18373606    3.39%
 919688 287235        0.0129    10        0.0132        0.0128 18954643    3.39%
 944053 293529        0.0129     9        0.0132        0.0128 19400030    3.39%
 968277 300109        0.0128     7        0.0132        0.0128 19926603    3.39%
 992349 307912        0.0128     8        0.0132        0.0128 20512642    3.39%
 1015918 313438        cutoff              0.0132        0.0128 20946993    3.39%
 1039288 319884        0.0130    10        0.0132        0.0128 21459600    3.39%
Elapsed time = 112.58 sec. (130175.83 ticks, tree = 115.61 MB, solutions = 6)
 1062764 326800        0.0129    10        0.0132        0.0128 21984802    3.39%
 1085132 333013        0.0131    13        0.0132        0.0128 22501829    3.39%
 1107004 340762        0.0128    15        0.0132        0.0128 23083569    3.39%
 1128473 346409        cutoff              0.0132        0.0128 23510010    3.39%
 1149096 352631        0.0128    10        0.0132        0.0128 24027769    3.39%
 1168768 359152        0.0128    10        0.0132        0.0128 24550560    3.39%
 1192744 362781        0.0131     8        0.0132        0.0128 25009249    3.39%
 1218235 369409        0.0128    11        0.0132        0.0128 25536645    3.37%
 1242122 376614        0.0128    19        0.0132        0.0128 26001414    3.35%
 1264936 384191        cutoff              0.0132        0.0128 26514814    3.35%
Elapsed time = 143.08 sec. (168324.26 ticks, tree = 140.81 MB, solutions = 6)
 1288741 385631        0.0128    13        0.0132        0.0128 26997377    3.35%
 1309719 387124        0.0129    16        0.0132        0.0128 27446045    3.23%
 1328841 389676        cutoff              0.0132        0.0129 27950020    3.00%
 1348122 391190        cutoff              0.0132        0.0129 28400241    2.99%
 1365848 393310        cutoff              0.0132        0.0129 28773500    2.98%
 1383419 395674        cutoff              0.0132        0.0129 29191775    2.96%
 1400229 397756        cutoff              0.0132        0.0129 29541888    2.96%
 1415463 400228        cutoff              0.0132        0.0129 29985822    2.96%
 1430847 401946        0.0130    15        0.0132        0.0129 30364187    2.96%
 1449076 404342        cutoff              0.0132        0.0129 30717882    2.96%
Elapsed time = 173.17 sec. (206472.49 ticks, tree = 153.39 MB, solutions = 6)
 1465132 406019        0.0132    13        0.0132        0.0129 31050629    2.91%
 1480523 406075        0.0131     7        0.0132        0.0129 31443254    2.91%
 1497234 408437        cutoff              0.0132        0.0129 31784716    2.82%
 1512309 411477        0.0129     7        0.0132        0.0129 32143468    2.78%
 1526712 413453        0.0129    11        0.0132        0.0129 32476620    2.78%
 1543459 413910        0.0131    12        0.0132        0.0129 32810886    2.78%
 1558670 415082        0.0130     7        0.0132        0.0129 33187078    2.74%
 1574586 416547        0.0131     8        0.0132        0.0129 33548096    2.74%
 1589581 417972        0.0132    12        0.0132        0.0129 33973947    2.74%
 1603991 419450        cutoff              0.0132        0.0129 34330620    2.74%
Elapsed time = 202.75 sec. (244621.30 ticks, tree = 160.78 MB, solutions = 6)
 1619023 420637        0.0129    10        0.0132        0.0129 34645880    2.74%
 1635813 422386        0.0132    10        0.0132        0.0129 35039504    2.74%
 1653199 424900        0.0131    13        0.0132        0.0129 35412520    2.73%
 1670942 428019        0.0129    10        0.0132        0.0129 35798096    2.73%
 1688028 430667        cutoff              0.0132        0.0129 36110749    2.73%
 1705973 434237        cutoff              0.0132        0.0129 36511628    2.73%
 1722487 437098        0.0130    11        0.0132        0.0129 36836091    2.73%
 1739869 440639        0.0131    12        0.0132        0.0129 37214048    2.73%
 1756168 444387        0.0131     6        0.0132        0.0129 37630675    2.73%
 1772601 446978        cutoff              0.0132        0.0129 37927426    2.73%
Elapsed time = 231.67 sec. (282770.04 ticks, tree = 172.72 MB, solutions = 6)
 1789080 450647        0.0129    11        0.0132        0.0129 38318973    2.73%
 1805226 454763        0.0132    17        0.0132        0.0129 38741259    2.73%
 1821586 457807        0.0131    11        0.0132        0.0129 39069594    2.73%
 1837105 461914        0.0131    14        0.0132        0.0129 39477761    2.73%
 1853636 464409        cutoff              0.0132        0.0129 39762326    2.73%
 1868456 468439        0.0130    12        0.0132        0.0129 40186914    2.73%
 1884447 471917        0.0129    14        0.0132        0.0129 40518263    2.73%
 1898854 475053        0.0131    14        0.0132        0.0129 40823952    2.73%
 1913400 478917        0.0129    13        0.0132        0.0129 41235121    2.73%
 1929294 480522        0.0130    12        0.0132        0.0129 41504686    2.73%
Elapsed time = 260.73 sec. (320920.90 ticks, tree = 191.36 MB, solutions = 6)
 1948047 482340        0.0132     9        0.0132        0.0129 41941129    2.73%
 1966548 485815        0.0129     9        0.0132        0.0129 42262890    2.71%
 1985062 490617        0.0130    10        0.0132        0.0129 42665817    2.69%
 2004136 495141        0.0131     6        0.0132        0.0129 43041588    2.69%
 2021639 499576        cutoff              0.0132        0.0129 43406007    2.69%
 2040498 503926        0.0129     8        0.0132        0.0129 43756916    2.69%
 2057564 507800        0.0131    16        0.0132        0.0129 44080209    2.69%
 2075707 512866        0.0132     2        0.0132        0.0129 44496865    2.69%
 2093313 516531        0.0130     4        0.0132        0.0129 44806216    2.69%
 2110583 521476        cutoff              0.0132        0.0129 45203848    2.69%
Elapsed time = 289.44 sec. (359069.38 ticks, tree = 207.98 MB, solutions = 6)
 2128435 525935        cutoff              0.0132        0.0129 45569592    2.69%
 2145405 530104        0.0130    10        0.0132        0.0129 45924056    2.69%
 2162527 535304        0.0132     8        0.0132        0.0129 46319711    2.69%
 2178521 539400        0.0131    11        0.0132        0.0129 46644627    2.69%
 2195208 542820        0.0130     8        0.0132        0.0129 46918132    2.69%
 2212222 546377        0.0131    12        0.0132        0.0129 47361766    2.69%
 2230606 545418        0.0131     6        0.0132        0.0129 47589643    2.69%
 2246996 544286        0.0129    10        0.0132        0.0129 47978760    2.67%
 2263785 542854        0.0129    15        0.0132        0.0129 48313266    2.62%
 2280738 539993        0.0130    15        0.0132        0.0129 48673864    2.59%
Elapsed time = 318.41 sec. (397218.36 ticks, tree = 216.35 MB, solutions = 6)
 2304665 541283        cutoff              0.0132        0.0129 48899907    2.59%
 2327418 547901        0.0132     2        0.0132        0.0129 49274573    2.51%
 2345410 551266        0.0131    11        0.0132        0.0129 49581752    2.43%
 2360738 549877        cutoff              0.0132        0.0129 49929575    2.43%
 2376552 549316        cutoff              0.0132        0.0129 50186026    2.40%
 2391344 549260        cutoff              0.0132        0.0129 50507425    2.32%
 2406013 549419        cutoff              0.0132        0.0129 50888317    2.29%
 2419792 549593    infeasible              0.0132        0.0129 51195027    2.29%
 2433574 549838        cutoff              0.0132        0.0129 51566433    2.29%
 2446850 549930        0.0132    16        0.0132        0.0129 51894430    2.29%
Elapsed time = 347.06 sec. (435366.79 ticks, tree = 222.33 MB, solutions = 6)
 2460460 550045        0.0130     9        0.0132        0.0129 52183545    2.29%
 2473261 549671        0.0129    18        0.0132        0.0129 52561198    2.29%
 2490322 548509        cutoff              0.0132        0.0129 52879229    2.29%
 2505729 549727        0.0130     7        0.0132        0.0129 53146951    2.29%
 2521847 551235        cutoff              0.0132        0.0130 53465020    2.26%
 2536503 553215        cutoff              0.0132        0.0130 53877475    2.25%
 2552360 554489        0.0130    13        0.0132        0.0130 54203789    2.25%
 2566644 555674        cutoff              0.0132        0.0130 54554579    2.25%
 2581590 556349        0.0130    11        0.0132        0.0130 54793646    2.25%
 2595035 557237        cutoff              0.0132        0.0130 55111844    2.25%
Elapsed time = 375.83 sec. (473515.37 ticks, tree = 226.67 MB, solutions = 6)
 2610114 558070        0.0130    12        0.0132        0.0130 55501842    2.25%
 2624621 559086        0.0130    13        0.0132        0.0130 55719860    2.25%
 2639823 560392        0.0130    13        0.0132        0.0130 56044939    2.25%
 2655860 557346        0.0130     7        0.0132        0.0130 56316304    2.25%
 2671350 556915        0.0132     9        0.0132        0.0130 56595615    2.25%
 2685224 558116        0.0132    15        0.0132        0.0130 56884831    2.17%
 2698325 559663        cutoff              0.0132        0.0130 57194146    2.11%
 2712922 558678        cutoff              0.0132        0.0130 57512335    2.11%
 2727641 557292    infeasible              0.0132        0.0130 57834419    2.11%
 2742235 556293        0.0132     9        0.0132        0.0130 58200775    2.08%
Elapsed time = 404.59 sec. (511665.49 ticks, tree = 228.47 MB, solutions = 6)
 2755811 556074        0.0132    11        0.0132        0.0130 58408810    2.08%
 2768814 555963        cutoff              0.0132        0.0130 58756389    2.08%
 2785194 555882        0.0131    16        0.0132        0.0130 58997271    2.08%
 2801089 557692        cutoff              0.0132        0.0130 59334488    2.08%
 2816594 560339        cutoff              0.0132        0.0130 59654014    2.07%
 2831069 562456        0.0132     5        0.0132        0.0130 59861913    2.07%
 2845450 563722        cutoff              0.0132        0.0130 60159758    2.07%
 2861236 564691        cutoff              0.0132        0.0130 60482648    2.07%
 2875424 566497        0.0132    10        0.0132        0.0130 60801797    2.06%
 2890246 568215        cutoff              0.0132        0.0130 61053144    2.06%
Elapsed time = 434.50 sec. (549815.67 ticks, tree = 240.90 MB, solutions = 6)
 2903266 570469        0.0130    13        0.0132        0.0130 61373367    2.06%
 2916677 572784        0.0132    11        0.0132        0.0130 61719749    2.06%
 2930154 573828        0.0132     9        0.0132        0.0130 62032119    2.06%
 2945045 572868        cutoff              0.0132        0.0130 62350024    2.06%
 2960526 572840        cutoff              0.0132        0.0130 62620841    2.06%
 2975434 573052        cutoff              0.0132        0.0130 62984740    2.04%
 2990512 573515        cutoff              0.0132        0.0130 63277512    2.04%
 3005427 573739        0.0131     9        0.0132        0.0130 63551499    2.04%
 3020350 574274        cutoff              0.0132        0.0130 63844349    2.04%
 3035141 574565        0.0130    10        0.0132        0.0130 64173686    2.04%
Elapsed time = 463.03 sec. (587963.82 ticks, tree = 245.69 MB, solutions = 6)
 3049584 575057        0.0130    15        0.0132        0.0130 64485526    2.04%
 3063389 575299        cutoff              0.0132        0.0130 64722247    2.04%
 3077993 575719        cutoff              0.0132        0.0130 65028424    2.04%
 3091714 576051        cutoff              0.0132        0.0130 65348937    2.04%
 3105939 576432        cutoff              0.0132        0.0130 65606710    2.04%
 3119573 576927        0.0132    10        0.0132        0.0130 65974413    2.04%
 3133086 577342        0.0130    10        0.0132        0.0130 66205800    2.04%
 3147806 576659        0.0132    13        0.0132        0.0130 66534383    2.04%
 3164806 577875        cutoff              0.0132        0.0130 66801620    2.04%
 3180154 580136        0.0130    10        0.0132        0.0130 67106579    2.03%
Elapsed time = 493.42 sec. (626115.10 ticks, tree = 249.26 MB, solutions = 6)
 3196524 582824        cutoff              0.0132        0.0130 67439773    2.02%
 3212365 585648        0.0130    10        0.0132        0.0130 67767867    2.02%
 3228494 587701        0.0131     8        0.0132        0.0130 68019586    2.02%
 3244198 590011        cutoff              0.0132        0.0130 68312525    2.02%
 3259971 592632        0.0130    10        0.0132        0.0130 68638426    2.02%
 3275677 595126        0.0132     7        0.0132        0.0130 68936871    2.02%
 3291078 597507        cutoff              0.0132        0.0130 69260580    2.02%
 3306398 600096        0.0130    11        0.0132        0.0130 69594133    2.02%
 3321245 602488        cutoff              0.0132        0.0130 69903626    2.02%
 3336931 604252        cutoff              0.0132        0.0130 70125932    2.02%
Elapsed time = 524.72 sec. (664263.89 ticks, tree = 260.31 MB, solutions = 6)
 3351816 606569        0.0130     9        0.0132        0.0130 70412670    2.02%
 3366842 609504        0.0130     8        0.0132        0.0130 70784244    2.02%
 3380515 611639        0.0130     9        0.0132        0.0130 71034496    2.02%
 3395577 613734        0.0130    15        0.0132        0.0130 71294269    2.02%
 3409943 616786        0.0132    13        0.0132        0.0130 71680787    2.02%
 3420819 618328        0.0131    12        0.0132        0.0130 71896371    2.02%
 3430770 619693        cutoff              0.0132        0.0130 72064660    2.02%
 3438630 621361        cutoff              0.0132        0.0130 72255754    2.02%
 3447603 622579        0.0132    14        0.0132        0.0130 72428889    2.02%
 3455777 623523        cutoff              0.0132        0.0130 72588171    2.02%
Elapsed time = 557.78 sec. (702413.86 ticks, tree = 268.96 MB, solutions = 6)
 3464990 625081        0.0132    11        0.0132        0.0130 72767397    2.02%
 3473674 626301        0.0132    12        0.0132        0.0130 72942600    2.02%
 3483097 628160        0.0130    11        0.0132        0.0130 73164317    2.02%
 3491312 629524        0.0132     8        0.0132        0.0130 73341977    2.02%
 3501195 629785        cutoff              0.0132        0.0130 73514619    2.02%
 3512102 628663        0.0132     2        0.0132        0.0130 73649721    2.02%
 3523740 629151        0.0130     4        0.0132        0.0130 73778883    2.01%
 3534844 630594        cutoff              0.0132        0.0130 73882205    2.00%
 3546588 632628        cutoff              0.0132        0.0130 74025126    1.98%
 3556649 633806        0.0132     2        0.0132        0.0130 74121179    1.98%
Elapsed time = 592.48 sec. (740661.81 ticks, tree = 273.89 MB, solutions = 6)
 3567602 635528        0.0132     6        0.0132        0.0130 74265123    1.98%
 3578302 636855        0.0131     4        0.0132        0.0130 74386773    1.98%

Cover cuts applied:  1305
Implied bound cuts applied:  2
Mixed integer rounding cuts applied:  22

Root node processing (before b&c):
  Real time             =    0.16 sec. (120.05 ticks)
Parallel b&c, 4 threads:
  Real time             =  599.86 sec. (748708.77 ticks)
  Sync time (average)   =   32.01 sec.
  Wait time (average)   =    0.00 sec.
                          ------------
Total (root+branch&cut) =  600.02 sec. (748828.82 ticks)
