Version identifier: 22.2.0.0 | 2026-05-04 | 5dff98e58
CPXPARAM_Read_DataCheck                          1
CPXPARAM_Threads                                 4
CPXPARAM_Parallel                                1
CPXPARAM_RandomSeed                              20260925
CPXPARAM_MIP_Strategy_Search                     1
CPXPARAM_Simplex_Tolerances_Optimality           1.0000000000000001e-09
CPXPARAM_Simplex_Tolerances_Feasibility          1.0000000000000001e-09
CPXPARAM_TimeLimit                               600
CPXPARAM_MIP_Tolerances_AbsMIPGap                1.0000000000000001e-09
CPXPARAM_MIP_Tolerances_Integrality              1.0000000000000001e-09
Legacy callback                                  iLUD
Lazy constraint(s) or lazy constraint/branch callback is present.
    Disabling dual reductions (CPX_PARAM_REDUCE) in presolve.
    Disabling presolve reductions that prevent crushing forms (CPX_PARAM_PREREFORM).
         Disabling repeat represolve because of lazy constraint/incumbent callback.
Warning: Effort level 'CheckFeas' is incompatible with lazy constraint/incumbent callback.
         Effort level increased to 'SolveFixed'.
1 of 1 MIP starts provided solutions.
MIP start 'm1' defined initial solution with objective 0.0596.
Tried aggregator 1 time.
MIP Presolve eliminated 3101 rows and 0 columns.
Reduced MIP has 1474 rows, 2432 columns, and 14969 nonzeros.
Reduced MIP has 1200 binaries, 0 generals, 0 SOSs, and 0 indicators.
Presolve time = 0.02 sec. (11.83 ticks)
Probing time = 0.00 sec. (0.26 ticks)
MIP emphasis: balance optimality and feasibility.
MIP search method: traditional branch-and-cut.
Parallel mode: deterministic, using up to 4 threads.
Root relaxation solution time = 0.03 sec. (32.76 ticks)

        Nodes                                         Cuts/
   Node  Left     Objective  IInf  Best Integer    Best Bound    ItCnt     Gap         Variable B NodeID Parent  Depth

*     0+    0                            0.0596        0.0000           100.00%
      0     0        0.0503    21        0.0596        0.0503      919   15.58%
*     0+    0                            0.0561        0.0503            10.18%
*     0+    0                            0.0561        0.0503            10.18%
      0     0  -1.00000e+75     0        0.0561        0.0503      919   10.18%
      0     2        0.0503    21        0.0561        0.0503      919   10.18%                        0             0
Elapsed time = 0.33 sec. (184.54 ticks, tree = 0.02 MB, solutions = 3)
    156   108        0.0528    23        0.0561        0.0505     4042    9.91%            x390 D    165    161     11
    394   219        0.0557    43        0.0561        0.0509     9014    9.28%            x408 D    320    316     26
    761   493        cutoff              0.0561        0.0512    16580    8.60%            x899 D    651    647     64
   1173   746        0.0544    15        0.0561        0.0513    23010    8.46%           x1019 U    999    995     40
*  1498+ 1034                            0.0555        0.0518             6.64%
   1559  1022        0.0550    34        0.0555        0.0519    31761    6.64%             x24 D   1618   1614     51
   1987  1278        0.0538     9        0.0555        0.0520    36855    6.45%            x423 D   2081   2073     41
*  2047+ 1337                            0.0555        0.0520             6.44%
   2351  1585        cutoff              0.0555        0.0520    44409    6.44%            x899 D   2355   2347     42
   2882  1953        0.0535    16        0.0555        0.0520    53528    6.33%            x678 D   2979   2975     22
   3511  2584        0.0534    11        0.0555        0.0520    66984    6.28%           x1170 D   3409   3405     24
   6079  4363        0.0533    19        0.0555        0.0526   111505    5.24%            x186 D   6103   6099     19
Elapsed time = 19.97 sec. (3289.81 ticks, tree = 15.95 MB, solutions = 5)
   8512  6095        0.0539    13        0.0555        0.0528   158218    4.94%            x682 D   8771   8767     47
  11249  7940        0.0540    12        0.0555        0.0530   203247    4.51%            x477 D  11331  11327     47
  13722 10253        0.0535    32        0.0555        0.0531   259262    4.43%             x35 D  12821  12817     15
  16272 11947        cutoff              0.0555        0.0531   301072    4.35%            x462 U  17152  17148     22
  19078 14235        0.0538    17        0.0555        0.0532   343653    4.26%            x192 D  18601  18597     17
  21384 15924        0.0540    22        0.0555        0.0532   378864    4.21%            x324 D  21362  21358     31
  23541 17550        0.0552    31        0.0555        0.0532   414873    4.14%            x828 U  22741  22737     51
  25209 18592        0.0540    17        0.0555        0.0533   444590    4.10%            x395 D  24593  24589     35
  26852 19675        0.0539    18        0.0555        0.0533   501887    4.00%           x1019 D  27191  27187     21
  28577 20897        0.0540    27        0.0555        0.0533   555860    4.00%            x726 U  28640  28636     34
Elapsed time = 85.64 sec. (12831.23 ticks, tree = 31.53 MB, solutions = 5)
  30402 22320        0.0542    28        0.0555        0.0533   599231    3.98%             x84 D  30656  30652     33
  31961 23615        0.0535    20        0.0555        0.0533   639297    3.97%           x1038 U  32080    392     21
  33724 24596        0.0538    20        0.0555        0.0533   674902    3.97%           x1019 D  33409  33405     28
  35473 26333        0.0541    21        0.0555        0.0533   730647    3.96%            x381 D  35440  35436     38
  37059 27426        0.0541    17        0.0555        0.0533   763309    3.95%            x459 D  37611  37607     45
  38708 28495        0.0538    18        0.0555        0.0533   801502    3.95%            x413 D  38434  38430     23
  40306 30172        0.0540    22        0.0555        0.0533   850868    3.95%           x1019 D  40300  40296     35
  41924 31430        0.0550    20        0.0555        0.0533   890703    3.95%            x767 D  41522  41518     60
  43769 32860        0.0537    22        0.0555        0.0533   932886    3.94%            x330 D  44603  44599     24
  45375 34085        0.0539    22        0.0555        0.0533   966443    3.94%           x1050 U  46647  46643     32
Elapsed time = 134.41 sec. (22372.45 ticks, tree = 49.86 MB, solutions = 5)
  46872 35475        0.0540    29        0.0555        0.0533  1013145    3.94%              x9 D  47987  47983     34
  48450 36981        0.0553    19        0.0555        0.0533  1058570    3.94%            x598 D  49527  49523     56
  50182 38358        0.0540    16        0.0555        0.0533  1098315    3.94%             x15 D  49585  49581     39
  51846 39640        0.0540    16        0.0555        0.0533  1135837    3.94%            x642 U  51676  51672     28
  53464 41140        0.0542    17        0.0555        0.0533  1182445    3.94%             x53 U  53161  53157     30
  55308 42611        0.0535    26        0.0555        0.0533  1225740    3.93%            x995 D  54938  54934     26
  56740 43902        0.0549    23        0.0555        0.0534  1272932    3.93%            x204 D  56732  56728     39
  58368 45040        0.0540    16        0.0555        0.0534  1307759    3.92%            x636 U  58520  58516     34
  59963 46362        0.0537    20        0.0555        0.0534  1344215    3.92%           x1044 D  58758  58754     32
  61702 48138        cutoff              0.0555        0.0534  1386437    3.92%            x754 U  62731  62727     66
Elapsed time = 181.50 sec. (31916.06 ticks, tree = 67.57 MB, solutions = 5)
  63654 49629        0.0538    23        0.0555        0.0534  1420222    3.92%            x648 D  64839  64831     29
  65537 51220        0.0537    26        0.0555        0.0534  1460266    3.92%           x1019 N  66200  19533     17
  67231 52672        0.0538    20        0.0555        0.0534  1495342    3.92%            x186 D  65286  65282     30
  68877 53884        0.0535    25        0.0555        0.0534  1529102    3.91%             x78 U  67078  11735     19
  70204 54937        0.0542    14        0.0555        0.0534  1573226    3.91%             x81 D  70920  70912     35
  71591 56151        0.0540    22        0.0555        0.0534  1620020    3.91%           x1001 D  72276  72272     40
  73122 56993    infeasible              0.0555        0.0534  1649884    3.90%           x1164 U  74559   3232     21
  74517 58202        0.0540    18        0.0555        0.0534  1692356    3.90%           x1044 U  73981  73973     32
  76021 59713        0.0543    19        0.0555        0.0534  1746760    3.90%            x210 D  75397  75393     42
  77616 60858        0.0540    22        0.0555        0.0534  1785274    3.90%            x363 U  76829  76821     25
Elapsed time = 225.62 sec. (41462.82 ticks, tree = 82.44 MB, solutions = 5)
  79011 61718        0.0542    20        0.0555        0.0534  1813459    3.90%            x330 U  77566   3260     28
  80725 63177        0.0549    20        0.0555        0.0534  1856376    3.90%           x1038 D  80013  80009     27
  82284 64595        0.0535    22        0.0555        0.0534  1894583    3.89%           x1013 D  80934  80930     28
  83471 65371        0.0542    21        0.0555        0.0534  1936802    3.88%            x465 D  82314  82310     33
  84930 66406        0.0542    19        0.0555        0.0534  1979142    3.88%            x111 D  85832  85828     52
  86314 67322        0.0548    22        0.0555        0.0534  2015018    3.88%            x586 U  87191  87187     55
  87639 68415        0.0542    19        0.0555        0.0534  2057643    3.88%            x459 D  87149  87141     38
  89108 69389        0.0543    24        0.0555        0.0534  2089953    3.87%            x722 D  89951  89947     36
  90582 70437        0.0542    24        0.0555        0.0534  2125072    3.87%            x369 D  89450  89446     29
  91924 71702        0.0542    25        0.0555        0.0534  2173485    3.87%           x1007 D  91477  91473     35
Elapsed time = 262.92 sec. (51005.69 ticks, tree = 99.45 MB, solutions = 5)
  93221 72929        0.0541    21        0.0555        0.0534  2215025    3.87%            x369 D  92437  92433     35
  94763 73969    infeasible              0.0555        0.0534  2247862    3.87%           x1007 D  95692  95688     37
  96198 75452        cutoff              0.0555        0.0534  2301394    3.87%            x898 U  97055  97051     53
  97597 76348        0.0539    21        0.0555        0.0534  2334513    3.87%             x78 U  96502  96498     33
  98909 77407        0.0553    18        0.0555        0.0534  2372783    3.87%            x682 U  98045  98037     51
 100094 78353        0.0544    27        0.0555        0.0534  2417621    3.86%           x1038 D  99270  99266     31
 101303 79027        0.0542    22        0.0555        0.0534  2447147    3.86%            x387 D 102187 102183     37
 102635 80455    infeasible              0.0555        0.0534  2498680    3.85%           x1007 D 101926 101922     36
 104024 81221        0.0540    25        0.0555        0.0534  2529350    3.85%           x1026 D 104783 104779     29
 105278 82116        0.0544    20        0.0555        0.0534  2561785    3.85%            x746 D 106260 106256     55
Elapsed time = 298.44 sec. (60555.02 ticks, tree = 113.23 MB, solutions = 5)
 106629 83311        0.0542    25        0.0555        0.0534  2605979    3.85%            x375 D 105654 105650     35
 107890 84519        0.0542    30        0.0555        0.0534  2650197    3.85%             x78 U 107005 107001     35
 109125 85341        0.0542    31        0.0555        0.0534  2680604    3.84%           x1013 D 108278 108274     35
 110369 86360        0.0553    16        0.0555        0.0534  2722407    3.84%            x688 U 109686 109678     63
 111493 87295        0.0542    26        0.0555        0.0534  2759752    3.84%            x471 D 110389 110385     43
 112628 88088        0.0541    20        0.0555        0.0534  2799774    3.82%            x369 D 111445 111441     41
 113825 89007        0.0544    20        0.0555        0.0534  2839663    3.82%            x886 D 114859 114851     45
 115275 90154        0.0540    26        0.0555        0.0534  2873647    3.81%            x387 D 116291 116287     34
 116590 91428        0.0552    22        0.0555        0.0534  2914056    3.81%            x880 D 117667 117663     41
 117791 92450        0.0555    23        0.0555        0.0534  2949039    3.81%            x724 D 119059 119055     80
Elapsed time = 332.33 sec. (70098.55 ticks, tree = 129.88 MB, solutions = 5)
 119152 93154        0.0537    30        0.0555        0.0534  2979165    3.79%            x234 D 118110 118106     32
 120458 94268        0.0537    32        0.0555        0.0534  3023861    3.76%            x234 D 119217 119213     28
 121696 95083        0.0541    20        0.0555        0.0535  3060431    3.74%            x722 U 120322 120314     33
 122989 95796        0.0540    20        0.0555        0.0535  3081748    3.72%           x1038 D 121758 121754     36
 124243 97302        0.0543    27        0.0555        0.0535  3135472    3.70%             x78 U 125623 125619     27
 125488 98127        0.0548    21        0.0555        0.0535  3158786    3.70%            x874 U 127008 127004     61
 126783 99187        0.0546    24        0.0555        0.0535  3191945    3.70%            x824 D 125514 125510     65
 128125 100552        0.0539    26        0.0555        0.0535  3231152    3.70%            x306 D 129407 129403     22
 129553 101963        0.0545    25        0.0555        0.0535  3272822    3.70%            x477 D 128138 128134     49
 130802 102471        0.0540    22        0.0555        0.0535  3286751    3.70%            x306 D 132355 132351     20
Elapsed time = 372.69 sec. (79640.45 ticks, tree = 144.36 MB, solutions = 5)
 132349 103811        0.0539    22        0.0555        0.0535  3321825    3.69%           x1038 D 130489 130485     33
 133737 105366        0.0543    22        0.0555        0.0535  3364304    3.69%            x363 D 135319 135315     39
 135231 106351        0.0544    16        0.0555        0.0535  3389081    3.69%             x81 D 133886 133882     48
 136646 107837    infeasible              0.0555        0.0535  3426346    3.69%            x240 U 135386  26474     16
 137919 108914        0.0539    19        0.0555        0.0535  3466925    3.69%            x306 D 136382  28261     16
 138827 109569        0.0544    12        0.0555        0.0535  3492700    3.69%            x886 D 137410 137402     45
 140271 110535        0.0541    39        0.0555        0.0535  3523883    3.68%            x306 U 141499  27243     19
 141451 111689        0.0548    31        0.0555        0.0535  3560626    3.68%            x874 U 139717 139713     57
 142701 112350        0.0544    25        0.0555        0.0535  3584378    3.68%            x459 D 140709 140705     37
 147672 117049        0.0544    23        0.0555        0.0535  3729654    3.67%            x459 D 148771 148767     50
Elapsed time = 424.42 sec. (92045.62 ticks, tree = 163.17 MB, solutions = 5)
 152915 121187        0.0546    15        0.0555        0.0535  3852042    3.65%            x376 U 150873 150869     62
 158131 125575        0.0543    18        0.0555        0.0535  3971136    3.65%            x701 D 157018 157014     42
 163853 130788        0.0540    23        0.0555        0.0535  4097498    3.64%           x1044 U 165932 165924     33
 168517 134279        0.0545    22        0.0555        0.0535  4223236    3.64%            x874 U 167802 167798     23
 172932 138220        0.0554    18        0.0555        0.0535  4357436    3.63%            x713 D 173503 173499     55
 177474 142033        0.0544    18        0.0555        0.0535  4484690    3.63%            x812 D 175773 175769     45
 182251 145547        0.0545    22        0.0555        0.0535  4598539    3.63%             x63 D 182847 182839     42
 186400 148976        0.0555    22        0.0555        0.0535  4699576    3.62%           x1044 D 188400 188396     33
 187650 149765        0.0546    16        0.0555        0.0535  4729132    3.62%            x874 U 188203 188199     55
 189036 150606        0.0553    23        0.0555        0.0535  4761094    3.62%            x898 U 187425 187421     40
Elapsed time = 559.14 sec. (130511.86 ticks, tree = 208.59 MB, solutions = 5)
 190445 151589        cutoff              0.0555        0.0535  4797400    3.62%            x754 D 191383 191375     55
 191788 152876        0.0542    17        0.0555        0.0535  4836102    3.62%            x695 D 189882 189878     28
 193900 154371        0.0542    24        0.0555        0.0535  4887673    3.61%           x1050 U 196003 195999     36
 196792 156874        0.0540    19        0.0555        0.0535  4984882    3.61%            x312 U 195049 195041     28
 199783 159286        0.0540    17        0.0555        0.0535  5086741    3.61%            x660 U 202160 202156     26

Cover cuts applied:  92
User cuts applied:  317

Root node processing (before b&c):
  Real time             =    0.33 sec. (183.62 ticks)
Parallel b&c, 4 threads:
  Real time             =  599.72 sec. (150272.71 ticks)
  Sync time (average)   =   51.66 sec.
  Wait time (average)   =    0.00 sec.
                          ------------
Total (root+branch&cut) =  600.05 sec. (150456.33 ticks)
