Version identifier: 22.2.0.0 | 2026-05-04 | 5dff98e58
CPXPARAM_Read_DataCheck                          1
CPXPARAM_Threads                                 4
CPXPARAM_Parallel                                1
CPXPARAM_RandomSeed                              20260925
CPXPARAM_MIP_Strategy_Search                     1
CPXPARAM_Simplex_Tolerances_Optimality           1.0000000000000001e-09
CPXPARAM_Simplex_Tolerances_Feasibility          1.0000000000000001e-09
CPXPARAM_TimeLimit                               600
CPXPARAM_MIP_Tolerances_AbsMIPGap                1.0000000000000001e-09
CPXPARAM_MIP_Tolerances_Integrality              1.0000000000000001e-09
Legacy callback                                  iLUD
Lazy constraint(s) or lazy constraint/branch callback is present.
    Disabling dual reductions (CPX_PARAM_REDUCE) in presolve.
    Disabling presolve reductions that prevent crushing forms (CPX_PARAM_PREREFORM).
         Disabling repeat represolve because of lazy constraint/incumbent callback.
Warning: Effort level 'CheckFeas' is incompatible with lazy constraint/incumbent callback.
         Effort level increased to 'SolveFixed'.
1 of 1 MIP starts provided solutions.
MIP start 'm1' defined initial solution with objective -0.2042.
Tried aggregator 1 time.
MIP Presolve eliminated 3101 rows and 0 columns.
Reduced MIP has 1474 rows, 2432 columns, and 14969 nonzeros.
Reduced MIP has 1200 binaries, 0 generals, 0 SOSs, and 0 indicators.
Presolve time = 0.02 sec. (11.83 ticks)
Probing time = 0.00 sec. (0.26 ticks)
MIP emphasis: balance optimality and feasibility.
MIP search method: traditional branch-and-cut.
Parallel mode: deterministic, using up to 4 threads.
Root relaxation solution time = 0.03 sec. (38.25 ticks)

        Nodes                                         Cuts/
   Node  Left     Objective  IInf  Best Integer    Best Bound    ItCnt     Gap         Variable B NodeID Parent  Depth

*     0+    0                           -0.2042       -0.6939           239.86%
      0     0       -0.2364    47       -0.2042       -0.2364     1247   15.77%
*     0+    0                           -0.2153       -0.2364             9.79%
*     0+    0                           -0.2250       -0.2364             5.05%
*     0+    0                           -0.2306       -0.2364             2.52%
*     0+    0                           -0.2319       -0.2364             1.91%
      0     0  -1.00000e+75     0       -0.2319       -0.2364     1247    1.91%
      0     2       -0.2364    17       -0.2319       -0.2364     1247    1.91%                        0             0
Elapsed time = 1.03 sec. (236.29 ticks, tree = 0.02 MB, solutions = 5)
     86    69       -0.2337    11       -0.2319       -0.2347     3514    1.20%            x744 U     92     88     22
    224   151       -0.2341    50       -0.2319       -0.2347     9070    1.20%            x474 D    267    263     23
    386   251       -0.2347    23       -0.2319       -0.2347    15303    1.20%            x372 D    345    341     23
    543   365       -0.2347    26       -0.2319       -0.2347    23315    1.20%            x473 U    671     89     24
    744   532       -0.2326     6       -0.2319       -0.2347    31969    1.20%            x380 U    733    729     60
    929   637        cutoff             -0.2319       -0.2347    38987    1.20%            x359 U    961    953     38
   1220   901       -0.2333    12       -0.2319       -0.2347    52405    1.20%             x78 U    944    940     46
   1561  1118       -0.2326     1       -0.2319       -0.2347    61725    1.20%            x661 U   1562   1558     64
*  1562  1110      integral     0       -0.2326       -0.2347    61726    0.90%            x302 D   1566   1562     65
   2996  1856       -0.2333    10       -0.2326       -0.2347   102234    0.90%            x727 D   3351   3347     29
Elapsed time = 18.58 sec. (3113.79 ticks, tree = 12.71 MB, solutions = 6)
   4532  3006        cutoff             -0.2326       -0.2347   144240    0.90%            x390 D   4587   4583     26
   6358  4216       -0.2333     7       -0.2326       -0.2347   191142    0.90%             x88 D   6411   6399     34
   7874  5551       -0.2333    18       -0.2326       -0.2347   242170    0.90%            x198 D   8080   8076     40
   9399  6508       -0.2329    32       -0.2326       -0.2347   287633    0.90%            x684 U   9754   8868     24
  10801  7433       -0.2333    29       -0.2326       -0.2347   335739    0.90%            x306 U  11052  11048     50
  11968  8036        cutoff             -0.2326       -0.2347   379968    0.90%            x666 U  11607  11238     19
  13038  8675        cutoff             -0.2326       -0.2347   423636    0.90%            x678 U  13734   8406     32
  14257  9249       -0.2330    15       -0.2326       -0.2347   467154    0.90%            x771 D  13771  13763     63
  15792 10566       -0.2333    15       -0.2326       -0.2345   519403    0.80%             x45 D  15165  15161     50
  17649 11871       -0.2333     7       -0.2326       -0.2345   557669    0.80%            x767 D  17259  17255     28
Elapsed time = 104.17 sec. (12667.24 ticks, tree = 112.24 MB, solutions = 6)
  19599 13575       -0.2337    30       -0.2326       -0.2345   601976    0.80%            x371 D  19229  19225     31
  21513 15065       -0.2333    11       -0.2326       -0.2345   640069    0.80%            x473 D  22042  22038     61
  23011 16747       -0.2333    25       -0.2326       -0.2345   692637    0.80%            x753 U  23362  23350     52
  24405 17813       -0.2333    13       -0.2326       -0.2345   731421    0.80%             x51 D  24275  24271     43
  25898 18930       -0.2337    14       -0.2326       -0.2345   772012    0.80%            x306 D  26083  26079     40
  27489 20182       -0.2333    12       -0.2326       -0.2345   815847    0.80%            x759 D  28128  28124     72
  28872 21356        cutoff             -0.2326       -0.2345   860047    0.80%            x324 U  28290  28286     35
  30741 22789       -0.2338    37       -0.2326       -0.2344   909470    0.77%            x995 D  31484  31480     42
  32366 23927       -0.2330    24       -0.2326       -0.2344   951714    0.76%            x405 D  31965  31961     41
  34107 25202       -0.2330    32       -0.2326       -0.2344   992696    0.76%            x228 D  33461  33457     44
Elapsed time = 195.03 sec. (22212.35 ticks, tree = 257.30 MB, solutions = 6)
  35719 26559       -0.2333    29       -0.2326       -0.2344  1041170    0.76%            x186 D  35406  35402     58
  37233 27542       -0.2333    11       -0.2326       -0.2344  1073529    0.75%             x63 U  37154  37150     51
  38793 28884       -0.2333    25       -0.2326       -0.2344  1124054    0.75%            x419 D  38927  38923     43
  40259 29852       -0.2333    21       -0.2326       -0.2344  1162011    0.75%            x395 D  40656  40652     50
  41888 30995       -0.2333     9       -0.2326       -0.2344  1205046    0.75%             x63 U  41121  41113     53
  43471 32361       -0.2333    12       -0.2326       -0.2344  1249364    0.75%             x33 D  43318  43314     37
  44833 33581       -0.2331    27       -0.2326       -0.2344  1291696    0.75%            x503 D  44450  44446     59
  46467 34633        cutoff             -0.2326       -0.2344  1325214    0.75%            x779 D  47068  47064     51
  47974 35914       -0.2332    12       -0.2326       -0.2344  1371301    0.75%             x15 D  47730  47726     71
  49322 37109       -0.2327    13       -0.2326       -0.2344  1414147    0.75%             x57 U  48978  48970     71
Elapsed time = 286.75 sec. (31756.21 ticks, tree = 394.08 MB, solutions = 6)
  50854 38042       -0.2333    14       -0.2326       -0.2344  1451462    0.75%            x407 U  51047  51039     41
  52162 39109       -0.2333    15       -0.2326       -0.2344  1494549    0.75%            x395 D  51950  51946     54
  53587 40119       -0.2337    23       -0.2326       -0.2344  1536420    0.75%            x366 U  53647  53643     40
  55097 41290       -0.2328    39       -0.2326       -0.2344  1575931    0.75%            x588 D  55275  55271     37
  56572 42123       -0.2337    14       -0.2326       -0.2343  1614300    0.70%            x431 U  56479  56471     25
  58658 43094       -0.2329    19       -0.2326       -0.2342  1647897    0.68%            x210 D  59740  59732     34
  60302 44580       -0.2333    30       -0.2326       -0.2342  1697767    0.66%             x11 D  60523  60519     73
  61909 45516       -0.2333    15       -0.2326       -0.2341  1732993    0.65%            x668 D  61230  61226     66
  63240 46782       -0.2333    24       -0.2326       -0.2341  1781559    0.64%            x365 D  63359  63355     38
  64710 47983       -0.2333    33       -0.2326       -0.2341  1828627    0.64%            x407 D  63838  63834     52
Elapsed time = 380.61 sec. (41296.80 ticks, tree = 511.75 MB, solutions = 6)
  66186 49089       -0.2329    17       -0.2326       -0.2341  1871857    0.64%            x380 D  65202  65198     55
  67633 50481       -0.2333    34       -0.2326       -0.2341  1926059    0.64%            x497 D  67963  67959     54
  69178 51288       -0.2332    18       -0.2326       -0.2341  1952568    0.64%             x63 U  68953  68949     53
  70758 52406       -0.2333    10       -0.2326       -0.2341  1998844    0.64%            x413 D  69682  69678     42
  72173 53430       -0.2333    13       -0.2326       -0.2341  2042810    0.62%            x419 D  71286  71282     32
  73528 54468       -0.2330    19       -0.2326       -0.2340  2080914    0.60%            x425 U  72422  72418     38
  75014 55585       -0.2337    16       -0.2326       -0.2340  2138617    0.60%            x240 D  75047  75043     29
  76455 56463        cutoff             -0.2326       -0.2340  2178785    0.58%            x192 U  76331  76327     28
  77790 57147       -0.2331    28       -0.2326       -0.2340  2215262    0.58%            x779 D  77657  77653     47
  79269 58170       -0.2333    26       -0.2326       -0.2339  2271820    0.54%            x744 D  79207  79203     35
Elapsed time = 474.19 sec. (50841.08 ticks, tree = 618.13 MB, solutions = 6)
  80799 59189       -0.2333    22       -0.2326       -0.2339  2307551    0.54%            x753 D  79910  79906     39
  82318 60634       -0.2328    36       -0.2326       -0.2339  2358775    0.54%            x419 D  83624  83620     56
  83838 61439       -0.2336    34       -0.2326       -0.2339  2389691    0.54%            x198 D  82802  82794     39
  85198 62133       -0.2336    34       -0.2326       -0.2339  2412012    0.54%            x431 U  84062  84054     25
  86928 63489       -0.2333    32       -0.2326       -0.2339  2453844    0.54%            x810 D  85830  85826     78
  88276 64793       -0.2327    39       -0.2326       -0.2339  2500838    0.54%            x401 D  88183  88179     64
  89577 65574       -0.2329    40       -0.2326       -0.2339  2528391    0.54%             x78 U  89109  89105     45
  89800 65405       -0.2339    43       -0.2326       -0.2339  2526467    0.54%            x431 D  89603  89599     28
  90349 66383       -0.2333    26       -0.2326       -0.2339  2555178    0.54%            x600 U  90627  90623     68
  90726 66653       -0.2328    48       -0.2326       -0.2339  2563209    0.54%            x995 U  91507  91503     38
Elapsed time = 564.92 sec. (60549.31 ticks, tree = 721.98 MB, solutions = 6)
  91101 66944       -0.2333    26       -0.2326       -0.2339  2574222    0.54%            x586 U  89438  89434     68
  91300 66876       -0.2328    30       -0.2326       -0.2339  2572765    0.54%            x811 D  92403  92399     84
  91684 67367       -0.2333    29       -0.2326       -0.2339  2588002    0.54%            x119 U  93331  93327     56
  92275 67801       -0.2333    13       -0.2326       -0.2339  2604021    0.54%            x228 D  92912  92908     36
  92700 67891       -0.2332    37       -0.2326       -0.2339  2607133    0.54%            x111 D  94403  94399     84
  93156 68532        cutoff             -0.2326       -0.2339  2634315    0.54%            x425 U  93480  93476     34
  93774 68804       -0.2333    35       -0.2326       -0.2339  2645353    0.54%            x107 D  95283  95279     51
  94703 69432       -0.2328    47       -0.2326       -0.2339  2667371    0.54%            x365 D  93213  93209     64

Implied bound cuts applied:  1

Root node processing (before b&c):
  Real time             =    1.02 sec. (235.46 ticks)
Parallel b&c, 4 threads:
  Real time             =  599.08 sec. (68536.78 ticks)
  Sync time (average)   =   61.26 sec.
  Wait time (average)   =    0.00 sec.
                          ------------
Total (root+branch&cut) =  600.09 sec. (68772.24 ticks)
