Version identifier: 22.2.0.0 | 2026-05-04 | 5dff98e58
CPXPARAM_Read_DataCheck                          1
CPXPARAM_Threads                                 4
CPXPARAM_Parallel                                1
CPXPARAM_RandomSeed                              20260925
CPXPARAM_Simplex_Tolerances_Optimality           1.0000000000000001e-09
CPXPARAM_Simplex_Tolerances_Feasibility          1.0000000000000001e-09
CPXPARAM_TimeLimit                               600
CPXPARAM_MIP_Tolerances_AbsMIPGap                1.0000000000000001e-09
CPXPARAM_MIP_Tolerances_Integrality              1.0000000000000001e-09
Legacy callback                                  i
1 of 1 MIP starts provided solutions.
MIP start 'm1' defined initial solution with objective 0.0381.
Tried aggregator 1 time.
MIP Presolve eliminated 3106 rows and 2 columns.
MIP Presolve modified 3240 coefficients.
Reduced MIP has 3887 rows, 4830 columns, and 34872 nonzeros.
Reduced MIP has 1200 binaries, 0 generals, 0 SOSs, and 0 indicators.
Presolve time = 0.03 sec. (30.21 ticks)
Probing time = 0.02 sec. (0.54 ticks)
Tried aggregator 1 time.
Detecting symmetries...
MIP Presolve modified 360 coefficients.
Reduced MIP has 3887 rows, 4830 columns, and 34872 nonzeros.
Reduced MIP has 1200 binaries, 0 generals, 0 SOSs, and 0 indicators.
Presolve time = 0.02 sec. (19.20 ticks)
Probing time = 0.00 sec. (0.61 ticks)
MIP emphasis: balance optimality and feasibility.
MIP search method: dynamic search.
Parallel mode: deterministic, using up to 4 threads.
Root relaxation solution time = 0.02 sec. (14.50 ticks)

        Nodes                                         Cuts/
   Node  Left     Objective  IInf  Best Integer    Best Bound    ItCnt     Gap

*     0+    0                            0.0381        0.0000           100.00%
      0     0        0.0276     8        0.0381        0.0276      222   27.35%
*     0+    0                            0.0276        0.0276             0.00%

Cover cuts applied:  1
Mixed integer rounding cuts applied:  17

Root node processing (before b&c):
  Real time             =    0.16 sec. (152.58 ticks)
Parallel b&c, 4 threads:
  Real time             =    0.00 sec. (0.00 ticks)
  Sync time (average)   =    0.00 sec.
  Wait time (average)   =    0.00 sec.
                          ------------
Total (root+branch&cut) =    0.16 sec. (152.58 ticks)
