Version identifier: 22.2.0.0 | 2026-05-04 | 5dff98e58
CPXPARAM_Read_DataCheck                          1
CPXPARAM_Threads                                 4
CPXPARAM_Parallel                                1
CPXPARAM_RandomSeed                              20260925
CPXPARAM_Simplex_Tolerances_Optimality           1.0000000000000001e-09
CPXPARAM_Simplex_Tolerances_Feasibility          1.0000000000000001e-09
CPXPARAM_TimeLimit                               600
CPXPARAM_MIP_Tolerances_AbsMIPGap                1.0000000000000001e-09
CPXPARAM_MIP_Tolerances_Integrality              1.0000000000000001e-09
Legacy callback                                  i
Found incumbent of value 0.000000 after 0.00 sec. (0.16 ticks)
Tried aggregator 1 time.
MIP Presolve eliminated 3106 rows and 1 columns.
MIP Presolve modified 3240 coefficients.
Reduced MIP has 3887 rows, 4831 columns, and 34875 nonzeros.
Reduced MIP has 1200 binaries, 0 generals, 0 SOSs, and 0 indicators.
Presolve time = 0.05 sec. (30.21 ticks)
Probing time = 0.00 sec. (0.54 ticks)
Tried aggregator 1 time.
Detecting symmetries...
MIP Presolve modified 360 coefficients.
Reduced MIP has 3887 rows, 4831 columns, and 34875 nonzeros.
Reduced MIP has 1200 binaries, 0 generals, 0 SOSs, and 0 indicators.
Presolve time = 0.02 sec. (24.82 ticks)
Probing time = 0.00 sec. (0.61 ticks)
MIP emphasis: balance optimality and feasibility.
MIP search method: dynamic search.
Parallel mode: deterministic, using up to 4 threads.
Root relaxation solution time = 0.09 sec. (98.07 ticks)

        Nodes                                         Cuts/
   Node  Left     Objective  IInf  Best Integer    Best Bound    ItCnt     Gap

*     0+    0                            0.0000       -1.0000              --- 
      0     0       -0.1792    35        0.0000       -0.1792     2210     --- 
*     0+    0                           -0.1000       -0.1792            79.17%
*     0+    0                           -0.1500       -0.1792            19.44%
      0     0       -0.1792    36       -0.1500   MIRcuts: 22     2816   19.44%
      0     0       -0.1790    44       -0.1500   MIRcuts: 34     3881   19.32%
      0     0       -0.1782    85       -0.1500   MIRcuts: 35     5144   18.81%
      0     0       -0.1782   111       -0.1500   MIRcuts: 35     6653   18.79%
      0     0       -0.1777   119       -0.1500   MIRcuts: 27     7017   18.47%
      0     0       -0.1775   142       -0.1500   MIRcuts: 20     7460   18.36%
      0     0       -0.1773   134       -0.1500   MIRcuts: 15     7779   18.18%
      0     0       -0.1764   140       -0.1500   MIRcuts: 32     8063   17.63%
      0     0       -0.1760   140       -0.1500   MIRcuts: 14     8469   17.35%
      0     0       -0.1755   115       -0.1500   MIRcuts: 15     8887   16.97%
      0     0       -0.1750   118       -0.1500   MIRcuts: 20     9174   16.66%
      0     0       -0.1749   125       -0.1500    MIRcuts: 8     9226   16.63%
      0     2       -0.1749   116       -0.1500       -0.1749     9226   16.63%
Elapsed time = 5.48 sec. (5913.91 ticks, tree = 0.02 MB, solutions = 3)
     12    14       -0.1735   117       -0.1500       -0.1746    11665   16.38%
     39    31       -0.1722   103       -0.1500       -0.1745    18300   16.31%
     49    46       -0.1712    93       -0.1500       -0.1745    20602   16.31%
     54    49       -0.1681   100       -0.1500       -0.1745    23421   16.31%
     59    60       -0.1692   100       -0.1500       -0.1745    34406   16.31%
     65    65       -0.1696    92       -0.1500       -0.1745    37863   16.31%
     69    65       -0.1688    72       -0.1500       -0.1745    37178   16.31%
     74    73       -0.1691   121       -0.1500       -0.1745    48845   16.31%
     77    79       -0.1682    89       -0.1500       -0.1745    57062   16.31%
    134   113       -0.1620    78       -0.1500       -0.1745    80486   16.31%
Elapsed time = 8.73 sec. (9407.94 ticks, tree = 1.54 MB, solutions = 3)
    187   164       -0.1583    55       -0.1500       -0.1745    98735   16.31%
    247   238       -0.1517    42       -0.1500       -0.1745   114852   16.31%
    314   282       -0.1583    42       -0.1500       -0.1745   127521   16.31%
    370   315       -0.1625    61       -0.1500       -0.1741   135644   16.09%
    435   363       -0.1596    77       -0.1500       -0.1741   147073   16.09%
    523   456       -0.1511    26       -0.1500       -0.1741   165645   16.09%
    616   481       -0.1522    20       -0.1500       -0.1741   175708   16.09%
    728   626       -0.1508    56       -0.1500       -0.1741   197670   16.06%
    799   716       -0.1583    48       -0.1500       -0.1741   211342   16.06%
    908   735       -0.1649    78       -0.1500       -0.1741   216118   16.06%
Elapsed time = 16.77 sec. (19096.32 ticks, tree = 16.26 MB, solutions = 3)
   1020   884       -0.1691    99       -0.1500       -0.1738   238815   15.88%
   1111   977       -0.1667    93       -0.1500       -0.1736   252138   15.72%
   1226  1076       -0.1547    70       -0.1500       -0.1736   268309   15.72%

Performing restart 1

Repeating presolve.
Tried aggregator 1 time.
Reduced MIP has 3887 rows, 4831 columns, and 34875 nonzeros.
Reduced MIP has 1200 binaries, 0 generals, 0 SOSs, and 0 indicators.
Presolve time = 0.00 sec. (10.02 ticks)
Tried aggregator 1 time.
Reduced MIP has 3887 rows, 4831 columns, and 34875 nonzeros.
Reduced MIP has 1200 binaries, 0 generals, 0 SOSs, and 0 indicators.
Presolve time = 0.02 sec. (24.98 ticks)
Represolve time = 0.03 sec. (45.44 ticks)
   1243     0       -0.1743   139       -0.1500      Cuts: 31   287776   15.72%
   1243     0       -0.1736   127       -0.1500      Cuts: 13   287930   15.72%
   1243     0       -0.1721   129       -0.1500   MIRcuts: 12   288371   14.76%
   1243     0       -0.1716   151       -0.1500    MIRcuts: 8   288922   14.35%
   1243     0       -0.1716   153       -0.1500    MIRcuts: 8   288984   14.23%
   1243     0       -0.1714   139       -0.1500   MIRcuts: 10   289278   14.23%
   1243     0       -0.1712   136       -0.1500       Cuts: 4   289419   14.15%
   1243     0       -0.1712   142       -0.1500    MIRcuts: 1   289495   14.12%
   1243     0       -0.1710   129       -0.1500    MIRcuts: 3   289647   13.96%
   1243     0       -0.1710   131       -0.1500    MIRcuts: 3   289660   13.79%
   1243     0       -0.1710   152       -0.1500    MIRcuts: 2   289833   13.77%
   1243     0       -0.1710   145       -0.1500    MIRcuts: 2   289935   13.77%
   1243     0       -0.1710   143       -0.1500    MIRcuts: 4   289952   13.77%
   1243     2       -0.1710   142       -0.1500       -0.1707   289952   13.77%
   1247     6       -0.1706   138       -0.1500       -0.1707   291160   13.77%
   1256    11       -0.1705   149       -0.1500       -0.1707   291461   13.77%
   1264    21       -0.1684   139       -0.1500       -0.1707   296790   13.77%
   1274    33       -0.1681   134       -0.1500       -0.1707   315245   13.77%
   1290    44       -0.1672   146       -0.1500       -0.1707   331595   13.77%
   1317    52       -0.1660    96       -0.1500       -0.1707   336401   13.77%
Elapsed time = 35.03 sec. (40481.24 ticks, tree = 0.16 MB, solutions = 3)
   1361   102       -0.1619    79       -0.1500       -0.1707   358717   13.77%
   1380   126       -0.1603    70       -0.1500       -0.1707   367634   13.77%
   1425   167       -0.1521    25       -0.1500       -0.1707   376923   13.77%
   1456   140       -0.1619   119       -0.1500       -0.1707   372792   13.77%
   1517   207       -0.1563    47       -0.1500       -0.1707   387398   13.77%
   1593   262       -0.1539    33       -0.1500       -0.1707   400179   13.77%
   1642   312       -0.1534    69       -0.1500       -0.1707   412501   13.77%
   1665   355       -0.1640   134       -0.1500       -0.1707   426344   13.77%
   1715   410       -0.1618    99       -0.1500       -0.1707   440587   13.77%
   1769   465       -0.1660   170       -0.1500       -0.1706   458048   13.73%
Elapsed time = 43.42 sec. (50404.71 ticks, tree = 10.79 MB, solutions = 3)
   1810   481       -0.1647   168       -0.1500       -0.1705   464004   13.68%
   1859   501       -0.1613   139       -0.1500       -0.1705   470780   13.68%
   1888   567       -0.1626   142       -0.1500       -0.1705   486776   13.68%
   1926   603       -0.1542   141       -0.1500       -0.1705   495678   13.68%
   1959   629       -0.1556    95       -0.1500       -0.1705   502341   13.68%
   1998   655       -0.1658   188       -0.1500       -0.1705   513074   13.68%
   2048   725       -0.1599   170       -0.1500       -0.1705   539421   13.68%
   2073   744       -0.1631   158       -0.1500       -0.1705   543616   13.66%
   2121   764       -0.1634   153       -0.1500       -0.1705   549936   13.66%
   2141   824       -0.1531   148       -0.1500       -0.1705   565168   13.66%
Elapsed time = 52.16 sec. (60937.58 ticks, tree = 17.17 MB, solutions = 3)
   2167   840       -0.1574   149       -0.1500       -0.1705   567624   13.66%
   2199   856       -0.1512   152       -0.1500       -0.1705   577401   13.66%
   2233   912       -0.1519   100       -0.1500       -0.1705   592510   13.66%
   2266   919       -0.1659   166       -0.1500       -0.1698   595929   13.19%
   2298   960       -0.1563   130       -0.1500       -0.1687   616658   12.48%
   2339   947       -0.1619   147       -0.1500       -0.1687   615342   12.48%
   2409  1063       -0.1545    97       -0.1500       -0.1687   640814   12.48%
   2466  1089       -0.1582   141       -0.1500       -0.1687   647031   12.44%
   2498  1143       -0.1658   170       -0.1500       -0.1687   663799   12.44%
   2544  1176       -0.1523   116       -0.1500       -0.1687   669342   12.44%
Elapsed time = 60.20 sec. (70650.28 ticks, tree = 24.10 MB, solutions = 3)
   2585  1210       -0.1659   172       -0.1500       -0.1687   679647   12.44%
   2636  1199       -0.1590   169       -0.1500       -0.1686   675640   12.37%
   2677  1270       -0.1607   144       -0.1500       -0.1686   693633   12.37%
   2713  1281       -0.1538   147       -0.1500       -0.1685   698471   12.31%
   2750  1394       -0.1576    98       -0.1500       -0.1685   726387   12.31%
   2792  1395       -0.1636   153       -0.1500       -0.1684   727583   12.27%
   2846  1422       -0.1521    94       -0.1500       -0.1684   734440   12.27%
   2878  1479       -0.1567   131       -0.1500       -0.1684   749117   12.27%
   2903  1508       -0.1647   170       -0.1500       -0.1684   757117   12.27%
   2941  1544       -0.1518    94       -0.1500       -0.1684   766717   12.26%
Elapsed time = 68.36 sec. (80445.15 ticks, tree = 33.60 MB, solutions = 3)
   2983  1577       -0.1563   130       -0.1500       -0.1684   779380   12.26%
   3016  1585       -0.1542   121       -0.1500       -0.1684   782666   12.26%
   3068  1654        cutoff             -0.1500       -0.1684   805091   12.26%
   3098  1697       -0.1521    64       -0.1500       -0.1683   821834   12.19%
   3135  1714       -0.1512    38       -0.1500       -0.1683   826722   12.19%
   3179  1754       -0.1579   179       -0.1500       -0.1682   842879   12.15%
   3236  1825        cutoff             -0.1500       -0.1682   864777   12.15%
   3250  1825       -0.1649   166       -0.1500       -0.1682   866908   12.15%
   3270  1879       -0.1538   127       -0.1500       -0.1682   878985   12.15%
   3299  1911       -0.1509   117       -0.1500       -0.1682   891938   12.15%
Elapsed time = 76.77 sec. (90251.75 ticks, tree = 44.83 MB, solutions = 3)
   3320  1907       -0.1574   182       -0.1500       -0.1682   893768   12.15%
   3355  1930       -0.1620   177       -0.1500       -0.1682   903661   12.15%
   3389  1947       -0.1579   160       -0.1500       -0.1682   911178   12.11%
   3456  2024       -0.1538   126       -0.1500       -0.1682   937719   12.11%
   3507  2045       -0.1520   103       -0.1500       -0.1682   940686   12.11%
   3539  2058       -0.1625   188       -0.1500       -0.1681   946070   12.07%
   3567  2113       -0.1537   112       -0.1500       -0.1681   962942   12.07%
   3593  2128       -0.1520   108       -0.1500       -0.1681   966224   12.07%
   3618  2149       -0.1614   159       -0.1500       -0.1681   976887   12.04%
   3679  2163       -0.1576   153       -0.1500       -0.1681   979957   12.04%
Elapsed time = 85.09 sec. (100047.16 ticks, tree = 49.95 MB, solutions = 3)
   3707  2237       -0.1523    92       -0.1500       -0.1681   997780   12.04%
   3731  2244       -0.1576   172       -0.1500       -0.1681  1001895   12.04%
   3765  2306       -0.1557   153       -0.1500       -0.1681  1018321   12.04%
   3810  2338       -0.1559   142       -0.1500       -0.1681  1025386   12.04%
   3864  2388       -0.1517   118       -0.1500       -0.1681  1038670   12.04%
   3915  2448       -0.1501   118       -0.1500       -0.1681  1054635   12.04%
   3965  2450       -0.1638   146       -0.1500       -0.1681  1057555   12.04%
   4009  2487       -0.1633   182       -0.1500       -0.1681  1069214   12.04%
   4044  2543       -0.1638   167       -0.1500       -0.1679  1086678   11.96%
   4293  2719       -0.1644   192       -0.1500       -0.1679  1136993   11.94%
Elapsed time = 95.14 sec. (112781.37 ticks, tree = 55.26 MB, solutions = 3)
   4453  2955       -0.1582   179       -0.1500       -0.1679  1198282   11.92%
   4626  3013       -0.1521    54       -0.1500       -0.1679  1220020   11.92%
   4754  3198       -0.1583   165       -0.1500       -0.1678  1286226   11.88%
   4897  3282       -0.1553   122       -0.1500       -0.1678  1312074   11.85%
   5071  3397       -0.1596   156       -0.1500       -0.1678  1348265   11.85%
   5225  3593       -0.1539    97       -0.1500       -0.1678  1397597   11.85%
   5381  3719       -0.1558   116       -0.1500       -0.1677  1430315   11.79%
   5530  3836       -0.1550   115       -0.1500       -0.1676  1472072   11.75%
   5705  3971       -0.1601   180       -0.1500       -0.1676  1518824   11.73%
   5855  4180       -0.1606   164       -0.1500       -0.1676  1582943   11.72%
Elapsed time = 125.31 sec. (151330.95 ticks, tree = 90.55 MB, solutions = 3)
   6007  4291       -0.1559   169       -0.1500       -0.1674  1615492   11.61%
   6198  4491       -0.1507   122       -0.1500       -0.1673  1683586   11.56%
   6353  4582       -0.1522   150       -0.1500       -0.1673  1708078   11.54%
   6573  4766       -0.1588   163       -0.1500       -0.1672  1764006   11.46%
   6709  4977       -0.1541   137       -0.1500       -0.1672  1819125   11.46%
   6854  5094        cutoff             -0.1500       -0.1672  1869473   11.45%
   6967  5201       -0.1561   173       -0.1500       -0.1671  1910153   11.43%
   7140  5266       -0.1525   157       -0.1500       -0.1671  1931092   11.40%
   7316  5478       -0.1543    97       -0.1500       -0.1671  2015204   11.38%
   7472  5577       -0.1635   178       -0.1500       -0.1669  2043466   11.28%
Elapsed time = 156.03 sec. (189574.67 ticks, tree = 115.66 MB, solutions = 3)
   7624  5706       -0.1534    99       -0.1500       -0.1668  2093124   11.22%
   7773  5853       -0.1579   172       -0.1500       -0.1667  2142669   11.16%
   7907  5954       -0.1585   186       -0.1500       -0.1667  2181729   11.16%
   8102  6101       -0.1612   195       -0.1500       -0.1667  2224579   11.13%
   8227  6183       -0.1536   166       -0.1500       -0.1667  2253587   11.11%
   8361  6391       -0.1594   199       -0.1500       -0.1666  2324338   11.09%
   8520  6551       -0.1513   137       -0.1500       -0.1666  2392048   11.09%
   8680  6686       -0.1521    77       -0.1500       -0.1666  2443412   11.06%
   8859  6888       -0.1513   161       -0.1500       -0.1665  2518511   11.00%
   8978  6907       -0.1601   170       -0.1500       -0.1665  2528197   10.98%
Elapsed time = 187.59 sec. (227908.21 ticks, tree = 149.58 MB, solutions = 3)
   9093  7066       -0.1523    63       -0.1500       -0.1665  2579948   10.98%
   9211  7219       -0.1575   168       -0.1500       -0.1665  2630681   10.97%
   9367  7329       -0.1526   177       -0.1500       -0.1664  2672631   10.94%
   9521  7361       -0.1609   212       -0.1500       -0.1663  2685602   10.85%
   9683  7593       -0.1501    19       -0.1500       -0.1661  2761340   10.75%
   9856  7784       -0.1523   135       -0.1500       -0.1661  2825459   10.71%
   9999  7744       -0.1544   107       -0.1500       -0.1661  2819846   10.71%
  10133  7940       -0.1570   176       -0.1500       -0.1661  2885406   10.70%
  10297  8033       -0.1502    98       -0.1500       -0.1660  2920699   10.70%
  10452  8262        cutoff             -0.1500       -0.1660  3008778   10.69%
Elapsed time = 217.42 sec. (266222.01 ticks, tree = 178.81 MB, solutions = 3)
  10567  8342       -0.1564   205       -0.1500       -0.1660  3033674   10.69%
  10728  8521       -0.1506   163       -0.1500       -0.1660  3102992   10.68%
  10829  8617       -0.1536   169       -0.1500       -0.1660  3142638   10.65%
  10951  8686       -0.1608   202       -0.1500       -0.1659  3170479   10.61%
  11040  8791       -0.1559   199       -0.1500       -0.1659  3214497   10.58%
  11172  8915       -0.1539   156       -0.1500       -0.1659  3277903   10.58%
  11321  9055       -0.1596   187       -0.1500       -0.1659  3333555   10.58%
  11452  9105       -0.1578   182       -0.1500       -0.1659  3353626   10.57%
  11569  9271       -0.1542   138       -0.1500       -0.1658  3428221   10.56%
  11695  9427       -0.1543   173       -0.1500       -0.1658  3492926   10.53%
Elapsed time = 249.14 sec. (304653.68 ticks, tree = 210.15 MB, solutions = 3)
  11829  9505       -0.1521   108       -0.1500       -0.1658  3534599   10.53%
  11969  9578       -0.1537   131       -0.1500       -0.1658  3563893   10.53%
  12137  9789       -0.1544   147       -0.1500       -0.1658  3639441   10.52%
  12280  9854       -0.1531    80       -0.1500       -0.1657  3673321   10.49%
  12442 10034       -0.1540   201       -0.1500       -0.1657  3725516   10.47%
  12541 10158       -0.1548   174       -0.1500       -0.1657  3774922   10.46%
  12691 10284       -0.1510   104       -0.1500       -0.1657  3819022   10.46%
  12805 10389       -0.1561   173       -0.1500       -0.1657  3873771   10.46%
  12932 10521       -0.1606   235       -0.1500       -0.1657  3920333   10.46%
  13045 10696       -0.1556   225       -0.1500       -0.1657  4001231   10.46%
Elapsed time = 279.23 sec. (343207.32 ticks, tree = 235.66 MB, solutions = 3)
  13174 10716       -0.1501   191       -0.1500       -0.1657  4012494   10.45%
  13284 10781       -0.1553   219       -0.1500       -0.1657  4034938   10.44%
  13389 10936       -0.1597   222       -0.1500       -0.1657  4105988   10.44%
  13498 11015       -0.1552   222       -0.1500       -0.1656  4139860   10.42%
  13658 11192       -0.1507   105       -0.1500       -0.1656  4204142   10.39%
  13772 11216       -0.1571   209       -0.1500       -0.1655  4215997   10.36%
  13908 11303       -0.1586   189       -0.1500       -0.1655  4247080   10.34%
  14009 11397       -0.1516   200       -0.1500       -0.1655  4297102   10.32%
  14117 11595       -0.1544   169       -0.1500       -0.1655  4379176   10.32%
  14240 11667       -0.1553   175       -0.1500       -0.1655  4408670   10.32%
Elapsed time = 309.34 sec. (381577.34 ticks, tree = 264.02 MB, solutions = 3)
  14371 11816       -0.1524   156       -0.1500       -0.1654  4466884   10.30%
  14501 11887       -0.1529   202       -0.1500       -0.1654  4500433   10.26%
  14640 12104       -0.1573   187       -0.1500       -0.1654  4586844   10.25%
  14790 12145       -0.1501   118       -0.1500       -0.1654  4600078   10.24%
  14933 12268       -0.1536    88       -0.1500       -0.1653  4649666   10.21%
  15085 12518       -0.1568   202       -0.1500       -0.1653  4740563   10.19%
  15238 12455       -0.1504   128       -0.1500       -0.1653  4713761   10.18%
  15357 12751       -0.1532   162       -0.1500       -0.1653  4829653   10.18%
  15487 12709       -0.1579   188       -0.1500       -0.1653  4820357   10.17%
  15611 12893       -0.1567   208       -0.1500       -0.1652  4898026   10.17%
Elapsed time = 338.83 sec. (420063.20 ticks, tree = 298.00 MB, solutions = 3)
  15735 12980       -0.1542   158       -0.1500       -0.1652  4928468   10.16%
  15845 13106       -0.1578   180       -0.1500       -0.1652  4983093   10.16%
  15953 13241       -0.1563   231       -0.1500       -0.1652  5034109   10.15%
  16074 13362       -0.1524   187       -0.1500       -0.1652  5095710   10.15%
  16218 13443       -0.1567   181       -0.1500       -0.1652  5122878   10.15%
  16340 13524       -0.1528   166       -0.1500       -0.1652  5155727   10.15%
  16464 13644       -0.1558   163       -0.1500       -0.1652  5211711   10.13%
  16606 13686       -0.1508    97       -0.1500       -0.1652  5225917   10.13%
  16734 13806       -0.1568   147       -0.1500       -0.1652  5285717   10.12%
  16824 13925       -0.1528    91       -0.1500       -0.1652  5341646   10.12%
Elapsed time = 368.64 sec. (458613.87 ticks, tree = 323.18 MB, solutions = 3)
  16930 14076       -0.1509    82       -0.1500       -0.1652  5415845   10.11%
  17054 14265       -0.1552   165       -0.1500       -0.1652  5517837   10.11%
  17189 14344       -0.1525   176       -0.1500       -0.1651  5548420   10.10%
  17291 14450       -0.1509   126       -0.1500       -0.1651  5582722   10.10%
  17363 14475       -0.1564   248       -0.1500       -0.1651  5594522   10.10%
  17449 14558       -0.1525    72       -0.1500       -0.1651  5636618   10.08%
  17551 14577       -0.1508    80       -0.1500       -0.1651  5662568   10.07%
  17700 14806       -0.1601   208       -0.1500       -0.1651  5735353   10.07%
  17839 14840       -0.1515   131       -0.1500       -0.1651  5772960   10.07%
  17999 15000       -0.1594   222       -0.1500       -0.1651  5829557   10.05%
Elapsed time = 398.86 sec. (497108.99 ticks, tree = 349.76 MB, solutions = 3)
  18130 15029       -0.1541   199       -0.1500       -0.1651  5842359   10.05%
  18278 15261       -0.1607   186       -0.1500       -0.1651  5939436   10.04%
  18416 15304       -0.1527   119       -0.1500       -0.1650  5951276   10.02%
  18523 15514       -0.1512   138       -0.1500       -0.1650  6036077   10.02%
  18643 15624       -0.1562   207       -0.1500       -0.1650  6078876   10.01%
  18751 15657       -0.1507   168       -0.1500       -0.1650  6089755    9.99%
  18885 15818       -0.1558   195       -0.1500       -0.1649  6169132    9.96%
  19017 16030       -0.1544   178       -0.1500       -0.1649  6250906    9.92%
  19156 16146       -0.1527   156       -0.1500       -0.1649  6302000    9.91%
  19296 16119       -0.1534   139       -0.1500       -0.1649  6288712    9.91%
Elapsed time = 428.45 sec. (535609.00 ticks, tree = 382.63 MB, solutions = 3)
  19444 16287       -0.1510   105       -0.1500       -0.1648  6350926    9.89%
  19582 16537       -0.1516   134       -0.1500       -0.1648  6454084    9.87%
  19706 16564       -0.1571   210       -0.1500       -0.1648  6466307    9.86%
  19854 16604       -0.1500   166       -0.1500       -0.1648  6478884    9.86%
  19949 16897       -0.1560   212       -0.1500       -0.1648  6604962    9.84%
  20078 16829       -0.1567   183       -0.1500       -0.1647  6589630    9.81%
  20235 16974       -0.1600   219       -0.1500       -0.1647  6654520    9.81%
  20345 17132       -0.1526   164       -0.1500       -0.1647  6727475    9.80%
  20505 17290       -0.1573   181       -0.1500       -0.1647  6793108    9.79%
  20617 17173       -0.1546   164       -0.1500       -0.1647  6745297    9.79%
Elapsed time = 458.00 sec. (574097.94 ticks, tree = 402.01 MB, solutions = 3)
  20753 17359       -0.1508   153       -0.1500       -0.1647  6820386    9.78%
  20902 17639       -0.1547   144       -0.1500       -0.1647  6939863    9.78%
  21030 17656       -0.1531   165       -0.1500       -0.1647  6932197    9.78%
  21190 17963       -0.1575   185       -0.1500       -0.1647  7060754    9.77%
  21318 17857       -0.1590   198       -0.1500       -0.1647  7036537    9.77%
  21449 17895       -0.1527   122       -0.1500       -0.1646  7048812    9.76%
  21559 18121       -0.1531   105       -0.1500       -0.1646  7120816    9.72%
  21677 18292       -0.1548   199       -0.1500       -0.1646  7188228    9.72%
  21785 18390       -0.1576   178       -0.1500       -0.1646  7234717    9.70%
  21911 18569       -0.1538   153       -0.1500       -0.1645  7301835    9.67%
Elapsed time = 487.81 sec. (612658.90 ticks, tree = 441.15 MB, solutions = 3)
  22067 18494       -0.1545   164       -0.1500       -0.1645  7282290    9.67%
  22190 18792       -0.1538   166       -0.1500       -0.1645  7394873    9.67%
  22320 18913       -0.1510   114       -0.1500       -0.1645  7446725    9.67%
  22473 18863       -0.1514   163       -0.1500       -0.1645  7419853    9.66%
  22661 19272       -0.1569   146       -0.1500       -0.1645  7592743    9.65%
  22792 19167       -0.1506   139       -0.1500       -0.1645  7538835    9.65%
  22932 19402       -0.1612   239       -0.1500       -0.1644  7644731    9.63%
  23087 19551       -0.1590   241       -0.1500       -0.1644  7700044    9.61%
  23258 19762       -0.1583   171       -0.1500       -0.1644  7775882    9.61%
  23404 19947       -0.1511   112       -0.1500       -0.1644  7847118    9.61%
Elapsed time = 517.52 sec. (651016.42 ticks, tree = 478.04 MB, solutions = 3)
  23538 19983       -0.1535   154       -0.1500       -0.1644  7860049    9.61%
  23657 19876       -0.1527   157       -0.1500       -0.1644  7831893    9.60%
  23800 20191       -0.1521    85       -0.1500       -0.1644  7950011    9.59%
  23928 20396       -0.1539   126       -0.1500       -0.1644  8028585    9.59%
  24068 20586       -0.1501   154       -0.1500       -0.1643  8100959    9.57%
  24195 20603       -0.1549   183       -0.1500       -0.1643  8113236    9.57%
  24357 20631       -0.1505   143       -0.1500       -0.1643  8127045    9.55%
  24482 20800       -0.1513   141       -0.1500       -0.1643  8202230    9.52%
  24615 20976       -0.1523   153       -0.1500       -0.1643  8272293    9.52%
  24744 21017       -0.1537   155       -0.1500       -0.1643  8285567    9.52%
Elapsed time = 547.41 sec. (689431.18 ticks, tree = 509.31 MB, solutions = 3)
  24820 21080       -0.1578   198       -0.1500       -0.1643  8314390    9.52%
  24877 21126       -0.1505    95       -0.1500       -0.1642  8327158    9.48%
  24912 21392       -0.1599   219       -0.1500       -0.1642  8426250    9.48%
  24980 21461       -0.1560   181       -0.1500       -0.1642  8453757    9.48%
  25060 21537       -0.1575   185       -0.1500       -0.1642  8479895    9.48%
  25121 21603       -0.1533   173       -0.1500       -0.1642  8517661    9.48%
  25198 21552       -0.1549   207       -0.1500       -0.1642  8487826    9.47%
  25318 21589       -0.1583   171       -0.1500       -0.1642  8498711    9.47%
  25425 21795       -0.1545   182       -0.1500       -0.1642  8600717    9.45%
  25473 21911       -0.1544   218       -0.1500       -0.1642  8649805    9.45%
Elapsed time = 578.25 sec. (727994.12 ticks, tree = 533.35 MB, solutions = 3)
  25587 21799       -0.1532   122       -0.1500       -0.1642  8599885    9.45%
  25714 21915       -0.1523   163       -0.1500       -0.1642  8656442    9.45%
  25839 22164       -0.1572   159       -0.1500       -0.1642  8750539    9.45%
  25940 22130       -0.1550   232       -0.1500       -0.1642  8729300    9.44%
  26062 22207       -0.1590   236       -0.1500       -0.1642  8769087    9.44%
  26147 22314       -0.1598   224       -0.1500       -0.1641  8817900    9.43%
  26232 22594       -0.1567   170       -0.1500       -0.1641  8931577    9.41%

Mixed integer rounding cuts applied:  596
Lift and project cuts applied:  9
Gomory fractional cuts applied:  1

Root node processing (before b&c):
  Real time             =    5.48 sec. (5910.18 ticks)
Parallel b&c, 4 threads:
  Real time             =  594.53 sec. (750102.38 ticks)
  Sync time (average)   =   10.87 sec.
  Wait time (average)   =    0.00 sec.
                          ------------
Total (root+branch&cut) =  600.02 sec. (756012.57 ticks)
