Version identifier: 22.2.0.0 | 2026-05-04 | 5dff98e58
CPXPARAM_Read_DataCheck                          1
CPXPARAM_Threads                                 4
CPXPARAM_Parallel                                1
CPXPARAM_RandomSeed                              20260925
CPXPARAM_MIP_Strategy_Search                     1
CPXPARAM_Simplex_Tolerances_Optimality           1.0000000000000001e-09
CPXPARAM_Simplex_Tolerances_Feasibility          1.0000000000000001e-09
CPXPARAM_TimeLimit                               600
CPXPARAM_MIP_Tolerances_AbsMIPGap                1.0000000000000001e-09
CPXPARAM_MIP_Tolerances_Integrality              1.0000000000000001e-09
Legacy callback                                  iLUD
Lazy constraint(s) or lazy constraint/branch callback is present.
    Disabling dual reductions (CPX_PARAM_REDUCE) in presolve.
    Disabling presolve reductions that prevent crushing forms (CPX_PARAM_PREREFORM).
         Disabling repeat represolve because of lazy constraint/incumbent callback.
Warning: Effort level 'CheckFeas' is incompatible with lazy constraint/incumbent callback.
         Effort level increased to 'SolveFixed'.
1 of 1 MIP starts provided solutions.
MIP start 'm1' defined initial solution with objective -0.1833.
Tried aggregator 1 time.
MIP Presolve eliminated 3106 rows and 0 columns.
Reduced MIP has 1469 rows, 2432 columns, and 14799 nonzeros.
Reduced MIP has 1200 binaries, 0 generals, 0 SOSs, and 0 indicators.
Presolve time = 0.02 sec. (11.78 ticks)
Probing time = 0.00 sec. (0.25 ticks)
MIP emphasis: balance optimality and feasibility.
MIP search method: traditional branch-and-cut.
Parallel mode: deterministic, using up to 4 threads.
Root relaxation solution time = 0.03 sec. (40.30 ticks)

        Nodes                                         Cuts/
   Node  Left     Objective  IInf  Best Integer    Best Bound    ItCnt     Gap         Variable B NodeID Parent  Depth

*     0+    0                           -0.1833       -0.6573           258.55%
      0     0       -0.2347    35       -0.1833       -0.2347     1266   28.03%
      0     0       -0.2347    28       -0.1833      Fract: 2     1268   28.03%
*     0+    0                           -0.1944       -0.2347            20.71%
*     0+    0                           -0.1972       -0.2347            19.01%
*     0+    0                           -0.2000       -0.2347            17.36%
*     0+    0                           -0.2056       -0.2347            14.19%
*     0+    0                           -0.2278       -0.2347             3.05%
      0     2       -0.2347    28       -0.2278       -0.2347     1268    3.05%                        0             0
Elapsed time = 1.42 sec. (428.28 ticks, tree = 0.02 MB, solutions = 6)
     33    27       -0.2299    31       -0.2278       -0.2333     3400    2.44%             x63 D     67     63     13
     82    55       -0.2326    25       -0.2278       -0.2333     7493    2.44%           x1140 U    175     29      9
*   120+   88                           -0.2306       -0.2333             1.20%
    164    88       -0.2319     7       -0.2306       -0.2333    13274    1.20%            x174 U    303    295     20
    391   237       -0.2319    23       -0.2306       -0.2333    19346    1.20%            x396 D    595    591     44
    601   337       -0.2316    47       -0.2306       -0.2333    25047    1.20%            x816 D    562    558     53
    886   456       -0.2321    42       -0.2306       -0.2333    30095    1.20%           x1140 U    720    338     37
   1171   799       -0.2321    41       -0.2306       -0.2333    43164    1.20%            x216 D   1042   1038     41
   1449  1012       -0.2319    26       -0.2306       -0.2333    51083    1.20%            x162 D   1346   1342     39
   1806  1286       -0.2326    25       -0.2306       -0.2333    60834    1.20%            x432 D   1725   1721     15
   3110  2224       -0.2333    28       -0.2306       -0.2333    94105    1.20%            x828 D   3387   3383     25
Elapsed time = 23.95 sec. (3542.99 ticks, tree = 21.27 MB, solutions = 7)
   4287  3290       -0.2326    49       -0.2306       -0.2333   132491    1.20%            x779 D   4378   4374     41
   5623  4313       -0.2333    22       -0.2306       -0.2333   172692    1.20%            x387 U   5530   5526     23
   6968  5262       -0.2323    39       -0.2306       -0.2333   208798    1.20%            x684 D   6806   6802     50
   8351  6462       -0.2318    44       -0.2306       -0.2333   247255    1.20%            x885 U   8347   8343     42
   9779  7451       -0.2312    57       -0.2306       -0.2333   280560    1.20%            x634 U   9914   9910     49
  10958  8225       -0.2316    28       -0.2306       -0.2333   312773    1.20%            x690 U  10591  10587     87
  11833  8920       -0.2312    25       -0.2306       -0.2333   349775    1.20%            x900 D  11762  11758     92
  12789  9661       -0.2308    36       -0.2306       -0.2333   385374    1.20%            x431 U  12620  12616     46
  13931 10375       -0.2314    13       -0.2306       -0.2333   412000    1.20%            x727 U  14609  14601     41
  15059 11252       -0.2319    15       -0.2306       -0.2333   449413    1.20%            x156 D  15030  15026     39
Elapsed time = 115.20 sec. (13093.40 ticks, tree = 123.72 MB, solutions = 7)
  15881 11879       -0.2325    31       -0.2306       -0.2333   482190    1.20%            x684 N  15151  15147     34
  16659 12397       -0.2315    41       -0.2306       -0.2333   516644    1.20%            x396 D  16976  16972     16
  17772 13212       -0.2310    29       -0.2306       -0.2333   554679    1.20%            x381 U  16735  16731     62
  18980 14012       -0.2312    11       -0.2306       -0.2333   582898    1.20%           x1038 D  19386  19382     66
  20100 14989        cutoff             -0.2306       -0.2333   617619    1.20%            x414 U  19239  19231     57
  21100 15744       -0.2315    28       -0.2306       -0.2333   646919    1.20%            x875 U  21758  21750     53
  22127 16706        cutoff             -0.2306       -0.2333   686196    1.20%            x396 D  21792  21788     50
  23203 17283       -0.2321    41       -0.2306       -0.2333   707573    1.20%            x162 U  23721  23717     61
  24313 18110        cutoff             -0.2306       -0.2333   738625    1.20%           x1158 U  24601  24593     77
  25388 19072       -0.2315    26       -0.2306       -0.2333   771653    1.20%            x420 D  26206  26202     49
Elapsed time = 191.23 sec. (22635.04 ticks, tree = 222.48 MB, solutions = 7)
  26595 19930        cutoff             -0.2306       -0.2333   796209    1.20%            x900 D  26685  26681     77
  27621 20926        cutoff             -0.2306       -0.2333   829880    1.20%            x423 U  26819  26815     54
  28571 21593       -0.2313    43       -0.2306       -0.2333   853907    1.20%            x758 U  28789  28781     68
  29329 22084       -0.2318    33       -0.2306       -0.2333   876897    1.20%            x900 D  30286  30282     66
  30326 22839       -0.2324     7       -0.2306       -0.2333   911076    1.20%            x162 U  29375  29367     49
  31425 23846       -0.2313    36       -0.2306       -0.2333   941613    1.20%            x831 D  30884  30880     83
  32467 24494       -0.2326    14       -0.2306       -0.2333   961023    1.20%            x899 D  32765  32761     47
  33600 25415       -0.2310    19       -0.2306       -0.2333   988197    1.20%            x876 D  33845  33837     77
  34768 26333       -0.2323    36       -0.2306       -0.2333  1013407    1.20%            x162 D  34632  34628     76
  35710 27128       -0.2308    37       -0.2306       -0.2333  1038164    1.20%            x876 D  34879  34875    101
Elapsed time = 266.66 sec. (32177.82 ticks, tree = 337.81 MB, solutions = 7)
  36722 28026       -0.2330    32       -0.2306       -0.2333  1067009    1.20%            x387 D  35963  35959     52
  37645 28875       -0.2321    34       -0.2306       -0.2333  1092459    1.20%            x684 D  36875  36871     69
  38602 29615       -0.2331    36       -0.2306       -0.2333  1115969    1.20%            x429 D  39282  39274     51
  39528 30289       -0.2307    19       -0.2306       -0.2333  1137637    1.20%            x586 U  39869  39865     68
  40212 30766       -0.2325    24       -0.2306       -0.2333  1154000    1.20%            x431 N  40176  40168     44
  41052 31399       -0.2310     8       -0.2306       -0.2333  1179297    1.20%              x9 D  41105  41101     80
  42119 32321       -0.2330    19       -0.2306       -0.2333  1209973    1.20%            x887 U  42112  41973     45
  43028 32960       -0.2326    42       -0.2306       -0.2333  1229657    1.20%            x755 D  42399  42395     46
  43925 33802       -0.2329    36       -0.2306       -0.2333  1259868    1.20%            x408 D  44422  44418     47
  44813 34275       -0.2319    33       -0.2306       -0.2333  1274474    1.20%            x831 D  45294  45290     61
Elapsed time = 336.94 sec. (41725.81 ticks, tree = 443.84 MB, solutions = 7)
  45706 34936       -0.2320    29       -0.2306       -0.2333  1295362    1.20%            x897 U  45904  45900     57
  46651 35719       -0.2326    39       -0.2306       -0.2333  1320737    1.20%            x414 U  46920  46916     46
  47485 36530       -0.2324    17       -0.2306       -0.2333  1347879    1.20%            x174 U  47732  47728     48
  48239 37072       -0.2311    41       -0.2306       -0.2333  1369560    1.20%            x587 U  48702  48698     69
  49224 37937       -0.2311    46       -0.2306       -0.2333  1396826    1.20%            x689 D  49245  49241     49
  50108 38608       -0.2319    31       -0.2306       -0.2333  1417380    1.20%            x684 D  49079  49075     64
  50797 39120       -0.2333    28       -0.2306       -0.2333  1438991    1.20%            x744 U  51270  51262     35
  51614 39789       -0.2324     8       -0.2306       -0.2333  1466443    1.20%            x174 U  50987  50983     48
  52386 40187       -0.2310     8       -0.2306       -0.2333  1483914    1.20%            x669 D  51819  51815     73
  53414 41212       -0.2332    35       -0.2306       -0.2333  1517776    1.20%            x661 U  53209  52793     58
Elapsed time = 403.70 sec. (51273.05 ticks, tree = 549.89 MB, solutions = 7)
  54543 41966       -0.2312     7       -0.2306       -0.2333  1534220    1.20%           x1146 D  54473  54469     92
  55546 43016       -0.2316    37       -0.2306       -0.2333  1561241    1.20%            x900 D  55369  55365     67
  56250 43376       -0.2319    12       -0.2306       -0.2333  1573016    1.20%            x893 D  56350  56346     74
  56944 44145       -0.2319    31       -0.2306       -0.2333  1602709    1.20%            x108 D  56509  56505     49
  57978 44547       -0.2333    22       -0.2306       -0.2333  1615586    1.20%            x732 D  58370  58366     32
  58947 45686       -0.2317    38       -0.2306       -0.2333  1643626    1.20%            x414 U  58745  58741     56
  59718 46231        cutoff             -0.2306       -0.2333  1660792    1.20%            x174 D  59621  59613     57
  60450 46806       -0.2309    30       -0.2306       -0.2333  1682112    1.20%            x587 U  60692  60688     56
  61176 47439       -0.2319    11       -0.2306       -0.2333  1705610    1.20%            x423 U  60899  60891     46
  61996 48246       -0.2325    32       -0.2306       -0.2333  1733044    1.20%            x828 D  61623  61619     12
Elapsed time = 472.16 sec. (60818.54 ticks, tree = 655.92 MB, solutions = 7)
  62655 48763       -0.2315    10       -0.2306       -0.2333  1752930    1.20%            x528 D  62560  62556     55
  63435 49030       -0.2322     8       -0.2306       -0.2333  1767468    1.20%            x893 U  63367  63363     50
  63995 49657       -0.2309    19       -0.2306       -0.2333  1790852    1.20%            x417 D  63345  63341     38
  64646 50225       -0.2333    12       -0.2306       -0.2333  1815999    1.20%            x458 D  65498  64108     46
  65344 50685       -0.2310    37       -0.2306       -0.2333  1832615    1.20%             x81 D  66126  66122     58
  65893 51140       -0.2321    30       -0.2306       -0.2333  1851704    1.20%             x96 D  65053  65049     56
  66689 51914       -0.2315    38       -0.2306       -0.2333  1885433    1.20%            x174 U  66203  66199     54
  67334 52456       -0.2329    17       -0.2306       -0.2333  1910842    1.20%             x83 U  68102  68094     37
  68056 53076       -0.2329    14       -0.2306       -0.2333  1931406    1.20%            x683 D  67629  67625     40
  68879 53489       -0.2333     8       -0.2306       -0.2333  1948297    1.20%            x753 U  69818  69814     27
Elapsed time = 527.58 sec. (70378.05 ticks, tree = 740.19 MB, solutions = 7)
  69717 54290       -0.2329    16       -0.2306       -0.2333  1975255    1.20%             x83 D  68791  68787     34
  70553 54912       -0.2329    13       -0.2306       -0.2333  1995614    1.20%             x39 D  71466  71462     35
  71415 55747       -0.2309    40       -0.2306       -0.2333  2023597    1.20%            x161 D  70271  70267     75
  72197 56391       -0.2328    24       -0.2306       -0.2333  2044058    1.20%             x24 D  71757  71753     43
  72763 56964       -0.2328    30       -0.2306       -0.2333  2064308    1.20%             x18 D  73312  73308     59
  73147 57142       -0.2325    25       -0.2306       -0.2333  2070081    1.20%              x6 D  72319  72315     47
  73276 57278       -0.2307    40       -0.2306       -0.2333  2075492    1.20%            x896 D  72613  72609    107
  73596 57566       -0.2308    40       -0.2306       -0.2333  2085545    1.20%            x890 U  73185  73181     72
  73810 57756       -0.2322    25       -0.2306       -0.2333  2091166    1.20%            x875 U  72843  72839     56
  74121 57972       -0.2333    12       -0.2306       -0.2333  2097309    1.20%            x753 D  74484  73974     31
Elapsed time = 562.81 sec. (79933.13 ticks, tree = 813.73 MB, solutions = 7)
  74324 58129       -0.2329    18       -0.2306       -0.2333  2102912    1.20%             x83 D  74896  74892     33
  74650 58526       -0.2329    24       -0.2306       -0.2333  2116345    1.20%             x65 D  75300  75296     47
  75007 58738       -0.2326    33       -0.2306       -0.2333  2123894    1.20%             x45 U  74429  74425     49
  75266 58973       -0.2310    40       -0.2306       -0.2333  2129922    1.20%            x600 D  76264  76260     57
  75642 59248       -0.2329    30       -0.2306       -0.2333  2140360    1.20%            x586 U  76570  76566     34
  75932 59545       -0.2329    22       -0.2306       -0.2333  2148065    1.20%            x120 D  74131  74127     41
  76300 59734       -0.2313    20       -0.2306       -0.2333  2155132    1.20%            x754 U  77200  77192     58
  76707 60124       -0.2324    38       -0.2306       -0.2333  2167082    1.20%            x228 D  77628  77624     56
  77066 60339       -0.2315    22       -0.2306       -0.2333  2173515    1.20%            x186 D  77065  77061     57
  78960 61787       -0.2315    46       -0.2306       -0.2333  2218670    1.20%            x174 U  79201  79197     58
Elapsed time = 600.17 sec. (92897.84 ticks, tree = 876.96 MB, solutions = 7)

Gomory fractional cuts applied:  2
User cuts applied:  566

Root node processing (before b&c):
  Real time             =    1.41 sec. (427.39 ticks)
Parallel b&c, 4 threads:
  Real time             =  598.77 sec. (92471.29 ticks)
  Sync time (average)   =   58.52 sec.
  Wait time (average)   =    0.00 sec.
                          ------------
Total (root+branch&cut) =  600.17 sec. (92898.67 ticks)
