Version identifier: 22.2.0.0 | 2026-05-04 | 5dff98e58
CPXPARAM_Read_DataCheck                          1
CPXPARAM_Threads                                 4
CPXPARAM_Parallel                                1
CPXPARAM_RandomSeed                              20260925
CPXPARAM_MIP_Strategy_Search                     1
CPXPARAM_Simplex_Tolerances_Optimality           1.0000000000000001e-09
CPXPARAM_Simplex_Tolerances_Feasibility          1.0000000000000001e-09
CPXPARAM_TimeLimit                               600
CPXPARAM_MIP_Tolerances_AbsMIPGap                1.0000000000000001e-09
CPXPARAM_MIP_Tolerances_Integrality              1.0000000000000001e-09
Legacy callback                                  iLUD
Lazy constraint(s) or lazy constraint/branch callback is present.
    Disabling dual reductions (CPX_PARAM_REDUCE) in presolve.
    Disabling presolve reductions that prevent crushing forms (CPX_PARAM_PREREFORM).
         Disabling repeat represolve because of lazy constraint/incumbent callback.
Warning: Effort level 'CheckFeas' is incompatible with lazy constraint/incumbent callback.
         Effort level increased to 'SolveFixed'.
1 of 1 MIP starts provided solutions.
MIP start 'm1' defined initial solution with objective 0.0596.
Tried aggregator 1 time.
MIP Presolve eliminated 3106 rows and 0 columns.
Reduced MIP has 1467 rows, 2432 columns, and 13729 nonzeros.
Reduced MIP has 1200 binaries, 0 generals, 0 SOSs, and 0 indicators.
Presolve time = 0.02 sec. (11.34 ticks)
Probing time = 0.00 sec. (0.24 ticks)
MIP emphasis: balance optimality and feasibility.
MIP search method: traditional branch-and-cut.
Parallel mode: deterministic, using up to 4 threads.
Root relaxation solution time = 0.03 sec. (28.77 ticks)

        Nodes                                         Cuts/
   Node  Left     Objective  IInf  Best Integer    Best Bound    ItCnt     Gap         Variable B NodeID Parent  Depth

*     0+    0                            0.0596        0.0000           100.00%
      0     0        0.0522    10        0.0596        0.0522      856   12.42%
      0     0        0.0522    10        0.0596     Covers: 1      862   12.42%
      0     0        0.0522    12        0.0596     Covers: 1      865   12.42%
*     0+    0                            0.0567        0.0522             7.88%
      0     0  -1.00000e+75     0        0.0567        0.0522      865    7.88%
      0     2        0.0522    12        0.0567        0.0522      865    7.88%                        0             0
Elapsed time = 0.34 sec. (159.80 ticks, tree = 0.02 MB, solutions = 2)
*     8+    2                            0.0567        0.0522             7.87%
*    99+   46                            0.0553        0.0522             5.58%
    177    77        0.0552    19        0.0553        0.0522     4730    5.58%            x744 D    171    167     13
*   294+  124                            0.0553        0.0533             3.62%
    577   253        0.0547    21        0.0553        0.0537    12961    2.91%           x1001 D    637    633     15
*   627+  269                            0.0553        0.0537             2.88%
*   639+  276                            0.0553        0.0537             2.88%
*   639+  290                            0.0553        0.0537             2.88%
   1158   497        0.0552    14        0.0553        0.0547    22908    0.94%           x1013 D   1190   1186     19
   1884   627        0.0549     8        0.0553        0.0548    31904    0.88%           x1007 D   1982   1978     16
*  1906   635      integral     0        0.0553        0.0548    32309    0.85%            x636 U   1883   1879     23
*  2178+  500                            0.0553        0.0551             0.33%
*  2209+  494                            0.0553        0.0551             0.33%
   2773   589        0.0552    25        0.0553        0.0552    39645    0.13%            x330 D   2715   2711     16
   3634   612        0.0552    16        0.0553        0.0552    46359    0.12%            x498 D   3500   3496     19

Cover cuts applied:  8

Root node processing (before b&c):
  Real time             =    0.34 sec. (159.12 ticks)
Parallel b&c, 4 threads:
  Real time             =    5.98 sec. (1642.16 ticks)
  Sync time (average)   =    0.60 sec.
  Wait time (average)   =    0.00 sec.
                          ------------
Total (root+branch&cut) =    6.33 sec. (1801.28 ticks)
